0 ostr=0.00 | k1_loud=1 input_trim=1.000 gdft_trim=0.876 agc_gain=0.268 agc_env=0.000 clip_pct=0.000 near_pct=0.000 peak_pin=0.087 spec_pin=0.000 spec_sat=0.000
[AP] SSL=602 DC=-4727 max_raw=691 follower=602 peak_scaled=0.174 response_gain=1.000 silent_scale=1.000 silence=0 cal_source=config cal_valid=1 cal_reason=none | bpm=128.0 conf=0.71 lock=1 phase=0.17 beat=0 bstr=0.14 | onset=0 bass=1 ostr=0.03 | k1_loud=1 input_trim=1.000 gdft_trim=0.922 agc_gain=0.255 agc_env=0.000 clip_pct=0.000 near_pct=0.000 peak_pin=0.014 spec_pin=0.000 spec_sat=0.000
[AP] SSL=602 DC=-4727 max_raw=595 follower=1021 peak_scaled=0.108 response_gain=1.000 silent_scale=1.000 silence=0 cal_source=config cal_valid=1 cal_reason=none | bpm=128.0 conf=0.68 lock=0 phase=0.18 beat=0 bstr=0.13 | onset=1 bass=0 ostr=0.00 | k1_loud=1 input_trim=1.000 gdft_trim=0.950 agc_gain=0.545 agc_env=0.000 clip_pct=0.000 near_pct=0.000 peak_pin=0.048 spec_pin=0.000 spec_sat=0.000
[AP] SSL=602 DC=-4727 max_raw=711 follower=602 peak_scaled=0.196 response_gain=1.000 silent_scale=1.000 silence=0 cal_source=config cal_valid=1 cal_reason=none | bpm=128.0 conf=0.53 lock=0 phase=0.34 beat=0 bstr=0.09 | onset=0 bass=1 ostr=0.23 | k1_loud=1 input_trim=1.000 gdft_trim=0.969 agc_gain=0.963 agc_env=0.000 clip_pct=0.000 near_pct=0.000 peak_pin=0.008 spec_pin=0.000 spec_sat=0.000
[AP] SSL=602 DC=-4727 max_raw=2071 follower=3648 peak_scaled=0.390 response_gain=1.000 silent_scale=1.000 silence=0 cal_source=config cal_valid=1 cal_reason=none | bpm=128.0 conf=0.60 lock=0 phase=0.50 beat=0 bstr=0.08 | onset=1 bass=0 ostr=0.00 | k1_loud=1 input_trim=1.000 gdft_trim=0.914 agc_gain=0.306 agc_env=0.000 clip_pct=0.000 near_pct=0.000 peak_pin=0.186 spec_pin=0.000 spec_sat=0.000
[AP] SSL=602 DC=-4727 max_raw=1848 follower=2649 peak_scaled=0.586 response_gain=1.000 silent_scale=1.000 silence=0 cal_source=config cal_valid=1 cal_reason=none | bpm=128.0 conf=0.47 lock=1 phase=0.42 beat=0 bstr=0.31 | onset=0 bass=1 ostr=0.07 | k1_loud=1 input_trim=1.000 gdft_trim=0.874 agc_gain=0.159 agc_env=0.000 clip_pct=0.000 near_pct=0.000 peak_pin=0.133 spec_pin=0.000 spec_sat=0.000
[AP] SSL=602 DC=-4727 max_raw=466 follower=1915 peak_scaled=0.202 response_gain=1.000 silent_scale=1.000 silence=0 cal_source=config cal_valid=1 cal_reason=none | bpm=128.0 conf=0.40 lock=0 phase=0.57 beat=0 bstr=0.22 | onset=0 bass=0 ostr=0.00 | k1_loud=1 input_trim=1.000 gdft_trim=0.878 agc_gain=0.323 agc_env=0.000 clip_pct=0.000 near_pct=0.000 peak_pin=0.132 spec_pin=0.000 spec_sat=0.000
FFT512_BENCH_REPORT:
  nfft=512
  stm_bins=42
  hop_count=0
  burst_count=0
  live_hop=on
  us_last=0
  us_min=0
  us_p50=0
  us_p95=0
  us_max=0
[AP] SSL=602 DC=-4727 max_raw=3672 follower=4059 peak_scaled=0.991 response_gain=1.000 silent_scale=1.000 silence=0 cal_source=config cal_valid=1 cal_reason=none | bpm=66.0 conf=0.59 lock=1 phase=0.84 beat=0 bstr=0.48 | onset=0 bass=0 ostr=0.00 | k1_loud=1 input_trim=1.000 gdft_trim=0.772 agc_gain=0.196 agc_env=0.000 clip_pct=0.000 near_pct=0.000 peak_pin=0.343 spec_pin=0.000 spec_sat=0.000
FFT512_BENCH_REPORT:
  nfft=512
  stm_bins=42
  hop_count=0
  burst_count=0
  live_hop=on
  us_last=0
  us_min=0
  us_p50=0
  us_p95=0
  us_max=0
[AP] SSL=602 DC=-4727 max_raw=476 follower=2362 peak_scaled=0.001 response_gain=1.000 silent_scale=1.000 silence=0 cal_source=config cal_valid=1 cal_reason=none | bpm=69.0 conf=0.58 lock=1 phase=0.08 beat=0 bstr=0.04 | onset=0 bass=0 ostr=0.00 | k1_loud=1 input_trim=1.000 gdft_trim=0.806 agc_gain=0.229 agc_env=0.000 clip_pct=0.000 near_pct=0.000 peak_pin=0.060 spec_pin=0.000 spec_sat=0.000
[AP] SSL=602 DC=-4727 max_raw=1181 follower=1493 peak_scaled=0.490 response_gain=1.000 silent_scale=1.000 silence=0 cal_source=config cal_valid=1 cal_reason=none | bpm=103.0 conf=0.49 lock=0 phase=0.33 beat=0 bstr=0.03 | onset=0 bass=0 ostr=0.00 | k1_loud=1 input_trim=1.000 gdft_trim=0.877 agc_gain=0.158 agc_env=0.000 clip_pct=0.000 near_pct=0.000 peak_pin=0.026 spec_pin=0.000 spec_sat=0.000
[AP] SSL=602 DC=-4727 max_raw=893 follower=1149 peak_scaled=0.471 response_gain=1.000 silent_scale=1.000 silence=0 cal_source=config cal_valid=1 cal_reason=none | bpm=103.0 conf=0.60 lock=1 phase=0.17 beat=0 bstr=0.02 | onset=1 bass=0 ostr=0.00 | k1_loud=1 input_trim=1.000 gdft_trim=0.898 agc_gain=0.148 agc_env=0.000 clip_pct=0.000 near_pct=0.000 peak_pin=0.129 spec_pin=0.000 spec_sat=0.000
[AP] SSL=602 DC=-4727 max_raw=879 follower=1100 peak_scaled=0.324 response_gain=1.000 silent_scale=1.000 silence=0 cal_source=config cal_valid=1 cal_reason=none | bpm=103.0 conf=0.56 lock=1 phase=0.02 beat=0 bstr=0.07 | onset=0 bass=0 ostr=0.00 | k1_loud=1 input_trim=1.000 gdft_trim=0.868 agc_gain=0.130 agc_env=0.000 clip_pct=0.000 near_pct=0.000 peak_pin=0.132 spec_pin=0.000 spec_sat=0.000
[AP] SSL=602 DC=-4727 max_raw=908 follower=1129 peak_scaled=0.401 response_gain=1.000 silent_scale=1.000 silence=0 cal_source=config cal_valid=1 cal_reason=none | bpm=124.0 conf=0.64 lock=1 phase=0.83 beat=0 bstr=0.12 | onset=1 bass=0 ostr=0.00 | k1_loud=1 input_trim=1.000 gdft_trim=0.875 agc_gain=0.098 agc_env=0.000 clip_pct=0.000 near_pct=0.000 peak_pin=0.106 spec_pin=0.000 spec_sat=0.000
[AP] SSL=602 DC=-4727 max_raw=696 follower=1121 peak_scaled=0.165 response_gain=1.000 silent_scale=1.000 silence=0 cal_source=config cal_valid=1 cal_reason=none | bpm=124.0 conf=0.93 lock=1 phase=0.82 beat=0 bstr=0.21 | onset=0 bass=0 ostr=0.00 | k1_loud=1 input_trim=1.000 gdft_trim=0.867 agc_gain=0.130 agc_env=0.000 clip_pct=0.000 near_pct=0.000 peak_pin=0.138 spec_pin=0.000 spec_sat=0.000
[AP] SSL=602 DC=-4727 max_raw=980 follower=1018 peak_scaled=0.529 response_gain=1.000 silent_scale=1.000 silence=0 cal_source=config cal_valid=1 cal_reason=none | bpm=124.0 conf=0.93 lock=0 phase=0.78 beat=0 bstr=0.54 | onset=1 bass=0 ostr=0.00 | k1_loud=1 input_trim=1.000 gdft_trim=0.878 agc_gain=0.133 agc_env=0.000 clip_pct=0.000 near_pct=0.000 peak_pin=0.092 spec_pin=0.000 spec_sat=0.000
[AP] SSL=602 DC=-4727 max_raw=622 follower=931 peak_scaled=0.188 response_gain=1.000 silent_scale=1.000 silence=0 cal_source=config cal_valid=1 cal_reason=none | bpm=124.0 conf=0.70 lock=0 phase=0.87 beat=0 bstr=0.51 | onset=0 bass=1 ostr=0.07 | k1_loud=1 input_trim=1.000 gdft_trim=0.905 agc_gain=0.130 agc_env=0.000 clip_pct=0.000 near_pct=0.000 peak_pin=0.063 spec_pin=0.000 spec_sat=0.000
[AP] SSL=602 DC=-4727 max_raw=953 follower=981 peak_scaled=0.574 response_gain=1.000 silent_scale=1.000 silence=0 cal_source=config cal_valid=1 cal_reason=none | bpm=124.0 conf=0.49 lock=0 phase=0.97 beat=0 bstr=0.44 | onset=1 bass=0 ostr=0.00 | k1_loud=1 input_trim=1.000 gdft_trim=0.878 agc_gain=0.143 agc_env=0.000 clip_pct=0.000 near_pct=0.000 peak_pin=0.100 spec_pin=0.000 spec_sat=0.000
[AP] SSL=602 DC=-4727 max_raw=1426 follower=1067 peak_scaled=1.038 response_gain=1.000 silent_scale=1.000 silence=0 cal_source=config cal_valid=1 cal_reason=none | bpm=124.0 conf=0.53 lock=0 phase=0.01 beat=0 bstr=0.57 | onset=0 bass=1 ostr=0.19 | k1_loud=1 input_trim=1.000 gdft_trim=0.882 agc_gain=0.145 agc_env=0.000 clip_pct=0.000 near_pct=0.000 peak_pin=0.135 spec_pin=0.000 spec_sat=0.000
FFT512_BENCH_REPORT:
  nfft=512
  stm_bins=42
  hop_count=0
  burst_count=0
  live_hop=on
  us_last=0
  us_min=0
  us_p50=0
  us_p95=0
  us_max=0
[AP] SSL=602 DC=-4727 max_raw=1068 follower=1011 peak_scaled=0.636 response_gain=1.000 silent_scale=1.000 silence=0 cal_source=config cal_valid=1 cal_reason=none | bpm=124.0 conf=0.89 lock=0 phase=0.10 beat=0 bstr=0.68 | onset=0 bass=1 ostr=0.05 | k1_loud=1 input_trim=1.000 gdft_trim=0.864 agc_gain=0.172 agc_env=0.000 clip_pct=0.000 near_pct=0.000 peak_pin=0.091 spec_pin=0.000 spec_sat=0.000
