.000 clip_pct=0.000 near_pct=0.000 peak_pin=0.000 spec_pin=0.000 spec_sat=0.000 mode=2
[AP] SSL=468 DC=3 max_raw=233 follower=468 peak_scaled=0.076 response_gain=1.000 silent_scale=1.000 silence=0 cal_source=persisted_profile cal_valid=1 cal_reason=none | bpm=99.0 conf=0.22 lock=0 phase=0.56 beat=0 bstr=0.39 | onset=0 bass=0 ostr=0.00 | raw_i16_abs_peak=6 raw_i16_rms=3.0 raw_i16_near_pct=0.000 | k1_loud=1 input_trim=1.000 gdft_trim=1.000 agc_gain=0.252 agc_env=0.000 clip_pct=0.000 near_pct=0.000 peak_pin=0.000 spec_pin=0.000 spec_sat=0.000 mode=2
[AP] SSL=468 DC=3 max_raw=189 follower=468 peak_scaled=0.019 response_gain=1.000 silent_scale=1.000 silence=0 cal_source=persisted_profile cal_valid=1 cal_reason=none | bpm=99.0 conf=0.22 lock=0 phase=0.23 beat=0 bstr=0.63 | onset=1 bass=0 ostr=0.00 | raw_i16_abs_peak=5 raw_i16_rms=2.7 raw_i16_near_pct=0.000 | k1_loud=1 input_trim=1.000 gdft_trim=1.000 agc_gain=0.409 agc_env=0.000 clip_pct=0.000 near_pct=0.000 peak_pin=0.000 spec_pin=0.000 spec_sat=0.000 mode=2
BOOT_LOOP_GUARD: stable_clear=1
[AP] SSL=468 DC=3 max_raw=150 follower=468 peak_scaled=0.001 response_gain=1.000 silent_scale=1.000 silence=0 cal_source=persisted_profile cal_valid=1 cal_reason=none | bpm=99.0 conf=0.21 lock=0 phase=0.90 beat=0 bstr=0.71 | onset=0 bass=1 ostr=0.02 | raw_i16_abs_peak=4 raw_i16_rms=2.0 raw_i16_near_pct=0.000 | k1_loud=1 input_trim=1.000 gdft_trim=1.000 agc_gain=0.367 agc_env=0.000 clip_pct=0.000 near_pct=0.000 peak_pin=0.000 spec_pin=0.000 spec_sat=0.000 mode=2
[AP] SSL=468 DC=3 max_raw=387 follower=468 peak_scaled=0.000 response_gain=1.000 silent_scale=1.000 silence=0 cal_source=persisted_profile cal_valid=1 cal_reason=none | bpm=99.0 conf=0.24 lock=0 phase=0.54 beat=0 bstr=0.65 | onset=1 bass=0 ostr=0.00 | raw_i16_abs_peak=10 raw_i16_rms=4.8 raw_i16_near_pct=0.000 | k1_loud=1 input_trim=1.000 gdft_trim=1.000 agc_gain=0.591 agc_env=0.000 clip_pct=0.000 near_pct=0.000 peak_pin=0.000 spec_pin=0.000 spec_sat=0.000 mode=2
[AP] SSL=468 DC=3 max_raw=79 follower=468 peak_scaled=0.082 response_gain=1.000 silent_scale=1.000 silence=0 cal_source=persisted_profile cal_valid=1 cal_reason=none | bpm=99.0 conf=0.34 lock=0 phase=0.21 beat=0 bstr=0.44 | onset=1 bass=0 ostr=0.00 | raw_i16_abs_peak=2 raw_i16_rms=1.0 raw_i16_near_pct=0.000 | k1_loud=1 input_trim=1.000 gdft_trim=1.000 agc_gain=0.482 agc_env=0.000 clip_pct=0.000 near_pct=0.000 peak_pin=0.000 spec_pin=0.000 spec_sat=0.000 mode=2
[AP] SSL=468 DC=3 max_raw=502 follower=468 peak_scaled=0.047 response_gain=1.000 silent_scale=1.000 silence=0 cal_source=persisted_profile cal_valid=1 cal_reason=none | bpm=99.0 conf=0.30 lock=0 phase=0.75 beat=0 bstr=0.54 | onset=0 bass=0 ostr=0.00 | raw_i16_abs_peak=13 raw_i16_rms=8.7 raw_i16_near_pct=0.000 | k1_loud=1 input_trim=1.000 gdft_trim=1.000 agc_gain=0.700 agc_env=0.000 clip_pct=0.000 near_pct=0.000 peak_pin=0.000 spec_pin=0.000 spec_sat=0.000 mode=2
[AP] SSL=468 DC=3 max_raw=342 follower=468 peak_scaled=0.017 response_gain=1.000 silent_scale=1.000 silence=0 cal_source=persisted_profile cal_valid=1 cal_reason=none | bpm=99.0 conf=0.24 lock=0 phase=0.38 beat=0 bstr=0.31 | onset=0 bass=0 ostr=0.00 | raw_i16_abs_peak=9 raw_i16_rms=6.4 raw_i16_near_pct=0.000 | k1_loud=1 input_trim=1.000 gdft_trim=1.000 agc_gain=0.487 agc_env=0.000 clip_pct=0.000 near_pct=0.000 peak_pin=0.000 spec_pin=0.000 spec_sat=0.000 mode=2
[AP] SSL=468 DC=3 max_raw=425 follower=468 peak_scaled=0.043 response_gain=1.000 silent_scale=1.000 silence=0 cal_source=persisted_profile cal_valid=1 cal_reason=none | bpm=99.0 conf=0.20 lock=0 phase=0.05 beat=0 bstr=0.16 | onset=0 bass=0 ostr=0.00 | raw_i16_abs_peak=11 raw_i16_rms=7.6 raw_i16_near_pct=0.000 | k1_loud=1 input_trim=1.000 gdft_trim=1.000 agc_gain=0.459 agc_env=0.000 clip_pct=0.000 near_pct=0.000 peak_pin=0.000 spec_pin=0.000 spec_sat=0.000 mode=2
K1OK
sbr{{
BUILD: version=40103 git=52a21db epoch=1784041431 env=k1_bench_im73d
}}
sbr{{
B489A500
}}
sbr{{
FIRMWARE_VERSION: 40103
CHIP ID: B489A500
noise_button.pressed: 0
noise_button.last_down: 0
noise_button.last_up: 0
noise_button.pin: 255
mode_button.pressed: 0
mode_button.last_down: 0
mode_button.last_up: 0
mode_button.pin: 255
CONFIG.PHOTONS: 1.000000
CONFIG.CHROMA: 0.000000
CONFIG.MOOD: 0.150000
CONFIG.LIGHTSHOW_MODE: 32
CONFIG.MIRROR_ENABLED: 1
CONFIG.CHROMAGRAM_RANGE: 60
CONFIG.SAMPLE_RATE: 12800
CONFIG.NOTE_OFFSET: 12
CONFIG.SQUARE_ITER: 1.00
CONFIG.LED_TYPE: 0
CONFIG.LED_COUNT: 160
CONFIG.LED_COLOR_ORDER: 66
CONFIG.SAMPLES_PER_CHUNK: 96
CONFIG.SENSITIVITY: 2.400000
AUDIO_RESPONSE_GAIN: 1.000000
CONFIG.BOOT_ANIMATION: 1
CONFIG.SWEET_SPOT_MIN_LEVEL: 468
CONFIG.SWEET_SPOT_MAX_LEVEL: 30000
CONFIG.DC_OFFSET: 3
CAL_SOURCE: persisted_profile
CAL_VALID: 1
CAL_PROFILE_LOADED: 1
NOISE_CAL_REASON: none
NOISE_CAL_DC_SAMPLES: 0
NOISE_CAL_SSL_P50: 0.0
NOISE_CAL_SSL_P90: 0.0
CONFIG.STANDBY_DIMMING: 0
CONFIG.REVERSE_ORDER: 0
CONFIG.MAX_CURRENT_MA: 1500
CONFIG.TEMPORAL_DITHERING: 1
CONFIG.AUTO_COLOR_SHIFT: 1
CONFIG.INCANDESCENT_FILTER: 0.00
CONFIG.INCANDESCENT_MODE: 0
CONFIG.BULB_OPACITY: 0.00
CONFIG.SATURATION: 1.00
CONFIG.PRISM_COUNT: 1.00
CONFIG.BASE_COAT: 0
CONFIG.BASE_COAT_INTENSITY: 0.050
MASTER_BRIGHTNESS: 1.00
stream_audio: 0
stream_fps: 0
stream_max_mags: 0
stream_max_mags_followers: 0
stream_magnitudes: 0
stream_spectrogram: 0
stream_chromagram: 0
debug_mode: 0
noise_complete: 1
noise_iterations: 0
next_save_time: 0
settings_updated: 0
I2S_PORT: 0
SAMPLE_HISTORY_LENGTH: 4096
silence: 0
mode_destination: -1
SYSTEM_FPS: 135.49
LED_FPS: 202.87
}}
