sbr{{
APCAD_SOAK: armed 75000 ms compact=1
}}
APCAD_SOAK_DONE,ver=1,active=0,rows=10001,emitted=3333,start_ms=9182,end_ms=84182,sample_rate=12800,samples_per_chunk=96,tempo_decim=3,meas_ap_hz=133.337,meas_nov_hz=44.444,i2s_not_ok=0,bytes_mismatch=0,frame_gap=0,timestamp_regression=0,core_bad=0,active_over_7500=3333,emitted_active_over_7500=3333,active_p95_us=9216,active_max_us=9794,worst_count=16
APCAD_SOAK_WORST,ver=1,rank=0,frame=10083,t=76783,active_us=9671,total_us=9711,i2s_us=40,gdft_us=3166,novelty_us=41,tempo_acf_us=3054,tempo_update_us=655,tempo_emit_us=3989,emitted=1,acf_spread=0,acf_lag_cursor=0,acf_pub=0,win_bpm=108.00000,top1_bpm=112.00000
APCAD_SOAK_WORST,ver=1,rank=1,frame=4569,t=35428,active_us=9646,total_us=9685,i2s_us=39,gdft_us=3203,novelty_us=39,tempo_acf_us=3074,tempo_update_us=643,tempo_emit_us=3994,emitted=1,acf_spread=0,acf_lag_cursor=0,acf_pub=0,win_bpm=92.00000,top1_bpm=92.00000
APCAD_SOAK_WORST,ver=1,rank=2,frame=6486,t=49805,active_us=9669,total_us=12358,i2s_us=2689,gdft_us=3142,novelty_us=43,tempo_acf_us=3269,tempo_update_us=580,tempo_emit_us=4136,emitted=1,acf_spread=0,acf_lag_cursor=0,acf_pub=0,win_bpm=85.00000,top1_bpm=85.00000
APCAD_SOAK_WORST,ver=1,rank=3,frame=10350,t=78785,active_us=9675,total_us=11806,i2s_us=2131,gdft_us=3138,novelty_us=59,tempo_acf_us=3107,tempo_update_us=619,tempo_emit_us=4008,emitted=1,acf_spread=0,acf_lag_cursor=0,acf_pub=0,win_bpm=108.00000,top1_bpm=110.00000
APCAD_SOAK_WORST,ver=1,rank=4,frame=7617,t=58288,active_us=9703,total_us=9745,i2s_us=42,gdft_us=3212,novelty_us=46,tempo_acf_us=3089,tempo_update_us=617,tempo_emit_us=3988,emitted=1,acf_spread=0,acf_lag_cursor=0,acf_pub=0,win_bpm=82.00000,top1_bpm=94.00000
APCAD_SOAK_WORST,ver=1,rank=5,frame=1665,t=13648,active_us=9763,total_us=9795,i2s_us=32,gdft_us=3179,novelty_us=55,tempo_acf_us=3098,tempo_update_us=601,tempo_emit_us=3998,emitted=1,acf_spread=0,acf_lag_cursor=0,acf_pub=0,win_bpm=73.00000,top1_bpm=73.00000
APCAD_SOAK_WORST,ver=1,rank=6,frame=1227,t=10363,active_us=9794,total_us=9826,i2s_us=32,gdft_us=3188,novelty_us=42,tempo_acf_us=3241,tempo_update_us=675,tempo_emit_us=4157,emitted=1,acf_spread=0,acf_lag_cursor=0,acf_pub=0,win_bpm=114.00000,top1_bpm=114.00000
APCAD_SOAK_WORST,ver=1,rank=7,frame=10401,t=79168,active_us=9758,total_us=9789,i2s_us=31,gdft_us=3206,novelty_us=56,tempo_acf_us=3070,tempo_update_us=655,tempo_emit_us=4005,emitted=1,acf_spread=0,acf_lag_cursor=0,acf_pub=0,win_bpm=108.00000,top1_bpm=110.00000
APCAD_SOAK_WORST,ver=1,rank=8,frame=2832,t=22399,active_us=9644,total_us=12474,i2s_us=2830,gdft_us=3191,novelty_us=49,tempo_acf_us=3095,tempo_update_us=605,tempo_emit_us=3978,emitted=1,acf_spread=0,acf_lag_cursor=0,acf_pub=0,win_bpm=72.00000,top1_bpm=69.00000
APCAD_SOAK_WORST,ver=1,rank=9,frame=8187,t=62563,active_us=9680,total_us=9710,i2s_us=30,gdft_us=3174,novelty_us=38,tempo_acf_us=3038,tempo_update_us=651,tempo_emit_us=3979,emitted=1,acf_spread=0,acf_lag_cursor=0,acf_pub=0,win_bpm=69.00000,top1_bpm=69.00000
APCAD_SOAK_WORST,ver=1,rank=10,frame=10251,t=78043,active_us=9640,total_us=9691,i2s_us=51,gdft_us=3163,novelty_us=48,tempo_acf_us=3060,tempo_update_us=636,tempo_emit_us=4014,emitted=1,acf_spread=0,acf_lag_cursor=0,acf_pub=0,win_bpm=108.00000,top1_bpm=110.00000
APCAD_SOAK_WORST,ver=1,rank=11,frame=9243,t=70483,active_us=9628,total_us=9659,i2s_us=31,gdft_us=3252,novelty_us=61,tempo_acf_us=3111,tempo_update_us=689,tempo_emit_us=4023,emitted=1,acf_spread=0,acf_lag_cursor=0,acf_pub=0,win_bpm=73.00000,top1_bpm=73.00000
APCAD_SOAK_WORST,ver=1,rank=12,frame=4869,t=37678,active_us=9692,total_us=9731,i2s_us=39,gdft_us=3249,novelty_us=32,tempo_acf_us=3091,tempo_update_us=592,tempo_emit_us=3983,emitted=1,acf_spread=0,acf_lag_cursor=0,acf_pub=0,win_bpm=92.00000,top1_bpm=91.00000
APCAD_SOAK_WORST,ver=1,rank=13,frame=5295,t=40873,active_us=9629,total_us=9668,i2s_us=39,gdft_us=3190,novelty_us=54,tempo_acf_us=3053,tempo_update_us=660,tempo_emit_us=3977,emitted=1,acf_spread=0,acf_lag_cursor=0,acf_pub=0,win_bpm=90.00000,top1_bpm=91.00000
APCAD_SOAK_WORST,ver=1,rank=14,frame=11019,t=83803,active_us=9764,total_us=9815,i2s_us=51,gdft_us=3187,novelty_us=38,tempo_acf_us=3251,tempo_update_us=613,tempo_emit_us=4138,emitted=1,acf_spread=0,acf_lag_cursor=0,acf_pub=0,win_bpm=121.00000,top1_bpm=121.00000
APCAD_SOAK_WORST,ver=1,rank=15,frame=8679,t=66253,active_us=9684,total_us=9731,i2s_us=47,gdft_us=3155,novelty_us=44,tempo_acf_us=3185,tempo_update_us=612,tempo_emit_us=4027,emitted=1,acf_spread=0,acf_lag_cursor=0,acf_pub=0,win_bpm=73.00000,top1_bpm=73.00000
