# paired_capture_schema=k1-stage-attribution-pair/v1
# pair_id=pair-972dbc15341a32ccfa52
# serial_session_id=serial-fd0887a675abde0c1a9d
# fixture_session_id=fixture-7b97f633d350d29a7b01
# paired_phase=compact
# capture_start=2026-08-16T18:20:11+0800
# port=/dev/cu.usbmodem12401 baud=115200 duration_ms=15000
# track=/Users/spectrasynq/Music/Music/Media.localized/Music/Ahmed Spins_Stevo Atambire/Anchor Point EP/Anchor Point.mp3
# track_sha256=02925982cf3900d1925fa0338db8e26432c265f7ca18ee93a06818dd4079a938
# player=ffplay start_ms=0 playback_gain_db=0.0
# non_actions=no calibration,no tempo tuning,no production DSP change
# observed_output_device=Bose Mini II SoundLink
# pre_roll_seconds=10.0
# serial_identity={"description": "USB JTAG/serial debug unit", "device": "/dev/cu.usbmodem12401", "hwid": "USB VID:PID=303A:1001 SER=B4:3A:45:A5:89:B4 LOCATION=0-1.2.4", "location": "0-1.2.4", "manufacturer": "Espressif", "pid": 4097, "product": "USB JTAG/serial debug unit", "serial_number": "B4:3A:45:A5:89:B4", "vid": 12346}
BOOT_LOOP_GUARD: stable_clear=1
# action_ts_monotonic_ms=2454114118 action=stop phase=paired_setup pair_id=pair-972dbc15341a32ccfa52 serial_session_id=serial-fd0887a675abde0c1a9d
K1OK
# action_ts_monotonic_ms=2454114553 action=version phase=paired_setup pair_id=pair-972dbc15341a32ccfa52 serial_session_id=serial-fd0887a675abde0c1a9d
sbr{{
VERSION: 40103
}}
# action_ts_monotonic_ms=2454115571 action=build phase=paired_setup pair_id=pair-972dbc15341a32ccfa52 serial_session_id=serial-fd0887a675abde0c1a9d
sbr{{
BUILD: version=40103 git=be8dd1aa epoch=1786859838 env=k1_bench_scheduling_stage_min_probe
}}
# action_ts_monotonic_ms=2454116596 action=image_id phase=paired_setup pair_id=pair-972dbc15341a32ccfa52 serial_session_id=serial-fd0887a675abde0c1a9d
sbr{{
IMAGE_ID: app_elf_sha256=e225b3d2ceeb66c1cd5630db34f00779c7c0d04157193ea605db9dc3bd479566
}}
# action_ts_monotonic_ms=2454117608 action=runtime_id phase=paired_setup pair_id=pair-972dbc15341a32ccfa52 serial_session_id=serial-fd0887a675abde0c1a9d
sbr{{
RUNTIME_ID: boot_nonce=abab50f9a52f08c1 uptime_ms=17664 reset_reason=11
}}
# action_ts_monotonic_ms=2454118642 action=apcad_abort=1 phase=paired_setup pair_id=pair-972dbc15341a32ccfa52 serial_session_id=serial-fd0887a675abde0c1a9d
sbr{{
APCAD_ABORT: stopped
}}
# action_ts_monotonic_ms=2454118967 action=apcad_clear=1 phase=paired_setup pair_id=pair-972dbc15341a32ccfa52 serial_session_id=serial-fd0887a675abde0c1a9d
sbr{{
APCAD_CAPTURE: active=off count=0 capacity=2304 dropped=0 start_ms=0 end_ms=0 alloc=none
}}
# action_ts_monotonic_ms=2454119408 action=vp_perf=stop phase=paired_setup pair_id=pair-972dbc15341a32ccfa52 serial_session_id=serial-fd0887a675abde0c1a9d
sbr{{
VP_PERF: stopped
VP_PERF_SEQ: 0
VP_PERF_FRAME: avg=0 max=0 over=0 dropped=0
VP_PERF_INTERVAL: avg=0 max=0
VP_PERF_STACK_HWM_WORDS: ap=0 vp=0
VP_PERF_HEAP: 129640
}}
# action_ts_monotonic_ms=2454119847 action=apdbg=off phase=paired_setup pair_id=pair-972dbc15341a32ccfa52 serial_session_id=serial-fd0887a675abde0c1a9d
sbr{{
AP_FRONTEND_DEBUG: off
}}
# action_ts_monotonic_ms=2454120169 action=tempo_stream=off phase=paired_setup pair_id=pair-972dbc15341a32ccfa52 serial_session_id=serial-fd0887a675abde0c1a9d
sbr{{
TEMPO_STREAM: off
}}
# action_ts_monotonic_ms=2454120492 action=ap_stream=off phase=paired_setup pair_id=pair-972dbc15341a32ccfa52 serial_session_id=serial-fd0887a675abde0c1a9d
sbr{{
AP_STREAM: off
}}
# action_ts_monotonic_ms=2454120816 action=smart_assist=off phase=paired_setup pair_id=pair-972dbc15341a32ccfa52 serial_session_id=serial-fd0887a675abde0c1a9d
sbr{{
SMART_ASSIST: off
SMART_SWITCHING: off
SMART_DIRECTOR_AUTONOMY: off
SMART_HOOKS: off
SMART_CONFIDENCE_FLOOR: 0.080
SMART_APPLIED_MODE: 3
SMART_LAST_REQUESTED_MODE: 3
SMART_SWITCHES_IN_WINDOW: 0
SMART_MANUAL_OWNER_ACTIVE: 0
SMART_LAST_REASON: 0
SMART_STATE: 0
SMART_INTENT_MODE: 3
SMART_INTENT_CONFIDENCE: 0.000
SMART_INTENT_WANTS_SWITCH: 0
SMART_SCALAR_PHOTONS: 1.000
SMART_SCALAR_CHROMA: 1.000
SMART_SCALAR_MOOD: 1.000
SMART_SCALAR_SATURATION: 1.000
SMART_PALETTE_OVERLAY: 0
SMART_PALETTE_INDEX: 0
SMART_AUTO_COLOUR_SHIFT: 0
SMART_MIN_DWELL_MS: 8000
SMART_COOLDOWN_MS: 20000
SMART_SWITCH_WINDOW_MS: 60000
SMART_MAX_SWITCHES: 2
SMART_AUDIO_NOVELTY: 0.0191
SMART_AUDIO_ENERGY: 0.1326
SMART_EVENT_ID: 62
SMART_EVENT_AGE_MS: 52
SMART_ONSET: 0
SMART_BASS_ONSET: 1
SMART_BEAT_CONFIDENCE: 0.000
SMART_TRANSIENT: 0
SMART_KICK: 0
SMART_SNARE: 0
SMART_HIHAT: 0
SMART_TRANSIENT_LEVEL: 0.044
SMART_KICK_LEVEL: 0.008
SMART_SNARE_LEVEL: 0.000
SMART_HIHAT_LEVEL: 0.015
SMART_SNARE_EVENT_ID: 24
SMART_HIHAT_EVENT_ID: 42
}}
# action_ts_monotonic_ms=2454121244 action=queue_mode=off phase=paired_setup pair_id=pair-972dbc15341a32ccfa52 serial_session_id=serial-fd0887a675abde0c1a9d
sbr{{
QUEUE_MODE: off
}}
# action_ts_monotonic_ms=2454121671 action=edge_status phase=paired_setup pair_id=pair-972dbc15341a32ccfa52 serial_session_id=serial-fd0887a675abde0c1a9d
sbr{{
EDGE_ENABLED: on
EDGE_MODE: split
EDGE_STRENGTH: 0.450
EDGE_SPREAD: 38
EDGE_ROTATION: faithful
EDGE_SPATIAL: uniform
EDGE_DUAL: split
}}
# action_ts_monotonic_ms=2454122516 action=secondary_status phase=paired_setup pair_id=pair-972dbc15341a32ccfa52 serial_session_id=serial-fd0887a675abde0c1a9d
sbr{{
SECONDARY_ENABLED: true
SECONDARY_CONTROL: false (encoders control primary channel)
SECONDARY_MODE: 7 (WAVEFORM-FAST)
SECONDARY_PHOTONS: 1.000000
SECONDARY_CHROMA: 0.000000
SECONDARY_MOOD: 0.100000
SECONDARY_SATURATION: 1.000000
SECONDARY_PRISM_COUNT: 1.00
SECONDARY_MIRROR_ENABLED: true
SECONDARY_REVERSE_ORDER: false
SECONDARY_BASE_COAT: false
SECONDARY_PALETTE_MODE_ENABLED: true
SECONDARY_PALETTE_INDEX: 40 (K1_Naberius_Gold_gp)
NOTE: This command is deprecated, please use secondary_status instead
}}
# action_ts_monotonic_ms=2454123322 action=dump phase=paired_setup pair_id=pair-972dbc15341a32ccfa52 serial_session_id=serial-fd0887a675abde0c1a9d
sbr{{
FIRMWARE_VERSION: 40103
CHIP ID: B489A500
noise_button.pressed: 0
noise_button.last_down: 0
noise_button.last_up: 0
noise_button.pin: 255
mode_button.pressed: 0
mode_button.last_down: 0
mode_button.last_up: 0
mode_button.pin: 255
CONFIG.PHOTONS: 1.000000
CONFIG.CHROMA: 0.100000
CONFIG.MOOD: 0.000000
CONFIG.LIGHTSHOW_MODE: 32
CONFIG.MIRROR_ENABLED: 1
CONFIG.CHROMAGRAM_RANGE: 60
CONFIG.SAMPLE_RATE: 12800
CONFIG.NOTE_OFFSET: 12
CONFIG.SQUARE_ITER: 1.00
CONFIG.LED_TYPE: 0
CONFIG.LED_COUNT: 160
CONFIG.LED_COLOR_ORDER: 66
CONFIG.SAMPLES_PER_CHUNK: 96
CONFIG.SENSITIVITY: 2.400000
AUDIO_RESPONSE_GAIN: 1.000000
CONFIG.BOOT_ANIMATION: 1
CONFIG.SWEET_SPOT_MIN_LEVEL: 259
CONFIG.SWEET_SPOT_MAX_LEVEL: 30000
CONFIG.DC_OFFSET: -53
CAL_SOURCE: persisted_profile
CAL_VALID: 1
CAL_PROFILE_LOADED: 1
NOISE_CAL_REASON: none
NOISE_CAL_DC_SAMPLES: 0
NOISE_CAL_SSL_P50: 0.0
NOISE_CAL_SSL_P90: 0.0
CONFIG.STANDBY_DIMMING: 0
CONFIG.REVERSE_ORDER: 0
CONFIG.MAX_CURRENT_MA: 1913
CONFIG.TEMPORAL_DITHERING: 1
CONFIG.AUTO_COLOR_SHIFT: 1
CONFIG.INCANDESCENT_FILTER: 0.50
CONFIG.INCANDESCENT_MODE: 0
CONFIG.BULB_OPACITY: 0.00
CONFIG.SATURATION: 1.00
CONFIG.PRISM_COUNT: 1.00
CONFIG.BASE_COAT: 0
CONFIG.BASE_COAT_INTENSITY: 0.050
MASTER_BRIGHTNESS: 1.00
stream_audio: 0
stream_fps: 0
stream_max_mags: 0
stream_max_mags_followers: 0
stream_magnitudes: 0
stream_spectrogram: 0
stream_chromagram: 0
debug_mode: 0
noise_complete: 1
noise_iterations: 0
next_save_time: 0
settings_updated: 0
I2S_PORT: 0
SAMPLE_HISTORY_LENGTH: 4096
silence: 0
mode_destination: -1
SYSTEM_FPS: 93.46
LED_FPS: 202.34
}}
# action_ts_monotonic_ms=2454125527 action=vp_perf=stop phase=paired_setup pair_id=pair-972dbc15341a32ccfa52 serial_session_id=serial-fd0887a675abde0c1a9d
sbr{{
VP_PERF: stopped
VP_PERF_SEQ: 0
VP_PERF_FRAME: avg=0 max=0 over=0 dropped=0
VP_PERF_INTERVAL: avg=0 max=0
VP_PERF_STACK_HWM_WORDS: ap=0 vp=0
VP_PERF_HEAP: 129640
}}
# playback_cmd=ffplay -nodisp -autoexit -loglevel error -ss 0.000 -loop 0 -i /Users/spectrasynq/Music/Music/Media.localized/Music/Ahmed Spins_Stevo Atambire/Anchor Point EP/Anchor Point.mp3
# action_ts_monotonic_ms=2454125960 action=playback_start phase=paired_setup pair_id=pair-972dbc15341a32ccfa52 serial_session_id=serial-fd0887a675abde0c1a9d
# phase_ts_monotonic_ms=2454135975 phase=paired_compact event=begin pair_id=pair-972dbc15341a32ccfa52 serial_session_id=serial-fd0887a675abde0c1a9d
# host_capture_window_start_monotonic_ms=2454135975
# action_ts_monotonic_ms=2454135975 action=apcad_soak=120000 phase=paired_compact pair_id=pair-972dbc15341a32ccfa52 serial_session_id=serial-fd0887a675abde0c1a9d
sbr{{
APCAD_SOAK: armed 120000 ms compact=1
APCAD_SOAK_BEGIN,schema_ver=2,stage_detail=0,duration_ms=120000,compact=1
}}
# host_capture_window_end_monotonic_ms=2454256539
# action_ts_monotonic_ms=2454256539 action=apcad_soak_status=1 phase=paired_compact pair_id=pair-972dbc15341a32ccfa52 serial_session_id=serial-fd0887a675abde0c1a9d
APCAD_SOAK_DONE,schema_ver=2,stage_detail=0,active=0,rows=10973,emitted=3658,start_ms=36021,end_ms=156021,requested_duration_ms=120000,first_frame_ms=36032,last_frame_ms=156014,observed_duration_ms=119982,sample_rate=12800,samples_per_chunk=96,tempo_decim=3,hist_bucket_us=32,hist_bucket_count=512,meas_ap_hz=91.447,meas_nov_hz=30.483,i2s_not_ok=0,bytes_mismatch=0,frame_gap=0,timestamp_regression=0,core_bad=0,active_over_7500=10973,emitted_active_over_7500=3658,active_p95_us=11680,active_ap_work_p50_low_us=9696,active_ap_work_p50_high_us=9728,active_ap_work_p95_low_us=11648,active_ap_work_p95_high_us=11680,active_ap_work_p99_low_us=11936,active_ap_work_p99_high_us=11968,active_ap_work_hist_saturation=0,active_ap_work_max_us=12412,newest_sample_to_ap_publish_p50_low_us=9344,newest_sample_to_ap_publish_p50_high_us=9376,newest_sample_to_ap_publish_p95_low_us=11360,newest_sample_to_ap_publish_p95_high_us=11392,newest_sample_to_ap_publish_p99_low_us=11648,newest_sample_to_ap_publish_p99_high_us=11680,newest_sample_to_ap_publish_hist_saturation=0,newest_sample_to_ap_publish_max_us=12116,ap_read_return_interval_p50_low_us=10944,ap_read_return_interval_p50_high_us=10976,ap_read_return_interval_p95_low_us=12896,ap_read_return_interval_p95_high_us=12928,ap_read_return_interval_p99_low_us=12992,ap_read_return_interval_p99_high_us=13024,ap_read_return_interval_hist_saturation=0,ap_read_return_interval_max_us=13058,active_max_us=12412,active_sum_us=110794786,active_mean_us=10097.037,max_consecutive_active_over_7500=10973,worst_count=16
# apcad_soak_status_done=True
APCAD_SOAK_WORST,schema_ver=2,stage_detail=0,rank=0,frame=12642,t=137715,active_us=12165,total_us=12207,i2s_us=42,gdft_us=7561,novelty_us=19,tempo_acf_us=1124,tempo_update_us=1088,tempo_emit_us=2512,emitted=1,acf_spread=1,acf_lag_cursor=32,acf_pub=324,win_bpm=90.00000,top1_bpm=90.00000
APCAD_SOAK_WORST,schema_ver=2,stage_detail=0,rank=1,frame=4068,t=43898,active_us=12136,total_us=12186,i2s_us=50,gdft_us=7209,novelty_us=33,tempo_acf_us=1010,tempo_update_us=1102,tempo_emit_us=2412,emitted=1,acf_spread=1,acf_lag_cursor=64,acf_pub=104,win_bpm=88.00000,top1_bpm=88.00000
APCAD_SOAK_WORST,schema_ver=2,stage_detail=0,rank=2,frame=13734,t=149642,active_us=12159,total_us=12193,i2s_us=34,gdft_us=7529,novelty_us=20,tempo_acf_us=1126,tempo_update_us=1055,tempo_emit_us=2484,emitted=1,acf_spread=1,acf_lag_cursor=32,acf_pub=352,win_bpm=90.00000,top1_bpm=90.00000
APCAD_SOAK_WORST,schema_ver=2,stage_detail=0,rank=3,frame=8934,t=97110,active_us=12328,total_us=12362,i2s_us=34,gdft_us=7540,novelty_us=20,tempo_acf_us=1258,tempo_update_us=1070,tempo_emit_us=2625,emitted=1,acf_spread=1,acf_lag_cursor=16,acf_pub=229,win_bpm=89.00000,top1_bpm=89.00000
APCAD_SOAK_WORST,schema_ver=2,stage_detail=0,rank=4,frame=8154,t=88611,active_us=12137,total_us=12180,i2s_us=43,gdft_us=7212,novelty_us=32,tempo_acf_us=1150,tempo_update_us=992,tempo_emit_us=2424,emitted=1,acf_spread=1,acf_lag_cursor=16,acf_pub=209,win_bpm=90.00000,top1_bpm=90.00000
APCAD_SOAK_WORST,schema_ver=2,stage_detail=0,rank=5,frame=9597,t=104306,active_us=12364,total_us=12414,i2s_us=50,gdft_us=7338,novelty_us=22,tempo_acf_us=1242,tempo_update_us=1059,tempo_emit_us=2610,emitted=1,acf_spread=1,acf_lag_cursor=16,acf_pub=246,win_bpm=89.00000,top1_bpm=89.00000
APCAD_SOAK_WORST,schema_ver=2,stage_detail=0,rank=6,frame=12138,t=132168,active_us=12118,total_us=12153,i2s_us=35,gdft_us=7540,novelty_us=20,tempo_acf_us=1088,tempo_update_us=1078,tempo_emit_us=2462,emitted=1,acf_spread=1,acf_lag_cursor=48,acf_pub=311,win_bpm=90.00000,top1_bpm=90.00000
APCAD_SOAK_WORST,schema_ver=2,stage_detail=0,rank=7,frame=8526,t=92662,active_us=12152,total_us=12209,i2s_us=57,gdft_us=7352,novelty_us=31,tempo_acf_us=860,tempo_update_us=1078,tempo_emit_us=2288,emitted=1,acf_spread=1,acf_lag_cursor=128,acf_pub=218,win_bpm=90.00000,top1_bpm=90.00000
APCAD_SOAK_WORST,schema_ver=2,stage_detail=0,rank=8,frame=8358,t=90847,active_us=12218,total_us=12256,i2s_us=38,gdft_us=7360,novelty_us=20,tempo_acf_us=1028,tempo_update_us=1092,tempo_emit_us=2422,emitted=1,acf_spread=1,acf_lag_cursor=64,acf_pub=214,win_bpm=90.00000,top1_bpm=90.00000
APCAD_SOAK_WORST,schema_ver=2,stage_detail=0,rank=9,frame=13227,t=144121,active_us=12195,total_us=12242,i2s_us=47,gdft_us=7558,novelty_us=19,tempo_acf_us=1170,tempo_update_us=890,tempo_emit_us=2359,emitted=1,acf_spread=1,acf_lag_cursor=32,acf_pub=339,win_bpm=90.00000,top1_bpm=90.00000
APCAD_SOAK_WORST,schema_ver=2,stage_detail=0,rank=10,frame=7998,t=86893,active_us=12412,total_us=12446,i2s_us=34,gdft_us=7378,novelty_us=21,tempo_acf_us=1274,tempo_update_us=1008,tempo_emit_us=2570,emitted=1,acf_spread=1,acf_lag_cursor=16,acf_pub=205,win_bpm=90.00000,top1_bpm=90.00000
APCAD_SOAK_WORST,schema_ver=2,stage_detail=0,rank=11,frame=6831,t=74067,active_us=12129,total_us=12163,i2s_us=34,gdft_us=7531,novelty_us=19,tempo_acf_us=1123,tempo_update_us=1093,tempo_emit_us=2509,emitted=1,acf_spread=1,acf_lag_cursor=32,acf_pub=175,win_bpm=89.00000,top1_bpm=112.00000
APCAD_SOAK_WORST,schema_ver=2,stage_detail=0,rank=12,frame=7068,t=76651,active_us=12274,total_us=12308,i2s_us=34,gdft_us=7343,novelty_us=20,tempo_acf_us=1099,tempo_update_us=1066,tempo_emit_us=2465,emitted=1,acf_spread=1,acf_lag_cursor=48,acf_pub=181,win_bpm=90.00000,top1_bpm=90.00000
APCAD_SOAK_WORST,schema_ver=2,stage_detail=0,rank=13,frame=4920,t=53195,active_us=12182,total_us=12216,i2s_us=34,gdft_us=7347,novelty_us=24,tempo_acf_us=1123,tempo_update_us=1077,tempo_emit_us=2505,emitted=1,acf_spread=1,acf_lag_cursor=32,acf_pub=126,win_bpm=89.00000,top1_bpm=89.00000
APCAD_SOAK_WORST,schema_ver=2,stage_detail=0,rank=14,frame=10650,t=115835,active_us=12235,total_us=12276,i2s_us=41,gdft_us=7558,novelty_us=24,tempo_acf_us=1230,tempo_update_us=1074,tempo_emit_us=2585,emitted=1,acf_spread=1,acf_lag_cursor=16,acf_pub=273,win_bpm=90.00000,top1_bpm=90.00000
APCAD_SOAK_WORST,schema_ver=2,stage_detail=0,rank=15,frame=8436,t=91686,active_us=12220,total_us=12255,i2s_us=35,gdft_us=7572,novelty_us=20,tempo_acf_us=1082,tempo_update_us=919,tempo_emit_us=2272,emitted=1,acf_spread=1,acf_lag_cursor=64,acf_pub=216,win_bpm=90.00000,top1_bpm=90.00000
# apcad_worst_row_drain=complete
# phase_ts_monotonic_ms=2454256563 phase=paired_compact event=end pair_id=pair-972dbc15341a32ccfa52 serial_session_id=serial-fd0887a675abde0c1a9d
# phase_ts_monotonic_ms=2454256563 phase=paired_stack_hwm event=begin pair_id=pair-972dbc15341a32ccfa52 serial_session_id=serial-fd0887a675abde0c1a9d
# action_ts_monotonic_ms=2454256563 action=vp_perf=start phase=paired_stack_hwm pair_id=pair-972dbc15341a32ccfa52 serial_session_id=serial-fd0887a675abde0c1a9d
sbr{{
VP_PERF: start budget_us=8333 render_budget_us=2000
}}
VPF,ver=1,seq=1,mode=32,smode=7,sec=1,acq_us=483/483,vu_us=50/50,gdft_us=7432/7432,smooth_us=73/75,pri_render_us=570/590,sec_render_us=674/675,pri_prep_us=213/214,sec_prep_us=114/119,quant_pri_us=65/65,quant_sec_us=60/61,show_us=2305/2305,interval_us=5001/5001,frame_us=4657/4949,over=0,dropped=0,heap=129640,ap_stack_hwm_words=4780,vp_stack_hwm_words=5096
VPF,ver=1,seq=2,mode=32,smode=7,sec=1,acq_us=665/921,vu_us=49/82,gdft_us=7015/7643,smooth_us=74/95,pri_render_us=565/669,sec_render_us=686/847,pri_prep_us=226/272,sec_prep_us=117/147,quant_pri_us=69/89,quant_sec_us=62/78,show_us=2073/2827,interval_us=4960/5501,frame_us=3938/4949,over=0,dropped=0,heap=129640,ap_stack_hwm_words=4780,vp_stack_hwm_words=5096
# action_ts_monotonic_ms=2454257804 action=vp_perf=stop phase=paired_stack_hwm pair_id=pair-972dbc15341a32ccfa52 serial_session_id=serial-fd0887a675abde0c1a9d
sbr{{
VP_PERF: stopped
VP_PERF_SEQ: 2
VP_PERF_FRAME: avg=3943 max=4949 over=0 dropped=0
VP_PERF_INTERVAL: avg=4959 max=5501
VP_PERF_STACK_HWM_WORDS: ap=4780 vp=5096
VP_PERF_HEAP: 129640
}}
# phase_ts_monotonic_ms=2454258656 phase=paired_stack_hwm event=end pair_id=pair-972dbc15341a32ccfa52 serial_session_id=serial-fd0887a675abde0c1a9d
