# capture_start=2026-06-15T17:39:20+0800
# port=/dev/cu.usbmodem12401 baud=115200 duration_ms=120000
# track=/Users/spectrasynq/SensoryBridge-main 9/build/k1-real-music-rendered/20260615T-bench-corrected-targeted-subset-k1-real-music-corpus/ziggyx-summer-rave-155bpm/ziggyx-summer-rave-155bpm.steady-drums-120s.steady_phase.all_musical.k1-real-music.48k-mono-s16.wav
# track_sha256=30924e12d5423e2d22522052f191513ff2b2590564164f799b6009b2de8c12a7
# player=ffplay start_ms=0 playback_gain_db=0.0
# non_actions=no calibration,no tempo tuning,no production DSP change
# serial_identity={"description": "USB JTAG/serial debug unit", "device": "/dev/cu.usbmodem12401", "hwid": "USB VID:PID=303A:1001 SER=B4:3A:45:A5:89:B4 LOCATION=0-1.2.4", "location": "0-1.2.4", "manufacturer": "Espressif", "pid": 4097, "product": "USB JTAG/serial debug unit", "serial_number": "B4:3A:45:A5:89:B4", "vid": 12346}
SBOK
sbr{{
VERSION: 40103
}}
sbr{{
APCAD_ABORT: stopped
}}
sbr{{
APCAD_CAPTURE: active=off count=0 capacity=2304 dropped=0 start_ms=0 end_ms=0 alloc=none
}}
sbr{{
AP_FRONTEND_DEBUG: off
}}
sbr{{
TEMPO_STREAM: off
}}
sbr{{
AP_STREAM: off
}}
sbr{{
APCAD_SOAK: armed 120000 ms compact=1
}}
# playback_cmd=ffplay -nodisp -autoexit -loglevel error -ss 0.000 -t 120.000 -stream_loop -1 -i /Users/spectrasynq/SensoryBridge-main 9/build/k1-real-music-rendered/20260615T-bench-corrected-targeted-subset-k1-real-music-corpus/ziggyx-summer-rave-155bpm/ziggyx-summer-rave-155bpm.steady-drums-120s.steady_phase.all_musical.k1-real-music.48k-mono-s16.wav
APCAD_SOAK_DONE,ver=1,active=0,rows=16001,emitted=5334,start_ms=104675,end_ms=224675,sample_rate=16000,samples_per_chunk=120,tempo_decim=3,meas_ap_hz=133.334,meas_nov_hz=44.444,i2s_not_ok=0,bytes_mismatch=0,frame_gap=0,timestamp_regression=0,core_bad=0,active_over_7500=0,emitted_active_over_7500=0,active_p95_us=7040,active_max_us=7412,worst_count=16
APCAD_SOAK_WORST,ver=1,rank=
0,frame=18927,t=143134,active_us=7345,total_us=7375,i2s_us=30,gdft_us=4002,novelty_us=44,tempo_acf_us=281,tempo_update_us=670,tempo_emit_us=1213,emitted=1,acf_spread=1,acf_lag_cursor=44,acf_pub=134,win_bpm=127.00000,top1_bpm=127.00000
APCAD_SOAK_WORST,ver=1,rank=1,frame=17910,t=135506,active_us=7319,total_us=9420,i2s_us=2101,gdft_us=3954,novelty_us=48,tempo_acf_us=398,tempo_update_us=546,tempo_emit_us=1177,emitted=1,acf_spread=1,acf_lag_cursor=4,acf_pub=127,win_bpm=101.00000,top1_bpm=98.00000
APCAD_SOAK_WORST,ver=1,rank=2,frame=17523,t=132605,active_us=7322,total_us=7353,i2s_us=31,gdft_us=3957,novelty_us=43,tempo_acf_us=307,tempo_update_us=544,tempo_emit_us=1049,emitted=1,acf_spread=1,acf_lag_cursor=52,acf_pub=124,win_bpm=101.00000,top1_bpm=98.00000
APCAD_SOAK_WORST,ver=1,rank=3,frame=16923,t=128104,active_us=7338,total_us=7370,i2s_us=32,gdft_us=4081,novelty_us=19,tempo_acf_us=392,tempo_update_us=646,tempo_emit_us=1299,emitted=1,acf_spread=1,acf_lag_cursor=4,acf_pub=120,win_bpm=89.00000,top1_bpm=90.00000
APCAD_SOAK_WORST,ver=1,rank=4,frame=22857,t=172610,active_us=7378,total_us=7409,i2s_us=31,gdft_us=3983,novelty_us=30,tempo_acf_us=303,tempo_update_us=586,tempo_emit_us=1122,emitted=1,acf_spread=1,acf_lag_cursor=20,acf_pub=162,win_bpm=102.00000,top1_bpm=102.00000
APCAD_SOAK_WORST,ver=1,rank=5,frame=20871,t=157714,active_us=7412,total_us=7443,i2s_us=31,gdft_us=4017,novelty_us=31,tempo_acf_us=378,tempo_update_us=604,tempo_emit_us=1209,emitted=1,acf_spread=1,acf_lag_cursor=4,acf_pub=148,win_bpm=98.00000,top1_bpm=100.00000
APCAD_SOAK_WORST,ver=1,rank=6,frame=26421,t=199340,active_us=7342,total_us=7384,i2s_us=42,gdft_us=3996,novelty_us=31,tempo_acf_us=270,tempo_update_us=615,tempo_emit_us=1121,emitted=1,acf_spread=1,acf_lag_cursor=72,acf_pub=187,win_bpm=87.00000,top1_bpm=95.00000
APCAD_SOAK_WORST,ver=1,rank=7,frame=25533,t=192679,active_us=7353,total_us=7383,i2s_us=30,gdft_us=3994,novelty_us=31,tempo_acf_us=301,tempo_update_us=623,tempo_emit_us=1156,emitted=1,acf_spread=1,acf_lag_cursor=16,acf_pub=181,win_bpm=120.00000,top1_bpm=82.00000
APCAD_SOAK_WORST,ver=1,rank=8,frame=22473,t=169730,active_us=7342,total_us=7371,i2s_us=29,gdft_us=3977,novelty_us=31,tempo_acf_us=278,tempo_update_us=563,tempo_emit_us=1053,emitted=1,acf_spread=1,acf_lag_cursor=72,acf_pub=159,win_bpm=118.00000,top1_bpm=118.00000
APCAD_SOAK_WORST,ver=1,rank=9,frame=21918,t=165567,active_us=7329,total_us=9258,i2s_us=1929,gdft_us=3985,novelty_us=55,tempo_acf_us=273,tempo_update_us=591,tempo_emit_us=1092,emitted=1,acf_spread=1,acf_lag_cursor=84,acf_pub=155,win_bpm=133.00000,top1_bpm=133.00000
APCAD_SOAK_WORST,ver=1,rank=10,frame=24825,t=187370,active_us=7370,total_us=7401,i2s_us=31,gdft_us=3982,novelty_us=38,tempo_acf_us=339,tempo_update_us=503,tempo_emit_us=1088,emitted=1,acf_spread=1,acf_lag_cursor=12,acf_pub=176,win_bpm=114.00000,top1_bpm=133.00000
APCAD_SOAK_WORST,ver=1,rank=11,frame=19611,t=148264,active_us=7330,total_us=7367,i2s_us=37,gdft_us=4009,novelty_us=32,tempo_acf_us=272,tempo_update_us=628,tempo_emit_us=1137,emitted=1,acf_spread=1,acf_lag_cursor=16,acf_pub=139,win_bpm=98.00000,top1_bpm=93.00000
APCAD_SOAK_WORST,ver=1,rank=12,frame=16500,t=124932,active_us=7312,total_us=9368,i2s_us=2056,gdft_us=3974,novelty_us=44,tempo_acf_us=373,tempo_update_us=598,tempo_emit_us=1184,emitted=1,acf_spread=1,acf_lag_cursor=4,acf_pub=117,win_bpm=92.00000,top1_bpm=92.00000
APCAD_SOAK_WORST,ver=1,rank=13,frame=16845,t=127520,active_us=7320,total_us=7349,i2s_us=29,gdft_us=3974,novelty_us=35,tempo_acf_us=281,tempo_update_us=518,tempo_emit_us=1051,emitted=1,acf_spread=1,acf_lag_cursor=88,acf_pub=119,win_bpm=89.00000,top1_bpm=89.00000
APCAD_SOAK_WORST,ver=1,rank=14,frame=14949,t=113300,active_us=7380,total_us=7410,i2s_us=30,gdft_us=3934,novelty_us=38,tempo_acf_us=395,tempo_update_us=456,tempo_emit_us=1110,emitted=1,acf_spread=1,acf_lag_cursor=4,acf_pub=106,win_bpm=101.00000,top1_bpm=113.00000
APCAD_SOAK_WORST,ver=1,rank=15,frame=18921,t=143090,active_us=7349,total_us=7380,i2s_us=31,gdft_us=3979,novelty_us=31,tempo_acf_us=316,tempo_update_us=503,tempo_emit_us=1073,emitted=1,acf_spread=1,acf_lag_cursor=36,acf_pub=134,win_bpm=127.00000,top1_bpm=127.00000
# apcad_soak_status_done=True
sbr{{
APCAD_ABORT: stopped
}}
SBOK
