[1781535104.349] #DEVICE role=bench-reference name=bench-12201 port=/dev/cu.usbmodem12401 expected_chip_id=B489A500 env=k1_bench_reference
[1781535104.350] >>> :version
[1781535104.350]  | onset=0 bass=1 ostr=0.04
[1781535104.350] [AP] SSL=424 DC=-812 max_raw=600 follower=590 peak_scaled=0.426 response_gain=1.000 silent_scale=1.000 silence=0 cal_source=config cal_valid=1 cal_reason=none | bpm=109.0 conf=0.30 lock=0 phase=0.21 beat=0 bstr=0.22 | onset=0 bass=1 ostr=0.02
[1781535104.351] [AP] SSL=424 DC=-812 max_raw=533 follower=455 peak_scaled=0.327 response_gain=1.000 silent_scale=1.000 silence=0 cal_source=config cal_valid=1 cal_reason=none | bpm=109.0 conf=0.27 lock=0 phase=0.01 beat=0 bstr=0.14 | onset=0 bass=0 ostr=0.00
[1781535104.351] [AP] SSL=424 DC=-812 max_raw=643 follower=424 peak_scaled=0.685 response_gain=1.000 silent_scale=1.000 silence=0 cal_source=config cal_valid=1 cal_reason=none | bpm=109.0 conf=0.27 lock=0 phase=0.85 beat=0 bstr=0.08 | onset=0 bass=0 ostr=0.00
[1781535104.352] [AP] SSL=424 DC=-812 max_raw=614 follower=424 peak_scaled=0.557 response_gain=1.000 silent_scale=1.000 silence=0 cal_source=config cal_valid=1 cal_reason=none | bpm=109.0 conf=0.26 lock=0 phase=0.69 beat=0 bstr=0.06 | onset=1 bass=0 ostr=0.00
[1781535104.352] [AP] SSL=424 DC=-812 max_raw=692 follower=424 peak_scaled=0.615 response_gain=1.000 silent_scale=1.000 silence=0 cal_source=config cal_valid=1 cal_reason=none | bpm=109.0 conf=0.27 lock=0 phase=0.49 beat=0 bstr=0.13 | onset=0 bass=0 ostr=0.00
[1781535104.352] [AP] SSL=424 DC=-812 max_raw=436 follower=424 peak_scaled=0.177 response_gain=1.000 silent_scale=1.000 silence=0 cal_source=config cal_valid=1 cal_reason=none | bpm=109.0 conf=0.27 lock=0 phase=0.32 beat=0 bstr=0.14 | onset=1 bass=0 ostr=0.00
[1781535104.353] [AP] SSL=424 DC=-812 max_raw=469 follower=424 peak_scaled=0.095 response_gain=1.000 silent_scale=1.000 silence=0 cal_source=config cal_valid=1 cal_reason=none | bpm=93.0 conf=0.24 lock=0 phase=0.17 beat=0 bstr=0.03 | onset=0 bass=0 ostr=0.00
[1781535104.353] [AP] SSL=424 DC=-812 max_raw=358 follower=424 peak_scaled=0.040 response_gain=1.000 silent_scale=1.000 silence=0 cal_source=config cal_valid=1 cal_reason=none | bpm=93.0 conf=0.22 lock=0 phase=0.71 beat=0 bstr=0.10 | onset=0 bass=0 ostr=0.00
[1781535104.354] [AP] SSL=424 DC=-812 max_raw=522 follower=424 peak_scaled=0.377 response_gain=1.000 silent_scale=1.000 silence=0 cal_source=config cal_valid=1 cal_reason=none | bpm=93.0 conf=0.44 lock=0 phase=0.28 beat=0 bstr=0.14 | onset=1 bass=0 ostr=0.00
[1781535104.354] [AP] SSL=424 DC=-812 max_raw=367 follower=424 peak_scaled=0.005 response_gain=1.000 silent_scale=1.000 silence=0 cal_source=config cal_valid=1 cal_reason=none | bpm=88.0 conf=0.04 lock=0 phase=0.83 beat=0 bstr=0.40 | onset=1 bass=0 ostr=0.00
[1781535104.355] [AP] SSL=424 DC=-812 max_raw=551 follower=424 peak_scaled=0.264 response_gain=1.000 silent_scale=1.000 silence=0 cal_source=config cal_valid=1 cal_reason=none | bpm=88.0 conf=0.03 lock=0 phase=0.28 beat=0 bstr=0.18 | onset=0 bass=1 ostr=0.02
[1781535104.356] sbr{{
[1781535104.356] VERSION: 40103
[1781535104.356] }}
[1781535104.399] [AP] SSL=424 DC=-812 max_raw=354 follower=424 peak_scaled=0.000 response_gain=1.000 silent_scale=1.000 silence=0 cal_source=config cal_valid=1 cal_reason=none | bpm=88.0 conf=0.04 lock=0 phase=0.76 beat=0 bstr=0.29 | onset=0 bass=0 ostr=0.00
[1781535105.153] >>> :chip_id
[1781535105.155] sbr{{
[1781535105.155] B489A500
[1781535105.155] }}
[1781535105.403] [AP] SSL=424 DC=-812 max_raw=358 follower=424 peak_scaled=0.000 response_gain=1.000 silent_scale=1.000 silence=0 cal_source=config cal_valid=1 cal_reason=none | bpm=88.0 conf=0.08 lock=0 phase=0.25 beat=0 bstr=0.22 | onset=1 bass=0 ostr=0.00
[1781535106.306] >>> :stop
[1781535106.325] SBOK
[1781535107.465] >>> :vp_stream=off
[1781535107.476] sbr{{
[1781535107.476] VP_STREAM: off
[1781535107.476] }}
[1781535109.072] >>> :ap_stream=off
[1781535109.081] sbr{{
[1781535109.081] AP_STREAM: off
[1781535109.081] }}
[1781535112.380] >>> :smart_status
[1781535112.381] sbr{{
[1781535112.381] SMART_ASSIST: off
[1781535112.381] SMART_SWITCHING: off
[1781535112.381] SMART_DIRECTOR_AUTONOMY: off
[1781535112.381] SMART_HOOKS: off
[1781535112.382] SMART_CONFIDENCE_FLOOR: 0.080
[1781535112.382] SMART_APPLIED_MODE: 3
[1781535112.382] SMART_LAST_REQUESTED_MODE: 3
[1781535112.382] SMART_SWITCHES_IN_WINDOW: 0
[1781535112.382] SMART_MANUAL_OWNER_ACTIVE: 0
[1781535112.382] SMART_LAST_REASON: 0
[1781535112.382] SMART_STATE: 0
[1781535112.382] SMART_INTENT_MODE: 3
[1781535112.382] SMART_INTENT_CONFIDENCE: 0.000
[1781535112.382] SMART_INTENT_WANTS_SWITCH: 0
[1781535112.383] SMART_SCALAR_PHOTONS: 1.000
[1781535112.383] SMART_SCALAR_CHROMA: 1.000
[1781535112.383] SMART_SCALAR_MOOD: 1.000
[1781535112.383] SMART_SCALAR_SATURATION: 1.000
[1781535112.383] SMART_PALETTE_OVERLAY: 0
[1781535112.383] SMART_PALETTE_INDEX: 0
[1781535112.383] SMART_AUTO_COLOUR_SHIFT: 0
[1781535112.383] SMART_MIN_DWELL_MS: 8000
[1781535112.383] SMART_COOLDOWN_MS: 20000
[1781535112.383] SMART_SWITCH_WINDOW_MS: 60000
[1781535112.384] SMART_MAX_SWITCHES: 2
[1781535112.384] SMART_AUDIO_NOVELTY: 0.0812
[1781535112.384] SMART_AUDIO_ENERGY: 0.2492
[1781535112.384] SMART_EVENT_ID: 210
[1781535112.384] SMART_EVENT_AGE_MS: 15
[1781535112.384] SMART_ONSET: 0
[1781535112.384] SMART_BASS_ONSET: 1
[1781535112.384] SMART_BEAT_CONFIDENCE: 0.000
[1781535112.384] SMART_TRANSIENT: 0
[1781535112.384] SMART_KICK: 0
[1781535112.385] SMART_SNARE: 1
[1781535112.385] SMART_HIHAT: 0
[1781535112.385] SMART_TRANSIENT_LEVEL: 0.214
[1781535112.385] SMART_KICK_LEVEL: 0.019
[1781535112.385] SMART_SNARE_LEVEL: 0.055
[1781535112.385] SMART_HIHAT_LEVEL: 0.008
[1781535112.385] SMART_SNARE_EVENT_ID: 82
[1781535112.386] SMART_HIHAT_EVENT_ID: 257
[1781535112.386] }}
[1781535127.407] >>> :smart_status
[1781535127.412] sbr{{
[1781535127.412] SMART_ASSIST: off
[1781535127.412] SMART_SWITCHING: off
[1781535127.412] SMART_DIRECTOR_AUTONOMY: off
[1781535127.412] SMART_HOOKS: off
[1781535127.412] SMART_CONFIDENCE_FLOOR: 0.080
[1781535127.412] SMART_APPLIED_MODE: 3
[1781535127.412] SMART_LAST_REQUESTED_MODE: 3
[1781535127.412] SMART_SWITCHES_IN_WINDOW: 0
[1781535127.412] SMART_MANUAL_OWNER_ACTIVE: 0
[1781535127.412] SMART_LAST_REASON: 0
[1781535127.412] SMART_STATE: 0
[1781535127.412] SMART_INTENT_MODE: 3
[1781535127.413] SMART_INTENT_CONFIDENCE: 0.000
[1781535127.413] SMART_INTENT_WANTS_SWITCH: 0
[1781535127.413] SMART_SCALAR_PHOTONS: 1.000
[1781535127.413] SMART_SCALAR_CHROMA: 1.000
[1781535127.413] SMART_SCALAR_MOOD: 1.000
[1781535127.413] SMART_SCALAR_SATURATION: 1.000
[1781535127.413] SMART_PALETTE_OVERLAY: 0
[1781535127.414] SMART_PALETTE_INDEX: 0
[1781535127.414] SMART_AUTO_COLOUR_SHIFT: 0
[1781535127.414] SMART_MIN_DWELL_MS: 8000
[1781535127.414] SMART_COOLDOWN_MS: 20000
[1781535127.414] SMART_SWITCH_WINDOW_MS: 60000
[1781535127.414] SMART_MAX_SWITCHES: 2
[1781535127.414] SMART_AUDIO_NOVELTY: 0.0305
[1781535127.414] SMART_AUDIO_ENERGY: 0.2106
[1781535127.414] SMART_EVENT_ID: 362
[1781535127.414] SMART_EVENT_AGE_MS: 169
[1781535127.414] SMART_ONSET: 0
[1781535127.414] SMART_BASS_ONSET: 0
[1781535127.415] SMART_BEAT_CONFIDENCE: 0.000
[1781535127.415] SMART_TRANSIENT: 0
[1781535127.415] SMART_KICK: 0
[1781535127.415] SMART_SNARE: 0
[1781535127.415] SMART_HIHAT: 0
[1781535127.415] SMART_TRANSIENT_LEVEL: 0.031
[1781535127.415] SMART_KICK_LEVEL: 0.002
[1781535127.416] SMART_SNARE_LEVEL: 0.003
[1781535127.416] SMART_HIHAT_LEVEL: 0.031
[1781535127.416] SMART_SNARE_EVENT_ID: 136
[1781535127.416] SMART_HIHAT_EVENT_ID: 402
[1781535127.416] }}
[1781535135.915] >>> :dump
[1781535135.917] sbr{{
[1781535135.917] FIRMWARE_VERSION: 40103
[1781535135.917] CHIP ID: B489A500
[1781535135.917] noise_button.pressed: 0
[1781535135.917] noise_button.last_down: 0
[1781535135.917] noise_button.last_up: 0
[1781535135.917] noise_button.pin: 255
[1781535135.917] mode_button.pressed: 0
[1781535135.918] mode_button.last_down: 0
[1781535135.918] mode_button.last_up: 0
[1781535135.918] mode_button.pin: 255
[1781535135.918] CONFIG.PHOTONS: 0.380000
[1781535135.918] CONFIG.CHROMA: 0.400000
[1781535135.919] CONFIG.MOOD: 0.100000
[1781535135.919] CONFIG.LIGHTSHOW_MODE: 28
[1781535135.919] CONFIG.MIRROR_ENABLED: 1
[1781535135.919] CONFIG.CHROMAGRAM_RANGE: 60
[1781535135.919] CONFIG.SAMPLE_RATE: 12800
[1781535135.919] CONFIG.NOTE_OFFSET: 12
[1781535135.919] CONFIG.SQUARE_ITER: 0.00
[1781535135.919] CONFIG.LED_TYPE: 0
[1781535135.919] CONFIG.LED_COUNT: 160
[1781535135.919] CONFIG.LED_COLOR_ORDER: 66
[1781535135.919] CONFIG.SAMPLES_PER_CHUNK: 96
[1781535135.920] CONFIG.SENSITIVITY: 2.300000
[1781535135.920] AUDIO_RESPONSE_GAIN: 1.000000
[1781535135.920] CONFIG.BOOT_ANIMATION: 1
[1781535135.920] CONFIG.SWEET_SPOT_MIN_LEVEL: 424
[1781535135.920] CONFIG.SWEET_SPOT_MAX_LEVEL: 30000
[1781535135.920] CONFIG.DC_OFFSET: -812
[1781535135.920] CAL_SOURCE: config
[1781535135.920] CAL_VALID: 1
[1781535135.920] CAL_PROFILE_LOADED: 0
[1781535135.920] NOISE_CAL_REASON: none
[1781535135.920] NOISE_CAL_DC_SAMPLES: 0
[1781535135.921] NOISE_CAL_SSL_P50: 0.0
[1781535135.921] NOISE_CAL_SSL_P90: 0.0
[1781535135.921] CONFIG.STANDBY_DIMMING: 0
[1781535135.921] CONFIG.REVERSE_ORDER: 0
[1781535135.921] CONFIG.MAX_CURRENT_MA: 1500
[1781535135.921] CONFIG.TEMPORAL_DITHERING: 1
[1781535135.921] CONFIG.AUTO_COLOR_SHIFT: 1
[1781535135.921] CONFIG.INCANDESCENT_FILTER: 0.00
[1781535135.921] CONFIG.INCANDESCENT_MODE: 0
[1781535135.921] CONFIG.BULB_OPACITY: 0.00
[1781535135.921] CONFIG.SATURATION: 1.00
[1781535135.922] CONFIG.PRISM_COUNT: 1.00
[1781535135.922] CONFIG.BASE_COAT: 1
[1781535135.922] CONFIG.BASE_COAT_INTENSITY: 0.000
[1781535135.922] MASTER_BRIGHTNESS: 1.00
[1781535135.922] stream_audio: 0
[1781535135.922] stream_fps: 0
[1781535135.922] stream_max_mags: 0
[1781535135.922] stream_max_mags_followers: 0
[1781535135.923] stream_magnitudes: 0
[1781535135.923] stream_spectrogram: 0
[1781535135.923] stream_chromagram: 0
[1781535135.923] debug_mode: 0
[1781535135.923] noise_complete: 1
[1781535135.923] noise_iterations: 0
[1781535135.923] next_save_time: 0
[1781535135.923] settings_updated: 0
[1781535135.923] I2S_PORT: 0
[1781535135.923] SAMPLE_HISTORY_LENGTH: 4096
[1781535135.923] silence: 0
[1781535135.923] mode_destination: -1
[1781535135.924] SYSTEM_FPS: 146.23
[1781535135.924] LED_FPS: 204.15
[1781535135.924] }}
[1781535142.539] >>> :ap_stream=off
[1781535142.551] sbr{{
[1781535142.551] AP_STREAM: off
[1781535142.551] }}
[1781535142.694] >>> :vp_stream=off
[1781535142.697] sbr{{
[1781535142.697] VP_STREAM: off
[1781535142.697] }}
[1781535142.847] >>> :vp_perf=stop
[1781535142.866] sbr{{
[1781535142.866] VP_PERF: disabled (compile with ENABLE_VP_PERF_AUDIT=1)
[1781535142.866] }}
[1781535143.000] >>> :stop
[1781535143.001] SBOK
