# paired_capture_schema=k1-stage-attribution-pair/v1
# pair_id=pair-40bcbd6abffe203d77a2
# serial_session_id=serial-f5f3ee18a6cd43f23f75
# fixture_session_id=fixture-554bf8bd2530f67ea7d7
# paired_phase=compact
# capture_start=2026-08-16T16:31:23+0800
# port=/dev/cu.usbmodem12401 baud=115200 duration_ms=15000
# track=<none>
# track_sha256=None
# player=<disabled>
# non_actions=no calibration,no tempo tuning,no production DSP change
# observed_output_device=MacBook Pro Speakers
# pre_roll_seconds=10.0
# serial_identity={"description": "USB JTAG/serial debug unit", "device": "/dev/cu.usbmodem12401", "hwid": "USB VID:PID=303A:1001 SER=B4:3A:45:A5:89:B4 LOCATION=0-1.2.4", "location": "0-1.2.4", "manufacturer": "Espressif", "pid": 4097, "product": "USB JTAG/serial debug unit", "serial_number": "B4:3A:45:A5:89:B4", "vid": 12346}
BOOT_LOOP_GUARD: stable_clear=1
# action_ts_monotonic_ms=2447585898 action=stop phase=paired_setup pair_id=pair-40bcbd6abffe203d77a2 serial_session_id=serial-f5f3ee18a6cd43f23f75
K1OK
# action_ts_monotonic_ms=2447586352 action=version phase=paired_setup pair_id=pair-40bcbd6abffe203d77a2 serial_session_id=serial-f5f3ee18a6cd43f23f75
sbr{{
VERSION: 40103
}}
# action_ts_monotonic_ms=2447587380 action=build phase=paired_setup pair_id=pair-40bcbd6abffe203d77a2 serial_session_id=serial-f5f3ee18a6cd43f23f75
sbr{{
BUILD: version=40103 git=be8dd1aa epoch=1786859838 env=k1_bench_scheduling_stage_min_probe
}}
# action_ts_monotonic_ms=2447588401 action=image_id phase=paired_setup pair_id=pair-40bcbd6abffe203d77a2 serial_session_id=serial-f5f3ee18a6cd43f23f75
sbr{{
IMAGE_ID: app_elf_sha256=e225b3d2ceeb66c1cd5630db34f00779c7c0d04157193ea605db9dc3bd479566
}}
# action_ts_monotonic_ms=2447589445 action=runtime_id phase=paired_setup pair_id=pair-40bcbd6abffe203d77a2 serial_session_id=serial-f5f3ee18a6cd43f23f75
sbr{{
RUNTIME_ID: boot_nonce=cbfebe61a35a6248 uptime_ms=17631 reset_reason=11
}}
# action_ts_monotonic_ms=2447590475 action=apcad_abort=1 phase=paired_setup pair_id=pair-40bcbd6abffe203d77a2 serial_session_id=serial-f5f3ee18a6cd43f23f75
sbr{{
APCAD_ABORT: stopped
}}
# action_ts_monotonic_ms=2447590818 action=apcad_clear=1 phase=paired_setup pair_id=pair-40bcbd6abffe203d77a2 serial_session_id=serial-f5f3ee18a6cd43f23f75
sbr{{
APCAD_CAPTURE: active=off count=0 capacity=2304 dropped=0 start_ms=0 end_ms=0 alloc=none
}}
# action_ts_monotonic_ms=2447591224 action=vp_perf=stop phase=paired_setup pair_id=pair-40bcbd6abffe203d77a2 serial_session_id=serial-f5f3ee18a6cd43f23f75
sbr{{
VP_PERF: stopped
VP_PERF_SEQ: 0
VP_PERF_FRAME: avg=0 max=0 over=0 dropped=0
VP_PERF_INTERVAL: avg=0 max=0
VP_PERF_STACK_HWM_WORDS: ap=0 vp=0
VP_PERF_HEAP: 129640
}}
# action_ts_monotonic_ms=2447591679 action=apdbg=off phase=paired_setup pair_id=pair-40bcbd6abffe203d77a2 serial_session_id=serial-f5f3ee18a6cd43f23f75
sbr{{
AP_FRONTEND_DEBUG: off
}}
# action_ts_monotonic_ms=2447592016 action=tempo_stream=off phase=paired_setup pair_id=pair-40bcbd6abffe203d77a2 serial_session_id=serial-f5f3ee18a6cd43f23f75
sbr{{
TEMPO_STREAM: off
}}
# action_ts_monotonic_ms=2447592350 action=ap_stream=off phase=paired_setup pair_id=pair-40bcbd6abffe203d77a2 serial_session_id=serial-f5f3ee18a6cd43f23f75
sbr{{
AP_STREAM: off
}}
# action_ts_monotonic_ms=2447592696 action=smart_assist=off phase=paired_setup pair_id=pair-40bcbd6abffe203d77a2 serial_session_id=serial-f5f3ee18a6cd43f23f75
sbr{{
SMART_ASSIST: off
SMART_SWITCHING: off
SMART_DIRECTOR_AUTONOMY: off
SMART_HOOKS: off
SMART_CONFIDENCE_FLOOR: 0.080
SMART_APPLIED_MODE: 3
SMART_LAST_REQUESTED_MODE: 3
SMART_SWITCHES_IN_WINDOW: 0
SMART_MANUAL_OWNER_ACTIVE: 0
SMART_LAST_REASON: 0
SMART_STATE: 0
SMART_INTENT_MODE: 3
SMART_INTENT_CONFIDENCE: 0.000
SMART_INTENT_WANTS_SWITCH: 0
SMART_SCALAR_PHOTONS: 1.000
SMART_SCALAR_CHROMA: 1.000
SMART_SCALAR_MOOD: 1.000
SMART_SCALAR_SATURATION: 1.000
SMART_PALETTE_OVERLAY: 0
SMART_PALETTE_INDEX: 0
SMART_AUTO_COLOUR_SHIFT: 0
SMART_MIN_DWELL_MS: 8000
SMART_COOLDOWN_MS: 20000
SMART_SWITCH_WINDOW_MS: 60000
SMART_MAX_SWITCHES: 2
SMART_AUDIO_NOVELTY: 0.1056
SMART_AUDIO_ENERGY: 0.2774
SMART_EVENT_ID: 7
SMART_EVENT_AGE_MS: 15940
SMART_ONSET: 0
SMART_BASS_ONSET: 0
SMART_BEAT_CONFIDENCE: 0.000
SMART_TRANSIENT: 0
SMART_KICK: 0
SMART_SNARE: 0
SMART_HIHAT: 0
SMART_TRANSIENT_LEVEL: 0.000
SMART_KICK_LEVEL: 0.000
SMART_SNARE_LEVEL: 0.000
SMART_HIHAT_LEVEL: 0.000
SMART_SNARE_EVENT_ID: 5
SMART_HIHAT_EVENT_ID: 33
}}
# action_ts_monotonic_ms=2447593112 action=queue_mode=off phase=paired_setup pair_id=pair-40bcbd6abffe203d77a2 serial_session_id=serial-f5f3ee18a6cd43f23f75
sbr{{
QUEUE_MODE: off
}}
# action_ts_monotonic_ms=2447593530 action=edge_status phase=paired_setup pair_id=pair-40bcbd6abffe203d77a2 serial_session_id=serial-f5f3ee18a6cd43f23f75
sbr{{
EDGE_ENABLED: on
EDGE_MODE: split
EDGE_STRENGTH: 0.450
EDGE_SPREAD: 38
EDGE_ROTATION: faithful
EDGE_SPATIAL: uniform
EDGE_DUAL: split
}}
# action_ts_monotonic_ms=2447594333 action=secondary_status phase=paired_setup pair_id=pair-40bcbd6abffe203d77a2 serial_session_id=serial-f5f3ee18a6cd43f23f75
sbr{{
SECONDARY_ENABLED: true
SECONDARY_CONTROL: false (encoders control primary channel)
SECONDARY_MODE: 7 (WAVEFORM-FAST)
SECONDARY_PHOTONS: 1.000000
SECONDARY_CHROMA: 0.000000
SECONDARY_MOOD: 0.100000
SECONDARY_SATURATION: 1.000000
SECONDARY_PRISM_COUNT: 1.00
SECONDARY_MIRROR_ENABLED: true
SECONDARY_REVERSE_ORDER: false
SECONDARY_BASE_COAT: false
SECONDARY_PALETTE_MODE_ENABLED: true
SECONDARY_PALETTE_INDEX: 40 (K1_Naberius_Gold_gp)
NOTE: This command is deprecated, please use secondary_status instead
}}
# action_ts_monotonic_ms=2447595191 action=dump phase=paired_setup pair_id=pair-40bcbd6abffe203d77a2 serial_session_id=serial-f5f3ee18a6cd43f23f75
sbr{{
FIRMWARE_VERSION: 40103
CHIP ID: B489A500
noise_button.pressed: 0
noise_button.last_down: 0
noise_button.last_up: 0
noise_button.pin: 255
mode_button.pressed: 0
mode_button.last_down: 0
mode_button.last_up: 0
mode_button.pin: 255
CONFIG.PHOTONS: 1.000000
CONFIG.CHROMA: 0.100000
CONFIG.MOOD: 0.000000
CONFIG.LIGHTSHOW_MODE: 32
CONFIG.MIRROR_ENABLED: 1
CONFIG.CHROMAGRAM_RANGE: 60
CONFIG.SAMPLE_RATE: 12800
CONFIG.NOTE_OFFSET: 12
CONFIG.SQUARE_ITER: 1.00
CONFIG.LED_TYPE: 0
CONFIG.LED_COUNT: 160
CONFIG.LED_COLOR_ORDER: 66
CONFIG.SAMPLES_PER_CHUNK: 96
CONFIG.SENSITIVITY: 2.400000
AUDIO_RESPONSE_GAIN: 1.000000
CONFIG.BOOT_ANIMATION: 1
CONFIG.SWEET_SPOT_MIN_LEVEL: 259
CONFIG.SWEET_SPOT_MAX_LEVEL: 30000
CONFIG.DC_OFFSET: -53
CAL_SOURCE: persisted_profile
CAL_VALID: 1
CAL_PROFILE_LOADED: 1
NOISE_CAL_REASON: none
NOISE_CAL_DC_SAMPLES: 0
NOISE_CAL_SSL_P50: 0.0
NOISE_CAL_SSL_P90: 0.0
CONFIG.STANDBY_DIMMING: 0
CONFIG.REVERSE_ORDER: 0
CONFIG.MAX_CURRENT_MA: 1913
CONFIG.TEMPORAL_DITHERING: 1
CONFIG.AUTO_COLOR_SHIFT: 1
CONFIG.INCANDESCENT_FILTER: 0.50
CONFIG.INCANDESCENT_MODE: 0
CONFIG.BULB_OPACITY: 0.00
CONFIG.SATURATION: 1.00
CONFIG.PRISM_COUNT: 1.00
CONFIG.BASE_COAT: 0
CONFIG.BASE_COAT_INTENSITY: 0.050
MASTER_BRIGHTNESS: 1.00
stream_audio: 0
stream_fps: 0
stream_max_mags: 0
stream_max_mags_followers: 0
stream_magnitudes: 0
stream_spectrogram: 0
stream_chromagram: 0
debug_mode: 0
noise_complete: 1
noise_iterations: 0
next_save_time: 0
settings_updated: 0
I2S_PORT: 0
SAMPLE_HISTORY_LENGTH: 4096
silence: 1
mode_destination: -1
SYSTEM_FPS: 101.66
LED_FPS: 202.99
}}
# action_ts_monotonic_ms=2447597447 action=vp_perf=stop phase=paired_setup pair_id=pair-40bcbd6abffe203d77a2 serial_session_id=serial-f5f3ee18a6cd43f23f75
sbr{{
VP_PERF: stopped
VP_PERF_SEQ: 0
VP_PERF_FRAME: avg=0 max=0 over=0 dropped=0
VP_PERF_INTERVAL: avg=0 max=0
VP_PERF_STACK_HWM_WORDS: ap=0 vp=0
VP_PERF_HEAP: 129640
}}
# playback_cmd=<disabled>
# action_ts_monotonic_ms=2447597852 action=quiet_settle_start phase=paired_setup pair_id=pair-40bcbd6abffe203d77a2 serial_session_id=serial-f5f3ee18a6cd43f23f75
# phase_ts_monotonic_ms=2447607896 phase=paired_compact event=begin pair_id=pair-40bcbd6abffe203d77a2 serial_session_id=serial-f5f3ee18a6cd43f23f75
# host_capture_window_start_monotonic_ms=2447607896
# action_ts_monotonic_ms=2447607896 action=apcad_soak=120000 phase=paired_compact pair_id=pair-40bcbd6abffe203d77a2 serial_session_id=serial-f5f3ee18a6cd43f23f75
sbr{{
APCAD_SOAK: armed 120000 ms compact=1
APCAD_SOAK_BEGIN,schema_ver=2,stage_detail=0,duration_ms=120000,compact=1
}}
# host_capture_window_end_monotonic_ms=2447728426
# action_ts_monotonic_ms=2447728426 action=apcad_soak_status=1 phase=paired_compact pair_id=pair-40bcbd6abffe203d77a2 serial_session_id=serial-f5f3ee18a6cd43f23f75
APCAD_SOAK_DONE,schema_ver=2,stage_detail=0,active=0,rows=11464,emitted=3821,start_ms=36083,end_ms=156083,requested_duration_ms=120000,first_frame_ms=36093,last_frame_ms=156079,observed_duration_ms=119986,sample_rate=12800,samples_per_chunk=96,tempo_decim=3,hist_bucket_us=32,hist_bucket_count=512,meas_ap_hz=95.536,meas_nov_hz=31.846,i2s_not_ok=0,bytes_mismatch=0,frame_gap=0,timestamp_regression=0,core_bad=0,active_over_7500=11464,emitted_active_over_7500=3821,active_p95_us=11488,active_ap_work_p50_low_us=9440,active_ap_work_p50_high_us=9472,active_ap_work_p95_low_us=11456,active_ap_work_p95_high_us=11488,active_ap_work_p99_low_us=11712,active_ap_work_p99_high_us=11744,active_ap_work_hist_saturation=0,active_ap_work_max_us=12181,newest_sample_to_ap_publish_p50_low_us=9152,newest_sample_to_ap_publish_p50_high_us=9184,newest_sample_to_ap_publish_p95_low_us=11136,newest_sample_to_ap_publish_p95_high_us=11168,newest_sample_to_ap_publish_p99_low_us=11456,newest_sample_to_ap_publish_p99_high_us=11488,newest_sample_to_ap_publish_hist_saturation=0,newest_sample_to_ap_publish_max_us=11908,ap_read_return_interval_p50_low_us=10016,ap_read_return_interval_p50_high_us=10048,ap_read_return_interval_p95_low_us=12032,ap_read_return_interval_p95_high_us=12064,ap_read_return_interval_p99_low_us=12928,ap_read_return_interval_p99_high_us=12960,ap_read_return_interval_hist_saturation=0,ap_read_return_interval_max_us=13043,active_max_us=12181,active_sum_us=111472429,active_mean_us=9723.694,max_consecutive_active_over_7500=11464,worst_count=16
# apcad_soak_status_done=True
APCAD_SOAK_WORST,schema_ver=2,stage_detail=0,rank=0,frame=3600,t=36836,active_us=12045,total_us=12078,i2s_us=33,gdft_us=7045,novelty_us=36,tempo_acf_us=1056,tempo_update_us=818,tempo_emit_us=2158,emitted=1,acf_spread=1,acf_lag_cursor=64,acf_pub=92,win_bpm=75.00000,top1_bpm=75.00000
APCAD_SOAK_WORST,schema_ver=2,stage_detail=0,rank=1,frame=3591,t=36735,active_us=11967,total_us=11998,i2s_us=31,gdft_us=7391,novelty_us=33,tempo_acf_us=929,tempo_update_us=1045,tempo_emit_us=2204,emitted=1,acf_spread=1,acf_lag_cursor=16,acf_pub=92,win_bpm=75.00000,top1_bpm=75.00000
APCAD_SOAK_WORST,schema_ver=2,stage_detail=0,rank=2,frame=9168,t=95341,active_us=12124,total_us=12157,i2s_us=33,gdft_us=7440,novelty_us=25,tempo_acf_us=1168,tempo_update_us=1055,tempo_emit_us=2493,emitted=1,acf_spread=1,acf_lag_cursor=16,acf_pub=235,win_bpm=109.00000,top1_bpm=104.00000
APCAD_SOAK_WORST,schema_ver=2,stage_detail=0,rank=3,frame=4059,t=41808,active_us=12144,total_us=12179,i2s_us=35,gdft_us=7270,novelty_us=19,tempo_acf_us=1158,tempo_update_us=1093,tempo_emit_us=2514,emitted=1,acf_spread=1,acf_lag_cursor=16,acf_pub=104,win_bpm=114.00000,top1_bpm=114.00000
APCAD_SOAK_WORST,schema_ver=2,stage_detail=0,rank=4,frame=6363,t=66211,active_us=11963,total_us=12012,i2s_us=49,gdft_us=7088,novelty_us=27,tempo_acf_us=1111,tempo_update_us=1101,tempo_emit_us=2463,emitted=1,acf_spread=1,acf_lag_cursor=32,acf_pub=163,win_bpm=106.00000,top1_bpm=103.00000
APCAD_SOAK_WORST,schema_ver=2,stage_detail=0,rank=5,frame=4959,t=51098,active_us=12034,total_us=12081,i2s_us=47,gdft_us=7076,novelty_us=31,tempo_acf_us=1083,tempo_update_us=1101,tempo_emit_us=2466,emitted=1,acf_spread=1,acf_lag_cursor=32,acf_pub=127,win_bpm=114.00000,top1_bpm=112.00000
APCAD_SOAK_WORST,schema_ver=2,stage_detail=0,rank=6,frame=10971,t=114153,active_us=12078,total_us=12119,i2s_us=41,gdft_us=7537,novelty_us=20,tempo_acf_us=1020,tempo_update_us=1091,tempo_emit_us=2396,emitted=1,acf_spread=1,acf_lag_cursor=64,acf_pub=281,win_bpm=100.00000,top1_bpm=100.00000
APCAD_SOAK_WORST,schema_ver=2,stage_detail=0,rank=7,frame=6324,t=65792,active_us=12083,total_us=12122,i2s_us=39,gdft_us=7223,novelty_us=21,tempo_acf_us=1119,tempo_update_us=1082,tempo_emit_us=2498,emitted=1,acf_spread=1,acf_lag_cursor=32,acf_pub=162,win_bpm=106.00000,top1_bpm=106.00000
APCAD_SOAK_WORST,schema_ver=2,stage_detail=0,rank=8,frame=13704,t=142921,active_us=11973,total_us=12014,i2s_us=41,gdft_us=7411,novelty_us=31,tempo_acf_us=1022,tempo_update_us=966,tempo_emit_us=2263,emitted=1,acf_spread=1,acf_lag_cursor=80,acf_pub=351,win_bpm=116.00000,top1_bpm=107.00000
APCAD_SOAK_WORST,schema_ver=2,stage_detail=0,rank=9,frame=6558,t=68307,active_us=11975,total_us=12011,i2s_us=36,gdft_us=7131,novelty_us=31,tempo_acf_us=1122,tempo_update_us=991,tempo_emit_us=2402,emitted=1,acf_spread=1,acf_lag_cursor=32,acf_pub=168,win_bpm=103.00000,top1_bpm=104.00000
APCAD_SOAK_WORST,schema_ver=2,stage_detail=0,rank=10,frame=8895,t=92402,active_us=12038,total_us=12079,i2s_us=41,gdft_us=7196,novelty_us=24,tempo_acf_us=1236,tempo_update_us=1090,tempo_emit_us=2564,emitted=1,acf_spread=1,acf_lag_cursor=16,acf_pub=228,win_bpm=109.00000,top1_bpm=106.00000
APCAD_SOAK_WORST,schema_ver=2,stage_detail=0,rank=11,frame=5934,t=61600,active_us=11996,total_us=12032,i2s_us=36,gdft_us=7065,novelty_us=35,tempo_acf_us=1118,tempo_update_us=1048,tempo_emit_us=2448,emitted=1,acf_spread=1,acf_lag_cursor=32,acf_pub=152,win_bpm=114.00000,top1_bpm=110.00000
APCAD_SOAK_WORST,schema_ver=2,stage_detail=0,rank=12,frame=13731,t=143213,active_us=12041,total_us=12087,i2s_us=46,gdft_us=7214,novelty_us=21,tempo_acf_us=1221,tempo_update_us=1089,tempo_emit_us=2568,emitted=1,acf_spread=1,acf_lag_cursor=16,acf_pub=352,win_bpm=116.00000,top1_bpm=117.00000
APCAD_SOAK_WORST,schema_ver=2,stage_detail=0,rank=13,frame=11355,t=118311,active_us=12054,total_us=12096,i2s_us=42,gdft_us=7214,novelty_us=48,tempo_acf_us=1067,tempo_update_us=776,tempo_emit_us=2110,emitted=1,acf_spread=1,acf_lag_cursor=32,acf_pub=291,win_bpm=100.00000,top1_bpm=100.00000
APCAD_SOAK_WORST,schema_ver=2,stage_detail=0,rank=14,frame=9174,t=95406,active_us=11971,total_us=12011,i2s_us=40,gdft_us=7137,novelty_us=33,tempo_acf_us=1035,tempo_update_us=722,tempo_emit_us=2041,emitted=1,acf_spread=1,acf_lag_cursor=48,acf_pub=235,win_bpm=109.00000,top1_bpm=104.00000
APCAD_SOAK_WORST,schema_ver=2,stage_detail=0,rank=15,frame=6714,t=69961,active_us=12181,total_us=12215,i2s_us=34,gdft_us=7527,novelty_us=19,tempo_acf_us=1098,tempo_update_us=1120,tempo_emit_us=2512,emitted=1,acf_spread=1,acf_lag_cursor=32,acf_pub=172,win_bpm=103.00000,top1_bpm=103.00000
# apcad_worst_row_drain=complete
# phase_ts_monotonic_ms=2447728460 phase=paired_compact event=end pair_id=pair-40bcbd6abffe203d77a2 serial_session_id=serial-f5f3ee18a6cd43f23f75
# phase_ts_monotonic_ms=2447728460 phase=paired_stack_hwm event=begin pair_id=pair-40bcbd6abffe203d77a2 serial_session_id=serial-f5f3ee18a6cd43f23f75
# action_ts_monotonic_ms=2447728460 action=vp_perf=start phase=paired_stack_hwm pair_id=pair-40bcbd6abffe203d77a2 serial_session_id=serial-f5f3ee18a6cd43f23f75
sbr{{
VP_PERF: start budget_us=8333 render_budget_us=2000
}}
VPF,ver=1,seq=1,mode=32,smode=7,sec=1,acq_us=603/603,vu_us=49/49,gdft_us=7312/7312,smooth_us=73/74,pri_render_us=573/579,sec_render_us=663/687,pri_prep_us=214/215,sec_prep_us=112/112,quant_pri_us=69/74,quant_sec_us=60/62,show_us=1901/1901,interval_us=5004/5004,frame_us=3999/4046,over=0,dropped=0,heap=129640,ap_stack_hwm_words=4776,vp_stack_hwm_words=5096
VPF,ver=1,seq=2,mode=32,smode=7,sec=1,acq_us=690/920,vu_us=50/87,gdft_us=7178/7538,smooth_us=73/97,pri_render_us=566/671,sec_render_us=692/868,pri_prep_us=224/271,sec_prep_us=117/144,quant_pri_us=69/94,quant_sec_us=63/83,show_us=2057/3186,interval_us=4931/5494,frame_us=3920/4923,over=0,dropped=0,heap=129640,ap_stack_hwm_words=4776,vp_stack_hwm_words=5096
# action_ts_monotonic_ms=2447729661 action=vp_perf=stop phase=paired_stack_hwm pair_id=pair-40bcbd6abffe203d77a2 serial_session_id=serial-f5f3ee18a6cd43f23f75
sbr{{
VP_PERF: stopped
VP_PERF_SEQ: 2
VP_PERF_FRAME: avg=3909 max=4923 over=0 dropped=0
VP_PERF_INTERVAL: avg=4930 max=5494
VP_PERF_STACK_HWM_WORDS: ap=4776 vp=5096
VP_PERF_HEAP: 129640
}}
# phase_ts_monotonic_ms=2447730471 phase=paired_stack_hwm event=end pair_id=pair-40bcbd6abffe203d77a2 serial_session_id=serial-f5f3ee18a6cd43f23f75
