# capture_start=2026-06-15T16:45:43+0800
# port=/dev/cu.usbmodem12201 baud=115200 duration_ms=120000
# track=/Users/spectrasynq/SensoryBridge-main 9/build/k1-real-music-rendered/20260615T-trusted-subset-k1-real-music-corpus/deadmau5-ghosts-n-stuff-129bpm/deadmau5-ghosts-n-stuff-129bpm.early-verse-120s.steady_phase.all_musical.k1-real-music.48k-mono-s16.wav
# track_sha256=81bc558be4322bae849604db71881e798ed6f0212fdf9d116f890573edd643b6
# player=ffplay start_ms=0 playback_gain_db=0.0
# non_actions=no calibration,no tempo tuning,no production DSP change
# serial_identity={"description": "USB JTAG/serial debug unit", "device": "/dev/cu.usbmodem12201", "hwid": "USB VID:PID=303A:1001 SER=B4:3A:45:A5:87:F8 LOCATION=0-1.2.2", "location": "0-1.2.2", "manufacturer": "Espressif", "pid": 4097, "product": "USB JTAG/serial debug unit", "serial_number": "B4:3A:45:A5:87:F8", "vid": 12346}
SBOK
sbr{{
VERSION: 40103
}}
sbr{{
APCAD_ABORT: stopped
}}
sbr{{
APCAD_CAPTURE: active=off count=0 capacity=2304 dropped=0 start_ms=0 end_ms=0 alloc=none
}}
sbr{{
AP_FRONTEND_DEBUG: off
}}
sbr{{
TEMPO_STREAM: off
}}
sbr{{
AP_STREAM: off
}}
sbr{{
APCAD_SOAK: armed 120000 ms compact=1
}}
# playback_cmd=ffplay -nodisp -autoexit -loglevel error -ss 0.000 -t 120.000 -i /Users/spectrasynq/SensoryBridge-main 9/build/k1-real-music-rendered/20260615T-trusted-subset-k1-real-music-corpus/deadmau5-ghosts-n-stuff-129bpm/deadmau5-ghosts-n-stuff-129bpm.early-verse-120s.steady_phase.all_musical.k1-real-music.48k-mono-s16.wav
APCAD_SOAK_DONE,ver=1,active=0,rows=16001,emitted=5333,start_ms=457007,end_ms=577007,sample_rate=16000,samples_per_chunk=120,tempo_decim=3,meas_ap_hz=133.334,meas_nov_hz=44.444,i2s_not_ok=0,bytes_mismatch=0,frame_gap=0,timestamp_regression=0,core_bad=0,active_over_7500=0,emitted_active_over_7500=0,active_p95_us=7040,active_max_us=7393,worst_count=16
APCAD_SOAK_WORST,ver=1,rank=0,frame=72195,t=542655,active_us=7346,total_us=7377,i2s_us=31,gdft_us=3950,novelty_us=40,tempo_acf_us=362,tempo_update_us=434,tempo_emit_us=1060,emitted=1,acf_spread=1,acf_lag_cursor=4,acf_pub=512,win_bpm=129.00000,top1_bpm=128.00000
APCAD_SOAK_WORST,ver=1,rank=1,frame=72639,t=545985,active_us=7334,total_us=7367,i2s_us=33,gdft_us=3959,novelty_us=53,tempo_acf_us=230,tempo_update_us=408,tempo_emit_us=912,emitted=1,acf_spread=1,acf_lag_cursor=32,acf_pub=515,win_bpm=129.00000,top1_bpm=129.00000
APCAD_SOAK_WORST,ver=1,rank=2,frame=70368,t=528952,active_us=7369,total_us=9565,i2s_us=2196,gdft_us=4000,novelty_us=55,tempo_acf_us=236,tempo_update_us=410,tempo_emit_us=914,emitted=1,acf_spread=1,acf_lag_cursor=12,acf_pub=499,win_bpm=129.00000,top1_bpm=129.00000
APCAD_SOAK_WORST,ver=1,rank=3,frame=62628,t=470902,active_us=7336,total_us=9274,i2s_us=1938,gdft_us=3939,novelty_us=32,tempo_acf_us=218,tempo_update_us=419,tempo_emit_us=908,emitted=1,acf_spread=1,acf_lag_cursor=32,acf_pub=444,win_bpm=128.00000,top1_bpm=129.00000
APCAD_SOAK_WORST,ver=1,rank=4,frame=66978,t=503527,active_us=7393,total_us=9769,i2s_us=2376,gdft_us=3961,novelty_us=32,tempo_acf_us=349,tempo_update_us=455,tempo_emit_us=1051,emitted=1,acf_spread=1,acf_lag_cursor=4,acf_pub=475,win_bpm=78.00000,top1_bpm=76.00000
APCAD_SOAK_WORST,ver=1,rank=5,frame=65145,t=489780,active_us=7366,total_us=7405,i2s_us=39,gdft_us=3889,novelty_us=55,tempo_acf_us=258,tempo_update_us=419,tempo_emit_us=910,emitted=1,acf_spread=1,acf_lag_cursor=4,acf_pub=462,win_bpm=128.00000,top1_bpm=128.00000
APCAD_SOAK_WORST,ver=1,rank=6,frame=70554,t=530347,active_us=7331,total_us=9529,i2s_us=2198,gdft_us=3985,novelty_us=65,tempo_acf_us=194,tempo_update_us=393,tempo_emit_us=827,emitted=1,acf_spread=1,acf_lag_cursor=72,acf_pub=500,win_bpm=129.00000,top1_bpm=129.00000
APCAD_SOAK_WORST,ver=1,rank=7,frame=74826,t=562387,active_us=7343,total_us=9698,i2s_us=2355,gdft_us=4009,novelty_us=46,tempo_acf_us=181,tempo_update_us=414,tempo_emit_us=846,emitted=1,acf_spread=1,acf_lag_cursor=128,acf_pub=530,win_bpm=115.00000,top1_bpm=115.00000
APCAD_SOAK_WORST,ver=1,rank=8,frame=76590,t=575617,active_us=7376,total_us=9775,i2s_us=2399,gdft_us=3996,novelty_us=56,tempo_acf_us=217,tempo_update_us=442,tempo_emit_us=914,emitted=1,acf_spread=1,acf_lag_cursor=36,acf_pub=543,win_bpm=82.00000,top1_bpm=125.00000
APCAD_SOAK_WORST,ver=1,rank=9,frame=61902,t=465457,active_us=7355,total_us=9525,i2s_us=2170,gdft_us=3917,novelty_us=46,tempo_acf_us=302,tempo_update_us=420,tempo_emit_us=977,emitted=1,acf_spread=1,acf_lag_cursor=4,acf_pub=439,win_bpm=128.00000,top1_bpm=128.00000
APCAD_SOAK_WORST,ver=1,rank=10,frame=72228,t=542902,active_us=7362,total_us=9564,i2s_us=2202,gdft_us=3997,novelty_us=53,tempo_acf_us=207,tempo_update_us=424,tempo_emit_us=889,emitted=1,acf_spread=1,acf_lag_cursor=48,acf_pub=512,win_bpm=129.00000,top1_bpm=128.00000
APCAD_SOAK_WORST,ver=1,rank=11,frame=61479,t=462285,active_us=7337,total_us=7369,i2s_us=32,gdft_us=3911,novelty_us=32,tempo_acf_us=348,tempo_update_us=439,tempo_emit_us=1031,emitted=1,acf_spread=1,acf_lag_cursor=4,acf_pub=436,win_bpm=99.00000,top1_bpm=99.00000
APCAD_SOAK_WORST,ver=1,rank=12,frame=62100,t=466942,active_us=7340,total_us=9359,i2s_us=2019,gdft_us=3970,novelty_us=40,tempo_acf_us=211,tempo_update_us=420,tempo_emit_us=884,emitted=1,acf_spread=1,acf_lag_cursor=80,acf_pub=440,win_bpm=128.00000,top1_bpm=128.00000
APCAD_SOAK_WORST,ver=1,rank=13,frame=72234,t=542947,active_us=7329,total_us=9478,i2s_us=2149,gdft_us=3909,novelty_us=43,tempo_acf_us=222,tempo_update_us=418,tempo_emit_us=892,emitted=1,acf_spread=1,acf_lag_cursor=56,acf_pub=512,win_bpm=129.00000,top1_bpm=128.00000
APCAD_SOAK_WORST,ver=1,rank=14,frame=62106,t=466987,active_us=7352,total_us=9395,i2s_us=2043,gdft_us=4006,novelty_us=42,tempo_acf_us=214,tempo_update_us=423,tempo_emit_us=897,emitted=1,acf_spread=1,acf_lag_cursor=88,acf_pub=440,win_bpm=128.00000,top1_bpm=128.00000
APCAD_SOAK_WORST,ver=1,rank=15,frame=62607,t=470745,active_us=7331,total_us=7385,i2s_us=54,gdft_us=3949,novelty_us=49,tempo_acf_us=292,tempo_update_us=417,tempo_emit_us=927,emitted=1,acf_spread=1,acf_lag_cursor=4,acf_pub=444,win_bpm=128.00000,top1_bpm=129.00000
# apcad_soak_status_done=True
sbr{{
APCAD_ABORT: stopped
}}
SBOK
