# capture_start=2026-06-15T16:43:30+0800
# port=/dev/cu.usbmodem12201 baud=115200 duration_ms=120000
# track=/Users/spectrasynq/SensoryBridge-main 9/build/k1-real-music-rendered/20260615T-trusted-subset-k1-real-music-corpus/tntrecords-skyfire-151bpm/tntrecords-skyfire-151bpm.instrumental-120s.steady_phase.all_musical.k1-real-music.48k-mono-s16.wav
# track_sha256=feaa9b4ef9e651a37426986ac32bd09b873cdb210a12a04650b0777e243c3891
# player=ffplay start_ms=0 playback_gain_db=0.0
# non_actions=no calibration,no tempo tuning,no production DSP change
# serial_identity={"description": "USB JTAG/serial debug unit", "device": "/dev/cu.usbmodem12201", "hwid": "USB VID:PID=303A:1001 SER=B4:3A:45:A5:87:F8 LOCATION=0-1.2.2", "location": "0-1.2.2", "manufacturer": "Espressif", "pid": 4097, "product": "USB JTAG/serial debug unit", "serial_number": "B4:3A:45:A5:87:F8", "vid": 12346}
SBOK
sbr{{
VERSION: 40103
}}
sbr{{
APCAD_ABORT: stopped
}}
sbr{{
APCAD_CAPTURE: active=off count=0 capacity=2304 dropped=0 start_ms=0 end_ms=0 alloc=none
}}
sbr{{
AP_FRONTEND_DEBUG: off
}}
sbr{{
TEMPO_STREAM: off
}}
sbr{{
AP_STREAM: off
}}
sbr{{
APCAD_SOAK: armed 120000 ms compact=1
}}
# playback_cmd=ffplay -nodisp -autoexit -loglevel error -ss 0.000 -t 120.000 -i /Users/spectrasynq/SensoryBridge-main 9/build/k1-real-music-rendered/20260615T-trusted-subset-k1-real-music-corpus/tntrecords-skyfire-151bpm/tntrecords-skyfire-151bpm.instrumental-120s.steady_phase.all_musical.k1-real-music.48k-mono-s16.wav
APCAD_SOAK_DONE,ver=1,active=0,rows=16000,emitted=5333,start_ms=324690,end_ms=444690,sample_rate=16000,samples_per_chunk=120,tempo_decim=3,meas_ap_hz=133.334,meas_nov_hz=44.444,i2s_not_ok=0,bytes_mismatch=0,frame_gap=0,timestamp_regression=0,core_bad=0,active_over_7500=0,emitted_active_over_7500=0,active_p95_us=7040,active_max_us=7438,worst_count=16
APCAD_SOAK_WORST,ver=1,rank=0,frame=47310,t=356017,active_us=7342,total_us=9678,i2s_us=2336,gdft_us=3992,novelty_us=56,tempo_acf_us=188,tempo_update_us=419,tempo_emit_us=864,emitted=1,acf_spread=1,acf_lag_cursor=100,acf_pub=335,win_bpm=75.00000,top1_bpm=75.00000
APCAD_SOAK_WORST,ver=1,rank=1,frame=53916,t=405562,active_us=7340,total_us=9402,i2s_us=2062,gdft_us=3947,novelty_us=40,tempo_acf_us=201,tempo_update_us=427,tempo_emit_us=887,emitted=1,acf_spread=1,acf_lag_cursor=72,acf_pub=382,win_bpm=145.00000,top1_bpm=75.00000
APCAD_SOAK_WORST,ver=1,rank=2,frame=58392,t=439132,active_us=7393,total_us=9697,i2s_us=2304,gdft_us=4003,novelty_us=57,tempo_acf_us=214,tempo_update_us=420,tempo_emit_us=902,emitted=1,acf_spread=1,acf_lag_cursor=24,acf_pub=414,win_bpm=101.00000,top1_bpm=76.00000
APCAD_SOAK_WORST,ver=1,rank=3,frame=49644,t=373521,active_us=7365,total_us=9812,i2s_us=2447,gdft_us=3980,novelty_us=43,tempo_acf_us=222,tempo_update_us=427,tempo_emit_us=905,emitted=1,acf_spread=1,acf_lag_cursor=16,acf_pub=352,win_bpm=100.00000,top1_bpm=94.00000
APCAD_SOAK_WORST,ver=1,rank=4,frame=57933,t=435690,active_us=7335,total_us=7375,i2s_us=40,gdft_us=4004,novelty_us=62,tempo_acf_us=161,tempo_update_us=410,tempo_emit_us=772,emitted=1,acf_spread=1,acf_lag_cursor=164,acf_pub=410,win_bpm=94.00000,top1_bpm=94.00000
APCAD_SOAK_WORST,ver=1,rank=5,frame=51489,t=387360,active_us=7363,total_us=7418,i2s_us=55,gdft_us=3934,novelty_us=30,tempo_acf_us=215,tempo_update_us=428,tempo_emit_us=900,emitted=1,acf_spread=1,acf_lag_cursor=32,acf_pub=365,win_bpm=103.00000,top1_bpm=103.00000
APCAD_SOAK_WORST,ver=1,rank=6,frame=57834,t=434947,active_us=7386,total_us=9419,i2s_us=2033,gdft_us=3994,novelty_us=47,tempo_acf_us=221,tempo_update_us=423,tempo_emit_us=897,emitted=1,acf_spread=1,acf_lag_cursor=32,acf_pub=410,win_bpm=94.00000,top1_bpm=94.00000
APCAD_SOAK_WORST,ver=1,rank=7,frame=54042,t=406507,active_us=7343,total_us=9396,i2s_us=2053,gdft_us=3944,novelty_us=34,tempo_acf_us=244,tempo_update_us=434,tempo_emit_us=949,emitted=1,acf_spread=1,acf_lag_cursor=52,acf_pub=383,win_bpm=145.00000,top1_bpm=75.00000
APCAD_SOAK_WORST,ver=1,rank=8,frame=52878,t=397777,active_us=7356,total_us=9347,i2s_us=1991,gdft_us=3893,novelty_us=36,tempo_acf_us=344,tempo_update_us=436,tempo_emit_us=1038,emitted=1,acf_spread=1,acf_lag_cursor=4,acf_pub=375,win_bpm=102.00000,top1_bpm=76.00000
APCAD_SOAK_WORST,ver=1,rank=9,frame=51228,t=385402,active_us=7373,total_us=9378,i2s_us=2005,gdft_us=3911,novelty_us=37,tempo_acf_us=212,tempo_update_us=428,tempo_emit_us=909,emitted=1,acf_spread=1,acf_lag_cursor=60,acf_pub=363,win_bpm=112.00000,top1_bpm=112.00000
APCAD_SOAK_WORST,ver=1,rank=10,frame=52896,t=397912,active_us=7350,total_us=9751,i2s_us=2401,gdft_us=3932,novelty_us=44,tempo_acf_us=254,tempo_update_us=433,tempo_emit_us=947,emitted=1,acf_spread=1,acf_lag_cursor=28,acf_pub=375,win_bpm=76.00000,top1_bpm=76.00000
APCAD_SOAK_WORST,ver=1,rank=11,frame=57540,t=432742,active_us=7342,total_us=9474,i2s_us=2132,gdft_us=3922,novelty_us=51,tempo_acf_us=242,tempo_update_us=409,tempo_emit_us=918,emitted=1,acf_spread=1,acf_lag_cursor=16,acf_pub=408,win_bpm=94.00000,top1_bpm=94.00000
APCAD_SOAK_WORST,ver=1,rank=12,frame=57840,t=434992,active_us=7349,total_us=9524,i2s_us=2175,gdft_us=3916,novelty_us=49,tempo_acf_us=216,tempo_update_us=436,tempo_emit_us=911,emitted=1,acf_spread=1,acf_lag_cursor=40,acf_pub=410,win_bpm=94.00000,top1_bpm=94.00000
APCAD_SOAK_WORST,ver=1,rank=13,frame=50409,t=379260,active_us=7357,total_us=7415,i2s_us=58,gdft_us=3985,novelty_us=36,tempo_acf_us=185,tempo_update_us=444,tempo_emit_us=821,emitted=1,acf_spread=1,acf_lag_cursor=96,acf_pub=357,win_bpm=90.00000,top1_bpm=90.00000
APCAD_SOAK_WORST,ver=1,rank=14,frame=53019,t=398835,active_us=7438,total_us=7486,i2s_us=48,gdft_us=3926,novelty_us=47,tempo_acf_us=297,tempo_update_us=420,tempo_emit_us=944,emitted=1,acf_spread=1,acf_lag_cursor=4,acf_pub=376,win_bpm=76.00000,top1_bpm=142.00000
APCAD_SOAK_WORST,ver=1,rank=15,frame=58383,t=439065,active_us=7363,total_us=7395,i2s_us=32,gdft_us=3889,novelty_us=44,tempo_acf_us=214,tempo_update_us=420,tempo_emit_us=900,emitted=1,acf_spread=1,acf_lag_cursor=12,acf_pub=414,win_bpm=101.00000,top1_bpm=76.00000
# apcad_soak_status_done=True
sbr{{
APCAD_ABORT: stopped
}}
SBOK
