# capture_start=2026-06-15T14:55:24+0800
# port=/dev/cu.usbmodem12201 baud=115200 duration_ms=110000
# track=/Users/spectrasynq/SensoryBridge-main 9/docs/forensics/runtime-evidence/20260615T145158-k1-real-music-corpus/rendered/brennanheart-jonathanmendelsohn-imaginary-150bpm/brennanheart-jonathanmendelsohn-imaginary-150bpm.chorus-body-110s.steady_phase.all_musical.k1-real-music.48k-mono-s16.wav
# track_sha256=a053d73911e28bff455f6319c17f1e2880e5c76d0dff7a44c6afaa9d4da414d8
# player=ffplay start_ms=0 playback_gain_db=0.0
# non_actions=no calibration,no tempo tuning,no production DSP change
# serial_identity={"description": "USB JTAG/serial debug unit", "device": "/dev/cu.usbmodem12201", "hwid": "USB VID:PID=303A:1001 SER=B4:3A:45:A5:87:F8 LOCATION=0-1.2.2", "location": "0-1.2.2", "manufacturer": "Espressif", "pid": 4097, "product": "USB JTAG/serial debug unit", "serial_number": "B4:3A:45:A5:87:F8", "vid": 12346}
SBOK
sbr{{
VERSION: 40103
}}
sbr{{
APCAD_ABORT: stopped
}}
sbr{{
APCAD_CAPTURE: active=off count=0 capacity=2304 dropped=0 start_ms=0 end_ms=0 alloc=none
}}
sbr{{
AP_FRONTEND_DEBUG: off
}}
sbr{{
TEMPO_STREAM: off
}}
sbr{{
AP_STREAM: off
}}
sbr{{
APCAD_SOAK: armed 110000 ms compact=1
}}
# playback_cmd=ffplay -nodisp -autoexit -loglevel error -ss 0.000 -t 110.000 -i /Users/spectrasynq/SensoryBridge-main 9/docs/forensics/runtime-evidence/20260615T145158-k1-real-music-corpus/rendered/brennanheart-jonathanmendelsohn-imaginary-150bpm/brennanheart-jonathanmendelsohn-imaginary-150bpm.chorus-body-110s.steady_phase.all_musical.k1-real-music.48k-mono-s16.wav
APCAD_SOAK_DONE,ver=1,active=0,rows=14667,emitted=4889,start_ms=277110,end_ms=387110,sample_rate=16000,samples_per_chunk=120,tempo_decim=3,meas_ap_hz=133.332,meas_nov_hz=44.444,i2s_not_ok=0,bytes_mismatch=0,frame_gap=0,timestamp_regression=0,core_bad=0,active_over_7500=0,emitted_active_over_7500=0,active_p95_us=7040,active_max_us=7369,worst_count=16
APCAD_SOAK_WORST,ver=1,rank=
0,frame=49920,t=375592,active_us=7333,total_us=9681,i2s_us=2348,gdft_us=3948,novelty_us=59,tempo_acf_us=236,tempo_update_us=447,tempo_emit_us=951,emitted=1,acf_spread=1,acf_lag_cursor=8,acf_pub=354,win_bpm=75.00000,top1_bpm=75.00000
APCAD_SOAK_WORST,ver=1,rank=1,frame=47667,t=358695,active_us=7338,total_us=7374,i2s_us=36,gdft_us=3915,novelty_us=59,tempo_acf_us=240,tempo_update_us=433,tempo_emit_us=928,emitted=1,acf_spread=1,acf_lag_cursor=12,acf_pub=338,win_bpm=75.00000,top1_bpm=75.00000
APCAD_SOAK_WORST,ver=1,rank=2,frame=50655,t=381105,active_us=7344,total_us=7377,i2s_us=33,gdft_us=3970,novelty_us=80,tempo_acf_us=194,tempo_update_us=438,tempo_emit_us=829,emitted=1,acf_spread=1,acf_lag_cursor=48,acf_pub=359,win_bpm=75.00000,top1_bpm=100.00000
APCAD_SOAK_WORST,ver=1,rank=3,frame=48366,t=363937,active_us=7367,total_us=9466,i2s_us=2099,gdft_us=3931,novelty_us=32,tempo_acf_us=321,tempo_update_us=429,tempo_emit_us=1007,emitted=1,acf_spread=1,acf_lag_cursor=4,acf_pub=343,win_bpm=75.00000,top1_bpm=75.00000
APCAD_SOAK_WORST,ver=1,rank=4,frame=40050,t=301567,active_us=7355,total_us=9701,i2s_us=2346,gdft_us=3930,novelty_us=49,tempo_acf_us=251,tempo_update_us=433,tempo_emit_us=935,emitted=1,acf_spread=1,acf_lag_cursor=8,acf_pub=284,win_bpm=75.00000,top1_bpm=75.00000
APCAD_SOAK_WORST,ver=1,rank=5,frame=41466,t=312187,active_us=7369,total_us=9620,i2s_us=2251,gdft_us=3991,novelty_us=33,tempo_acf_us=219,tempo_update_us=433,tempo_emit_us=904,emitted=1,acf_spread=1,acf_lag_cursor=16,acf_pub=294,win_bpm=75.00000,top1_bpm=75.00000
APCAD_SOAK_WORST,ver=1,rank=6,frame=46125,t=347130,active_us=7338,total_us=7394,i2s_us=56,gdft_us=3940,novelty_us=51,tempo_acf_us=205,tempo_update_us=417,tempo_emit_us=835,emitted=1,acf_spread=1,acf_lag_cursor=24,acf_pub=327,win_bpm=75.00000,top1_bpm=75.00000
APCAD_SOAK_WORST,ver=1,rank=7,frame=51000,t=383692,active_us=7353,total_us=9275,i2s_us=1922,gdft_us=3966,novelty_us=67,tempo_acf_us=170,tempo_update_us=428,tempo_emit_us=839,emitted=1,acf_spread=1,acf_lag_cursor=132,acf_pub=361,win_bpm=75.00000,top1_bpm=75.00000
APCAD_SOAK_WORST,ver=1,rank=8,frame=44580,t=335541,active_us=7357,total_us=9796,i2s_us=2439,gdft_us=3986,novelty_us=53,tempo_acf_us=221,tempo_update_us=430,tempo_emit_us=915,emitted=1,acf_spread=1,acf_lag_cursor=32,acf_pub=316,win_bpm=75.00000,top1_bpm=75.00000
APCAD_SOAK_WORST,ver=1,rank=9,frame=39345,t=296280,active_us=7337,total_us=7394,i2s_us=57,gdft_us=3961,novelty_us=58,tempo_acf_us=225,tempo_update_us=430,tempo_emit_us=896,emitted=1,acf_spread=1,acf_lag_cursor=8,acf_pub=279,win_bpm=75.00000,top1_bpm=75.00000
APCAD_SOAK_WORST,ver=1,rank=10,frame=37932,t=285682,active_us=7337,total_us=9427,i2s_us=2090,gdft_us=3965,novelty_us=34,tempo_acf_us=320,tempo_update_us=443,tempo_emit_us=995,emitted=1,acf_spread=1,acf_lag_cursor=4,acf_pub=269,win_bpm=105.00000,top1_bpm=75.00000
APCAD_SOAK_WORST,ver=1,rank=11,frame=50484,t=379822,active_us=7338,total_us=9721,i2s_us=2383,gdft_us=4016,novelty_us=56,tempo_acf_us=254,tempo_update_us=431,tempo_emit_us=934,emitted=1,acf_spread=1,acf_lag_cursor=8,acf_pub=358,win_bpm=75.00000,top1_bpm=100.00000
APCAD_SOAK_WORST,ver=1,rank=12,frame=50664,t=381172,active_us=7327,total_us=9495,i2s_us=2168,gdft_us=3941,novelty_us=35,tempo_acf_us=228,tempo_update_us=441,tempo_emit_us=921,emitted=1,acf_spread=1,acf_lag_cursor=60,acf_pub=359,win_bpm=75.00000,top1_bpm=100.00000
APCAD_SOAK_WORST,ver=1,rank=13,frame=39483,t=297315,active_us=7334,total_us=7367,i2s_us=33,gdft_us=3955,novelty_us=50,tempo_acf_us=311,tempo_update_us=423,tempo_emit_us=985,emitted=1,acf_spread=1,acf_lag_cursor=4,acf_pub=280,win_bpm=75.00000,top1_bpm=75.00000
APCAD_SOAK_WORST,ver=1,rank=14,frame=44502,t=334957,active_us=7348,total_us=9362,i2s_us=2014,gdft_us=3966,novelty_us=49,tempo_acf_us=226,tempo_update_us=432,tempo_emit_us=913,emitted=1,acf_spread=1,acf_lag_cursor=116,acf_pub=315,win_bpm=75.00000,top1_bpm=75.00000
APCAD_SOAK_WORST,ver=1,rank=15,frame=41829,t=314910,active_us=7332,total_us=7365,i2s_us=33,gdft_us=3991,novelty_us=44,tempo_acf_us=221,tempo_update_us=441,tempo_emit_us=922,emitted=1,acf_spread=1,acf_lag_cursor=124,acf_pub=296,win_bpm=75.00000,top1_bpm=75.00000
# apcad_soak_status_done=True
sbr{{
APCAD_ABORT: stopped
}}
SBOK
