# capture_start=2026-06-15T15:16:50+0800
# port=/dev/cu.usbmodem12201 baud=115200 duration_ms=110000
# track=/Users/spectrasynq/SensoryBridge-main 9/docs/forensics/runtime-evidence/20260615T145158-k1-real-music-corpus/rendered/lavern-inmymind-130bpm/lavern-inmymind-130bpm.steady-drums-110s.steady_phase.all_musical.k1-real-music.48k-mono-s16.wav
# track_sha256=24c198f37ac231dbe2cbae33aa8c1b9f869580b1628dd42b475d931392c92c06
# player=ffplay start_ms=0 playback_gain_db=0.0
# non_actions=no calibration,no tempo tuning,no production DSP change
# serial_identity={"description": "USB JTAG/serial debug unit", "device": "/dev/cu.usbmodem12201", "hwid": "USB VID:PID=303A:1001 SER=B4:3A:45:A5:87:F8 LOCATION=0-1.2.2", "location": "0-1.2.2", "manufacturer": "Espressif", "pid": 4097, "product": "USB JTAG/serial debug unit", "serial_number": "B4:3A:45:A5:87:F8", "vid": 12346}
SBOK
sbr{{
VERSION: 40103
}}
sbr{{
APCAD_ABORT: stopped
}}
sbr{{
APCAD_CAPTURE: active=off count=0 capacity=2304 dropped=0 start_ms=0 end_ms=0 alloc=none
}}
sbr{{
AP_FRONTEND_DEBUG: off
}}
sbr{{
TEMPO_STREAM: off
}}
sbr{{
AP_STREAM: off
}}
sbr{{
APCAD_SOAK: armed 110000 ms compact=1
}}
# playback_cmd=ffplay -nodisp -autoexit -loglevel error -ss 0.000 -t 110.000 -i /Users/spectrasynq/SensoryBridge-main 9/docs/forensics/runtime-evidence/20260615T145158-k1-real-music-corpus/rendered/lavern-inmymind-130bpm/lavern-inmymind-130bpm.steady-drums-110s.steady_phase.all_musical.k1-real-music.48k-mono-s16.wav
APCAD_SOAK_DONE,ver=1,active=0,rows=14667,emitted=4889,start_ms=1562971,end_ms=1672971,sample_rate=16000,samples_per_chunk=120,tempo_decim=3,meas_ap_hz=133.335,meas_nov_hz=44.444,i2s_not_ok=0,bytes_mismatch=0,frame_gap=0,timestamp_regression=0,core_bad=0,active_over_7500=0,emitted_active_over_7500=0,active_p95_us=7168,active_max_us=7404,worst_count=16
APCAD_SOAK_WORST,ver=1,rank=0
,frame=221643,t=1663515,active_us=7332,total_us=7366,i2s_us=34,gdft_us=3914,novelty_us=54,tempo_acf_us=157,tempo_update_us=427,tempo_emit_us=837,emitted=1,acf_spread=1,acf_lag_cursor=176,acf_pub=1571,win_bpm=65.00000,top1_bpm=65.00000
APCAD_SOAK_WORST,ver=1,rank=1,frame=211653,t=1588590,active_us=7328,total_us=7362,i2s_us=34,gdft_us=3955,novelty_us=32,tempo_acf_us=256,tempo_update_us=431,tempo_emit_us=935,emitted=1,acf_spread=1,acf_lag_cursor=16,acf_pub=1501,win_bpm=88.00000,top1_bpm=88.00000
APCAD_SOAK_WORST,ver=1,rank=2,frame=215310,t=1616017,active_us=7379,total_us=9752,i2s_us=2373,gdft_us=3966,novelty_us=56,tempo_acf_us=301,tempo_update_us=403,tempo_emit_us=951,emitted=1,acf_spread=1,acf_lag_cursor=4,acf_pub=1527,win_bpm=130.00000,top1_bpm=129.00000
APCAD_SOAK_WORST,ver=1,rank=3,frame=215430,t=1616917,active_us=7350,total_us=9390,i2s_us=2040,gdft_us=3973,novelty_us=67,tempo_acf_us=157,tempo_update_us=426,tempo_emit_us=848,emitted=1,acf_spread=1,acf_lag_cursor=164,acf_pub=1527,win_bpm=130.00000,top1_bpm=129.00000
APCAD_SOAK_WORST,ver=1,rank=4,frame=213195,t=1600155,active_us=7404,total_us=7456,i2s_us=52,gdft_us=3954,novelty_us=36,tempo_acf_us=296,tempo_update_us=419,tempo_emit_us=915,emitted=1,acf_spread=1,acf_lag_cursor=4,acf_pub=1512,win_bpm=65.00000,top1_bpm=65.00000
APCAD_SOAK_WORST,ver=1,rank=5,frame=219681,t=1648800,active_us=7399,total_us=7449,i2s_us=50,gdft_us=3876,novelty_us=53,tempo_acf_us=294,tempo_update_us=432,tempo_emit_us=985,emitted=1,acf_spread=1,acf_lag_cursor=4,acf_pub=1558,win_bpm=105.00000,top1_bpm=131.00000
APCAD_SOAK_WORST,ver=1,rank=6,frame=219975,t=1651005,active_us=7347,total_us=7394,i2s_us=47,gdft_us=3942,novelty_us=44,tempo_acf_us=212,tempo_update_us=417,tempo_emit_us=875,emitted=1,acf_spread=1,acf_lag_cursor=20,acf_pub=1560,win_bpm=131.00000,top1_bpm=130.00000
APCAD_SOAK_WORST,ver=1,rank=7,frame=215424,t=1616872,active_us=7350,total_us=9735,i2s_us=2385,gdft_us=3956,novelty_us=55,tempo_acf_us=177,tempo_update_us=424,tempo_emit_us=865,emitted=1,acf_spread=1,acf_lag_cursor=156,acf_pub=1527,win_bpm=130.00000,top1_bpm=129.00000
APCAD_SOAK_WORST,ver=1,rank=8,frame=218553,t=1640340,active_us=7338,total_us=7388,i2s_us=50,gdft_us=3869,novelty_us=46,tempo_acf_us=343,tempo_update_us=431,tempo_emit_us=1019,emitted=1,acf_spread=1,acf_lag_cursor=4,acf_pub=1550,win_bpm=65.00000,top1_bpm=65.00000
APCAD_SOAK_WORST,ver=1,rank=9,frame=217716,t=1634062,active_us=7336,total_us=9734,i2s_us=2398,gdft_us=3982,novelty_us=50,tempo_acf_us=231,tempo_update_us=390,tempo_emit_us=870,emitted=1,acf_spread=1,acf_lag_cursor=16,acf_pub=1544,win_bpm=130.00000,top1_bpm=65.00000
APCAD_SOAK_WORST,ver=1,rank=10,frame=216579,t=1625535,active_us=7341,total_us=7386,i2s_us=45,gdft_us=3866,novelty_us=48,tempo_acf_us=294,tempo_update_us=419,tempo_emit_us=974,emitted=1,acf_spread=1,acf_lag_cursor=4,acf_pub=1536,win_bpm=86.00000,top1_bpm=86.00000
APCAD_SOAK_WORST,ver=1,rank=11,frame=220668,t=1656202,active_us=7369,total_us=9632,i2s_us=2263,gdft_us=3927,novelty_us=34,tempo_acf_us=344,tempo_update_us=445,tempo_emit_us=1043,emitted=1,acf_spread=1,acf_lag_cursor=4,acf_pub=1565,win_bpm=131.00000,top1_bpm=130.00000
APCAD_SOAK_WORST,ver=1,rank=12,frame=215202,t=1615207,active_us=7344,total_us=9501,i2s_us=2157,gdft_us=4027,novelty_us=52,tempo_acf_us=230,tempo_update_us=425,tempo_emit_us=917,emitted=1,acf_spread=1,acf_lag_cursor=48,acf_pub=1526,win_bpm=130.00000,top1_bpm=130.00000
APCAD_SOAK_WORST,ver=1,rank=13,frame=214605,t=1610730,active_us=7394,total_us=7450,i2s_us=56,gdft_us=3968,novelty_us=60,tempo_acf_us=291,tempo_update_us=414,tempo_emit_us=930,emitted=1,acf_spread=1,acf_lag_cursor=4,acf_pub=1522,win_bpm=130.00000,top1_bpm=130.00000
APCAD_SOAK_WORST,ver=1,rank=14,frame=211392,t=1586632,active_us=7328,total_us=9628,i2s_us=2300,gdft_us=3928,novelty_us=33,tempo_acf_us=244,tempo_update_us=432,tempo_emit_us=950,emitted=1,acf_spread=1,acf_lag_cursor=44,acf_pub=1499,win_bpm=87.00000,top1_bpm=88.00000
APCAD_SOAK_WORST,ver=1,rank=15,frame=211398,t=1586677,active_us=7344,total_us=9606,i2s_us=2262,gdft_us=3912,novelty_us=46,tempo_acf_us=229,tempo_update_us=428,tempo_emit_us=916,emitted=1,acf_spread=1,acf_lag_cursor=52,acf_pub=1499,win_bpm=87.00000,top1_bpm=88.00000
# apcad_soak_status_done=True
sbr{{
APCAD_ABORT: stopped
}}
SBOK
