# capture_start=2026-06-15T15:10:42+0800
# port=/dev/cu.usbmodem12201 baud=115200 duration_ms=120000
# track=/Users/spectrasynq/SensoryBridge-main 9/docs/forensics/runtime-evidence/20260615T145158-k1-real-music-corpus/rendered/hi-lo-poseidon-127bpm/hi-lo-poseidon-127bpm.instrumental-body-120s.steady_phase.all_musical.k1-real-music.48k-mono-s16.wav
# track_sha256=1021a8746f13c99baf6b12bd13a950e90382b7762d827d6349db9889daf77cd0
# player=ffplay start_ms=0 playback_gain_db=0.0
# non_actions=no calibration,no tempo tuning,no production DSP change
# serial_identity={"description": "USB JTAG/serial debug unit", "device": "/dev/cu.usbmodem12201", "hwid": "USB VID:PID=303A:1001 SER=B4:3A:45:A5:87:F8 LOCATION=0-1.2.2", "location": "0-1.2.2", "manufacturer": "Espressif", "pid": 4097, "product": "USB JTAG/serial debug unit", "serial_number": "B4:3A:45:A5:87:F8", "vid": 12346}
SBOK
sbr{{
VERSION: 40103
}}
sbr{{
APCAD_ABORT: stopped
}}
sbr{{
APCAD_CAPTURE: active=off count=0 capacity=2304 dropped=0 start_ms=0 end_ms=0 alloc=none
}}
sbr{{
AP_FRONTEND_DEBUG: off
}}
sbr{{
TEMPO_STREAM: off
}}
sbr{{
AP_STREAM: off
}}
sbr{{
APCAD_SOAK: armed 120000 ms compact=1
}}
# playback_cmd=ffplay -nodisp -autoexit -loglevel error -ss 0.000 -t 120.000 -i /Users/spectrasynq/SensoryBridge-main 9/docs/forensics/runtime-evidence/20260615T145158-k1-real-music-corpus/rendered/hi-lo-poseidon-127bpm/hi-lo-poseidon-127bpm.instrumental-body-120s.steady_phase.all_musical.k1-real-music.48k-mono-s16.wav
APCAD_SOAK_DONE,ver=1,active=0,rows=16001,emitted=5333,start_ms=1195456,end_ms=1315456,sample_rate=16000,samples_per_chunk=120,tempo_decim=3,meas_ap_hz=133.334,meas_nov_hz=44.444,i2s_not_ok=0,bytes_mismatch=0,frame_gap=0,timestamp_regression=0,core_bad=0,active_over_7500=0,emitted_active_over_7500=0,active_p95_us=7040,active_max_us=7410,worst_count=16
APCAD_SOAK_WORST,ver=1,rank=0,frame=170049,t=1276560,active_us=7410,total_us=7446,i2s_us=36,gdft_us=3940,novelty_us=58,tempo_acf_us=289,tempo_update_us=432,tempo_emit_us=965,emitted=1,acf_spread=1,acf_lag_cursor=4,acf_pub=1206,win_bpm=127.00000,top1_bpm=127.00000
APCAD_SOAK_WORST,ver=1,rank=1,frame=173583,t=1303065,active_us=7318,total_us=7355,i2s_us=37,gdft_us=3968,novelty_us=70,tempo_acf_us=214,tempo_update_us=418,tempo_emit_us=842,emitted=1,acf_spread=1,acf_lag_cursor=16,acf_pub=1231,win_bpm=85.00000,top1_bpm=85.00000
APCAD_SOAK_WORST,ver=1,rank=2,frame=174678,t=1311277,active_us=7333,total_us=9734,i2s_us=2401,gdft_us=4005,novelty_us=53,tempo_acf_us=157,tempo_update_us=430,tempo_emit_us=854,emitted=1,acf_spread=1,acf_lag_cursor=160,acf_pub=1238,win_bpm=85.00000,top1_bpm=85.00000
APCAD_SOAK_WORST,ver=1,rank=3,frame=161172,t=1209982,active_us=7361,total_us=9702,i2s_us=2341,gdft_us=4005,novelty_us=53,tempo_acf_us=226,tempo_update_us=394,tempo_emit_us=867,emitted=1,acf_spread=1,acf_lag_cursor=12,acf_pub=1143,win_bpm=127.00000,top1_bpm=127.00000
APCAD_SOAK_WORST,ver=1,rank=4,frame=170331,t=1278675,active_us=7324,total_us=7385,i2s_us=61,gdft_us=3958,novelty_us=33,tempo_acf_us=291,tempo_update_us=435,tempo_emit_us=962,emitted=1,acf_spread=1,acf_lag_cursor=4,acf_pub=1208,win_bpm=127.00000,top1_bpm=127.00000
APCAD_SOAK_WORST,ver=1,rank=5,frame=168105,t=1261980,active_us=7331,total_us=7384,i2s_us=53,gdft_us=3929,novelty_us=65,tempo_acf_us=200,tempo_update_us=435,tempo_emit_us=911,emitted=1,acf_spread=1,acf_lag_cursor=44,acf_pub=1192,win_bpm=127.00000,top1_bpm=127.00000
APCAD_SOAK_WORST,ver=1,rank=6,frame=164034,t=1231447,active_us=7359,total_us=9625,i2s_us=2266,gdft_us=3958,novelty_us=36,tempo_acf_us=241,tempo_update_us=434,tempo_emit_us=956,emitted=1,acf_spread=1,acf_lag_cursor=68,acf_pub=1163,win_bpm=127.00000,top1_bpm=127.00000
APCAD_SOAK_WORST,ver=1,rank=7,frame=164550,t=1235317,active_us=7335,total_us=9671,i2s_us=2336,gdft_us=3938,novelty_us=50,tempo_acf_us=312,tempo_update_us=430,tempo_emit_us=984,emitted=1,acf_spread=1,acf_lag_cursor=4,acf_pub=1167,win_bpm=127.00000,top1_bpm=127.00000
APCAD_SOAK_WORST,ver=1,rank=8,frame=170613,t=1280790,active_us=7351,total_us=7384,i2s_us=33,gdft_us=3971,novelty_us=39,tempo_acf_us=350,tempo_update_us=424,tempo_emit_us=1014,emitted=1,acf_spread=1,acf_lag_cursor=4,acf_pub=1210,win_bpm=127.00000,top1_bpm=127.00000
APCAD_SOAK_WORST,ver=1,rank=9,frame=173577,t=1303020,active_us=7326,total_us=7379,i2s_us=53,gdft_us=3945,novelty_us=53,tempo_acf_us=216,tempo_update_us=424,tempo_emit_us=887,emitted=1,acf_spread=1,acf_lag_cursor=8,acf_pub=1231,win_bpm=85.00000,top1_bpm=85.00000
APCAD_SOAK_WORST,ver=1,rank=10,frame=166665,t=1251180,active_us=7387,total_us=7419,i2s_us=32,gdft_us=3968,novelty_us=35,tempo_acf_us=393,tempo_update_us=440,tempo_emit_us=1093,emitted=1,acf_spread=1,acf_lag_cursor=4,acf_pub=1182,win_bpm=127.00000,top1_bpm=127.00000
APCAD_SOAK_WORST,ver=1,rank=11,frame=169080,t=1269292,active_us=7331,total_us=9568,i2s_us=2237,gdft_us=4011,novelty_us=54,tempo_acf_us=204,tempo_update_us=429,tempo_emit_us=900,emitted=1,acf_spread=1,acf_lag_cursor=28,acf_pub=1199,win_bpm=127.00000,top1_bpm=127.00000
APCAD_SOAK_WORST,ver=1,rank=12,frame=162027,t=1216395,active_us=7321,total_us=7377,i2s_us=56,gdft_us=3913,novelty_us=42,tempo_acf_us=213,tempo_update_us=430,tempo_emit_us=863,emitted=1,acf_spread=1,acf_lag_cursor=24,acf_pub=1149,win_bpm=127.00000,top1_bpm=85.00000
APCAD_SOAK_WORST,ver=1,rank=13,frame=161775,t=1214505,active_us=7317,total_us=7350,i2s_us=33,gdft_us=3930,novelty_us=47,tempo_acf_us=304,tempo_update_us=435,tempo_emit_us=987,emitted=1,acf_spread=1,acf_lag_cursor=64,acf_pub=1147,win_bpm=127.00000,top1_bpm=127.00000
APCAD_SOAK_WORST,ver=1,rank=14,frame=170619,t=1280835,active_us=7315,total_us=7348,i2s_us=33,gdft_us=3943,novelty_us=53,tempo_acf_us=239,tempo_update_us=426,tempo_emit_us=930,emitted=1,acf_spread=1,acf_lag_cursor=12,acf_pub=1210,win_bpm=127.00000,top1_bpm=127.00000
APCAD_SOAK_WORST,ver=1,rank=15,frame=163362,t=1226407,active_us=7321,total_us=9633,i2s_us=2312,gdft_us=3950,novelty_us=43,tempo_acf_us=172,tempo_update_us=412,tempo_emit_us=835,emitted=1,acf_spread=1,acf_lag_cursor=112,acf_pub=1158,win_bpm=127.00000,top1_bpm=85.00000
# apcad_soak_status_done=True
sbr{{
APCAD_ABORT: stopped
}}
SBOK
