# capture_start=2026-06-15T15:01:52+0800
# port=/dev/cu.usbmodem12201 baud=115200 duration_ms=120000
# track=/Users/spectrasynq/SensoryBridge-main 9/docs/forensics/runtime-evidence/20260615T145158-k1-real-music-corpus/rendered/djkuba-neitanxravekings-renaissance-138bpm/djkuba-neitanxravekings-renaissance-138bpm.steady-drums-120s.steady_phase.all_musical.k1-real-music.48k-mono-s16.wav
# track_sha256=5b55d4e77c5f26f74a52dbb5f9f9500f400b1971a183ba1dcff451f11442ae52
# player=ffplay start_ms=0 playback_gain_db=0.0
# non_actions=no calibration,no tempo tuning,no production DSP change
# serial_identity={"description": "USB JTAG/serial debug unit", "device": "/dev/cu.usbmodem12201", "hwid": "USB VID:PID=303A:1001 SER=B4:3A:45:A5:87:F8 LOCATION=0-1.2.2", "location": "0-1.2.2", "manufacturer": "Espressif", "pid": 4097, "product": "USB JTAG/serial debug unit", "serial_number": "B4:3A:45:A5:87:F8", "vid": 12346}
SBOK
sbr{{
VERSION: 40103
}}
sbr{{
APCAD_ABORT: stopped
}}
sbr{{
APCAD_CAPTURE: active=off count=0 capacity=2304 dropped=0 start_ms=0 end_ms=0 alloc=none
}}
sbr{{
AP_FRONTEND_DEBUG: off
}}
sbr{{
TEMPO_STREAM: off
}}
sbr{{
AP_STREAM: off
}}
sbr{{
APCAD_SOAK: armed 120000 ms compact=1
}}
# playback_cmd=ffplay -nodisp -autoexit -loglevel error -ss 0.000 -t 120.000 -i /Users/spectrasynq/SensoryBridge-main 9/docs/forensics/runtime-evidence/20260615T145158-k1-real-music-corpus/rendered/djkuba-neitanxravekings-renaissance-138bpm/djkuba-neitanxravekings-renaissance-138bpm.steady-drums-120s.steady_phase.all_musical.k1-real-music.48k-mono-s16.wav
APCAD_SOAK_DONE,ver=1,active=0,rows=16000,emitted=5333,start_ms=665041,end_ms=785041,sample_rate=16000,samples_per_chunk=120,tempo_decim=3,meas_ap_hz=133.335,meas_nov_hz=44.444,i2s_not_ok=0,bytes_mismatch=0,frame_gap=0,timestamp_regression=0,core_bad=0,active_over_7500=0,emitted_active_over_7500=0,active_p95_us=7040,active_max_us=7400,worst_count=16
APCAD_SOAK_WORST,ver=1,rank=0,frame=94656,t=711112,active_us=7363,total_us=9334,i2s_us=1971,gdft_us=3992,novelty_us=55,tempo_acf_us=216,tempo_update_us=411,tempo_emit_us=883,emitted=1,acf_spread=1,acf_lag_cursor=60,acf_pub=671,win_bpm=69.00000,top1_bpm=69.00000
APCAD_SOAK_WORST,ver=1,rank=1,frame=100677,t=756270,active_us=7327,total_us=7384,i2s_us=57,gdft_us=3867,novelty_us=53,tempo_acf_us=292,tempo_update_us=438,tempo_emit_us=998,emitted=1,acf_spread=1,acf_lag_cursor=4,acf_pub=714,win_bpm=92.00000,top1_bpm=92.00000
APCAD_SOAK_WORST,ver=1,rank=2,frame=91659,t=688635,active_us=7330,total_us=7381,i2s_us=51,gdft_us=3931,novelty_us=35,tempo_acf_us=241,tempo_upd
ate_us=435,tempo_emit_us=950,emitted=1,acf_spread=1,acf_lag_cursor=12,acf_pub=650,win_bpm=69.00000,top1_bpm=69.00000
APCAD_SOAK_WORST,ver=1,rank=3,frame=98562,t=740407,active_us=7343,total_us=9461,i2s_us=2118,gdft_us=3906,novelty_us=35,tempo_acf_us=336,tempo_update_us=419,tempo_emit_us=1008,emitted=1,acf_spread=1,acf_lag_cursor=4,acf_pub=699,win_bpm=69.00000,top1_bpm=69.00000
APCAD_SOAK_WORST,ver=1,rank=4,frame=103119,t=774585,active_us=7328,total_us=7359,i2s_us=31,gdft_us=4014,novelty_us=46,tempo_acf_us=220,tempo_update_us=422,tempo_emit_us=893,emitted=1,acf_spread=1,acf_lag_cursor=64,acf_pub=731,win_bpm=138.00000,top1_bpm=69.00000
APCAD_SOAK_WORST,ver=1,rank=5,frame=91242,t=685507,active_us=7333,total_us=9765,i2s_us=2432,gdft_us=3945,novelty_us=51,tempo_acf_us=219,tempo_update_us=442,tempo_emit_us=926,emitted=1,acf_spread=1,acf_lag_cursor=20,acf_pub=647,win_bpm=69.00000,top1_bpm=69.00000
APCAD_SOAK_WORST,ver=1,rank=6,frame=103782,t=779557,active_us=7330,total_us=9675,i2s_us=2345,gdft_us=3921,novelty_us=41,tempo_acf_us=291,tempo_update_us=438,tempo_emit_us=980,emitted=1,acf_spread=1,acf_lag_cursor=8,acf_pub=736,win_bpm=138.00000,top1_bpm=69.00000
APCAD_SOAK_WORST,ver=1,rank=7,frame=94050,t=706567,active_us=7332,total_us=9581,i2s_us=2249,gdft_us=3896,novelty_us=40,tempo_acf_us=320,tempo_update_us=439,tempo_emit_us=1000,emitted=1,acf_spread=1,acf_lag_cursor=4,acf_pub=667,win_bpm=69.00000,top1_bpm=69.00000
APCAD_SOAK_WORST,ver=1,rank=8,frame=101106,t=759487,active_us=7329,total_us=9501,i2s_us=2172,gdft_us=3958,novelty_us=50,tempo_acf_us=231,tempo_update_us=431,tempo_emit_us=921,emitted=1,acf_spread=1,acf_lag_cursor=12,acf_pub=717,win_bpm=92.00000,top1_bpm=92.00000
APCAD_SOAK_WORST,ver=1,rank=9,frame=102114,t=767047,active_us=7380,total_us=9741,i2s_us=2361,gdft_us=3998,novelty_us=45,tempo_acf_us=210,tempo_update_us=419,tempo_emit_us=887,emitted=1,acf_spread=1,acf_lag_cursor=40,acf_pub=724,win_bpm=138.00000,top1_bpm=69.00000
APCAD_SOAK_WORST,ver=1,rank=10,frame=91653,t=688590,active_us=7340,total_us=7372,i2s_us=32,gdft_us=4028,novelty_us=41,tempo_acf_us=359,tempo_update_us=441,tempo_emit_us=1041,emitted=1,acf_spread=1,acf_lag_cursor=4,acf_pub=650,win_bpm=69.00000,top1_bpm=69.00000
APCAD_SOAK_WORST,ver=1,rank=11,frame=100875,t=757755,active_us=7322,total_us=7378,i2s_us=56,gdft_us=4062,novelty_us=56,tempo_acf_us=192,tempo_update_us=434,tempo_emit_us=807,emitted=1,acf_spread=1,acf_lag_cursor=80,acf_pub=715,win_bpm=92.00000,top1_bpm=92.00000
APCAD_SOAK_WORST,ver=1,rank=12,frame=101946,t=765787,active_us=7400,total_us=9514,i2s_us=2114,gdft_us=4024,novelty_us=51,tempo_acf_us=301,tempo_update_us=423,tempo_emit_us=976,emitted=1,acf_spread=1,acf_lag_cursor=4,acf_pub=723,win_bpm=138.00000,top1_bpm=69.00000
APCAD_SOAK_WORST,ver=1,rank=13,frame=98898,t=742927,active_us=7348,total_us=9349,i2s_us=2001,gdft_us=3937,novelty_us=53,tempo_acf_us=189,tempo_update_us=432,tempo_emit_us=876,emitted=1,acf_spread=1,acf_lag_cursor=76,acf_pub=701,win_bpm=69.00000,top1_bpm=69.00000
APCAD_SOAK_WORST,ver=1,rank=14,frame=102933,t=773190,active_us=7378,total_us=7430,i2s_us=52,gdft_us=3924,novelty_us=51,tempo_acf_us=292,tempo_update_us=416,tempo_emit_us=914,emitted=1,acf_spread=1,acf_lag_cursor=4,acf_pub=730,win_bpm=138.00000,top1_bpm=69.00000
APCAD_SOAK_WORST,ver=1,rank=15,frame=94647,t=711045,active_us=7349,total_us=7392,i2s_us=43,gdft_us=3969,novelty_us=47,tempo_acf_us=201,tempo_update_us=414,tempo_emit_us=818,emitted=1,acf_spread=1,acf_lag_cursor=48,acf_pub=671,win_bpm=69.00000,top1_bpm=69.00000
# apcad_soak_status_done=True
sbr{{
APCAD_ABORT: stopped
}}
SBOK
