# capture_start=2026-06-15T15:06:17+0800
# port=/dev/cu.usbmodem12201 baud=115200 duration_ms=120000
# track=/Users/spectrasynq/SensoryBridge-main 9/docs/forensics/runtime-evidence/20260615T145158-k1-real-music-corpus/rendered/eric-clapton-wonderful-tonight-95bpm/eric-clapton-wonderful-tonight-95bpm.steady-drums-120s.steady_phase.all_musical.k1-real-music.48k-mono-s16.wav
# track_sha256=360ab090da37f07357577e282ab3d8e9947d67fc83b5e3cb6fb5ed279892b555
# player=ffplay start_ms=0 playback_gain_db=0.0
# non_actions=no calibration,no tempo tuning,no production DSP change
# serial_identity={"description": "USB JTAG/serial debug unit", "device": "/dev/cu.usbmodem12201", "hwid": "USB VID:PID=303A:1001 SER=B4:3A:45:A5:87:F8 LOCATION=0-1.2.2", "location": "0-1.2.2", "manufacturer": "Espressif", "pid": 4097, "product": "USB JTAG/serial debug unit", "serial_number": "B4:3A:45:A5:87:F8", "vid": 12346}
SBOK
sbr{{
VERSION: 40103
}}
sbr{{
APCAD_ABORT: stopped
}}
sbr{{
APCAD_CAPTURE: active=off count=0 capacity=2304 dropped=0 start_ms=0 end_ms=0 alloc=none
}}
sbr{{
AP_FRONTEND_DEBUG: off
}}
sbr{{
TEMPO_STREAM: off
}}
sbr{{
AP_STREAM: off
}}
sbr{{
APCAD_SOAK: armed 120000 ms compact=1
}}
# playback_cmd=ffplay -nodisp -autoexit -loglevel error -ss 0.000 -t 120.000 -i /Users/spectrasynq/SensoryBridge-main 9/docs/forensics/runtime-evidence/20260615T145158-k1-real-music-corpus/rendered/eric-clapton-wonderful-tonight-95bpm/eric-clapton-wonderful-tonight-95bpm.steady-drums-120s.steady_phase.all_musical.k1-real-music.48k-mono-s16.wav
APCAD_SOAK_DONE,ver=1,active=0,rows=16000,emitted=5334,start_ms=930645,end_ms=1050645,sample_rate=16000,samples_per_chunk=120,tempo_decim=3,meas_ap_hz=133.335,meas_nov_hz=44.445,i2s_not_ok=0,bytes_mismatch=0,frame_gap=0,timestamp_regression=0,core_bad=0,active_over_7500=0,emitted_active_over_7500=0,active_p95_us=7040,active_max_us=7376,worst_count=16
APCAD_SOAK_WORST,ver=1,rank=0,frame=131844,t=990022,active_us=7370,total_us=9767,i2s_us=2397,gdft_us=3983,novelty_us=38,tempo_acf_us=227,tempo_update_us=429,tempo_emit_us=908,emitted=1,acf_spread=1,acf_lag_cursor=12,acf_pub=935,win_bpm=95.00000,top1_bpm=95.00000
APCAD_SOAK_WORST,ver=1,rank=1,frame=132141,t=992250,active_us=7338,total_us=7368,i2s_us=30,gdft_us=3979,novelty_us=51,tempo_acf_us=219,tempo_update_us=416,tempo_emit_us=889,emitted=1,acf_spread=1,acf_lag_cursor=32,acf_pub=937,win_bpm=95.00000,top1_bpm=94.00000
APCAD_SOAK_WORST,ver=1,rank=2,frame=132441,t=994500,active_us=7351,total_us=7385,i2s_us=34,gdft_us=3885,novelty_us=55,tempo_acf_us=200,tempo_update_us=435,tempo_emit_us=897,emitted=1,acf_spread=1,acf_lag_cursor=56,acf_pub=939,win_bpm=95.00000,top1_bpm=94.00000
APCAD_SOAK_WORST,ver=1,rank=3,frame=132450,t=994567,active_us=7330,total_us=9603,i2s_us=2273,gdft_us=3924,novelty_us=42,tempo_acf_us=223,tempo_update_us=434,tempo_emit_us=910,emitted=1,acf_spread=1,acf_lag_cursor=68,acf_pub=939,win_bpm=95.00000,top1_bpm=94.00000
APCAD_SOAK_WORST,ver=1,rank=4,frame=125832,t=944932,active_us=7330,total_us=9651,i2s_us=2321,gdft_us=3955,novelty_us=32,tempo_acf_us=191,tempo_update_us=427,tempo_emit_us=877,emitted=1,acf_spread=1,acf_lag_cursor=80,acf_pub=892,win_bpm=94.00000,top1_bpm=94.00000
APCAD_SOAK_WORST,ver=1,rank=5,frame=131706,t=988987,active_us=7363,total_us=9703,i2s_us=2340,gdft_us=3983,novelty_us=37,tempo_acf_us=239,tempo_update_us=435,tempo_emit_us=923,emitted=1,acf_spread=1,acf_lag_cursor=16,acf_pub=934,win_bpm=95.00000,top1_bpm=95.00000
APCAD_SOAK_WORST,ver=1,rank=6,frame=127899,t=960435,active_us=7330,total_us=7361,i2s_us=31,gdft_us=3821,novelty_us=40,tempo_acf_us=219,tempo_update_us=419,tempo_emit_us=908,emitted=1,acf_spread=1,acf_lag_cursor=16,acf_pub=907,win_bpm=95.00000,top1_bpm=94.00000
APCAD_SOAK_WORST,ver=1,rank=7,frame=128454,t=964597,active_us=7351,total_us=9557,i2s_us=2206,gdft_us=3896,novelty_us=39,tempo_acf_us=338,tempo_update_us=436,tempo_emit_us=1024,emitted=1,acf_spread=1,acf_lag_cursor=4,acf_pub=911,win_bpm=95.00000,top1_bpm=94.00000
APCAD_SOAK_WORST,ver=1,rank=8,frame=126138,t=947226,active_us=7358,total_us=9867,i2s_us=2509,gdft_us=3999,novelty_us=51,tempo_acf_us=198,tempo_update_us=432,tempo_emit_us=898,emitted=1,acf_spread=1,acf_lag_cursor=112,acf_pub=894,win_bpm=94.00000,top1_bpm=94.00000
APCAD_SOAK_WORST,ver=1,rank=9,frame=127914,t=960547,active_us=7357,total_us=9676,i2s_us=2319,gdft_us=3940,novelty_us=49,tempo_acf_us=208,tempo_update_us=436,tempo_emit_us=910,emitted=1,acf_spread=1,acf_lag_cursor=36,acf_pub=907,win_bpm=95.00000,top1_bpm=94.00000
APCAD_SOAK_WORST,ver=1,rank=10,frame=125826,t=944887,active_us=7372,total_us=9482,i2s_us=2110,gdft_us=3990,novelty_us=44,tempo_acf_us=195,tempo_update_us=425,tempo_emit_us=879,emitted=1,acf_spread=1,acf_lag_cursor=72,acf_pub=892,win_bpm=94.00000,top1_bpm=94.00000
APCAD_SOAK_WORST,ver=1,rank=11,frame=125514,t=942547,active_us=7376,total_us=9410,i2s_us=2034,gdft_us=3934,novelty_us=49,tempo_acf_us=222,tempo_update_us=419,tempo_emit_us=904,emitted=1,acf_spread=1,acf_lag_cursor=32,acf_pub=890,win_bpm=94.00000,top1_bpm=94.00000
APCAD_SOAK_WORST,ver=1,rank=12,frame=130728,t=981652,active_us=7327,total_us=9656,i2s_us=2329,gdft_us=3884,novelty_us=38,tempo_acf_us=242,tempo_update_us=440,tempo_emit_us=931,emitted=1,acf_spread=1,acf_lag_cursor=28,acf_pub=927,win_bpm=95.00000,top1_bpm=95.00000
APCAD_SOAK_WORST,ver=1,rank=13,frame=136827,t=1027395,active_us=7348,total_us=7379,i2s_us=31,gdft_us=3999,novelty_us=49,tempo_acf_us=242,tempo_update_us=421,tempo_emit_us=932,emitted=1,acf_spread=1,acf_lag_cursor=76,acf_pub=970,win_bpm=95.00000,top1_bpm=95.00000
APCAD_SOAK_WORST,ver=1,rank=14,frame=125109,t=939510,active_us=7333,total_us=7384,i2s_us=51,gdft_us=3926,novelty_us=53,tempo_acf_us=198,tempo_update_us=421,tempo_emit_us=844,emitted=1,acf_spread=1,acf_lag_cursor=56,acf_pub=887,win_bpm=93.00000,top1_bpm=93.00000
APCAD_SOAK_WORST,ver=1,rank=15,frame=136848,t=1027552,active_us=7343,total_us=9706,i2s_us=2363,gdft_us=4000,novelty_us=50,tempo_acf_us=186,tempo_update_us=439,tempo_emit_us=874,emitted=1,acf_spread=1,acf_lag_cursor=104,acf_pub=970,win_bpm=95.00000,top1_bpm=95.00000
# apcad_soak_status_done=True
sbr{{
APCAD_ABORT: stopped
}}
SBOK
