1783415370.713 set=0 bass=1 ostr=0.03 | k1_loud=1 input_trim=1.000 gdft_trim=0.887 agc_gain=0.847 agc_env=0.000 clip_pct=0.000 near_pct=0.000 peak_pin=0.092 spec_pin=0.000 spec_sat=0.000
1783415370.713  | k1_loud=1 input_trim=1.000 gdft_trim=0.920 agc_gain=0.771 agc_env=0.000 clip_pct=0.000 near_pct=0.000 peak_pin=0.077 spec_pin=0.000 spec_sat=0.000
1783415370.714 [AP] SSL=215 DC=-4545 max_raw=286 follower=281 peak_scaled=0.413 response_gain=1.000 silent_scale=1.000 silence=0 cal_source=config cal_valid=1 cal_reason=none | bpm=102.0 conf=0.07 lock=0 phase=0.07 beat=0 bstr=0.36 | onset=0 bass=1 ostr=0.02 | k1_loud=1 input_trim=1.000 gdft_trim=0.950 agc_gain=0.814 agc_env=0.000 clip_pct=0.000 near_pct=0.000 peak_pin=0.045 spec_pin=0.000 spec_sat=0.000
1783415370.716 [AP] SSL=215 DC=-4545 max_raw=177 follower=667 peak_scaled=0.198 response_gain=1.000 silent_scale=1.000 silence=0 cal_source=config cal_valid=1 cal_reason=none | bpm=94.0 conf=0.45 lock=0 phase=0.70 beat=0 bstr=0.04 | onset=0 bass=0 ostr=0.00 | k1_loud=1 input_trim=1.000 gdftESP-ROM:esp32s3-20210327
1783415370.716 Build:Mar 27 2021
1783415370.716 rst:0x15 (USB_UART_CHIP_RESET),boot:0x8 (SPI_FAST_FLASH_BOOT)
1783415370.716 Saved PC:0x4202671c
1783415370.716 SPIWP:0xee
1783415370.716 mode:DIO, clock div:1
1783415370.716 load:0x3fce2820,len:0x118c
1783415370.716 load:0x403c8700,len:0x4
1783415370.717 load:0x403c8704,len:0xc20
1783415370.717 load:0x403cb700,len:0x30e0
1783415370.717 entry 0x403c88b8
1783415370.717 ---------------------------
1783415370.717 SENSORY BRIDGE | VER: 40103
1783415370.717 ---------------------------
1783415370.717 
1783415370.717 INIT_SERIAL: PASS
1783415370.717 INIT FILESYSTEM: PASS
1783415370.717 INIT_LEDS: PASS
1783415370.717 INIT I2S (channel): PASS
1783415370.717 I2S STD INIT: PASS
1783415370.717 I2S ENABLE: PASS
1783415370.718 GENERATING A-WEIGHTS: DONE IN 0.549 MS
1783415370.718 GENERATING HANN WINDOW LOOKUP TABLE: DONE IN 5.005 MS
1783415370.718 INITIALIZING COCHLEAR AGC: DONE IN 0.068 MS
1783415370.718 SYSTEM INIT COMPLETE!
1783415370.718 WAVEFORM_HISTORY: OK @ 0x3C0A09D8
1783415370.718 INIT_SECONDARY_LEDS: PASS
1783415370.718 RUNTIME_TIMING_GUARD: timing_ok=1 sample_rate=12800 samples_per_chunk=96 tempo_decim=3 declared_ap_hz=133.333 declared_nov_hz=44.444 response_gain=1.000 dma_desc=3 ap_core=0 vp_core=1 core_ok=1 vp_task_created=1
1783415370.719 [AP] SSL=215 DC=-4545 max_raw=3122 follower=727 peak_scaled=2.600 response_gain=1.000 silent_scale=1.000 silence=0 cal_source=config cal_valid=1 cal_reason=none | bpm=0.0 conf=0.00 lock=0 phase=0.00 beat=0 bstr=0.00 | onset=0 bass=0 ostr=0.00 | k1_loud=1 input_trim=1.000 gdft_trim=1.000 agc_gain=1.000 agc_env=0.000 clip_pct=0.000 near_pct=0.000 peak_pin=0.000 spec_pin=0.000 spec_sat=0.000
1783415370.720 [AP] SSL=215 DC=-4545 max_raw=223 follower=1833 peak_scaled=0.103 response_gain=1.000 silent_scale=1.000 silence=0 cal_source=config cal_valid=1 cal_reason=none | bpm=132.0 conf=0.33 lock=0 phase=0.47 beat=0 bstr=0.05 | onset=0 bass=1 ostr=0.02 | k1_loud=1 input_trim=1.000 gdft_trim=0.900 agc_gain=0.692 agc_env=0.000 clip_pct=0.000 near_pct=0.000 peak_pin=0.054 spec_pin=0.000 spec_sat=0.000
1783415370.720 [AP] SSL=215 DC=-4545 max_raw=663 follower=1016 peak_scaled=0.452 response_gain=1.000 silent_scale=1.000 silence=0 cal_source=config cal_valid=1 cal_reason=none | bpm=132.0 conf=0.50 lock=0 phase=0.68 beat=0 bstr=0.18 | onset=0 bass=0 ostr=0.00 | k1_loud=1 input_trim=1.000 gdft_trim=0.937 agc_gain=0.928 agc_env=0.000 clip_pct=0.000 near_pct=0.000 peak_pin=0.009 spec_pin=0.000 spec_sat=0.000
1783415370.721 [AP] SSL=215 DC=-4545 max_raw=768 follower=754 peak_scaled=0.728 response_gain=1.000 silent_scale=1.000 silence=0 cal_source=config cal_valid=1 cal_reason=none | bpm=132.0 conf=0.41 lock=0 phase=0.86 beat=0 bstr=0.47 | onset=1 bass=0 ostr=0.00 | k1_loud=1 input_trim=1.000 gdft_trim=0.960 agc_gain=0.868 agc_env=0.000 clip_pct=0.000 near_pct=0.000 peak_pin=0.001 spec_pin=0.000 spec_sat=0.000
1783415370.722 [AP] SSL=215 DC=-4545 max_raw=984 follower=729 peak_scaled=0.987 response_gain=1.000 silent_scale=1.000 silence=0 cal_source=config cal_valid=1 cal_reason=none | bpm=132.0 conf=0.38 lock=0 phase=0.09 beat=0 bstr=0.46 | onset=0 bass=1 ostr=0.03 | k1_loud=1 input_trim=1.000 gdft_trim=0.884 agc_gain=0.799 agc_env=0.000 clip_pct=0.000 near_pct=0.000 peak_pin=0.220 spec_pin=0.000 spec_sat=0.000
1783415370.722 [AP] SSL=215 DC=-4545 max_raw=874 follower=680 peak_scaled=0.942 response_gain=1.000 silent_scale=1.000 silence=0 cal_source=config cal_valid=1 cal_reason=none | bpm=99.0 conf=0.18 lock=0 phase=0.01 beat=0 bstr=0.24 | onset=1 bass=0 ostr=0.00 | k1_loud=1 input_trim=1.000 gdft_trim=0.745 agc_gain=0.673 agc_env=0.000 clip_pct=0.000 near_pct=0.000 peak_pin=0.380 spec_pin=0.000 spec_sat=0.000
1783415370.723 [AP] SSL=215 DC=-4545 max_raw=703 follower=664 peak_scaled=0.934 response_gain=1.000 silent_scale=1.000 silence=0 cal_source=config cal_valid=1 cal_reason=none | bpm=99.0 conf=0.14 lock=0 phase=0.65 beat=0 bstr=0.12 | onset=0 bass=1 ostr=0.03 | k1_loud=1 input_trim=1.000 gdft_trim=0.705 agc_gain=0.665 agc_env=0.000 clip_pct=0.000 near_pct=0.000 peak_pin=0.376 spec_pin=0.000 spec_sat=0.000
1783415370.723 [AP] SSL=215 DC=-4545 max_raw=723 follower=722 peak_scaled=0.735 response_gain=1.000 silent_scale=1.000 silence=0 cal_source=config cal_valid=1 cal_reason=none | bpm=99.0 conf=0.15 lock=0 phase=0.32 beat=0 bstr=0.15 | onset=0 bass=1 ostr=0.03 | k1_loud=1 input_trim=1.000 gdft_trim=0.721 agc_gain=0.696 agc_env=0.000 clip_pct=0.000 near_pct=0.000 peak_pin=0.177 spec_pin=0.000 spec_sat=0.000
1783415371.234 >>> :build
1783415371.235 sberr[[
1783415371.235 Bad command: build
1783415371.235 ]]
1783415371.719 [AP] SSL=215 DC=-4545 max_raw=653 follower=649 peak_scaled=0.823 response_gain=1.000 silent_scale=1.000 silence=0 cal_source=config cal_valid=1 cal_reason=none | bpm=99.0 conf=0.12 lock=0 phase=0.99 beat=0 bstr=0.42 | onset=0 bass=0 ostr=0.00 | k1_loud=1 input_trim=1.000 gdft_trim=0.790 agc_gain=0.691 agc_env=0.000 clip_pct=0.000 near_pct=0.000 peak_pin=0.161 spec_pin=0.000 spec_sat=0.000
1783415372.722 [AP] SSL=215 DC=-4545 max_raw=694 follower=639 peak_scaled=0.870 response_gain=1.000 silent_scale=1.000 silence=0 cal_source=config cal_valid=1 cal_reason=none | bpm=99.0 conf=0.13 lock=0 phase=0.62 beat=0 bstr=0.49 | onset=1 bass=0 ostr=0.00 | k1_loud=1 input_trim=1.000 gdft_trim=0.812 agc_gain=0.725 agc_env=0.000 clip_pct=0.000 near_pct=0.000 peak_pin=0.151 spec_pin=0.000 spec_sat=0.000
1783415373.728 [AP] SSL=215 DC=-4545 max_raw=547 follower=592 peak_scaled=0.782 response_gain=1.000 silent_scale=1.000 silence=0 cal_source=config cal_valid=1 cal_reason=none | bpm=132.0 conf=0.17 lock=0 phase=0.31 beat=0 bstr=0.33 | onset=0 bass=0 ostr=0.00 | k1_loud=1 input_trim=1.000 gdft_trim=0.862 agc_gain=0.804 agc_env=0.000 clip_pct=0.000 near_pct=0.000 peak_pin=0.106 spec_pin=0.000 spec_sat=0.000
1783415373.983 >>> :dump
1783415373.995 sbr{{
1783415373.995 FIRMWARE_VERSION: 40103
1783415373.995 CHIP ID: F887A500
1783415373.995 noise_button.pressed: 0
1783415373.995 noise_button.last_down: 0
1783415373.996 noise_button.last_up: 0
1783415373.996 noise_button.pin: 255
1783415373.996 mode_button.pressed: 0
1783415373.996 mode_button.last_down: 0
1783415373.996 mode_button.last_up: 0
1783415373.996 mode_button.pin: 255
1783415373.996 CONFIG.PHOTONS: 1.000000
1783415373.997 CONFIG.CHROMA: 0.250000
1783415373.997 CONFIG.MOOD: 0.200000
1783415373.997 CONFIG.LIGHTSHOW_MODE: 18
1783415373.997 CONFIG.MIRROR_ENABLED: 1
1783415373.997 CONFIG.CHROMAGRAM_RANGE: 60
1783415373.997 CONFIG.SAMPLE_RATE: 12800
1783415373.997 CONFIG.NOTE_OFFSET: 12
1783415373.997 CONFIG.SQUARE_ITER: 1.00
1783415373.998 CONFIG.LED_TYPE: 0
1783415373.998 CONFIG.LED_COUNT: 160
1783415373.998 CONFIG.LED_COLOR_ORDER: 66
1783415373.998 CONFIG.SAMPLES_PER_CHUNK: 96
1783415373.998 CONFIG.SENSITIVITY: 2.400000
1783415373.998 AUDIO_RESPONSE_GAIN: 1.000000
1783415373.998 CONFIG.BOOT_ANIMATION: 1
1783415373.998 CONFIG.SWEET_SPOT_MIN_LEVEL: 215
1783415373.999 CONFIG.SWEET_SPOT_MAX_LEVEL: 30000
1783415373.999 CONFIG.DC_OFFSET: -4545
1783415373.999 CAL_SOURCE: config
1783415373.999 CAL_VALID: 1
1783415373.999 CAL_PROFILE_LOADED: 0
1783415373.999 NOISE_CAL_REASON: none
1783415373.999 NOISE_CAL_DC_SAMPLES: 0
1783415373.999 NOISE_CAL_SSL_P50: 0.0
1783415373.999 NOISE_CAL_SSL_P90: 0.0
1783415373.999 CONFIG.STANDBY_DIMMING: 0
1783415373.999 CONFIG.REVERSE_ORDER: 0
1783415373.999 CONFIG.MAX_CURRENT_MA: 1500
1783415373.999 CONFIG.TEMPORAL_DITHERING: 1
1783415373.999 CONFIG.AUTO_COLOR_SHIFT: 1
1783415373.999 CONFIG.INCANDESCENT_FILTER: 0.00
1783415374.000 CONFIG.INCANDESCENT_MODE: 0
1783415374.000 CONFIG.BULB_OPACITY: 0.00
1783415374.000 CONFIG.SATURATION: 1.00
1783415374.000 CONFIG.PRISM_COUNT: 1.50
1783415374.000 CONFIG.BASE_COAT: 0
1783415374.000 CONFIG.BASE_COAT_INTENSITY: 0.150
1783415374.000 MASTER_BRIGHTNESS: 1.00
1783415374.000 stream_audio: 0
1783415374.001 stream_fps: 0
1783415374.001 stream_max_mags: 0
1783415374.001 stream_max_mags_followers: 0
1783415374.001 stream_magnitudes: 0
1783415374.001 stream_spectrogram: 0
1783415374.001 stream_chromagram: 0
1783415374.001 debug_mode: 0
1783415374.001 noise_complete: 1
1783415374.001 noise_iterations: 0
1783415374.001 next_save_time: 0
1783415374.001 settings_updated: 0
1783415374.001 I2S_PORT: 0
1783415374.002 SAMPLE_HISTORY_LENGTH: 4096
1783415374.002 silence: 0
1783415374.002 mode_destination: -1
1783415374.002 SYSTEM_FPS: 140.32
1783415374.002 LED_FPS: 201.34
1783415374.002 }}
1783415374.734 [AP] SSL=215 DC=-4545 max_raw=643 follower=657 peak_scaled=0.694 response_gain=1.000 silent_scale=1.000 silence=0 cal_source=config cal_valid=1 cal_reason=none | bpm=132.0 conf=0.48 lock=0 phase=0.52 beat=0 bstr=0.45 | onset=0 bass=0 ostr=0.00 | k1_loud=1 input_trim=1.000 gdft_trim=0.851 agc_gain=0.706 agc_env=0.000 clip_pct=0.000 near_pct=0.000 peak_pin=0.156 spec_pin=0.000 spec_sat=0.000
1783415375.738 [AP] SSL=215 DC=-4545 max_raw=744 follower=591 peak_scaled=0.837 response_gain=1.000 silent_scale=1.000 silence=0 cal_source=config cal_valid=1 cal_reason=none | bpm=132.0 conf=0.00 lock=0 phase=0.69 beat=0 bstr=0.30 | onset=0 bass=0 ostr=0.00 | k1_loud=1 input_trim=1.000 gdft_trim=0.861 agc_gain=0.845 agc_env=0.000 clip_pct=0.000 near_pct=0.000 peak_pin=0.135 spec_pin=0.000 spec_sat=0.000
1783415376.743 [AP] SSL=215 DC=-4545 max_raw=375 follower=654 peak_scaled=0.592 response_gain=1.000 silent_scale=1.000 silence=0 cal_source=config cal_valid=1 cal_reason=none | bpm=111.0 conf=0.00 lock=0 phase=0.59 beat=0 bstr=0.04 | onset=0 bass=0 ostr=0.00 | k1_loud=1 input_trim=1.000 gdft_trim=0.850 agc_gain=0.639 agc_env=0.000 clip_pct=0.000 near_pct=0.000 peak_pin=0.167 spec_pin=0.000 spec_sat=0.000
1783415377.750 [AP] SSL=215 DC=-4545 max_raw=415 follower=614 peak_scaled=0.654 response_gain=1.000 silent_scale=1.000 silence=0 cal_source=config cal_valid=1 cal_reason=none | bpm=111.0 conf=0.00 lock=0 phase=0.46 beat=0 bstr=0.06 | onset=0 bass=0 ostr=0.00 | k1_loud=1 input_trim=1.000 gdft_trim=0.877 agc_gain=0.590 agc_env=0.000 clip_pct=0.000 near_pct=0.000 peak_pin=0.109 spec_pin=0.000 spec_sat=0.000
