# paired_capture_schema=k1-stage-attribution-pair/v1
# pair_id=pair-6298bba2c741a6fa919a
# serial_session_id=serial-d0c2b0b9fce3a0957051
# fixture_session_id=fixture-87f6b91f81d8d779cbdf
# paired_phase=compact
# capture_start=2026-08-16T18:26:14+0800
# port=/dev/cu.usbmodem12401 baud=115200 duration_ms=15000
# track=/Users/spectrasynq/Music/Music/Media.localized/Music/Ahmed Spins_Stevo Atambire/Anchor Point EP/Anchor Point.mp3
# track_sha256=02925982cf3900d1925fa0338db8e26432c265f7ca18ee93a06818dd4079a938
# player=ffplay start_ms=0 playback_gain_db=0.0
# non_actions=no calibration,no tempo tuning,no production DSP change
# observed_output_device=Bose Mini II SoundLink
# pre_roll_seconds=10.0
# serial_identity={"description": "USB JTAG/serial debug unit", "device": "/dev/cu.usbmodem12401", "hwid": "USB VID:PID=303A:1001 SER=B4:3A:45:A5:89:B4 LOCATION=0-1.2.4", "location": "0-1.2.4", "manufacturer": "Espressif", "pid": 4097, "product": "USB JTAG/serial debug unit", "serial_number": "B4:3A:45:A5:89:B4", "vid": 12346}
BOOT_LOOP_GUARD: stable_clear=1
# action_ts_monotonic_ms=2454477097 action=stop phase=paired_setup pair_id=pair-6298bba2c741a6fa919a serial_session_id=serial-d0c2b0b9fce3a0957051
K1OK
# action_ts_monotonic_ms=2454477537 action=version phase=paired_setup pair_id=pair-6298bba2c741a6fa919a serial_session_id=serial-d0c2b0b9fce3a0957051
sbr{{
VERSION: 40103
}}
# action_ts_monotonic_ms=2454478573 action=build phase=paired_setup pair_id=pair-6298bba2c741a6fa919a serial_session_id=serial-d0c2b0b9fce3a0957051
sbr{{
BUILD: version=40103 git=be8dd1aa epoch=1786859856 env=k1_bench_scheduling_stage_full_probe
}}
# action_ts_monotonic_ms=2454479590 action=image_id phase=paired_setup pair_id=pair-6298bba2c741a6fa919a serial_session_id=serial-d0c2b0b9fce3a0957051
sbr{{
IMAGE_ID: app_elf_sha256=568cacdf7c8c8f26a09536b484555f2727357a0760eda395c274238ef4243d13
}}
# action_ts_monotonic_ms=2454480616 action=runtime_id phase=paired_setup pair_id=pair-6298bba2c741a6fa919a serial_session_id=serial-d0c2b0b9fce3a0957051
sbr{{
RUNTIME_ID: boot_nonce=1b9ba06168d24b49 uptime_ms=17669 reset_reason=11
}}
# action_ts_monotonic_ms=2454481639 action=apcad_abort=1 phase=paired_setup pair_id=pair-6298bba2c741a6fa919a serial_session_id=serial-d0c2b0b9fce3a0957051
sbr{{
APCAD_ABORT: stopped
}}
# action_ts_monotonic_ms=2454481973 action=apcad_clear=1 phase=paired_setup pair_id=pair-6298bba2c741a6fa919a serial_session_id=serial-d0c2b0b9fce3a0957051
sbr{{
APCAD_CAPTURE: active=off count=0 capacity=2304 dropped=0 start_ms=0 end_ms=0 alloc=none
}}
# action_ts_monotonic_ms=2454482406 action=vp_perf=stop phase=paired_setup pair_id=pair-6298bba2c741a6fa919a serial_session_id=serial-d0c2b0b9fce3a0957051
sbr{{
VP_PERF: stopped
VP_PERF_SEQ: 0
VP_PERF_FRAME: avg=0 max=0 over=0 dropped=0
VP_PERF_INTERVAL: avg=0 max=0
VP_PERF_STACK_HWM_WORDS: ap=0 vp=0
VP_PERF_HEAP: 129640
}}
# action_ts_monotonic_ms=2454482854 action=apdbg=off phase=paired_setup pair_id=pair-6298bba2c741a6fa919a serial_session_id=serial-d0c2b0b9fce3a0957051
sbr{{
AP_FRONTEND_DEBUG: off
}}
# action_ts_monotonic_ms=2454483179 action=tempo_stream=off phase=paired_setup pair_id=pair-6298bba2c741a6fa919a serial_session_id=serial-d0c2b0b9fce3a0957051
sbr{{
TEMPO_STREAM: off
}}
# action_ts_monotonic_ms=2454483503 action=ap_stream=off phase=paired_setup pair_id=pair-6298bba2c741a6fa919a serial_session_id=serial-d0c2b0b9fce3a0957051
sbr{{
AP_STREAM: off
}}
# action_ts_monotonic_ms=2454483837 action=smart_assist=off phase=paired_setup pair_id=pair-6298bba2c741a6fa919a serial_session_id=serial-d0c2b0b9fce3a0957051
sbr{{
SMART_ASSIST: off
SMART_SWITCHING: off
SMART_DIRECTOR_AUTONOMY: off
SMART_HOOKS: off
SMART_CONFIDENCE_FLOOR: 0.080
SMART_APPLIED_MODE: 3
SMART_LAST_REQUESTED_MODE: 3
SMART_SWITCHES_IN_WINDOW: 0
SMART_MANUAL_OWNER_ACTIVE: 0
SMART_LAST_REASON: 0
SMART_STATE: 0
SMART_INTENT_MODE: 3
SMART_INTENT_CONFIDENCE: 0.000
SMART_INTENT_WANTS_SWITCH: 0
SMART_SCALAR_PHOTONS: 1.000
SMART_SCALAR_CHROMA: 1.000
SMART_SCALAR_MOOD: 1.000
SMART_SCALAR_SATURATION: 1.000
SMART_PALETTE_OVERLAY: 0
SMART_PALETTE_INDEX: 0
SMART_AUTO_COLOUR_SHIFT: 0
SMART_MIN_DWELL_MS: 8000
SMART_COOLDOWN_MS: 20000
SMART_SWITCH_WINDOW_MS: 60000
SMART_MAX_SWITCHES: 2
SMART_AUDIO_NOVELTY: 0.0234
SMART_AUDIO_ENERGY: 0.1892
SMART_EVENT_ID: 84
SMART_EVENT_AGE_MS: 410
SMART_ONSET: 0
SMART_BASS_ONSET: 0
SMART_BEAT_CONFIDENCE: 0.000
SMART_TRANSIENT: 0
SMART_KICK: 0
SMART_SNARE: 0
SMART_HIHAT: 0
SMART_TRANSIENT_LEVEL: 0.003
SMART_KICK_LEVEL: 0.000
SMART_SNARE_LEVEL: 0.000
SMART_HIHAT_LEVEL: 0.004
SMART_SNARE_EVENT_ID: 35
SMART_HIHAT_EVENT_ID: 110
}}
# action_ts_monotonic_ms=2454484277 action=queue_mode=off phase=paired_setup pair_id=pair-6298bba2c741a6fa919a serial_session_id=serial-d0c2b0b9fce3a0957051
sbr{{
QUEUE_MODE: off
}}
# action_ts_monotonic_ms=2454484711 action=edge_status phase=paired_setup pair_id=pair-6298bba2c741a6fa919a serial_session_id=serial-d0c2b0b9fce3a0957051
sbr{{
EDGE_ENABLED: on
EDGE_MODE: split
EDGE_STRENGTH: 0.450
EDGE_SPREAD: 38
EDGE_ROTATION: faithful
EDGE_SPATIAL: uniform
EDGE_DUAL: split
}}
# action_ts_monotonic_ms=2454485530 action=secondary_status phase=paired_setup pair_id=pair-6298bba2c741a6fa919a serial_session_id=serial-d0c2b0b9fce3a0957051
sbr{{
SECONDARY_ENABLED: true
SECONDARY_CONTROL: false (encoders control primary channel)
SECONDARY_MODE: 7 (WAVEFORM-FAST)
SECONDARY_PHOTONS: 1.000000
SECONDARY_CHROMA: 0.000000
SECONDARY_MOOD: 0.100000
SECONDARY_SATURATION: 1.000000
SECONDARY_PRISM_COUNT: 1.00
SECONDARY_MIRROR_ENABLED: true
SECONDARY_REVERSE_ORDER: false
SECONDARY_BASE_COAT: false
SECONDARY_PALETTE_MODE_ENABLED: true
SECONDARY_PALETTE_INDEX: 40 (K1_Naberius_Gold_gp)
NOTE: This command is deprecated, please use secondary_status instead
}}
# action_ts_monotonic_ms=2454486333 action=dump phase=paired_setup pair_id=pair-6298bba2c741a6fa919a serial_session_id=serial-d0c2b0b9fce3a0957051
sbr{{
FIRMWARE_VERSION: 40103
CHIP ID: B489A500
noise_button.pressed: 0
noise_button.last_down: 0
noise_button.last_up: 0
noise_button.pin: 255
mode_button.pressed: 0
mode_button.last_down: 0
mode_button.last_up: 0
mode_button.pin: 255
CONFIG.PHOTONS: 1.000000
CONFIG.CHROMA: 0.100000
CONFIG.MOOD: 0.000000
CONFIG.LIGHTSHOW_MODE: 32
CONFIG.MIRROR_ENABLED: 1
CONFIG.CHROMAGRAM_RANGE: 60
CONFIG.SAMPLE_RATE: 12800
CONFIG.NOTE_OFFSET: 12
CONFIG.SQUARE_ITER: 1.00
CONFIG.LED_TYPE: 0
CONFIG.LED_COUNT: 160
CONFIG.LED_COLOR_ORDER: 66
CONFIG.SAMPLES_PER_CHUNK: 96
CONFIG.SENSITIVITY: 2.400000
AUDIO_RESPONSE_GAIN: 1.000000
CONFIG.BOOT_ANIMATION: 1
CONFIG.SWEET_SPOT_MIN_LEVEL: 259
CONFIG.SWEET_SPOT_MAX_LEVEL: 30000
CONFIG.DC_OFFSET: -53
CAL_SOURCE: persisted_profile
CAL_VALID: 1
CAL_PROFILE_LOADED: 1
NOISE_CAL_REASON: none
NOISE_CAL_DC_SAMPLES: 0
NOISE_CAL_SSL_P50: 0.0
NOISE_CAL_SSL_P90: 0.0
CONFIG.STANDBY_DIMMING: 0
CONFIG.REVERSE_ORDER: 0
CONFIG.MAX_CURRENT_MA: 1913
CONFIG.TEMPORAL_DITHERING: 1
CONFIG.AUTO_COLOR_SHIFT: 1
CONFIG.INCANDESCENT_FILTER: 0.50
CONFIG.INCANDESCENT_MODE: 0
CONFIG.BULB_OPACITY: 0.00
CONFIG.SATURATION: 1.00
CONFIG.PRISM_COUNT: 1.00
CONFIG.BASE_COAT: 0
CONFIG.BASE_COAT_INTENSITY: 0.050
MASTER_BRIGHTNESS: 1.00
stream_audio: 0
stream_fps: 0
stream_max_mags: 0
stream_max_mags_followers: 0
stream_magnitudes: 0
stream_spectrogram: 0
stream_chromagram: 0
debug_mode: 0
noise_complete: 1
noise_iterations: 0
next_save_time: 0
settings_updated: 0
I2S_PORT: 0
SAMPLE_HISTORY_LENGTH: 4096
silence: 0
mode_destination: -1
SYSTEM_FPS: 95.00
LED_FPS: 202.98
}}
# action_ts_monotonic_ms=2454488536 action=vp_perf=stop phase=paired_setup pair_id=pair-6298bba2c741a6fa919a serial_session_id=serial-d0c2b0b9fce3a0957051
sbr{{
VP_PERF: stopped
VP_PERF_SEQ: 0
VP_PERF_FRAME: avg=0 max=0 over=0 dropped=0
VP_PERF_INTERVAL: avg=0 max=0
VP_PERF_STACK_HWM_WORDS: ap=0 vp=0
VP_PERF_HEAP: 129640
}}
# playback_cmd=ffplay -nodisp -autoexit -loglevel error -ss 0.000 -loop 0 -i /Users/spectrasynq/Music/Music/Media.localized/Music/Ahmed Spins_Stevo Atambire/Anchor Point EP/Anchor Point.mp3
# action_ts_monotonic_ms=2454488950 action=playback_start phase=paired_setup pair_id=pair-6298bba2c741a6fa919a serial_session_id=serial-d0c2b0b9fce3a0957051
# phase_ts_monotonic_ms=2454498976 phase=paired_compact event=begin pair_id=pair-6298bba2c741a6fa919a serial_session_id=serial-d0c2b0b9fce3a0957051
# host_capture_window_start_monotonic_ms=2454498976
# action_ts_monotonic_ms=2454498976 action=apcad_soak=120000 phase=paired_compact pair_id=pair-6298bba2c741a6fa919a serial_session_id=serial-d0c2b0b9fce3a0957051
sbr{{
APCAD_SOAK: armed 120000 ms compact=1
APCAD_SOAK_BEGIN,schema_ver=2,stage_detail=1,duration_ms=120000,compact=1
}}
# host_capture_window_end_monotonic_ms=2454619534
# action_ts_monotonic_ms=2454619534 action=apcad_soak_status=1 phase=paired_compact pair_id=pair-6298bba2c741a6fa919a serial_session_id=serial-d0c2b0b9fce3a0957051
APCAD_SOAK_DONE,schema_ver=2,stage_detail=1,active=0,rows=10949,emitted=3650,start_ms=36038,end_ms=156038,requested_duration_ms=120000,first_frame_ms=36051,last_frame_ms=156035,observed_duration_ms=119984,sample_rate=12800,samples_per_chunk=96,tempo_decim=3,hist_bucket_us=32,hist_bucket_count=512,meas_ap_hz=91.245,meas_nov_hz=30.415,i2s_not_ok=0,bytes_mismatch=0,frame_gap=0,timestamp_regression=0,core_bad=0,active_over_7500=10949,emitted_active_over_7500=3650,active_p95_us=11680,active_ap_work_p50_low_us=9664,active_ap_work_p50_high_us=9696,active_ap_work_p95_low_us=11648,active_ap_work_p95_high_us=11680,active_ap_work_p99_low_us=12000,active_ap_work_p99_high_us=12032,active_ap_work_hist_saturation=0,active_ap_work_max_us=12298,newest_sample_to_ap_publish_p50_low_us=9344,newest_sample_to_ap_publish_p50_high_us=9376,newest_sample_to_ap_publish_p95_low_us=11360,newest_sample_to_ap_publish_p95_high_us=11392,newest_sample_to_ap_publish_p99_low_us=11712,newest_sample_to_ap_publish_p99_high_us=11744,newest_sample_to_ap_publish_hist_saturation=0,newest_sample_to_ap_publish_max_us=12001,ap_read_return_interval_p50_low_us=10944,ap_read_return_interval_p50_high_us=10976,ap_read_return_interval_p95_low_us=12928,ap_read_return_interval_p95_high_us=12960,ap_read_return_interval_p99_low_us=12992,ap_read_return_interval_p99_high_us=13024,ap_read_return_interval_hist_saturation=0,ap_read_return_interval_max_us=13087,active_max_us=12298,active_sum_us=110232779,active_mean_us=10067.840,max_consecutive_active_over_7500=10949,worst_count=16
# apcad_soak_status_done=True
APCAD_SOAK_WORST,schema_ver=2,stage_detail=1,rank=0,frame=11793,t=129529,active_us=12203,total_us=12260,i2s_us=57,gdft_us=7354,novelty_us=19,tempo_acf_us=992,tempo_update_us=1104,tempo_emit_us=2396,emitted=1,acf_spread=1,acf_lag_cursor=80,acf_pub=302,win_bpm=90.00000,top1_bpm=90.00000
APCAD_SOAK_WORST,schema_ver=2,stage_detail=1,rank=1,frame=12951,t=142225,active_us=12298,total_us=12351,i2s_us=53,gdft_us=7235,novelty_us=48,tempo_acf_us=1117,tempo_update_us=783,tempo_emit_us=2184,emitted=1,acf_spread=1,acf_lag_cursor=16,acf_pub=332,win_bpm=90.00000,top1_bpm=90.00000
APCAD_SOAK_WORST,schema_ver=2,stage_detail=1,rank=2,frame=9093,t=99866,active_us=12218,total_us=12257,i2s_us=39,gdft_us=7492,novelty_us=22,tempo_acf_us=1127,tempo_update_us=1062,tempo_emit_us=2494,emitted=1,acf_spread=1,acf_lag_cursor=32,acf_pub=233,win_bpm=121.00000,top1_bpm=90.00000
APCAD_SOAK_WORST,schema_ver=2,stage_detail=1,rank=3,frame=3675,t=40522,active_us=12274,total_us=12335,i2s_us=61,gdft_us=7372,novelty_us=24,tempo_acf_us=1065,tempo_update_us=1059,tempo_emit_us=2444,emitted=1,acf_spread=1,acf_lag_cursor=48,acf_pub=94,win_bpm=87.00000,top1_bpm=88.00000
APCAD_SOAK_WORST,schema_ver=2,stage_detail=1,rank=4,frame=7419,t=81495,active_us=12225,total_us=12257,i2s_us=32,gdft_us=7314,novelty_us=21,tempo_acf_us=1059,tempo_update_us=1084,tempo_emit_us=2452,emitted=1,acf_spread=1,acf_lag_cursor=48,acf_pub=190,win_bpm=91.00000,top1_bpm=91.00000
APCAD_SOAK_WORST,schema_ver=2,stage_detail=1,rank=5,frame=7728,t=84914,active_us=12271,total_us=12326,i2s_us=55,gdft_us=7347,novelty_us=20,tempo_acf_us=1118,tempo_update_us=1060,tempo_emit_us=2494,emitted=1,acf_spread=1,acf_lag_cursor=32,acf_pub=198,win_bpm=91.00000,top1_bpm=91.00000
APCAD_SOAK_WORST,schema_ver=2,stage_detail=1,rank=6,frame=14130,t=155091,active_us=12279,total_us=12325,i2s_us=46,gdft_us=7366,novelty_us=24,tempo_acf_us=1018,tempo_update_us=1078,tempo_emit_us=2427,emitted=1,acf_spread=1,acf_lag_cursor=64,acf_pub=362,win_bpm=90.00000,top1_bpm=89.00000
APCAD_SOAK_WORST,schema_ver=2,stage_detail=1,rank=7,frame=3528,t=38908,active_us=12210,total_us=12266,i2s_us=56,gdft_us=7364,novelty_us=21,tempo_acf_us=965,tempo_update_us=1094,tempo_emit_us=2369,emitted=1,acf_spread=1,acf_lag_cursor=96,acf_pub=90,win_bpm=87.00000,top1_bpm=87.00000
APCAD_SOAK_WORST,schema_ver=2,stage_detail=1,rank=8,frame=9528,t=104666,active_us=12233,total_us=12284,i2s_us=51,gdft_us=7390,novelty_us=20,tempo_acf_us=1032,tempo_update_us=1082,tempo_emit_us=2420,emitted=1,acf_spread=1,acf_lag_cursor=64,acf_pub=244,win_bpm=90.00000,top1_bpm=90.00000
APCAD_SOAK_WORST,schema_ver=2,stage_detail=1,rank=9,frame=8739,t=95956,active_us=12266,total_us=12299,i2s_us=33,gdft_us=7510,novelty_us=22,tempo_acf_us=1242,tempo_update_us=1050,tempo_emit_us=2584,emitted=1,acf_spread=1,acf_lag_cursor=16,acf_pub=224,win_bpm=121.00000,top1_bpm=91.00000
APCAD_SOAK_WORST,schema_ver=2,stage_detail=1,rank=10,frame=4500,t=49544,active_us=12293,total_us=12331,i2s_us=38,gdft_us=7358,novelty_us=33,tempo_acf_us=979,tempo_update_us=1075,tempo_emit_us=2384,emitted=1,acf_spread=1,acf_lag_cursor=80,acf_pub=115,win_bpm=89.00000,top1_bpm=90.00000
APCAD_SOAK_WORST,schema_ver=2,stage_detail=1,rank=11,frame=6165,t=67720,active_us=12241,total_us=12287,i2s_us=46,gdft_us=7143,novelty_us=47,tempo_acf_us=1235,tempo_update_us=1056,tempo_emit_us=2592,emitted=1,acf_spread=1,acf_lag_cursor=16,acf_pub=158,win_bpm=89.00000,top1_bpm=90.00000
APCAD_SOAK_WORST,schema_ver=2,stage_detail=1,rank=12,frame=3762,t=41477,active_us=12230,total_us=12275,i2s_us=45,gdft_us=7330,novelty_us=38,tempo_acf_us=950,tempo_update_us=1063,tempo_emit_us=2348,emitted=1,acf_spread=1,acf_lag_cursor=96,acf_pub=96,win_bpm=87.00000,top1_bpm=88.00000
APCAD_SOAK_WORST,schema_ver=2,stage_detail=1,rank=13,frame=13617,t=149510,active_us=12266,total_us=12319,i2s_us=53,gdft_us=7234,novelty_us=34,tempo_acf_us=1124,tempo_update_us=1080,tempo_emit_us=2522,emitted=1,acf_spread=1,acf_lag_cursor=32,acf_pub=349,win_bpm=90.00000,top1_bpm=90.00000
APCAD_SOAK_WORST,schema_ver=2,stage_detail=1,rank=14,frame=4449,t=48990,active_us=12226,total_us=12280,i2s_us=54,gdft_us=7298,novelty_us=21,tempo_acf_us=1201,tempo_update_us=1088,tempo_emit_us=2591,emitted=1,acf_spread=1,acf_lag_cursor=16,acf_pub=114,win_bpm=89.00000,top1_bpm=90.00000
APCAD_SOAK_WORST,schema_ver=2,stage_detail=1,rank=15,frame=9450,t=103801,active_us=12211,total_us=12269,i2s_us=58,gdft_us=7302,novelty_us=24,tempo_acf_us=1045,tempo_update_us=1058,tempo_emit_us=2415,emitted=1,acf_spread=1,acf_lag_cursor=64,acf_pub=242,win_bpm=121.00000,top1_bpm=90.00000
# apcad_worst_row_drain=complete
# phase_ts_monotonic_ms=2454619560 phase=paired_compact event=end pair_id=pair-6298bba2c741a6fa919a serial_session_id=serial-d0c2b0b9fce3a0957051
# phase_ts_monotonic_ms=2454619560 phase=paired_stack_hwm event=begin pair_id=pair-6298bba2c741a6fa919a serial_session_id=serial-d0c2b0b9fce3a0957051
# action_ts_monotonic_ms=2454619560 action=vp_perf=start phase=paired_stack_hwm pair_id=pair-6298bba2c741a6fa919a serial_session_id=serial-d0c2b0b9fce3a0957051
sbr{{
VP_PERF: start budget_us=8333 render_budget_us=2000
}}
VPF,ver=1,seq=1,mode=32,smode=7,sec=1,acq_us=602/602,vu_us=45/45,gdft_us=6684/6684,smooth_us=73/74,pri_render_us=547/559,sec_render_us=652/670,pri_prep_us=218/222,sec_prep_us=112/113,quant_pri_us=68/73,quant_sec_us=58/58,show_us=1620/1620,interval_us=5004/5004,frame_us=3650/3650,over=0,dropped=0,heap=129640,ap_stack_hwm_words=4716,vp_stack_hwm_words=5096
VPF,ver=1,seq=2,mode=32,smode=7,sec=1,acq_us=701/940,vu_us=56/118,gdft_us=7150/7633,smooth_us=74/95,pri_render_us=560/687,sec_render_us=683/863,pri_prep_us=223/278,sec_prep_us=117/145,quant_pri_us=68/91,quant_sec_us=61/76,show_us=2090/2905,interval_us=4950/5484,frame_us=3938/4884,over=0,dropped=0,heap=129640,ap_stack_hwm_words=4716,vp_stack_hwm_words=5096
# action_ts_monotonic_ms=2454620791 action=vp_perf=stop phase=paired_stack_hwm pair_id=pair-6298bba2c741a6fa919a serial_session_id=serial-d0c2b0b9fce3a0957051
sbr{{
VP_PERF: stopped
VP_PERF_SEQ: 2
VP_PERF_FRAME: avg=3935 max=4884 over=0 dropped=0
VP_PERF_INTERVAL: avg=4951 max=5484
VP_PERF_STACK_HWM_WORDS: ap=4716 vp=5096
VP_PERF_HEAP: 129640
}}
# phase_ts_monotonic_ms=2454621603 phase=paired_stack_hwm event=end pair_id=pair-6298bba2c741a6fa919a serial_session_id=serial-d0c2b0b9fce3a0957051
