1781082472.188145 scale=1.000 silence=0 cal_source=measured cal_valid=1
1781082472.188151 [AP] SSL=391 DC=-984 max_raw=149 follower=391 peak_scaled=-0.480 silent_scale=1.000 silence=0 cal_source=measured cal_valid=1
1781082472.188153 [AP] SSL=391 DC=-984 max_raw=216 follower=391 peak_scaled=-0.515 silent_scale=1.000 silence=0 cal_source=measured cal_valid=1
1781082472.188154 [AP] SSL=391 DC=-984 max_raw=272 follower=391 peak_scaled=-0.294 silent_scale=1.000 silence=0 cal_source=measured cal_valid=1
1781082472.188165 [AP] SSL=391 DC=-984 max_raw=576 follower=391 peak_scaled=0.174 silent_scale=1.000 silence=0 cal_source=measured cal_valid=1
1781082472.188166 [AP] SSL=391 DC=-984 max_raw=236 follower=391 peak_scaled=-0.315 silent_scale=1.000 silence=0 cal_source=measured cal_valid=1
1781082472.188167 [AP] SSL=391 DC=-984 max_raw=177 follower=911 peak_scaled=-0.164 silent_scale=1.000 silence=0 cal_source=measured cal_valid=1
1781082472.188167 [AP] SSL=391 DC=-984 max_raw=245 follower=409 peak_scaled=-0.484 silent_scale=1.000 silence=0 cal_source=measured cal_valid=1
1781082472.188372 [AP] SSL=391 DC=-984 max_raw=272 follower=559 peak_scaled=0.027 silent_scale=1.000 silence=0 cal_source=measured cal_valid=1
1781082472.188373 [AP] SSL=391 DC=-984 max_raw=300 follower=391 peak_scaled=-0.233 silent_scale=1.000 silence=0 cal_source=measured cal_valid=1
1781082472.188374 [AP] SSL=391 DC=-984 max_raw=396 follower=1229 peak_scaled=-0.020 silent_scale=1.000 silence=0 cal_source=measured cal_valid=1
1781082472.188374 [AP] SSL=391 DC=-984 max_raw=89 follower=595 peak_scaled=-0.448 silent_scale=1.000 silence=0 cal_source=measured cal_valid=1
1781082472.189034 [AP] SSL=391 DC=-984 max_raw=300 follower=391 peak_scaled=-0.503 silent_scale=1.000 silence=0 cal_source=measured cal_valid=1
1781082472.189034 [AP] SSL=391 DC=-984 max_raw=245 follower=391 peak_scaled=-0.540 silent_scale=1.000 silence=0 cal_source=measured cal_valid=1
1781082472.189035 [AP] SSL=391 DC=-984 max_raw=3864 follower=2615 peak_scaled=0.813 silent_scale=1.000 silence=0 cal_source=measured cal_valid=1
1781082472.189036 [AP] SSL=391 DC=-984 max_raw=216 follower=3892 peak_scaled=-0.051 silent_scale=1.000 silence=0 cal_source=measured cal_valid=1
1781082472.189542 [AP] SSL=391 DC=-984 max_raw=245 follower=1932 peak_scaled=-0.083 silent_scale=1.000 silence=0 cal_source=measured cal_valid=1
1781082472.189545 [AP] SSL=391 DC=-984 max_raw=411 follower=911 peak_scaled=-0.138 silent_scale=1.000 silence=0 cal_source=measured cal_valid=1
1781082472.189546 [AP] SSL=391 DC=-984 max_raw=478 follower=429 peak_scaled=0.274 silent_scale=1.000 silence=0 cal_source=measured cal_valid=1
1781082472.189547 [AP] SSL=391 DC=-984 max_raw=336 follower=391 peak_scaled=-0.097 silent_scale=1.000 silence=0 cal_source=measured cal_valid=1
1781082472.190179 [AP] SSL=391 DC=-984 max_raw=130 follower=391 peak_scaled=-0.609 silent_scale=1.000 silence=0 cal_source=measured cal_valid=1
1781082472.190180 [AP] SSL=391 DC=-984 max_raw=317 follower=391 peak_scaled=-0.386 silent_scale=1.000 silence=0 cal_source=measured cal_valid=1
1781082472.190181 [AP] SSL=391 DC=-984 max_raw=200 follower=391 peak_scaled=-0.551 silent_scale=1.000 silence=0 cal_source=measured cal_valid=1
1781082472.190181 [AP] SSL=391 DC=-984 max_raw=267 follower=391 peak_scaled=-0.461 silent_scale=1.000 silence=0 cal_source=measured cal_valid=1
1781082472.275091 [AP] SSL=391 DC=-984 max_raw=312 follower=391 peak_scaled=-0.484 silent_scale=1.000 silence=0 cal_source=measured cal_valid=1
1781082472.275098 [AP] SSL=391 DC=-984 max_raw=190 follower=391 peak_scaled=-0.537 silent_scale=1.000 silence=0 cal_source=measured cal_valid=1
1781082472.275099 [AP] SSL=391 DC=-984 max_raw=195 follower=391 peak_scaled=-0.650 silent_scale=1.000 silence=0 cal_source=measured cal_valid=1
1781082472.275100 [AP] SSL=391 DC=-984 max_raw=478 follower=391 peak_scaled=-0.254 silent_scale=1.000 silence=0 cal_source=measured cal_valid=1
1781082472.527592 [AP] SSL=391 DC=-984 max_raw=346 follower=391 peak_scaled=-0.221 silent_scale=1.000 silence=0 cal_source=measured cal_valid=1
1781082473.203416 >>> :version
1781082473.286729 sbr{{
1781082473.286734 VERSION: 40103
1781082473.286736 }}
1781082473.538295 [AP] SSL=391 DC=-984 max_raw=149 follower=391 peak_scaled=-0.422 silent_scale=1.000 silence=0 cal_source=measured cal_valid=1
1781082473.868225 >>> :chip_id
1781082473.953396 sbr{{
1781082473.953402 B489A500
1781082473.953404 }}
1781082474.535888 [AP] SSL=391 DC=-984 max_raw=185 follower=391 peak_scaled=-0.461 silent_scale=1.000 silence=0 cal_source=measured cal_valid=1
1781082474.535915 >>> :snappy_status
1781082474.553104 sbr{{
1781082474.637381 SNAP,ver=1,event=status,base=9eb3cee,env=k1_bench_reference_snappy_telem,wireless=0,pinmap=bench,fw=40103,uptime_ms=381402,mode=18,secondary_mode=3,sample_rate=12800,samples_per_chunk=96,photons=1.0000,chroma=0.1000,mood=0.5500,ssl=391,dc=-984,cal_source=measured,cal_valid=1,cal_profile_loaded=1,max_raw=171.0,follower=391.0,peak_scaled=-0.4394,silent_scale=1.0000,silence=0,vu_avg=0.0028,vp_profile=candidate,wave_shift=120.0000,bloom_alpha=0.9900,agc_gain=9.9997,vp_render_us=2113,vp_render_avg=2188,vp_render_max=4177,system_fps=142.08,led_fps=173.92,ap_stream=1,vp_stream=0,snappy_stream=0
1781082474.637389 }}
1781082475.136314 >>> :dump
1781082475.150371 sbr{{
1781082475.150377 FIRMWARE_VERSION: 40103
1781082475.150378 CHIP ID: B489A500
1781082475.150379 noise_button.pressed: 0
1781082475.150380 noise_button.last_down: 0
1781082475.150381 noise_button.last_up: 0
1781082475.150382 noise_button.pin: 255
1781082475.150383 mode_button.pressed: 0
1781082475.150384 mode_button.last_down: 0
1781082475.150385 mode_button.last_up: 0
1781082475.150386 mode_button.pin: 255
1781082475.150387 CONFIG.PHOTONS: 1.000000
1781082475.150387 CONFIG.CHROMA: 0.100000
1781082475.150390 CONFIG.MOOD: 0.550000
1781082475.150391 CONFIG.LIGHTSHOW_MODE: 18
1781082475.150392 CONFIG.MIRROR_ENABLED: 1
1781082475.150392 CONFIG.CHROMAGRAM_RANGE: 60
1781082475.150393 CONFIG.SAMPLE_RATE: 12800
1781082475.150394 CONFIG.NOTE_OFFSET: 12
1781082475.150394 CONFIG.SQUARE_ITER: 1.00
1781082475.150395 CONFIG.LED_TYPE: 0
1781082475.153170 CONFIG.LED_COUNT: 160
1781082475.153174 CONFIG.LED_COLOR_ORDER: 66
1781082475.153175 CONFIG.SAMPLES_PER_CHUNK: 96
1781082475.153176 CONFIG.SENSITIVITY: 2.400000
1781082475.153176 CONFIG.BOOT_ANIMATION: 1
1781082475.153177 CONFIG.SWEET_SPOT_MIN_LEVEL: 391
1781082475.153178 CONFIG.SWEET_SPOT_MAX_LEVEL: 30000
1781082475.153179 CONFIG.DC_OFFSET: -984
1781082475.153180 CAL_SOURCE: measured
1781082475.153181 CAL_VALID: 1
1781082475.153182 CAL_PROFILE_LOADED: 1
1781082475.153183 CONFIG.STANDBY_DIMMING: 0
1781082475.153185 CONFIG.REVERSE_ORDER: 0
1781082475.153185 CONFIG.MAX_CURRENT_MA: 1500
1781082475.153186 CONFIG.TEMPORAL_DITHERING: 1
1781082475.153187 CONFIG.AUTO_COLOR_SHIFT: 1
1781082475.153188 CONFIG.INCANDESCENT_FILTER: 0.00
1781082475.153189 CONFIG.INCANDESCENT_MODE: 0
1781082475.153189 CONFIG.BULB_OPACITY: 0.00
1781082475.234905 CONFIG.SATURATION: 1.00
1781082475.234912 CONFIG.PRISM_COUNT: 1.00
1781082475.234914 CONFIG.BASE_COAT: 0
1781082475.234915 CONFIG.BASE_COAT_INTENSITY: 0.000
1781082475.234916 MASTER_BRIGHTNESS: 1.00
1781082475.234917 stream_audio: 0
1781082475.234918 stream_fps: 0
1781082475.234920 stream_max_mags: 0
1781082475.234921 stream_max_mags_followers: 0
1781082475.234923 stream_magnitudes: 0
1781082475.234925 stream_spectrogram: 0
1781082475.234925 stream_chromagram: 0
1781082475.234926 debug_mode: 0
1781082475.234927 noise_complete: 1
1781082475.234928 noise_iterations: 256
1781082475.234929 next_save_time: 0
1781082475.234930 settings_updated: 0
1781082475.234931 I2S_PORT: 0
1781082475.234932 SAMPLE_HISTORY_LENGTH: 4096
1781082475.234933 silence: 0
1781082475.234934 mode_destination: -1
1781082475.234934 SYSTEM_FPS: 130.32
1781082475.234935 LED_FPS: 175.42
1781082475.234936 }}
1781082475.571950 [AP] SSL=391 DC=-984 max_raw=276 follower=391 peak_scaled=-0.521 silent_scale=1.000 silence=0 cal_source=measured cal_valid=1
1781082475.741130 >>> :ap_stream=on
1781082475.825777 sbr{{
1781082475.825783 AP_STREAM: on
1781082475.825785 }}
1781082476.580118 [AP] SSL=391 DC=-984 max_raw=180 follower=391 peak_scaled=-0.577 silent_scale=1.000 silence=0 cal_source=measured cal_valid=1
1781082477.583690 [AP] SSL=391 DC=-984 max_raw=111 follower=391 peak_scaled=-0.560 silent_scale=1.000 silence=0 cal_source=measured cal_valid=1
1781082479.590963 [AP] SSL=391 DC=-984 max_raw=130 follower=391 peak_scaled=-0.587 silent_scale=1.000 silence=0 cal_source=measured cal_valid=1
1781082479.590968 [AP] SSL=391 DC=-984 max_raw=286 follower=391 peak_scaled=-0.447 silent_scale=1.000 silence=0 cal_source=measured cal_valid=1
1781082480.595097 [AP] SSL=391 DC=-984 max_raw=190 follower=391 peak_scaled=-0.434 silent_scale=1.000 silence=0 cal_source=measured cal_valid=1
1781082481.592501 [AP] SSL=391 DC=-984 max_raw=216 follower=391 peak_scaled=-0.481 silent_scale=1.000 silence=0 cal_source=measured cal_valid=1
1781082482.591856 [AP] SSL=391 DC=-984 max_raw=204 follower=391 peak_scaled=-0.493 silent_scale=1.000 silence=0 cal_source=measured cal_valid=1
1781082483.593948 [AP] SSL=391 DC=-984 max_raw=166 follower=391 peak_scaled=-0.548 silent_scale=1.000 silence=0 cal_source=measured cal_valid=1
1781082484.591961 [AP] SSL=391 DC=-984 max_raw=106 follower=391 peak_scaled=-0.562 silent_scale=1.000 silence=0 cal_source=measured cal_valid=1
1781082485.592530 [AP] SSL=391 DC=-984 max_raw=377 follower=391 peak_scaled=-0.081 silent_scale=1.000 silence=0 cal_source=measured cal_valid=1
1781082486.589295 [AP] SSL=391 DC=-984 max_raw=756 follower=552 peak_scaled=0.254 silent_scale=1.000 silence=0 cal_source=measured cal_valid=1
1781082487.583317 [AP] SSL=391 DC=-984 max_raw=204 follower=391 peak_scaled=-0.387 silent_scale=1.000 silence=0 cal_source=measured cal_valid=1
1781082488.580573 [AP] SSL=391 DC=-984 max_raw=896 follower=1951 peak_scaled=0.348 silent_scale=1.000 silence=0 cal_source=measured cal_valid=1
1781082489.582597 [AP] SSL=391 DC=-984 max_raw=401 follower=961 peak_scaled=-0.062 silent_scale=1.000 silence=0 cal_source=measured cal_valid=1
1781082490.166310 >>> :ap_stream=off
1781082490.251138 sbr{{
1781082490.251144 AP_STREAM: off
1781082490.251145 }}
1781082490.919548 >>> :snappy_status
1781082490.930900 sbr{{
1781082491.013614 SNAP,ver=1,event=status,base=9eb3cee,env=k1_bench_reference_snappy_telem,wireless=0,pinmap=bench,fw=40103,uptime_ms=397777,mode=18,secondary_mode=3,sample_rate=12800,samples_per_chunk=96,photons=1.0000,chroma=0.1000,mood=0.5500,ssl=391,dc=-984,cal_source=measured,cal_valid=1,cal_profile_loaded=1,max_raw=372.0,follower=391.0,peak_scaled=-0.1344,silent_scale=1.0000,silence=0,vu_avg=0.0066,vp_profile=candidate,wave_shift=120.0000,bloom_alpha=0.9900,agc_gain=9.9963,vp_render_us=2220,vp_render_avg=1996,vp_render_max=4177,system_fps=148.22,led_fps=176.87,ap_stream=0,vp_stream=0,snappy_stream=0
1781082491.013624 }}
