[1781488663.863] #DEVICE role=bench-reference name=bench-12201 port=/dev/cu.usbmodem12401 expected_chip_id=B489A500 env=k1_bench_reference
[1781488663.864] >>> :version
[1781488663.878] sbr{{
[1781488663.878] VERSION: 40103
[1781488663.878] }}
[1781488664.668] >>> :chip_id
[1781488664.689] sbr{{
[1781488664.689] B489A500
[1781488664.689] }}
[1781488665.925] >>> :stop
[1781488665.929] SBOK
[1781488666.841] >>> :vp_stream=off
[1781488666.849] sbr{{
[1781488666.849] VP_STREAM: off
[1781488666.850] }}
[1781488667.756] >>> :ap_stream=off
[1781488667.771] sbr{{
[1781488667.771] AP_STREAM: off
[1781488667.771] }}
[1781488668.671] >>> :dump
[1781488668.680] sbr{{
[1781488668.680] FIRMWARE_VERSION: 40103
[1781488668.680] CHIP ID: B489A500
[1781488668.680] noise_button.pressed: 0
[1781488668.680] noise_button.last_down: 0
[1781488668.680] noise_button.last_up: 0
[1781488668.680] noise_button.pin: 255
[1781488668.681] mode_button.pressed: 0
[1781488668.681] mode_button.last_down: 0
[1781488668.681] mode_button.last_up: 0
[1781488668.681] mode_button.pin: 255
[1781488668.681] CONFIG.PHOTONS: 0.480000
[1781488668.681] CONFIG.CHROMA: 0.400000
[1781488668.681] CONFIG.MOOD: 0.100000
[1781488668.682] CONFIG.LIGHTSHOW_MODE: 8
[1781488668.682] CONFIG.MIRROR_ENABLED: 1
[1781488668.682] CONFIG.CHROMAGRAM_RANGE: 60
[1781488668.682] CONFIG.SAMPLE_RATE: 12800
[1781488668.682] CONFIG.NOTE_OFFSET: 12
[1781488668.682] CONFIG.SQUARE_ITER: 0.00
[1781488668.682] CONFIG.LED_TYPE: 0
[1781488668.682] CONFIG.LED_COUNT: 160
[1781488668.682] CONFIG.LED_COLOR_ORDER: 66
[1781488668.682] CONFIG.SAMPLES_PER_CHUNK: 96
[1781488668.682] CONFIG.SENSITIVITY: 2.300000
[1781488668.682] AUDIO_RESPONSE_GAIN: 1.000000
[1781488668.682] CONFIG.BOOT_ANIMATION: 1
[1781488668.683] CONFIG.SWEET_SPOT_MIN_LEVEL: 180
[1781488668.683] CONFIG.SWEET_SPOT_MAX_LEVEL: 30000
[1781488668.683] CONFIG.DC_OFFSET: -828
[1781488668.683] CAL_SOURCE: config
[1781488668.683] CAL_VALID: 1
[1781488668.683] CAL_PROFILE_LOADED: 0
[1781488668.683] NOISE_CAL_REASON: none
[1781488668.683] NOISE_CAL_DC_SAMPLES: 0
[1781488668.683] NOISE_CAL_SSL_P50: 0.0
[1781488668.683] NOISE_CAL_SSL_P90: 0.0
[1781488668.684] CONFIG.STANDBY_DIMMING: 0
[1781488668.684] CONFIG.REVERSE_ORDER: 0
[1781488668.684] CONFIG.MAX_CURRENT_MA: 1500
[1781488668.684] CONFIG.TEMPORAL_DITHERING: 1
[1781488668.684] CONFIG.AUTO_COLOR_SHIFT: 1
[1781488668.684] CONFIG.INCANDESCENT_FILTER: 0.00
[1781488668.684] CONFIG.INCANDESCENT_MODE: 0
[1781488668.684] CONFIG.BULB_OPACITY: 0.00
[1781488668.685] CONFIG.SATURATION: 1.00
[1781488668.685] CONFIG.PRISM_COUNT: 1.00
[1781488668.685] CONFIG.BASE_COAT: 1
[1781488668.685] CONFIG.BASE_COAT_INTENSITY: 0.000
[1781488668.685] MASTER_BRIGHTNESS: 1.00
[1781488668.685] stream_audio: 0
[1781488668.685] stream_fps: 0
[1781488668.685] stream_max_mags: 0
[1781488668.685] stream_max_mags_followers: 0
[1781488668.685] stream_magnitudes: 0
[1781488668.685] stream_spectrogram: 0
[1781488668.686] stream_chromagram: 0
[1781488668.686] debug_mode: 0
[1781488668.686] noise_complete: 1
[1781488668.686] noise_iterations: 0
[1781488668.686] next_save_time: 0
[1781488668.686] settings_updated: 0
[1781488668.686] I2S_PORT: 0
[1781488668.686] SAMPLE_HISTORY_LENGTH: 4096
[1781488668.686] silence: 0
[1781488668.686] mode_destination: -1
[1781488668.686] SYSTEM_FPS: 167.45
[1781488668.686] LED_FPS: 202.66
[1781488668.686] }}
[1781488669.582] >>> :smart_status
[1781488669.594] sbr{{
[1781488669.594] SMART_ASSIST: off
[1781488669.594] SMART_SWITCHING: off
[1781488669.594] SMART_DIRECTOR_AUTONOMY: off
[1781488669.594] SMART_HOOKS: off
[1781488669.594] SMART_CONFIDENCE_FLOOR: 0.080
[1781488669.594] SMART_APPLIED_MODE: 3
[1781488669.594] SMART_LAST_REQUESTED_MODE: 3
[1781488669.594] SMART_SWITCHES_IN_WINDOW: 0
[1781488669.595] SMART_MANUAL_OWNER_ACTIVE: 0
[1781488669.595] SMART_LAST_REASON: 0
[1781488669.595] SMART_STATE: 0
[1781488669.595] SMART_INTENT_MODE: 3
[1781488669.595] SMART_INTENT_CONFIDENCE: 0.000
[1781488669.595] SMART_INTENT_WANTS_SWITCH: 0
[1781488669.595] SMART_SCALAR_PHOTONS: 1.000
[1781488669.596] SMART_SCALAR_CHROMA: 1.000
[1781488669.596] SMART_SCALAR_MOOD: 1.000
[1781488669.596] SMART_SCALAR_SATURATION: 1.000
[1781488669.596] SMART_PALETTE_OVERLAY: 0
[1781488669.596] SMART_PALETTE_INDEX: 0
[1781488669.596] SMART_AUTO_COLOUR_SHIFT: 0
[1781488669.596] SMART_MIN_DWELL_MS: 8000
[1781488669.596] SMART_COOLDOWN_MS: 20000
[1781488669.596] SMART_SWITCH_WINDOW_MS: 60000
[1781488669.596] SMART_MAX_SWITCHES: 2
[1781488669.597] SMART_AUDIO_NOVELTY: 0.0445
[1781488669.597] SMART_AUDIO_ENERGY: 0.2394
[1781488669.597] SMART_EVENT_ID: 7692
[1781488669.597] SMART_EVENT_AGE_MS: 50
[1781488669.597] SMART_ONSET: 1
[1781488669.597] SMART_BASS_ONSET: 0
[1781488669.597] SMART_BEAT_CONFIDENCE: 0.000
[1781488669.597] SMART_TRANSIENT: 0
[1781488669.597] SMART_KICK: 0
[1781488669.597] SMART_SNARE: 0
[1781488669.597] SMART_HIHAT: 0
[1781488669.597] SMART_TRANSIENT_LEVEL: 0.035
[1781488669.597] SMART_KICK_LEVEL: 0.000
[1781488669.598] SMART_SNARE_LEVEL: 0.009
[1781488669.598] SMART_HIHAT_LEVEL: 0.008
[1781488669.598] SMART_SNARE_EVENT_ID: 2374
[1781488669.598] SMART_HIHAT_EVENT_ID: 8435
[1781488669.598] }}
[1781488670.484] >>> :vp_status
[1781488670.493] sbr{{
[1781488670.493] VP_PROFILE: candidate
[1781488670.494] VP_FIXES: agc_soft=on chroma_gate=on prism_off=on bloom_decay=off hsv_source_sat=on secondary_clean=on
[1781488670.494] VP_STREAM: off
[1781488670.494] AP_STREAM: off
[1781488670.494] VP_BLOOM: alpha=0.9900 shift=1.0000 force_sat=on
[1781488670.496] VP_WAVEFORM: idle_fade=0.9850 raw_margin=1.1000 peak_floor=0.0800 active_fade=0.0400 blend_gain=2.0000 fallback=1.0000 vu_floor=0.0200 shift_rate=120.0000
[1781488670.497] VP_CHROMA: seq=142827 range=60 profile=0 gate_gain=0.2432 pre_max=0.2676 pre_mean=0.2325 norm_max=0.9814 norm_mean=0.8528 flatness=0.1286 final_max=0.2144 final_mean=0.1831
[1781488670.498] VP_AGC: gain=2.1429 envelope=0.1185 floor=0.0010 gated=false
[1781488670.498] VP_RENDER_US: last=735 avg=695 max=1020
[1781488670.498] }}
[1781488671.394] >>> :vp_perf=status
[1781488671.414] sbr{{
[1781488671.414] VP_PERF: disabled (compile with ENABLE_VP_PERF_AUDIT=1)
[1781488671.414] }}
[1781488672.198] >>> :ap_stream=on
[1781488672.204] sbr{{
[1781488672.204] AP_STREAM: on
[1781488672.204] }}
[1781488672.206] [AP] SSL=180 DC=-828 max_raw=115 follower=180 peak_scaled=0.174 response_gain=1.000 silent_scale=1.000 silence=0 cal_source=config cal_valid=1 cal_reason=none | bpm=117.0 conf=0.00 lock=0 phase=1.00 beat=0 bstr=0.08 | onset=0 bass=0 ostr=0.00
[1781488672.917] >>> :vp_stream=on
[1781488672.924] sbr{{
[1781488672.924] VP_STREAM: on
[1781488672.924] }}
[1781488672.931] [VP] profile=candidate fix=111011 chroma_seq=143321 chroma_flatness=0.2006 chroma_norm_max=1.0991 chroma_norm_mean=0.8985 chroma_final_max=0.6023 chroma_final_mean=0.4814 agc_gain=2.0974 bloom_alpha=0.9900 bloom_shift=1.0000 wave_idle=0.9850 wave_raw_margin=1.1000 wave_peak_floor=0.0800 wave_vu_floor=0.0200 wave_shift=120.0000 render_us=753 render_avg=735 render_max=1020
[1781488673.217] [AP] SSL=180 DC=-828 max_raw=88 follower=180 peak_scaled=0.211 response_gain=1.000 silent_scale=1.000 silence=0 cal_source=config cal_valid=1 cal_reason=none | bpm=117.0 conf=0.00 lock=0 phase=0.98 beat=0 bstr=0.10 | onset=0 bass=1 ostr=0.01
[1781488673.627] >>> :smart_status
[1781488673.644] sbr{{
[1781488673.644] SMART_ASSIST: off
[1781488673.644] SMART_SWITCHING: off
[1781488673.644] SMART_DIRECTOR_AUTONOMY: off
[1781488673.644] SMART_HOOKS: off
[1781488673.644] SMART_CONFIDENCE_FLOOR: 0.080
[1781488673.645] SMART_APPLIED_MODE: 3
[1781488673.645] SMART_LAST_REQUESTED_MODE: 3
[1781488673.645] SMART_SWITCHES_IN_WINDOW: 0
[1781488673.645] SMART_MANUAL_OWNER_ACTIVE: 0
[1781488673.645] SMART_LAST_REASON: 0
[1781488673.645] SMART_STATE: 0
[1781488673.645] SMART_INTENT_MODE: 3
[1781488673.645] SMART_INTENT_CONFIDENCE: 0.000
[1781488673.645] SMART_INTENT_WANTS_SWITCH: 0
[1781488673.645] SMART_SCALAR_PHOTONS: 1.000
[1781488673.645] SMART_SCALAR_CHROMA: 1.000
[1781488673.645] SMART_SCALAR_MOOD: 1.000
[1781488673.645] SMART_SCALAR_SATURATION: 1.000
[1781488673.646] SMART_PALETTE_OVERLAY: 0
[1781488673.646] SMART_PALETTE_INDEX: 0
[1781488673.646] SMART_AUTO_COLOUR_SHIFT: 0
[1781488673.646] SMART_MIN_DWELL_MS: 8000
[1781488673.646] SMART_COOLDOWN_MS: 20000
[1781488673.646] SMART_SWITCH_WINDOW_MS: 60000
[1781488673.646] SMART_MAX_SWITCHES: 2
[1781488673.646] SMART_AUDIO_NOVELTY: 0.0396
[1781488673.646] SMART_AUDIO_ENERGY: 0.2303
[1781488673.647] SMART_EVENT_ID: 7735
[1781488673.647] SMART_EVENT_AGE_MS: 250
[1781488673.647] SMART_ONSET: 0
[1781488673.647] SMART_BASS_ONSET: 0
[1781488673.647] SMART_BEAT_CONFIDENCE: 0.000
[1781488673.647] SMART_TRANSIENT: 0
[1781488673.647] SMART_KICK: 0
[1781488673.647] SMART_SNARE: 0
[1781488673.647] SMART_HIHAT: 0
[1781488673.648] SMART_TRANSIENT_LEVEL: 0.000
[1781488673.648] SMART_KICK_LEVEL: 0.000
[1781488673.648] SMART_SNARE_LEVEL: 0.001
[1781488673.648] SMART_HIHAT_LEVEL: 0.014
[1781488673.648] SMART_SNARE_EVENT_ID: 2386
[1781488673.648] SMART_HIHAT_EVENT_ID: 8479
[1781488673.648] }}
[1781488673.930] [VP] profile=candidate fix=111011 chroma_seq=143522 chroma_flatness=0.0687 chroma_norm_max=0.9427 chroma_norm_mean=0.8741 chroma_final_max=0.0000 chroma_final_mean=0.0000 agc_gain=2.0640 bloom_alpha=0.9900 bloom_shift=1.0000 wave_idle=0.9850 wave_raw_margin=1.1000 wave_peak_floor=0.0800 wave_vu_floor=0.0200 wave_shift=120.0000 render_us=613 render_avg=653 render_max=1020
[1781488674.221] [AP] SSL=180 DC=-828 max_raw=96 follower=180 peak_scaled=0.037 response_gain=1.000 silent_scale=1.000 silence=0 cal_source=config cal_valid=1 cal_reason=none | bpm=117.0 conf=0.00 lock=0 phase=0.91 beat=0 bstr=0.06 | onset=1 bass=0 ostr=0.00
[1781488674.932] [VP] profile=candidate fix=111011 chroma_seq=143724 chroma_flatness=0.0762 chroma_norm_max=1.0322 chroma_norm_mean=0.9559 chroma_final_max=0.0000 chroma_final_mean=0.0000 agc_gain=2.2579 bloom_alpha=0.9900 bloom_shift=1.0000 wave_idle=0.9850 wave_raw_margin=1.1000 wave_peak_floor=0.0800 wave_vu_floor=0.0200 wave_shift=120.0000 render_us=608 render_avg=678 render_max=1020
[1781488675.226] [AP] SSL=180 DC=-828 max_raw=115 follower=180 peak_scaled=0.011 response_gain=1.000 silent_scale=1.000 silence=0 cal_source=config cal_valid=1 cal_reason=none | bpm=117.0 conf=0.00 lock=0 phase=0.88 beat=0 bstr=0.05 | onset=0 bass=0 ostr=0.00
[1781488675.935] [VP] profile=candidate fix=111011 chroma_seq=143927 chroma_flatness=0.1524 chroma_norm_max=1.0684 chroma_norm_mean=0.9161 chroma_final_max=0.3505 chroma_final_mean=0.2953 agc_gain=2.2980 bloom_alpha=0.9900 bloom_shift=1.0000 wave_idle=0.9850 wave_raw_margin=1.1000 wave_peak_floor=0.0800 wave_vu_floor=0.0200 wave_shift=120.0000 render_us=694 render_avg=678 render_max=1020
[1781488676.232] [AP] SSL=180 DC=-828 max_raw=106 follower=180 peak_scaled=0.034 response_gain=1.000 silent_scale=1.000 silence=0 cal_source=config cal_valid=1 cal_reason=none | bpm=117.0 conf=0.00 lock=0 phase=0.85 beat=0 bstr=0.05 | onset=0 bass=0 ostr=0.00
[1781488676.935] [VP] profile=candidate fix=111011 chroma_seq=144129 chroma_flatness=0.1074 chroma_norm_max=1.0394 chroma_norm_mean=0.9320 chroma_final_max=0.1288 chroma_final_mean=0.1140 agc_gain=2.1741 bloom_alpha=0.9900 bloom_shift=1.0000 wave_idle=0.9850 wave_raw_margin=1.1000 wave_peak_floor=0.0800 wave_vu_floor=0.0200 wave_shift=120.0000 render_us=706 render_avg=690 render_max=1020
[1781488677.236] [AP] SSL=180 DC=-828 max_raw=135 follower=180 peak_scaled=0.214 response_gain=1.000 silent_scale=1.000 silence=0 cal_source=config cal_valid=1 cal_reason=none | bpm=117.0 conf=0.00 lock=0 phase=0.79 beat=0 bstr=0.03 | onset=0 bass=1 ostr=0.02
[1781488677.936] [VP] profile=candidate fix=111011 chroma_seq=144331 chroma_flatness=0.1081 chroma_norm_max=1.0299 chroma_norm_mean=0.9219 chroma_final_max=0.1305 chroma_final_mean=0.1154 agc_gain=2.1148 bloom_alpha=0.9900 bloom_shift=1.0000 wave_idle=0.9850 wave_raw_margin=1.1000 wave_peak_floor=0.0800 wave_vu_floor=0.0200 wave_shift=120.0000 render_us=706 render_avg=672 render_max=1020
[1781488678.241] [AP] SSL=180 DC=-828 max_raw=135 follower=180 peak_scaled=0.043 response_gain=1.000 silent_scale=1.000 silence=0 cal_source=config cal_valid=1 cal_reason=none | bpm=117.0 conf=0.00 lock=0 phase=0.75 beat=0 bstr=0.02 | onset=0 bass=1 ostr=0.01
[1781488678.937] [VP] profile=candidate fix=111011 chroma_seq=144534 chroma_flatness=0.0987 chroma_norm_max=0.9734 chroma_norm_mean=0.8746 chroma_final_max=0.0818 chroma_final_mean=0.0726 agc_gain=2.0713 bloom_alpha=0.9900 bloom_shift=1.0000 wave_idle=0.9850 wave_raw_margin=1.1000 wave_peak_floor=0.0800 wave_vu_floor=0.0200 wave_shift=120.0000 render_us=689 render_avg=718 render_max=1020
[1781488679.248] [AP] SSL=180 DC=-828 max_raw=159 follower=180 peak_scaled=0.045 response_gain=1.000 silent_scale=1.000 silence=0 cal_source=config cal_valid=1 cal_reason=none | bpm=117.0 conf=0.00 lock=0 phase=0.73 beat=0 bstr=0.02 | onset=0 bass=1 ostr=0.01
[1781488679.951] [VP] profile=candidate fix=111011 chroma_seq=144740 chroma_flatness=0.2050 chroma_norm_max=1.0842 chroma_norm_mean=0.8792 chroma_final_max=0.6154 chroma_final_mean=0.4872 agc_gain=2.1473 bloom_alpha=0.9900 bloom_shift=1.0000 wave_idle=0.9850 wave_raw_margin=1.1000 wave_peak_floor=0.0800 wave_vu_floor=0.0200 wave_shift=120.0000 render_us=718 render_avg=717 render_max=1020
[1781488680.251] [AP] SSL=180 DC=-828 max_raw=101 follower=180 peak_scaled=0.002 response_gain=1.000 silent_scale=1.000 silence=0 cal_source=config cal_valid=1 cal_reason=none | bpm=117.0 conf=0.00 lock=0 phase=0.66 beat=0 bstr=0.02 | onset=0 bass=0 ostr=0.00
[1781488680.961] [VP] profile=candidate fix=111011 chroma_seq=144944 chroma_flatness=0.1891 chroma_norm_max=1.0676 chroma_norm_mean=0.8784 chroma_final_max=0.5278 chroma_final_mean=0.4247 agc_gain=2.0862 bloom_alpha=0.9900 bloom_shift=1.0000 wave_idle=0.9850 wave_raw_margin=1.1000 wave_peak_floor=0.0800 wave_vu_floor=0.0200 wave_shift=120.0000 render_us=725 render_avg=694 render_max=1020
[1781488681.256] [AP] SSL=180 DC=-828 max_raw=155 follower=180 peak_scaled=0.147 response_gain=1.000 silent_scale=1.000 silence=0 cal_source=config cal_valid=1 cal_reason=none | bpm=77.0 conf=0.00 lock=0 phase=1.00 beat=0 bstr=0.10 | onset=0 bass=0 ostr=0.00
[1781488681.966] [VP] profile=candidate fix=111011 chroma_seq=145148 chroma_flatness=0.0779 chroma_norm_max=1.0132 chroma_norm_mean=0.9352 chroma_final_max=0.0000 chroma_final_mean=0.0000 agc_gain=2.0123 bloom_alpha=0.9900 bloom_shift=1.0000 wave_idle=0.9850 wave_raw_margin=1.1000 wave_peak_floor=0.0800 wave_vu_floor=0.0200 wave_shift=120.0000 render_us=600 render_avg=644 render_max=1020
[1781488682.262] [AP] SSL=180 DC=-828 max_raw=129 follower=180 peak_scaled=0.021 response_gain=1.000 silent_scale=1.000 silence=0 cal_source=config cal_valid=1 cal_reason=none | bpm=77.0 conf=0.00 lock=0 phase=0.30 beat=0 bstr=0.09 | onset=0 bass=1 ostr=0.02
[1781488682.967] [VP] profile=candidate fix=111011 chroma_seq=145349 chroma_flatness=0.0693 chroma_norm_max=1.0088 chroma_norm_mean=0.9394 chroma_final_max=0.0000 chroma_final_mean=0.0000 agc_gain=2.1354 bloom_alpha=0.9900 bloom_shift=1.0000 wave_idle=0.9850 wave_raw_margin=1.1000 wave_peak_floor=0.0800 wave_vu_floor=0.0200 wave_shift=120.0000 render_us=638 render_avg=641 render_max=1020
[1781488683.266] [AP] SSL=180 DC=-828 max_raw=173 follower=180 peak_scaled=0.001 response_gain=1.000 silent_scale=1.000 silence=0 cal_source=config cal_valid=1 cal_reason=none | bpm=114.0 conf=0.00 lock=0 phase=0.80 beat=0 bstr=0.02 | onset=0 bass=0 ostr=0.00
[1781488683.976] [VP] profile=candidate fix=111011 chroma_seq=145553 chroma_flatness=0.0880 chroma_norm_max=0.8911 chroma_norm_mean=0.8031 chroma_final_max=0.0316 chroma_final_mean=0.0281 agc_gain=1.9629 bloom_alpha=0.9900 bloom_shift=1.0000 wave_idle=0.9850 wave_raw_margin=1.1000 wave_peak_floor=0.0800 wave_vu_floor=0.0200 wave_shift=120.0000 render_us=697 render_avg=644 render_max=1020
[1781488684.272] [AP] SSL=180 DC=-828 max_raw=164 follower=180 peak_scaled=0.010 response_gain=1.000 silent_scale=1.000 silence=0 cal_source=config cal_valid=1 cal_reason=none | bpm=114.0 conf=0.00 lock=0 phase=0.72 beat=0 bstr=0.01 | onset=0 bass=0 ostr=0.00
[1781488684.980] [VP] profile=candidate fix=111011 chroma_seq=145756 chroma_flatness=0.1059 chroma_norm_max=0.9998 chroma_norm_mean=0.8939 chroma_final_max=0.1165 chroma_final_mean=0.1028 agc_gain=2.1078 bloom_alpha=0.9900 bloom_shift=1.0000 wave_idle=0.9850 wave_raw_margin=1.1000 wave_peak_floor=0.0800 wave_vu_floor=0.0200 wave_shift=120.0000 render_us=691 render_avg=709 render_max=1028
[1781488685.278] [AP] SSL=180 DC=-828 max_raw=184 follower=180 peak_scaled=0.092 response_gain=1.000 silent_scale=1.000 silence=0 cal_source=config cal_valid=1 cal_reason=none | bpm=114.0 conf=0.00 lock=0 phase=0.64 beat=0 bstr=0.01 | onset=0 bass=0 ostr=0.00
[1781488685.980] [VP] profile=candidate fix=111011 chroma_seq=145957 chroma_flatness=0.0946 chroma_norm_max=1.0322 chroma_norm_mean=0.9377 chroma_final_max=0.0679 chroma_final_mean=0.0610 agc_gain=2.1099 bloom_alpha=0.9900 bloom_shift=1.0000 wave_idle=0.9850 wave_raw_margin=1.1000 wave_peak_floor=0.0800 wave_vu_floor=0.0200 wave_shift=120.0000 render_us=700 render_avg=675 render_max=1028
[1781488686.280] [AP] SSL=180 DC=-828 max_raw=221 follower=180 peak_scaled=0.179 response_gain=1.000 silent_scale=1.000 silence=0 cal_source=config cal_valid=1 cal_reason=none | bpm=114.0 conf=0.00 lock=0 phase=0.53 beat=0 bstr=0.01 | onset=0 bass=0 ostr=0.00
[1781488686.982] [VP] profile=candidate fix=111011 chroma_seq=146160 chroma_flatness=0.0839 chroma_norm_max=1.0013 chroma_norm_mean=0.9174 chroma_final_max=0.0175 chroma_final_mean=0.0159 agc_gain=1.9949 bloom_alpha=0.9900 bloom_shift=1.0000 wave_idle=0.9850 wave_raw_margin=1.1000 wave_peak_floor=0.0800 wave_vu_floor=0.0200 wave_shift=120.0000 render_us=722 render_avg=673 render_max=1028
[1781488687.287] [AP] SSL=180 DC=-828 max_raw=184 follower=180 peak_scaled=0.088 response_gain=1.000 silent_scale=1.000 silence=0 cal_source=config cal_valid=1 cal_reason=none | bpm=114.0 conf=0.00 lock=0 phase=0.44 beat=0 bstr=0.01 | onset=0 bass=0 ostr=0.00
[1781488687.987] [VP] profile=candidate fix=111011 chroma_seq=146363 chroma_flatness=0.1017 chroma_norm_max=1.0125 chroma_norm_mean=0.9108 chroma_final_max=0.0992 chroma_final_mean=0.0881 agc_gain=1.9855 bloom_alpha=0.9900 bloom_shift=1.0000 wave_idle=0.9850 wave_raw_margin=1.1000 wave_peak_floor=0.0800 wave_vu_floor=0.0200 wave_shift=120.0000 render_us=713 render_avg=696 render_max=1028
[1781488688.295] [AP] SSL=180 DC=-828 max_raw=125 follower=180 peak_scaled=0.092 response_gain=1.000 silent_scale=1.000 silence=0 cal_source=config cal_valid=1 cal_reason=none | bpm=114.0 conf=0.00 lock=0 phase=0.37 beat=0 bstr=0.01 | onset=0 bass=0 ostr=0.00
[1781488688.995] [VP] profile=candidate fix=111011 chroma_seq=146567 chroma_flatness=0.1658 chroma_norm_max=1.0242 chroma_norm_mean=0.8585 chroma_final_max=0.3964 chroma_final_mean=0.3253 agc_gain=1.6426 bloom_alpha=0.9900 bloom_shift=1.0000 wave_idle=0.9850 wave_raw_margin=1.1000 wave_peak_floor=0.0800 wave_vu_floor=0.0200 wave_shift=120.0000 render_us=695 render_avg=695 render_max=1028
[1781488689.296] [AP] SSL=180 DC=-828 max_raw=270 follower=210 peak_scaled=0.523 response_gain=1.000 silent_scale=1.000 silence=0 cal_source=config cal_valid=1 cal_reason=none | bpm=114.0 conf=0.00 lock=0 phase=0.25 beat=0 bstr=0.03 | onset=0 bass=1 ostr=0.01
[1781488689.995] [VP] profile=candidate fix=111011 chroma_seq=146768 chroma_flatness=0.0743 chroma_norm_max=0.9247 chroma_norm_mean=0.8504 chroma_final_max=0.0000 chroma_final_mean=0.0000 agc_gain=1.7602 bloom_alpha=0.9900 bloom_shift=1.0000 wave_idle=0.9850 wave_raw_margin=1.1000 wave_peak_floor=0.0800 wave_vu_floor=0.0200 wave_shift=120.0000 render_us=609 render_avg=602 render_max=1028
[1781488690.301] [AP] SSL=180 DC=-828 max_raw=135 follower=180 peak_scaled=0.027 response_gain=1.000 silent_scale=1.000 silence=0 cal_source=config cal_valid=1 cal_reason=none | bpm=114.0 conf=0.00 lock=0 phase=0.17 beat=0 bstr=0.08 | onset=0 bass=0 ostr=0.00
[1781488690.996] [VP] profile=candidate fix=111011 chroma_seq=146970 chroma_flatness=0.0897 chroma_norm_max=1.0156 chroma_norm_mean=0.9259 chroma_final_max=0.0445 chroma_final_mean=0.0401 agc_gain=2.0246 bloom_alpha=0.9900 bloom_shift=1.0000 wave_idle=0.9850 wave_raw_margin=1.1000 wave_peak_floor=0.0800 wave_vu_floor=0.0200 wave_shift=120.0000 render_us=657 render_avg=623 render_max=1028
[1781488691.307] [AP] SSL=180 DC=-828 max_raw=178 follower=180 peak_scaled=0.041 response_gain=1.000 silent_scale=1.000 silence=0 cal_source=config cal_valid=1 cal_reason=none | bpm=96.0 conf=0.00 lock=0 phase=0.97 beat=0 bstr=0.20 | onset=0 bass=1 ostr=0.02
[1781488692.001] [VP] profile=candidate fix=111011 chroma_seq=147172 chroma_flatness=0.0951 chroma_norm_max=1.0203 chroma_norm_mean=0.9252 chroma_final_max=0.0694 chroma_final_mean=0.0622 agc_gain=2.0522 bloom_alpha=0.9900 bloom_shift=1.0000 wave_idle=0.9850 wave_raw_margin=1.1000 wave_peak_floor=0.0800 wave_vu_floor=0.0200 wave_shift=120.0000 render_us=702 render_avg=689 render_max=1028
[1781488692.311] [AP] SSL=180 DC=-828 max_raw=247 follower=180 peak_scaled=0.301 response_gain=1.000 silent_scale=1.000 silence=0 cal_source=config cal_valid=1 cal_reason=none | bpm=96.0 conf=0.00 lock=0 phase=0.56 beat=0 bstr=0.27 | onset=0 bass=0 ostr=0.00
[1781488693.002] [VP] profile=candidate fix=111011 chroma_seq=147374 chroma_flatness=0.0664 chroma_norm_max=1.0118 chroma_norm_mean=0.9454 chroma_final_max=0.0000 chroma_final_mean=0.0000 agc_gain=1.9853 bloom_alpha=0.9900 bloom_shift=1.0000 wave_idle=0.9850 wave_raw_margin=1.1000 wave_peak_floor=0.0800 wave_vu_floor=0.0200 wave_shift=120.0000 render_us=601 render_avg=625 render_max=1028
[1781488693.316] [AP] SSL=180 DC=-828 max_raw=159 follower=180 peak_scaled=0.473 response_gain=1.000 silent_scale=1.000 silence=0 cal_source=config cal_valid=1 cal_reason=none | bpm=96.0 conf=0.00 lock=0 phase=0.17 beat=0 bstr=0.21 | onset=0 bass=1 ostr=0.03
[1781488694.010] [VP] profile=candidate fix=111011 chroma_seq=147577 chroma_flatness=0.0983 chroma_norm_max=0.9534 chroma_norm_mean=0.8551 chroma_final_max=0.0779 chroma_final_mean=0.0689 agc_gain=1.8999 bloom_alpha=0.9900 bloom_shift=1.0000 wave_idle=0.9850 wave_raw_margin=1.1000 wave_peak_floor=0.0800 wave_vu_floor=0.0200 wave_shift=120.0000 render_us=744 render_avg=651 render_max=1028
[1781488694.324] [AP] SSL=180 DC=-828 max_raw=207 follower=180 peak_scaled=0.145 response_gain=1.000 silent_scale=1.000 silence=0 cal_source=config cal_valid=1 cal_reason=none | bpm=96.0 conf=0.00 lock=0 phase=0.80 beat=0 bstr=0.09 | onset=0 bass=1 ostr=0.02
[1781488695.017] [VP] profile=candidate fix=111011 chroma_seq=147780 chroma_flatness=0.1006 chroma_norm_max=1.0064 chroma_norm_mean=0.9058 chroma_final_max=0.0935 chroma_final_mean=0.0831 agc_gain=2.0033 bloom_alpha=0.9900 bloom_shift=1.0000 wave_idle=0.9850 wave_raw_margin=1.1000 wave_peak_floor=0.0800 wave_vu_floor=0.0200 wave_shift=120.0000 render_us=643 render_avg=703 render_max=1028
[1781488695.326] [AP] SSL=180 DC=-828 max_raw=217 follower=180 peak_scaled=0.266 response_gain=1.000 silent_scale=1.000 silence=0 cal_source=config cal_valid=1 cal_reason=none | bpm=96.0 conf=0.00 lock=0 phase=0.38 beat=0 bstr=0.05 | onset=0 bass=0 ostr=0.00
[1781488696.019] [VP] profile=candidate fix=111011 chroma_seq=147982 chroma_flatness=0.0883 chroma_norm_max=1.0246 chroma_norm_mean=0.9363 chroma_final_max=0.0383 chroma_final_mean=0.0346 agc_gain=1.8885 bloom_alpha=0.9900 bloom_shift=1.0000 wave_idle=0.9850 wave_raw_margin=1.1000 wave_peak_floor=0.0800 wave_vu_floor=0.0200 wave_shift=120.0000 render_us=712 render_avg=693 render_max=1028
[1781488696.332] [AP] SSL=180 DC=-828 max_raw=260 follower=180 peak_scaled=0.315 response_gain=1.000 silent_scale=1.000 silence=0 cal_source=config cal_valid=1 cal_reason=none | bpm=111.0 conf=0.00 lock=0 phase=0.09 beat=0 bstr=0.18 | onset=0 bass=0 ostr=0.00
[1781488697.017] [VP] profile=candidate fix=111011 chroma_seq=148184 chroma_flatness=0.0768 chroma_norm_max=0.9830 chroma_norm_mean=0.9062 chroma_final_max=0.0000 chroma_final_mean=0.0000 agc_gain=1.9675 bloom_alpha=0.9900 bloom_shift=1.0000 wave_idle=0.9850 wave_raw_margin=1.1000 wave_peak_floor=0.0800 wave_vu_floor=0.0200 wave_shift=120.0000 render_us=607 render_avg=679 render_max=1028
[1781488697.336] [AP] SSL=180 DC=-828 max_raw=237 follower=180 peak_scaled=0.274 response_gain=1.000 silent_scale=1.000 silence=0 cal_source=config cal_valid=1 cal_reason=none | bpm=111.0 conf=0.00 lock=0 phase=0.96 beat=0 bstr=0.24 | onset=0 bass=0 ostr=0.00
[1781488698.017] [VP] profile=candidate fix=111011 chroma_seq=148385 chroma_flatness=0.1130 chroma_norm_max=0.9699 chroma_norm_mean=0.8569 chroma_final_max=0.1436 chroma_final_mean=0.1249 agc_gain=1.9774 bloom_alpha=0.9900 bloom_shift=1.0000 wave_idle=0.9850 wave_raw_margin=1.1000 wave_peak_floor=0.0800 wave_vu_floor=0.0200 wave_shift=120.0000 render_us=738 render_avg=688 render_max=1028
[1781488698.342] [AP] SSL=180 DC=-828 max_raw=120 follower=180 peak_scaled=0.220 response_gain=1.000 silent_scale=1.000 silence=0 cal_source=config cal_valid=1 cal_reason=none | bpm=111.0 conf=0.00 lock=0 phase=0.79 beat=0 bstr=0.13 | onset=0 bass=1 ostr=0.02
[1781488699.031] [VP] profile=candidate fix=111011 chroma_seq=148589 chroma_flatness=0.0961 chroma_norm_max=1.0419 chroma_norm_mean=0.9458 chroma_final_max=0.0759 chroma_final_mean=0.0682 agc_gain=1.9901 bloom_alpha=0.9900 bloom_shift=1.0000 wave_idle=0.9850 wave_raw_margin=1.1000 wave_peak_floor=0.0800 wave_vu_floor=0.0200 wave_shift=120.0000 render_us=694 render_avg=639 render_max=1028
[1781488699.347] [AP] SSL=180 DC=-828 max_raw=76 follower=180 peak_scaled=0.055 response_gain=1.000 silent_scale=1.000 silence=0 cal_source=config cal_valid=1 cal_reason=none | bpm=100.0 conf=0.00 lock=0 phase=0.65 beat=0 bstr=0.17 | onset=0 bass=1 ostr=0.03
[1781488700.031] [VP] profile=candidate fix=111011 chroma_seq=148791 chroma_flatness=0.1212 chroma_norm_max=0.9989 chroma_norm_mean=0.8777 chroma_final_max=0.1850 chroma_final_mean=0.1601 agc_gain=1.9475 bloom_alpha=0.9900 bloom_shift=1.0000 wave_idle=0.9850 wave_raw_margin=1.1000 wave_peak_floor=0.0800 wave_vu_floor=0.0200 wave_shift=120.0000 render_us=693 render_avg=654 render_max=1028
[1781488700.354] [AP] SSL=180 DC=-828 max_raw=72 follower=180 peak_scaled=0.082 response_gain=1.000 silent_scale=1.000 silence=0 cal_source=config cal_valid=1 cal_reason=none | bpm=100.0 conf=0.00 lock=0 phase=0.35 beat=0 bstr=0.13 | onset=0 bass=1 ostr=0.02
[1781488701.032] [VP] profile=candidate fix=111011 chroma_seq=148994 chroma_flatness=0.0856 chroma_norm_max=0.9605 chroma_norm_mean=0.8749 chroma_final_max=0.0239 chroma_final_mean=0.0216 agc_gain=2.0872 bloom_alpha=0.9900 bloom_shift=1.0000 wave_idle=0.9850 wave_raw_margin=1.1000 wave_peak_floor=0.0800 wave_vu_floor=0.0200 wave_shift=120.0000 render_us=666 render_avg=681 render_max=1028
[1781488701.356] [AP] SSL=180 DC=-828 max_raw=120 follower=180 peak_scaled=0.177 response_gain=1.000 silent_scale=1.000 silence=0 cal_source=config cal_valid=1 cal_reason=none | bpm=100.0 conf=0.00 lock=0 phase=1.00 beat=0 bstr=0.08 | onset=0 bass=1 ostr=0.02
[1781488702.046] [VP] profile=candidate fix=111011 chroma_seq=149199 chroma_flatness=0.1132 chroma_norm_max=1.0388 chroma_norm_mean=0.9256 chroma_final_max=0.1559 chroma_final_mean=0.1371 agc_gain=2.0376 bloom_alpha=0.9900 bloom_shift=1.0000 wave_idle=0.9850 wave_raw_margin=1.1000 wave_peak_floor=0.0800 wave_vu_floor=0.0200 wave_shift=120.0000 render_us=709 render_avg=690 render_max=1028
[1781488702.363] [AP] SSL=180 DC=-828 max_raw=178 follower=180 peak_scaled=0.139 response_gain=1.000 silent_scale=1.000 silence=0 cal_source=config cal_valid=1 cal_reason=none | bpm=100.0 conf=0.00 lock=0 phase=0.68 beat=0 bstr=0.05 | onset=0 bass=1 ostr=0.02
[1781488703.047] [VP] profile=candidate fix=111011 chroma_seq=149401 chroma_flatness=0.1317 chroma_norm_max=1.0727 chroma_norm_mean=0.9410 chroma_final_max=0.2514 chroma_final_mean=0.2174 agc_gain=1.8937 bloom_alpha=0.9900 bloom_shift=1.0000 wave_idle=0.9850 wave_raw_margin=1.1000 wave_peak_floor=0.0800 wave_vu_floor=0.0200 wave_shift=120.0000 render_us=689 render_avg=658 render_max=1028
[1781488703.368] [AP] SSL=180 DC=-828 max_raw=223 follower=180 peak_scaled=0.340 response_gain=1.000 silent_scale=1.000 silence=0 cal_source=config cal_valid=1 cal_reason=none | bpm=100.0 conf=0.00 lock=0 phase=0.37 beat=0 bstr=0.22 | onset=0 bass=1 ostr=0.02
[1781488704.051] [VP] profile=candidate fix=111011 chroma_seq=149603 chroma_flatness=0.1181 chroma_norm_max=1.0470 chroma_norm_mean=0.9289 chroma_final_max=0.1805 chroma_final_mean=0.1579 agc_gain=1.6367 bloom_alpha=0.9900 bloom_shift=1.0000 wave_idle=0.9850 wave_raw_margin=1.1000 wave_peak_floor=0.0800 wave_vu_floor=0.0200 wave_shift=120.0000 render_us=702 render_avg=674 render_max=1028
[1781488704.372] [AP] SSL=180 DC=-828 max_raw=230 follower=180 peak_scaled=0.321 response_gain=1.000 silent_scale=1.000 silence=0 cal_source=config cal_valid=1 cal_reason=none | bpm=100.0 conf=0.00 lock=0 phase=0.02 beat=0 bstr=0.46 | onset=1 bass=0 ostr=0.00
[1781488705.061] [VP] profile=candidate fix=111011 chroma_seq=149806 chroma_flatness=0.0792 chroma_norm_max=0.9666 chroma_norm_mean=0.8874 chroma_final_max=0.0000 chroma_final_mean=0.0000 agc_gain=1.6629 bloom_alpha=0.9900 bloom_shift=1.0000 wave_idle=0.9850 wave_raw_margin=1.1000 wave_peak_floor=0.0800 wave_vu_floor=0.0200 wave_shift=120.0000 render_us=612 render_avg=685 render_max=1028
[1781488705.377] [AP] SSL=180 DC=-828 max_raw=286 follower=180 peak_scaled=0.530 response_gain=1.000 silent_scale=1.000 silence=0 cal_source=config cal_valid=1 cal_reason=none | bpm=100.0 conf=0.00 lock=0 phase=0.71 beat=0 bstr=0.39 | onset=0 bass=0 ostr=0.00
[1781488706.061] [VP] profile=candidate fix=111011 chroma_seq=150008 chroma_flatness=0.0797 chroma_norm_max=0.8912 chroma_norm_mean=0.8115 chroma_final_max=0.0000 chroma_final_mean=0.0000 agc_gain=1.6985 bloom_alpha=0.9900 bloom_shift=1.0000 wave_idle=0.9850 wave_raw_margin=1.1000 wave_peak_floor=0.0800 wave_vu_floor=0.0200 wave_shift=120.0000 render_us=602 render_avg=666 render_max=1028
[1781488706.383] [AP] SSL=180 DC=-828 max_raw=202 follower=184 peak_scaled=0.119 response_gain=1.000 silent_scale=1.000 silence=0 cal_source=config cal_valid=1 cal_reason=none | bpm=82.0 conf=0.01 lock=0 phase=0.40 beat=0 bstr=0.09 | onset=0 bass=0 ostr=0.00
[1781488707.064] [VP] profile=candidate fix=111011 chroma_seq=150210 chroma_flatness=0.1326 chroma_norm_max=1.0388 chroma_norm_mean=0.9061 chroma_final_max=0.2471 chroma_final_mean=0.2122 agc_gain=1.8873 bloom_alpha=0.9900 bloom_shift=1.0000 wave_idle=0.9850 wave_raw_margin=1.1000 wave_peak_floor=0.0800 wave_vu_floor=0.0200 wave_shift=120.0000 render_us=687 render_avg=716 render_max=1028
[1781488707.387] [AP] SSL=180 DC=-828 max_raw=97 follower=180 peak_scaled=0.100 response_gain=1.000 silent_scale=1.000 silence=0 cal_source=config cal_valid=1 cal_reason=none | bpm=82.0 conf=0.02 lock=0 phase=0.76 beat=0 bstr=0.06 | onset=0 bass=1 ostr=0.02
[1781488708.077] [VP] profile=candidate fix=111011 chroma_seq=150415 chroma_flatness=0.0878 chroma_norm_max=1.0030 chroma_norm_mean=0.9152 chroma_final_max=0.0352 chroma_final_mean=0.0318 agc_gain=1.8601 bloom_alpha=0.9900 bloom_shift=1.0000 wave_idle=0.9850 wave_raw_margin=1.1000 wave_peak_floor=0.0800 wave_vu_floor=0.0200 wave_shift=120.0000 render_us=659 render_avg=664 render_max=1028
[1781488708.393] [AP] SSL=180 DC=-828 max_raw=194 follower=180 peak_scaled=0.103 response_gain=1.000 silent_scale=1.000 silence=0 cal_source=config cal_valid=1 cal_reason=none | bpm=82.0 conf=0.02 lock=0 phase=0.14 beat=0 bstr=0.11 | onset=0 bass=0 ostr=0.00
[1781488709.075] [VP] profile=candidate fix=111011 chroma_seq=150617 chroma_flatness=0.0766 chroma_norm_max=0.9752 chroma_norm_mean=0.8986 chroma_final_max=0.0000 chroma_final_mean=0.0000 agc_gain=1.8283 bloom_alpha=0.9900 bloom_shift=1.0000 wave_idle=0.9850 wave_raw_margin=1.1000 wave_peak_floor=0.0800 wave_vu_floor=0.0200 wave_shift=120.0000 render_us=720 render_avg=654 render_max=1028
[1781488709.398] [AP] SSL=180 DC=-828 max_raw=144 follower=180 peak_scaled=0.048 response_gain=1.000 silent_scale=1.000 silence=0 cal_source=config cal_valid=1 cal_reason=none | bpm=82.0 conf=0.00 lock=0 phase=0.53 beat=0 bstr=0.14 | onset=0 bass=0 ostr=0.00
[1781488710.077] [VP] profile=candidate fix=111011 chroma_seq=150819 chroma_flatness=0.0962 chroma_norm_max=1.0251 chroma_norm_mean=0.9289 chroma_final_max=0.0748 chroma_final_mean=0.0670 agc_gain=2.0397 bloom_alpha=0.9900 bloom_shift=1.0000 wave_idle=0.9850 wave_raw_margin=1.1000 wave_peak_floor=0.0800 wave_vu_floor=0.0200 wave_shift=120.0000 render_us=727 render_avg=662 render_max=1028
[1781488710.402] [AP] SSL=180 DC=-828 max_raw=115 follower=180 peak_scaled=0.173 response_gain=1.000 silent_scale=1.000 silence=0 cal_source=config cal_valid=1 cal_reason=none | bpm=82.0 conf=0.00 lock=0 phase=0.88 beat=0 bstr=0.18 | onset=0 bass=0 ostr=0.00
[1781488711.082] [VP] profile=candidate fix=111011 chroma_seq=151022 chroma_flatness=0.0939 chroma_norm_max=1.0241 chroma_norm_mean=0.9301 chroma_final_max=0.0645 chroma_final_mean=0.0579 agc_gain=2.0836 bloom_alpha=0.9900 bloom_shift=1.0000 wave_idle=0.9850 wave_raw_margin=1.1000 wave_peak_floor=0.0800 wave_vu_floor=0.0200 wave_shift=120.0000 render_us=719 render_avg=637 render_max=1028
[1781488711.408] [AP] SSL=180 DC=-828 max_raw=207 follower=180 peak_scaled=0.187 response_gain=1.000 silent_scale=1.000 silence=0 cal_source=config cal_valid=1 cal_reason=none | bpm=82.0 conf=0.00 lock=0 phase=0.26 beat=0 bstr=0.15 | onset=0 bass=0 ostr=0.00
[1781488712.082] [VP] profile=candidate fix=111011 chroma_seq=151224 chroma_flatness=0.0930 chroma_norm_max=1.0311 chroma_norm_mean=0.9381 chroma_final_max=0.0607 chroma_final_mean=0.0546 agc_gain=1.9039 bloom_alpha=0.9900 bloom_shift=1.0000 wave_idle=0.9850 wave_raw_margin=1.1000 wave_peak_floor=0.0800 wave_vu_floor=0.0200 wave_shift=120.0000 render_us=695 render_avg=713 render_max=1028
[1781488712.414] [AP] SSL=180 DC=-828 max_raw=280 follower=182 peak_scaled=0.916 response_gain=1.000 silent_scale=1.000 silence=0 cal_source=config cal_valid=1 cal_reason=none | bpm=82.0 conf=0.00 lock=0 phase=0.65 beat=0 bstr=0.12 | onset=1 bass=0 ostr=0.00
[1781488713.083] [VP] profile=candidate fix=111011 chroma_seq=151426 chroma_flatness=0.1542 chroma_norm_max=1.0545 chroma_norm_mean=0.9003 chroma_final_max=0.3541 chroma_final_mean=0.2969 agc_gain=1.5568 bloom_alpha=0.9900 bloom_shift=1.0000 wave_idle=0.9850 wave_raw_margin=1.1000 wave_peak_floor=0.0800 wave_vu_floor=0.0200 wave_shift=120.0000 render_us=703 render_avg=718 render_max=1028
[1781488713.417] [AP] SSL=180 DC=-828 max_raw=487 follower=445 peak_scaled=0.622 response_gain=1.000 silent_scale=1.000 silence=0 cal_source=config cal_valid=1 cal_reason=none | bpm=82.0 conf=0.07 lock=0 phase=0.00 beat=0 bstr=0.29 | onset=0 bass=0 ostr=0.00
[1781488714.082] [VP] profile=candidate fix=111011 chroma_seq=151627 chroma_flatness=0.0750 chroma_norm_max=0.6564 chroma_norm_mean=0.5815 chroma_final_max=0.0000 chroma_final_mean=0.0000 agc_gain=1.2018 bloom_alpha=0.9900 bloom_shift=1.0000 wave_idle=0.9850 wave_raw_margin=1.1000 wave_peak_floor=0.0800 wave_vu_floor=0.0200 wave_shift=120.0000 render_us=611 render_avg=633 render_max=1028
[1781488714.421] [AP] SSL=180 DC=-828 max_raw=290 follower=291 peak_scaled=0.350 response_gain=1.000 silent_scale=1.000 silence=0 cal_source=config cal_valid=1 cal_reason=none | bpm=116.0 conf=0.12 lock=0 phase=0.69 beat=0 bstr=0.03 | onset=1 bass=0 ostr=0.00
[1781488715.086] [VP] profile=candidate fix=111011 chroma_seq=151829 chroma_flatness=0.1386 chroma_norm_max=0.9886 chroma_norm_mean=0.8501 chroma_final_max=0.2603 chroma_final_mean=0.2197 agc_gain=1.4363 bloom_alpha=0.9900 bloom_shift=1.0000 wave_idle=0.9850 wave_raw_margin=1.1000 wave_peak_floor=0.0800 wave_vu_floor=0.0200 wave_shift=120.0000 render_us=648 render_avg=689 render_max=1028
[1781488715.428] [AP] SSL=180 DC=-828 max_raw=198 follower=193 peak_scaled=0.485 response_gain=1.000 silent_scale=1.000 silence=0 cal_source=config cal_valid=1 cal_reason=none | bpm=116.0 conf=0.13 lock=0 phase=0.65 beat=0 bstr=0.07 | onset=0 bass=1 ostr=0.02
[1781488716.089] [VP] profile=candidate fix=111011 chroma_seq=152031 chroma_flatness=0.0630 chroma_norm_max=1.0120 chroma_norm_mean=0.9490 chroma_final_max=0.0000 chroma_final_mean=0.0000 agc_gain=1.7891 bloom_alpha=0.9900 bloom_shift=1.0000 wave_idle=0.9850 wave_raw_margin=1.1000 wave_peak_floor=0.0800 wave_vu_floor=0.0200 wave_shift=120.0000 render_us=651 render_avg=702 render_max=1028
[1781488716.432] [AP] SSL=180 DC=-828 max_raw=145 follower=180 peak_scaled=0.289 response_gain=1.000 silent_scale=1.000 silence=0 cal_source=config cal_valid=1 cal_reason=none | bpm=116.0 conf=0.00 lock=0 phase=0.56 beat=0 bstr=0.05 | onset=0 bass=1 ostr=0.02
[1781488717.088] [VP] profile=candidate fix=111011 chroma_seq=152233 chroma_flatness=0.1042 chroma_norm_max=1.0206 chroma_norm_mean=0.9165 chroma_final_max=0.1114 chroma_final_mean=0.0988 agc_gain=1.9078 bloom_alpha=0.9900 bloom_shift=1.0000 wave_idle=0.9850 wave_raw_margin=1.1000 wave_peak_floor=0.0800 wave_vu_floor=0.0200 wave_shift=120.0000 render_us=774 render_avg=714 render_max=1028
[1781488717.438] [AP] SSL=180 DC=-828 max_raw=189 follower=180 peak_scaled=0.214 response_gain=1.000 silent_scale=1.000 silence=0 cal_source=config cal_valid=1 cal_reason=none | bpm=116.0 conf=0.00 lock=0 phase=0.52 beat=0 bstr=0.07 | onset=0 bass=1 ostr=0.02
[1781488718.089] [VP] profile=candidate fix=111011 chroma_seq=152435 chroma_flatness=0.1633 chroma_norm_max=1.0352 chroma_norm_mean=0.8719 chroma_final_max=0.3895 chroma_final_mean=0.3215 agc_gain=1.9195 bloom_alpha=0.9900 bloom_shift=1.0000 wave_idle=0.9850 wave_raw_margin=1.1000 wave_peak_floor=0.0800 wave_vu_floor=0.0200 wave_shift=120.0000 render_us=691 render_avg=716 render_max=1028
[1781488718.443] [AP] SSL=180 DC=-828 max_raw=226 follower=180 peak_scaled=0.469 response_gain=1.000 silent_scale=1.000 silence=0 cal_source=config cal_valid=1 cal_reason=none | bpm=116.0 conf=0.18 lock=0 phase=0.48 beat=0 bstr=0.06 | onset=1 bass=0 ostr=0.00
[1781488719.102] [VP] profile=candidate fix=111011 chroma_seq=152639 chroma_flatness=0.0922 chroma_norm_max=0.9369 chroma_norm_mean=0.8447 chroma_final_max=0.0676 chroma_final_mean=0.0599 agc_gain=1.7806 bloom_alpha=0.9900 bloom_shift=1.0000 wave_idle=0.9850 wave_raw_margin=1.1000 wave_peak_floor=0.0800 wave_vu_floor=0.0200 wave_shift=120.0000 render_us=717 render_avg=717 render_max=1028
[1781488719.448] [AP] SSL=180 DC=-828 max_raw=173 follower=180 peak_scaled=0.107 response_gain=1.000 silent_scale=1.000 silence=0 cal_source=config cal_valid=1 cal_reason=none | bpm=116.0 conf=0.18 lock=0 phase=0.39 beat=0 bstr=0.10 | onset=0 bass=1 ostr=0.01
[1781488720.102] [VP] profile=candidate fix=111011 chroma_seq=152842 chroma_flatness=0.0998 chroma_norm_max=0.9231 chroma_norm_mean=0.8232 chroma_final_max=0.0817 chroma_final_mean=0.0718 agc_gain=1.9688 bloom_alpha=0.9900 bloom_shift=1.0000 wave_idle=0.9850 wave_raw_margin=1.1000 wave_peak_floor=0.0800 wave_vu_floor=0.0200 wave_shift=120.0000 render_us=697 render_avg=691 render_max=1028
[1781488720.453] [AP] SSL=180 DC=-828 max_raw=270 follower=180 peak_scaled=0.404 response_gain=1.000 silent_scale=1.000 silence=0 cal_source=config cal_valid=1 cal_reason=none | bpm=116.0 conf=0.17 lock=0 phase=0.35 beat=0 bstr=0.06 | onset=0 bass=0 ostr=0.00
[1781488721.102] [VP] profile=candidate fix=111011 chroma_seq=153044 chroma_flatness=0.1149 chroma_norm_max=1.0467 chroma_norm_mean=0.9318 chroma_final_max=0.1652 chroma_final_mean=0.1452 agc_gain=1.9173 bloom_alpha=0.9900 bloom_shift=1.0000 wave_idle=0.9850 wave_raw_margin=1.1000 wave_peak_floor=0.0800 wave_vu_floor=0.0200 wave_shift=120.0000 render_us=694 render_avg=686 render_max=1028
[1781488721.460] [AP] SSL=180 DC=-828 max_raw=159 follower=180 peak_scaled=0.176 response_gain=1.000 silent_scale=1.000 silence=0 cal_source=config cal_valid=1 cal_reason=none | bpm=116.0 conf=0.00 lock=0 phase=0.31 beat=0 bstr=0.04 | onset=0 bass=0 ostr=0.00
[1781488722.106] [VP] profile=candidate fix=111011 chroma_seq=153247 chroma_flatness=0.1234 chroma_norm_max=1.0385 chroma_norm_mean=0.9151 chroma_final_max=0.2035 chroma_final_mean=0.1768 agc_gain=1.7397 bloom_alpha=0.9900 bloom_shift=1.0000 wave_idle=0.9850 wave_raw_margin=1.1000 wave_peak_floor=0.0800 wave_vu_floor=0.0200 wave_shift=120.0000 render_us=670 render_avg=699 render_max=1028
[1781488722.462] [AP] SSL=180 DC=-828 max_raw=242 follower=180 peak_scaled=0.362 response_gain=1.000 silent_scale=1.000 silence=0 cal_source=config cal_valid=1 cal_reason=none | bpm=116.0 conf=0.00 lock=0 phase=0.22 beat=0 bstr=0.03 | onset=1 bass=0 ostr=0.00
[1781488723.107] [VP] profile=candidate fix=111011 chroma_seq=153449 chroma_flatness=0.1052 chroma_norm_max=0.9775 chroma_norm_mean=0.8723 chroma_final_max=0.1106 chroma_final_mean=0.0973 agc_gain=1.5274 bloom_alpha=0.9900 bloom_shift=1.0000 wave_idle=0.9850 wave_raw_margin=1.1000 wave_peak_floor=0.0800 wave_vu_floor=0.0200 wave_shift=120.0000 render_us=687 render_avg=701 render_max=1028
[1781488723.468] [AP] SSL=180 DC=-828 max_raw=174 follower=196 peak_scaled=0.526 response_gain=1.000 silent_scale=1.000 silence=0 cal_source=config cal_valid=1 cal_reason=none | bpm=116.0 conf=0.01 lock=0 phase=0.18 beat=0 bstr=0.02 | onset=1 bass=0 ostr=0.00
[1781488724.107] [VP] profile=candidate fix=111011 chroma_seq=153650 chroma_flatness=0.0621 chroma_norm_max=0.6615 chroma_norm_mean=0.5993 chroma_final_max=0.0000 chroma_final_mean=0.0000 agc_gain=1.0907 bloom_alpha=0.9900 bloom_shift=1.0000 wave_idle=0.9850 wave_raw_margin=1.1000 wave_peak_floor=0.0800 wave_vu_floor=0.0200 wave_shift=120.0000 render_us=638 render_avg=613 render_max=1028
[1781488724.473] [AP] SSL=180 DC=-828 max_raw=217 follower=391 peak_scaled=0.230 response_gain=1.000 silent_scale=1.000 silence=0 cal_source=config cal_valid=1 cal_reason=none | bpm=87.0 conf=0.14 lock=0 phase=0.80 beat=0 bstr=0.26 | onset=1 bass=0 ostr=0.00
[1781488725.108] [VP] profile=candidate fix=111011 chroma_seq=153851 chroma_flatness=0.1172 chroma_norm_max=0.8821 chroma_norm_mean=0.7648 chroma_final_max=0.1457 chroma_final_mean=0.1238 agc_gain=1.5005 bloom_alpha=0.9900 bloom_shift=1.0000 wave_idle=0.9850 wave_raw_margin=1.1000 wave_peak_floor=0.0800 wave_vu_floor=0.0200 wave_shift=120.0000 render_us=731 render_avg=695 render_max=1028
[1781488725.478] [AP] SSL=180 DC=-828 max_raw=97 follower=218 peak_scaled=0.306 response_gain=1.000 silent_scale=1.000 silence=0 cal_source=config cal_valid=1 cal_reason=none | bpm=92.0 conf=0.14 lock=0 phase=0.26 beat=0 bstr=0.08 | onset=0 bass=1 ostr=0.02
[1781488726.112] [VP] profile=candidate fix=111011 chroma_seq=154054 chroma_flatness=0.1006 chroma_norm_max=0.9744 chroma_norm_mean=0.8739 chroma_final_max=0.0900 chroma_final_mean=0.0796 agc_gain=1.7747 bloom_alpha=0.9900 bloom_shift=1.0000 wave_idle=0.9850 wave_raw_margin=1.1000 wave_peak_floor=0.0800 wave_vu_floor=0.0200 wave_shift=120.0000 render_us=710 render_avg=714 render_max=1028
[1781488726.484] [AP] SSL=180 DC=-828 max_raw=150 follower=180 peak_scaled=0.272 response_gain=1.000 silent_scale=1.000 silence=0 cal_source=config cal_valid=1 cal_reason=none | bpm=92.0 conf=0.13 lock=0 phase=0.81 beat=0 bstr=0.07 | onset=1 bass=0 ostr=0.00
[1781488727.113] [VP] profile=candidate fix=111011 chroma_seq=154256 chroma_flatness=0.1073 chroma_norm_max=0.9572 chroma_norm_mean=0.8499 chroma_final_max=0.1171 chroma_final_mean=0.1024 agc_gain=1.8462 bloom_alpha=0.9900 bloom_shift=1.0000 wave_idle=0.9850 wave_raw_margin=1.1000 wave_peak_floor=0.0800 wave_vu_floor=0.0200 wave_shift=120.0000 render_us=714 render_avg=704 render_max=1028
[1781488727.489] [AP] SSL=180 DC=-828 max_raw=203 follower=180 peak_scaled=0.259 response_gain=1.000 silent_scale=1.000 silence=0 cal_source=config cal_valid=1 cal_reason=none | bpm=92.0 conf=0.03 lock=0 phase=0.37 beat=0 bstr=0.09 | onset=0 bass=1 ostr=0.01
[1781488728.113] [VP] profile=candidate fix=111011 chroma_seq=154459 chroma_flatness=0.0715 chroma_norm_max=0.9207 chroma_norm_mean=0.8492 chroma_final_max=0.0000 chroma_final_mean=0.0000 agc_gain=1.8570 bloom_alpha=0.9900 bloom_shift=1.0000 wave_idle=0.9850 wave_raw_margin=1.1000 wave_peak_floor=0.0800 wave_vu_floor=0.0200 wave_shift=120.0000 render_us=617 render_avg=685 render_max=1028
[1781488728.493] [AP] SSL=180 DC=-828 max_raw=270 follower=180 peak_scaled=0.496 response_gain=1.000 silent_scale=1.000 silence=0 cal_source=config cal_valid=1 cal_reason=none | bpm=92.0 conf=0.00 lock=0 phase=0.88 beat=0 bstr=0.08 | onset=0 bass=1 ostr=0.02
[1781488729.114] [VP] profile=candidate fix=111011 chroma_seq=154661 chroma_flatness=0.1246 chroma_norm_max=0.9879 chroma_norm_mean=0.8632 chroma_final_max=0.1982 chroma_final_mean=0.1703 agc_gain=1.8239 bloom_alpha=0.9900 bloom_shift=1.0000 wave_idle=0.9850 wave_raw_margin=1.1000 wave_peak_floor=0.0800 wave_vu_floor=0.0200 wave_shift=120.0000 render_us=731 render_avg=696 render_max=1028
[1781488729.498] [AP] SSL=180 DC=-828 max_raw=129 follower=180 peak_scaled=0.353 response_gain=1.000 silent_scale=1.000 silence=0 cal_source=config cal_valid=1 cal_reason=none | bpm=92.0 conf=0.00 lock=0 phase=0.43 beat=0 bstr=0.06 | onset=0 bass=1 ostr=0.01
[1781488730.127] [VP] profile=candidate fix=111011 chroma_seq=154866 chroma_flatness=0.1382 chroma_norm_max=1.0075 chroma_norm_mean=0.8694 chroma_final_max=0.2639 chroma_final_mean=0.2237 agc_gain=1.5433 bloom_alpha=0.9900 bloom_shift=1.0000 wave_idle=0.9850 wave_raw_margin=1.1000 wave_peak_floor=0.0800 wave_vu_floor=0.0200 wave_shift=120.0000 render_us=694 render_avg=693 render_max=1028
[1781488730.504] [AP] SSL=180 DC=-828 max_raw=207 follower=190 peak_scaled=0.864 response_gain=1.000 silent_scale=1.000 silence=0 cal_source=config cal_valid=1 cal_reason=none | bpm=92.0 conf=0.00 lock=0 phase=0.99 beat=0 bstr=0.05 | onset=0 bass=1 ostr=0.01
[1781488731.128] [VP] profile=candidate fix=111011 chroma_seq=155068 chroma_flatness=0.0588 chroma_norm_max=0.6727 chroma_norm_mean=0.6140 chroma_final_max=0.0000 chroma_final_mean=0.0000 agc_gain=1.2799 bloom_alpha=0.9900 bloom_shift=1.0000 wave_idle=0.9850 wave_raw_margin=1.1000 wave_peak_floor=0.0800 wave_vu_floor=0.0200 wave_shift=120.0000 render_us=617 render_avg=682 render_max=1028
[1781488731.507] [AP] SSL=180 DC=-828 max_raw=158 follower=186 peak_scaled=0.512 response_gain=1.000 silent_scale=1.000 silence=0 cal_source=config cal_valid=1 cal_reason=none | bpm=92.0 conf=0.18 lock=0 phase=0.50 beat=0 bstr=0.06 | onset=0 bass=1 ostr=0.02
[1781488732.128] [VP] profile=candidate fix=111011 chroma_seq=155268 chroma_flatness=0.2078 chroma_norm_max=1.1428 chroma_norm_mean=0.9347 chroma_final_max=0.6675 chroma_final_mean=0.5343 agc_gain=1.4868 bloom_alpha=0.9900 bloom_shift=1.0000 wave_idle=0.9850 wave_raw_margin=1.1000 wave_peak_floor=0.0800 wave_vu_floor=0.0200 wave_shift=120.0000 render_us=742 render_avg=741 render_max=1028
[1781488732.513] [AP] SSL=180 DC=-828 max_raw=338 follower=290 peak_scaled=0.586 response_gain=1.000 silent_scale=1.000 silence=0 cal_source=config cal_valid=1 cal_reason=none | bpm=92.0 conf=0.24 lock=0 phase=0.05 beat=0 bstr=0.04 | onset=1 bass=0 ostr=0.00
[1781488733.142] [VP] profile=candidate fix=111011 chroma_seq=155473 chroma_flatness=0.0966 chroma_norm_max=0.7157 chroma_norm_mean=0.6191 chroma_final_max=0.0511 chroma_final_mean=0.0431 agc_gain=1.3609 bloom_alpha=0.9900 bloom_shift=1.0000 wave_idle=0.9850 wave_raw_margin=1.1000 wave_peak_floor=0.0800 wave_vu_floor=0.0200 wave_shift=120.0000 render_us=733 render_avg=692 render_max=1028
[1781488733.518] [AP] SSL=180 DC=-828 max_raw=194 follower=232 peak_scaled=0.595 response_gain=1.000 silent_scale=1.000 silence=0 cal_source=config cal_valid=1 cal_reason=none | bpm=92.0 conf=0.27 lock=0 phase=0.61 beat=0 bstr=0.11 | onset=0 bass=0 ostr=0.00
[1781488734.142] [VP] profile=candidate fix=111011 chroma_seq=155675 chroma_flatness=0.0792 chroma_norm_max=0.7372 chroma_norm_mean=0.6580 chroma_final_max=0.0000 chroma_final_mean=0.0000 agc_gain=1.5412 bloom_alpha=0.9900 bloom_shift=1.0000 wave_idle=0.9850 wave_raw_margin=1.1000 wave_peak_floor=0.0800 wave_vu_floor=0.0200 wave_shift=120.0000 render_us=708 render_avg=638 render_max=1028
[1781488734.523] [AP] SSL=180 DC=-828 max_raw=168 follower=180 peak_scaled=0.097 response_gain=1.000 silent_scale=1.000 silence=0 cal_source=config cal_valid=1 cal_reason=none | bpm=96.0 conf=0.11 lock=0 phase=0.15 beat=0 bstr=0.46 | onset=0 bass=1 ostr=0.02
[1781488735.144] [VP] profile=candidate fix=111011 chroma_seq=155876 chroma_flatness=0.1312 chroma_norm_max=0.9376 chroma_norm_mean=0.8064 chroma_final_max=0.2144 chroma_final_mean=0.1808 agc_gain=1.8857 bloom_alpha=0.9900 bloom_shift=1.0000 wave_idle=0.9850 wave_raw_margin=1.1000 wave_peak_floor=0.0800 wave_vu_floor=0.0200 wave_shift=120.0000 render_us=718 render_avg=705 render_max=1028
[1781488735.528] [AP] SSL=180 DC=-828 max_raw=164 follower=180 peak_scaled=0.182 response_gain=1.000 silent_scale=1.000 silence=0 cal_source=config cal_valid=1 cal_reason=none | bpm=91.0 conf=0.00 lock=0 phase=0.75 beat=0 bstr=0.22 | onset=0 bass=1 ostr=0.02
[1781488736.147] [VP] profile=candidate fix=111011 chroma_seq=156079 chroma_flatness=0.1719 chroma_norm_max=1.0773 chroma_norm_mean=0.9053 chroma_final_max=0.4493 chroma_final_mean=0.3702 agc_gain=1.6474 bloom_alpha=0.9900 bloom_shift=1.0000 wave_idle=0.9850 wave_raw_margin=1.1000 wave_peak_floor=0.0800 wave_vu_floor=0.0200 wave_shift=120.0000 render_us=729 render_avg=714 render_max=1028
[1781488736.534] [AP] SSL=180 DC=-828 max_raw=299 follower=198 peak_scaled=0.898 response_gain=1.000 silent_scale=1.000 silence=0 cal_source=config cal_valid=1 cal_reason=none | bpm=91.0 conf=0.02 lock=0 phase=0.30 beat=0 bstr=0.56 | onset=0 bass=0 ostr=0.00
[1781488737.147] [VP] profile=candidate fix=111011 chroma_seq=156280 chroma_flatness=0.0692 chroma_norm_max=0.7500 chroma_norm_mean=0.6808 chroma_final_max=0.0000 chroma_final_mean=0.0000 agc_gain=1.5503 bloom_alpha=0.9900 bloom_shift=1.0000 wave_idle=0.9850 wave_raw_margin=1.1000 wave_peak_floor=0.0800 wave_vu_floor=0.0200 wave_shift=120.0000 render_us=612 render_avg=610 render_max=1028
[1781488737.538] [AP] SSL=180 DC=-828 max_raw=198 follower=180 peak_scaled=0.343 response_gain=1.000 silent_scale=1.000 silence=0 cal_source=config cal_valid=1 cal_reason=none | bpm=91.0 conf=0.02 lock=0 phase=0.80 beat=0 bstr=0.68 | onset=0 bass=0 ostr=0.00
[1781488738.148] [VP] profile=candidate fix=111011 chroma_seq=156482 chroma_flatness=0.0876 chroma_norm_max=0.8952 chroma_norm_mean=0.8076 chroma_final_max=0.0303 chroma_final_mean=0.0269 agc_gain=1.7333 bloom_alpha=0.9900 bloom_shift=1.0000 wave_idle=0.9850 wave_raw_margin=1.1000 wave_peak_floor=0.0800 wave_vu_floor=0.0200 wave_shift=120.0000 render_us=658 render_avg=697 render_max=1028
[1781488738.543] [AP] SSL=180 DC=-828 max_raw=120 follower=180 peak_scaled=0.735 response_gain=1.000 silent_scale=1.000 silence=0 cal_source=config cal_valid=1 cal_reason=none | bpm=91.0 conf=0.00 lock=0 phase=0.34 beat=0 bstr=0.52 | onset=0 bass=1 ostr=0.02
[1781488739.149] [VP] profile=candidate fix=111011 chroma_seq=156684 chroma_flatness=0.0759 chroma_norm_max=0.9402 chroma_norm_mean=0.8643 chroma_final_max=0.0000 chroma_final_mean=0.0000 agc_gain=1.9143 bloom_alpha=0.9900 bloom_shift=1.0000 wave_idle=0.9850 wave_raw_margin=1.1000 wave_peak_floor=0.0800 wave_vu_floor=0.0200 wave_shift=120.0000 render_us=607 render_avg=637 render_max=1028
[1781488739.549] [AP] SSL=180 DC=-828 max_raw=117 follower=180 peak_scaled=0.156 response_gain=1.000 silent_scale=1.000 silence=0 cal_source=config cal_valid=1 cal_reason=none | bpm=91.0 conf=0.00 lock=0 phase=0.87 beat=0 bstr=0.48 | onset=0 bass=1 ostr=0.02
[1781488740.162] [VP] profile=candidate fix=111011 chroma_seq=156889 chroma_flatness=0.0799 chroma_norm_max=0.9316 chroma_norm_mean=0.8517 chroma_final_max=0.0000 chroma_final_mean=0.0000 agc_gain=2.1065 bloom_alpha=0.9900 bloom_shift=1.0000 wave_idle=0.9850 wave_raw_margin=1.1000 wave_peak_floor=0.0800 wave_vu_floor=0.0200 wave_shift=120.0000 render_us=606 render_avg=663 render_max=1028
[1781488740.553] [AP] SSL=180 DC=-828 max_raw=136 follower=180 peak_scaled=0.155 response_gain=1.000 silent_scale=1.000 silence=0 cal_source=config cal_valid=1 cal_reason=none | bpm=91.0 conf=0.00 lock=0 phase=0.37 beat=0 bstr=0.56 | onset=1 bass=0 ostr=0.00
[1781488741.163] [VP] profile=candidate fix=111011 chroma_seq=157091 chroma_flatness=0.0723 chroma_norm_max=0.9177 chroma_norm_mean=0.8454 chroma_final_max=0.0000 chroma_final_mean=0.0000 agc_gain=1.6900 bloom_alpha=0.9900 bloom_shift=1.0000 wave_idle=0.9850 wave_raw_margin=1.1000 wave_peak_floor=0.0800 wave_vu_floor=0.0200 wave_shift=120.0000 render_us=612 render_avg=681 render_max=1028
[1781488741.559] [AP] SSL=180 DC=-828 max_raw=101 follower=180 peak_scaled=0.303 response_gain=1.000 silent_scale=1.000 silence=0 cal_source=config cal_valid=1 cal_reason=none | bpm=91.0 conf=0.00 lock=0 phase=0.91 beat=0 bstr=0.47 | onset=0 bass=0 ostr=0.00
[1781488742.164] [VP] profile=candidate fix=111011 chroma_seq=157292 chroma_flatness=0.0961 chroma_norm_max=1.0338 chroma_norm_mean=0.9377 chroma_final_max=0.1170 chroma_final_mean=0.1040 agc_gain=1.8869 bloom_alpha=0.9900 bloom_shift=1.0000 wave_idle=0.9850 wave_raw_margin=1.1000 wave_peak_floor=0.0800 wave_vu_floor=0.0200 wave_shift=120.0000 render_us=715 render_avg=667 render_max=1028
[1781488742.564] [AP] SSL=180 DC=-828 max_raw=299 follower=180 peak_scaled=0.656 response_gain=1.000 silent_scale=1.000 silence=0 cal_source=config cal_valid=1 cal_reason=none | bpm=91.0 conf=0.00 lock=0 phase=0.45 beat=0 bstr=0.83 | onset=1 bass=0 ostr=0.00
[1781488743.177] [VP] profile=candidate fix=111011 chroma_seq=157497 chroma_flatness=0.1218 chroma_norm_max=1.0543 chroma_norm_mean=0.9325 chroma_final_max=0.1994 chroma_final_mean=0.1739 agc_gain=1.9397 bloom_alpha=0.9900 bloom_shift=1.0000 wave_idle=0.9850 wave_raw_margin=1.1000 wave_peak_floor=0.0800 wave_vu_floor=0.0200 wave_shift=120.0000 render_us=747 render_avg=680 render_max=1028
[1781488743.568] [AP] SSL=180 DC=-828 max_raw=141 follower=180 peak_scaled=0.335 response_gain=1.000 silent_scale=1.000 silence=0 cal_source=config cal_valid=1 cal_reason=none | bpm=91.0 conf=0.00 lock=0 phase=0.95 beat=0 bstr=0.61 | onset=0 bass=1 ostr=0.02
[1781488744.177] [VP] profile=candidate fix=111011 chroma_seq=157699 chroma_flatness=0.1044 chroma_norm_max=0.9361 chroma_norm_mean=0.8317 chroma_final_max=0.1021 chroma_final_mean=0.0893 agc_gain=1.8771 bloom_alpha=0.9900 bloom_shift=1.0000 wave_idle=0.9850 wave_raw_margin=1.1000 wave_peak_floor=0.0800 wave_vu_floor=0.0200 wave_shift=120.0000 render_us=738 render_avg=664 render_max=1028
[1781488744.574] [AP] SSL=180 DC=-828 max_raw=173 follower=180 peak_scaled=0.064 response_gain=1.000 silent_scale=1.000 silence=0 cal_source=config cal_valid=1 cal_reason=none | bpm=101.0 conf=0.05 lock=0 phase=0.56 beat=0 bstr=0.08 | onset=1 bass=0 ostr=0.00
[1781488745.177] [VP] profile=candidate fix=111011 chroma_seq=157901 chroma_flatness=0.0923 chroma_norm_max=1.0195 chroma_norm_mean=0.9272 chroma_final_max=0.0567 chroma_final_mean=0.0510 agc_gain=2.1296 bloom_alpha=0.9900 bloom_shift=1.0000 wave_idle=0.9850 wave_raw_margin=1.1000 wave_peak_floor=0.0800 wave_vu_floor=0.0200 wave_shift=120.0000 render_us=742 render_avg=678 render_max=1028
[1781488745.579] [AP] SSL=180 DC=-828 max_raw=203 follower=180 peak_scaled=0.111 response_gain=1.000 silent_scale=1.000 silence=0 cal_source=config cal_valid=1 cal_reason=none | bpm=101.0 conf=0.04 lock=0 phase=0.26 beat=0 bstr=0.04 | onset=0 bass=1 ostr=0.02
[1781488746.183] [VP] profile=candidate fix=111011 chroma_seq=158105 chroma_flatness=0.0707 chroma_norm_max=0.9551 chroma_norm_mean=0.8844 chroma_final_max=0.0000 chroma_final_mean=0.0000 agc_gain=2.0780 bloom_alpha=0.9900 bloom_shift=1.0000 wave_idle=0.9850 wave_raw_margin=1.1000 wave_peak_floor=0.0800 wave_vu_floor=0.0200 wave_shift=120.0000 render_us=602 render_avg=671 render_max=1028
[1781488746.583] [AP] SSL=180 DC=-828 max_raw=173 follower=180 peak_scaled=0.017 response_gain=1.000 silent_scale=1.000 silence=0 cal_source=config cal_valid=1 cal_reason=none | bpm=101.0 conf=0.00 lock=0 phase=0.93 beat=0 bstr=0.03 | onset=0 bass=0 ostr=0.00
[1781488747.183] [VP] profile=candidate fix=111011 chroma_seq=158306 chroma_flatness=0.1018 chroma_norm_max=1.0505 chroma_norm_mean=0.9487 chroma_final_max=0.1035 chroma_final_mean=0.0924 agc_gain=2.2407 bloom_alpha=0.9900 bloom_shift=1.0000 wave_idle=0.9850 wave_raw_margin=1.1000 wave_peak_floor=0.0800 wave_vu_floor=0.0200 wave_shift=120.0000 render_us=719 render_avg=667 render_max=1028
[1781488747.588] [AP] SSL=180 DC=-828 max_raw=111 follower=180 peak_scaled=0.001 response_gain=1.000 silent_scale=1.000 silence=0 cal_source=config cal_valid=1 cal_reason=none | bpm=101.0 conf=0.00 lock=0 phase=0.63 beat=0 bstr=0.03 | onset=1 bass=0 ostr=0.00
[1781488748.182] [VP] profile=candidate fix=111011 chroma_seq=158508 chroma_flatness=0.0578 chroma_norm_max=0.9168 chroma_norm_mean=0.8590 chroma_final_max=0.0000 chroma_final_mean=0.0000 agc_gain=2.0356 bloom_alpha=0.9900 bloom_shift=1.0000 wave_idle=0.9850 wave_raw_margin=1.1000 wave_peak_floor=0.0800 wave_vu_floor=0.0200 wave_shift=120.0000 render_us=604 render_avg=672 render_max=1028
[1781488748.595] [AP] SSL=180 DC=-828 max_raw=212 follower=180 peak_scaled=0.116 response_gain=1.000 silent_scale=1.000 silence=0 cal_source=config cal_valid=1 cal_reason=none | bpm=101.0 conf=0.00 lock=0 phase=0.34 beat=0 bstr=0.07 | onset=0 bass=0 ostr=0.00
[1781488749.183] [VP] profile=candidate fix=111011 chroma_seq=158711 chroma_flatness=0.0953 chroma_norm_max=0.9544 chroma_norm_mean=0.8591 chroma_final_max=0.0654 chroma_final_mean=0.0581 agc_gain=2.1452 bloom_alpha=0.9900 bloom_shift=1.0000 wave_idle=0.9850 wave_raw_margin=1.1000 wave_peak_floor=0.0800 wave_vu_floor=0.0200 wave_shift=120.0000 render_us=696 render_avg=633 render_max=1028
[1781488749.347] >>> :smart_status
[1781488749.356] sbr{{
[1781488749.356] SMART_ASSIST: off
[1781488749.356] SMART_SWITCHING: off
[1781488749.356] SMART_DIRECTOR_AUTONOMY: off
[1781488749.356] SMART_HOOKS: off
[1781488749.356] SMART_CONFIDENCE_FLOOR: 0.080
[1781488749.356] SMART_APPLIED_MODE: 3
[1781488749.356] SMART_LAST_REQUESTED_MODE: 3
[1781488749.356] SMART_SWITCHES_IN_WINDOW: 0
[1781488749.357] SMART_MANUAL_OWNER_ACTIVE: 0
[1781488749.357] SMART_LAST_REASON: 0
[1781488749.357] SMART_STATE: 0
[1781488749.357] SMART_INTENT_MODE: 3
[1781488749.357] SMART_INTENT_CONFIDENCE: 0.000
[1781488749.357] SMART_INTENT_WANTS_SWITCH: 0
[1781488749.357] SMART_SCALAR_PHOTONS: 1.000
[1781488749.357] SMART_SCALAR_CHROMA: 1.000
[1781488749.357] SMART_SCALAR_MOOD: 1.000
[1781488749.357] SMART_SCALAR_SATURATION: 1.000
[1781488749.358] SMART_PALETTE_OVERLAY: 0
[1781488749.358] SMART_PALETTE_INDEX: 0
[1781488749.358] SMART_AUTO_COLOUR_SHIFT: 0
[1781488749.358] SMART_MIN_DWELL_MS: 8000
[1781488749.358] SMART_COOLDOWN_MS: 20000
[1781488749.358] SMART_SWITCH_WINDOW_MS: 60000
[1781488749.358] SMART_MAX_SWITCHES: 2
[1781488749.358] SMART_AUDIO_NOVELTY: 0.0477
[1781488749.358] SMART_AUDIO_ENERGY: 0.2440
[1781488749.358] SMART_EVENT_ID: 8611
[1781488749.358] SMART_EVENT_AGE_MS: 135
[1781488749.358] SMART_ONSET: 0
[1781488749.359] SMART_BASS_ONSET: 0
[1781488749.359] SMART_BEAT_CONFIDENCE: 0.000
[1781488749.359] SMART_TRANSIENT: 0
[1781488749.359] SMART_KICK: 0
[1781488749.359] SMART_SNARE: 0
[1781488749.359] SMART_HIHAT: 0
[1781488749.359] SMART_TRANSIENT_LEVEL: 0.002
[1781488749.359] SMART_KICK_LEVEL: 0.001
[1781488749.360] SMART_SNARE_LEVEL: 0.000
[1781488749.360] SMART_HIHAT_LEVEL: 0.008
[1781488749.360] SMART_SNARE_EVENT_ID: 2683
[1781488749.360] SMART_HIHAT_EVENT_ID: 9384
[1781488749.360] }}
[1781488749.598] [AP] SSL=180 DC=-828 max_raw=150 follower=180 peak_scaled=0.116 response_gain=1.000 silent_scale=1.000 silence=0 cal_source=config cal_valid=1 cal_reason=none | bpm=94.0 conf=0.00 lock=0 phase=0.99 beat=0 bstr=0.07 | onset=0 bass=0 ostr=0.00
[1781488750.059] >>> :dump
[1781488750.076] sbr{{
[1781488750.076] FIRMWARE_VERSION: 40103
[1781488750.076] CHIP ID: B489A500
[1781488750.076] noise_button.pressed: 0
[1781488750.076] noise_button.last_down: 0
[1781488750.076] noise_button.last_up: 0
[1781488750.077] noise_button.pin: 255
[1781488750.077] mode_button.pressed: 0
[1781488750.077] mode_button.last_down: 0
[1781488750.077] mode_button.last_up: 0
[1781488750.077] mode_button.pin: 255
[1781488750.077] CONFIG.PHOTONS: 0.480000
[1781488750.077] CONFIG.CHROMA: 0.400000
[1781488750.078] CONFIG.MOOD: 0.100000
[1781488750.078] CONFIG.LIGHTSHOW_MODE: 8
[1781488750.078] CONFIG.MIRROR_ENABLED: 1
[1781488750.078] CONFIG.CHROMAGRAM_RANGE: 60
[1781488750.078] CONFIG.SAMPLE_RATE: 12800
[1781488750.078] CONFIG.NOTE_OFFSET: 12
[1781488750.078] CONFIG.SQUARE_ITER: 0.00
[1781488750.078] CONFIG.LED_TYPE: 0
[1781488750.078] CONFIG.LED_COUNT: 160
[1781488750.079] CONFIG.LED_COLOR_ORDER: 66
[1781488750.079] CONFIG.SAMPLES_PER_CHUNK: 96
[1781488750.079] CONFIG.SENSITIVITY: 2.300000
[1781488750.079] AUDIO_RESPONSE_GAIN: 1.000000
[1781488750.079] CONFIG.BOOT_ANIMATION: 1
[1781488750.079] CONFIG.SWEET_SPOT_MIN_LEVEL: 180
[1781488750.079] CONFIG.SWEET_SPOT_MAX_LEVEL: 30000
[1781488750.079] CONFIG.DC_OFFSET: -828
[1781488750.079] CAL_SOURCE: config
[1781488750.080] CAL_VALID: 1
[1781488750.080] CAL_PROFILE_LOADED: 0
[1781488750.080] NOISE_CAL_REASON: none
[1781488750.080] NOISE_CAL_DC_SAMPLES: 0
[1781488750.080] NOISE_CAL_SSL_P50: 0.0
[1781488750.080] NOISE_CAL_SSL_P90: 0.0
[1781488750.080] CONFIG.STANDBY_DIMMING: 0
[1781488750.080] CONFIG.REVERSE_ORDER: 0
[1781488750.080] CONFIG.MAX_CURRENT_MA: 1500
[1781488750.080] CONFIG.TEMPORAL_DITHERING: 1
[1781488750.080] CONFIG.AUTO_COLOR_SHIFT: 1
[1781488750.080] CONFIG.INCANDESCENT_FILTER: 0.00
[1781488750.080] CONFIG.INCANDESCENT_MODE: 0
[1781488750.080] CONFIG.BULB_OPACITY: 0.00
[1781488750.081] CONFIG.SATURATION: 1.00
[1781488750.081] CONFIG.PRISM_COUNT: 1.00
[1781488750.081] CONFIG.BASE_COAT: 1
[1781488750.081] CONFIG.BASE_COAT_INTENSITY: 0.000
[1781488750.081] MASTER_BRIGHTNESS: 1.00
[1781488750.081] stream_audio: 0
[1781488750.081] stream_fps: 0
[1781488750.081] stream_max_mags: 0
[1781488750.081] stream_max_mags_followers: 0
[1781488750.081] stream_magnitudes: 0
[1781488750.081] stream_spectrogram: 0
[1781488750.081] stream_chromagram: 0
[1781488750.081] debug_mode: 0
[1781488750.081] noise_complete: 1
[1781488750.082] noise_iterations: 0
[1781488750.082] next_save_time: 0
[1781488750.082] settings_updated: 0
[1781488750.082] I2S_PORT: 0
[1781488750.082] SAMPLE_HISTORY_LENGTH: 4096
[1781488750.082] silence: 0
[1781488750.082] mode_destination: -1
[1781488750.082] SYSTEM_FPS: 163.26
[1781488750.082] LED_FPS: 201.32
[1781488750.082] }}
[1781488750.198] [VP] profile=candidate fix=111011 chroma_seq=158915 chroma_flatness=0.1127 chroma_norm_max=1.0333 chroma_norm_mean=0.9221 chroma_final_max=0.1293 chroma_final_mean=0.1143 agc_gain=2.0456 bloom_alpha=0.9900 bloom_shift=1.0000 wave_idle=0.9850 wave_raw_margin=1.1000 wave_peak_floor=0.0800 wave_vu_floor=0.0200 wave_shift=120.0000 render_us=730 render_avg=729 render_max=1028
[1781488750.603] [AP] SSL=180 DC=-828 max_raw=88 follower=180 peak_scaled=0.003 response_gain=1.000 silent_scale=1.000 silence=0 cal_source=config cal_valid=1 cal_reason=none | bpm=94.0 conf=0.00 lock=0 phase=0.58 beat=0 bstr=0.05 | onset=0 bass=0 ostr=0.00
[1781488750.767] >>> :ap_stream=off
[1781488750.777] sbr{{
[1781488750.777] AP_STREAM: off
[1781488750.777] }}
[1781488751.199] [VP] profile=candidate fix=111011 chroma_seq=159118 chroma_flatness=0.0640 chroma_norm_max=0.9651 chroma_norm_mean=0.9011 chroma_final_max=0.0000 chroma_final_mean=0.0000 agc_gain=2.1295 bloom_alpha=0.9900 bloom_shift=1.0000 wave_idle=0.9850 wave_raw_margin=1.1000 wave_peak_floor=0.0800 wave_vu_floor=0.0200 wave_shift=120.0000 render_us=662 render_avg=672 render_max=1028
[1781488751.481] >>> :vp_stream=off
[1781488751.496] sbr{{
[1781488751.496] VP_STREAM: off
[1781488751.496] }}
[1781488752.486] >>> :ap_stream=off
[1781488752.507] sbr{{
[1781488752.507] AP_STREAM: off
[1781488752.507] }}
[1781488752.641] >>> :vp_stream=off
[1781488752.644] sbr{{
[1781488752.644] VP_STREAM: off
[1781488752.644] }}
[1781488752.798] >>> :vp_perf=stop
[1781488752.802] sbr{{
[1781488752.802] VP_PERF: disabled (compile with ENABLE_VP_PERF_AUDIT=1)
[1781488752.802] }}
[1781488752.949] >>> :stop
[1781488752.962] SBOK
