[1781480593.473] #DEVICE role=bench-reference name=bench-12201 port=/dev/cu.usbmodem12401 expected_chip_id=B489A500 env=k1_bench_reference
[1781480593.474] >>> :version
[1781480593.476] t_scale=1.000 silence=0 cal_source=config cal_valid=1 cal_reason=none | bpm=100.0 conf=0.00 lock=0 phase=0.83 beat=0 bstr=0.04 | onset=0 bass=1 ostr=0.02
[1781480593.476] [AP] SSL=180 DC=-828 max_raw=448 follower=856 peak_scaled=0.376 response_gain=1.000 silent_scale=1.000 silence=0 cal_source=config cal_valid=1 cal_reason=none | bpm=100.0 conf=0.92 lock=1 phase=0.48 beat=0 bstr=0.06 | onset=0 bass=0 ostr=0.00
[1781480593.478] [AP] SSL=180 DC=-828 max_raw=742 follower=809 peak_scaled=0.646 response_gain=1.000 silent_scale=1.000 silence=0 cal_source=config cal_valid=1 cal_reason=none | bpm=100.0 conf=0.86 lock=1 phase=0.26 beat=0 bstr=0.25 | onset=0 bass=0 ostr=0.00
[1781480593.479] [AP] SSL=180 DC=-828 max_raw=434 follower=521 peak_scaled=0.532 response_gain=1.000 silent_scale=1.000 silence=0 cal_source=config cal_valid=1 cal_reason=none | bpm=100.0 conf=0.76 lock=1 phase=0.97 beat=0 bstr=0.48 | onset=0 bass=0 ostr=0.00
[1781480593.483] [AP] SSL=180 DC=-828 max_raw=487 follower=579 peak_scaled=0.489 response_gain=1.000 silent_scale=1.000 silence=0 cal_source=config cal_valid=1 cal_reason=none | bpm=72.0 conf=0.51 lock=0 phase=0.41 beat=0 bstr=0.37 | onset=0 bass=0 ostr=0.00
[1781480593.484] [AP] SSL=180 DC=-828 max_raw=404 follower=382 peak_scaled=0.541 response_gain=1.000 silent_scale=1.000 silence=0 cal_source=config cal_valid=1 cal_reason=none | bpm=72.0 conf=0.33 lock=0 phase=0.62 beat=0 bstr=0.41 | onset=0 bass=0 ostr=0.00
[1781480593.486] [AP] SSL=180 DC=-828 max_raw=400 follower=264 peak_scaled=0.725 response_gain=1.000 silent_scale=1.000 silence=0 cal_source=config cal_valid=1 cal_reason=none | bpm=72.0 conf=0.31 lock=0 phase=0.84 beat=0 bstr=0.60 | onset=1 bass=0 ostr=0.00
[1781480593.487] [AP] SSL=180 DC=-828 max_raw=386 follower=349 peak_scaled=0.766 response_gain=1.000 silent_scale=1.000 silence=0 cal_source=config cal_valid=1 cal_reason=none | bpm=72.0 conf=0.13 lock=0 phase=0.03 beat=0 bstr=0.75 | onset=0 bass=0 ostr=0.00
[1781480593.488] [AP] SSL=180 DC=-828 max_raw=483 follower=283 peak_scaled=0.927 response_gain=1.000 silent_scale=1.000 silence=0 cal_source=config cal_valid=1 cal_reason=none | bpm=72.0 conf=0.14 lock=0 phase=0.24 beat=0 bstr=0.56 | onset=0 bass=0 ostr=0.00
[1781480593.489] [AP] SSL=180 DC=-828 max_raw=650 follower=470 peak_scaled=0.913 response_gain=1.000 silent_scale=1.000 silence=0 cal_source=config cal_valid=1 cal_reason=none | bpm=72.0 conf=0.11 lock=0 phase=0.46 beat=0 bstr=0.66 | onset=0 bass=1 ostr=0.02
[1781480593.490] [AP] SSL=180 DC=-828 max_raw=126 follower=327 peak_scaled=0.095 response_gain=1.000 silent_scale=1.000 silence=0 cal_source=config cal_valid=1 cal_reason=none | bpm=72.0 conf=0.12 lock=0 phase=0.65 beat=0 bstr=0.70 | onset=0 bass=1 ostr=0.02
[1781480593.492] [AP] SSL=180 DC=-828 max_raw=289 follower=1515 peak_scaled=0.115 response_gain=1.000 silent_scale=1.000 silence=0 cal_source=config cal_valid=1 cal_reason=none | bpm=104.0 conf=0.26 lock=0 phase=0.13 beat=0 bstr=0.35 | onset=1 bass=0 ostr=0.00
[1781480593.493] [AP] SSL=180 DC=-828 max_raw=598 follower=910 peak_scaled=0.483 response_gain=1.000 silent_scale=1.000 silence=0 cal_source=config cal_valid=1 cal_reason=none | bpm=63.0 conf=0.97 lock=1 phase=0.53 beat=0 bstr=0.26 | onset=1 bass=0 ostr=0.00
[1781480593.494] [AP] SSL=180 DC=-828 max_raw=598 follower=574 peak_scaled=0.629 response_gain=1.000 silent_scale=1.000 silence=0 cal_source=config cal_valid=1 cal_reason=none | bpm=63.0 conf=0.95 lock=1 phase=0.57 beat=0 bstr=0.39 | onset=1 bass=0 ostr=0.00
[1781480593.495] [AP] SSL=180 DC=-828 max_raw=372 follower=478 peak_scaled=0.389 response_gain=1.000 silent_scale=1.000 silence=0 cal_source=config cal_valid=1 cal_reason=none | bpm=105.0 conf=0.56 lock=1 phase=0.78 beat=0 bstr=0.69 | onset=1 bass=0 ostr=0.00
[1781480593.495] sbr{{
[1781480593.495] VERSION: 40103
[1781480593.495] }}
[1781480593.546] [AP] SSL=180 DC=-828 max_raw=250 follower=314 peak_scaled=0.286 response_gain=1.000 silent_scale=1.000 silence=0 cal_source=config cal_valid=1 cal_reason=none | bpm=105.0 conf=0.59 lock=0 phase=0.37 beat=0 bstr=0.88 | onset=0 bass=0 ostr=0.00
[1781480594.279] >>> :chip_id
[1781480594.288] sbr{{
[1781480594.288] B489A500
[1781480594.288] }}
[1781480594.550] [AP] SSL=180 DC=-828 max_raw=338 follower=229 peak_scaled=0.816 response_gain=1.000 silent_scale=1.000 silence=0 cal_source=config cal_valid=1 cal_reason=none | bpm=105.0 conf=0.56 lock=0 phase=0.11 beat=0 bstr=0.87 | onset=0 bass=0 ostr=0.00
[1781480595.537] >>> :stop
[1781480595.548] SBOK
[1781480596.442] >>> :vp_stream=off
[1781480596.447] sbr{{
[1781480596.447] VP_STREAM: off
[1781480596.447] }}
[1781480597.345] >>> :ap_stream=off
[1781480597.347] sbr{{
[1781480597.347] AP_STREAM: off
[1781480597.347] }}
[1781480598.250] >>> :response_gain=1.000
[1781480598.258] sbr{{
[1781480598.258] AUDIO_RESPONSE_GAIN: 1.000000
[1781480598.258] }}
[1781480599.159] >>> :dump
[1781480599.169] sbr{{
[1781480599.169] FIRMWARE_VERSION: 40103
[1781480599.169] CHIP ID: B489A500
[1781480599.169] noise_button.pressed: 0
[1781480599.169] noise_button.last_down: 0
[1781480599.170] noise_button.last_up: 0
[1781480599.170] noise_button.pin: 255
[1781480599.170] mode_button.pressed: 0
[1781480599.170] mode_button.last_down: 0
[1781480599.170] mode_button.last_up: 0
[1781480599.170] mode_button.pin: 255
[1781480599.170] CONFIG.PHOTONS: 0.480000
[1781480599.170] CONFIG.CHROMA: 0.400000
[1781480599.170] CONFIG.MOOD: 0.100000
[1781480599.170] CONFIG.LIGHTSHOW_MODE: 8
[1781480599.170] CONFIG.MIRROR_ENABLED: 1
[1781480599.171] CONFIG.CHROMAGRAM_RANGE: 60
[1781480599.171] CONFIG.SAMPLE_RATE: 12800
[1781480599.171] CONFIG.NOTE_OFFSET: 12
[1781480599.171] CONFIG.SQUARE_ITER: 0.00
[1781480599.171] CONFIG.LED_TYPE: 0
[1781480599.171] CONFIG.LED_COUNT: 160
[1781480599.171] CONFIG.LED_COLOR_ORDER: 66
[1781480599.171] CONFIG.SAMPLES_PER_CHUNK: 96
[1781480599.171] CONFIG.SENSITIVITY: 2.300000
[1781480599.172] AUDIO_RESPONSE_GAIN: 1.000000
[1781480599.172] CONFIG.BOOT_ANIMATION: 1
[1781480599.172] CONFIG.SWEET_SPOT_MIN_LEVEL: 180
[1781480599.172] CONFIG.SWEET_SPOT_MAX_LEVEL: 30000
[1781480599.172] CONFIG.DC_OFFSET: -828
[1781480599.172] CAL_SOURCE: config
[1781480599.172] CAL_VALID: 1
[1781480599.173] CAL_PROFILE_LOADED: 0
[1781480599.173] NOISE_CAL_REASON: none
[1781480599.173] NOISE_CAL_DC_SAMPLES: 0
[1781480599.173] NOISE_CAL_SSL_P50: 0.0
[1781480599.173] NOISE_CAL_SSL_P90: 0.0
[1781480599.173] CONFIG.STANDBY_DIMMING: 0
[1781480599.173] CONFIG.REVERSE_ORDER: 0
[1781480599.173] CONFIG.MAX_CURRENT_MA: 1500
[1781480599.173] CONFIG.TEMPORAL_DITHERING: 1
[1781480599.174] CONFIG.AUTO_COLOR_SHIFT: 1
[1781480599.174] CONFIG.INCANDESCENT_FILTER: 0.00
[1781480599.174] CONFIG.INCANDESCENT_MODE: 0
[1781480599.174] CONFIG.BULB_OPACITY: 0.00
[1781480599.174] CONFIG.SATURATION: 1.00
[1781480599.174] CONFIG.PRISM_COUNT: 1.00
[1781480599.174] CONFIG.BASE_COAT: 1
[1781480599.174] CONFIG.BASE_COAT_INTENSITY: 0.000
[1781480599.174] MASTER_BRIGHTNESS: 1.00
[1781480599.175] stream_audio: 0
[1781480599.175] stream_fps: 0
[1781480599.175] stream_max_mags: 0
[1781480599.175] stream_max_mags_followers: 0
[1781480599.175] stream_magnitudes: 0
[1781480599.175] stream_spectrogram: 0
[1781480599.175] stream_chromagram: 0
[1781480599.175] debug_mode: 0
[1781480599.175] noise_complete: 1
[1781480599.175] noise_iterations: 0
[1781480599.175] next_save_time: 0
[1781480599.175] settings_updated: 0
[1781480599.175] I2S_PORT: 0
[1781480599.176] SAMPLE_HISTORY_LENGTH: 4096
[1781480599.176] silence: 0
[1781480599.176] mode_destination: -1
[1781480599.176] SYSTEM_FPS: 159.51
[1781480599.176] LED_FPS: 201.37
[1781480599.176] }}
[1781480600.069] >>> :smart_status
[1781480600.092] sbr{{
[1781480600.092] SMART_ASSIST: off
[1781480600.092] SMART_SWITCHING: off
[1781480600.092] SMART_DIRECTOR_AUTONOMY: off
[1781480600.092] SMART_HOOKS: off
[1781480600.092] SMART_CONFIDENCE_FLOOR: 0.080
[1781480600.092] SMART_APPLIED_MODE: 3
[1781480600.093] SMART_LAST_REQUESTED_MODE: 3
[1781480600.093] SMART_SWITCHES_IN_WINDOW: 0
[1781480600.093] SMART_MANUAL_OWNER_ACTIVE: 0
[1781480600.093] SMART_LAST_REASON: 0
[1781480600.093] SMART_STATE: 0
[1781480600.093] SMART_INTENT_MODE: 3
[1781480600.093] SMART_INTENT_CONFIDENCE: 0.000
[1781480600.093] SMART_INTENT_WANTS_SWITCH: 0
[1781480600.093] SMART_SCALAR_PHOTONS: 1.000
[1781480600.094] SMART_SCALAR_CHROMA: 1.000
[1781480600.094] SMART_SCALAR_MOOD: 1.000
[1781480600.094] SMART_SCALAR_SATURATION: 1.000
[1781480600.094] SMART_PALETTE_OVERLAY: 0
[1781480600.094] SMART_PALETTE_INDEX: 0
[1781480600.094] SMART_AUTO_COLOUR_SHIFT: 0
[1781480600.094] SMART_MIN_DWELL_MS: 8000
[1781480600.095] SMART_COOLDOWN_MS: 20000
[1781480600.095] SMART_SWITCH_WINDOW_MS: 60000
[1781480600.095] SMART_MAX_SWITCHES: 2
[1781480600.095] SMART_AUDIO_NOVELTY: 0.0440
[1781480600.095] SMART_AUDIO_ENERGY: 0.2200
[1781480600.095] SMART_EVENT_ID: 359
[1781480600.095] SMART_EVENT_AGE_MS: 340
[1781480600.095] SMART_ONSET: 0
[1781480600.096] SMART_BASS_ONSET: 0
[1781480600.096] SMART_BEAT_CONFIDENCE: 0.000
[1781480600.096] SMART_TRANSIENT: 0
[1781480600.096] SMART_KICK: 0
[1781480600.096] SMART_SNARE: 0
[1781480600.096] SMART_HIHAT: 0
[1781480600.096] SMART_TRANSIENT_LEVEL: 0.000
[1781480600.096] SMART_KICK_LEVEL: 0.000
[1781480600.096] SMART_SNARE_LEVEL: 0.012
[1781480600.097] SMART_HIHAT_LEVEL: 0.012
[1781480600.097] SMART_SNARE_EVENT_ID: 126
[1781480600.097] SMART_HIHAT_EVENT_ID: 386
[1781480600.097] }}
[1781480600.979] >>> :vp_status
[1781480600.992] sbr{{
[1781480600.993] VP_PROFILE: candidate
[1781480600.993] VP_FIXES: agc_soft=on chroma_gate=on prism_off=on bloom_decay=off hsv_source_sat=on secondary_clean=on
[1781480600.993] VP_STREAM: off
[1781480600.993] AP_STREAM: off
[1781480600.993] VP_BLOOM: alpha=0.9900 shift=1.0000 force_sat=on
[1781480600.995] VP_WAVEFORM: idle_fade=0.9850 raw_margin=1.1000 peak_floor=0.0800 active_fade=0.0400 blend_gain=2.0000 fallback=1.0000 vu_floor=0.0200 shift_rate=120.0000
[1781480600.997] VP_CHROMA: seq=6945 range=60 profile=0 gate_gain=0.3484 pre_max=0.2530 pre_mean=0.2161 norm_max=1.0274 norm_mean=0.8777 flatness=0.1497 final_max=0.3231 final_mean=0.2710
[1781480600.997] VP_AGC: gain=1.6383 envelope=0.1506 floor=0.0010 gated=false
[1781480600.997] VP_RENDER_US: last=759 avg=684 max=1044
[1781480600.997] }}
[1781480601.885] >>> :vp_perf=status
[1781480601.893] sbr{{
[1781480601.893] VP_PERF: disabled (compile with ENABLE_VP_PERF_AUDIT=1)
[1781480601.893] }}
[1781480602.692] >>> :ap_stream=on
[1781480602.703] sbr{{
[1781480602.703] AP_STREAM: on
[1781480602.703] }}
[1781480602.705] [AP] SSL=180 DC=-828 max_raw=280 follower=192 peak_scaled=0.618 response_gain=1.000 silent_scale=1.000 silence=0 cal_source=config cal_valid=1 cal_reason=none | bpm=101.0 conf=0.00 lock=0 phase=0.28 beat=0 bstr=0.44 | onset=0 bass=1 ostr=0.02
[1781480603.396] >>> :vp_stream=on
[1781480603.404] sbr{{
[1781480603.404] VP_STREAM: on
[1781480603.404] }}
[1781480603.412] [VP] profile=candidate fix=111011 chroma_seq=7430 chroma_flatness=0.0789 chroma_norm_max=0.9327 chroma_norm_mean=0.8538 chroma_final_max=0.0000 chroma_final_mean=0.0000 agc_gain=1.5004 bloom_alpha=0.9900 bloom_shift=1.0000 wave_idle=0.9850 wave_raw_margin=1.1000 wave_peak_floor=0.0800 wave_vu_floor=0.0200 wave_shift=120.0000 render_us=672 render_avg=675 render_max=1044
[1781480603.716] [AP] SSL=180 DC=-828 max_raw=255 follower=339 peak_scaled=0.448 response_gain=1.000 silent_scale=1.000 silence=0 cal_source=config cal_valid=1 cal_reason=none | bpm=101.0 conf=0.00 lock=0 phase=0.99 beat=0 bstr=0.82 | onset=0 bass=1 ostr=0.03
[1781480604.102] >>> :smart_status
[1781480604.118] sbr{{
[1781480604.118] SMART_ASSIST: off
[1781480604.118] SMART_SWITCHING: off
[1781480604.118] SMART_DIRECTOR_AUTONOMY: off
[1781480604.118] SMART_HOOKS: off
[1781480604.119] SMART_CONFIDENCE_FLOOR: 0.080
[1781480604.119] SMART_APPLIED_MODE: 3
[1781480604.119] SMART_LAST_REQUESTED_MODE: 3
[1781480604.119] SMART_SWITCHES_IN_WINDOW: 0
[1781480604.119] SMART_MANUAL_OWNER_ACTIVE: 0
[1781480604.119] SMART_LAST_REASON: 0
[1781480604.119] SMART_STATE: 0
[1781480604.119] SMART_INTENT_MODE: 3
[1781480604.119] SMART_INTENT_CONFIDENCE: 0.000
[1781480604.119] SMART_INTENT_WANTS_SWITCH: 0
[1781480604.119] SMART_SCALAR_PHOTONS: 1.000
[1781480604.120] SMART_SCALAR_CHROMA: 1.000
[1781480604.120] SMART_SCALAR_MOOD: 1.000
[1781480604.120] SMART_SCALAR_SATURATION: 1.000
[1781480604.120] SMART_PALETTE_OVERLAY: 0
[1781480604.120] SMART_PALETTE_INDEX: 0
[1781480604.120] SMART_AUTO_COLOUR_SHIFT: 0
[1781480604.120] SMART_MIN_DWELL_MS: 8000
[1781480604.120] SMART_COOLDOWN_MS: 20000
[1781480604.120] SMART_SWITCH_WINDOW_MS: 60000
[1781480604.120] SMART_MAX_SWITCHES: 2
[1781480604.121] SMART_AUDIO_NOVELTY: 0.0693
[1781480604.121] SMART_AUDIO_ENERGY: 0.2149
[1781480604.121] SMART_EVENT_ID: 401
[1781480604.121] SMART_EVENT_AGE_MS: 5
[1781480604.121] SMART_ONSET: 0
[1781480604.121] SMART_BASS_ONSET: 1
[1781480604.122] SMART_BEAT_CONFIDENCE: 0.000
[1781480604.122] SMART_TRANSIENT: 0
[1781480604.122] SMART_KICK: 0
[1781480604.122] SMART_SNARE: 1
[1781480604.122] SMART_HIHAT: 0
[1781480604.122] SMART_TRANSIENT_LEVEL: 0.740
[1781480604.122] SMART_KICK_LEVEL: 0.030
[1781480604.122] SMART_SNARE_LEVEL: 0.034
[1781480604.122] SMART_HIHAT_LEVEL: 0.002
[1781480604.122] SMART_SNARE_EVENT_ID: 142
[1781480604.122] SMART_HIHAT_EVENT_ID: 442
[1781480604.122] }}
[1781480604.419] [VP] profile=candidate fix=111011 chroma_seq=7632 chroma_flatness=0.1054 chroma_norm_max=0.8538 chroma_norm_mean=0.7484 chroma_final_max=0.0957 chroma_final_mean=0.0824 agc_gain=1.3029 bloom_alpha=0.9900 bloom_shift=1.0000 wave_idle=0.9850 wave_raw_margin=1.1000 wave_peak_floor=0.0800 wave_vu_floor=0.0200 wave_shift=120.0000 render_us=744 render_avg=655 render_max=1044
[1781480604.720] [AP] SSL=180 DC=-828 max_raw=800 follower=371 peak_scaled=1.331 response_gain=1.000 silent_scale=1.000 silence=0 cal_source=config cal_valid=1 cal_reason=none | bpm=96.0 conf=0.00 lock=0 phase=0.65 beat=0 bstr=0.67 | onset=1 bass=0 ostr=0.00
[1781480605.420] [VP] profile=candidate fix=111011 chroma_seq=7833 chroma_flatness=0.0451 chroma_norm_max=0.5688 chroma_norm_mean=0.5237 chroma_final_max=0.0000 chroma_final_mean=0.0000 agc_gain=1.1096 bloom_alpha=0.9900 bloom_shift=1.0000 wave_idle=0.9850 wave_raw_margin=1.1000 wave_peak_floor=0.0800 wave_vu_floor=0.0200 wave_shift=120.0000 render_us=608 render_avg=606 render_max=1044
[1781480605.725] [AP] SSL=180 DC=-828 max_raw=324 follower=418 peak_scaled=0.274 response_gain=1.000 silent_scale=1.000 silence=0 cal_source=config cal_valid=1 cal_reason=none | bpm=96.0 conf=0.84 lock=1 phase=0.28 beat=0 bstr=0.25 | onset=1 bass=0 ostr=0.00
[1781480606.421] [VP] profile=candidate fix=111011 chroma_seq=8034 chroma_flatness=0.0679 chroma_norm_max=0.6952 chroma_norm_mean=0.6274 chroma_final_max=0.0000 chroma_final_mean=0.0000 agc_gain=1.3625 bloom_alpha=0.9900 bloom_shift=1.0000 wave_idle=0.9850 wave_raw_margin=1.1000 wave_peak_floor=0.0800 wave_vu_floor=0.0200 wave_shift=120.0000 render_us=604 render_avg=618 render_max=1044
[1781480606.731] [AP] SSL=180 DC=-828 max_raw=304 follower=384 peak_scaled=0.340 response_gain=1.000 silent_scale=1.000 silence=0 cal_source=config cal_valid=1 cal_reason=none | bpm=96.0 conf=0.90 lock=1 phase=0.01 beat=1 bstr=0.37 | onset=0 bass=1 ostr=0.04
[1781480607.424] [VP] profile=candidate fix=111011 chroma_seq=8235 chroma_flatness=0.0902 chroma_norm_max=1.0166 chroma_norm_mean=0.9264 chroma_final_max=0.0470 chroma_final_mean=0.0423 agc_gain=1.4087 bloom_alpha=0.9900 bloom_shift=1.0000 wave_idle=0.9850 wave_raw_margin=1.1000 wave_peak_floor=0.0800 wave_vu_floor=0.0200 wave_shift=120.0000 render_us=715 render_avg=699 render_max=1044
[1781480607.735] [AP] SSL=180 DC=-828 max_raw=356 follower=276 peak_scaled=0.590 response_gain=1.000 silent_scale=1.000 silence=0 cal_source=config cal_valid=1 cal_reason=none | bpm=96.0 conf=0.86 lock=1 phase=0.55 beat=0 bstr=0.78 | onset=0 bass=1 ostr=0.02
[1781480608.425] [VP] profile=candidate fix=111011 chroma_seq=8437 chroma_flatness=0.1129 chroma_norm_max=1.0480 chroma_norm_mean=0.9352 chroma_final_max=0.1558 chroma_final_mean=0.1372 agc_gain=1.6606 bloom_alpha=0.9900 bloom_shift=1.0000 wave_idle=0.9850 wave_raw_margin=1.1000 wave_peak_floor=0.0800 wave_vu_floor=0.0200 wave_shift=120.0000 render_us=739 render_avg=693 render_max=1044
[1781480608.741] [AP] SSL=180 DC=-828 max_raw=144 follower=180 peak_scaled=0.209 response_gain=1.000 silent_scale=1.000 silence=0 cal_source=config cal_valid=1 cal_reason=none | bpm=96.0 conf=0.28 lock=0 phase=0.17 beat=0 bstr=0.85 | onset=0 bass=1 ostr=0.02
[1781480609.435] [VP] profile=candidate fix=111011 chroma_seq=8639 chroma_flatness=0.1049 chroma_norm_max=1.0275 chroma_norm_mean=0.9227 chroma_final_max=0.1153 chroma_final_mean=0.1023 agc_gain=1.6310 bloom_alpha=0.9900 bloom_shift=1.0000 wave_idle=0.9850 wave_raw_margin=1.1000 wave_peak_floor=0.0800 wave_vu_floor=0.0200 wave_shift=120.0000 render_us=747 render_avg=640 render_max=1044
[1781480609.746] [AP] SSL=180 DC=-828 max_raw=174 follower=180 peak_scaled=0.089 response_gain=1.000 silent_scale=1.000 silence=0 cal_source=config cal_valid=1 cal_reason=none | bpm=96.0 conf=0.26 lock=0 phase=0.79 beat=0 bstr=0.55 | onset=0 bass=1 ostr=0.02
[1781480610.439] [VP] profile=candidate fix=111011 chroma_seq=8841 chroma_flatness=0.0540 chroma_norm_max=0.7927 chroma_norm_mean=0.7387 chroma_final_max=0.0000 chroma_final_mean=0.0000 agc_gain=1.5025 bloom_alpha=0.9900 bloom_shift=1.0000 wave_idle=0.9850 wave_raw_margin=1.1000 wave_peak_floor=0.0800 wave_vu_floor=0.0200 wave_shift=120.0000 render_us=628 render_avg=615 render_max=1044
[1781480610.750] [AP] SSL=180 DC=-828 max_raw=111 follower=234 peak_scaled=0.438 response_gain=1.000 silent_scale=1.000 silence=0 cal_source=config cal_valid=1 cal_reason=none | bpm=96.0 conf=0.06 lock=0 phase=0.37 beat=0 bstr=0.66 | onset=0 bass=0 ostr=0.00
[1781480611.443] [VP] profile=candidate fix=111011 chroma_seq=9043 chroma_flatness=0.0869 chroma_norm_max=0.9456 chroma_norm_mean=0.8586 chroma_final_max=0.0294 chroma_final_mean=0.0264 agc_gain=1.6170 bloom_alpha=0.9900 bloom_shift=1.0000 wave_idle=0.9850 wave_raw_margin=1.1000 wave_peak_floor=0.0800 wave_vu_floor=0.0200 wave_shift=120.0000 render_us=655 render_avg=691 render_max=1044
[1781480611.756] [AP] SSL=180 DC=-828 max_raw=117 follower=180 peak_scaled=0.198 response_gain=1.000 silent_scale=1.000 silence=0 cal_source=config cal_valid=1 cal_reason=none | bpm=96.0 conf=0.06 lock=0 phase=0.99 beat=0 bstr=0.86 | onset=0 bass=1 ostr=0.02
[1781480612.440] [VP] profile=candidate fix=111011 chroma_seq=9244 chroma_flatness=0.0845 chroma_norm_max=0.9170 chroma_norm_mean=0.8325 chroma_final_max=0.0186 chroma_final_mean=0.0166 agc_gain=1.5240 bloom_alpha=0.9900 bloom_shift=1.0000 wave_idle=0.9850 wave_raw_margin=1.1000 wave_peak_floor=0.0800 wave_vu_floor=0.0200 wave_shift=120.0000 render_us=694 render_avg=700 render_max=1044
[1781480612.762] [AP] SSL=180 DC=-828 max_raw=202 follower=301 peak_scaled=0.186 response_gain=1.000 silent_scale=1.000 silence=0 cal_source=config cal_valid=1 cal_reason=none | bpm=96.0 conf=0.06 lock=0 phase=0.61 beat=0 bstr=0.55 | onset=0 bass=1 ostr=0.02
[1781480612.830] >>> :smart_status
[1781480612.850] sbr{{
[1781480612.850] SMART_ASSIST: off
[1781480612.850] SMART_SWITCHING: off
[1781480612.850] SMART_DIRECTOR_AUTONOMY: off
[1781480612.850] SMART_HOOKS: off
[1781480612.850] SMART_CONFIDENCE_FLOOR: 0.080
[1781480612.850] SMART_APPLIED_MODE: 3
[1781480612.851] SMART_LAST_REQUESTED_MODE: 3
[1781480612.851] SMART_SWITCHES_IN_WINDOW: 0
[1781480612.851] SMART_MANUAL_OWNER_ACTIVE: 0
[1781480612.851] SMART_LAST_REASON: 0
[1781480612.851] SMART_STATE: 0
[1781480612.851] SMART_INTENT_MODE: 3
[1781480612.851] SMART_INTENT_CONFIDENCE: 0.000
[1781480612.851] SMART_INTENT_WANTS_SWITCH: 0
[1781480612.851] SMART_SCALAR_PHOTONS: 1.000
[1781480612.851] SMART_SCALAR_CHROMA: 1.000
[1781480612.852] SMART_SCALAR_MOOD: 1.000
[1781480612.852] SMART_SCALAR_SATURATION: 1.000
[1781480612.852] SMART_PALETTE_OVERLAY: 0
[1781480612.852] SMART_PALETTE_INDEX: 0
[1781480612.852] SMART_AUTO_COLOUR_SHIFT: 0
[1781480612.852] SMART_MIN_DWELL_MS: 8000
[1781480612.852] SMART_COOLDOWN_MS: 20000
[1781480612.852] SMART_SWITCH_WINDOW_MS: 60000
[1781480612.852] SMART_MAX_SWITCHES: 2
[1781480612.852] SMART_AUDIO_NOVELTY: 0.0396
[1781480612.852] SMART_AUDIO_ENERGY: 0.2258
[1781480612.853] SMART_EVENT_ID: 491
[1781480612.853] SMART_EVENT_AGE_MS: 160
[1781480612.853] SMART_ONSET: 0
[1781480612.853] SMART_BASS_ONSET: 0
[1781480612.853] SMART_BEAT_CONFIDENCE: 0.000
[1781480612.853] SMART_TRANSIENT: 0
[1781480612.853] SMART_KICK: 0
[1781480612.853] SMART_SNARE: 0
[1781480612.853] SMART_HIHAT: 0
[1781480612.853] SMART_TRANSIENT_LEVEL: 0.000
[1781480612.853] SMART_KICK_LEVEL: 0.001
[1781480612.854] SMART_SNARE_LEVEL: 0.000
[1781480612.854] SMART_HIHAT_LEVEL: 0.000
[1781480612.854] SMART_SNARE_EVENT_ID: 170
[1781480612.854] SMART_HIHAT_EVENT_ID: 542
[1781480612.854] }}
[1781480613.445] [VP] profile=candidate fix=111011 chroma_seq=9446 chroma_flatness=0.0851 chroma_norm_max=1.0180 chroma_norm_mean=0.9329 chroma_final_max=0.0234 chroma_final_mean=0.0213 agc_gain=1.7217 bloom_alpha=0.9900 bloom_shift=1.0000 wave_idle=0.9850 wave_raw_margin=1.1000 wave_peak_floor=0.0800 wave_vu_floor=0.0200 wave_shift=120.0000 render_us=655 render_avg=670 render_max=1044
[1781480613.531] >>> :dump
[1781480613.548] sbr{{
[1781480613.548] FIRMWARE_VERSION: 40103
[1781480613.548] CHIP ID: B489A500
[1781480613.549] noise_button.pressed: 0
[1781480613.549] noise_button.last_down: 0
[1781480613.549] noise_button.last_up: 0
[1781480613.549] noise_button.pin: 255
[1781480613.549] mode_button.pressed: 0
[1781480613.549] mode_button.last_down: 0
[1781480613.549] mode_button.last_up: 0
[1781480613.549] mode_button.pin: 255
[1781480613.549] CONFIG.PHOTONS: 0.480000
[1781480613.549] CONFIG.CHROMA: 0.400000
[1781480613.550] CONFIG.MOOD: 0.100000
[1781480613.550] CONFIG.LIGHTSHOW_MODE: 8
[1781480613.550] CONFIG.MIRROR_ENABLED: 1
[1781480613.550] CONFIG.CHROMAGRAM_RANGE: 60
[1781480613.550] CONFIG.SAMPLE_RATE: 12800
[1781480613.550] CONFIG.NOTE_OFFSET: 12
[1781480613.550] CONFIG.SQUARE_ITER: 0.00
[1781480613.551] CONFIG.LED_TYPE: 0
[1781480613.551] CONFIG.LED_COUNT: 160
[1781480613.551] CONFIG.LED_COLOR_ORDER: 66
[1781480613.551] CONFIG.SAMPLES_PER_CHUNK: 96
[1781480613.551] CONFIG.SENSITIVITY: 2.300000
[1781480613.551] AUDIO_RESPONSE_GAIN: 1.000000
[1781480613.551] CONFIG.BOOT_ANIMATION: 1
[1781480613.552] CONFIG.SWEET_SPOT_MIN_LEVEL: 180
[1781480613.552] CONFIG.SWEET_SPOT_MAX_LEVEL: 30000
[1781480613.552] CONFIG.DC_OFFSET: -828
[1781480613.552] CAL_SOURCE: config
[1781480613.552] CAL_VALID: 1
[1781480613.552] CAL_PROFILE_LOADED: 0
[1781480613.552] NOISE_CAL_REASON: none
[1781480613.552] NOISE_CAL_DC_SAMPLES: 0
[1781480613.552] NOISE_CAL_SSL_P50: 0.0
[1781480613.552] NOISE_CAL_SSL_P90: 0.0
[1781480613.552] CONFIG.STANDBY_DIMMING: 0
[1781480613.553] CONFIG.REVERSE_ORDER: 0
[1781480613.553] CONFIG.MAX_CURRENT_MA: 1500
[1781480613.553] CONFIG.TEMPORAL_DITHERING: 1
[1781480613.553] CONFIG.AUTO_COLOR_SHIFT: 1
[1781480613.553] CONFIG.INCANDESCENT_FILTER: 0.00
[1781480613.553] CONFIG.INCANDESCENT_MODE: 0
[1781480613.553] CONFIG.BULB_OPACITY: 0.00
[1781480613.553] CONFIG.SATURATION: 1.00
[1781480613.554] CONFIG.PRISM_COUNT: 1.00
[1781480613.554] CONFIG.BASE_COAT: 1
[1781480613.554] CONFIG.BASE_COAT_INTENSITY: 0.000
[1781480613.554] MASTER_BRIGHTNESS: 1.00
[1781480613.554] stream_audio: 0
[1781480613.554] stream_fps: 0
[1781480613.554] stream_max_mags: 0
[1781480613.554] stream_max_mags_followers: 0
[1781480613.555] stream_magnitudes: 0
[1781480613.555] stream_spectrogram: 0
[1781480613.555] stream_chromagram: 0
[1781480613.555] debug_mode: 0
[1781480613.555] noise_complete: 1
[1781480613.555] noise_iterations: 0
[1781480613.555] next_save_time: 0
[1781480613.555] settings_updated: 0
[1781480613.555] I2S_PORT: 0
[1781480613.555] SAMPLE_HISTORY_LENGTH: 4096
[1781480613.555] silence: 0
[1781480613.555] mode_destination: -1
[1781480613.555] SYSTEM_FPS: 170.49
[1781480613.555] LED_FPS: 202.53
[1781480613.555] }}
[1781480613.766] [AP] SSL=180 DC=-828 max_raw=125 follower=180 peak_scaled=0.633 response_gain=1.000 silent_scale=1.000 silence=0 cal_source=config cal_valid=1 cal_reason=none | bpm=96.0 conf=0.00 lock=0 phase=0.20 beat=0 bstr=0.35 | onset=0 bass=0 ostr=0.00
[1781480614.236] >>> :ap_stream=off
[1781480614.249] sbr{{
[1781480614.249] AP_STREAM: off
[1781480614.249] }}
[1781480614.455] [VP] profile=candidate fix=111011 chroma_seq=9649 chroma_flatness=0.0368 chroma_norm_max=0.6618 chroma_norm_mean=0.6250 chroma_final_max=0.0000 chroma_final_mean=0.0000 agc_gain=1.3763 bloom_alpha=0.9900 bloom_shift=1.0000 wave_idle=0.9850 wave_raw_margin=1.1000 wave_peak_floor=0.0800 wave_vu_floor=0.0200 wave_shift=120.0000 render_us=602 render_avg=630 render_max=1044
[1781480614.945] >>> :vp_stream=off
[1781480614.954] sbr{{
[1781480614.954] VP_STREAM: off
[1781480614.954] }}
[1781480615.923] >>> :ap_stream=off
[1781480615.934] sbr{{
[1781480615.934] AP_STREAM: off
[1781480615.934] }}
[1781480616.074] >>> :vp_stream=off
[1781480616.090] sbr{{
[1781480616.090] VP_STREAM: off
[1781480616.090] }}
[1781480616.245] >>> :vp_perf=stop
[1781480616.252] sbr{{
[1781480616.252] VP_PERF: disabled (compile with ENABLE_VP_PERF_AUDIT=1)
[1781480616.252] }}
[1781480616.400] >>> :stop
[1781480616.408] SBOK
