===== MAIN_CONTROL_1101 /dev/cu.usbmodem1101 =====
#CMD :ap_stream=off
sbr{{
AP_STREAM: off
}}
#CMD :vp_stream=off
sbr{{
VP_STREAM: off
}}
#CMD :smart_assist=on
sbr{{
SMART_ASSIST: on
SMART_SWITCHING: on
SMART_DIRECTOR_AUTONOMY: off
SMART_HOOKS: off
SMART_CONFIDENCE_FLOOR: 0.080
SMART_APPLIED_MODE: 8
SMART_LAST_REQUESTED_MODE: 8
SMART_SWITCHES_IN_WINDOW: 2
SMART_MANUAL_OWNER_ACTIVE: 1
SMART_LAST_REASON: 3
SMART_STATE: 2
SMART_INTENT_MODE: 8
SMART_INTENT_CONFIDENCE: 0.106
SMART_INTENT_WANTS_SWITCH: 1
SMART_SCALAR_PHOTONS: 1.000
SMART_SCALAR_CHROMA: 1.000
SMART_SCALAR_MOOD: 1.000
SMART_AUDIO_NOVELTY: 0.0606
SMART_AUDIO_ENERGY: 0.0956
SMART_EVENT_ID: 9951
SMART_EVENT_AGE_MS: 39
SMART_ONSET: 1
SMART_BASS_ONSET: 0
SMART_BEAT_CONFIDENCE: 0.500
}}
#CMD :smart_switching=on
sbr{{
SMART_ASSIST: on
SMART_SWITCHING: on
SMART_DIRECTOR_AUTONOMY: off
SMART_HOOKS: off
SMART_CONFIDENCE_FLOOR: 0.080
SMART_APPLIED_MODE: 3
SMART_LAST_REQUESTED_MODE: 3
SMART_SWITCHES_IN_WINDOW: 0
SMART_MANUAL_OWNER_ACTIVE: 1
SMART_LAST_REASON: 8
SMART_STATE: 2
SMART_INTENT_MODE: 8
SMART_INTENT_CONFIDENCE: 0.108
SMART_INTENT_WANTS_SWITCH: 1
SMART_SCALAR_PHOTONS: 1.000
SMART_SCALAR_CHROMA: 1.000
SMART_SCALAR_MOOD: 1.000
SMART_AUDIO_NOVELTY: 0.0438
SMART_AUDIO_ENERGY: 0.0842
SMART_EVENT_ID: 9953
SMART_EVENT_AGE_MS: 151
SMART_ONSET: 0
SMART_BASS_ONSET: 0
SMART_BEAT_CONFIDENCE: 1.000
}}
#CMD :smart_hooks=off
sbr{{
SMART_ASSIST: on
SMART_SWITCHING: on
SMART_DIRECTOR_AUTONOMY: off
SMART_HOOKS: off
SMART_CONFIDENCE_FLOOR: 0.080
SMART_APPLIED_MODE: 3
SMART_LAST_REQUESTED_MODE: 3
SMART_SWITCHES_IN_WINDOW: 0
SMART_MANUAL_OWNER_ACTIVE: 1
SMART_LAST_REASON: 8
SMART_STATE: 2
SMART_INTENT_MODE: 8
SMART_INTENT_CONFIDENCE: 0.135
SMART_INTENT_WANTS_SWITCH: 1
SMART_SCALAR_PHOTONS: 1.000
SMART_SCALAR_CHROMA: 1.000
SMART_SCALAR_MOOD: 1.000
SMART_AUDIO_NOVELTY: 0.1499
SMART_AUDIO_ENERGY: 0.3202
SMART_EVENT_ID: 9955
SMART_EVENT_AGE_MS: 44
SMART_ONSET: 0
SMART_BASS_ONSET: 1
SMART_BEAT_CONFIDENCE: 0.000
}}
#CMD :edge_enabled=off
sbr{{
EDGE_ENABLED: off
EDGE_MODE: off
EDGE_STRENGTH: 0.000
}}
#CMD :smart_status
sbr{{
SMART_ASSIST: on
SMART_SWITCHING: on
SMART_DIRECTOR_AUTONOMY: off
SMART_HOOKS: off
SMART_CONFIDENCE_FLOOR: 0.080
SMART_APPLIED_MODE: 3
SMART_LAST_REQUESTED_MODE: 3
SMART_SWITCHES_IN_WINDOW: 0
SMART_MANUAL_OWNER_ACTIVE: 1
SMART_LAST_REASON: 8
SMART_STATE: 2
SMART_INTENT_MODE: 8
SMART_INTENT_CONFIDENCE: 0.136
SMART_INTENT_WANTS_SWITCH: 1
SMART_SCALAR_PHOTONS: 1.000
SMART_SCALAR_CHROMA: 1.000
SMART_SCALAR_MOOD: 1.000
SMART_AUDIO_NOVELTY: 0.0473
SMART_AUDIO_ENERGY: 0.1907
SMART_EVENT_ID: 9958
SMART_EVENT_AGE_MS: 141
SMART_ONSET: 0
SMART_BASS_ONSET: 0
SMART_BEAT_CONFIDENCE: 0.000
}}
#CMD :edge_status
sbr{{
EDGE_ENABLED: off
EDGE_MODE: off
EDGE_STRENGTH: 0.000
}}

===== BENCH_CANDIDATE_1401 /dev/cu.usbmodem1401 =====
#CMD :ap_stream=off
sbr{{
AP_STREAM: off
}}
#CMD :vp_stream=off
sbr{{
VP_STREAM: off
}}
#CMD :smart_assist=on
sbr{{
SMART_ASSIST: on
SMART_SWITCHING: on
SMART_DIRECTOR_AUTONOMY: off
SMART_HOOKS: on
SMART_CONFIDENCE_FLOOR: 0.080
SMART_APPLIED_MODE: 8
SMART_LAST_REQUESTED_MODE: 8
SMART_SWITCHES_IN_WINDOW: 0
SMART_MANUAL_OWNER_ACTIVE: 1
SMART_LAST_REASON: 0
SMART_STATE: 2
SMART_INTENT_MODE: 8
SMART_INTENT_CONFIDENCE: 0.073
SMART_INTENT_WANTS_SWITCH: 0
SMART_SCALAR_PHOTONS: 1.000
SMART_SCALAR_CHROMA: 1.000
SMART_SCALAR_MOOD: 1.000
SMART_AUDIO_NOVELTY: 0.0785
SMART_AUDIO_ENERGY: 0.0531
SMART_EVENT_ID: 12412
SMART_EVENT_AGE_MS: 397
SMART_ONSET: 0
SMART_BASS_ONSET: 0
SMART_BEAT_CONFIDENCE: 0.000
}}
#CMD :smart_switching=on
sbr{{
SMART_ASSIST: on
SMART_SWITCHING: on
SMART_DIRECTOR_AUTONOMY: off
SMART_HOOKS: on
SMART_CONFIDENCE_FLOOR: 0.080
SMART_APPLIED_MODE: 3
SMART_LAST_REQUESTED_MODE: 3
SMART_SWITCHES_IN_WINDOW: 0
SMART_MANUAL_OWNER_ACTIVE: 1
SMART_LAST_REASON: 0
SMART_STATE: 1
SMART_INTENT_MODE: 3
SMART_INTENT_CONFIDENCE: 0.090
SMART_INTENT_WANTS_SWITCH: 1
SMART_SCALAR_PHOTONS: 0.860
SMART_SCALAR_CHROMA: 0.920
SMART_SCALAR_MOOD: 1.000
SMART_AUDIO_NOVELTY: 0.0550
SMART_AUDIO_ENERGY: 0.0762
SMART_EVENT_ID: 12414
SMART_EVENT_AGE_MS: 346
SMART_ONSET: 0
SMART_BASS_ONSET: 0
SMART_BEAT_CONFIDENCE: 0.500
}}
#CMD :edge_mode=complementary
sbr{{
EDGE_ENABLED: on
EDGE_MODE: complementary
EDGE_STRENGTH: 0.350
}}
#CMD :edge_strength=0.350
sbr{{
EDGE_ENABLED: on
EDGE_MODE: complementary
EDGE_STRENGTH: 0.350
}}
#CMD :edge_enabled=on
sbr{{
EDGE_ENABLED: on
EDGE_MODE: complementary
EDGE_STRENGTH: 0.350
}}
#CMD :smart_hooks=on
sbr{{
SMART_ASSIST: on
SMART_SWITCHING: on
SMART_DIRECTOR_AUTONOMY: off
SMART_HOOKS: on
SMART_CONFIDENCE_FLOOR: 0.080
SMART_APPLIED_MODE: 3
SMART_LAST_REQUESTED_MODE: 3
SMART_SWITCHES_IN_WINDOW: 0
SMART_MANUAL_OWNER_ACTIVE: 1
SMART_LAST_REASON: 8
SMART_STATE: 2
SMART_INTENT_MODE: 8
SMART_INTENT_CONFIDENCE: 0.080
SMART_INTENT_WANTS_SWITCH: 1
SMART_SCALAR_PHOTONS: 1.000
SMART_SCALAR_CHROMA: 1.000
SMART_SCALAR_MOOD: 1.000
SMART_AUDIO_NOVELTY: 0.1474
SMART_AUDIO_ENERGY: 0.1705
SMART_EVENT_ID: 12417
SMART_EVENT_AGE_MS: 1244
SMART_ONSET: 0
SMART_BASS_ONSET: 0
SMART_BEAT_CONFIDENCE: 0.000
}}
#CMD :smart_status
sbr{{
SMART_ASSIST: on
SMART_SWITCHING: on
SMART_DIRECTOR_AUTONOMY: off
SMART_HOOKS: on
SMART_CONFIDENCE_FLOOR: 0.080
SMART_APPLIED_MODE: 3
SMART_LAST_REQUESTED_MODE: 3
SMART_SWITCHES_IN_WINDOW: 0
SMART_MANUAL_OWNER_ACTIVE: 1
SMART_LAST_REASON: 8
SMART_STATE: 2
SMART_INTENT_MODE: 8
SMART_INTENT_CONFIDENCE: 0.094
SMART_INTENT_WANTS_SWITCH: 1
SMART_SCALAR_PHOTONS: 1.000
SMART_SCALAR_CHROMA: 1.000
SMART_SCALAR_MOOD: 1.000
SMART_AUDIO_NOVELTY: 0.1028
SMART_AUDIO_ENERGY: 0.1768
SMART_EVENT_ID: 12418
SMART_EVENT_AGE_MS: 801
SMART_ONSET: 0
SMART_BASS_ONSET: 0
SMART_BEAT_CONFIDENCE: 0.000
}}
#CMD :edge_status
sbr{{
EDGE_ENABLED: on
EDGE_MODE: complementary
EDGE_STRENGTH: 0.350
}}

