[1781497604.924] #DEVICE role=bench-reference name=bench-12201 port=/dev/cu.usbmodem12401 expected_chip_id=B489A500 env=k1_bench_reference
[1781497604.924] >>> :version
[1781497604.924]  | onset=1 bass=0 ostr=0.00
[1781497604.924] [AP] SSL=180 DC=-828 max_raw=299 follower=752 peak_scaled=0.332 response_gain=1.000 silent_scale=1.000 silence=0 cal_source=config cal_valid=1 cal_reason=none | bpm=106.0 conf=0.15 lock=0 phase=0.10 beat=0 bstr=0.07 | onset=0 bass=0 ostr=0.00
[1781497604.925] [AP] SSL=180 DC=-828 max_raw=404 follower=505 peak_scaled=0.454 response_gain=1.000 silent_scale=1.000 silence=0 cal_source=config cal_valid=1 cal_reason=none | bpm=106.0 conf=0.15 lock=0 phase=0.85 beat=0 bstr=0.06 | onset=0 bass=1 ostr=0.02
[1781497604.925] [AP] SSL=180 DC=-828 max_raw=469 follower=431 peak_scaled=0.699 response_gain=1.000 silent_scale=1.000 silence=0 cal_source=config cal_valid=1 cal_reason=none | bpm=106.0 conf=0.12 lock=0 phase=0.63 beat=0 bstr=0.06 | onset=0 bass=0 ostr=0.00
[1781497604.925] [AP] SSL=180 DC=-828 max_raw=439 follower=454 peak_scaled=0.615 response_gain=1.000 silent_scale=1.000 silence=0 cal_source=config cal_valid=1 cal_reason=none | bpm=106.0 conf=0.13 lock=0 phase=0.43 beat=0 bstr=0.09 | onset=0 bass=0 ostr=0.00
[1781497604.926] [AP] SSL=180 DC=-828 max_raw=324 follower=351 peak_scaled=0.626 response_gain=1.000 silent_scale=1.000 silence=0 cal_source=config cal_valid=1 cal_reason=none | bpm=106.0 conf=0.13 lock=0 phase=0.18 beat=0 bstr=0.13 | onset=0 bass=1 ostr=0.01
[1781497604.926] [AP] SSL=180 DC=-828 max_raw=395 follower=382 peak_scaled=0.743 response_gain=1.000 silent_scale=1.000 silence=0 cal_source=config cal_valid=1 cal_reason=none | bpm=106.0 conf=0.29 lock=0 phase=0.96 beat=0 bstr=0.20 | onset=0 bass=1 ostr=0.02
[1781497604.927] [AP] SSL=180 DC=-828 max_raw=439 follower=333 peak_scaled=0.750 response_gain=1.000 silent_scale=1.000 silence=0 cal_source=config cal_valid=1 cal_reason=none | bpm=106.0 conf=0.28 lock=0 phase=0.75 beat=0 bstr=0.31 | onset=1 bass=0 ostr=0.00
[1781497604.927] [AP] SSL=180 DC=-828 max_raw=430 follower=282 peak_scaled=0.972 response_gain=1.000 silent_scale=1.000 silence=0 cal_source=config cal_valid=1 cal_reason=none | bpm=106.0 conf=0.30 lock=0 phase=0.50 beat=0 bstr=0.34 | onset=0 bass=1 ostr=0.02
[1781497604.936] sbr{{
[1781497604.936] VERSION: 40103
[1781497604.936] }}
[1781497605.215] [AP] SSL=180 DC=-828 max_raw=285 follower=304 peak_scaled=0.705 response_gain=1.000 silent_scale=1.000 silence=0 cal_source=config cal_valid=1 cal_reason=none | bpm=101.0 conf=0.18 lock=0 phase=0.26 beat=0 bstr=0.23 | onset=1 bass=0 ostr=0.00
[1781497605.726] >>> :chip_id
[1781497605.727] sbr{{
[1781497605.728] B489A500
[1781497605.728] }}
[1781497606.224] [AP] SSL=180 DC=-828 max_raw=443 follower=263 peak_scaled=0.933 response_gain=1.000 silent_scale=1.000 silence=0 cal_source=config cal_valid=1 cal_reason=none | bpm=101.0 conf=0.00 lock=0 phase=0.96 beat=0 bstr=0.12 | onset=0 bass=1 ostr=0.02
[1781497606.981] >>> :stop
[1781497606.987] SBOK
[1781497607.886] >>> :vp_stream=off
[1781497607.887] sbr{{
[1781497607.887] VP_STREAM: off
[1781497607.887] }}
[1781497608.791] >>> :ap_stream=off
[1781497608.806] sbr{{
[1781497608.806] AP_STREAM: off
[1781497608.806] }}
[1781497609.697] >>> :dump
[1781497609.706] sbr{{
[1781497609.706] FIRMWARE_VERSION: 40103
[1781497609.707] CHIP ID: B489A500
[1781497609.707] noise_button.pressed: 0
[1781497609.707] noise_button.last_down: 0
[1781497609.707] noise_button.last_up: 0
[1781497609.707] noise_button.pin: 255
[1781497609.707] mode_button.pressed: 0
[1781497609.707] mode_button.last_down: 0
[1781497609.707] mode_button.last_up: 0
[1781497609.707] mode_button.pin: 255
[1781497609.707] CONFIG.PHOTONS: 0.480000
[1781497609.708] CONFIG.CHROMA: 0.400000
[1781497609.708] CONFIG.MOOD: 0.100000
[1781497609.708] CONFIG.LIGHTSHOW_MODE: 8
[1781497609.708] CONFIG.MIRROR_ENABLED: 1
[1781497609.708] CONFIG.CHROMAGRAM_RANGE: 60
[1781497609.708] CONFIG.SAMPLE_RATE: 12800
[1781497609.708] CONFIG.NOTE_OFFSET: 12
[1781497609.708] CONFIG.SQUARE_ITER: 0.00
[1781497609.709] CONFIG.LED_TYPE: 0
[1781497609.709] CONFIG.LED_COUNT: 160
[1781497609.709] CONFIG.LED_COLOR_ORDER: 66
[1781497609.709] CONFIG.SAMPLES_PER_CHUNK: 96
[1781497609.709] CONFIG.SENSITIVITY: 2.300000
[1781497609.709] AUDIO_RESPONSE_GAIN: 1.000000
[1781497609.709] CONFIG.BOOT_ANIMATION: 1
[1781497609.710] CONFIG.SWEET_SPOT_MIN_LEVEL: 180
[1781497609.710] CONFIG.SWEET_SPOT_MAX_LEVEL: 30000
[1781497609.710] CONFIG.DC_OFFSET: -828
[1781497609.710] CAL_SOURCE: config
[1781497609.710] CAL_VALID: 1
[1781497609.710] CAL_PROFILE_LOADED: 0
[1781497609.710] NOISE_CAL_REASON: none
[1781497609.710] NOISE_CAL_DC_SAMPLES: 0
[1781497609.710] NOISE_CAL_SSL_P50: 0.0
[1781497609.710] NOISE_CAL_SSL_P90: 0.0
[1781497609.710] CONFIG.STANDBY_DIMMING: 0
[1781497609.710] CONFIG.REVERSE_ORDER: 0
[1781497609.710] CONFIG.MAX_CURRENT_MA: 1500
[1781497609.710] CONFIG.TEMPORAL_DITHERING: 1
[1781497609.711] CONFIG.AUTO_COLOR_SHIFT: 1
[1781497609.711] CONFIG.INCANDESCENT_FILTER: 0.00
[1781497609.711] CONFIG.INCANDESCENT_MODE: 0
[1781497609.711] CONFIG.BULB_OPACITY: 0.00
[1781497609.711] CONFIG.SATURATION: 1.00
[1781497609.711] CONFIG.PRISM_COUNT: 1.00
[1781497609.711] CONFIG.BASE_COAT: 1
[1781497609.711] CONFIG.BASE_COAT_INTENSITY: 0.000
[1781497609.711] MASTER_BRIGHTNESS: 1.00
[1781497609.711] stream_audio: 0
[1781497609.711] stream_fps: 0
[1781497609.711] stream_max_mags: 0
[1781497609.711] stream_max_mags_followers: 0
[1781497609.711] stream_magnitudes: 0
[1781497609.711] stream_spectrogram: 0
[1781497609.712] stream_chromagram: 0
[1781497609.712] debug_mode: 0
[1781497609.712] noise_complete: 1
[1781497609.712] noise_iterations: 0
[1781497609.712] next_save_time: 0
[1781497609.712] settings_updated: 0
[1781497609.712] I2S_PORT: 0
[1781497609.712] SAMPLE_HISTORY_LENGTH: 4096
[1781497609.712] silence: 0
[1781497609.712] mode_destination: -1
[1781497609.712] SYSTEM_FPS: 155.44
[1781497609.712] LED_FPS: 201.01
[1781497609.712] }}
[1781497610.607] >>> :smart_status
[1781497610.617] sbr{{
[1781497610.617] SMART_ASSIST: off
[1781497610.618] SMART_SWITCHING: off
[1781497610.618] SMART_DIRECTOR_AUTONOMY: off
[1781497610.618] SMART_HOOKS: off
[1781497610.618] SMART_CONFIDENCE_FLOOR: 0.080
[1781497610.618] SMART_APPLIED_MODE: 3
[1781497610.618] SMART_LAST_REQUESTED_MODE: 3
[1781497610.618] SMART_SWITCHES_IN_WINDOW: 0
[1781497610.618] SMART_MANUAL_OWNER_ACTIVE: 0
[1781497610.618] SMART_LAST_REASON: 0
[1781497610.619] SMART_STATE: 0
[1781497610.619] SMART_INTENT_MODE: 3
[1781497610.619] SMART_INTENT_CONFIDENCE: 0.000
[1781497610.619] SMART_INTENT_WANTS_SWITCH: 0
[1781497610.619] SMART_SCALAR_PHOTONS: 1.000
[1781497610.619] SMART_SCALAR_CHROMA: 1.000
[1781497610.619] SMART_SCALAR_MOOD: 1.000
[1781497610.619] SMART_SCALAR_SATURATION: 1.000
[1781497610.620] SMART_PALETTE_OVERLAY: 0
[1781497610.620] SMART_PALETTE_INDEX: 0
[1781497610.620] SMART_AUTO_COLOUR_SHIFT: 0
[1781497610.620] SMART_MIN_DWELL_MS: 8000
[1781497610.620] SMART_COOLDOWN_MS: 20000
[1781497610.620] SMART_SWITCH_WINDOW_MS: 60000
[1781497610.620] SMART_MAX_SWITCHES: 2
[1781497610.620] SMART_AUDIO_NOVELTY: 0.0556
[1781497610.620] SMART_AUDIO_ENERGY: 0.2413
[1781497610.620] SMART_EVENT_ID: 162
[1781497610.621] SMART_EVENT_AGE_MS: 5
[1781497610.621] SMART_ONSET: 0
[1781497610.621] SMART_BASS_ONSET: 1
[1781497610.621] SMART_BEAT_CONFIDENCE: 0.000
[1781497610.621] SMART_TRANSIENT: 0
[1781497610.621] SMART_KICK: 0
[1781497610.621] SMART_SNARE: 0
[1781497610.621] SMART_HIHAT: 0
[1781497610.621] SMART_TRANSIENT_LEVEL: 0.038
[1781497610.621] SMART_KICK_LEVEL: 0.016
[1781497610.621] SMART_SNARE_LEVEL: 0.004
[1781497610.621] SMART_HIHAT_LEVEL: 0.009
[1781497610.622] SMART_SNARE_EVENT_ID: 53
[1781497610.622] SMART_HIHAT_EVENT_ID: 212
[1781497610.622] }}
[1781497611.512] >>> :vp_status
[1781497611.517] sbr{{
[1781497611.517] VP_PROFILE: candidate
[1781497611.518] VP_FIXES: agc_soft=on chroma_gate=on prism_off=on bloom_decay=off hsv_source_sat=on secondary_clean=on
[1781497611.518] VP_STREAM: off
[1781497611.518] AP_STREAM: off
[1781497611.518] VP_BLOOM: alpha=0.9900 shift=1.0000 force_sat=on
[1781497611.519] VP_WAVEFORM: idle_fade=0.9850 raw_margin=1.1000 peak_floor=0.0800 active_fade=0.0400 blend_gain=2.0000 fallback=1.0000 vu_floor=0.0200 shift_rate=120.0000
[1781497611.521] VP_CHROMA: seq=3490 range=60 profile=0 gate_gain=0.0302 pre_max=0.2337 pre_mean=0.2139 norm_max=1.0169 norm_mean=0.9308 flatness=0.0860 final_max=0.0277 final_mean=0.0406
[1781497611.521] VP_AGC: gain=1.6995 envelope=0.1464 floor=0.0010 gated=false
[1781497611.522] VP_RENDER_US: last=685 avg=710 max=977
[1781497611.522] }}
[1781497612.421] >>> :vp_perf=status
[1781497612.432] sbr{{
[1781497612.433] VP_PERF: disabled (compile with ENABLE_VP_PERF_AUDIT=1)
[1781497612.433] }}
[1781497613.229] >>> :ap_stream=on
[1781497613.242] sbr{{
[1781497613.242] AP_STREAM: on
[1781497613.242] }}
[1781497613.246] [AP] SSL=180 DC=-828 max_raw=356 follower=180 peak_scaled=0.937 response_gain=1.000 silent_scale=1.000 silence=0 cal_source=config cal_valid=1 cal_reason=none | bpm=94.0 conf=0.00 lock=0 phase=0.12 beat=0 bstr=0.08 | onset=1 bass=0 ostr=0.00
[1781497613.933] >>> :vp_stream=on
[1781497613.937] sbr{{
[1781497613.937] VP_STREAM: on
[1781497613.937] }}
[1781497613.945] [VP] profile=candidate fix=111011 chroma_seq=3979 chroma_flatness=0.0860 chroma_norm_max=1.0025 chroma_norm_mean=0.9165 chroma_final_max=0.0271 chroma_final_mean=0.0245 agc_gain=1.6535 bloom_alpha=0.9900 bloom_shift=1.0000 wave_idle=0.9850 wave_raw_margin=1.1000 wave_peak_floor=0.0800 wave_vu_floor=0.0200 wave_shift=120.0000 render_us=696 render_avg=688 render_max=977
[1781497614.254] [AP] SSL=180 DC=-828 max_raw=111 follower=200 peak_scaled=0.696 response_gain=1.000 silent_scale=1.000 silence=0 cal_source=config cal_valid=1 cal_reason=none | bpm=94.0 conf=0.00 lock=0 phase=0.70 beat=0 bstr=0.05 | onset=0 bass=1 ostr=0.02
[1781497614.641] >>> :smart_status
[1781497614.656] sbr{{
[1781497614.657] SMART_ASSIST: off
[1781497614.657] SMART_SWITCHING: off
[1781497614.657] SMART_DIRECTOR_AUTONOMY: off
[1781497614.657] SMART_HOOKS: off
[1781497614.657] SMART_CONFIDENCE_FLOOR: 0.080
[1781497614.657] SMART_APPLIED_MODE: 3
[1781497614.657] SMART_LAST_REQUESTED_MODE: 3
[1781497614.657] SMART_SWITCHES_IN_WINDOW: 0
[1781497614.657] SMART_MANUAL_OWNER_ACTIVE: 0
[1781497614.657] SMART_LAST_REASON: 0
[1781497614.658] SMART_STATE: 0
[1781497614.658] SMART_INTENT_MODE: 3
[1781497614.658] SMART_INTENT_CONFIDENCE: 0.000
[1781497614.658] SMART_INTENT_WANTS_SWITCH: 0
[1781497614.658] SMART_SCALAR_PHOTONS: 1.000
[1781497614.658] SMART_SCALAR_CHROMA: 1.000
[1781497614.658] SMART_SCALAR_MOOD: 1.000
[1781497614.658] SMART_SCALAR_SATURATION: 1.000
[1781497614.659] SMART_PALETTE_OVERLAY: 0
[1781497614.659] SMART_PALETTE_INDEX: 0
[1781497614.659] SMART_AUTO_COLOUR_SHIFT: 0
[1781497614.659] SMART_MIN_DWELL_MS: 8000
[1781497614.659] SMART_COOLDOWN_MS: 20000
[1781497614.659] SMART_SWITCH_WINDOW_MS: 60000
[1781497614.659] SMART_MAX_SWITCHES: 2
[1781497614.659] SMART_AUDIO_NOVELTY: 0.0444
[1781497614.659] SMART_AUDIO_ENERGY: 0.2319
[1781497614.659] SMART_EVENT_ID: 194
[1781497614.659] SMART_EVENT_AGE_MS: 45
[1781497614.660] SMART_ONSET: 0
[1781497614.660] SMART_BASS_ONSET: 1
[1781497614.660] SMART_BEAT_CONFIDENCE: 0.000
[1781497614.660] SMART_TRANSIENT: 0
[1781497614.660] SMART_KICK: 0
[1781497614.660] SMART_SNARE: 0
[1781497614.660] SMART_HIHAT: 0
[1781497614.660] SMART_TRANSIENT_LEVEL: 0.003
[1781497614.660] SMART_KICK_LEVEL: 0.007
[1781497614.660] SMART_SNARE_LEVEL: 0.004
[1781497614.660] SMART_HIHAT_LEVEL: 0.000
[1781497614.661] SMART_SNARE_EVENT_ID: 64
[1781497614.661] SMART_HIHAT_EVENT_ID: 257
[1781497614.661] }}
[1781497614.944] [VP] profile=candidate fix=111011 chroma_seq=4180 chroma_flatness=0.1053 chroma_norm_max=1.0581 chroma_norm_mean=0.9528 chroma_final_max=0.1210 chroma_final_mean=0.1077 agc_gain=1.6799 bloom_alpha=0.9900 bloom_shift=1.0000 wave_idle=0.9850 wave_raw_margin=1.1000 wave_peak_floor=0.0800 wave_vu_floor=0.0200 wave_shift=120.0000 render_us=769 render_avg=747 render_max=977
[1781497615.266] [AP] SSL=180 DC=-828 max_raw=361 follower=238 peak_scaled=0.663 response_gain=1.000 silent_scale=1.000 silence=0 cal_source=config cal_valid=1 cal_reason=none | bpm=94.0 conf=0.00 lock=0 phase=0.29 beat=0 bstr=0.05 | onset=0 bass=1 ostr=0.02
[1781497615.949] [VP] profile=candidate fix=111011 chroma_seq=4382 chroma_flatness=0.1230 chroma_norm_max=1.0455 chroma_norm_mean=0.9225 chroma_final_max=0.2034 chroma_final_mean=0.1769 agc_gain=1.6251 bloom_alpha=0.9900 bloom_shift=1.0000 wave_idle=0.9850 wave_raw_margin=1.1000 wave_peak_floor=0.0800 wave_vu_floor=0.0200 wave_shift=120.0000 render_us=699 render_avg=701 render_max=977
[1781497616.270] [AP] SSL=180 DC=-828 max_raw=299 follower=266 peak_scaled=0.443 response_gain=1.000 silent_scale=1.000 silence=0 cal_source=config cal_valid=1 cal_reason=none | bpm=94.0 conf=0.14 lock=0 phase=0.84 beat=0 bstr=0.06 | onset=1 bass=0 ostr=0.00
[1781497616.958] [VP] profile=candidate fix=111011 chroma_seq=4585 chroma_flatness=0.0451 chroma_norm_max=0.6710 chroma_norm_mean=0.6259 chroma_final_max=0.0000 chroma_final_mean=0.0000 agc_gain=1.4730 bloom_alpha=0.9900 bloom_shift=1.0000 wave_idle=0.9850 wave_raw_margin=1.1000 wave_peak_floor=0.0800 wave_vu_floor=0.0200 wave_shift=120.0000 render_us=605 render_avg=605 render_max=977
[1781497617.276] [AP] SSL=180 DC=-828 max_raw=391 follower=233 peak_scaled=0.755 response_gain=1.000 silent_scale=1.000 silence=0 cal_source=config cal_valid=1 cal_reason=none | bpm=104.0 conf=0.27 lock=0 phase=0.51 beat=0 bstr=0.06 | onset=0 bass=0 ostr=0.00
[1781497617.959] [VP] profile=candidate fix=111011 chroma_seq=4786 chroma_flatness=0.0725 chroma_norm_max=0.9418 chroma_norm_mean=0.8693 chroma_final_max=0.0000 chroma_final_mean=0.0000 agc_gain=1.5824 bloom_alpha=0.9900 bloom_shift=1.0000 wave_idle=0.9850 wave_raw_margin=1.1000 wave_peak_floor=0.0800 wave_vu_floor=0.0200 wave_shift=120.0000 render_us=615 render_avg=711 render_max=977
[1781497618.280] [AP] SSL=180 DC=-828 max_raw=391 follower=231 peak_scaled=0.895 response_gain=1.000 silent_scale=1.000 silence=0 cal_source=config cal_valid=1 cal_reason=none | bpm=104.0 conf=0.26 lock=0 phase=0.27 beat=0 bstr=0.08 | onset=0 bass=0 ostr=0.00
[1781497618.964] [VP] profile=candidate fix=111011 chroma_seq=4988 chroma_flatness=0.1059 chroma_norm_max=0.9995 chroma_norm_mean=0.8936 chroma_final_max=0.1164 chroma_final_mean=0.1027 agc_gain=1.6190 bloom_alpha=0.9900 bloom_shift=1.0000 wave_idle=0.9850 wave_raw_margin=1.1000 wave_peak_floor=0.0800 wave_vu_floor=0.0200 wave_shift=120.0000 render_us=705 render_avg=700 render_max=977
[1781497619.285] [AP] SSL=180 DC=-828 max_raw=271 follower=205 peak_scaled=0.604 response_gain=1.000 silent_scale=1.000 silence=0 cal_source=config cal_valid=1 cal_reason=none | bpm=104.0 conf=0.09 lock=0 phase=0.99 beat=0 bstr=0.19 | onset=0 bass=1 ostr=0.02
[1781497619.973] [VP] profile=candidate fix=111011 chroma_seq=5191 chroma_flatness=0.0900 chroma_norm_max=1.0123 chroma_norm_mean=0.9224 chroma_final_max=0.0456 chroma_final_mean=0.0411 agc_gain=1.5828 bloom_alpha=0.9900 bloom_shift=1.0000 wave_idle=0.9850 wave_raw_margin=1.1000 wave_peak_floor=0.0800 wave_vu_floor=0.0200 wave_shift=120.0000 render_us=661 render_avg=653 render_max=977
[1781497620.290] [AP] SSL=180 DC=-828 max_raw=276 follower=180 peak_scaled=0.361 response_gain=1.000 silent_scale=1.000 silence=0 cal_source=config cal_valid=1 cal_reason=none | bpm=104.0 conf=0.00 lock=0 phase=0.74 beat=0 bstr=0.12 | onset=0 bass=1 ostr=0.02
[1781497620.975] [VP] profile=candidate fix=111011 chroma_seq=5393 chroma_flatness=0.1367 chroma_norm_max=0.9480 chroma_norm_mean=0.8113 chroma_final_max=0.2404 chroma_final_mean=0.2016 agc_gain=1.2480 bloom_alpha=0.9900 bloom_shift=1.0000 wave_idle=0.9850 wave_raw_margin=1.1000 wave_peak_floor=0.0800 wave_vu_floor=0.0200 wave_shift=120.0000 render_us=753 render_avg=739 render_max=977
[1781497621.295] [AP] SSL=180 DC=-828 max_raw=246 follower=301 peak_scaled=0.376 response_gain=1.000 silent_scale=1.000 silence=0 cal_source=config cal_valid=1 cal_reason=none | bpm=104.0 conf=0.32 lock=0 phase=0.50 beat=0 bstr=0.08 | onset=1 bass=0 ostr=0.00
[1781497621.980] [VP] profile=candidate fix=111011 chroma_seq=5594 chroma_flatness=0.0335 chroma_norm_max=0.4304 chroma_norm_mean=0.3969 chroma_final_max=0.0000 chroma_final_mean=0.0000 agc_gain=1.2022 bloom_alpha=0.9900 bloom_shift=1.0000 wave_idle=0.9850 wave_raw_margin=1.1000 wave_peak_floor=0.0800 wave_vu_floor=0.0200 wave_shift=120.0000 render_us=611 render_avg=596 render_max=977
[1781497622.300] [AP] SSL=180 DC=-828 max_raw=193 follower=568 peak_scaled=0.047 response_gain=1.000 silent_scale=1.000 silence=0 cal_source=config cal_valid=1 cal_reason=none | bpm=104.0 conf=0.34 lock=0 phase=0.15 beat=0 bstr=0.04 | onset=1 bass=0 ostr=0.00
[1781497622.988] [VP] profile=candidate fix=111011 chroma_seq=5797 chroma_flatness=0.0610 chroma_norm_max=0.4364 chroma_norm_mean=0.3755 chroma_final_max=0.0000 chroma_final_mean=0.0000 agc_gain=1.3192 bloom_alpha=0.9900 bloom_shift=1.0000 wave_idle=0.9850 wave_raw_margin=1.1000 wave_peak_floor=0.0800 wave_vu_floor=0.0200 wave_shift=120.0000 render_us=708 render_avg=622 render_max=977
[1781497623.305] [AP] SSL=180 DC=-828 max_raw=117 follower=302 peak_scaled=0.117 response_gain=1.000 silent_scale=1.000 silence=0 cal_source=config cal_valid=1 cal_reason=none | bpm=104.0 conf=0.22 lock=0 phase=0.89 beat=0 bstr=0.08 | onset=0 bass=0 ostr=0.00
[1781497623.989] [VP] profile=candidate fix=111011 chroma_seq=5997 chroma_flatness=0.0700 chroma_norm_max=0.6959 chroma_norm_mean=0.6259 chroma_final_max=0.0000 chroma_final_mean=0.0000 agc_gain=1.6964 bloom_alpha=0.9900 bloom_shift=1.0000 wave_idle=0.9850 wave_raw_margin=1.1000 wave_peak_floor=0.0800 wave_vu_floor=0.0200 wave_shift=120.0000 render_us=651 render_avg=629 render_max=977
[1781497624.311] [AP] SSL=180 DC=-828 max_raw=303 follower=180 peak_scaled=0.612 response_gain=1.000 silent_scale=1.000 silence=0 cal_source=config cal_valid=1 cal_reason=none | bpm=104.0 conf=0.23 lock=0 phase=0.65 beat=0 bstr=0.12 | onset=0 bass=1 ostr=0.02
[1781497624.994] [VP] profile=candidate fix=111011 chroma_seq=6199 chroma_flatness=0.0897 chroma_norm_max=0.9061 chroma_norm_mean=0.8164 chroma_final_max=0.0393 chroma_final_mean=0.0349 agc_gain=1.8762 bloom_alpha=0.9900 bloom_shift=1.0000 wave_idle=0.9850 wave_raw_margin=1.1000 wave_peak_floor=0.0800 wave_vu_floor=0.0200 wave_shift=120.0000 render_us=666 render_avg=704 render_max=977
[1781497625.315] [AP] SSL=180 DC=-828 max_raw=241 follower=184 peak_scaled=0.878 response_gain=1.000 silent_scale=1.000 silence=0 cal_source=config cal_valid=1 cal_reason=none | bpm=104.0 conf=0.15 lock=0 phase=0.37 beat=0 bstr=0.15 | onset=0 bass=1 ostr=0.02
[1781497626.005] [VP] profile=candidate fix=111011 chroma_seq=6402 chroma_flatness=0.0835 chroma_norm_max=0.9287 chroma_norm_mean=0.8453 chroma_final_max=0.0144 chroma_final_mean=0.0064 agc_gain=1.6992 bloom_alpha=0.9900 bloom_shift=1.0000 wave_idle=0.9850 wave_raw_margin=1.1000 wave_peak_floor=0.0800 wave_vu_floor=0.0200 wave_shift=120.0000 render_us=654 render_avg=699 render_max=977
[1781497626.321] [AP] SSL=180 DC=-828 max_raw=88 follower=180 peak_scaled=0.102 response_gain=1.000 silent_scale=1.000 silence=0 cal_source=config cal_valid=1 cal_reason=none | bpm=104.0 conf=0.12 lock=0 phase=0.12 beat=0 bstr=0.16 | onset=0 bass=1 ostr=0.03
[1781497627.004] [VP] profile=candidate fix=111011 chroma_seq=6605 chroma_flatness=0.1190 chroma_norm_max=1.0140 chroma_norm_mean=0.8951 chroma_final_max=0.1782 chroma_final_mean=0.1550 agc_gain=1.7762 bloom_alpha=0.9900 bloom_shift=1.0000 wave_idle=0.9850 wave_raw_margin=1.1000 wave_peak_floor=0.0800 wave_vu_floor=0.0200 wave_shift=120.0000 render_us=708 render_avg=702 render_max=982
[1781497627.325] [AP] SSL=180 DC=-828 max_raw=241 follower=180 peak_scaled=0.424 response_gain=1.000 silent_scale=1.000 silence=0 cal_source=config cal_valid=1 cal_reason=none | bpm=104.0 conf=0.12 lock=0 phase=0.88 beat=0 bstr=0.15 | onset=0 bass=0 ostr=0.00
[1781497628.009] [VP] profile=candidate fix=111011 chroma_seq=6808 chroma_flatness=0.0783 chroma_norm_max=0.8897 chroma_norm_mean=0.8115 chroma_final_max=0.0000 chroma_final_mean=0.0000 agc_gain=1.6572 bloom_alpha=0.9900 bloom_shift=1.0000 wave_idle=0.9850 wave_raw_margin=1.1000 wave_peak_floor=0.0800 wave_vu_floor=0.0200 wave_shift=120.0000 render_us=613 render_avg=688 render_max=982
[1781497628.330] [AP] SSL=180 DC=-828 max_raw=526 follower=817 peak_scaled=1.199 response_gain=1.000 silent_scale=1.000 silence=0 cal_source=config cal_valid=1 cal_reason=none | bpm=104.0 conf=0.13 lock=0 phase=0.59 beat=0 bstr=0.24 | onset=0 bass=1 ostr=0.36
[1781497629.018] [VP] profile=candidate fix=111011 chroma_seq=7011 chroma_flatness=0.0362 chroma_norm_max=0.3036 chroma_norm_mean=0.2674 chroma_final_max=0.0000 chroma_final_mean=0.0000 agc_gain=1.0340 bloom_alpha=0.9900 bloom_shift=1.0000 wave_idle=0.9850 wave_raw_margin=1.1000 wave_peak_floor=0.0800 wave_vu_floor=0.0200 wave_shift=120.0000 render_us=641 render_avg=610 render_max=982
[1781497629.336] [AP] SSL=180 DC=-828 max_raw=102 follower=449 peak_scaled=0.026 response_gain=1.000 silent_scale=1.000 silence=0 cal_source=config cal_valid=1 cal_reason=none | bpm=80.0 conf=0.42 lock=0 phase=0.29 beat=0 bstr=0.10 | onset=0 bass=1 ostr=0.02
[1781497630.020] [VP] profile=candidate fix=111011 chroma_seq=7211 chroma_flatness=0.0323 chroma_norm_max=0.5515 chroma_norm_mean=0.5192 chroma_final_max=0.0000 chroma_final_mean=0.0000 agc_gain=1.6113 bloom_alpha=0.9900 bloom_shift=1.0000 wave_idle=0.9850 wave_raw_margin=1.1000 wave_peak_floor=0.0800 wave_vu_floor=0.0200 wave_shift=120.0000 render_us=604 render_avg=597 render_max=982
[1781497630.341] [AP] SSL=180 DC=-828 max_raw=145 follower=267 peak_scaled=0.012 response_gain=1.000 silent_scale=1.000 silence=0 cal_source=config cal_valid=1 cal_reason=none | bpm=104.0 conf=0.25 lock=0 phase=0.94 beat=0 bstr=0.65 | onset=0 bass=0 ostr=0.00
[1781497631.027] [VP] profile=candidate fix=111011 chroma_seq=7412 chroma_flatness=0.0641 chroma_norm_max=0.7547 chroma_norm_mean=0.6906 chroma_final_max=0.0000 chroma_final_mean=0.0000 agc_gain=1.9406 bloom_alpha=0.9900 bloom_shift=1.0000 wave_idle=0.9850 wave_raw_margin=1.1000 wave_peak_floor=0.0800 wave_vu_floor=0.0200 wave_shift=120.0000 render_us=651 render_avg=624 render_max=982
[1781497631.346] [AP] SSL=180 DC=-828 max_raw=174 follower=180 peak_scaled=0.034 response_gain=1.000 silent_scale=1.000 silence=0 cal_source=config cal_valid=1 cal_reason=none | bpm=104.0 conf=0.25 lock=0 phase=0.66 beat=0 bstr=0.79 | onset=1 bass=0 ostr=0.00
[1781497632.034] [VP] profile=candidate fix=111011 chroma_seq=7615 chroma_flatness=0.0790 chroma_norm_max=0.8999 chroma_norm_mean=0.8209 chroma_final_max=0.0000 chroma_final_mean=0.0000 agc_gain=1.8012 bloom_alpha=0.9900 bloom_shift=1.0000 wave_idle=0.9850 wave_raw_margin=1.1000 wave_peak_floor=0.0800 wave_vu_floor=0.0200 wave_shift=120.0000 render_us=608 render_avg=637 render_max=982
[1781497632.352] [AP] SSL=180 DC=-828 max_raw=202 follower=180 peak_scaled=0.260 response_gain=1.000 silent_scale=1.000 silence=0 cal_source=config cal_valid=1 cal_reason=none | bpm=104.0 conf=0.13 lock=0 phase=0.41 beat=0 bstr=0.68 | onset=1 bass=0 ostr=0.00
[1781497633.034] [VP] profile=candidate fix=111011 chroma_seq=7816 chroma_flatness=0.0879 chroma_norm_max=1.0136 chroma_norm_mean=0.9258 chroma_final_max=0.0360 chroma_final_mean=0.0325 agc_gain=1.7844 bloom_alpha=0.9900 bloom_shift=1.0000 wave_idle=0.9850 wave_raw_margin=1.1000 wave_peak_floor=0.0800 wave_vu_floor=0.0200 wave_shift=120.0000 render_us=664 render_avg=660 render_max=982
[1781497633.356] [AP] SSL=180 DC=-828 max_raw=82 follower=180 peak_scaled=0.102 response_gain=1.000 silent_scale=1.000 silence=0 cal_source=config cal_valid=1 cal_reason=none | bpm=101.0 conf=0.23 lock=0 phase=0.32 beat=0 bstr=0.13 | onset=0 bass=1 ostr=0.02
[1781497634.040] [VP] profile=candidate fix=111011 chroma_seq=8019 chroma_flatness=0.0612 chroma_norm_max=1.0157 chroma_norm_mean=0.9545 chroma_final_max=0.0000 chroma_final_mean=0.0000 agc_gain=1.9247 bloom_alpha=0.9900 bloom_shift=1.0000 wave_idle=0.9850 wave_raw_margin=1.1000 wave_peak_floor=0.0800 wave_vu_floor=0.0200 wave_shift=120.0000 render_us=612 render_avg=648 render_max=982
[1781497634.361] [AP] SSL=180 DC=-828 max_raw=140 follower=508 peak_scaled=0.154 response_gain=1.000 silent_scale=1.000 silence=0 cal_source=config cal_valid=1 cal_reason=none | bpm=101.0 conf=0.40 lock=0 phase=1.00 beat=0 bstr=0.10 | onset=1 bass=0 ostr=0.00
[1781497635.049] [VP] profile=candidate fix=111011 chroma_seq=8222 chroma_flatness=0.0400 chroma_norm_max=0.4065 chroma_norm_mean=0.3665 chroma_final_max=0.0000 chroma_final_mean=0.0000 agc_gain=1.2982 bloom_alpha=0.9900 bloom_shift=1.0000 wave_idle=0.9850 wave_raw_margin=1.1000 wave_peak_floor=0.0800 wave_vu_floor=0.0200 wave_shift=120.0000 render_us=659 render_avg=619 render_max=982
[1781497635.366] [AP] SSL=180 DC=-828 max_raw=232 follower=270 peak_scaled=0.136 response_gain=1.000 silent_scale=1.000 silence=0 cal_source=config cal_valid=1 cal_reason=none | bpm=101.0 conf=0.42 lock=0 phase=0.70 beat=0 bstr=0.08 | onset=0 bass=0 ostr=0.00
[1781497636.050] [VP] profile=candidate fix=111011 chroma_seq=8422 chroma_flatness=0.1031 chroma_norm_max=0.6203 chroma_norm_mean=0.5172 chroma_final_max=0.0600 chroma_final_mean=0.0481 agc_gain=1.7389 bloom_alpha=0.9900 bloom_shift=1.0000 wave_idle=0.9850 wave_raw_margin=1.1000 wave_peak_floor=0.0800 wave_vu_floor=0.0200 wave_shift=120.0000 render_us=698 render_avg=629 render_max=982
[1781497636.371] [AP] SSL=180 DC=-828 max_raw=111 follower=180 peak_scaled=0.215 response_gain=1.000 silent_scale=1.000 silence=0 cal_source=config cal_valid=1 cal_reason=none | bpm=115.0 conf=0.57 lock=0 phase=0.54 beat=0 bstr=0.79 | onset=0 bass=1 ostr=0.02
[1781497637.055] [VP] profile=candidate fix=111011 chroma_seq=8624 chroma_flatness=0.0719 chroma_norm_max=0.7536 chroma_norm_mean=0.6817 chroma_final_max=0.0000 chroma_final_mean=0.0000 agc_gain=1.8365 bloom_alpha=0.9900 bloom_shift=1.0000 wave_idle=0.9850 wave_raw_margin=1.1000 wave_peak_floor=0.0800 wave_vu_floor=0.0200 wave_shift=120.0000 render_us=657 render_avg=637 render_max=982
[1781497637.376] [AP] SSL=180 DC=-828 max_raw=150 follower=180 peak_scaled=0.046 response_gain=1.000 silent_scale=1.000 silence=0 cal_source=config cal_valid=1 cal_reason=none | bpm=115.0 conf=0.35 lock=0 phase=0.43 beat=0 bstr=0.86 | onset=0 bass=0 ostr=0.00
[1781497638.064] [VP] profile=candidate fix=111011 chroma_seq=8827 chroma_flatness=0.0750 chroma_norm_max=0.8972 chroma_norm_mean=0.8222 chroma_final_max=0.0000 chroma_final_mean=0.0000 agc_gain=1.6590 bloom_alpha=0.9900 bloom_shift=1.0000 wave_idle=0.9850 wave_raw_margin=1.1000 wave_peak_floor=0.0800 wave_vu_floor=0.0200 wave_shift=120.0000 render_us=611 render_avg=644 render_max=982
[1781497638.381] [AP] SSL=180 DC=-828 max_raw=129 follower=180 peak_scaled=0.049 response_gain=1.000 silent_scale=1.000 silence=0 cal_source=config cal_valid=1 cal_reason=none | bpm=115.0 conf=0.36 lock=0 phase=0.37 beat=0 bstr=0.72 | onset=0 bass=1 ostr=0.02
[1781497639.066] [VP] profile=candidate fix=111011 chroma_seq=9028 chroma_flatness=0.1116 chroma_norm_max=0.9327 chroma_norm_mean=0.8211 chroma_final_max=0.1315 chroma_final_mean=0.1139 agc_gain=1.8565 bloom_alpha=0.9900 bloom_shift=1.0000 wave_idle=0.9850 wave_raw_margin=1.1000 wave_peak_floor=0.0800 wave_vu_floor=0.0200 wave_shift=120.0000 render_us=721 render_avg=702 render_max=982
[1781497639.386] [AP] SSL=180 DC=-828 max_raw=170 follower=180 peak_scaled=0.003 response_gain=1.000 silent_scale=1.000 silence=0 cal_source=config cal_valid=1 cal_reason=none | bpm=115.0 conf=0.26 lock=0 phase=0.31 beat=0 bstr=0.51 | onset=0 bass=0 ostr=0.00
[1781497640.069] [VP] profile=candidate fix=111011 chroma_seq=9232 chroma_flatness=0.0776 chroma_norm_max=0.8421 chroma_norm_mean=0.7644 chroma_final_max=0.0000 chroma_final_mean=0.0000 agc_gain=1.7964 bloom_alpha=0.9900 bloom_shift=1.0000 wave_idle=0.9850 wave_raw_margin=1.1000 wave_peak_floor=0.0800 wave_vu_floor=0.0200 wave_shift=120.0000 render_us=612 render_avg=648 render_max=982
[1781497640.391] [AP] SSL=180 DC=-828 max_raw=110 follower=180 peak_scaled=0.003 response_gain=1.000 silent_scale=1.000 silence=0 cal_source=config cal_valid=1 cal_reason=none | bpm=89.0 conf=0.20 lock=0 phase=0.82 beat=0 bstr=0.01 | onset=0 bass=0 ostr=0.00
[1781497641.079] [VP] profile=candidate fix=111011 chroma_seq=9436 chroma_flatness=0.1147 chroma_norm_max=1.0420 chroma_norm_mean=0.9273 chroma_final_max=0.1636 chroma_final_mean=0.1436 agc_gain=1.9128 bloom_alpha=0.9900 bloom_shift=1.0000 wave_idle=0.9850 wave_raw_margin=1.1000 wave_peak_floor=0.0800 wave_vu_floor=0.0200 wave_shift=120.0000 render_us=690 render_avg=715 render_max=982
[1781497641.396] [AP] SSL=180 DC=-828 max_raw=105 follower=180 peak_scaled=0.191 response_gain=1.000 silent_scale=1.000 silence=0 cal_source=config cal_valid=1 cal_reason=none | bpm=89.0 conf=0.18 lock=0 phase=0.32 beat=0 bstr=0.05 | onset=1 bass=0 ostr=0.00
[1781497642.080] [VP] profile=candidate fix=111011 chroma_seq=9638 chroma_flatness=0.1123 chroma_norm_max=1.0277 chroma_norm_mean=0.9153 chroma_final_max=0.1500 chroma_final_mean=0.1319 agc_gain=1.9094 bloom_alpha=0.9900 bloom_shift=1.0000 wave_idle=0.9850 wave_raw_margin=1.1000 wave_peak_floor=0.0800 wave_vu_floor=0.0200 wave_shift=120.0000 render_us=704 render_avg=719 render_max=982
[1781497642.401] [AP] SSL=180 DC=-828 max_raw=111 follower=180 peak_scaled=0.025 response_gain=1.000 silent_scale=1.000 silence=0 cal_source=config cal_valid=1 cal_reason=none | bpm=89.0 conf=0.20 lock=0 phase=0.82 beat=0 bstr=0.07 | onset=0 bass=0 ostr=0.00
[1781497643.085] [VP] profile=candidate fix=111011 chroma_seq=9841 chroma_flatness=0.0408 chroma_norm_max=0.5023 chroma_norm_mean=0.4615 chroma_final_max=0.0000 chroma_final_mean=0.0000 agc_gain=1.3964 bloom_alpha=0.9900 bloom_shift=1.0000 wave_idle=0.9850 wave_raw_margin=1.1000 wave_peak_floor=0.0800 wave_vu_floor=0.0200 wave_shift=120.0000 render_us=643 render_avg=622 render_max=982
[1781497643.406] [AP] SSL=180 DC=-828 max_raw=144 follower=180 peak_scaled=0.109 response_gain=1.000 silent_scale=1.000 silence=0 cal_source=config cal_valid=1 cal_reason=none | bpm=89.0 conf=0.19 lock=0 phase=0.29 beat=0 bstr=0.05 | onset=1 bass=0 ostr=0.00
[1781497644.095] [VP] profile=candidate fix=111011 chroma_seq=10044 chroma_flatness=0.0981 chroma_norm_max=0.8897 chroma_norm_mean=0.7916 chroma_final_max=0.0662 chroma_final_mean=0.0582 agc_gain=1.8251 bloom_alpha=0.9900 bloom_shift=1.0000 wave_idle=0.9850 wave_raw_margin=1.1000 wave_peak_floor=0.0800 wave_vu_floor=0.0200 wave_shift=120.0000 render_us=736 render_avg=686 render_max=982
[1781497644.412] [AP] SSL=180 DC=-828 max_raw=339 follower=181 peak_scaled=0.854 response_gain=1.000 silent_scale=1.000 silence=0 cal_source=config cal_valid=1 cal_reason=none | bpm=89.0 conf=0.26 lock=0 phase=0.79 beat=0 bstr=0.06 | onset=1 bass=0 ostr=0.00
[1781497645.095] [VP] profile=candidate fix=111011 chroma_seq=10246 chroma_flatness=0.1377 chroma_norm_max=0.8947 chroma_norm_mean=0.7570 chroma_final_max=0.2293 chroma_final_mean=0.1895 agc_gain=1.6398 bloom_alpha=0.9900 bloom_shift=1.0000 wave_idle=0.9850 wave_raw_margin=1.1000 wave_peak_floor=0.0800 wave_vu_floor=0.0200 wave_shift=120.0000 render_us=703 render_avg=688 render_max=982
[1781497645.416] [AP] SSL=180 DC=-828 max_raw=120 follower=180 peak_scaled=0.121 response_gain=1.000 silent_scale=1.000 silence=0 cal_source=config cal_valid=1 cal_reason=none | bpm=89.0 conf=0.31 lock=0 phase=0.29 beat=0 bstr=0.07 | onset=0 bass=1 ostr=0.02
[1781497646.100] [VP] profile=candidate fix=111011 chroma_seq=10450 chroma_flatness=0.1363 chroma_norm_max=0.9855 chroma_norm_mean=0.8492 chroma_final_max=0.2492 chroma_final_mean=0.2108 agc_gain=1.8298 bloom_alpha=0.9900 bloom_shift=1.0000 wave_idle=0.9850 wave_raw_margin=1.1000 wave_peak_floor=0.0800 wave_vu_floor=0.0200 wave_shift=120.0000 render_us=694 render_avg=689 render_max=982
[1781497646.421] [AP] SSL=180 DC=-828 max_raw=159 follower=180 peak_scaled=0.026 response_gain=1.000 silent_scale=1.000 silence=0 cal_source=config cal_valid=1 cal_reason=none | bpm=89.0 conf=0.17 lock=0 phase=0.76 beat=0 bstr=0.05 | onset=1 bass=0 ostr=0.00
[1781497647.110] [VP] profile=candidate fix=111011 chroma_seq=10654 chroma_flatness=0.0925 chroma_norm_max=0.9058 chroma_norm_mean=0.8132 chroma_final_max=0.0505 chroma_final_mean=0.0447 agc_gain=1.9013 bloom_alpha=0.9900 bloom_shift=1.0000 wave_idle=0.9850 wave_raw_margin=1.1000 wave_peak_floor=0.0800 wave_vu_floor=0.0200 wave_shift=120.0000 render_us=712 render_avg=686 render_max=982
[1781497647.426] [AP] SSL=180 DC=-828 max_raw=126 follower=180 peak_scaled=0.028 response_gain=1.000 silent_scale=1.000 silence=0 cal_source=config cal_valid=1 cal_reason=none | bpm=89.0 conf=0.15 lock=0 phase=0.26 beat=0 bstr=0.04 | onset=0 bass=1 ostr=0.01
[1781497648.111] [VP] profile=candidate fix=111011 chroma_seq=10858 chroma_flatness=0.1765 chroma_norm_max=1.0921 chroma_norm_mean=0.9156 chroma_final_max=0.4785 chroma_final_mean=0.3934 agc_gain=2.0192 bloom_alpha=0.9900 bloom_shift=1.0000 wave_idle=0.9850 wave_raw_margin=1.1000 wave_peak_floor=0.0800 wave_vu_floor=0.0200 wave_shift=120.0000 render_us=749 render_avg=716 render_max=982
[1781497648.431] [AP] SSL=180 DC=-828 max_raw=117 follower=180 peak_scaled=0.038 response_gain=1.000 silent_scale=1.000 silence=0 cal_source=config cal_valid=1 cal_reason=none | bpm=89.0 conf=0.00 lock=0 phase=0.77 beat=0 bstr=0.03 | onset=1 bass=0 ostr=0.00
[1781497649.116] [VP] profile=candidate fix=111011 chroma_seq=11061 chroma_flatness=0.1089 chroma_norm_max=1.0074 chroma_norm_mean=0.8984 chroma_final_max=0.1313 chroma_final_mean=0.1155 agc_gain=1.7644 bloom_alpha=0.9900 bloom_shift=1.0000 wave_idle=0.9850 wave_raw_margin=1.1000 wave_peak_floor=0.0800 wave_vu_floor=0.0200 wave_shift=120.0000 render_us=692 render_avg=691 render_max=982
[1781497649.494] [AP] SSL=180 DC=-828 max_raw=97 follower=180 peak_scaled=0.090 response_gain=1.000 silent_scale=1.000 silence=0 cal_source=config cal_valid=1 cal_reason=none | bpm=89.0 conf=0.00 lock=0 phase=0.23 beat=0 bstr=0.03 | onset=0 bass=0 ostr=0.00
[1781497650.137] [VP] profile=candidate fix=111011 chroma_seq=11265 chroma_flatness=0.0747 chroma_norm_max=1.0434 chroma_norm_mean=0.9687 chroma_final_max=0.0000 chroma_final_mean=0.0521 agc_gain=1.8448 bloom_alpha=0.9900 bloom_shift=1.0000 wave_idle=0.9850 wave_raw_margin=1.1000 wave_peak_floor=0.0800 wave_vu_floor=0.0200 wave_shift=120.0000 render_us=752 render_avg=703 render_max=982
[1781497650.442] [AP] SSL=180 DC=-828 max_raw=159 follower=201 peak_scaled=0.027 response_gain=1.000 silent_scale=1.000 silence=0 cal_source=config cal_valid=1 cal_reason=none | bpm=89.0 conf=0.17 lock=0 phase=0.73 beat=0 bstr=0.02 | onset=1 bass=0 ostr=0.00
[1781497651.125] [VP] profile=candidate fix=111011 chroma_seq=11467 chroma_flatness=0.1083 chroma_norm_max=0.7393 chroma_norm_mean=0.6309 chroma_final_max=0.0905 chroma_final_mean=0.0752 agc_gain=1.6792 bloom_alpha=0.9900 bloom_shift=1.0000 wave_idle=0.9850 wave_raw_margin=1.1000 wave_peak_floor=0.0800 wave_vu_floor=0.0200 wave_shift=120.0000 render_us=826 render_avg=691 render_max=982
[1781497651.446] [AP] SSL=180 DC=-828 max_raw=129 follower=180 peak_scaled=0.223 response_gain=1.000 silent_scale=1.000 silence=0 cal_source=config cal_valid=1 cal_reason=none | bpm=89.0 conf=0.22 lock=0 phase=0.24 beat=0 bstr=0.02 | onset=0 bass=0 ostr=0.00
[1781497652.131] [VP] profile=candidate fix=111011 chroma_seq=11670 chroma_flatness=0.0889 chroma_norm_max=0.9993 chroma_norm_mean=0.9104 chroma_final_max=0.0403 chroma_final_mean=0.0363 agc_gain=1.9756 bloom_alpha=0.9900 bloom_shift=1.0000 wave_idle=0.9850 wave_raw_margin=1.1000 wave_peak_floor=0.0800 wave_vu_floor=0.0200 wave_shift=120.0000 render_us=740 render_avg=654 render_max=982
[1781497652.452] [AP] SSL=180 DC=-828 max_raw=149 follower=180 peak_scaled=0.013 response_gain=1.000 silent_scale=1.000 silence=0 cal_source=config cal_valid=1 cal_reason=none | bpm=89.0 conf=0.30 lock=0 phase=0.71 beat=0 bstr=0.05 | onset=0 bass=0 ostr=0.00
[1781497653.140] [VP] profile=candidate fix=111011 chroma_seq=11874 chroma_flatness=0.0579 chroma_norm_max=0.9861 chroma_norm_mean=0.9282 chroma_final_max=0.0000 chroma_final_mean=0.0000 agc_gain=2.0411 bloom_alpha=0.9900 bloom_shift=1.0000 wave_idle=0.9850 wave_raw_margin=1.1000 wave_peak_floor=0.0800 wave_vu_floor=0.0200 wave_shift=120.0000 render_us=609 render_avg=659 render_max=982
[1781497653.458] [AP] SSL=180 DC=-828 max_raw=144 follower=180 peak_scaled=0.002 response_gain=1.000 silent_scale=1.000 silence=0 cal_source=config cal_valid=1 cal_reason=none | bpm=89.0 conf=0.00 lock=0 phase=0.21 beat=0 bstr=0.10 | onset=0 bass=1 ostr=0.02
[1781497654.141] [VP] profile=candidate fix=111011 chroma_seq=12078 chroma_flatness=0.0853 chroma_norm_max=0.8795 chroma_norm_mean=0.7942 chroma_final_max=0.0207 chroma_final_mean=0.0185 agc_gain=1.9315 bloom_alpha=0.9900 bloom_shift=1.0000 wave_idle=0.9850 wave_raw_margin=1.1000 wave_peak_floor=0.0800 wave_vu_floor=0.0200 wave_shift=120.0000 render_us=687 render_avg=679 render_max=1021
[1781497654.461] [AP] SSL=180 DC=-828 max_raw=82 follower=180 peak_scaled=0.000 response_gain=1.000 silent_scale=1.000 silence=0 cal_source=config cal_valid=1 cal_reason=none | bpm=89.0 conf=0.05 lock=0 phase=0.71 beat=0 bstr=0.05 | onset=0 bass=0 ostr=0.00
[1781497655.145] [VP] profile=candidate fix=111011 chroma_seq=12282 chroma_flatness=0.1066 chroma_norm_max=0.9414 chroma_norm_mean=0.8348 chroma_final_max=0.1119 chroma_final_mean=0.0977 agc_gain=1.8800 bloom_alpha=0.9900 bloom_shift=1.0000 wave_idle=0.9850 wave_raw_margin=1.1000 wave_peak_floor=0.0800 wave_vu_floor=0.0200 wave_shift=120.0000 render_us=763 render_avg=724 render_max=1021
[1781497655.466] [AP] SSL=180 DC=-828 max_raw=125 follower=180 peak_scaled=0.005 response_gain=1.000 silent_scale=1.000 silence=0 cal_source=config cal_valid=1 cal_reason=none | bpm=88.0 conf=0.06 lock=0 phase=0.18 beat=0 bstr=0.04 | onset=0 bass=0 ostr=0.00
[1781497656.154] [VP] profile=candidate fix=111011 chroma_seq=12487 chroma_flatness=0.0763 chroma_norm_max=0.5582 chroma_norm_mean=0.4819 chroma_final_max=0.0000 chroma_final_mean=0.0000 agc_gain=1.1765 bloom_alpha=0.9900 bloom_shift=1.0000 wave_idle=0.9850 wave_raw_margin=1.1000 wave_peak_floor=0.0800 wave_vu_floor=0.0200 wave_shift=120.0000 render_us=608 render_avg=668 render_max=1021
[1781497656.471] [AP] SSL=180 DC=-828 max_raw=155 follower=180 peak_scaled=0.004 response_gain=1.000 silent_scale=1.000 silence=0 cal_source=config cal_valid=1 cal_reason=none | bpm=88.0 conf=0.49 lock=0 phase=0.66 beat=0 bstr=0.02 | onset=1 bass=0 ostr=0.00
[1781497657.155] [VP] profile=candidate fix=111011 chroma_seq=12688 chroma_flatness=0.0706 chroma_norm_max=0.5899 chroma_norm_mean=0.5193 chroma_final_max=0.0000 chroma_final_mean=0.0000 agc_gain=1.8296 bloom_alpha=0.9900 bloom_shift=1.0000 wave_idle=0.9850 wave_raw_margin=1.1000 wave_peak_floor=0.0800 wave_vu_floor=0.0200 wave_shift=120.0000 render_us=661 render_avg=619 render_max=1021
[1781497657.477] [AP] SSL=180 DC=-828 max_raw=102 follower=180 peak_scaled=0.006 response_gain=1.000 silent_scale=1.000 silence=0 cal_source=config cal_valid=1 cal_reason=none | bpm=88.0 conf=0.50 lock=0 phase=0.15 beat=0 bstr=0.02 | onset=0 bass=0 ostr=0.00
[1781497658.161] [VP] profile=candidate fix=111011 chroma_seq=12889 chroma_flatness=0.0841 chroma_norm_max=0.8439 chroma_norm_mean=0.7550 chroma_final_max=0.0332 chroma_final_mean=0.0293 agc_gain=2.0411 bloom_alpha=0.9900 bloom_shift=1.0000 wave_idle=0.9850 wave_raw_margin=1.1000 wave_peak_floor=0.0800 wave_vu_floor=0.0200 wave_shift=120.0000 render_us=673 render_avg=673 render_max=1021
[1781497658.482] [AP] SSL=180 DC=-828 max_raw=150 follower=180 peak_scaled=0.161 response_gain=1.000 silent_scale=1.000 silence=0 cal_source=config cal_valid=1 cal_reason=none | bpm=88.0 conf=0.48 lock=0 phase=0.60 beat=0 bstr=0.01 | onset=0 bass=1 ostr=0.03
[1781497659.170] [VP] profile=candidate fix=111011 chroma_seq=13093 chroma_flatness=0.1351 chroma_norm_max=0.9141 chroma_norm_mean=0.7790 chroma_final_max=0.2242 chroma_final_mean=0.1870 agc_gain=1.7128 bloom_alpha=0.9900 bloom_shift=1.0000 wave_idle=0.9850 wave_raw_margin=1.1000 wave_peak_floor=0.0800 wave_vu_floor=0.0200 wave_shift=120.0000 render_us=697 render_avg=681 render_max=1021
[1781497659.489] [AP] SSL=180 DC=-828 max_raw=110 follower=180 peak_scaled=0.120 response_gain=1.000 silent_scale=1.000 silence=0 cal_source=config cal_valid=1 cal_reason=none | bpm=88.0 conf=0.25 lock=0 phase=0.08 beat=0 bstr=0.01 | onset=0 bass=1 ostr=0.02
[1781497660.172] [VP] profile=candidate fix=111011 chroma_seq=13295 chroma_flatness=0.1071 chroma_norm_max=0.9445 chroma_norm_mean=0.8374 chroma_final_max=0.1145 chroma_final_mean=0.1035 agc_gain=1.8554 bloom_alpha=0.9900 bloom_shift=1.0000 wave_idle=0.9850 wave_raw_margin=1.1000 wave_peak_floor=0.0800 wave_vu_floor=0.0200 wave_shift=120.0000 render_us=691 render_avg=657 render_max=1021
[1781497660.491] [AP] SSL=180 DC=-828 max_raw=159 follower=180 peak_scaled=0.046 response_gain=1.000 silent_scale=1.000 silence=0 cal_source=config cal_valid=1 cal_reason=none | bpm=88.0 conf=0.24 lock=0 phase=0.57 beat=0 bstr=0.01 | onset=0 bass=0 ostr=0.00
[1781497661.176] [VP] profile=candidate fix=111011 chroma_seq=13499 chroma_flatness=0.1087 chroma_norm_max=0.9940 chroma_norm_mean=0.8853 chroma_final_max=0.1282 chroma_final_mean=0.1126 agc_gain=2.0489 bloom_alpha=0.9900 bloom_shift=1.0000 wave_idle=0.9850 wave_raw_margin=1.1000 wave_peak_floor=0.0800 wave_vu_floor=0.0200 wave_shift=120.0000 render_us=700 render_avg=711 render_max=1021
[1781497661.497] [AP] SSL=180 DC=-828 max_raw=140 follower=180 peak_scaled=0.092 response_gain=1.000 silent_scale=1.000 silence=0 cal_source=config cal_valid=1 cal_reason=none | bpm=90.0 conf=0.23 lock=0 phase=0.04 beat=0 bstr=0.09 | onset=0 bass=1 ostr=0.02
[1781497662.185] [VP] profile=candidate fix=111011 chroma_seq=13704 chroma_flatness=0.1409 chroma_norm_max=1.0600 chroma_norm_mean=0.9192 chroma_final_max=0.2923 chroma_final_mean=0.2494 agc_gain=1.9683 bloom_alpha=0.9900 bloom_shift=1.0000 wave_idle=0.9850 wave_raw_margin=1.1000 wave_peak_floor=0.0800 wave_vu_floor=0.0200 wave_shift=120.0000 render_us=707 render_avg=678 render_max=1021
[1781497662.502] [AP] SSL=180 DC=-828 max_raw=92 follower=180 peak_scaled=0.178 response_gain=1.000 silent_scale=1.000 silence=0 cal_source=config cal_valid=1 cal_reason=none | bpm=90.0 conf=0.17 lock=0 phase=0.55 beat=0 bstr=0.05 | onset=0 bass=1 ostr=0.01
[1781497663.186] [VP] profile=candidate fix=111011 chroma_seq=13906 chroma_flatness=0.0518 chroma_norm_max=0.3391 chroma_norm_mean=0.2873 chroma_final_max=0.0000 chroma_final_mean=0.0000 agc_gain=1.2656 bloom_alpha=0.9900 bloom_shift=1.0000 wave_idle=0.9850 wave_raw_margin=1.1000 wave_peak_floor=0.0800 wave_vu_floor=0.0200 wave_shift=120.0000 render_us=651 render_avg=645 render_max=1021
[1781497663.506] [AP] SSL=180 DC=-828 max_raw=371 follower=228 peak_scaled=0.569 response_gain=1.000 silent_scale=1.000 silence=0 cal_source=config cal_valid=1 cal_reason=none | bpm=110.0 conf=0.55 lock=0 phase=0.13 beat=0 bstr=0.04 | onset=0 bass=1 ostr=0.02
[1781497664.191] [VP] profile=candidate fix=111011 chroma_seq=14107 chroma_flatness=0.0502 chroma_norm_max=0.4683 chroma_norm_mean=0.4199 chroma_final_max=0.0000 chroma_final_mean=0.0000 agc_gain=1.4382 bloom_alpha=0.9900 bloom_shift=1.0000 wave_idle=0.9850 wave_raw_margin=1.1000 wave_peak_floor=0.0800 wave_vu_floor=0.0200 wave_shift=120.0000 render_us=620 render_avg=637 render_max=1021
[1781497664.511] [AP] SSL=180 DC=-828 max_raw=126 follower=180 peak_scaled=0.077 response_gain=1.000 silent_scale=1.000 silence=0 cal_source=config cal_valid=1 cal_reason=none | bpm=68.0 conf=0.96 lock=1 phase=0.32 beat=0 bstr=0.07 | onset=0 bass=0 ostr=0.00
[1781497665.199] [VP] profile=candidate fix=111011 chroma_seq=14310 chroma_flatness=0.0702 chroma_norm_max=0.7100 chroma_norm_mean=0.6398 chroma_final_max=0.0000 chroma_final_mean=0.0000 agc_gain=1.9207 bloom_alpha=0.9900 bloom_shift=1.0000 wave_idle=0.9850 wave_raw_margin=1.1000 wave_peak_floor=0.0800 wave_vu_floor=0.0200 wave_shift=120.0000 render_us=608 render_avg=602 render_max=1021
[1781497665.517] [AP] SSL=180 DC=-828 max_raw=256 follower=180 peak_scaled=0.298 response_gain=1.000 silent_scale=1.000 silence=0 cal_source=config cal_valid=1 cal_reason=none | bpm=68.0 conf=0.95 lock=1 phase=0.22 beat=0 bstr=0.05 | onset=0 bass=1 ostr=0.02
[1781497666.201] [VP] profile=candidate fix=111011 chroma_seq=14511 chroma_flatness=0.0370 chroma_norm_max=0.6906 chroma_norm_mean=0.6536 chroma_final_max=0.0000 chroma_final_mean=0.0000 agc_gain=1.4738 bloom_alpha=0.9900 bloom_shift=1.0000 wave_idle=0.9850 wave_raw_margin=1.1000 wave_peak_floor=0.0800 wave_vu_floor=0.0200 wave_shift=120.0000 render_us=601 render_avg=604 render_max=1021
[1781497666.522] [AP] SSL=180 DC=-828 max_raw=111 follower=180 peak_scaled=0.005 response_gain=1.000 silent_scale=1.000 silence=0 cal_source=config cal_valid=1 cal_reason=none | bpm=68.0 conf=0.77 lock=0 phase=0.29 beat=0 bstr=0.06 | onset=0 bass=0 ostr=0.00
[1781497667.206] [VP] profile=candidate fix=111011 chroma_seq=14713 chroma_flatness=0.0568 chroma_norm_max=0.8499 chroma_norm_mean=0.7931 chroma_final_max=0.0000 chroma_final_mean=0.0000 agc_gain=1.7606 bloom_alpha=0.9900 bloom_shift=1.0000 wave_idle=0.9850 wave_raw_margin=1.1000 wave_peak_floor=0.0800 wave_vu_floor=0.0200 wave_shift=120.0000 render_us=650 render_avg=615 render_max=1021
[1781497667.527] [AP] SSL=180 DC=-828 max_raw=179 follower=180 peak_scaled=0.300 response_gain=1.000 silent_scale=1.000 silence=0 cal_source=config cal_valid=1 cal_reason=none | bpm=68.0 conf=0.62 lock=0 phase=0.41 beat=0 bstr=0.04 | onset=1 bass=0 ostr=0.00
[1781497668.215] [VP] profile=candidate fix=111011 chroma_seq=14916 chroma_flatness=0.1027 chroma_norm_max=0.9189 chroma_norm_mean=0.8163 chroma_final_max=0.0928 chroma_final_mean=0.0812 agc_gain=1.6453 bloom_alpha=0.9900 bloom_shift=1.0000 wave_idle=0.9850 wave_raw_margin=1.1000 wave_peak_floor=0.0800 wave_vu_floor=0.0200 wave_shift=120.0000 render_us=691 render_avg=676 render_max=1021
[1781497668.532] [AP] SSL=180 DC=-828 max_raw=96 follower=180 peak_scaled=0.056 response_gain=1.000 silent_scale=1.000 silence=0 cal_source=config cal_valid=1 cal_reason=none | bpm=67.0 conf=0.53 lock=0 phase=0.56 beat=0 bstr=0.02 | onset=0 bass=0 ostr=0.00
[1781497669.217] [VP] profile=candidate fix=111011 chroma_seq=15117 chroma_flatness=0.0723 chroma_norm_max=0.9174 chroma_norm_mean=0.8452 chroma_final_max=0.0000 chroma_final_mean=0.0000 agc_gain=1.7303 bloom_alpha=0.9900 bloom_shift=1.0000 wave_idle=0.9850 wave_raw_margin=1.1000 wave_peak_floor=0.0800 wave_vu_floor=0.0200 wave_shift=120.0000 render_us=607 render_avg=643 render_max=1021
[1781497669.537] [AP] SSL=180 DC=-828 max_raw=158 follower=180 peak_scaled=0.089 response_gain=1.000 silent_scale=1.000 silence=0 cal_source=config cal_valid=1 cal_reason=none | bpm=67.0 conf=0.35 lock=0 phase=0.69 beat=0 bstr=0.02 | onset=0 bass=1 ostr=0.03
[1781497670.221] [VP] profile=candidate fix=111011 chroma_seq=15319 chroma_flatness=0.0905 chroma_norm_max=1.0511 chroma_norm_mean=0.9605 chroma_final_max=0.0502 chroma_final_mean=0.0454 agc_gain=1.8014 bloom_alpha=0.9900 bloom_shift=1.0000 wave_idle=0.9850 wave_raw_margin=1.1000 wave_peak_floor=0.0800 wave_vu_floor=0.0200 wave_shift=120.0000 render_us=688 render_avg=609 render_max=1021
[1781497670.542] [AP] SSL=180 DC=-828 max_raw=237 follower=180 peak_scaled=0.455 response_gain=1.000 silent_scale=1.000 silence=0 cal_source=config cal_valid=1 cal_reason=none | bpm=67.0 conf=0.30 lock=0 phase=0.79 beat=0 bstr=0.01 | onset=0 bass=1 ostr=0.02
[1781497671.230] [VP] profile=candidate fix=111011 chroma_seq=15521 chroma_flatness=0.1015 chroma_norm_max=0.8818 chroma_norm_mean=0.7782 chroma_final_max=0.0923 chroma_final_mean=0.0800 agc_gain=1.5889 bloom_alpha=0.9900 bloom_shift=1.0000 wave_idle=0.9850 wave_raw_margin=1.1000 wave_peak_floor=0.0800 wave_vu_floor=0.0200 wave_shift=120.0000 render_us=706 render_avg=752 render_max=1021
[1781497671.547] [AP] SSL=180 DC=-828 max_raw=105 follower=314 peak_scaled=0.216 response_gain=1.000 silent_scale=1.000 silence=0 cal_source=config cal_valid=1 cal_reason=none | bpm=109.0 conf=0.23 lock=0 phase=0.40 beat=0 bstr=0.02 | onset=0 bass=0 ostr=0.00
[1781497672.231] [VP] profile=candidate fix=111011 chroma_seq=15723 chroma_flatness=0.0460 chroma_norm_max=0.9667 chroma_norm_mean=0.9207 chroma_final_max=0.0000 chroma_final_mean=0.0000 agc_gain=1.6353 bloom_alpha=0.9900 bloom_shift=1.0000 wave_idle=0.9850 wave_raw_margin=1.1000 wave_peak_floor=0.0800 wave_vu_floor=0.0200 wave_shift=120.0000 render_us=617 render_avg=625 render_max=1021
[1781497672.552] [AP] SSL=180 DC=-828 max_raw=82 follower=182 peak_scaled=0.284 response_gain=1.000 silent_scale=1.000 silence=0 cal_source=config cal_valid=1 cal_reason=none | bpm=109.0 conf=0.19 lock=0 phase=0.24 beat=0 bstr=0.01 | onset=0 bass=1 ostr=0.02
[1781497673.236] [VP] profile=candidate fix=111011 chroma_seq=15925 chroma_flatness=0.1200 chroma_norm_max=1.0003 chroma_norm_mean=0.8803 chroma_final_max=0.1799 chroma_final_mean=0.1560 agc_gain=1.7449 bloom_alpha=0.9900 bloom_shift=1.0000 wave_idle=0.9850 wave_raw_margin=1.1000 wave_peak_floor=0.0800 wave_vu_floor=0.0200 wave_shift=120.0000 render_us=786 render_avg=742 render_max=1021
[1781497673.557] [AP] SSL=180 DC=-828 max_raw=319 follower=219 peak_scaled=0.632 response_gain=1.000 silent_scale=1.000 silence=0 cal_source=config cal_valid=1 cal_reason=none | bpm=109.0 conf=0.19 lock=0 phase=0.04 beat=0 bstr=0.01 | onset=1 bass=0 ostr=0.00
[1781497674.246] [VP] profile=candidate fix=111011 chroma_seq=16127 chroma_flatness=0.1306 chroma_norm_max=0.9869 chroma_norm_mean=0.8563 chroma_final_max=0.2246 chroma_final_mean=0.1915 agc_gain=1.7707 bloom_alpha=0.9900 bloom_shift=1.0000 wave_idle=0.9850 wave_raw_margin=1.1000 wave_peak_floor=0.0800 wave_vu_floor=0.0200 wave_shift=120.0000 render_us=709 render_avg=716 render_max=1021
[1781497674.562] [AP] SSL=180 DC=-828 max_raw=159 follower=180 peak_scaled=0.541 response_gain=1.000 silent_scale=1.000 silence=0 cal_source=config cal_valid=1 cal_reason=none | bpm=89.0 conf=0.07 lock=0 phase=0.87 beat=0 bstr=0.06 | onset=0 bass=1 ostr=0.02
[1781497675.249] [VP] profile=candidate fix=111011 chroma_seq=16329 chroma_flatness=0.0539 chroma_norm_max=0.8705 chroma_norm_mean=0.8135 chroma_final_max=0.0000 chroma_final_mean=0.0000 agc_gain=1.5450 bloom_alpha=0.9900 bloom_shift=1.0000 wave_idle=0.9850 wave_raw_margin=1.1000 wave_peak_floor=0.0800 wave_vu_floor=0.0200 wave_shift=120.0000 render_us=618 render_avg=637 render_max=1021
[1781497675.567] [AP] SSL=180 DC=-828 max_raw=230 follower=182 peak_scaled=0.398 response_gain=1.000 silent_scale=1.000 silence=0 cal_source=config cal_valid=1 cal_reason=none | bpm=76.0 conf=0.05 lock=0 phase=0.33 beat=0 bstr=0.07 | onset=0 bass=1 ostr=0.04
[1781497676.252] [VP] profile=candidate fix=111011 chroma_seq=16531 chroma_flatness=0.0826 chroma_norm_max=0.8828 chroma_norm_mean=0.8002 chroma_final_max=0.0101 chroma_final_mean=0.0091 agc_gain=1.6069 bloom_alpha=0.9900 bloom_shift=1.0000 wave_idle=0.9850 wave_raw_margin=1.1000 wave_peak_floor=0.0800 wave_vu_floor=0.0200 wave_shift=120.0000 render_us=667 render_avg=650 render_max=1021
[1781497676.572] [AP] SSL=180 DC=-828 max_raw=299 follower=182 peak_scaled=0.631 response_gain=1.000 silent_scale=1.000 silence=0 cal_source=config cal_valid=1 cal_reason=none | bpm=76.0 conf=0.00 lock=0 phase=0.58 beat=0 bstr=0.03 | onset=1 bass=0 ostr=0.00
[1781497677.260] [VP] profile=candidate fix=111011 chroma_seq=16734 chroma_flatness=0.1432 chroma_norm_max=1.0478 chroma_norm_mean=0.9045 chroma_final_max=0.2998 chroma_final_mean=0.2544 agc_gain=1.6603 bloom_alpha=0.9900 bloom_shift=1.0000 wave_idle=0.9850 wave_raw_margin=1.1000 wave_peak_floor=0.0800 wave_vu_floor=0.0200 wave_shift=120.0000 render_us=736 render_avg=671 render_max=1021
[1781497677.577] [AP] SSL=180 DC=-828 max_raw=286 follower=180 peak_scaled=0.385 response_gain=1.000 silent_scale=1.000 silence=0 cal_source=config cal_valid=1 cal_reason=none | bpm=76.0 conf=0.03 lock=0 phase=0.86 beat=0 bstr=0.04 | onset=1 bass=0 ostr=0.00
[1781497678.261] [VP] profile=candidate fix=111011 chroma_seq=16936 chroma_flatness=0.0743 chroma_norm_max=0.8793 chroma_norm_mean=0.8050 chroma_final_max=0.0000 chroma_final_mean=0.0000 agc_gain=1.8529 bloom_alpha=0.9900 bloom_shift=1.0000 wave_idle=0.9850 wave_raw_margin=1.1000 wave_peak_floor=0.0800 wave_vu_floor=0.0200 wave_shift=120.0000 render_us=661 render_avg=639 render_max=1021
[1781497678.582] [AP] SSL=180 DC=-828 max_raw=88 follower=180 peak_scaled=0.135 response_gain=1.000 silent_scale=1.000 silence=0 cal_source=config cal_valid=1 cal_reason=none | bpm=100.0 conf=0.04 lock=0 phase=0.39 beat=0 bstr=0.12 | onset=0 bass=1 ostr=0.02
[1781497679.266] [VP] profile=candidate fix=111011 chroma_seq=17139 chroma_flatness=0.0775 chroma_norm_max=0.8676 chroma_norm_mean=0.7901 chroma_final_max=0.0000 chroma_final_mean=0.0000 agc_gain=1.9011 bloom_alpha=0.9900 bloom_shift=1.0000 wave_idle=0.9850 wave_raw_margin=1.1000 wave_peak_floor=0.0800 wave_vu_floor=0.0200 wave_shift=120.0000 render_us=612 render_avg=662 render_max=1021
[1781497679.587] [AP] SSL=180 DC=-828 max_raw=121 follower=180 peak_scaled=0.040 response_gain=1.000 silent_scale=1.000 silence=0 cal_source=config cal_valid=1 cal_reason=none | bpm=100.0 conf=0.04 lock=0 phase=0.04 beat=0 bstr=0.05 | onset=0 bass=0 ostr=0.00
[1781497680.276] [VP] profile=candidate fix=111011 chroma_seq=17343 chroma_flatness=0.0652 chroma_norm_max=0.9619 chroma_norm_mean=0.8967 chroma_final_max=0.0000 chroma_final_mean=0.0000 agc_gain=1.9596 bloom_alpha=0.9900 bloom_shift=1.0000 wave_idle=0.9850 wave_raw_margin=1.1000 wave_peak_floor=0.0800 wave_vu_floor=0.0200 wave_shift=120.0000 render_us=606 render_avg=632 render_max=1021
[1781497680.592] [AP] SSL=180 DC=-828 max_raw=149 follower=180 peak_scaled=0.078 response_gain=1.000 silent_scale=1.000 silence=0 cal_source=config cal_valid=1 cal_reason=none | bpm=100.0 conf=0.04 lock=0 phase=0.72 beat=0 bstr=0.02 | onset=0 bass=0 ostr=0.00
[1781497681.277] [VP] profile=candidate fix=111011 chroma_seq=17545 chroma_flatness=0.0730 chroma_norm_max=0.9513 chroma_norm_mean=0.8783 chroma_final_max=0.0000 chroma_final_mean=0.0000 agc_gain=2.0478 bloom_alpha=0.9900 bloom_shift=1.0000 wave_idle=0.9850 wave_raw_margin=1.1000 wave_peak_floor=0.0800 wave_vu_floor=0.0200 wave_shift=120.0000 render_us=614 render_avg=639 render_max=1021
[1781497681.598] [AP] SSL=180 DC=-828 max_raw=121 follower=180 peak_scaled=0.024 response_gain=1.000 silent_scale=1.000 silence=0 cal_source=config cal_valid=1 cal_reason=none | bpm=77.0 conf=0.00 lock=0 phase=0.19 beat=0 bstr=0.07 | onset=0 bass=0 ostr=0.00
[1781497682.282] [VP] profile=candidate fix=111011 chroma_seq=17749 chroma_flatness=0.0871 chroma_norm_max=1.0220 chroma_norm_mean=0.9349 chroma_final_max=0.0329 chroma_final_mean=0.0298 agc_gain=2.0612 bloom_alpha=0.9900 bloom_shift=1.0000 wave_idle=0.9850 wave_raw_margin=1.1000 wave_peak_floor=0.0800 wave_vu_floor=0.0200 wave_shift=120.0000 render_us=655 render_avg=719 render_max=1021
[1781497682.602] [AP] SSL=180 DC=-828 max_raw=154 follower=180 peak_scaled=0.285 response_gain=1.000 silent_scale=1.000 silence=0 cal_source=config cal_valid=1 cal_reason=none | bpm=77.0 conf=0.00 lock=0 phase=0.46 beat=0 bstr=0.05 | onset=0 bass=1 ostr=0.02
[1781497683.291] [VP] profile=candidate fix=111011 chroma_seq=17954 chroma_flatness=0.1034 chroma_norm_max=0.9905 chroma_norm_mean=0.8871 chroma_final_max=0.1043 chroma_final_mean=0.0922 agc_gain=1.9908 bloom_alpha=0.9900 bloom_shift=1.0000 wave_idle=0.9850 wave_raw_margin=1.1000 wave_peak_floor=0.0800 wave_vu_floor=0.0200 wave_shift=120.0000 render_us=734 render_avg=719 render_max=1021
[1781497683.607] [AP] SSL=180 DC=-828 max_raw=120 follower=180 peak_scaled=0.087 response_gain=1.000 silent_scale=1.000 silence=0 cal_source=config cal_valid=1 cal_reason=none | bpm=113.0 conf=0.00 lock=0 phase=0.19 beat=0 bstr=0.18 | onset=1 bass=0 ostr=0.00
[1781497684.292] [VP] profile=candidate fix=111011 chroma_seq=18156 chroma_flatness=0.0894 chroma_norm_max=0.9332 chroma_norm_mean=0.8438 chroma_final_max=0.0390 chroma_final_mean=0.0154 agc_gain=1.7012 bloom_alpha=0.9900 bloom_shift=1.0000 wave_idle=0.9850 wave_raw_margin=1.1000 wave_peak_floor=0.0800 wave_vu_floor=0.0200 wave_shift=120.0000 render_us=706 render_avg=692 render_max=1021
[1781497684.615] [AP] SSL=180 DC=-828 max_raw=212 follower=180 peak_scaled=0.171 response_gain=1.000 silent_scale=1.000 silence=0 cal_source=config cal_valid=1 cal_reason=none | bpm=113.0 conf=0.00 lock=0 phase=0.10 beat=0 bstr=0.09 | onset=0 bass=1 ostr=0.05
[1781497685.297] [VP] profile=candidate fix=111011 chroma_seq=18359 chroma_flatness=0.1096 chroma_norm_max=0.8573 chroma_norm_mean=0.7477 chroma_final_max=0.1122 chroma_final_mean=0.0960 agc_gain=1.7411 bloom_alpha=0.9900 bloom_shift=1.0000 wave_idle=0.9850 wave_raw_margin=1.1000 wave_peak_floor=0.0800 wave_vu_floor=0.0200 wave_shift=120.0000 render_us=697 render_avg=667 render_max=1021
[1781497685.617] [AP] SSL=180 DC=-828 max_raw=230 follower=180 peak_scaled=0.207 response_gain=1.000 silent_scale=1.000 silence=0 cal_source=config cal_valid=1 cal_reason=none | bpm=113.0 conf=0.05 lock=0 phase=0.96 beat=0 bstr=0.06 | onset=0 bass=1 ostr=0.02
[1781497686.306] [VP] profile=candidate fix=111011 chroma_seq=18563 chroma_flatness=0.0577 chroma_norm_max=0.9597 chroma_norm_mean=0.9019 chroma_final_max=0.0000 chroma_final_mean=0.0000 agc_gain=2.0391 bloom_alpha=0.9900 bloom_shift=1.0000 wave_idle=0.9850 wave_raw_margin=1.1000 wave_peak_floor=0.0800 wave_vu_floor=0.0200 wave_shift=120.0000 render_us=614 render_avg=640 render_max=1021
[1781497686.623] [AP] SSL=180 DC=-828 max_raw=164 follower=180 peak_scaled=0.002 response_gain=1.000 silent_scale=1.000 silence=0 cal_source=config cal_valid=1 cal_reason=none | bpm=113.0 conf=0.04 lock=0 phase=0.86 beat=0 bstr=0.04 | onset=1 bass=0 ostr=0.00
[1781497687.307] [VP] profile=candidate fix=111011 chroma_seq=18765 chroma_flatness=0.1388 chroma_norm_max=1.0327 chroma_norm_mean=0.8939 chroma_final_max=0.2744 chroma_final_mean=0.2335 agc_gain=2.0108 bloom_alpha=0.9900 bloom_shift=1.0000 wave_idle=0.9850 wave_raw_margin=1.1000 wave_peak_floor=0.0800 wave_vu_floor=0.0200 wave_shift=120.0000 render_us=708 render_avg=730 render_max=1021
[1781497687.627] [AP] SSL=180 DC=-828 max_raw=131 follower=180 peak_scaled=0.009 response_gain=1.000 silent_scale=1.000 silence=0 cal_source=config cal_valid=1 cal_reason=none | bpm=88.0 conf=0.05 lock=0 phase=0.41 beat=0 bstr=0.13 | onset=1 bass=0 ostr=0.00
[1781497688.312] [VP] profile=candidate fix=111011 chroma_seq=18969 chroma_flatness=0.1837 chroma_norm_max=1.0633 chroma_norm_mean=0.8796 chroma_final_max=0.4997 chroma_final_mean=0.4044 agc_gain=1.9748 bloom_alpha=0.9900 bloom_shift=1.0000 wave_idle=0.9850 wave_raw_margin=1.1000 wave_peak_floor=0.0800 wave_vu_floor=0.0200 wave_shift=120.0000 render_us=776 render_avg=728 render_max=1021
[1781497688.633] [AP] SSL=180 DC=-828 max_raw=69 follower=180 peak_scaled=0.006 response_gain=1.000 silent_scale=1.000 silence=0 cal_source=config cal_valid=1 cal_reason=none | bpm=93.0 conf=0.00 lock=0 phase=0.87 beat=0 bstr=0.03 | onset=0 bass=0 ostr=0.00
[1781497689.322] [VP] profile=candidate fix=111011 chroma_seq=19173 chroma_flatness=0.1164 chroma_norm_max=1.0627 chroma_norm_mean=0.9463 chroma_final_max=0.1424 chroma_final_mean=0.1259 agc_gain=1.7642 bloom_alpha=0.9900 bloom_shift=1.0000 wave_idle=0.9850 wave_raw_margin=1.1000 wave_peak_floor=0.0800 wave_vu_floor=0.0200 wave_shift=120.0000 render_us=706 render_avg=729 render_max=1021
[1781497689.638] [AP] SSL=180 DC=-828 max_raw=189 follower=180 peak_scaled=0.548 response_gain=1.000 silent_scale=1.000 silence=0 cal_source=config cal_valid=1 cal_reason=none | bpm=93.0 conf=0.14 lock=0 phase=0.43 beat=0 bstr=0.02 | onset=1 bass=0 ostr=0.00
[1781497690.322] [VP] profile=candidate fix=111011 chroma_seq=19375 chroma_flatness=0.0983 chroma_norm_max=0.9632 chroma_norm_mean=0.8649 chroma_final_max=0.0789 chroma_final_mean=0.0699 agc_gain=1.6757 bloom_alpha=0.9900 bloom_shift=1.0000 wave_idle=0.9850 wave_raw_margin=1.1000 wave_peak_floor=0.0800 wave_vu_floor=0.0200 wave_shift=120.0000 render_us=767 render_avg=707 render_max=1021
[1781497690.358] >>> :smart_status
[1781497690.360] sbr{{
[1781497690.361] SMART_ASSIST: off
[1781497690.361] SMART_SWITCHING: off
[1781497690.361] SMART_DIRECTOR_AUTONOMY: off
[1781497690.361] SMART_HOOKS: off
[1781497690.361] SMART_CONFIDENCE_FLOOR: 0.080
[1781497690.361] SMART_APPLIED_MODE: 3
[1781497690.361] SMART_LAST_REQUESTED_MODE: 3
[1781497690.361] SMART_SWITCHES_IN_WINDOW: 0
[1781497690.361] SMART_MANUAL_OWNER_ACTIVE: 0
[1781497690.361] SMART_LAST_REASON: 0
[1781497690.361] SMART_STATE: 0
[1781497690.361] SMART_INTENT_MODE: 3
[1781497690.362] SMART_INTENT_CONFIDENCE: 0.000
[1781497690.362] SMART_INTENT_WANTS_SWITCH: 0
[1781497690.362] SMART_SCALAR_PHOTONS: 1.000
[1781497690.362] SMART_SCALAR_CHROMA: 1.000
[1781497690.362] SMART_SCALAR_MOOD: 1.000
[1781497690.362] SMART_SCALAR_SATURATION: 1.000
[1781497690.362] SMART_PALETTE_OVERLAY: 0
[1781497690.362] SMART_PALETTE_INDEX: 0
[1781497690.362] SMART_AUTO_COLOUR_SHIFT: 0
[1781497690.362] SMART_MIN_DWELL_MS: 8000
[1781497690.363] SMART_COOLDOWN_MS: 20000
[1781497690.363] SMART_SWITCH_WINDOW_MS: 60000
[1781497690.363] SMART_MAX_SWITCHES: 2
[1781497690.363] SMART_AUDIO_NOVELTY: 0.0343
[1781497690.363] SMART_AUDIO_ENERGY: 0.2300
[1781497690.363] SMART_EVENT_ID: 1003
[1781497690.363] SMART_EVENT_AGE_MS: 91
[1781497690.363] SMART_ONSET: 0
[1781497690.363] SMART_BASS_ONSET: 0
[1781497690.364] SMART_BEAT_CONFIDENCE: 0.000
[1781497690.364] SMART_TRANSIENT: 0
[1781497690.364] SMART_KICK: 0
[1781497690.364] SMART_SNARE: 0
[1781497690.364] SMART_HIHAT: 0
[1781497690.364] SMART_TRANSIENT_LEVEL: 0.003
[1781497690.365] SMART_KICK_LEVEL: 0.004
[1781497690.365] SMART_SNARE_LEVEL: 0.001
[1781497690.365] SMART_HIHAT_LEVEL: 0.005
[1781497690.365] SMART_SNARE_EVENT_ID: 291
[1781497690.365] SMART_HIHAT_EVENT_ID: 1087
[1781497690.365] }}
[1781497690.643] [AP] SSL=180 DC=-828 max_raw=105 follower=180 peak_scaled=0.056 response_gain=1.000 silent_scale=1.000 silence=0 cal_source=config cal_valid=1 cal_reason=none | bpm=93.0 conf=0.11 lock=0 phase=0.00 beat=0 bstr=0.05 | onset=0 bass=1 ostr=0.02
[1781497691.063] >>> :dump
[1781497691.069] sbr{{
[1781497691.069] FIRMWARE_VERSION: 40103
[1781497691.070] CHIP ID: B489A500
[1781497691.070] noise_button.pressed: 0
[1781497691.070] noise_button.last_down: 0
[1781497691.070] noise_button.last_up: 0
[1781497691.070] noise_button.pin: 255
[1781497691.070] mode_button.pressed: 0
[1781497691.070] mode_button.last_down: 0
[1781497691.070] mode_button.last_up: 0
[1781497691.070] mode_button.pin: 255
[1781497691.070] CONFIG.PHOTONS: 0.480000
[1781497691.070] CONFIG.CHROMA: 0.400000
[1781497691.071] CONFIG.MOOD: 0.100000
[1781497691.071] CONFIG.LIGHTSHOW_MODE: 8
[1781497691.071] CONFIG.MIRROR_ENABLED: 1
[1781497691.071] CONFIG.CHROMAGRAM_RANGE: 60
[1781497691.071] CONFIG.SAMPLE_RATE: 12800
[1781497691.071] CONFIG.NOTE_OFFSET: 12
[1781497691.071] CONFIG.SQUARE_ITER: 0.00
[1781497691.071] CONFIG.LED_TYPE: 0
[1781497691.071] CONFIG.LED_COUNT: 160
[1781497691.071] CONFIG.LED_COLOR_ORDER: 66
[1781497691.072] CONFIG.SAMPLES_PER_CHUNK: 96
[1781497691.072] CONFIG.SENSITIVITY: 2.300000
[1781497691.072] AUDIO_RESPONSE_GAIN: 1.000000
[1781497691.072] CONFIG.BOOT_ANIMATION: 1
[1781497691.072] CONFIG.SWEET_SPOT_MIN_LEVEL: 180
[1781497691.073] CONFIG.SWEET_SPOT_MAX_LEVEL: 30000
[1781497691.073] CONFIG.DC_OFFSET: -828
[1781497691.073] CAL_SOURCE: config
[1781497691.073] CAL_VALID: 1
[1781497691.073] CAL_PROFILE_LOADED: 0
[1781497691.073] NOISE_CAL_REASON: none
[1781497691.073] NOISE_CAL_DC_SAMPLES: 0
[1781497691.073] NOISE_CAL_SSL_P50: 0.0
[1781497691.073] NOISE_CAL_SSL_P90: 0.0
[1781497691.073] CONFIG.STANDBY_DIMMING: 0
[1781497691.074] CONFIG.REVERSE_ORDER: 0
[1781497691.074] CONFIG.MAX_CURRENT_MA: 1500
[1781497691.074] CONFIG.TEMPORAL_DITHERING: 1
[1781497691.074] CONFIG.AUTO_COLOR_SHIFT: 1
[1781497691.074] CONFIG.INCANDESCENT_FILTER: 0.00
[1781497691.074] CONFIG.INCANDESCENT_MODE: 0
[1781497691.074] CONFIG.BULB_OPACITY: 0.00
[1781497691.074] CONFIG.SATURATION: 1.00
[1781497691.074] CONFIG.PRISM_COUNT: 1.00
[1781497691.074] CONFIG.BASE_COAT: 1
[1781497691.075] CONFIG.BASE_COAT_INTENSITY: 0.000
[1781497691.075] MASTER_BRIGHTNESS: 1.00
[1781497691.075] stream_audio: 0
[1781497691.075] stream_fps: 0
[1781497691.075] stream_max_mags: 0
[1781497691.075] stream_max_mags_followers: 0
[1781497691.075] stream_magnitudes: 0
[1781497691.075] stream_spectrogram: 0
[1781497691.075] stream_chromagram: 0
[1781497691.075] debug_mode: 0
[1781497691.075] noise_complete: 1
[1781497691.075] noise_iterations: 0
[1781497691.075] next_save_time: 0
[1781497691.075] settings_updated: 0
[1781497691.075] I2S_PORT: 0
[1781497691.075] SAMPLE_HISTORY_LENGTH: 4096
[1781497691.075] silence: 0
[1781497691.076] mode_destination: -1
[1781497691.076] SYSTEM_FPS: 155.67
[1781497691.076] LED_FPS: 201.90
[1781497691.076] }}
[1781497691.328] [VP] profile=candidate fix=111011 chroma_seq=19577 chroma_flatness=0.0815 chroma_norm_max=0.9155 chroma_norm_mean=0.8341 chroma_final_max=0.0038 chroma_final_mean=0.0034 agc_gain=1.6574 bloom_alpha=0.9900 bloom_shift=1.0000 wave_idle=0.9850 wave_raw_margin=1.1000 wave_peak_floor=0.0800 wave_vu_floor=0.0200 wave_shift=120.0000 render_us=656 render_avg=651 render_max=1021
[1781497691.647] [AP] SSL=180 DC=-828 max_raw=270 follower=180 peak_scaled=0.424 response_gain=1.000 silent_scale=1.000 silence=0 cal_source=config cal_valid=1 cal_reason=none | bpm=125.0 conf=0.26 lock=0 phase=0.93 beat=0 bstr=0.31 | onset=0 bass=1 ostr=0.03
[1781497691.773] >>> :ap_stream=off
[1781497691.790] sbr{{
[1781497691.790] AP_STREAM: off
[1781497691.790] }}
[1781497692.335] [VP] profile=candidate fix=111011 chroma_seq=19780 chroma_flatness=0.0973 chroma_norm_max=1.0370 chroma_norm_mean=0.9397 chroma_final_max=0.0810 chroma_final_mean=0.0726 agc_gain=1.9314 bloom_alpha=0.9900 bloom_shift=1.0000 wave_idle=0.9850 wave_raw_margin=1.1000 wave_peak_floor=0.0800 wave_vu_floor=0.0200 wave_shift=120.0000 render_us=689 render_avg=699 render_max=1021
[1781497692.481] >>> :vp_stream=off
[1781497692.491] sbr{{
[1781497692.491] VP_STREAM: off
[1781497692.491] }}
[1781497693.470] >>> :ap_stream=off
[1781497693.481] sbr{{
[1781497693.481] AP_STREAM: off
[1781497693.481] }}
[1781497693.624] >>> :vp_stream=off
[1781497693.635] sbr{{
[1781497693.635] VP_STREAM: off
[1781497693.635] }}
[1781497693.775] >>> :vp_perf=stop
[1781497693.781] sbr{{
[1781497693.781] VP_PERF: disabled (compile with ENABLE_VP_PERF_AUDIT=1)
[1781497693.781] }}
[1781497693.927] >>> :stop
[1781497693.930] SBOK
