#PORT /dev/tty.usbmodem101
#ROLE production_bench_reference
#CMD :stop
llower=1032 peak_scaled=0.118 silent_scale=1.000 silence=0 cal_source=config cal_valid=1
[AP] SSL=903 DC=-4795 max_raw=811 follower=1197 peak_scaled=0.045 silent_scale=1.000 silence=0 cal_source=config cal_valid=1
[AP] SSL=903 DC=-4795 max_raw=972 follower=1011 peak_scaled=0.135 silent_scale=1.000 silence=0 cal_source=config cal_valid=1
[AP] SSL=903 DC=-4795 max_raw=655 follower=966 peak_scaled=-0.128 silent_scale=1.000 silence=0 cal_source=config cal_valid=1
[AP] SSL=903 DC=-4795 max_raw=1752 follower=1275 peak_scaled=0.448 silent_scale=1.000 silence=0 cal_source=config cal_valid=1
[AP] SSL=903 DC=-4795 max_raw=1536 follower=980 peak_scaled=0.473 silent_scale=1.000 silence=0 cal_source=config cal_valid=1
[AP] SSL=903 DC=-4795 max_raw=1032 follower=930 peak_scaled=0.135 silent_scale=1.000 silence=0 cal_source=config cal_valid=1
[AP] SSL=903 DC=-4795 max_raw=765 follower=903 peak_scaled=0.064 silent_scale=1.000 silence=0 cal_source=config cal_valid=1
[AP] SSL=903 DC=-4795 max_raw=821 follower=903 peak_scaled=0.028 silent_scale=1.000 silence=0 cal_source=config cal_valid=1
[AP] SSL=903 DC=-4795 max_raw=1022 follower=903 peak_scaled=0.165 silent_scale=1.000 silence=0 cal_source=config cal_valid=1
[AP] SSL=903 DC=-4795 max_raw=1037 follower=903 peak_scaled=0.132 silent_scale=1.000 silence=0 cal_source=config cal_valid=1
[AP] SSL=903 DC=-4795 max_raw=1591 follower=962 peak_scaled=0.641 silent_scale=1.000 silence=0 cal_source=config cal_valid=1
[AP] SSL=903 DC=-4795 max_raw=1752 follower=918 peak_scaled=0.581 silent_scale=1.000 silence=0 cal_source=config cal_valid=1
[AP] SSL=903 DC=-4795 max_raw=840 follower=918 peak_scaled=0.093 silent_scale=1.000 silence=0 cal_source=config cal_valid=1
[AP] SSL=903 DC=-4795 max_raw=1032 follower=1035 peak_scaled=0.228 silent_scale=1.000 silence=0 cal_source=config cal_valid=1
[AP] SSL=903 DC=-4795 max_raw=1375 follower=903 peak_scaled=-0.041 silent_scale=1.000 silence=0 cal_source=config cal_valid=1
[AP] SSL=903 DC=-4795 max_raw=1207 follower=903 peak_scaled=0.170 silent_scale=1.000 silence=0 cal_source=config cal_valid=1
[AP] SSL=903 DC=-4795 max_raw=1152 follower=903 peak_scaled=0.506 silent_scale=1.000 silence=0 cal_source=config cal_valid=1
[AP] SSL=903 DC=-4795 max_raw=1128 follower=903 peak_scaled=0.483 silent_scale=1.000 silence=0 cal_source=config cal_valid=1
[AP] SSL=903 DC=-4795 max_raw=811 follower=903 peak_scaled=0.011 silent_scale=1.000 silence=0 cal_source=config cal_valid=1
[AP] SSL=903 DC=-4795 max_raw=945 follower=937 peak_scaled=0.314 silent_scale=1.000 silence=0 cal_source=config cal_valid=1
[AP] SSL=903 DC=-4795 max_raw=1349 follower=903 peak_scaled=0.427 silent_scale=1.000 silence=0 cal_source=config cal_valid=1
[AP] SSL=903 DC=-4795 max_raw=660 follower=903 peak_scaled=-0.073 silent_scale=1.000 silence=0 cal_source=config cal_valid=1
[AP] SSL=903 DC=-4795 max_raw=1449 follower=910 peak_scaled=0.399 silent_scale=1.000 silence=0 cal_source=config cal_valid=1
[AP] SSL=903 DC=-4795 max_raw=996 follower=903 peak_scaled=0.010 silent_scale=1.000 silence=0 cal_source=config cal_valid=1
[AP] SSL=903 DC=-4795 max_raw=895 follower=903 peak_scaled=0.055 silent_scale=1.000 silence=0 cal_source=config cal_valid=1
SBOK
#CMD :ap_stream=off
sbr{{
AP_STREAM: off
}}
#CMD :vp_stream=off
sbr{{
VP_STREAM: off
}}
#CMD :set_mode=3
sbr{{
CONFIG.LIGHTSHOW_MODE: 3
}}
#CMD :mood=0.250
sbr{{
CONFIG.MOOD: 0.250000
}}
#CMD :palette_mode=on
sbr{{
PALETTE_MODE: on
}}
#CMD :palette_index=29
sbr{{
PALETTE: 29 (BlacK_Blue_Magenta_White_gp)
}}
#CMD :secondary_enabled=true
sbr{{
SECONDARY_ENABLED: 1
}}
#CMD :secondary_control=false
sbr{{
SECONDARY_CONTROL: DISABLED (encoders control primary channel)
}}
#CMD :secondary_mode=7
sbr{{
SECONDARY_MODE: 7 (WAVEFORM-FAST)
}}
#CMD :secondary_palette_mode=true
sbr{{
SECONDARY_PALETTE_MODE_ENABLED: true
}}
#CMD :secondary_palette_index=24
sbr{{
SECONDARY_PALETTE_INDEX: 24 (fire_gp)
}}
#CMD :edge_mode=off
sbr{{
EDGE_ENABLED: off
EDGE_MODE: off
EDGE_STRENGTH: 0.000
}}
#CMD :edge_enabled=off
sbr{{
EDGE_ENABLED: off
EDGE_MODE: off
EDGE_STRENGTH: 0.000
}}
#CMD :edge_strength=0
sbr{{
EDGE_ENABLED: off
EDGE_MODE: off
EDGE_STRENGTH: 0.000
}}
#CMD :smart_hooks=off
sbr{{
SMART_ASSIST: off
SMART_SWITCHING: off
SMART_DIRECTOR_AUTONOMY: off
SMART_HOOKS: off
SMART_CONFIDENCE_FLOOR: 0.080
SMART_APPLIED_MODE: 3
SMART_LAST_REQUESTED_MODE: 3
SMART_SWITCHES_IN_WINDOW: 0
SMART_MANUAL_OWNER_ACTIVE: 1
SMART_LAST_REASON: 0
SMART_STATE: 0
SMART_INTENT_MODE: 0
SMART_INTENT_CONFIDENCE: 0.000
SMART_INTENT_WANTS_SWITCH: 0
SMART_SCALAR_PHOTONS: 0.000
SMART_SCALAR_CHROMA: 0.000
SMART_SCALAR_MOOD: 0.000
SMART_AUDIO_NOVELTY: 0.0000
SMART_AUDIO_ENERGY: 0.0000
SMART_EVENT_ID: 0
SMART_EVENT_AGE_MS: 0
SMART_ONSET: 0
SMART_BASS_ONSET: 0
SMART_BEAT_CONFIDENCE: 0.000
}}
#CMD :smart_switching=off
sbr{{
SMART_ASSIST: off
SMART_SWITCHING: off
SMART_DIRECTOR_AUTONOMY: off
SMART_HOOKS: off
SMART_CONFIDENCE_FLOOR: 0.080
SMART_APPLIED_MODE: 3
SMART_LAST_REQUESTED_MODE: 3
SMART_SWITCHES_IN_WINDOW: 0
SMART_MANUAL_OWNER_ACTIVE: 1
SMART_LAST_REASON: 0
SMART_STATE: 0
SMART_INTENT_MODE: 0
SMART_INTENT_CONFIDENCE: 0.000
SMART_INTENT_WANTS_SWITCH: 0
SMART_SCALAR_PHOTONS: 0.000
SMART_SCALAR_CHROMA: 0.000
SMART_SCALAR_MOOD: 0.000
SMART_AUDIO_NOVELTY: 0.0000
SMART_AUDIO_ENERGY: 0.0000
SMART_EVENT_ID: 0
SMART_EVENT_AGE_MS: 0
SMART_ONSET: 0
SMART_BASS_ONSET: 0
SMART_BEAT_CONFIDENCE: 0.000
}}
#CMD :smart_assist=off
sbr{{
SMART_ASSIST: off
SMART_SWITCHING: off
SMART_DIRECTOR_AUTONOMY: off
SMART_HOOKS: off
SMART_CONFIDENCE_FLOOR: 0.080
SMART_APPLIED_MODE: 3
SMART_LAST_REQUESTED_MODE: 3
SMART_SWITCHES_IN_WINDOW: 0
SMART_MANUAL_OWNER_ACTIVE: 1
SMART_LAST_REASON: 0
SMART_STATE: 0
SMART_INTENT_MODE: 0
SMART_INTENT_CONFIDENCE: 0.000
SMART_INTENT_WANTS_SWITCH: 0
SMART_SCALAR_PHOTONS: 0.000
SMART_SCALAR_CHROMA: 0.000
SMART_SCALAR_MOOD: 0.000
SMART_AUDIO_NOVELTY: 0.0000
SMART_AUDIO_ENERGY: 0.0000
SMART_EVENT_ID: 0
SMART_EVENT_AGE_MS: 0
SMART_ONSET: 0
SMART_BASS_ONSET: 0
SMART_BEAT_CONFIDENCE: 0.000
}}
#CMD :smart_confidence_floor=0.080
sbr{{
SMART_ASSIST: off
SMART_SWITCHING: off
SMART_DIRECTOR_AUTONOMY: off
SMART_HOOKS: off
SMART_CONFIDENCE_FLOOR: 0.080
SMART_APPLIED_MODE: 3
SMART_LAST_REQUESTED_MODE: 3
SMART_SWITCHES_IN_WINDOW: 0
SMART_MANUAL_OWNER_ACTIVE: 1
SMART_LAST_REASON: 0
SMART_STATE: 0
SMART_INTENT_MODE: 0
SMART_INTENT_CONFIDENCE: 0.000
SMART_INTENT_WANTS_SWITCH: 0
SMART_SCALAR_PHOTONS: 0.000
SMART_SCALAR_CHROMA: 0.000
SMART_SCALAR_MOOD: 0.000
SMART_AUDIO_NOVELTY: 0.0000
SMART_AUDIO_ENERGY: 0.0000
SMART_EVENT_ID: 0
SMART_EVENT_AGE_MS: 0
SMART_ONSET: 0
SMART_BASS_ONSET: 0
SMART_BEAT_CONFIDENCE: 0.000
}}
#CMD :smart_status
sbr{{
SMART_ASSIST: off
SMART_SWITCHING: off
SMART_DIRECTOR_AUTONOMY: off
SMART_HOOKS: off
SMART_CONFIDENCE_FLOOR: 0.080
SMART_APPLIED_MODE: 3
SMART_LAST_REQUESTED_MODE: 3
SMART_SWITCHES_IN_WINDOW: 0
SMART_MANUAL_OWNER_ACTIVE: 1
SMART_LAST_REASON: 0
SMART_STATE: 0
SMART_INTENT_MODE: 0
SMART_INTENT_CONFIDENCE: 0.000
SMART_INTENT_WANTS_SWITCH: 0
SMART_SCALAR_PHOTONS: 0.000
SMART_SCALAR_CHROMA: 0.000
SMART_SCALAR_MOOD: 0.000
SMART_AUDIO_NOVELTY: 0.0000
SMART_AUDIO_ENERGY: 0.0000
SMART_EVENT_ID: 0
SMART_EVENT_AGE_MS: 0
SMART_ONSET: 0
SMART_BASS_ONSET: 0
SMART_BEAT_CONFIDENCE: 0.000
}}
#CMD :edge_status
sbr{{
EDGE_ENABLED: off
EDGE_MODE: off
EDGE_STRENGTH: 0.000
}}
#CMD :ap_stream=on
sbr{{
AP_STREAM: on
}}
#CMD :smart_status
[AP] SSL=903 DC=-4795 max_raw=751 follower=903 peak_scaled=-0.287 silent_scale=1.000 silence=0 cal_source=config cal_valid=1
sbr{{
SMART_ASSIST: off
SMART_SWITCHING: off
SMART_DIRECTOR_AUTONOMY: off
SMART_HOOKS: off
SMART_CONFIDENCE_FLOOR: 0.080
SMART_APPLIED_MODE: 3
SMART_LAST_REQUESTED_MODE: 3
SMART_SWITCHES_IN_WINDOW: 0
SMART_MANUAL_OWNER_ACTIVE: 1
SMART_LAST_REASON: 0
SMART_STATE: 0
SMART_INTENT_MODE: 0
SMART_INTENT_CONFIDENCE: 0.000
SMART_INTENT_WANTS_SWITCH: 0
SMART_SCALAR_PHOTONS: 0.000
SMART_SCALAR_CHROMA: 0.000
SMART_SCALAR_MOOD: 0.000
SMART_AUDIO_NOVELTY: 0.0000
SMART_AUDIO_ENERGY: 0.0000
SMART_EVENT_ID: 0
SMART_EVENT_AGE_MS: 0
SMART_ONSET: 0
SMART_BASS_ONSET: 0
SMART_BEAT_CONFIDENCE: 0.000
}}
#CMD :edge_status
[AP] SSL=903 DC=-4795 max_raw=895 follower=903 peak_scaled=0.008 silent_scale=1.000 silence=0 cal_source=config cal_valid=1
sbr{{
EDGE_ENABLED: off
EDGE_MODE: off
EDGE_STRENGTH: 0.000
}}
#WAIT ap_stream_music 8.00s
[AP] SSL=903 DC=-4795 max_raw=1219 follower=903 peak_scaled=0.038 silent_scale=1.000 silence=0 cal_source=config cal_valid=1
[AP] SSL=903 DC=-4795 max_raw=840 follower=903 peak_scaled=0.071 silent_scale=1.000 silence=0 cal_source=config cal_valid=1
[AP] SSL=903 DC=-4795 max_raw=1133 follower=903 peak_scaled=0.262 silent_scale=1.000 silence=0 cal_source=config cal_valid=1
[AP] SSL=903 DC=-4795 max_raw=1027 follower=903 peak_scaled=-0.117 silent_scale=1.000 silence=0 cal_source=config cal_valid=1
[AP] SSL=903 DC=-4795 max_raw=900 follower=903 peak_scaled=0.035 silent_scale=1.000 silence=0 cal_source=config cal_valid=1
[AP] SSL=903 DC=-4795 max_raw=1152 follower=903 peak_scaled=0.134 silent_scale=1.000 silence=0 cal_source=config cal_valid=1
[AP] SSL=903 DC=-4795 max_raw=1152 follower=903 peak_scaled=0.174 silent_scale=1.000 silence=0 cal_source=config cal_valid=1
[AP] SSL=903 DC=-4795 max_raw=1269 follower=903 peak_scaled=0.185 silent_scale=1.000 silence=0 cal_source=config cal_valid=1
#CMD :ap_stream=off
[AP] SSL=903 DC=-4795 max_raw=881 follower=903 peak_scaled=-0.057 silent_scale=1.000 silence=0 cal_source=config cal_valid=1
sbr{{
AP_STREAM: off
}}
#CMD :smart_assist=on
sbr{{
SMART_ASSIST: on
SMART_SWITCHING: off
SMART_DIRECTOR_AUTONOMY: off
SMART_HOOKS: off
SMART_CONFIDENCE_FLOOR: 0.080
SMART_APPLIED_MODE: 3
SMART_LAST_REQUESTED_MODE: 3
SMART_SWITCHES_IN_WINDOW: 0
SMART_MANUAL_OWNER_ACTIVE: 1
SMART_LAST_REASON: 0
SMART_STATE: 0
SMART_INTENT_MODE: 0
SMART_INTENT_CONFIDENCE: 0.000
SMART_INTENT_WANTS_SWITCH: 0
SMART_SCALAR_PHOTONS: 0.000
SMART_SCALAR_CHROMA: 0.000
SMART_SCALAR_MOOD: 0.000
SMART_AUDIO_NOVELTY: 0.0000
SMART_AUDIO_ENERGY: 0.0000
SMART_EVENT_ID: 0
SMART_EVENT_AGE_MS: 0
SMART_ONSET: 0
SMART_BASS_ONSET: 0
SMART_BEAT_CONFIDENCE: 0.000
}}
#CMD :smart_hooks=on
sbr{{
SMART_ASSIST: on
SMART_SWITCHING: off
SMART_DIRECTOR_AUTONOMY: off
SMART_HOOKS: on
SMART_CONFIDENCE_FLOOR: 0.080
SMART_APPLIED_MODE: 3
SMART_LAST_REQUESTED_MODE: 3
SMART_SWITCHES_IN_WINDOW: 0
SMART_MANUAL_OWNER_ACTIVE: 1
SMART_LAST_REASON: 0
SMART_STATE: 2
SMART_INTENT_MODE: 8
SMART_INTENT_CONFIDENCE: 0.090
SMART_INTENT_WANTS_SWITCH: 0
SMART_SCALAR_PHOTONS: 1.000
SMART_SCALAR_CHROMA: 1.000
SMART_SCALAR_MOOD: 1.000
SMART_AUDIO_NOVELTY: 0.1066
SMART_AUDIO_ENERGY: 0.1579
SMART_EVENT_ID: 3
SMART_EVENT_AGE_MS: 6
SMART_ONSET: 1
SMART_BASS_ONSET: 0
SMART_BEAT_CONFIDENCE: 0.000
}}
#CMD :smart_switching=on
sbr{{
SMART_ASSIST: on
SMART_SWITCHING: on
SMART_DIRECTOR_AUTONOMY: off
SMART_HOOKS: on
SMART_CONFIDENCE_FLOOR: 0.080
SMART_APPLIED_MODE: 3
SMART_LAST_REQUESTED_MODE: 3
SMART_SWITCHES_IN_WINDOW: 0
SMART_MANUAL_OWNER_ACTIVE: 1
SMART_LAST_REASON: 0
SMART_STATE: 2
SMART_INTENT_MODE: 8
SMART_INTENT_CONFIDENCE: 0.099
SMART_INTENT_WANTS_SWITCH: 0
SMART_SCALAR_PHOTONS: 1.000
SMART_SCALAR_CHROMA: 1.000
SMART_SCALAR_MOOD: 1.000
SMART_AUDIO_NOVELTY: 0.0717
SMART_AUDIO_ENERGY: 0.1404
SMART_EVENT_ID: 5
SMART_EVENT_AGE_MS: 211
SMART_ONSET: 0
SMART_BASS_ONSET: 0
SMART_BEAT_CONFIDENCE: 0.000
}}
#CMD :smart_confidence_floor=0.080
sbr{{
SMART_ASSIST: on
SMART_SWITCHING: on
SMART_DIRECTOR_AUTONOMY: off
SMART_HOOKS: on
SMART_CONFIDENCE_FLOOR: 0.080
SMART_APPLIED_MODE: 3
SMART_LAST_REQUESTED_MODE: 3
SMART_SWITCHES_IN_WINDOW: 0
SMART_MANUAL_OWNER_ACTIVE: 1
SMART_LAST_REASON: 8
SMART_STATE: 2
SMART_INTENT_MODE: 8
SMART_INTENT_CONFIDENCE: 0.095
SMART_INTENT_WANTS_SWITCH: 1
SMART_SCALAR_PHOTONS: 1.000
SMART_SCALAR_CHROMA: 1.000
SMART_SCALAR_MOOD: 1.000
SMART_AUDIO_NOVELTY: 0.0398
SMART_AUDIO_ENERGY: 0.1158
SMART_EVENT_ID: 6
SMART_EVENT_AGE_MS: 344
SMART_ONSET: 0
SMART_BASS_ONSET: 0
SMART_BEAT_CONFIDENCE: 0.000
}}
#CMD :edge_mode=complementary
sbr{{
EDGE_ENABLED: off
EDGE_MODE: complementary
EDGE_STRENGTH: 0.000
}}
#CMD :edge_strength=0.350
sbr{{
EDGE_ENABLED: off
EDGE_MODE: complementary
EDGE_STRENGTH: 0.350
}}
#CMD :edge_enabled=on
sbr{{
EDGE_ENABLED: on
EDGE_MODE: complementary
EDGE_STRENGTH: 0.350
}}
#WAIT smart_music 30.00s
#CMD :smart_status
sbr{{
SMART_ASSIST: on
SMART_SWITCHING: on
SMART_DIRECTOR_AUTONOMY: off
SMART_HOOKS: on
SMART_CONFIDENCE_FLOOR: 0.080
SMART_APPLIED_MODE: 8
SMART_LAST_REQUESTED_MODE: 8
SMART_SWITCHES_IN_WINDOW: 1
SMART_MANUAL_OWNER_ACTIVE: 0
SMART_LAST_REASON: 0
SMART_STATE: 1
SMART_INTENT_MODE: 3
SMART_INTENT_CONFIDENCE: 0.074
SMART_INTENT_WANTS_SWITCH: 0
SMART_SCALAR_PHOTONS: 0.860
SMART_SCALAR_CHROMA: 0.920
SMART_SCALAR_MOOD: 1.000
SMART_AUDIO_NOVELTY: 0.0632
SMART_AUDIO_ENERGY: 0.0678
SMART_EVENT_ID: 101
SMART_EVENT_AGE_MS: 330
SMART_ONSET: 0
SMART_BASS_ONSET: 0
SMART_BEAT_CONFIDENCE: 0.000
}}
#CMD :edge_status
sbr{{
EDGE_ENABLED: on
EDGE_MODE: complementary
EDGE_STRENGTH: 0.350
}}
#CMD :ap_stream=off
sbr{{
AP_STREAM: off
}}
#RESTORE safe_runtime_state
#CMD :ap_stream=off
sbr{{
AP_STREAM: off
}}
#CMD :vp_stream=off
sbr{{
VP_STREAM: off
}}
#CMD :vpab=stop
sberr[[
Bad command: vpab=stop
]]
#CMD :vp_perf=stop
sbr{{
VP_PERF: disabled (compile with ENABLE_VP_PERF_AUDIT=1)
}}
#CMD :set_mode=3
sbr{{
CONFIG.LIGHTSHOW_MODE: 3
}}
#CMD :mood=0.250
sbr{{
CONFIG.MOOD: 0.250000
}}
#CMD :palette_mode=on
sbr{{
PALETTE_MODE: on
}}
#CMD :palette_index=29
sbr{{
PALETTE: 29 (BlacK_Blue_Magenta_White_gp)
}}
#CMD :secondary_enabled=true
sbr{{
SECONDARY_ENABLED: 1
}}
#CMD :secondary_control=false
sbr{{
SECONDARY_CONTROL: DISABLED (encoders control primary channel)
}}
#CMD :secondary_mode=7
sbr{{
SECONDARY_MODE: 7 (WAVEFORM-FAST)
}}
#CMD :secondary_palette_mode=true
sbr{{
SECONDARY_PALETTE_MODE_ENABLED: true
}}
#CMD :secondary_palette_index=24
sbr{{
SECONDARY_PALETTE_INDEX: 24 (fire_gp)
}}
#CMD :edge_enabled=off
sbr{{
EDGE_ENABLED: off
EDGE_MODE: complementary
EDGE_STRENGTH: 0.350
}}
#CMD :edge_mode=off
sbr{{
EDGE_ENABLED: off
EDGE_MODE: off
EDGE_STRENGTH: 0.350
}}
#CMD :edge_strength=0
sbr{{
EDGE_ENABLED: off
EDGE_MODE: off
EDGE_STRENGTH: 0.000
}}
#CMD :smart_hooks=off
sbr{{
SMART_ASSIST: on
SMART_SWITCHING: on
SMART_DIRECTOR_AUTONOMY: off
SMART_HOOKS: off
SMART_CONFIDENCE_FLOOR: 0.080
SMART_APPLIED_MODE: 3
SMART_LAST_REQUESTED_MODE: 8
SMART_SWITCHES_IN_WINDOW: 1
SMART_MANUAL_OWNER_ACTIVE: 1
SMART_LAST_REASON: 8
SMART_STATE: 2
SMART_INTENT_MODE: 8
SMART_INTENT_CONFIDENCE: 0.099
SMART_INTENT_WANTS_SWITCH: 1
SMART_SCALAR_PHOTONS: 1.000
SMART_SCALAR_CHROMA: 1.000
SMART_SCALAR_MOOD: 1.000
SMART_AUDIO_NOVELTY: 0.1299
SMART_AUDIO_ENERGY: 0.1422
SMART_EVENT_ID: 145
SMART_EVENT_AGE_MS: 17
SMART_ONSET: 1
SMART_BASS_ONSET: 0
SMART_BEAT_CONFIDENCE: 0.000
}}
#CMD :smart_switching=off
sbr{{
SMART_ASSIST: on
SMART_SWITCHING: off
SMART_DIRECTOR_AUTONOMY: off
SMART_HOOKS: off
SMART_CONFIDENCE_FLOOR: 0.080
SMART_APPLIED_MODE: 3
SMART_LAST_REQUESTED_MODE: 3
SMART_SWITCHES_IN_WINDOW: 0
SMART_MANUAL_OWNER_ACTIVE: 1
SMART_LAST_REASON: 0
SMART_STATE: 2
SMART_INTENT_MODE: 8
SMART_INTENT_CONFIDENCE: 0.103
SMART_INTENT_WANTS_SWITCH: 1
SMART_SCALAR_PHOTONS: 1.000
SMART_SCALAR_CHROMA: 1.000
SMART_SCALAR_MOOD: 1.000
SMART_AUDIO_NOVELTY: 0.1889
SMART_AUDIO_ENERGY: 0.1864
SMART_EVENT_ID: 147
SMART_EVENT_AGE_MS: 70
SMART_ONSET: 1
SMART_BASS_ONSET: 0
SMART_BEAT_CONFIDENCE: 0.000
}}
#CMD :smart_assist=off
sbr{{
SMART_ASSIST: off
SMART_SWITCHING: off
SMART_DIRECTOR_AUTONOMY: off
SMART_HOOKS: off
SMART_CONFIDENCE_FLOOR: 0.080
SMART_APPLIED_MODE: 3
SMART_LAST_REQUESTED_MODE: 3
SMART_SWITCHES_IN_WINDOW: 0
SMART_MANUAL_OWNER_ACTIVE: 1
SMART_LAST_REASON: 0
SMART_STATE: 1
SMART_INTENT_MODE: 3
SMART_INTENT_CONFIDENCE: 0.093
SMART_INTENT_WANTS_SWITCH: 0
SMART_SCALAR_PHOTONS: 0.860
SMART_SCALAR_CHROMA: 0.920
SMART_SCALAR_MOOD: 1.000
SMART_AUDIO_NOVELTY: 0.0179
SMART_AUDIO_ENERGY: 0.0224
SMART_EVENT_ID: 149
SMART_EVENT_AGE_MS: 98
SMART_ONSET: 0
SMART_BASS_ONSET: 0
SMART_BEAT_CONFIDENCE: 0.000
}}
#CMD :smart_confidence_floor=0.080
sbr{{
SMART_ASSIST: off
SMART_SWITCHING: off
SMART_DIRECTOR_AUTONOMY: off
SMART_HOOKS: off
SMART_CONFIDENCE_FLOOR: 0.080
SMART_APPLIED_MODE: 3
SMART_LAST_REQUESTED_MODE: 3
SMART_SWITCHES_IN_WINDOW: 0
SMART_MANUAL_OWNER_ACTIVE: 1
SMART_LAST_REASON: 0
SMART_STATE: 1
SMART_INTENT_MODE: 3
SMART_INTENT_CONFIDENCE: 0.093
SMART_INTENT_WANTS_SWITCH: 0
SMART_SCALAR_PHOTONS: 0.860
SMART_SCALAR_CHROMA: 0.920
SMART_SCALAR_MOOD: 1.000
SMART_AUDIO_NOVELTY: 0.0179
SMART_AUDIO_ENERGY: 0.0224
SMART_EVENT_ID: 149
SMART_EVENT_AGE_MS: 98
SMART_ONSET: 0
SMART_BASS_ONSET: 0
SMART_BEAT_CONFIDENCE: 0.000
}}
#CMD :smart_status
sbr{{
SMART_ASSIST: off
SMART_SWITCHING: off
SMART_DIRECTOR_AUTONOMY: off
SMART_HOOKS: off
SMART_CONFIDENCE_FLOOR: 0.080
SMART_APPLIED_MODE: 3
SMART_LAST_REQUESTED_MODE: 3
SMART_SWITCHES_IN_WINDOW: 0
SMART_MANUAL_OWNER_ACTIVE: 1
SMART_LAST_REASON: 0
SMART_STATE: 1
SMART_INTENT_MODE: 3
SMART_INTENT_CONFIDENCE: 0.093
SMART_INTENT_WANTS_SWITCH: 0
SMART_SCALAR_PHOTONS: 0.860
SMART_SCALAR_CHROMA: 0.920
SMART_SCALAR_MOOD: 1.000
SMART_AUDIO_NOVELTY: 0.0179
SMART_AUDIO_ENERGY: 0.0224
SMART_EVENT_ID: 149
SMART_EVENT_AGE_MS: 98
SMART_ONSET: 0
SMART_BASS_ONSET: 0
SMART_BEAT_CONFIDENCE: 0.000
}}
#CMD :edge_status
sbr{{
EDGE_ENABLED: off
EDGE_MODE: off
EDGE_STRENGTH: 0.000
}}
