[1781095645.400] #DEVICE role=bench-reference name=bench-12201 port=/dev/cu.usbmodem12201 expected_chip_id=B489A500 env=k1_bench_reference
[1781095645.400] >>> :version
[1781095645.407] sbr{{
[1781095645.407] VERSION: 40103
[1781095645.407] }}
[1781095646.206] >>> :chip_id
[1781095646.218] sbr{{
[1781095646.218] B489A500
[1781095646.218] }}
[1781095647.461] >>> :stop
[1781095647.477] SBOK
[1781095648.367] >>> :vp_stream=off
[1781095648.378] sbr{{
[1781095648.378] VP_STREAM: off
[1781095648.378] }}
[1781095649.272] >>> :ap_stream=off
[1781095649.276] sbr{{
[1781095649.276] AP_STREAM: off
[1781095649.276] }}
[1781095650.178] >>> :set_mode=18
[1781095650.184] sbr{{
[1781095650.185] CONFIG.LIGHTSHOW_MODE: 18
[1781095650.185] }}
[1781095651.084] >>> :smart_scene=off
[1781095651.092] sbr{{
[1781095651.092] SMART_ASSIST: off
[1781095651.092] SMART_SWITCHING: off
[1781095651.092] SMART_DIRECTOR_AUTONOMY: off
[1781095651.092] SMART_HOOKS: off
[1781095651.092] SMART_CONFIDENCE_FLOOR: 0.080
[1781095651.092] SMART_APPLIED_MODE: 18
[1781095651.092] SMART_LAST_REQUESTED_MODE: 18
[1781095651.092] SMART_SWITCHES_IN_WINDOW: 0
[1781095651.092] SMART_MANUAL_OWNER_ACTIVE: 0
[1781095651.092] SMART_LAST_REASON: 0
[1781095651.092] SMART_STATE: 2
[1781095651.092] SMART_INTENT_MODE: 14
[1781095651.092] SMART_INTENT_CONFIDENCE: 0.110
[1781095651.092] SMART_INTENT_WANTS_SWITCH: 1
[1781095651.093] SMART_SCALAR_PHOTONS: 1.000
[1781095651.093] SMART_SCALAR_CHROMA: 1.000
[1781095651.094] SMART_SCALAR_MOOD: 1.000
[1781095651.094] SMART_SCALAR_SATURATION: 1.000
[1781095651.094] SMART_PALETTE_OVERLAY: 0
[1781095651.094] SMART_PALETTE_INDEX: 29
[1781095651.094] SMART_AUTO_COLOUR_SHIFT: 0
[1781095651.094] SMART_MIN_DWELL_MS: 8000
[1781095651.094] SMART_COOLDOWN_MS: 20000
[1781095651.094] SMART_SWITCH_WINDOW_MS: 60000
[1781095651.094] SMART_MAX_SWITCHES: 2
[1781095651.094] SMART_AUDIO_NOVELTY: 0.0840
[1781095651.094] SMART_AUDIO_ENERGY: 0.1746
[1781095651.094] SMART_EVENT_ID: 1423
[1781095651.094] SMART_EVENT_AGE_MS: 346
[1781095651.094] SMART_ONSET: 0
[1781095651.094] SMART_BASS_ONSET: 0
[1781095651.094] SMART_BEAT_CONFIDENCE: 1.000
[1781095651.095] }}
[1781095651.095] sbr{{
[1781095651.095] EDGE_ENABLED: off
[1781095651.095] EDGE_MODE: off
[1781095651.095] EDGE_STRENGTH: 0.000
[1781095651.095] }}
[1781095651.992] >>> :dump
[1781095652.001] sbr{{
[1781095652.001] FIRMWARE_VERSION: 40103
[1781095652.001] CHIP ID: B489A500
[1781095652.001] noise_button.pressed: 0
[1781095652.001] noise_button.last_down: 0
[1781095652.001] noise_button.last_up: 0
[1781095652.001] noise_button.pin: 255
[1781095652.001] mode_button.pressed: 0
[1781095652.001] mode_button.last_down: 0
[1781095652.001] mode_button.last_up: 0
[1781095652.001] mode_button.pin: 255
[1781095652.001] CONFIG.PHOTONS: 1.000000
[1781095652.001] CONFIG.CHROMA: 0.100000
[1781095652.002] CONFIG.MOOD: 0.550000
[1781095652.002] CONFIG.LIGHTSHOW_MODE: 18
[1781095652.002] CONFIG.MIRROR_ENABLED: 1
[1781095652.002] CONFIG.CHROMAGRAM_RANGE: 60
[1781095652.002] CONFIG.SAMPLE_RATE: 12800
[1781095652.002] CONFIG.NOTE_OFFSET: 12
[1781095652.002] CONFIG.SQUARE_ITER: 1.00
[1781095652.002] CONFIG.LED_TYPE: 0
[1781095652.002] CONFIG.LED_COUNT: 160
[1781095652.002] CONFIG.LED_COLOR_ORDER: 66
[1781095652.002] CONFIG.SAMPLES_PER_CHUNK: 96
[1781095652.003] CONFIG.SENSITIVITY: 2.400000
[1781095652.003] CONFIG.BOOT_ANIMATION: 1
[1781095652.003] CONFIG.SWEET_SPOT_MIN_LEVEL: 479
[1781095652.003] CONFIG.SWEET_SPOT_MAX_LEVEL: 30000
[1781095652.003] CONFIG.DC_OFFSET: -900
[1781095652.003] CAL_SOURCE: config
[1781095652.003] CAL_VALID: 1
[1781095652.003] CAL_PROFILE_LOADED: 0
[1781095652.003] CONFIG.STANDBY_DIMMING: 0
[1781095652.003] CONFIG.REVERSE_ORDER: 0
[1781095652.003] CONFIG.MAX_CURRENT_MA: 1500
[1781095652.003] CONFIG.TEMPORAL_DITHERING: 1
[1781095652.004] CONFIG.AUTO_COLOR_SHIFT: 1
[1781095652.005] CONFIG.INCANDESCENT_FILTER: 0.00
[1781095652.005] CONFIG.INCANDESCENT_MODE: 0
[1781095652.005] CONFIG.BULB_OPACITY: 0.00
[1781095652.005] CONFIG.SATURATION: 1.00
[1781095652.005] CONFIG.PRISM_COUNT: 1.00
[1781095652.005] CONFIG.BASE_COAT: 0
[1781095652.006] CONFIG.BASE_COAT_INTENSITY: 0.000
[1781095652.006] MASTER_BRIGHTNESS: 1.00
[1781095652.007] stream_audio: 0
[1781095652.007] stream_fps: 0
[1781095652.007] stream_max_mags: 0
[1781095652.007] stream_max_mags_followers: 0
[1781095652.007] stream_magnitudes: 0
[1781095652.007] stream_spectrogram: 0
[1781095652.007] stream_chromagram: 0
[1781095652.007] debug_mode: 0
[1781095652.007] noise_complete: 1
[1781095652.007] noise_iterations: 0
[1781095652.007] next_save_time: 1033384
[1781095652.007] settings_updated: 1
[1781095652.007] I2S_PORT: 0
[1781095652.007] SAMPLE_HISTORY_LENGTH: 4096
[1781095652.007] silence: 0
[1781095652.007] mode_destination: -1
[1781095652.007] SYSTEM_FPS: 139.58
[1781095652.007] LED_FPS: 174.83
[1781095652.007] }}
[1781095652.900] >>> :smart_status
[1781095652.905] sbr{{
[1781095652.905] SMART_ASSIST: off
[1781095652.905] SMART_SWITCHING: off
[1781095652.905] SMART_DIRECTOR_AUTONOMY: off
[1781095652.905] SMART_HOOKS: off
[1781095652.905] SMART_CONFIDENCE_FLOOR: 0.080
[1781095652.905] SMART_APPLIED_MODE: 18
[1781095652.905] SMART_LAST_REQUESTED_MODE: 18
[1781095652.905] SMART_SWITCHES_IN_WINDOW: 0
[1781095652.905] SMART_MANUAL_OWNER_ACTIVE: 0
[1781095652.905] SMART_LAST_REASON: 0
[1781095652.905] SMART_STATE: 2
[1781095652.906] SMART_INTENT_MODE: 14
[1781095652.906] SMART_INTENT_CONFIDENCE: 0.110
[1781095652.907] SMART_INTENT_WANTS_SWITCH: 1
[1781095652.907] SMART_SCALAR_PHOTONS: 1.000
[1781095652.907] SMART_SCALAR_CHROMA: 1.000
[1781095652.907] SMART_SCALAR_MOOD: 1.000
[1781095652.907] SMART_SCALAR_SATURATION: 1.000
[1781095652.907] SMART_PALETTE_OVERLAY: 0
[1781095652.907] SMART_PALETTE_INDEX: 29
[1781095652.908] SMART_AUTO_COLOUR_SHIFT: 0
[1781095652.908] SMART_MIN_DWELL_MS: 8000
[1781095652.908] SMART_COOLDOWN_MS: 20000
[1781095652.908] SMART_SWITCH_WINDOW_MS: 60000
[1781095652.908] SMART_MAX_SWITCHES: 2
[1781095652.908] SMART_AUDIO_NOVELTY: 0.0511
[1781095652.908] SMART_AUDIO_ENERGY: 0.1181
[1781095652.908] SMART_EVENT_ID: 1426
[1781095652.908] SMART_EVENT_AGE_MS: 268
[1781095652.908] SMART_ONSET: 0
[1781095652.909] SMART_BASS_ONSET: 0
[1781095652.910] SMART_BEAT_CONFIDENCE: 0.000
[1781095652.910] }}
[1781095653.807] >>> :vp_status
[1781095653.811] sbr{{
[1781095653.811] VP_PROFILE: candidate
[1781095653.811] VP_FIXES: agc_soft=on chroma_gate=on prism_off=on bloom_decay=off hsv_source_sat=on secondary_clean=on
[1781095653.811] VP_STREAM: off
[1781095653.811] AP_STREAM: off
[1781095653.812] VP_BLOOM: alpha=0.9900 shift=1.0000 force_sat=on
[1781095653.813] VP_WAVEFORM: idle_fade=0.9850 raw_margin=1.1000 peak_floor=0.0800 active_fade=0.0400 blend_gain=2.0000 fallback=1.0000 vu_floor=0.0200 shift_rate=120.0000
[1781095653.817] VP_CHROMA: seq=180256 range=60 profile=0 gate_gain=0.9939 pre_max=0.4837 pre_mean=0.3352 norm_max=0.9084 norm_mean=0.6296 flatness=0.2788 final_max=0.8035 final_mean=0.5264
[1781095653.817] VP_AGC: gain=0.3229 envelope=0.7867 floor=0.0010 gated=false
[1781095653.817] VP_RENDER_US: last=2194 avg=2164 max=4375
[1781095653.817] }}
[1781095654.712] >>> :vp_perf=status
[1781095654.721] sbr{{
[1781095654.721] VP_PERF: disabled (compile with ENABLE_VP_PERF_AUDIT=1)
[1781095654.721] }}
[1781095655.464] >>> :ap_stream=on
[1781095655.470] sbr{{
[1781095655.470] AP_STREAM: on
[1781095655.470] }}
[1781095655.472] [AP] SSL=479 DC=-900 max_raw=1077 follower=1832 peak_scaled=0.289 silent_scale=1.000 silence=0 cal_source=config cal_valid=1
[1781095656.067] >>> :vp_stream=on
[1781095656.070] sbr{{
[1781095656.070] VP_STREAM: on
[1781095656.070] }}
[1781095656.079] [VP] profile=candidate fix=111011 chroma_seq=180650 chroma_flatness=0.4804 chroma_norm_max=0.7911 chroma_norm_mean=0.3107 chroma_final_max=0.6911 chroma_final_mean=0.2138 agc_gain=0.3230 bloom_alpha=0.9900 bloom_shift=1.0000 wave_idle=0.9850 wave_raw_margin=1.1000 wave_peak_floor=0.0800 wave_vu_floor=0.0200 wave_shift=120.0000 render_us=2155 render_avg=2070 render_max=5603
[1781095656.478] [AP] SSL=479 DC=-900 max_raw=399 follower=1796 peak_scaled=0.029 silent_scale=1.000 silence=0 cal_source=config cal_valid=1
[1781095656.673] >>> :vp_perf=reset
[1781095656.684] sbr{{
[1781095656.684] VP_PERF: disabled (compile with ENABLE_VP_PERF_AUDIT=1)
[1781095656.684] }}
[1781095657.086] [VP] profile=candidate fix=111011 chroma_seq=180827 chroma_flatness=0.2106 chroma_norm_max=0.9192 chroma_norm_mean=0.7240 chroma_final_max=0.4718 chroma_final_mean=0.3594 agc_gain=0.3447 bloom_alpha=0.9900 bloom_shift=1.0000 wave_idle=0.9850 wave_raw_margin=1.1000 wave_peak_floor=0.0800 wave_vu_floor=0.0200 wave_shift=120.0000 render_us=2157 render_avg=1956 render_max=5603
[1781095657.280] >>> :vp_perf=start
[1781095657.285] sbr{{
[1781095657.285] VP_PERF: disabled (compile with ENABLE_VP_PERF_AUDIT=1)
[1781095657.285] }}
[1781095657.483] [AP] SSL=479 DC=-900 max_raw=651 follower=1862 peak_scaled=0.136 silent_scale=1.000 silence=0 cal_source=config cal_valid=1
[1781095657.886] >>> :smart_status
[1781095657.888] sbr{{
[1781095657.888] SMART_ASSIST: off
[1781095657.888] SMART_SWITCHING: off
[1781095657.888] SMART_DIRECTOR_AUTONOMY: off
[1781095657.888] SMART_HOOKS: off
[1781095657.888] SMART_CONFIDENCE_FLOOR: 0.080
[1781095657.888] SMART_APPLIED_MODE: 18
[1781095657.888] SMART_LAST_REQUESTED_MODE: 18
[1781095657.888] SMART_SWITCHES_IN_WINDOW: 0
[1781095657.888] SMART_MANUAL_OWNER_ACTIVE: 0
[1781095657.889] SMART_LAST_REASON: 0
[1781095657.889] SMART_STATE: 2
[1781095657.889] SMART_INTENT_MODE: 14
[1781095657.889] SMART_INTENT_CONFIDENCE: 0.110
[1781095657.889] SMART_INTENT_WANTS_SWITCH: 1
[1781095657.889] SMART_SCALAR_PHOTONS: 1.000
[1781095657.890] SMART_SCALAR_CHROMA: 1.000
[1781095657.890] SMART_SCALAR_MOOD: 1.000
[1781095657.890] SMART_SCALAR_SATURATION: 1.000
[1781095657.890] SMART_PALETTE_OVERLAY: 0
[1781095657.890] SMART_PALETTE_INDEX: 29
[1781095657.890] SMART_AUTO_COLOUR_SHIFT: 0
[1781095657.890] SMART_MIN_DWELL_MS: 8000
[1781095657.890] SMART_COOLDOWN_MS: 20000
[1781095657.890] SMART_SWITCH_WINDOW_MS: 60000
[1781095657.890] SMART_MAX_SWITCHES: 2
[1781095657.892] SMART_AUDIO_NOVELTY: 0.0748
[1781095657.892] SMART_AUDIO_ENERGY: 0.2161
[1781095657.892] SMART_EVENT_ID: 1437
[1781095657.892] SMART_EVENT_AGE_MS: 99
[1781095657.892] SMART_ONSET: 0
[1781095657.892] SMART_BASS_ONSET: 0
[1781095657.892] SMART_BEAT_CONFIDENCE: 0.000
[1781095657.892] }}
[1781095658.090] [VP] profile=candidate fix=111011 chroma_seq=181003 chroma_flatness=0.5058 chroma_norm_max=0.9129 chroma_norm_mean=0.4071 chroma_final_max=0.8129 chroma_final_mean=0.3071 agc_gain=0.3187 bloom_alpha=0.9900 bloom_shift=1.0000 wave_idle=0.9850 wave_raw_margin=1.1000 wave_peak_floor=0.0800 wave_vu_floor=0.0200 wave_shift=120.0000 render_us=2095 render_avg=2081 render_max=5603
[1781095659.091] [AP] SSL=479 DC=-900 max_raw=1533 follower=1975 peak_scaled=0.412 silent_scale=1.000 silence=0 cal_source=config cal_valid=1
[1781095659.094] [VP] profile=candidate fix=111011 chroma_seq=181179 chroma_flatness=0.5345 chroma_norm_max=1.0197 chroma_norm_mean=0.4852 chroma_final_max=0.9197 chroma_final_mean=0.3852 agc_gain=0.4805 bloom_alpha=0.9900 bloom_shift=1.0000 wave_idle=0.9850 wave_raw_margin=1.1000 wave_peak_floor=0.0800 wave_vu_floor=0.0200 wave_shift=120.0000 render_us=2213 render_avg=1949 render_max=5603
[1781095659.493] [AP] SSL=479 DC=-900 max_raw=202 follower=1326 peak_scaled=-0.097 silent_scale=1.000 silence=0 cal_source=config cal_valid=1
[1781095660.102] [VP] profile=candidate fix=111011 chroma_seq=181354 chroma_flatness=0.7198 chroma_norm_max=1.1326 chroma_norm_mean=0.4128 chroma_final_max=1.0000 chroma_final_mean=0.3128 agc_gain=0.7512 bloom_alpha=0.9900 bloom_shift=1.0000 wave_idle=0.9850 wave_raw_margin=1.1000 wave_peak_floor=0.0800 wave_vu_floor=0.0200 wave_shift=120.0000 render_us=2210 render_avg=2060 render_max=5603
[1781095661.101] [AP] SSL=479 DC=-900 max_raw=688 follower=1376 peak_scaled=0.258 silent_scale=1.000 silence=0 cal_source=config cal_valid=1
[1781095661.103] [VP] profile=candidate fix=111011 chroma_seq=181528 chroma_flatness=0.4466 chroma_norm_max=0.8573 chroma_norm_mean=0.4106 chroma_final_max=0.7573 chroma_final_mean=0.3106 agc_gain=0.6944 bloom_alpha=0.9900 bloom_shift=1.0000 wave_idle=0.9850 wave_raw_margin=1.1000 wave_peak_floor=0.0800 wave_vu_floor=0.0200 wave_shift=120.0000 render_us=2243 render_avg=2195 render_max=5603
[1781095661.511] [AP] SSL=479 DC=-900 max_raw=802 follower=1245 peak_scaled=0.284 silent_scale=1.000 silence=0 cal_source=config cal_valid=1
[1781095662.109] [VP] profile=candidate fix=111011 chroma_seq=181704 chroma_flatness=0.5549 chroma_norm_max=0.6911 chroma_norm_mean=0.1362 chroma_final_max=0.6042 chroma_final_mean=0.0936 agc_gain=0.9575 bloom_alpha=0.9900 bloom_shift=1.0000 wave_idle=0.9850 wave_raw_margin=1.1000 wave_peak_floor=0.0800 wave_vu_floor=0.0200 wave_shift=120.0000 render_us=2150 render_avg=2043 render_max=5603
[1781095662.517] [AP] SSL=479 DC=-900 max_raw=716 follower=1612 peak_scaled=0.384 silent_scale=1.000 silence=0 cal_source=config cal_valid=1
[1781095663.112] [VP] profile=candidate fix=111011 chroma_seq=181881 chroma_flatness=0.4053 chroma_norm_max=0.9125 chroma_norm_mean=0.5072 chroma_final_max=0.8125 chroma_final_mean=0.4072 agc_gain=0.5042 bloom_alpha=0.9900 bloom_shift=1.0000 wave_idle=0.9850 wave_raw_margin=1.1000 wave_peak_floor=0.0800 wave_vu_floor=0.0200 wave_shift=120.0000 render_us=2267 render_avg=2122 render_max=5603
[1781095663.255] >>> :smart_status
[1781095663.257] sbr{{
[1781095663.257] SMART_ASSIST: off
[1781095663.257] SMART_SWITCHING: off
[1781095663.257] SMART_DIRECTOR_AUTONOMY: off
[1781095663.257] SMART_HOOKS: off
[1781095663.257] SMART_CONFIDENCE_FLOOR: 0.080
[1781095663.257] SMART_APPLIED_MODE: 18
[1781095663.257] SMART_LAST_REQUESTED_MODE: 18
[1781095663.257] SMART_SWITCHES_IN_WINDOW: 0
[1781095663.257] SMART_MANUAL_OWNER_ACTIVE: 0
[1781095663.258] SMART_LAST_REASON: 0
[1781095663.258] SMART_STATE: 2
[1781095663.258] SMART_INTENT_MODE: 14
[1781095663.258] SMART_INTENT_CONFIDENCE: 0.110
[1781095663.258] SMART_INTENT_WANTS_SWITCH: 1
[1781095663.258] SMART_SCALAR_PHOTONS: 1.000
[1781095663.258] SMART_SCALAR_CHROMA: 1.000
[1781095663.258] SMART_SCALAR_MOOD: 1.000
[1781095663.259] SMART_SCALAR_SATURATION: 1.000
[1781095663.259] SMART_PALETTE_OVERLAY: 0
[1781095663.259] SMART_PALETTE_INDEX: 29
[1781095663.259] SMART_AUTO_COLOUR_SHIFT: 0
[1781095663.259] SMART_MIN_DWELL_MS: 8000
[1781095663.259] SMART_COOLDOWN_MS: 20000
[1781095663.259] SMART_SWITCH_WINDOW_MS: 60000
[1781095663.259] SMART_MAX_SWITCHES: 2
[1781095663.259] SMART_AUDIO_NOVELTY: 0.0697
[1781095663.259] SMART_AUDIO_ENERGY: 0.1664
[1781095663.259] SMART_EVENT_ID: 1445
[1781095663.259] SMART_EVENT_AGE_MS: 374
[1781095663.260] SMART_ONSET: 0
[1781095663.260] SMART_BASS_ONSET: 0
[1781095663.261] SMART_BEAT_CONFIDENCE: 0.000
[1781095663.261] }}
[1781095663.523] [AP] SSL=479 DC=-900 max_raw=950 follower=1541 peak_scaled=0.514 silent_scale=1.000 silence=0 cal_source=config cal_valid=1
[1781095664.114] [VP] profile=candidate fix=111011 chroma_seq=182056 chroma_flatness=0.2605 chroma_norm_max=0.5086 chroma_norm_mean=0.2481 chroma_final_max=0.3689 chroma_final_mean=0.1337 agc_gain=0.1990 bloom_alpha=0.9900 bloom_shift=1.0000 wave_idle=0.9850 wave_raw_margin=1.1000 wave_peak_floor=0.0800 wave_vu_floor=0.0200 wave_shift=120.0000 render_us=2260 render_avg=2099 render_max=5603
[1781095664.526] [AP] SSL=479 DC=-900 max_raw=900 follower=2880 peak_scaled=0.279 silent_scale=1.000 silence=0 cal_source=config cal_valid=1
[1781095665.117] [VP] profile=candidate fix=111011 chroma_seq=182233 chroma_flatness=0.2870 chroma_norm_max=0.5334 chroma_norm_mean=0.2464 chroma_final_max=0.4334 chroma_final_mean=0.1476 agc_gain=0.4026 bloom_alpha=0.9900 bloom_shift=1.0000 wave_idle=0.9850 wave_raw_margin=1.1000 wave_peak_floor=0.0800 wave_vu_floor=0.0200 wave_shift=120.0000 render_us=2098 render_avg=1873 render_max=5603
[1781095665.531] [AP] SSL=479 DC=-900 max_raw=1010 follower=7420 peak_scaled=0.756 silent_scale=1.000 silence=0 cal_source=config cal_valid=1
[1781095665.773] #READ_ERROR SerialException: read failed: [Errno 6] Device not configured
[1781095668.270] >>> :smart_status
[1781095668.942] >>> :ap_stream=off
[1781095668.942] #SHUTDOWN_ERROR write failed: [Errno 6] Device not configured
