[1781486524.103] #DEVICE role=main-k1 name=main-1401 port=/dev/cu.usbmodem12201 expected_chip_id=F887A500 env=k1_hardware
[1781486524.104] >>> :version
[1781486524.104] .40 | onset=0 bass=0 ostr=0.00
[1781486524.104] [AP] SSL=176 DC=-4698 max_raw=536 follower=2601 peak_scaled=0.520 response_gain=3.000 silent_scale=1.000 silence=0 cal_source=config cal_valid=1 cal_reason=none | bpm=115.0 conf=0.28 lock=0 phase=0.03 beat=0 bstr=0.43 | onset=1 bass=0 ostr=0.00
[1781486524.104] [AP] SSL=176 DC=-4698 max_raw=757 follower=1921 peak_scaled=0.850 response_gain=3.000 silent_scale=1.000 silence=0 cal_source=config cal_valid=1 cal_reason=none | bpm=115.0 conf=0.17 lock=0 phase=0.93 beat=0 bstr=0.45 | onset=0 bass=0 ostr=0.00
[1781486524.105] [AP] SSL=176 DC=-4698 max_raw=555 follower=1606 peak_scaled=0.805 response_gain=3.000 silent_scale=1.000 silence=0 cal_source=config cal_valid=1 cal_reason=none | bpm=115.0 conf=0.14 lock=0 phase=0.86 beat=0 bstr=0.37 | onset=0 bass=0 ostr=0.00
[1781486524.105] [AP] SSL=176 DC=-4698 max_raw=474 follower=1415 peak_scaled=0.799 response_gain=3.000 silent_scale=1.000 silence=0 cal_source=config cal_valid=1 cal_reason=none | bpm=115.0 conf=0.15 lock=0 phase=0.81 beat=0 bstr=0.25 | onset=0 bass=0 ostr=0.00
[1781486524.106] [AP] SSL=176 DC=-4698 max_raw=601 follower=1379 peak_scaled=0.921 response_gain=3.000 silent_scale=1.000 silence=0 cal_source=config cal_valid=1 cal_reason=none | bpm=115.0 conf=0.16 lock=0 phase=0.71 beat=0 bstr=0.13 | onset=0 bass=0 ostr=0.00
[1781486524.106] [AP] SSL=176 DC=-4698 max_raw=404 follower=1231 peak_scaled=0.766 response_gain=3.000 silent_scale=1.000 silence=0 cal_source=config cal_valid=1 cal_reason=none | bpm=115.0 conf=0.16 lock=0 phase=0.64 beat=0 bstr=0.08 | onset=1 bass=0 ostr=0.00
[1781486524.125] sbr{{
[1781486524.125] VERSION: 40103
[1781486524.125] }}
[1781486524.148] [AP] SSL=176 DC=-4698 max_raw=510 follower=1143 peak_scaled=0.865 response_gain=3.000 silent_scale=1.000 silence=0 cal_source=config cal_valid=1 cal_reason=none | bpm=115.0 conf=0.16 lock=0 phase=0.59 beat=0 bstr=0.06 | onset=0 bass=0 ostr=0.00
[1781486524.910] >>> :chip_id
[1781486524.911] sbr{{
[1781486524.911] F887A500
[1781486524.911] }}
[1781486525.151] [AP] SSL=176 DC=-4698 max_raw=459 follower=1077 peak_scaled=0.887 response_gain=3.000 silent_scale=1.000 silence=0 cal_source=config cal_valid=1 cal_reason=none | bpm=115.0 conf=0.16 lock=0 phase=0.49 beat=0 bstr=0.04 | onset=0 bass=0 ostr=0.00
[1781486526.157] [AP] SSL=176 DC=-4698 max_raw=394 follower=1040 peak_scaled=0.733 response_gain=3.000 silent_scale=1.000 silence=0 cal_source=config cal_valid=1 cal_reason=none | bpm=115.0 conf=0.12 lock=0 phase=0.42 beat=0 bstr=0.03 | onset=0 bass=0 ostr=0.00
[1781486527.163] [AP] SSL=176 DC=-4698 max_raw=459 follower=982 peak_scaled=0.883 response_gain=3.000 silent_scale=1.000 silence=0 cal_source=config cal_valid=1 cal_reason=none | bpm=105.0 conf=0.00 lock=0 phase=0.36 beat=0 bstr=0.04 | onset=1 bass=0 ostr=0.00
[1781486528.168] [AP] SSL=176 DC=-4698 max_raw=354 follower=957 peak_scaled=0.631 response_gain=3.000 silent_scale=1.000 silence=0 cal_source=config cal_valid=1 cal_reason=none | bpm=105.0 conf=0.00 lock=0 phase=0.11 beat=0 bstr=0.06 | onset=0 bass=0 ostr=0.00
[1781486529.173] [AP] SSL=176 DC=-4698 max_raw=445 follower=834 peak_scaled=0.959 response_gain=3.000 silent_scale=1.000 silence=0 cal_source=config cal_valid=1 cal_reason=none | bpm=105.0 conf=0.00 lock=0 phase=0.87 beat=0 bstr=0.03 | onset=0 bass=1 ostr=0.02
[1781486529.334] >>> :stop
[1781486529.346] SBOK
[1781486530.247] >>> :vp_stream=off
[1781486530.266] sbr{{
[1781486530.266] VP_STREAM: off
[1781486530.266] }}
[1781486531.157] >>> :ap_stream=off
[1781486531.166] sbr{{
[1781486531.166] AP_STREAM: off
[1781486531.166] }}
[1781486532.071] >>> :dump
[1781486532.091] sbr{{
[1781486532.091] FIRMWARE_VERSION: 40103
[1781486532.091] CHIP ID: F887A500
[1781486532.091] noise_button.pressed: 0
[1781486532.091] noise_button.last_down: 0
[1781486532.091] noise_button.last_up: 0
[1781486532.091] noise_button.pin: 255
[1781486532.091] mode_button.pressed: 0
[1781486532.092] mode_button.last_down: 0
[1781486532.092] mode_button.last_up: 0
[1781486532.092] mode_button.pin: 255
[1781486532.092] CONFIG.PHOTONS: 0.650000
[1781486532.092] CONFIG.CHROMA: 0.000000
[1781486532.092] CONFIG.MOOD: 0.150000
[1781486532.092] CONFIG.LIGHTSHOW_MODE: 8
[1781486532.093] CONFIG.MIRROR_ENABLED: 1
[1781486532.093] CONFIG.CHROMAGRAM_RANGE: 60
[1781486532.093] CONFIG.SAMPLE_RATE: 12800
[1781486532.093] CONFIG.NOTE_OFFSET: 12
[1781486532.093] CONFIG.SQUARE_ITER: 1.00
[1781486532.093] CONFIG.LED_TYPE: 0
[1781486532.093] CONFIG.LED_COUNT: 160
[1781486532.093] CONFIG.LED_COLOR_ORDER: 66
[1781486532.093] CONFIG.SAMPLES_PER_CHUNK: 96
[1781486532.093] CONFIG.SENSITIVITY: 2.400000
[1781486532.093] AUDIO_RESPONSE_GAIN: 3.000000
[1781486532.094] CONFIG.BOOT_ANIMATION: 1
[1781486532.094] CONFIG.SWEET_SPOT_MIN_LEVEL: 176
[1781486532.094] CONFIG.SWEET_SPOT_MAX_LEVEL: 30000
[1781486532.094] CONFIG.DC_OFFSET: -4698
[1781486532.094] CAL_SOURCE: config
[1781486532.094] CAL_VALID: 1
[1781486532.094] CAL_PROFILE_LOADED: 0
[1781486532.094] NOISE_CAL_REASON: none
[1781486532.094] NOISE_CAL_DC_SAMPLES: 0
[1781486532.094] NOISE_CAL_SSL_P50: 0.0
[1781486532.094] NOISE_CAL_SSL_P90: 0.0
[1781486532.094] CONFIG.STANDBY_DIMMING: 0
[1781486532.094] CONFIG.REVERSE_ORDER: 0
[1781486532.094] CONFIG.MAX_CURRENT_MA: 1500
[1781486532.094] CONFIG.TEMPORAL_DITHERING: 1
[1781486532.094] CONFIG.AUTO_COLOR_SHIFT: 0
[1781486532.095] CONFIG.INCANDESCENT_FILTER: 0.00
[1781486532.095] CONFIG.INCANDESCENT_MODE: 0
[1781486532.095] CONFIG.BULB_OPACITY: 0.00
[1781486532.095] CONFIG.SATURATION: 1.00
[1781486532.095] CONFIG.PRISM_COUNT: 1.00
[1781486532.095] CONFIG.BASE_COAT: 0
[1781486532.095] CONFIG.BASE_COAT_INTENSITY: 0.000
[1781486532.095] MASTER_BRIGHTNESS: 1.00
[1781486532.096] stream_audio: 0
[1781486532.096] stream_fps: 0
[1781486532.096] stream_max_mags: 0
[1781486532.096] stream_max_mags_followers: 0
[1781486532.096] stream_magnitudes: 0
[1781486532.096] stream_spectrogram: 0
[1781486532.096] stream_chromagram: 0
[1781486532.096] debug_mode: 0
[1781486532.096] noise_complete: 1
[1781486532.096] noise_iterations: 0
[1781486532.096] next_save_time: 0
[1781486532.096] settings_updated: 0
[1781486532.096] I2S_PORT: 0
[1781486532.096] SAMPLE_HISTORY_LENGTH: 4096
[1781486532.097] silence: 0
[1781486532.097] mode_destination: -1
[1781486532.097] SYSTEM_FPS: 166.10
[1781486532.097] LED_FPS: 201.15
[1781486532.097] }}
[1781486532.989] >>> :smart_status
[1781486532.991] sbr{{
[1781486532.992] SMART_ASSIST: off
[1781486532.992] SMART_SWITCHING: off
[1781486532.992] SMART_DIRECTOR_AUTONOMY: off
[1781486532.992] SMART_HOOKS: off
[1781486532.992] SMART_CONFIDENCE_FLOOR: 0.080
[1781486532.992] SMART_APPLIED_MODE: 3
[1781486532.992] SMART_LAST_REQUESTED_MODE: 3
[1781486532.992] SMART_SWITCHES_IN_WINDOW: 0
[1781486532.992] SMART_MANUAL_OWNER_ACTIVE: 0
[1781486532.992] SMART_LAST_REASON: 0
[1781486532.993] SMART_STATE: 0
[1781486532.993] SMART_INTENT_MODE: 3
[1781486532.993] SMART_INTENT_CONFIDENCE: 0.000
[1781486532.993] SMART_INTENT_WANTS_SWITCH: 0
[1781486532.993] SMART_SCALAR_PHOTONS: 1.000
[1781486532.993] SMART_SCALAR_CHROMA: 1.000
[1781486532.993] SMART_SCALAR_MOOD: 1.000
[1781486532.993] SMART_SCALAR_SATURATION: 1.000
[1781486532.993] SMART_PALETTE_OVERLAY: 0
[1781486532.994] SMART_PALETTE_INDEX: 0
[1781486532.994] SMART_AUTO_COLOUR_SHIFT: 0
[1781486532.994] SMART_MIN_DWELL_MS: 8000
[1781486532.994] SMART_COOLDOWN_MS: 20000
[1781486532.994] SMART_SWITCH_WINDOW_MS: 60000
[1781486532.994] SMART_MAX_SWITCHES: 2
[1781486532.994] SMART_AUDIO_NOVELTY: 0.0489
[1781486532.994] SMART_AUDIO_ENERGY: 0.2401
[1781486532.994] SMART_EVENT_ID: 156
[1781486532.994] SMART_EVENT_AGE_MS: 100
[1781486532.994] SMART_ONSET: 0
[1781486532.994] SMART_BASS_ONSET: 0
[1781486532.996] SMART_BEAT_CONFIDENCE: 0.000
[1781486532.996] SMART_TRANSIENT: 0
[1781486532.996] SMART_KICK: 0
[1781486532.996] SMART_SNARE: 0
[1781486532.996] SMART_HIHAT: 1
[1781486532.996] SMART_TRANSIENT_LEVEL: 0.007
[1781486532.996] SMART_KICK_LEVEL: 0.002
[1781486532.997] SMART_SNARE_LEVEL: 0.000
[1781486532.997] SMART_HIHAT_LEVEL: 0.025
[1781486532.997] SMART_SNARE_EVENT_ID: 55
[1781486532.997] SMART_HIHAT_EVENT_ID: 226
[1781486532.997] }}
[1781486533.901] >>> :vp_status
[1781486533.912] sbr{{
[1781486533.912] VP_PROFILE: candidate
[1781486533.912] VP_FIXES: agc_soft=on chroma_gate=on prism_off=on bloom_decay=off hsv_source_sat=on secondary_clean=on
[1781486533.912] VP_STREAM: off
[1781486533.912] AP_STREAM: off
[1781486533.912] VP_BLOOM: alpha=0.9900 shift=1.0000 force_sat=on
[1781486533.914] VP_WAVEFORM: idle_fade=0.9850 raw_margin=1.1000 peak_floor=0.0800 active_fade=0.0400 blend_gain=2.0000 fallback=1.0000 vu_floor=0.0200 shift_rate=120.0000
[1781486533.916] VP_CHROMA: seq=3780 range=60 profile=0 gate_gain=0.0411 pre_max=0.2718 pre_mean=0.2477 norm_max=0.9953 norm_mean=0.9071 flatness=0.0882 final_max=0.0368 final_mean=0.0332
[1781486533.916] VP_AGC: gain=0.5357 envelope=0.4602 floor=0.0010 gated=false
[1781486533.916] VP_RENDER_US: last=664 avg=617 max=1029
[1781486533.916] }}
[1781486534.818] >>> :vp_perf=status
[1781486534.837] sbr{{
[1781486534.837] VP_PERF: disabled (compile with ENABLE_VP_PERF_AUDIT=1)
[1781486534.837] }}
[1781486535.725] >>> :ap_stream=on
[1781486535.736] sbr{{
[1781486535.736] AP_STREAM: on
[1781486535.736] }}
[1781486535.738] [AP] SSL=176 DC=-4698 max_raw=308 follower=567 peak_scaled=0.844 response_gain=3.000 silent_scale=1.000 silence=0 cal_source=config cal_valid=1 cal_reason=none | bpm=92.0 conf=0.00 lock=0 phase=0.35 beat=0 bstr=0.21 | onset=0 bass=0 ostr=0.00
[1781486536.434] >>> :vp_stream=on
[1781486536.456] sbr{{
[1781486536.456] VP_STREAM: on
[1781486536.456] }}
[1781486536.463] [VP] profile=candidate fix=111011 chroma_seq=4291 chroma_flatness=0.0910 chroma_norm_max=0.9712 chroma_norm_mean=0.8802 chroma_final_max=0.0478 chroma_final_mean=0.0428 agc_gain=0.5398 bloom_alpha=0.9900 bloom_shift=1.0000 wave_idle=0.9850 wave_raw_margin=1.1000 wave_peak_floor=0.0800 wave_vu_floor=0.0200 wave_shift=120.0000 render_us=692 render_avg=683 render_max=1029
[1781486536.750] [AP] SSL=176 DC=-4698 max_raw=308 follower=533 peak_scaled=0.696 response_gain=3.000 silent_scale=1.000 silence=0 cal_source=config cal_valid=1 cal_reason=none | bpm=92.0 conf=0.00 lock=0 phase=0.91 beat=0 bstr=0.10 | onset=0 bass=0 ostr=0.00
[1781486537.135] >>> :smart_status
[1781486537.151] sbr{{
[1781486537.151] SMART_ASSIST: off
[1781486537.151] SMART_SWITCHING: off
[1781486537.151] SMART_DIRECTOR_AUTONOMY: off
[1781486537.151] SMART_HOOKS: off
[1781486537.151] SMART_CONFIDENCE_FLOOR: 0.080
[1781486537.151] SMART_APPLIED_MODE: 3
[1781486537.151] SMART_LAST_REQUESTED_MODE: 3
[1781486537.151] SMART_SWITCHES_IN_WINDOW: 0
[1781486537.151] SMART_MANUAL_OWNER_ACTIVE: 0
[1781486537.151] SMART_LAST_REASON: 0
[1781486537.152] SMART_STATE: 0
[1781486537.152] SMART_INTENT_MODE: 3
[1781486537.152] SMART_INTENT_CONFIDENCE: 0.000
[1781486537.152] SMART_INTENT_WANTS_SWITCH: 0
[1781486537.152] SMART_SCALAR_PHOTONS: 1.000
[1781486537.152] SMART_SCALAR_CHROMA: 1.000
[1781486537.152] SMART_SCALAR_MOOD: 1.000
[1781486537.152] SMART_SCALAR_SATURATION: 1.000
[1781486537.153] SMART_PALETTE_OVERLAY: 0
[1781486537.153] SMART_PALETTE_INDEX: 0
[1781486537.153] SMART_AUTO_COLOUR_SHIFT: 0
[1781486537.153] SMART_MIN_DWELL_MS: 8000
[1781486537.153] SMART_COOLDOWN_MS: 20000
[1781486537.153] SMART_SWITCH_WINDOW_MS: 60000
[1781486537.153] SMART_MAX_SWITCHES: 2
[1781486537.153] SMART_AUDIO_NOVELTY: 0.0379
[1781486537.153] SMART_AUDIO_ENERGY: 0.2273
[1781486537.154] SMART_EVENT_ID: 183
[1781486537.154] SMART_EVENT_AGE_MS: 45
[1781486537.154] SMART_ONSET: 0
[1781486537.154] SMART_BASS_ONSET: 1
[1781486537.154] SMART_BEAT_CONFIDENCE: 0.000
[1781486537.154] SMART_TRANSIENT: 0
[1781486537.154] SMART_KICK: 0
[1781486537.154] SMART_SNARE: 0
[1781486537.154] SMART_HIHAT: 0
[1781486537.154] SMART_TRANSIENT_LEVEL: 0.000
[1781486537.154] SMART_KICK_LEVEL: 0.007
[1781486537.154] SMART_SNARE_LEVEL: 0.000
[1781486537.155] SMART_HIHAT_LEVEL: 0.000
[1781486537.155] SMART_SNARE_EVENT_ID: 67
[1781486537.155] SMART_HIHAT_EVENT_ID: 273
[1781486537.155] }}
[1781486537.463] [VP] profile=candidate fix=111011 chroma_seq=4492 chroma_flatness=0.0825 chroma_norm_max=0.9798 chroma_norm_mean=0.8974 chroma_final_max=0.0108 chroma_final_mean=0.0098 agc_gain=0.5195 bloom_alpha=0.9900 bloom_shift=1.0000 wave_idle=0.9850 wave_raw_margin=1.1000 wave_peak_floor=0.0800 wave_vu_floor=0.0200 wave_shift=120.0000 render_us=719 render_avg=706 render_max=1029
[1781486537.754] [AP] SSL=176 DC=-4698 max_raw=133 follower=540 peak_scaled=0.623 response_gain=3.000 silent_scale=1.000 silence=0 cal_source=config cal_valid=1 cal_reason=none | bpm=92.0 conf=0.00 lock=0 phase=0.43 beat=0 bstr=0.12 | onset=1 bass=0 ostr=0.00
[1781486538.468] [VP] profile=candidate fix=111011 chroma_seq=4693 chroma_flatness=0.1153 chroma_norm_max=1.0168 chroma_norm_mean=0.9015 chroma_final_max=0.1618 chroma_final_mean=0.1415 agc_gain=0.5314 bloom_alpha=0.9900 bloom_shift=1.0000 wave_idle=0.9850 wave_raw_margin=1.1000 wave_peak_floor=0.0800 wave_vu_floor=0.0200 wave_shift=120.0000 render_us=675 render_avg=657 render_max=1029
[1781486538.760] [AP] SSL=176 DC=-4698 max_raw=318 follower=496 peak_scaled=0.774 response_gain=3.000 silent_scale=1.000 silence=0 cal_source=config cal_valid=1 cal_reason=none | bpm=92.0 conf=0.00 lock=0 phase=0.98 beat=0 bstr=0.11 | onset=0 bass=1 ostr=0.02
[1781486539.478] [VP] profile=candidate fix=111011 chroma_seq=4896 chroma_flatness=0.1074 chroma_norm_max=1.0165 chroma_norm_mean=0.9090 chroma_final_max=0.1258 chroma_final_mean=0.1110 agc_gain=0.5443 bloom_alpha=0.9900 bloom_shift=1.0000 wave_idle=0.9850 wave_raw_margin=1.1000 wave_peak_floor=0.0800 wave_vu_floor=0.0200 wave_shift=120.0000 render_us=646 render_avg=656 render_max=1029
[1781486539.764] [AP] SSL=176 DC=-4698 max_raw=318 follower=537 peak_scaled=0.681 response_gain=3.000 silent_scale=1.000 silence=0 cal_source=config cal_valid=1 cal_reason=none | bpm=92.0 conf=0.00 lock=0 phase=0.53 beat=0 bstr=0.10 | onset=1 bass=0 ostr=0.00
[1781486540.478] [VP] profile=candidate fix=111011 chroma_seq=5097 chroma_flatness=0.1006 chroma_norm_max=0.9888 chroma_norm_mean=0.8883 chroma_final_max=0.0914 chroma_final_mean=0.0810 agc_gain=0.5435 bloom_alpha=0.9900 bloom_shift=1.0000 wave_idle=0.9850 wave_raw_margin=1.1000 wave_peak_floor=0.0800 wave_vu_floor=0.0200 wave_shift=120.0000 render_us=650 render_avg=638 render_max=1029
[1781486540.769] [AP] SSL=176 DC=-4698 max_raw=207 follower=442 peak_scaled=0.460 response_gain=3.000 silent_scale=1.000 silence=0 cal_source=config cal_valid=1 cal_reason=none | bpm=92.0 conf=0.00 lock=0 phase=0.05 beat=0 bstr=0.11 | onset=0 bass=0 ostr=0.00
[1781486541.479] [VP] profile=candidate fix=111011 chroma_seq=5298 chroma_flatness=0.1396 chroma_norm_max=1.0352 chroma_norm_mean=0.8956 chroma_final_max=0.2787 chroma_final_mean=0.2371 agc_gain=0.5390 bloom_alpha=0.9900 bloom_shift=1.0000 wave_idle=0.9850 wave_raw_margin=1.1000 wave_peak_floor=0.0800 wave_vu_floor=0.0200 wave_shift=120.0000 render_us=688 render_avg=677 render_max=1029
[1781486541.774] [AP] SSL=176 DC=-4698 max_raw=267 follower=495 peak_scaled=0.715 response_gain=3.000 silent_scale=1.000 silence=0 cal_source=config cal_valid=1 cal_reason=none | bpm=115.0 conf=0.00 lock=0 phase=0.78 beat=0 bstr=0.00 | onset=0 bass=0 ostr=0.00
[1781486542.493] [VP] profile=candidate fix=111011 chroma_seq=5501 chroma_flatness=0.0799 chroma_norm_max=0.9892 chroma_norm_mean=0.9093 chroma_final_max=0.0000 chroma_final_mean=0.0000 agc_gain=0.5232 bloom_alpha=0.9900 bloom_shift=1.0000 wave_idle=0.9850 wave_raw_margin=1.1000 wave_peak_floor=0.0800 wave_vu_floor=0.0200 wave_shift=120.0000 render_us=587 render_avg=632 render_max=1029
[1781486542.779] [AP] SSL=176 DC=-4698 max_raw=183 follower=498 peak_scaled=0.300 response_gain=3.000 silent_scale=1.000 silence=0 cal_source=config cal_valid=1 cal_reason=none | bpm=115.0 conf=0.00 lock=0 phase=0.73 beat=0 bstr=0.01 | onset=0 bass=0 ostr=0.00
[1781486543.494] [VP] profile=candidate fix=111011 chroma_seq=5702 chroma_flatness=0.1692 chroma_norm_max=0.9917 chroma_norm_mean=0.8225 chroma_final_max=0.3978 chroma_final_mean=0.3223 agc_gain=0.5370 bloom_alpha=0.9900 bloom_shift=1.0000 wave_idle=0.9850 wave_raw_margin=1.1000 wave_peak_floor=0.0800 wave_vu_floor=0.0200 wave_shift=120.0000 render_us=767 render_avg=694 render_max=1029
[1781486543.785] [AP] SSL=176 DC=-4698 max_raw=193 follower=368 peak_scaled=0.510 response_gain=3.000 silent_scale=1.000 silence=0 cal_source=config cal_valid=1 cal_reason=none | bpm=115.0 conf=0.00 lock=0 phase=0.62 beat=0 bstr=0.01 | onset=0 bass=0 ostr=0.00
[1781486544.494] [VP] profile=candidate fix=111011 chroma_seq=5903 chroma_flatness=0.1314 chroma_norm_max=1.0185 chroma_norm_mean=0.8872 chroma_final_max=0.2359 chroma_final_mean=0.2022 agc_gain=0.5541 bloom_alpha=0.9900 bloom_shift=1.0000 wave_idle=0.9850 wave_raw_margin=1.1000 wave_peak_floor=0.0800 wave_vu_floor=0.0200 wave_shift=120.0000 render_us=723 render_avg=680 render_max=1029
[1781486544.789] [AP] SSL=176 DC=-4698 max_raw=279 follower=450 peak_scaled=0.674 response_gain=3.000 silent_scale=1.000 silence=0 cal_source=config cal_valid=1 cal_reason=none | bpm=115.0 conf=0.00 lock=0 phase=0.56 beat=0 bstr=0.01 | onset=0 bass=0 ostr=0.00
[1781486545.498] [VP] profile=candidate fix=111011 chroma_seq=6105 chroma_flatness=0.0624 chroma_norm_max=0.9676 chroma_norm_mean=0.9052 chroma_final_max=0.0000 chroma_final_mean=0.0000 agc_gain=0.5346 bloom_alpha=0.9900 bloom_shift=1.0000 wave_idle=0.9850 wave_raw_margin=1.1000 wave_peak_floor=0.0800 wave_vu_floor=0.0200 wave_shift=120.0000 render_us=542 render_avg=606 render_max=1029
[1781486545.795] [AP] SSL=176 DC=-4698 max_raw=234 follower=377 peak_scaled=0.520 response_gain=3.000 silent_scale=1.000 silence=0 cal_source=config cal_valid=1 cal_reason=none | bpm=106.0 conf=0.00 lock=0 phase=0.47 beat=0 bstr=0.28 | onset=0 bass=0 ostr=0.00
[1781486546.499] [VP] profile=candidate fix=111011 chroma_seq=6306 chroma_flatness=0.1115 chroma_norm_max=1.0369 chroma_norm_mean=0.9255 chroma_final_max=0.1474 chroma_final_mean=0.1299 agc_gain=0.5442 bloom_alpha=0.9900 bloom_shift=1.0000 wave_idle=0.9850 wave_raw_margin=1.1000 wave_peak_floor=0.0800 wave_vu_floor=0.0200 wave_shift=120.0000 render_us=724 render_avg=665 render_max=1029
[1781486546.800] [AP] SSL=176 DC=-4698 max_raw=253 follower=466 peak_scaled=0.608 response_gain=3.000 silent_scale=1.000 silence=0 cal_source=config cal_valid=1 cal_reason=none | bpm=106.0 conf=0.00 lock=0 phase=0.22 beat=0 bstr=0.53 | onset=0 bass=0 ostr=0.00
[1781486547.499] [VP] profile=candidate fix=111011 chroma_seq=6506 chroma_flatness=0.0608 chroma_norm_max=0.9762 chroma_norm_mean=0.9154 chroma_final_max=0.0000 chroma_final_mean=0.0000 agc_gain=0.5614 bloom_alpha=0.9900 bloom_shift=1.0000 wave_idle=0.9850 wave_raw_margin=1.1000 wave_peak_floor=0.0800 wave_vu_floor=0.0200 wave_shift=120.0000 render_us=600 render_avg=625 render_max=1029
[1781486547.805] [AP] SSL=176 DC=-4698 max_raw=303 follower=388 peak_scaled=0.973 response_gain=3.000 silent_scale=1.000 silence=0 cal_source=config cal_valid=1 cal_reason=none | bpm=106.0 conf=0.00 lock=0 phase=0.00 beat=0 bstr=0.47 | onset=0 bass=0 ostr=0.00
[1781486548.499] [VP] profile=candidate fix=111011 chroma_seq=6707 chroma_flatness=0.0768 chroma_norm_max=0.9644 chroma_norm_mean=0.8876 chroma_final_max=0.0000 chroma_final_mean=0.0000 agc_gain=0.5433 bloom_alpha=0.9900 bloom_shift=1.0000 wave_idle=0.9850 wave_raw_margin=1.1000 wave_peak_floor=0.0800 wave_vu_floor=0.0200 wave_shift=120.0000 render_us=594 render_avg=612 render_max=1029
[1781486548.810] [AP] SSL=176 DC=-4698 max_raw=279 follower=316 peak_scaled=0.891 response_gain=3.000 silent_scale=1.000 silence=0 cal_source=config cal_valid=1 cal_reason=none | bpm=106.0 conf=0.00 lock=0 phase=0.80 beat=0 bstr=0.35 | onset=1 bass=1 ostr=0.02
[1781486549.515] [VP] profile=candidate fix=111011 chroma_seq=6910 chroma_flatness=0.0913 chroma_norm_max=1.0159 chroma_norm_mean=0.9246 chroma_final_max=0.0520 chroma_final_mean=0.0468 agc_gain=0.5446 bloom_alpha=0.9900 bloom_shift=1.0000 wave_idle=0.9850 wave_raw_margin=1.1000 wave_peak_floor=0.0800 wave_vu_floor=0.0200 wave_shift=120.0000 render_us=656 render_avg=648 render_max=1029
[1781486549.815] [AP] SSL=176 DC=-4698 max_raw=152 follower=350 peak_scaled=0.308 response_gain=3.000 silent_scale=1.000 silence=0 cal_source=config cal_valid=1 cal_reason=none | bpm=106.0 conf=0.00 lock=0 phase=0.55 beat=0 bstr=0.28 | onset=0 bass=1 ostr=0.03
[1781486550.514] [VP] profile=candidate fix=111011 chroma_seq=7111 chroma_flatness=0.0910 chroma_norm_max=0.9862 chroma_norm_mean=0.8952 chroma_final_max=0.0486 chroma_final_mean=0.0436 agc_gain=0.5434 bloom_alpha=0.9900 bloom_shift=1.0000 wave_idle=0.9850 wave_raw_margin=1.1000 wave_peak_floor=0.0800 wave_vu_floor=0.0200 wave_shift=120.0000 render_us=659 render_avg=653 render_max=1029
[1781486550.821] [AP] SSL=176 DC=-4698 max_raw=207 follower=339 peak_scaled=0.352 response_gain=3.000 silent_scale=1.000 silence=0 cal_source=config cal_valid=1 cal_reason=none | bpm=106.0 conf=0.00 lock=0 phase=0.33 beat=0 bstr=0.18 | onset=0 bass=1 ostr=0.02
[1781486551.514] [VP] profile=candidate fix=111011 chroma_seq=7312 chroma_flatness=0.1298 chroma_norm_max=1.0572 chroma_norm_mean=0.9274 chroma_final_max=0.2384 chroma_final_mean=0.2061 agc_gain=0.5428 bloom_alpha=0.9900 bloom_shift=1.0000 wave_idle=0.9850 wave_raw_margin=1.1000 wave_peak_floor=0.0800 wave_vu_floor=0.0200 wave_shift=120.0000 render_us=683 render_avg=639 render_max=1029
[1781486551.826] [AP] SSL=176 DC=-4698 max_raw=212 follower=322 peak_scaled=0.321 response_gain=3.000 silent_scale=1.000 silence=0 cal_source=config cal_valid=1 cal_reason=none | bpm=106.0 conf=0.00 lock=0 phase=0.12 beat=0 bstr=0.09 | onset=0 bass=0 ostr=0.00
[1781486552.519] [VP] profile=candidate fix=111011 chroma_seq=7514 chroma_flatness=0.0739 chroma_norm_max=0.9875 chroma_norm_mean=0.9137 chroma_final_max=0.0000 chroma_final_mean=0.0000 agc_gain=0.5537 bloom_alpha=0.9900 bloom_shift=1.0000 wave_idle=0.9850 wave_raw_margin=1.1000 wave_peak_floor=0.0800 wave_vu_floor=0.0200 wave_shift=120.0000 render_us=526 render_avg=646 render_max=1029
[1781486552.831] [AP] SSL=176 DC=-4698 max_raw=133 follower=347 peak_scaled=0.220 response_gain=3.000 silent_scale=1.000 silence=0 cal_source=config cal_valid=1 cal_reason=none | bpm=106.0 conf=0.00 lock=0 phase=0.87 beat=0 bstr=0.04 | onset=0 bass=1 ostr=0.02
[1781486553.519] [VP] profile=candidate fix=111011 chroma_seq=7715 chroma_flatness=0.1176 chroma_norm_max=0.9952 chroma_norm_mean=0.8777 chroma_final_max=0.1681 chroma_final_mean=0.1461 agc_gain=0.5539 bloom_alpha=0.9900 bloom_shift=1.0000 wave_idle=0.9850 wave_raw_margin=1.1000 wave_peak_floor=0.0800 wave_vu_floor=0.0200 wave_shift=120.0000 render_us=651 render_avg=681 render_max=1029
[1781486553.838] [AP] SSL=176 DC=-4698 max_raw=193 follower=254 peak_scaled=0.612 response_gain=3.000 silent_scale=1.000 silence=0 cal_source=config cal_valid=1 cal_reason=none | bpm=106.0 conf=0.00 lock=0 phase=0.66 beat=0 bstr=0.02 | onset=1 bass=0 ostr=0.00
[1781486554.529] [VP] profile=candidate fix=111011 chroma_seq=7918 chroma_flatness=0.0937 chroma_norm_max=0.9119 chroma_norm_mean=0.8181 chroma_final_max=0.0558 chroma_final_mean=0.0494 agc_gain=0.5290 bloom_alpha=0.9900 bloom_shift=1.0000 wave_idle=0.9850 wave_raw_margin=1.1000 wave_peak_floor=0.0800 wave_vu_floor=0.0200 wave_shift=120.0000 render_us=700 render_avg=709 render_max=1029
[1781486554.841] [AP] SSL=176 DC=-4698 max_raw=157 follower=295 peak_scaled=0.564 response_gain=3.000 silent_scale=1.000 silence=0 cal_source=config cal_valid=1 cal_reason=none | bpm=106.0 conf=0.00 lock=0 phase=0.45 beat=0 bstr=0.02 | onset=1 bass=0 ostr=0.00
[1781486555.534] [VP] profile=candidate fix=111011 chroma_seq=8120 chroma_flatness=0.0657 chroma_norm_max=0.9844 chroma_norm_mean=0.9187 chroma_final_max=0.0000 chroma_final_mean=0.0000 agc_gain=0.5541 bloom_alpha=0.9900 bloom_shift=1.0000 wave_idle=0.9850 wave_raw_margin=1.1000 wave_peak_floor=0.0800 wave_vu_floor=0.0200 wave_shift=120.0000 render_us=597 render_avg=650 render_max=1029
[1781486555.845] [AP] SSL=176 DC=-4698 max_raw=248 follower=277 peak_scaled=0.764 response_gain=3.000 silent_scale=1.000 silence=0 cal_source=config cal_valid=1 cal_reason=none | bpm=98.0 conf=0.00 lock=0 phase=0.19 beat=0 bstr=0.04 | onset=0 bass=0 ostr=0.00
[1781486556.534] [VP] profile=candidate fix=111011 chroma_seq=8320 chroma_flatness=0.1098 chroma_norm_max=1.0555 chroma_norm_mean=0.9457 chroma_final_max=0.1423 chroma_final_mean=0.1260 agc_gain=0.5562 bloom_alpha=0.9900 bloom_shift=1.0000 wave_idle=0.9850 wave_raw_margin=1.1000 wave_peak_floor=0.0800 wave_vu_floor=0.0200 wave_shift=120.0000 render_us=644 render_avg=642 render_max=1029
[1781486556.850] [AP] SSL=176 DC=-4698 max_raw=193 follower=285 peak_scaled=0.418 response_gain=3.000 silent_scale=1.000 silence=0 cal_source=config cal_valid=1 cal_reason=none | bpm=98.0 conf=0.00 lock=0 phase=0.85 beat=0 bstr=0.04 | onset=0 bass=1 ostr=0.02
[1781486557.545] [VP] profile=candidate fix=111011 chroma_seq=8523 chroma_flatness=0.1273 chroma_norm_max=1.0267 chroma_norm_mean=0.8994 chroma_final_max=0.2193 chroma_final_mean=0.1892 agc_gain=0.5306 bloom_alpha=0.9900 bloom_shift=1.0000 wave_idle=0.9850 wave_raw_margin=1.1000 wave_peak_floor=0.0800 wave_vu_floor=0.0200 wave_shift=120.0000 render_us=668 render_avg=671 render_max=1029
[1781486557.856] [AP] SSL=176 DC=-4698 max_raw=298 follower=359 peak_scaled=0.784 response_gain=3.000 silent_scale=1.000 silence=0 cal_source=config cal_valid=1 cal_reason=none | bpm=98.0 conf=0.00 lock=0 phase=0.51 beat=0 bstr=0.03 | onset=1 bass=0 ostr=0.00
[1781486558.549] [VP] profile=candidate fix=111011 chroma_seq=8725 chroma_flatness=0.0955 chroma_norm_max=0.9529 chroma_norm_mean=0.8575 chroma_final_max=0.0660 chroma_final_mean=0.0586 agc_gain=0.5342 bloom_alpha=0.9900 bloom_shift=1.0000 wave_idle=0.9850 wave_raw_margin=1.1000 wave_peak_floor=0.0800 wave_vu_floor=0.0200 wave_shift=120.0000 render_us=595 render_avg=651 render_max=1029
[1781486558.860] [AP] SSL=176 DC=-4698 max_raw=152 follower=412 peak_scaled=0.869 response_gain=3.000 silent_scale=1.000 silence=0 cal_source=config cal_valid=1 cal_reason=none | bpm=98.0 conf=0.00 lock=0 phase=0.13 beat=0 bstr=0.03 | onset=1 bass=0 ostr=0.00
[1781486559.549] [VP] profile=candidate fix=111011 chroma_seq=8926 chroma_flatness=0.0733 chroma_norm_max=0.9714 chroma_norm_mean=0.8981 chroma_final_max=0.0000 chroma_final_mean=0.0000 agc_gain=0.5259 bloom_alpha=0.9900 bloom_shift=1.0000 wave_idle=0.9850 wave_raw_margin=1.1000 wave_peak_floor=0.0800 wave_vu_floor=0.0200 wave_shift=120.0000 render_us=599 render_avg=639 render_max=1029
[1781486559.866] [AP] SSL=176 DC=-4698 max_raw=162 follower=346 peak_scaled=0.669 response_gain=3.000 silent_scale=1.000 silence=0 cal_source=config cal_valid=1 cal_reason=none | bpm=98.0 conf=0.00 lock=0 phase=0.78 beat=0 bstr=0.03 | onset=1 bass=0 ostr=0.00
[1781486560.550] [VP] profile=candidate fix=111011 chroma_seq=9127 chroma_flatness=0.1462 chroma_norm_max=1.0581 chroma_norm_mean=0.9120 chroma_final_max=0.3170 chroma_final_mean=0.2686 agc_gain=0.5379 bloom_alpha=0.9900 bloom_shift=1.0000 wave_idle=0.9850 wave_raw_margin=1.1000 wave_peak_floor=0.0800 wave_vu_floor=0.0200 wave_shift=120.0000 render_us=719 render_avg=700 render_max=1029
[1781486560.871] [AP] SSL=176 DC=-4698 max_raw=106 follower=309 peak_scaled=0.541 response_gain=3.000 silent_scale=1.000 silence=0 cal_source=config cal_valid=1 cal_reason=none | bpm=98.0 conf=0.00 lock=0 phase=0.43 beat=0 bstr=0.11 | onset=0 bass=1 ostr=0.02
[1781486561.555] [VP] profile=candidate fix=111011 chroma_seq=9329 chroma_flatness=0.0857 chroma_norm_max=1.0072 chroma_norm_mean=0.9214 chroma_final_max=0.0261 chroma_final_mean=0.0236 agc_gain=0.5515 bloom_alpha=0.9900 bloom_shift=1.0000 wave_idle=0.9850 wave_raw_margin=1.1000 wave_peak_floor=0.0800 wave_vu_floor=0.0200 wave_shift=120.0000 render_us=667 render_avg=633 render_max=1029
[1781486561.876] [AP] SSL=176 DC=-4698 max_raw=147 follower=260 peak_scaled=0.201 response_gain=3.000 silent_scale=1.000 silence=0 cal_source=config cal_valid=1 cal_reason=none | bpm=98.0 conf=0.00 lock=0 phase=0.05 beat=0 bstr=0.09 | onset=0 bass=0 ostr=0.00
[1781486562.565] [VP] profile=candidate fix=111011 chroma_seq=9532 chroma_flatness=0.1123 chroma_norm_max=1.0090 chroma_norm_mean=0.8967 chroma_final_max=0.1467 chroma_final_mean=0.1286 agc_gain=0.5390 bloom_alpha=0.9900 bloom_shift=1.0000 wave_idle=0.9850 wave_raw_margin=1.1000 wave_peak_floor=0.0800 wave_vu_floor=0.0200 wave_shift=120.0000 render_us=698 render_avg=670 render_max=1029
[1781486562.881] [AP] SSL=176 DC=-4698 max_raw=133 follower=325 peak_scaled=0.875 response_gain=3.000 silent_scale=1.000 silence=0 cal_source=config cal_valid=1 cal_reason=none | bpm=98.0 conf=0.00 lock=0 phase=0.70 beat=0 bstr=0.04 | onset=1 bass=0 ostr=0.00
[1781486563.565] [VP] profile=candidate fix=111011 chroma_seq=9733 chroma_flatness=0.0887 chroma_norm_max=0.9755 chroma_norm_mean=0.8868 chroma_final_max=0.0380 chroma_final_mean=0.0341 agc_gain=0.5397 bloom_alpha=0.9900 bloom_shift=1.0000 wave_idle=0.9850 wave_raw_margin=1.1000 wave_peak_floor=0.0800 wave_vu_floor=0.0200 wave_shift=120.0000 render_us=704 render_avg=708 render_max=1029
[1781486563.886] [AP] SSL=176 DC=-4698 max_raw=129 follower=266 peak_scaled=0.360 response_gain=3.000 silent_scale=1.000 silence=0 cal_source=config cal_valid=1 cal_reason=none | bpm=98.0 conf=0.00 lock=0 phase=0.36 beat=0 bstr=0.03 | onset=0 bass=0 ostr=0.00
[1781486564.565] [VP] profile=candidate fix=111011 chroma_seq=9933 chroma_flatness=0.1283 chroma_norm_max=1.0525 chroma_norm_mean=0.9234 chroma_final_max=0.2338 chroma_final_mean=0.2021 agc_gain=0.5394 bloom_alpha=0.9900 bloom_shift=1.0000 wave_idle=0.9850 wave_raw_margin=1.1000 wave_peak_floor=0.0800 wave_vu_floor=0.0200 wave_shift=120.0000 render_us=710 render_avg=699 render_max=1029
[1781486564.891] [AP] SSL=176 DC=-4698 max_raw=222 follower=279 peak_scaled=0.462 response_gain=3.000 silent_scale=1.000 silence=0 cal_source=config cal_valid=1 cal_reason=none | bpm=89.0 conf=0.00 lock=0 phase=0.91 beat=0 bstr=0.10 | onset=0 bass=0 ostr=0.00
[1781486565.570] [VP] profile=candidate fix=111011 chroma_seq=10135 chroma_flatness=0.1019 chroma_norm_max=0.9695 chroma_norm_mean=0.8676 chroma_final_max=0.0953 chroma_final_mean=0.0841 agc_gain=0.5346 bloom_alpha=0.9900 bloom_shift=1.0000 wave_idle=0.9850 wave_raw_margin=1.1000 wave_peak_floor=0.0800 wave_vu_floor=0.0200 wave_shift=120.0000 render_us=672 render_avg=635 render_max=1029
[1781486565.897] [AP] SSL=176 DC=-4698 max_raw=193 follower=229 peak_scaled=0.859 response_gain=3.000 silent_scale=1.000 silence=0 cal_source=config cal_valid=1 cal_reason=none | bpm=89.0 conf=0.00 lock=0 phase=0.41 beat=0 bstr=0.10 | onset=0 bass=0 ostr=0.00
[1781486566.570] [VP] profile=candidate fix=111011 chroma_seq=10336 chroma_flatness=0.1511 chroma_norm_max=1.0345 chroma_norm_mean=0.8834 chroma_final_max=0.3324 chroma_final_mean=0.2786 agc_gain=0.5278 bloom_alpha=0.9900 bloom_shift=1.0000 wave_idle=0.9850 wave_raw_margin=1.1000 wave_peak_floor=0.0800 wave_vu_floor=0.0200 wave_shift=120.0000 render_us=684 render_avg=666 render_max=1029
[1781486566.901] [AP] SSL=176 DC=-4698 max_raw=147 follower=255 peak_scaled=0.181 response_gain=3.000 silent_scale=1.000 silence=0 cal_source=config cal_valid=1 cal_reason=none | bpm=89.0 conf=0.00 lock=0 phase=0.91 beat=0 bstr=0.10 | onset=0 bass=1 ostr=0.02
[1781486567.570] [VP] profile=candidate fix=111011 chroma_seq=10537 chroma_flatness=0.1066 chroma_norm_max=1.0170 chroma_norm_mean=0.9104 chroma_final_max=0.1219 chroma_final_mean=0.1077 agc_gain=0.5378 bloom_alpha=0.9900 bloom_shift=1.0000 wave_idle=0.9850 wave_raw_margin=1.1000 wave_peak_floor=0.0800 wave_vu_floor=0.0200 wave_shift=120.0000 render_us=659 render_avg=658 render_max=1029
[1781486567.906] [AP] SSL=176 DC=-4698 max_raw=133 follower=294 peak_scaled=0.324 response_gain=3.000 silent_scale=1.000 silence=0 cal_source=config cal_valid=1 cal_reason=none | bpm=89.0 conf=0.00 lock=0 phase=0.38 beat=0 bstr=0.08 | onset=0 bass=0 ostr=0.00
[1781486568.570] [VP] profile=candidate fix=111011 chroma_seq=10737 chroma_flatness=0.1166 chroma_norm_max=1.0318 chroma_norm_mean=0.9153 chroma_final_max=0.1704 chroma_final_mean=0.1491 agc_gain=0.5430 bloom_alpha=0.9900 bloom_shift=1.0000 wave_idle=0.9850 wave_raw_margin=1.1000 wave_peak_floor=0.0800 wave_vu_floor=0.0200 wave_shift=120.0000 render_us=676 render_avg=647 render_max=1029
[1781486568.911] [AP] SSL=176 DC=-4698 max_raw=124 follower=237 peak_scaled=0.547 response_gain=3.000 silent_scale=1.000 silence=0 cal_source=config cal_valid=1 cal_reason=none | bpm=89.0 conf=0.00 lock=0 phase=0.88 beat=0 bstr=0.07 | onset=0 bass=1 ostr=0.02
[1781486569.575] [VP] profile=candidate fix=111011 chroma_seq=10939 chroma_flatness=0.0947 chroma_norm_max=0.9505 chroma_norm_mean=0.8558 chroma_final_max=0.0623 chroma_final_mean=0.0554 agc_gain=0.5167 bloom_alpha=0.9900 bloom_shift=1.0000 wave_idle=0.9850 wave_raw_margin=1.1000 wave_peak_floor=0.0800 wave_vu_floor=0.0200 wave_shift=120.0000 render_us=595 render_avg=660 render_max=1029
[1781486569.916] [AP] SSL=176 DC=-4698 max_raw=349 follower=333 peak_scaled=1.211 response_gain=3.000 silent_scale=1.000 silence=0 cal_source=config cal_valid=1 cal_reason=none | bpm=94.0 conf=0.00 lock=0 phase=0.40 beat=0 bstr=0.12 | onset=0 bass=1 ostr=0.02
[1781486570.575] [VP] profile=candidate fix=111011 chroma_seq=11140 chroma_flatness=0.0814 chroma_norm_max=1.0113 chroma_norm_mean=0.9299 chroma_final_max=0.0064 chroma_final_mean=0.0058 agc_gain=0.4981 bloom_alpha=0.9900 bloom_shift=1.0000 wave_idle=0.9850 wave_raw_margin=1.1000 wave_peak_floor=0.0800 wave_vu_floor=0.0200 wave_shift=120.0000 render_us=649 render_avg=638 render_max=1029
[1781486570.922] [AP] SSL=176 DC=-4698 max_raw=147 follower=362 peak_scaled=0.538 response_gain=3.000 silent_scale=1.000 silence=0 cal_source=config cal_valid=1 cal_reason=none | bpm=94.0 conf=0.00 lock=0 phase=0.95 beat=0 bstr=0.07 | onset=0 bass=0 ostr=0.00
[1781486571.585] [VP] profile=candidate fix=111011 chroma_seq=11343 chroma_flatness=0.1053 chroma_norm_max=0.9479 chroma_norm_mean=0.8425 chroma_final_max=0.1074 chroma_final_mean=0.0940 agc_gain=0.4893 bloom_alpha=0.9900 bloom_shift=1.0000 wave_idle=0.9850 wave_raw_margin=1.1000 wave_peak_floor=0.0800 wave_vu_floor=0.0200 wave_shift=120.0000 render_us=660 render_avg=645 render_max=1029
[1781486571.927] [AP] SSL=176 DC=-4698 max_raw=116 follower=383 peak_scaled=0.429 response_gain=3.000 silent_scale=1.000 silence=0 cal_source=config cal_valid=1 cal_reason=none | bpm=94.0 conf=0.00 lock=0 phase=0.53 beat=0 bstr=0.04 | onset=0 bass=1 ostr=0.02
[1781486572.590] [VP] profile=candidate fix=111011 chroma_seq=11545 chroma_flatness=0.1101 chroma_norm_max=1.0239 chroma_norm_mean=0.9139 chroma_final_max=0.1389 chroma_final_mean=0.1224 agc_gain=0.5145 bloom_alpha=0.9900 bloom_shift=1.0000 wave_idle=0.9850 wave_raw_margin=1.1000 wave_peak_floor=0.0800 wave_vu_floor=0.0200 wave_shift=120.0000 render_us=599 render_avg=673 render_max=1029
[1781486572.932] [AP] SSL=176 DC=-4698 max_raw=179 follower=338 peak_scaled=0.416 response_gain=3.000 silent_scale=1.000 silence=0 cal_source=config cal_valid=1 cal_reason=none | bpm=94.0 conf=0.00 lock=0 phase=0.12 beat=0 bstr=0.02 | onset=0 bass=1 ostr=0.02
[1781486573.590] [VP] profile=candidate fix=111011 chroma_seq=11746 chroma_flatness=0.1460 chroma_norm_max=1.0186 chroma_norm_mean=0.8726 chroma_final_max=0.3031 chroma_final_mean=0.2550 agc_gain=0.4891 bloom_alpha=0.9900 bloom_shift=1.0000 wave_idle=0.9850 wave_raw_margin=1.1000 wave_peak_floor=0.0800 wave_vu_floor=0.0200 wave_shift=120.0000 render_us=698 render_avg=678 render_max=1029
[1781486573.937] [AP] SSL=176 DC=-4698 max_raw=243 follower=338 peak_scaled=0.446 response_gain=3.000 silent_scale=1.000 silence=0 cal_source=config cal_valid=1 cal_reason=none | bpm=94.0 conf=0.00 lock=0 phase=0.68 beat=0 bstr=0.02 | onset=0 bass=0 ostr=0.00
[1781486574.590] [VP] profile=candidate fix=111011 chroma_seq=11946 chroma_flatness=0.0945 chroma_norm_max=1.0013 chroma_norm_mean=0.9069 chroma_final_max=0.0652 chroma_final_mean=0.0584 agc_gain=0.5101 bloom_alpha=0.9900 bloom_shift=1.0000 wave_idle=0.9850 wave_raw_margin=1.1000 wave_peak_floor=0.0800 wave_vu_floor=0.0200 wave_shift=120.0000 render_us=671 render_avg=654 render_max=1029
[1781486574.941] [AP] SSL=176 DC=-4698 max_raw=217 follower=270 peak_scaled=0.474 response_gain=3.000 silent_scale=1.000 silence=0 cal_source=config cal_valid=1 cal_reason=none | bpm=94.0 conf=0.00 lock=0 phase=0.26 beat=0 bstr=0.02 | onset=0 bass=1 ostr=0.02
[1781486575.591] [VP] profile=candidate fix=111011 chroma_seq=12147 chroma_flatness=0.0787 chroma_norm_max=1.0201 chroma_norm_mean=0.9414 chroma_final_max=0.0000 chroma_final_mean=0.0000 agc_gain=0.5312 bloom_alpha=0.9900 bloom_shift=1.0000 wave_idle=0.9850 wave_raw_margin=1.1000 wave_peak_floor=0.0800 wave_vu_floor=0.0200 wave_shift=120.0000 render_us=590 render_avg=628 render_max=1029
[1781486575.947] [AP] SSL=176 DC=-4698 max_raw=217 follower=239 peak_scaled=0.759 response_gain=3.000 silent_scale=1.000 silence=0 cal_source=config cal_valid=1 cal_reason=none | bpm=94.0 conf=0.00 lock=0 phase=0.85 beat=0 bstr=0.01 | onset=1 bass=0 ostr=0.00
[1781486576.605] [VP] profile=candidate fix=111011 chroma_seq=12350 chroma_flatness=0.0965 chroma_norm_max=1.0316 chroma_norm_mean=0.9351 chroma_final_max=0.0769 chroma_final_mean=0.0689 agc_gain=0.5285 bloom_alpha=0.9900 bloom_shift=1.0000 wave_idle=0.9850 wave_raw_margin=1.1000 wave_peak_floor=0.0800 wave_vu_floor=0.0200 wave_shift=120.0000 render_us=651 render_avg=638 render_max=1029
[1781486576.951] [AP] SSL=176 DC=-4698 max_raw=134 follower=305 peak_scaled=0.982 response_gain=3.000 silent_scale=1.000 silence=0 cal_source=config cal_valid=1 cal_reason=none | bpm=94.0 conf=0.00 lock=0 phase=0.40 beat=0 bstr=0.02 | onset=1 bass=0 ostr=0.00
[1781486577.606] [VP] profile=candidate fix=111011 chroma_seq=12551 chroma_flatness=0.1093 chroma_norm_max=1.0445 chroma_norm_mean=0.9352 chroma_final_max=0.1384 chroma_final_mean=0.1224 agc_gain=0.5346 bloom_alpha=0.9900 bloom_shift=1.0000 wave_idle=0.9850 wave_raw_margin=1.1000 wave_peak_floor=0.0800 wave_vu_floor=0.0200 wave_shift=120.0000 render_us=656 render_avg=616 render_max=1029
[1781486577.957] [AP] SSL=176 DC=-4698 max_raw=279 follower=280 peak_scaled=1.015 response_gain=3.000 silent_scale=1.000 silence=0 cal_source=config cal_valid=1 cal_reason=none | bpm=101.0 conf=0.00 lock=0 phase=0.01 beat=0 bstr=0.44 | onset=0 bass=1 ostr=0.02
[1781486578.607] [VP] profile=candidate fix=111011 chroma_seq=12752 chroma_flatness=0.0751 chroma_norm_max=1.0078 chroma_norm_mean=0.9327 chroma_final_max=0.0000 chroma_final_mean=0.0000 agc_gain=0.5290 bloom_alpha=0.9900 bloom_shift=1.0000 wave_idle=0.9850 wave_raw_margin=1.1000 wave_peak_floor=0.0800 wave_vu_floor=0.0200 wave_shift=120.0000 render_us=594 render_avg=643 render_max=1029
[1781486578.962] [AP] SSL=176 DC=-4698 max_raw=210 follower=406 peak_scaled=0.687 response_gain=3.000 silent_scale=1.000 silence=0 cal_source=config cal_valid=1 cal_reason=none | bpm=101.0 conf=0.00 lock=0 phase=0.72 beat=0 bstr=0.18 | onset=1 bass=0 ostr=0.00
[1781486579.622] [VP] profile=candidate fix=111011 chroma_seq=12956 chroma_flatness=0.1175 chroma_norm_max=1.0146 chroma_norm_mean=0.8970 chroma_final_max=0.1716 chroma_final_mean=0.1496 agc_gain=0.5289 bloom_alpha=0.9900 bloom_shift=1.0000 wave_idle=0.9850 wave_raw_margin=1.1000 wave_peak_floor=0.0800 wave_vu_floor=0.0200 wave_shift=120.0000 render_us=677 render_avg=692 render_max=1029
[1781486579.966] [AP] SSL=176 DC=-4698 max_raw=234 follower=231 peak_scaled=0.651 response_gain=3.000 silent_scale=1.000 silence=0 cal_source=config cal_valid=1 cal_reason=none | bpm=101.0 conf=0.00 lock=0 phase=0.38 beat=0 bstr=0.07 | onset=1 bass=0 ostr=0.00
[1781486580.621] [VP] profile=candidate fix=111011 chroma_seq=13156 chroma_flatness=0.0919 chroma_norm_max=0.9828 chroma_norm_mean=0.8910 chroma_final_max=0.0525 chroma_final_mean=0.0470 agc_gain=0.5279 bloom_alpha=0.9900 bloom_shift=1.0000 wave_idle=0.9850 wave_raw_margin=1.1000 wave_peak_floor=0.0800 wave_vu_floor=0.0200 wave_shift=120.0000 render_us=655 render_avg=637 render_max=1029
[1781486580.972] [AP] SSL=176 DC=-4698 max_raw=157 follower=319 peak_scaled=0.380 response_gain=3.000 silent_scale=1.000 silence=0 cal_source=config cal_valid=1 cal_reason=none | bpm=101.0 conf=0.00 lock=0 phase=0.08 beat=0 bstr=0.03 | onset=0 bass=1 ostr=0.02
[1781486581.625] [VP] profile=candidate fix=111011 chroma_seq=13358 chroma_flatness=0.0971 chroma_norm_max=1.0322 chroma_norm_mean=0.9351 chroma_final_max=0.0796 chroma_final_mean=0.0713 agc_gain=0.5387 bloom_alpha=0.9900 bloom_shift=1.0000 wave_idle=0.9850 wave_raw_margin=1.1000 wave_peak_floor=0.0800 wave_vu_floor=0.0200 wave_shift=120.0000 render_us=666 render_avg=638 render_max=1029
[1781486581.978] [AP] SSL=176 DC=-4698 max_raw=188 follower=255 peak_scaled=0.557 response_gain=3.000 silent_scale=1.000 silence=0 cal_source=config cal_valid=1 cal_reason=none | bpm=101.0 conf=0.00 lock=0 phase=0.79 beat=0 bstr=0.03 | onset=0 bass=0 ostr=0.00
[1781486582.636] [VP] profile=candidate fix=111011 chroma_seq=13560 chroma_flatness=0.1328 chroma_norm_max=1.0215 chroma_norm_mean=0.8887 chroma_final_max=0.2433 chroma_final_mean=0.2082 agc_gain=0.5439 bloom_alpha=0.9900 bloom_shift=1.0000 wave_idle=0.9850 wave_raw_margin=1.1000 wave_peak_floor=0.0800 wave_vu_floor=0.0200 wave_shift=120.0000 render_us=697 render_avg=647 render_max=1029
[1781486582.982] [AP] SSL=176 DC=-4698 max_raw=202 follower=295 peak_scaled=0.529 response_gain=3.000 silent_scale=1.000 silence=0 cal_source=config cal_valid=1 cal_reason=none | bpm=101.0 conf=0.00 lock=0 phase=0.46 beat=0 bstr=0.03 | onset=0 bass=0 ostr=0.00
[1781486583.636] [VP] profile=candidate fix=111011 chroma_seq=13761 chroma_flatness=0.1423 chroma_norm_max=1.0231 chroma_norm_mean=0.8809 chroma_final_max=0.2875 chroma_final_mean=0.2431 agc_gain=0.5105 bloom_alpha=0.9900 bloom_shift=1.0000 wave_idle=0.9850 wave_raw_margin=1.1000 wave_peak_floor=0.0800 wave_vu_floor=0.0200 wave_shift=120.0000 render_us=718 render_avg=681 render_max=1029
[1781486583.987] [AP] SSL=176 DC=-4698 max_raw=162 follower=305 peak_scaled=0.279 response_gain=3.000 silent_scale=1.000 silence=0 cal_source=config cal_valid=1 cal_reason=none | bpm=101.0 conf=0.00 lock=0 phase=0.16 beat=0 bstr=0.07 | onset=0 bass=1 ostr=0.02
[1781486584.636] [VP] profile=candidate fix=111011 chroma_seq=13962 chroma_flatness=0.0640 chroma_norm_max=0.9920 chroma_norm_mean=0.9280 chroma_final_max=0.0000 chroma_final_mean=0.0000 agc_gain=0.5214 bloom_alpha=0.9900 bloom_shift=1.0000 wave_idle=0.9850 wave_raw_margin=1.1000 wave_peak_floor=0.0800 wave_vu_floor=0.0200 wave_shift=120.0000 render_us=584 render_avg=608 render_max=1029
[1781486584.992] [AP] SSL=176 DC=-4698 max_raw=174 follower=182 peak_scaled=0.202 response_gain=3.000 silent_scale=1.000 silence=0 cal_source=config cal_valid=1 cal_reason=none | bpm=101.0 conf=0.00 lock=0 phase=0.87 beat=0 bstr=0.15 | onset=0 bass=1 ostr=0.02
[1781486585.641] [VP] profile=candidate fix=111011 chroma_seq=14164 chroma_flatness=0.0890 chroma_norm_max=1.0038 chroma_norm_mean=0.9147 chroma_final_max=0.0408 chroma_final_mean=0.0368 agc_gain=0.5443 bloom_alpha=0.9900 bloom_shift=1.0000 wave_idle=0.9850 wave_raw_margin=1.1000 wave_peak_floor=0.0800 wave_vu_floor=0.0200 wave_shift=120.0000 render_us=677 render_avg=681 render_max=1029
[1781486585.998] [AP] SSL=176 DC=-4698 max_raw=152 follower=209 peak_scaled=0.232 response_gain=3.000 silent_scale=1.000 silence=0 cal_source=config cal_valid=1 cal_reason=none | bpm=101.0 conf=0.00 lock=0 phase=0.53 beat=0 bstr=0.28 | onset=0 bass=0 ostr=0.00
[1781486586.642] [VP] profile=candidate fix=111011 chroma_seq=14365 chroma_flatness=0.0735 chroma_norm_max=0.9734 chroma_norm_mean=0.8998 chroma_final_max=0.0000 chroma_final_mean=0.0000 agc_gain=0.5469 bloom_alpha=0.9900 bloom_shift=1.0000 wave_idle=0.9850 wave_raw_margin=1.1000 wave_peak_floor=0.0800 wave_vu_floor=0.0200 wave_shift=120.0000 render_us=595 render_avg=632 render_max=1029
[1781486587.003] [AP] SSL=176 DC=-4698 max_raw=123 follower=207 peak_scaled=0.455 response_gain=3.000 silent_scale=1.000 silence=0 cal_source=config cal_valid=1 cal_reason=none | bpm=101.0 conf=0.00 lock=0 phase=0.23 beat=0 bstr=0.34 | onset=0 bass=0 ostr=0.00
[1781486587.641] [VP] profile=candidate fix=111011 chroma_seq=14565 chroma_flatness=0.0816 chroma_norm_max=0.9892 chroma_norm_mean=0.9077 chroma_final_max=0.0070 chroma_final_mean=0.0063 agc_gain=0.5584 bloom_alpha=0.9900 bloom_shift=1.0000 wave_idle=0.9850 wave_raw_margin=1.1000 wave_peak_floor=0.0800 wave_vu_floor=0.0200 wave_shift=120.0000 render_us=661 render_avg=617 render_max=1029
[1781486588.008] [AP] SSL=176 DC=-4698 max_raw=270 follower=210 peak_scaled=1.108 response_gain=3.000 silent_scale=1.000 silence=0 cal_source=config cal_valid=1 cal_reason=none | bpm=101.0 conf=0.00 lock=0 phase=0.94 beat=0 bstr=0.32 | onset=0 bass=1 ostr=0.02
[1781486588.646] [VP] profile=candidate fix=111011 chroma_seq=14767 chroma_flatness=0.1150 chroma_norm_max=1.0193 chroma_norm_mean=0.9043 chroma_final_max=0.1611 chroma_final_mean=0.1409 agc_gain=0.5388 bloom_alpha=0.9900 bloom_shift=1.0000 wave_idle=0.9850 wave_raw_margin=1.1000 wave_peak_floor=0.0800 wave_vu_floor=0.0200 wave_shift=120.0000 render_us=657 render_avg=657 render_max=1029
[1781486589.013] [AP] SSL=176 DC=-4698 max_raw=183 follower=182 peak_scaled=0.534 response_gain=3.000 silent_scale=1.000 silence=0 cal_source=config cal_valid=1 cal_reason=none | bpm=101.0 conf=0.00 lock=0 phase=0.61 beat=0 bstr=0.14 | onset=0 bass=0 ostr=0.00
[1781486589.656] [VP] profile=candidate fix=111011 chroma_seq=14970 chroma_flatness=0.0836 chroma_norm_max=0.9771 chroma_norm_mean=0.8935 chroma_final_max=0.0159 chroma_final_mean=0.0144 agc_gain=0.5465 bloom_alpha=0.9900 bloom_shift=1.0000 wave_idle=0.9850 wave_raw_margin=1.1000 wave_peak_floor=0.0800 wave_vu_floor=0.0200 wave_shift=120.0000 render_us=648 render_avg=633 render_max=1029
[1781486590.018] [AP] SSL=176 DC=-4698 max_raw=225 follower=232 peak_scaled=0.453 response_gain=3.000 silent_scale=1.000 silence=0 cal_source=config cal_valid=1 cal_reason=none | bpm=101.0 conf=0.00 lock=0 phase=0.31 beat=0 bstr=0.11 | onset=0 bass=0 ostr=0.00
[1781486590.657] [VP] profile=candidate fix=111011 chroma_seq=15171 chroma_flatness=0.0692 chroma_norm_max=0.9507 chroma_norm_mean=0.8815 chroma_final_max=0.0000 chroma_final_mean=0.0000 agc_gain=0.5489 bloom_alpha=0.9900 bloom_shift=1.0000 wave_idle=0.9850 wave_raw_margin=1.1000 wave_peak_floor=0.0800 wave_vu_floor=0.0200 wave_shift=120.0000 render_us=624 render_avg=683 render_max=1029
[1781486591.023] [AP] SSL=176 DC=-4698 max_raw=133 follower=183 peak_scaled=0.524 response_gain=3.000 silent_scale=1.000 silence=0 cal_source=config cal_valid=1 cal_reason=none | bpm=101.0 conf=0.00 lock=0 phase=0.02 beat=0 bstr=0.11 | onset=0 bass=1 ostr=0.02
[1781486591.661] [VP] profile=candidate fix=111011 chroma_seq=15372 chroma_flatness=0.0826 chroma_norm_max=0.9743 chroma_norm_mean=0.8917 chroma_final_max=0.0115 chroma_final_mean=0.0104 agc_gain=0.5551 bloom_alpha=0.9900 bloom_shift=1.0000 wave_idle=0.9850 wave_raw_margin=1.1000 wave_peak_floor=0.0800 wave_vu_floor=0.0200 wave_shift=120.0000 render_us=657 render_avg=644 render_max=1029
[1781486592.028] [AP] SSL=176 DC=-4698 max_raw=133 follower=207 peak_scaled=0.372 response_gain=3.000 silent_scale=1.000 silence=0 cal_source=config cal_valid=1 cal_reason=none | bpm=101.0 conf=0.00 lock=0 phase=0.68 beat=0 bstr=0.42 | onset=0 bass=0 ostr=0.00
[1781486592.671] [VP] profile=candidate fix=111011 chroma_seq=15575 chroma_flatness=0.0982 chroma_norm_max=0.9466 chroma_norm_mean=0.8484 chroma_final_max=0.0770 chroma_final_mean=0.0680 agc_gain=0.5390 bloom_alpha=0.9900 bloom_shift=1.0000 wave_idle=0.9850 wave_raw_margin=1.1000 wave_peak_floor=0.0800 wave_vu_floor=0.0200 wave_shift=120.0000 render_us=645 render_avg=622 render_max=1029
[1781486593.033] [AP] SSL=176 DC=-4698 max_raw=155 follower=208 peak_scaled=0.311 response_gain=3.000 silent_scale=1.000 silence=0 cal_source=config cal_valid=1 cal_reason=none | bpm=101.0 conf=0.00 lock=0 phase=0.38 beat=0 bstr=0.66 | onset=0 bass=1 ostr=0.02
[1781486593.671] [VP] profile=candidate fix=111011 chroma_seq=15776 chroma_flatness=0.1135 chroma_norm_max=1.0192 chroma_norm_mean=0.9057 chroma_final_max=0.1541 chroma_final_mean=0.1350 agc_gain=0.5439 bloom_alpha=0.9900 bloom_shift=1.0000 wave_idle=0.9850 wave_raw_margin=1.1000 wave_peak_floor=0.0800 wave_vu_floor=0.0200 wave_shift=120.0000 render_us=652 render_avg=683 render_max=1029
[1781486594.037] [AP] SSL=176 DC=-4698 max_raw=150 follower=229 peak_scaled=0.151 response_gain=3.000 silent_scale=1.000 silence=0 cal_source=config cal_valid=1 cal_reason=none | bpm=101.0 conf=0.00 lock=0 phase=0.09 beat=0 bstr=0.36 | onset=0 bass=1 ostr=0.03
[1781486594.676] [VP] profile=candidate fix=111011 chroma_seq=15978 chroma_flatness=0.0840 chroma_norm_max=1.0249 chroma_norm_mean=0.9409 chroma_final_max=0.0185 chroma_final_mean=0.0168 agc_gain=0.5510 bloom_alpha=0.9900 bloom_shift=1.0000 wave_idle=0.9850 wave_raw_margin=1.1000 wave_peak_floor=0.0800 wave_vu_floor=0.0200 wave_shift=120.0000 render_us=664 render_avg=639 render_max=1029
[1781486595.043] [AP] SSL=176 DC=-4698 max_raw=123 follower=218 peak_scaled=0.369 response_gain=3.000 silent_scale=1.000 silence=0 cal_source=config cal_valid=1 cal_reason=none | bpm=101.0 conf=0.00 lock=0 phase=0.76 beat=0 bstr=0.24 | onset=0 bass=0 ostr=0.00
[1781486595.687] [VP] profile=candidate fix=111011 chroma_seq=16181 chroma_flatness=0.0726 chroma_norm_max=1.0242 chroma_norm_mean=0.9517 chroma_final_max=0.0000 chroma_final_mean=0.0000 agc_gain=0.5573 bloom_alpha=0.9900 bloom_shift=1.0000 wave_idle=0.9850 wave_raw_margin=1.1000 wave_peak_floor=0.0800 wave_vu_floor=0.0200 wave_shift=120.0000 render_us=604 render_avg=649 render_max=1029
[1781486596.048] [AP] SSL=176 DC=-4698 max_raw=251 follower=193 peak_scaled=0.939 response_gain=3.000 silent_scale=1.000 silence=0 cal_source=config cal_valid=1 cal_reason=none | bpm=101.0 conf=0.00 lock=0 phase=0.46 beat=0 bstr=0.15 | onset=0 bass=0 ostr=0.00
[1781486596.687] [VP] profile=candidate fix=111011 chroma_seq=16381 chroma_flatness=0.0842 chroma_norm_max=1.0306 chroma_norm_mean=0.9464 chroma_final_max=0.0197 chroma_final_mean=0.0179 agc_gain=0.5535 bloom_alpha=0.9900 bloom_shift=1.0000 wave_idle=0.9850 wave_raw_margin=1.1000 wave_peak_floor=0.0800 wave_vu_floor=0.0200 wave_shift=120.0000 render_us=665 render_avg=636 render_max=1029
[1781486597.053] [AP] SSL=176 DC=-4698 max_raw=150 follower=211 peak_scaled=0.095 response_gain=3.000 silent_scale=1.000 silence=0 cal_source=config cal_valid=1 cal_reason=none | bpm=101.0 conf=0.00 lock=0 phase=0.17 beat=0 bstr=0.09 | onset=1 bass=0 ostr=0.00
[1781486597.686] [VP] profile=candidate fix=111011 chroma_seq=16582 chroma_flatness=0.0504 chroma_norm_max=0.9724 chroma_norm_mean=0.9221 chroma_final_max=0.0000 chroma_final_mean=0.0000 agc_gain=0.5509 bloom_alpha=0.9900 bloom_shift=1.0000 wave_idle=0.9850 wave_raw_margin=1.1000 wave_peak_floor=0.0800 wave_vu_floor=0.0200 wave_shift=120.0000 render_us=606 render_avg=604 render_max=1029
[1781486598.058] [AP] SSL=176 DC=-4698 max_raw=129 follower=239 peak_scaled=0.389 response_gain=3.000 silent_scale=1.000 silence=0 cal_source=config cal_valid=1 cal_reason=none | bpm=101.0 conf=0.00 lock=0 phase=0.83 beat=0 bstr=0.06 | onset=1 bass=0 ostr=0.00
[1781486598.701] [VP] profile=candidate fix=111011 chroma_seq=16786 chroma_flatness=0.1193 chroma_norm_max=1.0535 chroma_norm_mean=0.9342 chroma_final_max=0.1876 chroma_final_mean=0.1641 agc_gain=0.5434 bloom_alpha=0.9900 bloom_shift=1.0000 wave_idle=0.9850 wave_raw_margin=1.1000 wave_peak_floor=0.0800 wave_vu_floor=0.0200 wave_shift=120.0000 render_us=662 render_avg=642 render_max=1029
[1781486599.063] [AP] SSL=176 DC=-4698 max_raw=183 follower=220 peak_scaled=0.437 response_gain=3.000 silent_scale=1.000 silence=0 cal_source=config cal_valid=1 cal_reason=none | bpm=101.0 conf=0.00 lock=0 phase=0.53 beat=0 bstr=0.04 | onset=0 bass=0 ostr=0.00
[1781486599.701] [VP] profile=candidate fix=111011 chroma_seq=16987 chroma_flatness=0.1014 chroma_norm_max=1.0312 chroma_norm_mean=0.9299 chroma_final_max=0.0995 chroma_final_mean=0.0887 agc_gain=0.5487 bloom_alpha=0.9900 bloom_shift=1.0000 wave_idle=0.9850 wave_raw_margin=1.1000 wave_peak_floor=0.0800 wave_vu_floor=0.0200 wave_shift=120.0000 render_us=672 render_avg=644 render_max=1029
[1781486600.068] [AP] SSL=176 DC=-4698 max_raw=206 follower=280 peak_scaled=0.250 response_gain=3.000 silent_scale=1.000 silence=0 cal_source=config cal_valid=1 cal_reason=none | bpm=101.0 conf=0.00 lock=0 phase=0.24 beat=0 bstr=0.06 | onset=0 bass=1 ostr=0.02
[1781486600.706] [VP] profile=candidate fix=111011 chroma_seq=17189 chroma_flatness=0.0679 chroma_norm_max=1.0108 chroma_norm_mean=0.9429 chroma_final_max=0.0000 chroma_final_mean=0.0000 agc_gain=0.5606 bloom_alpha=0.9900 bloom_shift=1.0000 wave_idle=0.9850 wave_raw_margin=1.1000 wave_peak_floor=0.0800 wave_vu_floor=0.0200 wave_shift=120.0000 render_us=632 render_avg=672 render_max=1029
[1781486601.072] [AP] SSL=176 DC=-4698 max_raw=220 follower=251 peak_scaled=0.437 response_gain=3.000 silent_scale=1.000 silence=0 cal_source=config cal_valid=1 cal_reason=none | bpm=101.0 conf=0.00 lock=0 phase=0.91 beat=0 bstr=0.14 | onset=0 bass=0 ostr=0.00
[1781486601.716] [VP] profile=candidate fix=111011 chroma_seq=17391 chroma_flatness=0.1083 chroma_norm_max=1.0201 chroma_norm_mean=0.9118 chroma_final_max=0.1301 chroma_final_mean=0.1147 agc_gain=0.5587 bloom_alpha=0.9900 bloom_shift=1.0000 wave_idle=0.9850 wave_raw_margin=1.1000 wave_peak_floor=0.0800 wave_vu_floor=0.0200 wave_shift=120.0000 render_us=644 render_avg=640 render_max=1029
[1781486602.078] [AP] SSL=176 DC=-4698 max_raw=105 follower=215 peak_scaled=0.448 response_gain=3.000 silent_scale=1.000 silence=0 cal_source=config cal_valid=1 cal_reason=none | bpm=101.0 conf=0.00 lock=0 phase=0.61 beat=0 bstr=0.19 | onset=0 bass=1 ostr=0.02
[1781486602.716] [VP] profile=candidate fix=111011 chroma_seq=17592 chroma_flatness=0.0936 chroma_norm_max=0.9861 chroma_norm_mean=0.8926 chroma_final_max=0.0601 chroma_final_mean=0.0537 agc_gain=0.5504 bloom_alpha=0.9900 bloom_shift=1.0000 wave_idle=0.9850 wave_raw_margin=1.1000 wave_peak_floor=0.0800 wave_vu_floor=0.0200 wave_shift=120.0000 render_us=647 render_avg=640 render_max=1029
[1781486603.084] [AP] SSL=176 DC=-4698 max_raw=166 follower=196 peak_scaled=0.239 response_gain=3.000 silent_scale=1.000 silence=0 cal_source=config cal_valid=1 cal_reason=none | bpm=101.0 conf=0.00 lock=0 phase=0.32 beat=0 bstr=0.12 | onset=0 bass=0 ostr=0.00
[1781486603.717] [VP] profile=candidate fix=111011 chroma_seq=17793 chroma_flatness=0.1445 chroma_norm_max=1.0271 chroma_norm_mean=0.8826 chroma_final_max=0.2989 chroma_final_mean=0.2523 agc_gain=0.5471 bloom_alpha=0.9900 bloom_shift=1.0000 wave_idle=0.9850 wave_raw_margin=1.1000 wave_peak_floor=0.0800 wave_vu_floor=0.0200 wave_shift=120.0000 render_us=694 render_avg=699 render_max=1029
[1781486604.088] [AP] SSL=176 DC=-4698 max_raw=129 follower=189 peak_scaled=0.246 response_gain=3.000 silent_scale=1.000 silence=0 cal_source=config cal_valid=1 cal_reason=none | bpm=101.0 conf=0.00 lock=0 phase=0.98 beat=0 bstr=0.09 | onset=0 bass=0 ostr=0.00
[1781486604.722] [VP] profile=candidate fix=111011 chroma_seq=17995 chroma_flatness=0.0669 chroma_norm_max=0.9684 chroma_norm_mean=0.9014 chroma_final_max=0.0000 chroma_final_mean=0.0000 agc_gain=0.5446 bloom_alpha=0.9900 bloom_shift=1.0000 wave_idle=0.9850 wave_raw_margin=1.1000 wave_peak_floor=0.0800 wave_vu_floor=0.0200 wave_shift=120.0000 render_us=543 render_avg=616 render_max=1029
[1781486605.093] [AP] SSL=176 DC=-4698 max_raw=147 follower=178 peak_scaled=0.273 response_gain=3.000 silent_scale=1.000 silence=0 cal_source=config cal_valid=1 cal_reason=none | bpm=101.0 conf=0.00 lock=0 phase=0.68 beat=0 bstr=0.09 | onset=0 bass=1 ostr=0.02
[1781486605.721] [VP] profile=candidate fix=111011 chroma_seq=18196 chroma_flatness=0.0831 chroma_norm_max=0.9741 chroma_norm_mean=0.8910 chroma_final_max=0.0134 chroma_final_mean=0.0121 agc_gain=0.5487 bloom_alpha=0.9900 bloom_shift=1.0000 wave_idle=0.9850 wave_raw_margin=1.1000 wave_peak_floor=0.0800 wave_vu_floor=0.0200 wave_shift=120.0000 render_us=639 render_avg=646 render_max=1029
[1781486606.100] [AP] SSL=176 DC=-4698 max_raw=155 follower=204 peak_scaled=0.276 response_gain=3.000 silent_scale=1.000 silence=0 cal_source=config cal_valid=1 cal_reason=none | bpm=101.0 conf=0.00 lock=0 phase=0.39 beat=0 bstr=0.68 | onset=0 bass=1 ostr=0.02
[1781486606.722] [VP] profile=candidate fix=111011 chroma_seq=18397 chroma_flatness=0.1421 chroma_norm_max=1.0348 chroma_norm_mean=0.8927 chroma_final_max=0.2901 chroma_final_mean=0.2460 agc_gain=0.5463 bloom_alpha=0.9900 bloom_shift=1.0000 wave_idle=0.9850 wave_raw_margin=1.1000 wave_peak_floor=0.0800 wave_vu_floor=0.0200 wave_shift=120.0000 render_us=698 render_avg=658 render_max=1029
[1781486607.103] [AP] SSL=176 DC=-4698 max_raw=239 follower=213 peak_scaled=0.670 response_gain=3.000 silent_scale=1.000 silence=0 cal_source=config cal_valid=1 cal_reason=none | bpm=101.0 conf=0.00 lock=0 phase=0.06 beat=0 bstr=0.89 | onset=1 bass=0 ostr=0.00
[1781486607.727] [VP] profile=candidate fix=111011 chroma_seq=18599 chroma_flatness=0.1069 chroma_norm_max=1.0022 chroma_norm_mean=0.8952 chroma_final_max=0.1215 chroma_final_mean=0.1071 agc_gain=0.5453 bloom_alpha=0.9900 bloom_shift=1.0000 wave_idle=0.9850 wave_raw_margin=1.1000 wave_peak_floor=0.0800 wave_vu_floor=0.0200 wave_shift=120.0000 render_us=665 render_avg=685 render_max=1029
[1781486608.108] [AP] SSL=176 DC=-4698 max_raw=170 follower=280 peak_scaled=0.171 response_gain=3.000 silent_scale=1.000 silence=0 cal_source=config cal_valid=1 cal_reason=none | bpm=101.0 conf=0.00 lock=0 phase=0.76 beat=0 bstr=0.53 | onset=0 bass=0 ostr=0.00
[1781486608.737] [VP] profile=candidate fix=111011 chroma_seq=18802 chroma_flatness=0.1575 chroma_norm_max=1.0224 chroma_norm_mean=0.8649 chroma_final_max=0.3574 chroma_final_mean=0.2964 agc_gain=0.5343 bloom_alpha=0.9900 bloom_shift=1.0000 wave_idle=0.9850 wave_raw_margin=1.1000 wave_peak_floor=0.0800 wave_vu_floor=0.0200 wave_shift=120.0000 render_us=707 render_avg=737 render_max=1029
[1781486609.113] [AP] SSL=176 DC=-4698 max_raw=123 follower=249 peak_scaled=0.363 response_gain=3.000 silent_scale=1.000 silence=0 cal_source=config cal_valid=1 cal_reason=none | bpm=101.0 conf=0.00 lock=0 phase=0.47 beat=0 bstr=0.35 | onset=1 bass=0 ostr=0.00
[1781486609.736] [VP] profile=candidate fix=111011 chroma_seq=19002 chroma_flatness=0.1415 chroma_norm_max=1.0396 chroma_norm_mean=0.8981 chroma_final_max=0.2892 chroma_final_mean=0.2456 agc_gain=0.5473 bloom_alpha=0.9900 bloom_shift=1.0000 wave_idle=0.9850 wave_raw_margin=1.1000 wave_peak_floor=0.0800 wave_vu_floor=0.0200 wave_shift=120.0000 render_us=686 render_avg=681 render_max=1029
[1781486610.118] [AP] SSL=176 DC=-4698 max_raw=184 follower=276 peak_scaled=0.078 response_gain=3.000 silent_scale=1.000 silence=0 cal_source=config cal_valid=1 cal_reason=none | bpm=101.0 conf=0.00 lock=0 phase=0.13 beat=0 bstr=0.17 | onset=1 bass=0 ostr=0.00
[1781486610.742] [VP] profile=candidate fix=111011 chroma_seq=19204 chroma_flatness=0.0722 chroma_norm_max=0.9816 chroma_norm_mean=0.9093 chroma_final_max=0.0000 chroma_final_mean=0.0000 agc_gain=0.5451 bloom_alpha=0.9900 bloom_shift=1.0000 wave_idle=0.9850 wave_raw_margin=1.1000 wave_peak_floor=0.0800 wave_vu_floor=0.0200 wave_shift=120.0000 render_us=590 render_avg=613 render_max=1029
[1781486611.123] [AP] SSL=176 DC=-4698 max_raw=123 follower=262 peak_scaled=0.056 response_gain=3.000 silent_scale=1.000 silence=0 cal_source=config cal_valid=1 cal_reason=none | bpm=101.0 conf=0.00 lock=0 phase=0.83 beat=0 bstr=0.36 | onset=0 bass=0 ostr=0.00
[1781486611.752] [VP] profile=candidate fix=111011 chroma_seq=19407 chroma_flatness=0.1008 chroma_norm_max=1.0088 chroma_norm_mean=0.9080 chroma_final_max=0.0946 chroma_final_mean=0.0841 agc_gain=0.5471 bloom_alpha=0.9900 bloom_shift=1.0000 wave_idle=0.9850 wave_raw_margin=1.1000 wave_peak_floor=0.0800 wave_vu_floor=0.0200 wave_shift=120.0000 render_us=662 render_avg=646 render_max=1029
[1781486612.129] [AP] SSL=176 DC=-4698 max_raw=207 follower=248 peak_scaled=0.346 response_gain=3.000 silent_scale=1.000 silence=0 cal_source=config cal_valid=1 cal_reason=none | bpm=101.0 conf=0.00 lock=0 phase=0.54 beat=0 bstr=0.45 | onset=0 bass=0 ostr=0.00
[1781486612.762] [VP] profile=candidate fix=111011 chroma_seq=19610 chroma_flatness=0.1061 chroma_norm_max=0.9729 chroma_norm_mean=0.8668 chroma_final_max=0.1141 chroma_final_mean=0.1002 agc_gain=0.5288 bloom_alpha=0.9900 bloom_shift=1.0000 wave_idle=0.9850 wave_raw_margin=1.1000 wave_peak_floor=0.0800 wave_vu_floor=0.0200 wave_shift=120.0000 render_us=651 render_avg=687 render_max=1029
[1781486612.883] >>> :smart_status
[1781486612.891] sbr{{
[1781486612.891] SMART_ASSIST: off
[1781486612.891] SMART_SWITCHING: off
[1781486612.891] SMART_DIRECTOR_AUTONOMY: off
[1781486612.891] SMART_HOOKS: off
[1781486612.891] SMART_CONFIDENCE_FLOOR: 0.080
[1781486612.891] SMART_APPLIED_MODE: 3
[1781486612.891] SMART_LAST_REQUESTED_MODE: 3
[1781486612.891] SMART_SWITCHES_IN_WINDOW: 0
[1781486612.891] SMART_MANUAL_OWNER_ACTIVE: 0
[1781486612.891] SMART_LAST_REASON: 0
[1781486612.891] SMART_STATE: 0
[1781486612.891] SMART_INTENT_MODE: 3
[1781486612.891] SMART_INTENT_CONFIDENCE: 0.000
[1781486612.892] SMART_INTENT_WANTS_SWITCH: 0
[1781486612.892] SMART_SCALAR_PHOTONS: 1.000
[1781486612.892] SMART_SCALAR_CHROMA: 1.000
[1781486612.892] SMART_SCALAR_MOOD: 1.000
[1781486612.892] SMART_SCALAR_SATURATION: 1.000
[1781486612.892] SMART_PALETTE_OVERLAY: 0
[1781486612.892] SMART_PALETTE_INDEX: 0
[1781486612.892] SMART_AUTO_COLOUR_SHIFT: 0
[1781486612.892] SMART_MIN_DWELL_MS: 8000
[1781486612.892] SMART_COOLDOWN_MS: 20000
[1781486612.892] SMART_SWITCH_WINDOW_MS: 60000
[1781486612.892] SMART_MAX_SWITCHES: 2
[1781486612.893] SMART_AUDIO_NOVELTY: 0.0368
[1781486612.893] SMART_AUDIO_ENERGY: 0.2351
[1781486612.893] SMART_EVENT_ID: 784
[1781486612.893] SMART_EVENT_AGE_MS: 0
[1781486612.893] SMART_ONSET: 0
[1781486612.893] SMART_BASS_ONSET: 1
[1781486612.893] SMART_BEAT_CONFIDENCE: 0.000
[1781486612.894] SMART_TRANSIENT: 0
[1781486612.894] SMART_KICK: 1
[1781486612.894] SMART_SNARE: 0
[1781486612.894] SMART_HIHAT: 0
[1781486612.894] SMART_TRANSIENT_LEVEL: 0.000
[1781486612.894] SMART_KICK_LEVEL: 0.018
[1781486612.894] SMART_SNARE_LEVEL: 0.000
[1781486612.895] SMART_HIHAT_LEVEL: 0.011
[1781486612.895] SMART_SNARE_EVENT_ID: 250
[1781486612.895] SMART_HIHAT_EVENT_ID: 1165
[1781486612.895] }}
[1781486613.134] [AP] SSL=176 DC=-4698 max_raw=166 follower=235 peak_scaled=0.761 response_gain=3.000 silent_scale=1.000 silence=0 cal_source=config cal_valid=1 cal_reason=none | bpm=101.0 conf=0.00 lock=0 phase=0.21 beat=0 bstr=0.35 | onset=0 bass=1 ostr=0.03
[1781486613.603] >>> :dump
[1781486613.611] sbr{{
[1781486613.611] FIRMWARE_VERSION: 40103
[1781486613.611] CHIP ID: F887A500
[1781486613.611] noise_button.pressed: 0
[1781486613.611] noise_button.last_down: 0
[1781486613.611] noise_button.last_up: 0
[1781486613.611] noise_button.pin: 255
[1781486613.611] mode_button.pressed: 0
[1781486613.611] mode_button.last_down: 0
[1781486613.612] mode_button.last_up: 0
[1781486613.612] mode_button.pin: 255
[1781486613.612] CONFIG.PHOTONS: 0.650000
[1781486613.612] CONFIG.CHROMA: 0.000000
[1781486613.612] CONFIG.MOOD: 0.150000
[1781486613.612] CONFIG.LIGHTSHOW_MODE: 8
[1781486613.613] CONFIG.MIRROR_ENABLED: 1
[1781486613.613] CONFIG.CHROMAGRAM_RANGE: 60
[1781486613.613] CONFIG.SAMPLE_RATE: 12800
[1781486613.613] CONFIG.NOTE_OFFSET: 12
[1781486613.613] CONFIG.SQUARE_ITER: 1.00
[1781486613.613] CONFIG.LED_TYPE: 0
[1781486613.613] CONFIG.LED_COUNT: 160
[1781486613.613] CONFIG.LED_COLOR_ORDER: 66
[1781486613.613] CONFIG.SAMPLES_PER_CHUNK: 96
[1781486613.613] CONFIG.SENSITIVITY: 2.400000
[1781486613.614] AUDIO_RESPONSE_GAIN: 3.000000
[1781486613.614] CONFIG.BOOT_ANIMATION: 1
[1781486613.614] CONFIG.SWEET_SPOT_MIN_LEVEL: 176
[1781486613.614] CONFIG.SWEET_SPOT_MAX_LEVEL: 30000
[1781486613.614] CONFIG.DC_OFFSET: -4698
[1781486613.614] CAL_SOURCE: config
[1781486613.614] CAL_VALID: 1
[1781486613.614] CAL_PROFILE_LOADED: 0
[1781486613.614] NOISE_CAL_REASON: none
[1781486613.614] NOISE_CAL_DC_SAMPLES: 0
[1781486613.614] NOISE_CAL_SSL_P50: 0.0
[1781486613.614] NOISE_CAL_SSL_P90: 0.0
[1781486613.615] CONFIG.STANDBY_DIMMING: 0
[1781486613.615] CONFIG.REVERSE_ORDER: 0
[1781486613.615] CONFIG.MAX_CURRENT_MA: 1500
[1781486613.615] CONFIG.TEMPORAL_DITHERING: 1
[1781486613.615] CONFIG.AUTO_COLOR_SHIFT: 0
[1781486613.615] CONFIG.INCANDESCENT_FILTER: 0.00
[1781486613.615] CONFIG.INCANDESCENT_MODE: 0
[1781486613.615] CONFIG.BULB_OPACITY: 0.00
[1781486613.617] CONFIG.SATURATION: 1.00
[1781486613.617] CONFIG.PRISM_COUNT: 1.00
[1781486613.617] CONFIG.BASE_COAT: 0
[1781486613.617] CONFIG.BASE_COAT_INTENSITY: 0.000
[1781486613.617] MASTER_BRIGHTNESS: 1.00
[1781486613.617] stream_audio: 0
[1781486613.617] stream_fps: 0
[1781486613.617] stream_max_mags: 0
[1781486613.617] stream_max_mags_followers: 0
[1781486613.617] stream_magnitudes: 0
[1781486613.617] stream_spectrogram: 0
[1781486613.617] stream_chromagram: 0
[1781486613.617] debug_mode: 0
[1781486613.617] noise_complete: 1
[1781486613.617] noise_iterations: 0
[1781486613.617] next_save_time: 0
[1781486613.617] settings_updated: 0
[1781486613.617] I2S_PORT: 0
[1781486613.617] SAMPLE_HISTORY_LENGTH: 4096
[1781486613.617] silence: 0
[1781486613.617] mode_destination: -1
[1781486613.618] SYSTEM_FPS: 167.90
[1781486613.618] LED_FPS: 200.99
[1781486613.618] }}
[1781486613.767] [VP] profile=candidate fix=111011 chroma_seq=19811 chroma_flatness=0.0911 chroma_norm_max=0.9991 chroma_norm_mean=0.9085 chroma_final_max=0.0835 chroma_final_mean=0.0744 agc_gain=0.5362 bloom_alpha=0.9900 bloom_shift=1.0000 wave_idle=0.9850 wave_raw_margin=1.1000 wave_peak_floor=0.0800 wave_vu_floor=0.0200 wave_shift=120.0000 render_us=644 render_avg=672 render_max=1029
[1781486614.138] [AP] SSL=176 DC=-4698 max_raw=170 follower=211 peak_scaled=0.445 response_gain=3.000 silent_scale=1.000 silence=0 cal_source=config cal_valid=1 cal_reason=none | bpm=101.0 conf=0.00 lock=0 phase=0.91 beat=0 bstr=0.18 | onset=0 bass=0 ostr=0.00
[1781486614.316] >>> :ap_stream=off
[1781486614.332] sbr{{
[1781486614.332] AP_STREAM: off
[1781486614.332] }}
[1781486614.767] [VP] profile=candidate fix=111011 chroma_seq=20012 chroma_flatness=0.1738 chroma_norm_max=1.0448 chroma_norm_mean=0.8710 chroma_final_max=0.4429 chroma_final_mean=0.3490 agc_gain=0.5506 bloom_alpha=0.9900 bloom_shift=1.0000 wave_idle=0.9850 wave_raw_margin=1.1000 wave_peak_floor=0.0800 wave_vu_floor=0.0200 wave_shift=120.0000 render_us=739 render_avg=697 render_max=1029
[1781486615.031] >>> :vp_stream=off
[1781486615.031] sbr{{
[1781486615.031] VP_STREAM: off
[1781486615.031] }}
[1781486615.746] >>> :ap_stream=off
[1781486615.751] sbr{{
[1781486615.751] AP_STREAM: off
[1781486615.751] }}
[1781486615.897] >>> :vp_stream=off
[1781486615.907] sbr{{
[1781486615.907] VP_STREAM: off
[1781486615.907] }}
[1781486616.049] >>> :vp_perf=stop
[1781486616.066] sbr{{
[1781486616.066] VP_PERF: disabled (compile with ENABLE_VP_PERF_AUDIT=1)
[1781486616.066] }}
[1781486616.208] >>> :stop
[1781486616.222] SBOK
