[2026-06-01T21:24:51+0800] COMMAND :version # identity
[2026-06-01T21:24:51+0800] SERIAL sbr{{
[2026-06-01T21:24:51+0800] SERIAL VERSION: 40103
[2026-06-01T21:24:51+0800] SERIAL }}
[2026-06-01T21:24:53+0800] COMMAND :chip_id # identity
[2026-06-01T21:24:53+0800] SERIAL sbr{{
[2026-06-01T21:24:53+0800] SERIAL F887A500
[2026-06-01T21:24:53+0800] SERIAL }}
[2026-06-01T21:24:54+0800] COMMAND :smart_scene=auto # baseline smart owner clear
[2026-06-01T21:24:55+0800] SERIAL sbr{{
[2026-06-01T21:24:55+0800] SERIAL SMART_ASSIST: on
[2026-06-01T21:24:55+0800] SERIAL SMART_SWITCHING: on
[2026-06-01T21:24:55+0800] SERIAL SMART_DIRECTOR_AUTONOMY: on
[2026-06-01T21:24:55+0800] SERIAL SMART_HOOKS: on
[2026-06-01T21:24:55+0800] SERIAL SMART_CONFIDENCE_FLOOR: 0.070
[2026-06-01T21:24:55+0800] SERIAL SMART_APPLIED_MODE: 3
[2026-06-01T21:24:55+0800] SERIAL SMART_LAST_REQUESTED_MODE: 3
[2026-06-01T21:24:55+0800] SERIAL SMART_SWITCHES_IN_WINDOW: 0
[2026-06-01T21:24:55+0800] SERIAL SMART_MANUAL_OWNER_ACTIVE: 0
[2026-06-01T21:24:55+0800] SERIAL SMART_LAST_REASON: 0
[2026-06-01T21:24:55+0800] SERIAL SMART_STATE: 2
[2026-06-01T21:24:55+0800] SERIAL SMART_INTENT_MODE: 10
[2026-06-01T21:24:55+0800] SERIAL SMART_INTENT_CONFIDENCE: 0.073
[2026-06-01T21:24:55+0800] SERIAL SMART_INTENT_WANTS_SWITCH: 1
[2026-06-01T21:24:55+0800] SERIAL SMART_SCALAR_PHOTONS: 1.000
[2026-06-01T21:24:55+0800] SERIAL SMART_SCALAR_CHROMA: 1.000
[2026-06-01T21:24:55+0800] SERIAL SMART_SCALAR_MOOD: 1.000
[2026-06-01T21:24:55+0800] SERIAL SMART_SCALAR_SATURATION: 1.000
[2026-06-01T21:24:55+0800] SERIAL SMART_PALETTE_OVERLAY: 1
[2026-06-01T21:24:55+0800] SERIAL SMART_PALETTE_INDEX: 22
[2026-06-01T21:24:55+0800] SERIAL SMART_AUTO_COLOUR_SHIFT: 0
[2026-06-01T21:24:55+0800] SERIAL SMART_MIN_DWELL_MS: 12000
[2026-06-01T21:24:55+0800] SERIAL SMART_COOLDOWN_MS: 12000
[2026-06-01T21:24:55+0800] SERIAL SMART_SWITCH_WINDOW_MS: 90000
[2026-06-01T21:24:55+0800] SERIAL SMART_MAX_SWITCHES: 3
[2026-06-01T21:24:55+0800] SERIAL SMART_AUDIO_NOVELTY: 0.0863
[2026-06-01T21:24:55+0800] SERIAL SMART_AUDIO_ENERGY: 0.0394
[2026-06-01T21:24:55+0800] SERIAL SMART_EVENT_ID: 3546
[2026-06-01T21:24:55+0800] SERIAL SMART_EVENT_AGE_MS: 256
[2026-06-01T21:24:55+0800] SERIAL SMART_ONSET: 0
[2026-06-01T21:24:55+0800] SERIAL SMART_BASS_ONSET: 0
[2026-06-01T21:24:55+0800] SERIAL SMART_BEAT_CONFIDENCE: 0.000
[2026-06-01T21:24:55+0800] SERIAL }}
[2026-06-01T21:24:55+0800] SERIAL sbr{{
[2026-06-01T21:24:55+0800] SERIAL EDGE_ENABLED: on
[2026-06-01T21:24:55+0800] SERIAL EDGE_MODE: complementary
[2026-06-01T21:24:55+0800] SERIAL EDGE_STRENGTH: 0.650
[2026-06-01T21:24:55+0800] SERIAL }}
[2026-06-01T21:24:56+0800] COMMAND :smart_status # baseline status
[2026-06-01T21:24:57+0800] SERIAL sbr{{
[2026-06-01T21:24:57+0800] SERIAL SMART_ASSIST: on
[2026-06-01T21:24:57+0800] SERIAL SMART_SWITCHING: on
[2026-06-01T21:24:57+0800] SERIAL SMART_DIRECTOR_AUTONOMY: on
[2026-06-01T21:24:57+0800] SERIAL SMART_HOOKS: on
[2026-06-01T21:24:57+0800] SERIAL SMART_CONFIDENCE_FLOOR: 0.070
[2026-06-01T21:24:57+0800] SERIAL SMART_APPLIED_MODE: 3
[2026-06-01T21:24:57+0800] SERIAL SMART_LAST_REQUESTED_MODE: 3
[2026-06-01T21:24:57+0800] SERIAL SMART_SWITCHES_IN_WINDOW: 0
[2026-06-01T21:24:57+0800] SERIAL SMART_MANUAL_OWNER_ACTIVE: 0
[2026-06-01T21:24:57+0800] SERIAL SMART_LAST_REASON: 0
[2026-06-01T21:24:57+0800] SERIAL SMART_STATE: 1
[2026-06-01T21:24:57+0800] SERIAL SMART_INTENT_MODE: 3
[2026-06-01T21:24:57+0800] SERIAL SMART_INTENT_CONFIDENCE: 0.049
[2026-06-01T21:24:57+0800] SERIAL SMART_INTENT_WANTS_SWITCH: 0
[2026-06-01T21:24:57+0800] SERIAL SMART_SCALAR_PHOTONS: 0.860
[2026-06-01T21:24:57+0800] SERIAL SMART_SCALAR_CHROMA: 0.920
[2026-06-01T21:24:57+0800] SERIAL SMART_SCALAR_MOOD: 1.000
[2026-06-01T21:24:57+0800] SERIAL SMART_SCALAR_SATURATION: 0.900
[2026-06-01T21:24:57+0800] SERIAL SMART_PALETTE_OVERLAY: 1
[2026-06-01T21:24:57+0800] SERIAL SMART_PALETTE_INDEX: 11
[2026-06-01T21:24:57+0800] SERIAL SMART_AUTO_COLOUR_SHIFT: 0
[2026-06-01T21:24:57+0800] SERIAL SMART_MIN_DWELL_MS: 12000
[2026-06-01T21:24:57+0800] SERIAL SMART_COOLDOWN_MS: 12000
[2026-06-01T21:24:57+0800] SERIAL SMART_SWITCH_WINDOW_MS: 90000
[2026-06-01T21:24:57+0800] SERIAL SMART_MAX_SWITCHES: 3
[2026-06-01T21:24:57+0800] SERIAL SMART_AUDIO_NOVELTY: 0.0307
[2026-06-01T21:24:57+0800] SERIAL SMART_AUDIO_ENERGY: 0.0265
[2026-06-01T21:24:57+0800] SERIAL SMART_EVENT_ID: 3549
[2026-06-01T21:24:57+0800] SERIAL SMART_EVENT_AGE_MS: 508
[2026-06-01T21:24:57+0800] SERIAL SMART_ONSET: 0
[2026-06-01T21:24:57+0800] SERIAL SMART_BASS_ONSET: 0
[2026-06-01T21:24:57+0800] SERIAL SMART_BEAT_CONFIDENCE: 0.000
[2026-06-01T21:24:57+0800] SERIAL }}
[2026-06-01T21:24:58+0800] COMMAND :secondary_status # read-only secondary status should not mark manual
[2026-06-01T21:24:58+0800] SERIAL sbr{{
[2026-06-01T21:24:58+0800] SERIAL SECONDARY_ENABLED: true
[2026-06-01T21:24:58+0800] SERIAL SECONDARY_CONTROL: false (encoders control primary channel)
[2026-06-01T21:24:58+0800] SERIAL SECONDARY_MODE: 3 (BLOOM)
[2026-06-01T21:24:58+0800] SERIAL SECONDARY_PHOTONS: 1.000000
[2026-06-01T21:24:58+0800] SERIAL SECONDARY_CHROMA: 0.000000
[2026-06-01T21:24:58+0800] SERIAL SECONDARY_MOOD: 0.050000
[2026-06-01T21:24:58+0800] SERIAL SECONDARY_SATURATION: 1.000000
[2026-06-01T21:24:58+0800] SERIAL SECONDARY_PRISM_COUNT: 1.00
[2026-06-01T21:24:58+0800] SERIAL SECONDARY_MIRROR_ENABLED: true
[2026-06-01T21:24:58+0800] SERIAL SECONDARY_REVERSE_ORDER: false
[2026-06-01T21:24:58+0800] SERIAL SECONDARY_BASE_COAT: false
[2026-06-01T21:24:58+0800] SERIAL SECONDARY_PALETTE_MODE_ENABLED: false
[2026-06-01T21:24:58+0800] SERIAL SECONDARY_PALETTE_INDEX: 0
[2026-06-01T21:24:58+0800] SERIAL NOTE: This command is deprecated, please use secondary_status instead
[2026-06-01T21:24:58+0800] SERIAL }}
[2026-06-01T21:25:00+0800] COMMAND :smart_status # after secondary_status
[2026-06-01T21:25:00+0800] SERIAL sbr{{
[2026-06-01T21:25:00+0800] SERIAL SMART_ASSIST: on
[2026-06-01T21:25:00+0800] SERIAL SMART_SWITCHING: on
[2026-06-01T21:25:00+0800] SERIAL SMART_DIRECTOR_AUTONOMY: on
[2026-06-01T21:25:00+0800] SERIAL SMART_HOOKS: on
[2026-06-01T21:25:00+0800] SERIAL SMART_CONFIDENCE_FLOOR: 0.070
[2026-06-01T21:25:00+0800] SERIAL SMART_APPLIED_MODE: 3
[2026-06-01T21:25:00+0800] SERIAL SMART_LAST_REQUESTED_MODE: 10
[2026-06-01T21:25:00+0800] SERIAL SMART_SWITCHES_IN_WINDOW: 0
[2026-06-01T21:25:00+0800] SERIAL SMART_MANUAL_OWNER_ACTIVE: 1
[2026-06-01T21:25:00+0800] SERIAL SMART_LAST_REASON: 8
[2026-06-01T21:25:00+0800] SERIAL SMART_STATE: 2
[2026-06-01T21:25:00+0800] SERIAL SMART_INTENT_MODE: 11
[2026-06-01T21:25:00+0800] SERIAL SMART_INTENT_CONFIDENCE: 0.085
[2026-06-01T21:25:00+0800] SERIAL SMART_INTENT_WANTS_SWITCH: 1
[2026-06-01T21:25:00+0800] SERIAL SMART_SCALAR_PHOTONS: 1.000
[2026-06-01T21:25:00+0800] SERIAL SMART_SCALAR_CHROMA: 1.000
[2026-06-01T21:25:00+0800] SERIAL SMART_SCALAR_MOOD: 1.000
[2026-06-01T21:25:00+0800] SERIAL SMART_SCALAR_SATURATION: 1.000
[2026-06-01T21:25:00+0800] SERIAL SMART_PALETTE_OVERLAY: 1
[2026-06-01T21:25:00+0800] SERIAL SMART_PALETTE_INDEX: 11
[2026-06-01T21:25:00+0800] SERIAL SMART_AUTO_COLOUR_SHIFT: 0
[2026-06-01T21:25:00+0800] SERIAL SMART_MIN_DWELL_MS: 12000
[2026-06-01T21:25:00+0800] SERIAL SMART_COOLDOWN_MS: 12000
[2026-06-01T21:25:00+0800] SERIAL SMART_SWITCH_WINDOW_MS: 90000
[2026-06-01T21:25:00+0800] SERIAL SMART_MAX_SWITCHES: 3
[2026-06-01T21:25:00+0800] SERIAL SMART_AUDIO_NOVELTY: 0.0551
[2026-06-01T21:25:00+0800] SERIAL SMART_AUDIO_ENERGY: 0.1350
[2026-06-01T21:25:00+0800] SERIAL SMART_EVENT_ID: 3553
[2026-06-01T21:25:00+0800] SERIAL SMART_EVENT_AGE_MS: 874
[2026-06-01T21:25:00+0800] SERIAL SMART_ONSET: 0
[2026-06-01T21:25:00+0800] SERIAL SMART_BASS_ONSET: 0
[2026-06-01T21:25:00+0800] SERIAL SMART_BEAT_CONFIDENCE: 0.000
[2026-06-01T21:25:00+0800] SERIAL }}
[2026-06-01T21:25:02+0800] COMMAND :edge_status # read-only edge status should not mark manual
[2026-06-01T21:25:02+0800] SERIAL sbr{{
[2026-06-01T21:25:02+0800] SERIAL EDGE_ENABLED: on
[2026-06-01T21:25:02+0800] SERIAL EDGE_MODE: complementary
[2026-06-01T21:25:02+0800] SERIAL EDGE_STRENGTH: 0.650
[2026-06-01T21:25:02+0800] SERIAL }}
[2026-06-01T21:25:03+0800] COMMAND :smart_status # after edge_status
[2026-06-01T21:25:04+0800] SERIAL sbr{{
[2026-06-01T21:25:04+0800] SERIAL SMART_ASSIST: on
[2026-06-01T21:25:04+0800] SERIAL SMART_SWITCHING: on
[2026-06-01T21:25:04+0800] SERIAL SMART_DIRECTOR_AUTONOMY: on
[2026-06-01T21:25:04+0800] SERIAL SMART_HOOKS: on
[2026-06-01T21:25:04+0800] SERIAL SMART_CONFIDENCE_FLOOR: 0.070
[2026-06-01T21:25:04+0800] SERIAL SMART_APPLIED_MODE: 3
[2026-06-01T21:25:04+0800] SERIAL SMART_LAST_REQUESTED_MODE: 10
[2026-06-01T21:25:04+0800] SERIAL SMART_SWITCHES_IN_WINDOW: 0
[2026-06-01T21:25:04+0800] SERIAL SMART_MANUAL_OWNER_ACTIVE: 1
[2026-06-01T21:25:04+0800] SERIAL SMART_LAST_REASON: 8
[2026-06-01T21:25:04+0800] SERIAL SMART_STATE: 2
[2026-06-01T21:25:04+0800] SERIAL SMART_INTENT_MODE: 11
[2026-06-01T21:25:04+0800] SERIAL SMART_INTENT_CONFIDENCE: 0.077
[2026-06-01T21:25:04+0800] SERIAL SMART_INTENT_WANTS_SWITCH: 1
[2026-06-01T21:25:04+0800] SERIAL SMART_SCALAR_PHOTONS: 1.000
[2026-06-01T21:25:04+0800] SERIAL SMART_SCALAR_CHROMA: 1.000
[2026-06-01T21:25:04+0800] SERIAL SMART_SCALAR_MOOD: 1.000
[2026-06-01T21:25:04+0800] SERIAL SMART_SCALAR_SATURATION: 1.000
[2026-06-01T21:25:04+0800] SERIAL SMART_PALETTE_OVERLAY: 1
[2026-06-01T21:25:04+0800] SERIAL SMART_PALETTE_INDEX: 11
[2026-06-01T21:25:04+0800] SERIAL SMART_AUTO_COLOUR_SHIFT: 0
[2026-06-01T21:25:04+0800] SERIAL SMART_MIN_DWELL_MS: 12000
[2026-06-01T21:25:04+0800] SERIAL SMART_COOLDOWN_MS: 12000
[2026-06-01T21:25:04+0800] SERIAL SMART_SWITCH_WINDOW_MS: 90000
[2026-06-01T21:25:04+0800] SERIAL SMART_MAX_SWITCHES: 3
[2026-06-01T21:25:04+0800] SERIAL SMART_AUDIO_NOVELTY: 0.0949
[2026-06-01T21:25:04+0800] SERIAL SMART_AUDIO_ENERGY: 0.1320
[2026-06-01T21:25:04+0800] SERIAL SMART_EVENT_ID: 3561
[2026-06-01T21:25:04+0800] SERIAL SMART_EVENT_AGE_MS: 405
[2026-06-01T21:25:04+0800] SERIAL SMART_ONSET: 0
[2026-06-01T21:25:04+0800] SERIAL SMART_BASS_ONSET: 0
[2026-06-01T21:25:04+0800] SERIAL SMART_BEAT_CONFIDENCE: 0.000
[2026-06-01T21:25:04+0800] SERIAL }}
[2026-06-01T21:25:05+0800] COMMAND :palette_index=29 # palette typed mutation should mark manual
[2026-06-01T21:25:06+0800] SERIAL sbr{{
[2026-06-01T21:25:06+0800] SERIAL PALETTE: 29 (BlacK_Blue_Magenta_White_gp)
[2026-06-01T21:25:06+0800] SERIAL }}
[2026-06-01T21:25:07+0800] COMMAND :smart_status # after palette_index
[2026-06-01T21:25:08+0800] SERIAL sbr{{
[2026-06-01T21:25:08+0800] SERIAL SMART_ASSIST: on
[2026-06-01T21:25:08+0800] SERIAL SMART_SWITCHING: on
[2026-06-01T21:25:08+0800] SERIAL SMART_DIRECTOR_AUTONOMY: on
[2026-06-01T21:25:08+0800] SERIAL SMART_HOOKS: on
[2026-06-01T21:25:08+0800] SERIAL SMART_CONFIDENCE_FLOOR: 0.070
[2026-06-01T21:25:08+0800] SERIAL SMART_APPLIED_MODE: 3
[2026-06-01T21:25:08+0800] SERIAL SMART_LAST_REQUESTED_MODE: 10
[2026-06-01T21:25:08+0800] SERIAL SMART_SWITCHES_IN_WINDOW: 0
[2026-06-01T21:25:08+0800] SERIAL SMART_MANUAL_OWNER_ACTIVE: 1
[2026-06-01T21:25:08+0800] SERIAL SMART_LAST_REASON: 8
[2026-06-01T21:25:08+0800] SERIAL SMART_STATE: 2
[2026-06-01T21:25:08+0800] SERIAL SMART_INTENT_MODE: 11
[2026-06-01T21:25:08+0800] SERIAL SMART_INTENT_CONFIDENCE: 0.077
[2026-06-01T21:25:08+0800] SERIAL SMART_INTENT_WANTS_SWITCH: 1
[2026-06-01T21:25:08+0800] SERIAL SMART_SCALAR_PHOTONS: 1.000
[2026-06-01T21:25:08+0800] SERIAL SMART_SCALAR_CHROMA: 1.000
[2026-06-01T21:25:08+0800] SERIAL SMART_SCALAR_MOOD: 1.000
[2026-06-01T21:25:08+0800] SERIAL SMART_SCALAR_SATURATION: 1.000
[2026-06-01T21:25:08+0800] SERIAL SMART_PALETTE_OVERLAY: 1
[2026-06-01T21:25:08+0800] SERIAL SMART_PALETTE_INDEX: 11
[2026-06-01T21:25:08+0800] SERIAL SMART_AUTO_COLOUR_SHIFT: 0
[2026-06-01T21:25:08+0800] SERIAL SMART_MIN_DWELL_MS: 12000
[2026-06-01T21:25:08+0800] SERIAL SMART_COOLDOWN_MS: 12000
[2026-06-01T21:25:08+0800] SERIAL SMART_SWITCH_WINDOW_MS: 90000
[2026-06-01T21:25:08+0800] SERIAL SMART_MAX_SWITCHES: 3
[2026-06-01T21:25:08+0800] SERIAL SMART_AUDIO_NOVELTY: 0.0499
[2026-06-01T21:25:08+0800] SERIAL SMART_AUDIO_ENERGY: 0.1015
[2026-06-01T21:25:08+0800] SERIAL SMART_EVENT_ID: 3567
[2026-06-01T21:25:08+0800] SERIAL SMART_EVENT_AGE_MS: 203
[2026-06-01T21:25:08+0800] SERIAL SMART_ONSET: 0
[2026-06-01T21:25:08+0800] SERIAL SMART_BASS_ONSET: 0
[2026-06-01T21:25:08+0800] SERIAL SMART_BEAT_CONFIDENCE: 0.000
[2026-06-01T21:25:08+0800] SERIAL }}
[2026-06-01T21:25:09+0800] COMMAND :smart_scene=auto # clear after palette_index
[2026-06-01T21:25:09+0800] SERIAL sbr{{
[2026-06-01T21:25:09+0800] SERIAL SMART_ASSIST: on
[2026-06-01T21:25:09+0800] SERIAL SMART_SWITCHING: on
[2026-06-01T21:25:09+0800] SERIAL SMART_DIRECTOR_AUTONOMY: on
[2026-06-01T21:25:09+0800] SERIAL SMART_HOOKS: on
[2026-06-01T21:25:09+0800] SERIAL SMART_CONFIDENCE_FLOOR: 0.070
[2026-06-01T21:25:09+0800] SERIAL SMART_APPLIED_MODE: 3
[2026-06-01T21:25:09+0800] SERIAL SMART_LAST_REQUESTED_MODE: 3
[2026-06-01T21:25:09+0800] SERIAL SMART_SWITCHES_IN_WINDOW: 0
[2026-06-01T21:25:09+0800] SERIAL SMART_MANUAL_OWNER_ACTIVE: 0
[2026-06-01T21:25:09+0800] SERIAL SMART_LAST_REASON: 0
[2026-06-01T21:25:09+0800] SERIAL SMART_STATE: 1
[2026-06-01T21:25:09+0800] SERIAL SMART_INTENT_MODE: 3
[2026-06-01T21:25:09+0800] SERIAL SMART_INTENT_CONFIDENCE: 0.031
[2026-06-01T21:25:09+0800] SERIAL SMART_INTENT_WANTS_SWITCH: 0
[2026-06-01T21:25:09+0800] SERIAL SMART_SCALAR_PHOTONS: 0.860
[2026-06-01T21:25:09+0800] SERIAL SMART_SCALAR_CHROMA: 0.920
[2026-06-01T21:25:09+0800] SERIAL SMART_SCALAR_MOOD: 1.000
[2026-06-01T21:25:09+0800] SERIAL SMART_SCALAR_SATURATION: 0.900
[2026-06-01T21:25:09+0800] SERIAL SMART_PALETTE_OVERLAY: 1
[2026-06-01T21:25:09+0800] SERIAL SMART_PALETTE_INDEX: 22
[2026-06-01T21:25:09+0800] SERIAL SMART_AUTO_COLOUR_SHIFT: 0
[2026-06-01T21:25:09+0800] SERIAL SMART_MIN_DWELL_MS: 12000
[2026-06-01T21:25:09+0800] SERIAL SMART_COOLDOWN_MS: 12000
[2026-06-01T21:25:09+0800] SERIAL SMART_SWITCH_WINDOW_MS: 90000
[2026-06-01T21:25:09+0800] SERIAL SMART_MAX_SWITCHES: 3
[2026-06-01T21:25:09+0800] SERIAL SMART_AUDIO_NOVELTY: 0.0166
[2026-06-01T21:25:09+0800] SERIAL SMART_AUDIO_ENERGY: 0.0378
[2026-06-01T21:25:09+0800] SERIAL SMART_EVENT_ID: 3568
[2026-06-01T21:25:09+0800] SERIAL SMART_EVENT_AGE_MS: 1335
[2026-06-01T21:25:09+0800] SERIAL SMART_ONSET: 0
[2026-06-01T21:25:09+0800] SERIAL SMART_BASS_ONSET: 0
[2026-06-01T21:25:09+0800] SERIAL SMART_BEAT_CONFIDENCE: 0.000
[2026-06-01T21:25:09+0800] SERIAL }}
[2026-06-01T21:25:09+0800] SERIAL sbr{{
[2026-06-01T21:25:09+0800] SERIAL EDGE_ENABLED: on
[2026-06-01T21:25:09+0800] SERIAL EDGE_MODE: complementary
[2026-06-01T21:25:09+0800] SERIAL EDGE_STRENGTH: 0.650
[2026-06-01T21:25:09+0800] SERIAL }}
[2026-06-01T21:25:11+0800] COMMAND :smart_status # after smart_scene clear
[2026-06-01T21:25:11+0800] SERIAL sbr{{
[2026-06-01T21:25:11+0800] SERIAL SMART_ASSIST: on
[2026-06-01T21:25:11+0800] SERIAL SMART_SWITCHING: on
[2026-06-01T21:25:11+0800] SERIAL SMART_DIRECTOR_AUTONOMY: on
[2026-06-01T21:25:11+0800] SERIAL SMART_HOOKS: on
[2026-06-01T21:25:11+0800] SERIAL SMART_CONFIDENCE_FLOOR: 0.070
[2026-06-01T21:25:11+0800] SERIAL SMART_APPLIED_MODE: 3
[2026-06-01T21:25:11+0800] SERIAL SMART_LAST_REQUESTED_MODE: 3
[2026-06-01T21:25:11+0800] SERIAL SMART_SWITCHES_IN_WINDOW: 0
[2026-06-01T21:25:11+0800] SERIAL SMART_MANUAL_OWNER_ACTIVE: 0
[2026-06-01T21:25:11+0800] SERIAL SMART_LAST_REASON: 2
[2026-06-01T21:25:11+0800] SERIAL SMART_STATE: 1
[2026-06-01T21:25:11+0800] SERIAL SMART_INTENT_MODE: 3
[2026-06-01T21:25:11+0800] SERIAL SMART_INTENT_CONFIDENCE: 0.077
[2026-06-01T21:25:11+0800] SERIAL SMART_INTENT_WANTS_SWITCH: 1
[2026-06-01T21:25:11+0800] SERIAL SMART_SCALAR_PHOTONS: 0.860
[2026-06-01T21:25:11+0800] SERIAL SMART_SCALAR_CHROMA: 0.920
[2026-06-01T21:25:11+0800] SERIAL SMART_SCALAR_MOOD: 1.000
[2026-06-01T21:25:11+0800] SERIAL SMART_SCALAR_SATURATION: 0.900
[2026-06-01T21:25:11+0800] SERIAL SMART_PALETTE_OVERLAY: 1
[2026-06-01T21:25:11+0800] SERIAL SMART_PALETTE_INDEX: 22
[2026-06-01T21:25:11+0800] SERIAL SMART_AUTO_COLOUR_SHIFT: 0
[2026-06-01T21:25:11+0800] SERIAL SMART_MIN_DWELL_MS: 12000
[2026-06-01T21:25:11+0800] SERIAL SMART_COOLDOWN_MS: 12000
[2026-06-01T21:25:11+0800] SERIAL SMART_SWITCH_WINDOW_MS: 90000
[2026-06-01T21:25:11+0800] SERIAL SMART_MAX_SWITCHES: 3
[2026-06-01T21:25:11+0800] SERIAL SMART_AUDIO_NOVELTY: 0.0563
[2026-06-01T21:25:11+0800] SERIAL SMART_AUDIO_ENERGY: 0.0494
[2026-06-01T21:25:11+0800] SERIAL SMART_EVENT_ID: 3571
[2026-06-01T21:25:11+0800] SERIAL SMART_EVENT_AGE_MS: 284
[2026-06-01T21:25:11+0800] SERIAL SMART_ONSET: 0
[2026-06-01T21:25:11+0800] SERIAL SMART_BASS_ONSET: 0
[2026-06-01T21:25:11+0800] SERIAL SMART_BEAT_CONFIDENCE: 0.000
[2026-06-01T21:25:11+0800] SERIAL }}
[2026-06-01T21:25:12+0800] COMMAND :auto_color_shift=on # auto-colour typed mutation should mark manual
[2026-06-01T21:25:13+0800] SERIAL sberr[[
[2026-06-01T21:25:13+0800] SERIAL Bad command: auto_color_shift=on
[2026-06-01T21:25:13+0800] SERIAL ]]
[2026-06-01T21:25:14+0800] COMMAND :smart_status # after auto_color_shift
[2026-06-01T21:25:15+0800] SERIAL sbr{{
[2026-06-01T21:25:15+0800] SERIAL SMART_ASSIST: on
[2026-06-01T21:25:15+0800] SERIAL SMART_SWITCHING: on
[2026-06-01T21:25:15+0800] SERIAL SMART_DIRECTOR_AUTONOMY: on
[2026-06-01T21:25:15+0800] SERIAL SMART_HOOKS: on
[2026-06-01T21:25:15+0800] SERIAL SMART_CONFIDENCE_FLOOR: 0.070
[2026-06-01T21:25:15+0800] SERIAL SMART_APPLIED_MODE: 3
[2026-06-01T21:25:15+0800] SERIAL SMART_LAST_REQUESTED_MODE: 3
[2026-06-01T21:25:15+0800] SERIAL SMART_SWITCHES_IN_WINDOW: 0
[2026-06-01T21:25:15+0800] SERIAL SMART_MANUAL_OWNER_ACTIVE: 1
[2026-06-01T21:25:15+0800] SERIAL SMART_LAST_REASON: 8
[2026-06-01T21:25:15+0800] SERIAL SMART_STATE: 2
[2026-06-01T21:25:15+0800] SERIAL SMART_INTENT_MODE: 11
[2026-06-01T21:25:15+0800] SERIAL SMART_INTENT_CONFIDENCE: 0.087
[2026-06-01T21:25:15+0800] SERIAL SMART_INTENT_WANTS_SWITCH: 1
[2026-06-01T21:25:15+0800] SERIAL SMART_SCALAR_PHOTONS: 1.000
[2026-06-01T21:25:15+0800] SERIAL SMART_SCALAR_CHROMA: 1.000
[2026-06-01T21:25:15+0800] SERIAL SMART_SCALAR_MOOD: 1.000
[2026-06-01T21:25:15+0800] SERIAL SMART_SCALAR_SATURATION: 1.000
[2026-06-01T21:25:15+0800] SERIAL SMART_PALETTE_OVERLAY: 1
[2026-06-01T21:25:15+0800] SERIAL SMART_PALETTE_INDEX: 11
[2026-06-01T21:25:15+0800] SERIAL SMART_AUTO_COLOUR_SHIFT: 0
[2026-06-01T21:25:15+0800] SERIAL SMART_MIN_DWELL_MS: 12000
[2026-06-01T21:25:15+0800] SERIAL SMART_COOLDOWN_MS: 12000
[2026-06-01T21:25:15+0800] SERIAL SMART_SWITCH_WINDOW_MS: 90000
[2026-06-01T21:25:15+0800] SERIAL SMART_MAX_SWITCHES: 3
[2026-06-01T21:25:15+0800] SERIAL SMART_AUDIO_NOVELTY: 0.1494
[2026-06-01T21:25:15+0800] SERIAL SMART_AUDIO_ENERGY: 0.1483
[2026-06-01T21:25:15+0800] SERIAL SMART_EVENT_ID: 3577
[2026-06-01T21:25:15+0800] SERIAL SMART_EVENT_AGE_MS: 6
[2026-06-01T21:25:15+0800] SERIAL SMART_ONSET: 0
[2026-06-01T21:25:15+0800] SERIAL SMART_BASS_ONSET: 1
[2026-06-01T21:25:15+0800] SERIAL SMART_BEAT_CONFIDENCE: 1.000
[2026-06-01T21:25:15+0800] SERIAL }}
[2026-06-01T21:25:16+0800] COMMAND :smart_scene=auto # clear after auto_color_shift
[2026-06-01T21:25:17+0800] SERIAL sbr{{
[2026-06-01T21:25:17+0800] SERIAL SMART_ASSIST: on
[2026-06-01T21:25:17+0800] SERIAL SMART_SWITCHING: on
[2026-06-01T21:25:17+0800] SERIAL SMART_DIRECTOR_AUTONOMY: on
[2026-06-01T21:25:17+0800] SERIAL SMART_HOOKS: on
[2026-06-01T21:25:17+0800] SERIAL SMART_CONFIDENCE_FLOOR: 0.070
[2026-06-01T21:25:17+0800] SERIAL SMART_APPLIED_MODE: 3
[2026-06-01T21:25:17+0800] SERIAL SMART_LAST_REQUESTED_MODE: 3
[2026-06-01T21:25:17+0800] SERIAL SMART_SWITCHES_IN_WINDOW: 0
[2026-06-01T21:25:17+0800] SERIAL SMART_MANUAL_OWNER_ACTIVE: 0
[2026-06-01T21:25:17+0800] SERIAL SMART_LAST_REASON: 0
[2026-06-01T21:25:17+0800] SERIAL SMART_STATE: 2
[2026-06-01T21:25:17+0800] SERIAL SMART_INTENT_MODE: 11
[2026-06-01T21:25:17+0800] SERIAL SMART_INTENT_CONFIDENCE: 0.092
[2026-06-01T21:25:17+0800] SERIAL SMART_INTENT_WANTS_SWITCH: 1
[2026-06-01T21:25:17+0800] SERIAL SMART_SCALAR_PHOTONS: 1.000
[2026-06-01T21:25:17+0800] SERIAL SMART_SCALAR_CHROMA: 1.000
[2026-06-01T21:25:17+0800] SERIAL SMART_SCALAR_MOOD: 1.000
[2026-06-01T21:25:17+0800] SERIAL SMART_SCALAR_SATURATION: 1.000
[2026-06-01T21:25:17+0800] SERIAL SMART_PALETTE_OVERLAY: 1
[2026-06-01T21:25:17+0800] SERIAL SMART_PALETTE_INDEX: 11
[2026-06-01T21:25:17+0800] SERIAL SMART_AUTO_COLOUR_SHIFT: 0
[2026-06-01T21:25:17+0800] SERIAL SMART_MIN_DWELL_MS: 12000
[2026-06-01T21:25:17+0800] SERIAL SMART_COOLDOWN_MS: 12000
[2026-06-01T21:25:17+0800] SERIAL SMART_SWITCH_WINDOW_MS: 90000
[2026-06-01T21:25:17+0800] SERIAL SMART_MAX_SWITCHES: 3
[2026-06-01T21:25:17+0800] SERIAL SMART_AUDIO_NOVELTY: 0.0524
[2026-06-01T21:25:17+0800] SERIAL SMART_AUDIO_ENERGY: 0.0842
[2026-06-01T21:25:17+0800] SERIAL SMART_EVENT_ID: 3579
[2026-06-01T21:25:17+0800] SERIAL SMART_EVENT_AGE_MS: 141
[2026-06-01T21:25:17+0800] SERIAL SMART_ONSET: 0
[2026-06-01T21:25:17+0800] SERIAL SMART_BASS_ONSET: 0
[2026-06-01T21:25:17+0800] SERIAL SMART_BEAT_CONFIDENCE: 0.000
[2026-06-01T21:25:17+0800] SERIAL }}
[2026-06-01T21:25:17+0800] SERIAL sbr{{
[2026-06-01T21:25:17+0800] SERIAL EDGE_ENABLED: on
[2026-06-01T21:25:17+0800] SERIAL EDGE_MODE: complementary
[2026-06-01T21:25:17+0800] SERIAL EDGE_STRENGTH: 0.650
[2026-06-01T21:25:17+0800] SERIAL }}
[2026-06-01T21:25:18+0800] COMMAND :smart_status # after smart_scene clear 2
[2026-06-01T21:25:18+0800] SERIAL sbr{{
[2026-06-01T21:25:18+0800] SERIAL SMART_ASSIST: on
[2026-06-01T21:25:18+0800] SERIAL SMART_SWITCHING: on
[2026-06-01T21:25:18+0800] SERIAL SMART_DIRECTOR_AUTONOMY: on
[2026-06-01T21:25:18+0800] SERIAL SMART_HOOKS: on
[2026-06-01T21:25:18+0800] SERIAL SMART_CONFIDENCE_FLOOR: 0.070
[2026-06-01T21:25:18+0800] SERIAL SMART_APPLIED_MODE: 3
[2026-06-01T21:25:18+0800] SERIAL SMART_LAST_REQUESTED_MODE: 11
[2026-06-01T21:25:18+0800] SERIAL SMART_SWITCHES_IN_WINDOW: 0
[2026-06-01T21:25:18+0800] SERIAL SMART_MANUAL_OWNER_ACTIVE: 0
[2026-06-01T21:25:18+0800] SERIAL SMART_LAST_REASON: 9
[2026-06-01T21:25:18+0800] SERIAL SMART_STATE: 2
[2026-06-01T21:25:18+0800] SERIAL SMART_INTENT_MODE: 11
[2026-06-01T21:25:18+0800] SERIAL SMART_INTENT_CONFIDENCE: 0.079
[2026-06-01T21:25:18+0800] SERIAL SMART_INTENT_WANTS_SWITCH: 1
[2026-06-01T21:25:18+0800] SERIAL SMART_SCALAR_PHOTONS: 1.000
[2026-06-01T21:25:18+0800] SERIAL SMART_SCALAR_CHROMA: 1.000
[2026-06-01T21:25:18+0800] SERIAL SMART_SCALAR_MOOD: 1.000
[2026-06-01T21:25:18+0800] SERIAL SMART_SCALAR_SATURATION: 1.000
[2026-06-01T21:25:18+0800] SERIAL SMART_PALETTE_OVERLAY: 1
[2026-06-01T21:25:18+0800] SERIAL SMART_PALETTE_INDEX: 11
[2026-06-01T21:25:18+0800] SERIAL SMART_AUTO_COLOUR_SHIFT: 0
[2026-06-01T21:25:18+0800] SERIAL SMART_MIN_DWELL_MS: 12000
[2026-06-01T21:25:18+0800] SERIAL SMART_COOLDOWN_MS: 12000
[2026-06-01T21:25:18+0800] SERIAL SMART_SWITCH_WINDOW_MS: 90000
[2026-06-01T21:25:18+0800] SERIAL SMART_MAX_SWITCHES: 3
[2026-06-01T21:25:18+0800] SERIAL SMART_AUDIO_NOVELTY: 0.0156
[2026-06-01T21:25:18+0800] SERIAL SMART_AUDIO_ENERGY: 0.1222
[2026-06-01T21:25:18+0800] SERIAL SMART_EVENT_ID: 3581
[2026-06-01T21:25:18+0800] SERIAL SMART_EVENT_AGE_MS: 1216
[2026-06-01T21:25:18+0800] SERIAL SMART_ONSET: 0
[2026-06-01T21:25:18+0800] SERIAL SMART_BASS_ONSET: 0
[2026-06-01T21:25:18+0800] SERIAL SMART_BEAT_CONFIDENCE: 0.000
[2026-06-01T21:25:18+0800] SERIAL }}
[2026-06-01T21:25:20+0800] COMMAND :preset=__audit_invalid__ # preset typed surface should mark manual before bad command
[2026-06-01T21:25:20+0800] SERIAL sberr[[
[2026-06-01T21:25:20+0800] SERIAL Bad command: preset=__audit_invalid__
[2026-06-01T21:25:20+0800] SERIAL ]]
[2026-06-01T21:25:21+0800] COMMAND :smart_status # after invalid preset
[2026-06-01T21:25:22+0800] SERIAL sbr{{
[2026-06-01T21:25:22+0800] SERIAL SMART_ASSIST: on
[2026-06-01T21:25:22+0800] SERIAL SMART_SWITCHING: on
[2026-06-01T21:25:22+0800] SERIAL SMART_DIRECTOR_AUTONOMY: on
[2026-06-01T21:25:22+0800] SERIAL SMART_HOOKS: on
[2026-06-01T21:25:22+0800] SERIAL SMART_CONFIDENCE_FLOOR: 0.070
[2026-06-01T21:25:22+0800] SERIAL SMART_APPLIED_MODE: 3
[2026-06-01T21:25:22+0800] SERIAL SMART_LAST_REQUESTED_MODE: 3
[2026-06-01T21:25:22+0800] SERIAL SMART_SWITCHES_IN_WINDOW: 0
[2026-06-01T21:25:22+0800] SERIAL SMART_MANUAL_OWNER_ACTIVE: 1
[2026-06-01T21:25:22+0800] SERIAL SMART_LAST_REASON: 8
[2026-06-01T21:25:22+0800] SERIAL SMART_STATE: 1
[2026-06-01T21:25:22+0800] SERIAL SMART_INTENT_MODE: 3
[2026-06-01T21:25:22+0800] SERIAL SMART_INTENT_CONFIDENCE: 0.057
[2026-06-01T21:25:22+0800] SERIAL SMART_INTENT_WANTS_SWITCH: 0
[2026-06-01T21:25:22+0800] SERIAL SMART_SCALAR_PHOTONS: 0.860
[2026-06-01T21:25:22+0800] SERIAL SMART_SCALAR_CHROMA: 0.920
[2026-06-01T21:25:22+0800] SERIAL SMART_SCALAR_MOOD: 1.000
[2026-06-01T21:25:22+0800] SERIAL SMART_SCALAR_SATURATION: 0.900
[2026-06-01T21:25:22+0800] SERIAL SMART_PALETTE_OVERLAY: 1
[2026-06-01T21:25:22+0800] SERIAL SMART_PALETTE_INDEX: 22
[2026-06-01T21:25:22+0800] SERIAL SMART_AUTO_COLOUR_SHIFT: 0
[2026-06-01T21:25:22+0800] SERIAL SMART_MIN_DWELL_MS: 12000
[2026-06-01T21:25:22+0800] SERIAL SMART_COOLDOWN_MS: 12000
[2026-06-01T21:25:22+0800] SERIAL SMART_SWITCH_WINDOW_MS: 90000
[2026-06-01T21:25:22+0800] SERIAL SMART_MAX_SWITCHES: 3
[2026-06-01T21:25:22+0800] SERIAL SMART_AUDIO_NOVELTY: 0.0506
[2026-06-01T21:25:22+0800] SERIAL SMART_AUDIO_ENERGY: 0.0268
[2026-06-01T21:25:22+0800] SERIAL SMART_EVENT_ID: 3587
[2026-06-01T21:25:22+0800] SERIAL SMART_EVENT_AGE_MS: 486
[2026-06-01T21:25:22+0800] SERIAL SMART_ONSET: 0
[2026-06-01T21:25:22+0800] SERIAL SMART_BASS_ONSET: 0
[2026-06-01T21:25:22+0800] SERIAL SMART_BEAT_CONFIDENCE: 0.000
[2026-06-01T21:25:22+0800] SERIAL }}
[2026-06-01T21:25:23+0800] COMMAND :smart_scene=auto # clear after preset audit
[2026-06-01T21:25:24+0800] SERIAL sbr{{
[2026-06-01T21:25:24+0800] SERIAL SMART_ASSIST: on
[2026-06-01T21:25:24+0800] SERIAL SMART_SWITCHING: on
[2026-06-01T21:25:24+0800] SERIAL SMART_DIRECTOR_AUTONOMY: on
[2026-06-01T21:25:24+0800] SERIAL SMART_HOOKS: on
[2026-06-01T21:25:24+0800] SERIAL SMART_CONFIDENCE_FLOOR: 0.070
[2026-06-01T21:25:24+0800] SERIAL SMART_APPLIED_MODE: 3
[2026-06-01T21:25:24+0800] SERIAL SMART_LAST_REQUESTED_MODE: 3
[2026-06-01T21:25:24+0800] SERIAL SMART_SWITCHES_IN_WINDOW: 0
[2026-06-01T21:25:24+0800] SERIAL SMART_MANUAL_OWNER_ACTIVE: 0
[2026-06-01T21:25:24+0800] SERIAL SMART_LAST_REASON: 0
[2026-06-01T21:25:24+0800] SERIAL SMART_STATE: 2
[2026-06-01T21:25:24+0800] SERIAL SMART_INTENT_MODE: 10
[2026-06-01T21:25:24+0800] SERIAL SMART_INTENT_CONFIDENCE: 0.058
[2026-06-01T21:25:24+0800] SERIAL SMART_INTENT_WANTS_SWITCH: 0
[2026-06-01T21:25:24+0800] SERIAL SMART_SCALAR_PHOTONS: 1.000
[2026-06-01T21:25:24+0800] SERIAL SMART_SCALAR_CHROMA: 1.000
[2026-06-01T21:25:24+0800] SERIAL SMART_SCALAR_MOOD: 1.000
[2026-06-01T21:25:24+0800] SERIAL SMART_SCALAR_SATURATION: 1.000
[2026-06-01T21:25:24+0800] SERIAL SMART_PALETTE_OVERLAY: 1
[2026-06-01T21:25:24+0800] SERIAL SMART_PALETTE_INDEX: 22
[2026-06-01T21:25:24+0800] SERIAL SMART_AUTO_COLOUR_SHIFT: 0
[2026-06-01T21:25:24+0800] SERIAL SMART_MIN_DWELL_MS: 12000
[2026-06-01T21:25:24+0800] SERIAL SMART_COOLDOWN_MS: 12000
[2026-06-01T21:25:24+0800] SERIAL SMART_SWITCH_WINDOW_MS: 90000
[2026-06-01T21:25:24+0800] SERIAL SMART_MAX_SWITCHES: 3
[2026-06-01T21:25:24+0800] SERIAL SMART_AUDIO_NOVELTY: 0.0470
[2026-06-01T21:25:24+0800] SERIAL SMART_AUDIO_ENERGY: 0.0831
[2026-06-01T21:25:24+0800] SERIAL SMART_EVENT_ID: 3590
[2026-06-01T21:25:24+0800] SERIAL SMART_EVENT_AGE_MS: 167
[2026-06-01T21:25:24+0800] SERIAL SMART_ONSET: 0
[2026-06-01T21:25:24+0800] SERIAL SMART_BASS_ONSET: 0
[2026-06-01T21:25:24+0800] SERIAL SMART_BEAT_CONFIDENCE: 0.000
[2026-06-01T21:25:24+0800] SERIAL }}
[2026-06-01T21:25:24+0800] SERIAL sbr{{
[2026-06-01T21:25:24+0800] SERIAL EDGE_ENABLED: on
[2026-06-01T21:25:24+0800] SERIAL EDGE_MODE: complementary
[2026-06-01T21:25:24+0800] SERIAL EDGE_STRENGTH: 0.650
[2026-06-01T21:25:24+0800] SERIAL }}
[2026-06-01T21:25:25+0800] COMMAND :edge_strength=0.650 # edge typed mutation should mark manual
[2026-06-01T21:25:26+0800] SERIAL sbr{{
[2026-06-01T21:25:26+0800] SERIAL EDGE_ENABLED: on
[2026-06-01T21:25:26+0800] SERIAL EDGE_MODE: complementary
[2026-06-01T21:25:26+0800] SERIAL EDGE_STRENGTH: 0.650
[2026-06-01T21:25:26+0800] SERIAL }}
[2026-06-01T21:25:27+0800] COMMAND :smart_status # after edge_strength
[2026-06-01T21:25:27+0800] SERIAL sbr{{
[2026-06-01T21:25:27+0800] SERIAL SMART_ASSIST: on
[2026-06-01T21:25:27+0800] SERIAL SMART_SWITCHING: on
[2026-06-01T21:25:27+0800] SERIAL SMART_DIRECTOR_AUTONOMY: on
[2026-06-01T21:25:27+0800] SERIAL SMART_HOOKS: on
[2026-06-01T21:25:27+0800] SERIAL SMART_CONFIDENCE_FLOOR: 0.070
[2026-06-01T21:25:27+0800] SERIAL SMART_APPLIED_MODE: 3
[2026-06-01T21:25:27+0800] SERIAL SMART_LAST_REQUESTED_MODE: 3
[2026-06-01T21:25:27+0800] SERIAL SMART_SWITCHES_IN_WINDOW: 0
[2026-06-01T21:25:27+0800] SERIAL SMART_MANUAL_OWNER_ACTIVE: 1
[2026-06-01T21:25:27+0800] SERIAL SMART_LAST_REASON: 8
[2026-06-01T21:25:27+0800] SERIAL SMART_STATE: 2
[2026-06-01T21:25:27+0800] SERIAL SMART_INTENT_MODE: 10
[2026-06-01T21:25:27+0800] SERIAL SMART_INTENT_CONFIDENCE: 0.089
[2026-06-01T21:25:27+0800] SERIAL SMART_INTENT_WANTS_SWITCH: 1
[2026-06-01T21:25:27+0800] SERIAL SMART_SCALAR_PHOTONS: 1.000
[2026-06-01T21:25:27+0800] SERIAL SMART_SCALAR_CHROMA: 1.000
[2026-06-01T21:25:27+0800] SERIAL SMART_SCALAR_MOOD: 1.000
[2026-06-01T21:25:27+0800] SERIAL SMART_SCALAR_SATURATION: 1.000
[2026-06-01T21:25:27+0800] SERIAL SMART_PALETTE_OVERLAY: 1
[2026-06-01T21:25:27+0800] SERIAL SMART_PALETTE_INDEX: 22
[2026-06-01T21:25:27+0800] SERIAL SMART_AUTO_COLOUR_SHIFT: 0
[2026-06-01T21:25:27+0800] SERIAL SMART_MIN_DWELL_MS: 12000
[2026-06-01T21:25:27+0800] SERIAL SMART_COOLDOWN_MS: 12000
[2026-06-01T21:25:27+0800] SERIAL SMART_SWITCH_WINDOW_MS: 90000
[2026-06-01T21:25:27+0800] SERIAL SMART_MAX_SWITCHES: 3
[2026-06-01T21:25:27+0800] SERIAL SMART_AUDIO_NOVELTY: 0.0331
[2026-06-01T21:25:27+0800] SERIAL SMART_AUDIO_ENERGY: 0.0933
[2026-06-01T21:25:27+0800] SERIAL SMART_EVENT_ID: 3594
[2026-06-01T21:25:27+0800] SERIAL SMART_EVENT_AGE_MS: 258
[2026-06-01T21:25:27+0800] SERIAL SMART_ONSET: 0
[2026-06-01T21:25:27+0800] SERIAL SMART_BASS_ONSET: 0
[2026-06-01T21:25:27+0800] SERIAL SMART_BEAT_CONFIDENCE: 0.000
[2026-06-01T21:25:27+0800] SERIAL }}
[2026-06-01T21:25:29+0800] COMMAND :smart_scene=auto # clear after edge audit
[2026-06-01T21:25:29+0800] SERIAL sbr{{
[2026-06-01T21:25:29+0800] SERIAL SMART_ASSIST: on
[2026-06-01T21:25:29+0800] SERIAL SMART_SWITCHING: on
[2026-06-01T21:25:29+0800] SERIAL SMART_DIRECTOR_AUTONOMY: on
[2026-06-01T21:25:29+0800] SERIAL SMART_HOOKS: on
[2026-06-01T21:25:29+0800] SERIAL SMART_CONFIDENCE_FLOOR: 0.070
[2026-06-01T21:25:29+0800] SERIAL SMART_APPLIED_MODE: 3
[2026-06-01T21:25:29+0800] SERIAL SMART_LAST_REQUESTED_MODE: 3
[2026-06-01T21:25:29+0800] SERIAL SMART_SWITCHES_IN_WINDOW: 0
[2026-06-01T21:25:29+0800] SERIAL SMART_MANUAL_OWNER_ACTIVE: 0
[2026-06-01T21:25:29+0800] SERIAL SMART_LAST_REASON: 0
[2026-06-01T21:25:29+0800] SERIAL SMART_STATE: 2
[2026-06-01T21:25:29+0800] SERIAL SMART_INTENT_MODE: 10
[2026-06-01T21:25:29+0800] SERIAL SMART_INTENT_CONFIDENCE: 0.084
[2026-06-01T21:25:29+0800] SERIAL SMART_INTENT_WANTS_SWITCH: 1
[2026-06-01T21:25:29+0800] SERIAL SMART_SCALAR_PHOTONS: 1.000
[2026-06-01T21:25:29+0800] SERIAL SMART_SCALAR_CHROMA: 1.000
[2026-06-01T21:25:29+0800] SERIAL SMART_SCALAR_MOOD: 1.000
[2026-06-01T21:25:29+0800] SERIAL SMART_SCALAR_SATURATION: 1.000
[2026-06-01T21:25:29+0800] SERIAL SMART_PALETTE_OVERLAY: 1
[2026-06-01T21:25:29+0800] SERIAL SMART_PALETTE_INDEX: 22
[2026-06-01T21:25:29+0800] SERIAL SMART_AUTO_COLOUR_SHIFT: 0
[2026-06-01T21:25:29+0800] SERIAL SMART_MIN_DWELL_MS: 12000
[2026-06-01T21:25:29+0800] SERIAL SMART_COOLDOWN_MS: 12000
[2026-06-01T21:25:29+0800] SERIAL SMART_SWITCH_WINDOW_MS: 90000
[2026-06-01T21:25:29+0800] SERIAL SMART_MAX_SWITCHES: 3
[2026-06-01T21:25:29+0800] SERIAL SMART_AUDIO_NOVELTY: 0.0858
[2026-06-01T21:25:29+0800] SERIAL SMART_AUDIO_ENERGY: 0.1200
[2026-06-01T21:25:29+0800] SERIAL SMART_EVENT_ID: 3597
[2026-06-01T21:25:29+0800] SERIAL SMART_EVENT_AGE_MS: 608
[2026-06-01T21:25:29+0800] SERIAL SMART_ONSET: 0
[2026-06-01T21:25:29+0800] SERIAL SMART_BASS_ONSET: 0
[2026-06-01T21:25:29+0800] SERIAL SMART_BEAT_CONFIDENCE: 0.000
[2026-06-01T21:25:29+0800] SERIAL }}
[2026-06-01T21:25:29+0800] SERIAL sbr{{
[2026-06-01T21:25:29+0800] SERIAL EDGE_ENABLED: on
[2026-06-01T21:25:29+0800] SERIAL EDGE_MODE: complementary
[2026-06-01T21:25:29+0800] SERIAL EDGE_STRENGTH: 0.650
[2026-06-01T21:25:29+0800] SERIAL }}
[2026-06-01T21:25:30+0800] COMMAND :vp_wave_shift=__audit_invalid__ # VP wave typed surface should mark manual before bad command
[2026-06-01T21:25:31+0800] SERIAL sberr[[
[2026-06-01T21:25:31+0800] SERIAL Bad command: vp_wave_shift=__audit_invalid__
[2026-06-01T21:25:31+0800] SERIAL ]]
[2026-06-01T21:25:32+0800] COMMAND :smart_status # after invalid vp_wave_shift
[2026-06-01T21:25:33+0800] SERIAL sbr{{
[2026-06-01T21:25:33+0800] SERIAL SMART_ASSIST: on
[2026-06-01T21:25:33+0800] SERIAL SMART_SWITCHING: on
[2026-06-01T21:25:33+0800] SERIAL SMART_DIRECTOR_AUTONOMY: on
[2026-06-01T21:25:33+0800] SERIAL SMART_HOOKS: on
[2026-06-01T21:25:33+0800] SERIAL SMART_CONFIDENCE_FLOOR: 0.070
[2026-06-01T21:25:33+0800] SERIAL SMART_APPLIED_MODE: 3
[2026-06-01T21:25:33+0800] SERIAL SMART_LAST_REQUESTED_MODE: 10
[2026-06-01T21:25:33+0800] SERIAL SMART_SWITCHES_IN_WINDOW: 0
[2026-06-01T21:25:33+0800] SERIAL SMART_MANUAL_OWNER_ACTIVE: 1
[2026-06-01T21:25:33+0800] SERIAL SMART_LAST_REASON: 8
[2026-06-01T21:25:33+0800] SERIAL SMART_STATE: 2
[2026-06-01T21:25:33+0800] SERIAL SMART_INTENT_MODE: 10
[2026-06-01T21:25:33+0800] SERIAL SMART_INTENT_CONFIDENCE: 0.087
[2026-06-01T21:25:33+0800] SERIAL SMART_INTENT_WANTS_SWITCH: 1
[2026-06-01T21:25:33+0800] SERIAL SMART_SCALAR_PHOTONS: 1.000
[2026-06-01T21:25:33+0800] SERIAL SMART_SCALAR_CHROMA: 1.000
[2026-06-01T21:25:33+0800] SERIAL SMART_SCALAR_MOOD: 1.000
[2026-06-01T21:25:33+0800] SERIAL SMART_SCALAR_SATURATION: 1.000
[2026-06-01T21:25:33+0800] SERIAL SMART_PALETTE_OVERLAY: 1
[2026-06-01T21:25:33+0800] SERIAL SMART_PALETTE_INDEX: 22
[2026-06-01T21:25:33+0800] SERIAL SMART_AUTO_COLOUR_SHIFT: 0
[2026-06-01T21:25:33+0800] SERIAL SMART_MIN_DWELL_MS: 12000
[2026-06-01T21:25:33+0800] SERIAL SMART_COOLDOWN_MS: 12000
[2026-06-01T21:25:33+0800] SERIAL SMART_SWITCH_WINDOW_MS: 90000
[2026-06-01T21:25:33+0800] SERIAL SMART_MAX_SWITCHES: 3
[2026-06-01T21:25:33+0800] SERIAL SMART_AUDIO_NOVELTY: 0.1327
[2026-06-01T21:25:33+0800] SERIAL SMART_AUDIO_ENERGY: 0.1376
[2026-06-01T21:25:33+0800] SERIAL SMART_EVENT_ID: 3599
[2026-06-01T21:25:33+0800] SERIAL SMART_EVENT_AGE_MS: 0
[2026-06-01T21:25:33+0800] SERIAL SMART_ONSET: 0
[2026-06-01T21:25:33+0800] SERIAL SMART_BASS_ONSET: 1
[2026-06-01T21:25:33+0800] SERIAL SMART_BEAT_CONFIDENCE: 0.000
[2026-06-01T21:25:33+0800] SERIAL }}
[2026-06-01T21:25:34+0800] COMMAND :smart_scene=auto # final clear
[2026-06-01T21:25:35+0800] SERIAL sbr{{
[2026-06-01T21:25:35+0800] SERIAL SMART_ASSIST: on
[2026-06-01T21:25:35+0800] SERIAL SMART_SWITCHING: on
[2026-06-01T21:25:35+0800] SERIAL SMART_DIRECTOR_AUTONOMY: on
[2026-06-01T21:25:35+0800] SERIAL SMART_HOOKS: on
[2026-06-01T21:25:35+0800] SERIAL SMART_CONFIDENCE_FLOOR: 0.070
[2026-06-01T21:25:35+0800] SERIAL SMART_APPLIED_MODE: 3
[2026-06-01T21:25:35+0800] SERIAL SMART_LAST_REQUESTED_MODE: 3
[2026-06-01T21:25:35+0800] SERIAL SMART_SWITCHES_IN_WINDOW: 0
[2026-06-01T21:25:35+0800] SERIAL SMART_MANUAL_OWNER_ACTIVE: 0
[2026-06-01T21:25:35+0800] SERIAL SMART_LAST_REASON: 0
[2026-06-01T21:25:35+0800] SERIAL SMART_STATE: 2
[2026-06-01T21:25:35+0800] SERIAL SMART_INTENT_MODE: 10
[2026-06-01T21:25:35+0800] SERIAL SMART_INTENT_CONFIDENCE: 0.080
[2026-06-01T21:25:35+0800] SERIAL SMART_INTENT_WANTS_SWITCH: 1
[2026-06-01T21:25:35+0800] SERIAL SMART_SCALAR_PHOTONS: 1.000
[2026-06-01T21:25:35+0800] SERIAL SMART_SCALAR_CHROMA: 1.000
[2026-06-01T21:25:35+0800] SERIAL SMART_SCALAR_MOOD: 1.000
[2026-06-01T21:25:35+0800] SERIAL SMART_SCALAR_SATURATION: 1.000
[2026-06-01T21:25:35+0800] SERIAL SMART_PALETTE_OVERLAY: 1
[2026-06-01T21:25:35+0800] SERIAL SMART_PALETTE_INDEX: 22
[2026-06-01T21:25:35+0800] SERIAL SMART_AUTO_COLOUR_SHIFT: 0
[2026-06-01T21:25:35+0800] SERIAL SMART_MIN_DWELL_MS: 12000
[2026-06-01T21:25:35+0800] SERIAL SMART_COOLDOWN_MS: 12000
[2026-06-01T21:25:35+0800] SERIAL SMART_SWITCH_WINDOW_MS: 90000
[2026-06-01T21:25:35+0800] SERIAL SMART_MAX_SWITCHES: 3
[2026-06-01T21:25:35+0800] SERIAL SMART_AUDIO_NOVELTY: 0.0387
[2026-06-01T21:25:35+0800] SERIAL SMART_AUDIO_ENERGY: 0.0967
[2026-06-01T21:25:35+0800] SERIAL SMART_EVENT_ID: 3603
[2026-06-01T21:25:35+0800] SERIAL SMART_EVENT_AGE_MS: 555
[2026-06-01T21:25:35+0800] SERIAL SMART_ONSET: 0
[2026-06-01T21:25:35+0800] SERIAL SMART_BASS_ONSET: 0
[2026-06-01T21:25:35+0800] SERIAL SMART_BEAT_CONFIDENCE: 0.000
[2026-06-01T21:25:35+0800] SERIAL }}
[2026-06-01T21:25:35+0800] SERIAL sbr{{
[2026-06-01T21:25:35+0800] SERIAL EDGE_ENABLED: on
[2026-06-01T21:25:35+0800] SERIAL EDGE_MODE: complementary
[2026-06-01T21:25:35+0800] SERIAL EDGE_STRENGTH: 0.650
[2026-06-01T21:25:35+0800] SERIAL }}
[2026-06-01T21:25:36+0800] COMMAND :smart_status # final status
[2026-06-01T21:25:36+0800] SERIAL sbr{{
[2026-06-01T21:25:36+0800] SERIAL SMART_ASSIST: on
[2026-06-01T21:25:36+0800] SERIAL SMART_SWITCHING: on
[2026-06-01T21:25:36+0800] SERIAL SMART_DIRECTOR_AUTONOMY: on
[2026-06-01T21:25:36+0800] SERIAL SMART_HOOKS: on
[2026-06-01T21:25:36+0800] SERIAL SMART_CONFIDENCE_FLOOR: 0.070
[2026-06-01T21:25:36+0800] SERIAL SMART_APPLIED_MODE: 3
[2026-06-01T21:25:36+0800] SERIAL SMART_LAST_REQUESTED_MODE: 10
[2026-06-01T21:25:36+0800] SERIAL SMART_SWITCHES_IN_WINDOW: 0
[2026-06-01T21:25:36+0800] SERIAL SMART_MANUAL_OWNER_ACTIVE: 0
[2026-06-01T21:25:36+0800] SERIAL SMART_LAST_REASON: 9
[2026-06-01T21:25:36+0800] SERIAL SMART_STATE: 2
[2026-06-01T21:25:36+0800] SERIAL SMART_INTENT_MODE: 10
[2026-06-01T21:25:36+0800] SERIAL SMART_INTENT_CONFIDENCE: 0.088
[2026-06-01T21:25:36+0800] SERIAL SMART_INTENT_WANTS_SWITCH: 1
[2026-06-01T21:25:36+0800] SERIAL SMART_SCALAR_PHOTONS: 1.000
[2026-06-01T21:25:36+0800] SERIAL SMART_SCALAR_CHROMA: 1.000
[2026-06-01T21:25:36+0800] SERIAL SMART_SCALAR_MOOD: 1.000
[2026-06-01T21:25:36+0800] SERIAL SMART_SCALAR_SATURATION: 1.000
[2026-06-01T21:25:36+0800] SERIAL SMART_PALETTE_OVERLAY: 1
[2026-06-01T21:25:36+0800] SERIAL SMART_PALETTE_INDEX: 22
[2026-06-01T21:25:36+0800] SERIAL SMART_AUTO_COLOUR_SHIFT: 0
[2026-06-01T21:25:36+0800] SERIAL SMART_MIN_DWELL_MS: 12000
[2026-06-01T21:25:36+0800] SERIAL SMART_COOLDOWN_MS: 12000
[2026-06-01T21:25:36+0800] SERIAL SMART_SWITCH_WINDOW_MS: 90000
[2026-06-01T21:25:36+0800] SERIAL SMART_MAX_SWITCHES: 3
[2026-06-01T21:25:36+0800] SERIAL SMART_AUDIO_NOVELTY: 0.0505
[2026-06-01T21:25:36+0800] SERIAL SMART_AUDIO_ENERGY: 0.1178
[2026-06-01T21:25:36+0800] SERIAL SMART_EVENT_ID: 3607
[2026-06-01T21:25:36+0800] SERIAL SMART_EVENT_AGE_MS: 29
[2026-06-01T21:25:36+0800] SERIAL SMART_ONSET: 1
[2026-06-01T21:25:36+0800] SERIAL SMART_BASS_ONSET: 0
[2026-06-01T21:25:36+0800] SERIAL SMART_BEAT_CONFIDENCE: 0.000
[2026-06-01T21:25:36+0800] SERIAL }}
