#NO_CALIBRATION_COMMANDS_SENT
#PORT /dev/tty.usbmodem1101
#ROLE main_1101
#CMD :smart_status
sbr{{
SMART_ASSIST: on
SMART_SWITCHING: on
SMART_DIRECTOR_AUTONOMY: off
SMART_HOOKS: on
SMART_CONFIDENCE_FLOOR: 0.080
SMART_APPLIED_MODE: 8
SMART_LAST_REQUESTED_MODE: 8
SMART_SWITCHES_IN_WINDOW: 0
SMART_MANUAL_OWNER_ACTIVE: 0
SMART_LAST_REASON: 0
SMART_STATE: 2
SMART_INTENT_MODE: 8
SMART_INTENT_CONFIDENCE: 0.157
SMART_INTENT_WANTS_SWITCH: 1
SMART_SCALAR_PHOTONS: 1.000
SMART_SCALAR_CHROMA: 1.000
SMART_SCALAR_MOOD: 1.000
SMART_SCALAR_SATURATION: 1.000
SMART_PALETTE_OVERLAY: 0
SMART_PALETTE_INDEX: 29
SMART_AUTO_COLOUR_SHIFT: 0
SMART_MIN_DWELL_MS: 8000
SMART_COOLDOWN_MS: 20000
SMART_SWITCH_WINDOW_MS: 60000
SMART_MAX_SWITCHES: 2
SMART_AUDIO_NOVELTY: 0.0366
SMART_AUDIO_ENERGY: 0.1258
SMART_EVENT_ID: 382
SMART_EVENT_AGE_MS: 379
SMART_ONSET: 0
SMART_BASS_ONSET: 0
SMART_BEAT_CONFIDENCE: 0.000
}}
#CMD :edge_status
sbr{{
EDGE_ENABLED: on
EDGE_MODE: complementary
EDGE_STRENGTH: 0.350
}}
#PORT /dev/tty.usbmodem1401
#ROLE bench_1401
#CMD :smart_status
sbr{{
SMART_ASSIST: on
SMART_SWITCHING: on
SMART_DIRECTOR_AUTONOMY: on
SMART_HOOKS: on
SMART_CONFIDENCE_FLOOR: 0.055
SMART_APPLIED_MODE: 9
SMART_LAST_REQUESTED_MODE: 11
SMART_SWITCHES_IN_WINDOW: 1
SMART_MANUAL_OWNER_ACTIVE: 0
SMART_LAST_REASON: 0
SMART_STATE: 2
SMART_INTENT_MODE: 8
SMART_INTENT_CONFIDENCE: 0.103
SMART_INTENT_WANTS_SWITCH: 1
SMART_SCALAR_PHOTONS: 1.000
SMART_SCALAR_CHROMA: 1.000
SMART_SCALAR_MOOD: 1.000
SMART_SCALAR_SATURATION: 1.000
SMART_PALETTE_OVERLAY: 1
SMART_PALETTE_INDEX: 29
SMART_AUTO_COLOUR_SHIFT: 0
SMART_MIN_DWELL_MS: 6000
SMART_COOLDOWN_MS: 9000
SMART_SWITCH_WINDOW_MS: 60000
SMART_MAX_SWITCHES: 4
SMART_AUDIO_NOVELTY: 0.1085
SMART_AUDIO_ENERGY: 0.1641
SMART_EVENT_ID: 386
SMART_EVENT_AGE_MS: 241
SMART_ONSET: 0
SMART_BASS_ONSET: 0
SMART_BEAT_CONFIDENCE: 0.000
}}
#CMD :edge_status
sbr{{
EDGE_ENABLED: on
EDGE_MODE: complementary
EDGE_STRENGTH: 0.350
}}
