[1781480589.856] #DEVICE role=main-k1 name=main-1401 port=/dev/cu.usbmodem12201 expected_chip_id=F887A500 env=k1_hardware
[1781480589.858] >>> :version
[1781480589.860] ce=0 cal_source=config cal_valid=1 cal_reason=none | bpm=83.0 conf=0.75 lock=0 phase=0.62 beat=0 bstr=0.10 | onset=0 bass=0 ostr=0.00
[1781480589.861] [AP] SSL=176 DC=-4698 max_raw=308 follower=369 peak_scaled=0.434 response_gain=1.000 silent_scale=1.000 silence=0 cal_source=config cal_valid=1 cal_reason=none | bpm=83.0 conf=0.00 lock=0 phase=0.39 beat=0 bstr=0.09 | onset=0 bass=0 ostr=0.00
[1781480589.862] [AP] SSL=176 DC=-4698 max_raw=334 follower=280 peak_scaled=0.886 response_gain=1.000 silent_scale=1.000 silence=0 cal_source=config cal_valid=1 cal_reason=none | bpm=83.0 conf=0.00 lock=0 phase=0.79 beat=0 bstr=0.13 | onset=0 bass=0 ostr=0.00
[1781480589.863] [AP] SSL=176 DC=-4698 max_raw=666 follower=1174 peak_scaled=0.449 response_gain=1.000 silent_scale=1.000 silence=0 cal_source=config cal_valid=1 cal_reason=none | bpm=100.0 conf=0.79 lock=1 phase=0.20 beat=0 bstr=0.02 | onset=0 bass=0 ostr=0.00
[1781480589.864] [AP] SSL=176 DC=-4698 max_raw=234 follower=683 peak_scaled=0.427 response_gain=1.000 silent_scale=1.000 silence=0 cal_source=config cal_valid=1 cal_reason=none | bpm=100.0 conf=0.89 lock=1 phase=0.91 beat=0 bstr=0.03 | onset=0 bass=1 ostr=0.06
[1781480589.865] [AP] SSL=176 DC=-4698 max_raw=399 follower=638 peak_scaled=0.340 response_gain=1.000 silent_scale=1.000 silence=0 cal_source=config cal_valid=1 cal_reason=none | bpm=100.0 conf=0.85 lock=1 phase=0.65 beat=0 bstr=0.08 | onset=1 bass=0 ostr=0.00
[1781480589.866] [AP] SSL=176 DC=-4698 max_raw=459 follower=384 peak_scaled=0.589 response_gain=1.000 silent_scale=1.000 silence=0 cal_source=config cal_valid=1 cal_reason=none | bpm=100.0 conf=0.55 lock=0 phase=0.25 beat=0 bstr=0.39 | onset=1 bass=0 ostr=0.00
[1781480589.867] [AP] SSL=176 DC=-4698 max_raw=279 follower=434 peak_scaled=0.300 response_gain=1.000 silent_scale=1.000 silence=0 cal_source=config cal_valid=1 cal_reason=none | bpm=102.0 conf=0.30 lock=0 phase=0.91 beat=0 bstr=0.84 | onset=1 bass=0 ostr=0.00
[1781480589.868] [AP] SSL=176 DC=-4698 max_raw=267 follower=277 peak_scaled=0.418 response_gain=1.000 silent_scale=1.000 silence=0 cal_source=config cal_valid=1 cal_reason=none | bpm=102.0 conf=0.16 lock=0 phase=0.63 beat=0 bstr=0.57 | onset=0 bass=0 ostr=0.00
[1781480589.869] [AP] SSL=176 DC=-4698 max_raw=334 follower=199 peak_scaled=0.760 response_gain=1.000 silent_scale=1.000 silence=0 cal_source=config cal_valid=1 cal_reason=none | bpm=102.0 conf=0.14 lock=0 phase=0.35 beat=0 bstr=0.33 | onset=0 bass=0 ostr=0.00
[1781480589.870] [AP] SSL=176 DC=-4698 max_raw=174 follower=209 peak_scaled=0.435 response_gain=1.000 silent_scale=1.000 silence=0 cal_source=config cal_valid=1 cal_reason=none | bpm=102.0 conf=0.03 lock=0 phase=0.03 beat=0 bstr=0.18 | onset=0 bass=0 ostr=0.00
[1781480589.871] [AP] SSL=176 DC=-4698 max_raw=248 follower=223 peak_scaled=0.603 response_gain=1.000 silent_scale=1.000 silence=0 cal_source=config cal_valid=1 cal_reason=none | bpm=102.0 conf=0.02 lock=0 phase=0.75 beat=0 bstr=0.09 | onset=0 bass=0 ostr=0.00
[1781480589.873] [AP] SSL=176 DC=-4698 max_raw=450 follower=300 peak_scaled=0.923 response_gain=1.000 silent_scale=1.000 silence=0 cal_source=config cal_valid=1 cal_reason=none | bpm=102.0 conf=0.00 lock=0 phase=0.48 beat=0 bstr=0.09 | onset=1 bass=0 ostr=0.00
[1781480589.874] [AP] SSL=176 DC=-4698 max_raw=349 follower=263 peak_scaled=0.635 response_gain=1.000 silent_scale=1.000 silence=0 cal_source=config cal_valid=1 cal_reason=none | bpm=113.0 conf=0.04 lock=0 phase=0.28 beat=0 bstr=0.02 | onset=1 bass=0 ostr=0.00
[1781480589.875] [AP] SSL=176 DC=-4698 max_raw=298 follower=1281 peak_scaled=0.127 response_gain=1.000 silent_scale=1.000 silence=0 cal_source=config cal_valid=1 cal_reason=none | bpm=103.0 conf=0.58 lock=0 phase=0.07 beat=0 bstr=0.14 | onset=0 bass=0 ostr=0.00
[1781480589.875] sbr{{
[1781480589.875] VERSION: 40103
[1781480589.875] }}
[1781480590.663] >>> :chip_id
[1781480590.672] sbr{{
[1781480590.672] F887A500
[1781480590.672] }}
[1781480590.720] [AP] SSL=176 DC=-4698 max_raw=313 follower=793 peak_scaled=0.186 response_gain=1.000 silent_scale=1.000 silence=0 cal_source=config cal_valid=1 cal_reason=none | bpm=64.0 conf=0.95 lock=1 phase=0.29 beat=0 bstr=0.04 | onset=0 bass=0 ostr=0.00
[1781480591.726] [AP] SSL=176 DC=-4698 max_raw=344 follower=605 peak_scaled=0.637 response_gain=1.000 silent_scale=1.000 silence=0 cal_source=config cal_valid=1 cal_reason=none | bpm=66.0 conf=0.68 lock=1 phase=0.37 beat=0 bstr=0.02 | onset=0 bass=0 ostr=0.00
[1781480592.731] [AP] SSL=176 DC=-4698 max_raw=157 follower=410 peak_scaled=0.403 response_gain=1.000 silent_scale=1.000 silence=0 cal_source=config cal_valid=1 cal_reason=none | bpm=66.0 conf=0.51 lock=1 phase=0.53 beat=0 bstr=0.08 | onset=0 bass=0 ostr=0.00
[1781480593.735] [AP] SSL=176 DC=-4698 max_raw=198 follower=271 peak_scaled=0.464 response_gain=1.000 silent_scale=1.000 silence=0 cal_source=config cal_valid=1 cal_reason=none | bpm=106.0 conf=0.46 lock=0 phase=0.30 beat=0 bstr=0.45 | onset=0 bass=0 ostr=0.00
[1781480594.740] [AP] SSL=176 DC=-4698 max_raw=243 follower=201 peak_scaled=0.439 response_gain=1.000 silent_scale=1.000 silence=0 cal_source=config cal_valid=1 cal_reason=none | bpm=106.0 conf=0.42 lock=0 phase=0.05 beat=0 bstr=0.76 | onset=0 bass=0 ostr=0.00
[1781480595.084] >>> :stop
[1781480595.108] SBOK
[1781480595.989] >>> :vp_stream=off
[1781480596.007] sbr{{
[1781480596.008] VP_STREAM: off
[1781480596.008] }}
[1781480596.893] >>> :ap_stream=off
[1781480596.908] sbr{{
[1781480596.908] AP_STREAM: off
[1781480596.908] }}
[1781480597.800] >>> :response_gain=1.000
[1781480597.807] sbr{{
[1781480597.807] AUDIO_RESPONSE_GAIN: 1.000000
[1781480597.807] }}
[1781480598.705] >>> :dump
[1781480598.707] sbr{{
[1781480598.707] FIRMWARE_VERSION: 40103
[1781480598.708] CHIP ID: F887A500
[1781480598.708] noise_button.pressed: 0
[1781480598.708] noise_button.last_down: 0
[1781480598.708] noise_button.last_up: 0
[1781480598.708] noise_button.pin: 255
[1781480598.708] mode_button.pressed: 0
[1781480598.708] mode_button.last_down: 0
[1781480598.708] mode_button.last_up: 0
[1781480598.708] mode_button.pin: 255
[1781480598.708] CONFIG.PHOTONS: 0.650000
[1781480598.708] CONFIG.CHROMA: 0.000000
[1781480598.709] CONFIG.MOOD: 0.150000
[1781480598.709] CONFIG.LIGHTSHOW_MODE: 8
[1781480598.709] CONFIG.MIRROR_ENABLED: 1
[1781480598.709] CONFIG.CHROMAGRAM_RANGE: 60
[1781480598.709] CONFIG.SAMPLE_RATE: 12800
[1781480598.709] CONFIG.NOTE_OFFSET: 12
[1781480598.709] CONFIG.SQUARE_ITER: 1.00
[1781480598.709] CONFIG.LED_TYPE: 0
[1781480598.709] CONFIG.LED_COUNT: 160
[1781480598.709] CONFIG.LED_COLOR_ORDER: 66
[1781480598.709] CONFIG.SAMPLES_PER_CHUNK: 96
[1781480598.709] CONFIG.SENSITIVITY: 2.400000
[1781480598.710] AUDIO_RESPONSE_GAIN: 1.000000
[1781480598.710] CONFIG.BOOT_ANIMATION: 1
[1781480598.710] CONFIG.SWEET_SPOT_MIN_LEVEL: 176
[1781480598.710] CONFIG.SWEET_SPOT_MAX_LEVEL: 30000
[1781480598.710] CONFIG.DC_OFFSET: -4698
[1781480598.710] CAL_SOURCE: config
[1781480598.710] CAL_VALID: 1
[1781480598.710] CAL_PROFILE_LOADED: 0
[1781480598.710] NOISE_CAL_REASON: none
[1781480598.710] NOISE_CAL_DC_SAMPLES: 0
[1781480598.711] NOISE_CAL_SSL_P50: 0.0
[1781480598.711] NOISE_CAL_SSL_P90: 0.0
[1781480598.711] CONFIG.STANDBY_DIMMING: 0
[1781480598.711] CONFIG.REVERSE_ORDER: 0
[1781480598.711] CONFIG.MAX_CURRENT_MA: 1500
[1781480598.711] CONFIG.TEMPORAL_DITHERING: 1
[1781480598.711] CONFIG.AUTO_COLOR_SHIFT: 0
[1781480598.711] CONFIG.INCANDESCENT_FILTER: 0.00
[1781480598.711] CONFIG.INCANDESCENT_MODE: 0
[1781480598.711] CONFIG.BULB_OPACITY: 0.00
[1781480598.712] CONFIG.SATURATION: 1.00
[1781480598.712] CONFIG.PRISM_COUNT: 1.00
[1781480598.712] CONFIG.BASE_COAT: 0
[1781480598.712] CONFIG.BASE_COAT_INTENSITY: 0.000
[1781480598.712] MASTER_BRIGHTNESS: 1.00
[1781480598.712] stream_audio: 0
[1781480598.712] stream_fps: 0
[1781480598.712] stream_max_mags: 0
[1781480598.712] stream_max_mags_followers: 0
[1781480598.713] stream_magnitudes: 0
[1781480598.713] stream_spectrogram: 0
[1781480598.713] stream_chromagram: 0
[1781480598.713] debug_mode: 0
[1781480598.713] noise_complete: 1
[1781480598.713] noise_iterations: 0
[1781480598.713] next_save_time: 0
[1781480598.713] settings_updated: 0
[1781480598.713] I2S_PORT: 0
[1781480598.713] SAMPLE_HISTORY_LENGTH: 4096
[1781480598.713] silence: 0
[1781480598.713] mode_destination: -1
[1781480598.713] SYSTEM_FPS: 168.31
[1781480598.713] LED_FPS: 201.24
[1781480598.713] }}
[1781480599.614] >>> :smart_status
[1781480599.628] sbr{{
[1781480599.628] SMART_ASSIST: off
[1781480599.628] SMART_SWITCHING: off
[1781480599.628] SMART_DIRECTOR_AUTONOMY: off
[1781480599.628] SMART_HOOKS: off
[1781480599.628] SMART_CONFIDENCE_FLOOR: 0.080
[1781480599.628] SMART_APPLIED_MODE: 3
[1781480599.629] SMART_LAST_REQUESTED_MODE: 3
[1781480599.629] SMART_SWITCHES_IN_WINDOW: 0
[1781480599.629] SMART_MANUAL_OWNER_ACTIVE: 0
[1781480599.629] SMART_LAST_REASON: 0
[1781480599.629] SMART_STATE: 0
[1781480599.629] SMART_INTENT_MODE: 3
[1781480599.629] SMART_INTENT_CONFIDENCE: 0.000
[1781480599.629] SMART_INTENT_WANTS_SWITCH: 0
[1781480599.629] SMART_SCALAR_PHOTONS: 1.000
[1781480599.629] SMART_SCALAR_CHROMA: 1.000
[1781480599.630] SMART_SCALAR_MOOD: 1.000
[1781480599.630] SMART_SCALAR_SATURATION: 1.000
[1781480599.630] SMART_PALETTE_OVERLAY: 0
[1781480599.630] SMART_PALETTE_INDEX: 0
[1781480599.630] SMART_AUTO_COLOUR_SHIFT: 0
[1781480599.630] SMART_MIN_DWELL_MS: 8000
[1781480599.630] SMART_COOLDOWN_MS: 20000
[1781480599.630] SMART_SWITCH_WINDOW_MS: 60000
[1781480599.631] SMART_MAX_SWITCHES: 2
[1781480599.631] SMART_AUDIO_NOVELTY: 0.0415
[1781480599.631] SMART_AUDIO_ENERGY: 0.2023
[1781480599.631] SMART_EVENT_ID: 857
[1781480599.631] SMART_EVENT_AGE_MS: 214
[1781480599.631] SMART_ONSET: 0
[1781480599.631] SMART_BASS_ONSET: 0
[1781480599.631] SMART_BEAT_CONFIDENCE: 0.000
[1781480599.631] SMART_TRANSIENT: 0
[1781480599.631] SMART_KICK: 0
[1781480599.631] SMART_SNARE: 0
[1781480599.631] SMART_HIHAT: 1
[1781480599.632] SMART_TRANSIENT_LEVEL: 0.004
[1781480599.632] SMART_KICK_LEVEL: 0.000
[1781480599.632] SMART_SNARE_LEVEL: 0.000
[1781480599.632] SMART_HIHAT_LEVEL: 0.043
[1781480599.632] SMART_SNARE_EVENT_ID: 351
[1781480599.632] SMART_HIHAT_EVENT_ID: 1070
[1781480599.632] }}
[1781480600.524] >>> :vp_status
[1781480600.527] sbr{{
[1781480600.527] VP_PROFILE: candidate
[1781480600.528] VP_FIXES: agc_soft=on chroma_gate=on prism_off=on bloom_decay=off hsv_source_sat=on secondary_clean=on
[1781480600.528] VP_STREAM: off
[1781480600.528] AP_STREAM: off
[1781480600.528] VP_BLOOM: alpha=0.9900 shift=1.0000 force_sat=on
[1781480600.530] VP_WAVEFORM: idle_fade=0.9850 raw_margin=1.1000 peak_floor=0.0800 active_fade=0.0400 blend_gain=2.0000 fallback=1.0000 vu_floor=0.0200 shift_rate=120.0000
[1781480600.531] VP_CHROMA: seq=18321 range=60 profile=0 gate_gain=0.2690 pre_max=0.2711 pre_mean=0.2355 norm_max=1.0179 norm_mean=0.8841 flatness=0.1338 final_max=0.2469 final_mean=0.2109
[1781480600.532] VP_AGC: gain=1.2873 envelope=0.1906 floor=0.0010 gated=false
[1781480600.532] VP_RENDER_US: last=700 avg=622 max=1010
[1781480600.532] }}
[1781480601.430] >>> :vp_perf=status
[1781480601.452] sbr{{
[1781480601.452] VP_PERF: disabled (compile with ENABLE_VP_PERF_AUDIT=1)
[1781480601.452] }}
[1781480602.340] >>> :ap_stream=on
[1781480602.352] sbr{{
[1781480602.352] AP_STREAM: on
[1781480602.352] }}
[1781480602.356] [AP] SSL=176 DC=-4698 max_raw=339 follower=237 peak_scaled=0.644 response_gain=1.000 silent_scale=1.000 silence=0 cal_source=config cal_valid=1 cal_reason=none | bpm=102.0 conf=0.00 lock=0 phase=0.41 beat=0 bstr=0.70 | onset=0 bass=1 ostr=0.02
[1781480603.046] >>> :vp_stream=on
[1781480603.047] sbr{{
[1781480603.047] VP_STREAM: on
[1781480603.047] }}
[1781480603.054] [VP] profile=candidate fix=111011 chroma_seq=18827 chroma_flatness=0.0740 chroma_norm_max=0.9806 chroma_norm_mean=0.9066 chroma_final_max=0.0000 chroma_final_mean=0.0000 agc_gain=1.2031 bloom_alpha=0.9900 bloom_shift=1.0000 wave_idle=0.9850 wave_raw_margin=1.1000 wave_peak_floor=0.0800 wave_vu_floor=0.0200 wave_shift=120.0000 render_us=596 render_avg=643 render_max=1010
[1781480603.365] [AP] SSL=176 DC=-4698 max_raw=234 follower=217 peak_scaled=0.586 response_gain=1.000 silent_scale=1.000 silence=0 cal_source=config cal_valid=1 cal_reason=none | bpm=99.0 conf=0.00 lock=0 phase=0.12 beat=0 bstr=0.24 | onset=0 bass=1 ostr=0.02
[1781480603.751] >>> :smart_status
[1781480603.767] sbr{{
[1781480603.767] SMART_ASSIST: off
[1781480603.767] SMART_SWITCHING: off
[1781480603.768] SMART_DIRECTOR_AUTONOMY: off
[1781480603.768] SMART_HOOKS: off
[1781480603.768] SMART_CONFIDENCE_FLOOR: 0.080
[1781480603.768] SMART_APPLIED_MODE: 3
[1781480603.768] SMART_LAST_REQUESTED_MODE: 3
[1781480603.768] SMART_SWITCHES_IN_WINDOW: 0
[1781480603.768] SMART_MANUAL_OWNER_ACTIVE: 0
[1781480603.768] SMART_LAST_REASON: 0
[1781480603.768] SMART_STATE: 0
[1781480603.768] SMART_INTENT_MODE: 3
[1781480603.768] SMART_INTENT_CONFIDENCE: 0.000
[1781480603.768] SMART_INTENT_WANTS_SWITCH: 0
[1781480603.769] SMART_SCALAR_PHOTONS: 1.000
[1781480603.769] SMART_SCALAR_CHROMA: 1.000
[1781480603.769] SMART_SCALAR_MOOD: 1.000
[1781480603.769] SMART_SCALAR_SATURATION: 1.000
[1781480603.769] SMART_PALETTE_OVERLAY: 0
[1781480603.769] SMART_PALETTE_INDEX: 0
[1781480603.770] SMART_AUTO_COLOUR_SHIFT: 0
[1781480603.770] SMART_MIN_DWELL_MS: 8000
[1781480603.770] SMART_COOLDOWN_MS: 20000
[1781480603.770] SMART_SWITCH_WINDOW_MS: 60000
[1781480603.770] SMART_MAX_SWITCHES: 2
[1781480603.770] SMART_AUDIO_NOVELTY: 0.0433
[1781480603.770] SMART_AUDIO_ENERGY: 0.2537
[1781480603.770] SMART_EVENT_ID: 881
[1781480603.770] SMART_EVENT_AGE_MS: 164
[1781480603.771] SMART_ONSET: 0
[1781480603.771] SMART_BASS_ONSET: 0
[1781480603.771] SMART_BEAT_CONFIDENCE: 0.000
[1781480603.771] SMART_TRANSIENT: 0
[1781480603.771] SMART_KICK: 0
[1781480603.771] SMART_SNARE: 0
[1781480603.771] SMART_HIHAT: 0
[1781480603.771] SMART_TRANSIENT_LEVEL: 0.015
[1781480603.772] SMART_KICK_LEVEL: 0.002
[1781480603.772] SMART_SNARE_LEVEL: 0.001
[1781480603.772] SMART_HIHAT_LEVEL: 0.021
[1781480603.772] SMART_SNARE_EVENT_ID: 365
[1781480603.772] SMART_HIHAT_EVENT_ID: 1117
[1781480603.772] }}
[1781480604.058] [VP] profile=candidate fix=111011 chroma_seq=19029 chroma_flatness=0.0705 chroma_norm_max=0.8438 chroma_norm_mean=0.7733 chroma_final_max=0.0000 chroma_final_mean=0.0000 agc_gain=1.1319 bloom_alpha=0.9900 bloom_shift=1.0000 wave_idle=0.9850 wave_raw_margin=1.1000 wave_peak_floor=0.0800 wave_vu_floor=0.0200 wave_shift=120.0000 render_us=539 render_avg=603 render_max=1010
[1781480604.370] [AP] SSL=176 DC=-4698 max_raw=202 follower=280 peak_scaled=0.389 response_gain=1.000 silent_scale=1.000 silence=0 cal_source=config cal_valid=1 cal_reason=none | bpm=99.0 conf=0.00 lock=0 phase=0.75 beat=0 bstr=0.18 | onset=0 bass=0 ostr=0.00
[1781480605.058] [VP] profile=candidate fix=111011 chroma_seq=19230 chroma_flatness=0.0465 chroma_norm_max=0.5799 chroma_norm_mean=0.5334 chroma_final_max=0.0000 chroma_final_mean=0.0000 agc_gain=0.9134 bloom_alpha=0.9900 bloom_shift=1.0000 wave_idle=0.9850 wave_raw_margin=1.1000 wave_peak_floor=0.0800 wave_vu_floor=0.0200 wave_shift=120.0000 render_us=608 render_avg=619 render_max=1010
[1781480605.375] [AP] SSL=176 DC=-4698 max_raw=454 follower=477 peak_scaled=0.560 response_gain=1.000 silent_scale=1.000 silence=0 cal_source=config cal_valid=1 cal_reason=none | bpm=99.0 conf=0.26 lock=0 phase=0.42 beat=0 bstr=0.17 | onset=0 bass=1 ostr=0.05
[1781480606.059] [VP] profile=candidate fix=111011 chroma_seq=19431 chroma_flatness=0.0926 chroma_norm_max=0.8833 chroma_norm_mean=0.7906 chroma_final_max=0.0495 chroma_final_mean=0.0437 agc_gain=1.2273 bloom_alpha=0.9900 bloom_shift=1.0000 wave_idle=0.9850 wave_raw_margin=1.1000 wave_peak_floor=0.0800 wave_vu_floor=0.0200 wave_shift=120.0000 render_us=650 render_avg=645 render_max=1010
[1781480606.379] [AP] SSL=176 DC=-4698 max_raw=138 follower=306 peak_scaled=0.330 response_gain=1.000 silent_scale=1.000 silence=0 cal_source=config cal_valid=1 cal_reason=none | bpm=99.0 conf=0.32 lock=0 phase=0.09 beat=0 bstr=0.31 | onset=0 bass=0 ostr=0.00
[1781480607.063] [VP] profile=candidate fix=111011 chroma_seq=19632 chroma_flatness=0.0956 chroma_norm_max=0.8521 chroma_norm_mean=0.7565 chroma_final_max=0.0585 chroma_final_mean=0.0511 agc_gain=1.1288 bloom_alpha=0.9900 bloom_shift=1.0000 wave_idle=0.9850 wave_raw_margin=1.1000 wave_peak_floor=0.0800 wave_vu_floor=0.0200 wave_shift=120.0000 render_us=661 render_avg=661 render_max=1010
[1781480607.385] [AP] SSL=176 DC=-4698 max_raw=202 follower=293 peak_scaled=0.473 response_gain=1.000 silent_scale=1.000 silence=0 cal_source=config cal_valid=1 cal_reason=none | bpm=99.0 conf=0.30 lock=0 phase=0.73 beat=0 bstr=0.34 | onset=0 bass=1 ostr=0.04
[1781480608.073] [VP] profile=candidate fix=111011 chroma_seq=19835 chroma_flatness=0.0901 chroma_norm_max=0.9735 chroma_norm_mean=0.8833 chroma_final_max=0.0443 chroma_final_mean=0.0397 agc_gain=1.2597 bloom_alpha=0.9900 bloom_shift=1.0000 wave_idle=0.9850 wave_raw_margin=1.1000 wave_peak_floor=0.0800 wave_vu_floor=0.0200 wave_shift=120.0000 render_us=662 render_avg=662 render_max=1010
[1781480608.390] [AP] SSL=176 DC=-4698 max_raw=450 follower=258 peak_scaled=0.990 response_gain=1.000 silent_scale=1.000 silence=0 cal_source=config cal_valid=1 cal_reason=none | bpm=96.0 conf=0.07 lock=0 phase=0.39 beat=0 bstr=0.59 | onset=0 bass=0 ostr=0.00
[1781480609.076] [VP] profile=candidate fix=111011 chroma_seq=20036 chroma_flatness=0.2527 chroma_norm_max=1.0975 chroma_norm_mean=0.8448 chroma_final_max=0.8614 chroma_final_mean=0.6431 agc_gain=1.3244 bloom_alpha=0.9900 bloom_shift=1.0000 wave_idle=0.9850 wave_raw_margin=1.1000 wave_peak_floor=0.0800 wave_vu_floor=0.0200 wave_shift=120.0000 render_us=694 render_avg=674 render_max=1010
[1781480609.396] [AP] SSL=176 DC=-4698 max_raw=272 follower=178 peak_scaled=0.613 response_gain=1.000 silent_scale=1.000 silence=0 cal_source=config cal_valid=1 cal_reason=none | bpm=96.0 conf=0.07 lock=0 phase=0.02 beat=0 bstr=0.87 | onset=0 bass=0 ostr=0.00
[1781480610.076] [VP] profile=candidate fix=111011 chroma_seq=20237 chroma_flatness=0.0858 chroma_norm_max=0.9924 chroma_norm_mean=0.9066 chroma_final_max=0.0258 chroma_final_mean=0.0234 agc_gain=1.2495 bloom_alpha=0.9900 bloom_shift=1.0000 wave_idle=0.9850 wave_raw_margin=1.1000 wave_peak_floor=0.0800 wave_vu_floor=0.0200 wave_shift=120.0000 render_us=682 render_avg=653 render_max=1010
[1781480610.401] [AP] SSL=176 DC=-4698 max_raw=178 follower=204 peak_scaled=0.480 response_gain=1.000 silent_scale=1.000 silence=0 cal_source=config cal_valid=1 cal_reason=none | bpm=96.0 conf=0.00 lock=0 phase=0.60 beat=0 bstr=0.76 | onset=0 bass=0 ostr=0.00
[1781480611.079] [VP] profile=candidate fix=111011 chroma_seq=20440 chroma_flatness=0.0850 chroma_norm_max=0.9562 chroma_norm_mean=0.8712 chroma_final_max=0.0215 chroma_final_mean=0.0194 agc_gain=1.2755 bloom_alpha=0.9900 bloom_shift=1.0000 wave_idle=0.9850 wave_raw_margin=1.1000 wave_peak_floor=0.0800 wave_vu_floor=0.0200 wave_shift=120.0000 render_us=656 render_avg=722 render_max=1010
[1781480611.405] [AP] SSL=176 DC=-4698 max_raw=217 follower=176 peak_scaled=0.608 response_gain=1.000 silent_scale=1.000 silence=0 cal_source=config cal_valid=1 cal_reason=none | bpm=96.0 conf=0.00 lock=0 phase=0.22 beat=0 bstr=0.50 | onset=0 bass=1 ostr=0.02
[1781480612.080] [VP] profile=candidate fix=111011 chroma_seq=20641 chroma_flatness=0.0685 chroma_norm_max=0.9379 chroma_norm_mean=0.8694 chroma_final_max=0.0000 chroma_final_mean=0.0000 agc_gain=1.2952 bloom_alpha=0.9900 bloom_shift=1.0000 wave_idle=0.9850 wave_raw_margin=1.1000 wave_peak_floor=0.0800 wave_vu_floor=0.0200 wave_shift=120.0000 render_us=605 render_avg=677 render_max=1010
[1781480612.411] [AP] SSL=176 DC=-4698 max_raw=217 follower=181 peak_scaled=0.618 response_gain=1.000 silent_scale=1.000 silence=0 cal_source=config cal_valid=1 cal_reason=none | bpm=96.0 conf=0.00 lock=0 phase=0.84 beat=0 bstr=0.72 | onset=0 bass=0 ostr=0.00
[1781480612.476] >>> :smart_status
[1781480612.477] sbr{{
[1781480612.478] SMART_ASSIST: off
[1781480612.478] SMART_SWITCHING: off
[1781480612.478] SMART_DIRECTOR_AUTONOMY: off
[1781480612.478] SMART_HOOKS: off
[1781480612.478] SMART_CONFIDENCE_FLOOR: 0.080
[1781480612.478] SMART_APPLIED_MODE: 3
[1781480612.478] SMART_LAST_REQUESTED_MODE: 3
[1781480612.479] SMART_SWITCHES_IN_WINDOW: 0
[1781480612.479] SMART_MANUAL_OWNER_ACTIVE: 0
[1781480612.479] SMART_LAST_REASON: 0
[1781480612.480] SMART_STATE: 0
[1781480612.480] SMART_INTENT_MODE: 3
[1781480612.480] SMART_INTENT_CONFIDENCE: 0.000
[1781480612.480] SMART_INTENT_WANTS_SWITCH: 0
[1781480612.480] SMART_SCALAR_PHOTONS: 1.000
[1781480612.480] SMART_SCALAR_CHROMA: 1.000
[1781480612.480] SMART_SCALAR_MOOD: 1.000
[1781480612.481] SMART_SCALAR_SATURATION: 1.000
[1781480612.481] SMART_PALETTE_OVERLAY: 0
[1781480612.481] SMART_PALETTE_INDEX: 0
[1781480612.482] SMART_AUTO_COLOUR_SHIFT: 0
[1781480612.482] SMART_MIN_DWELL_MS: 8000
[1781480612.482] SMART_COOLDOWN_MS: 20000
[1781480612.482] SMART_SWITCH_WINDOW_MS: 60000
[1781480612.482] SMART_MAX_SWITCHES: 2
[1781480612.482] SMART_AUDIO_NOVELTY: 0.0336
[1781480612.482] SMART_AUDIO_ENERGY: 0.2259
[1781480612.482] SMART_EVENT_ID: 950
[1781480612.482] SMART_EVENT_AGE_MS: 189
[1781480612.482] SMART_ONSET: 0
[1781480612.483] SMART_BASS_ONSET: 0
[1781480612.483] SMART_BEAT_CONFIDENCE: 0.000
[1781480612.483] SMART_TRANSIENT: 0
[1781480612.483] SMART_KICK: 0
[1781480612.483] SMART_SNARE: 0
[1781480612.483] SMART_HIHAT: 0
[1781480612.483] SMART_TRANSIENT_LEVEL: 0.001
[1781480612.483] SMART_KICK_LEVEL: 0.001
[1781480612.483] SMART_SNARE_LEVEL: 0.007
[1781480612.484] SMART_HIHAT_LEVEL: 0.001
[1781480612.484] SMART_SNARE_EVENT_ID: 396
[1781480612.484] SMART_HIHAT_EVENT_ID: 1214
[1781480612.484] }}
[1781480613.089] [VP] profile=candidate fix=111011 chroma_seq=20844 chroma_flatness=0.1307 chroma_norm_max=1.0047 chroma_norm_mean=0.8741 chroma_final_max=0.2293 chroma_final_mean=0.1962 agc_gain=1.3102 bloom_alpha=0.9900 bloom_shift=1.0000 wave_idle=0.9850 wave_raw_margin=1.1000 wave_peak_floor=0.0800 wave_vu_floor=0.0200 wave_shift=120.0000 render_us=696 render_avg=699 render_max=1010
[1781480613.180] >>> :dump
[1781480613.197] sbr{{
[1781480613.198] FIRMWARE_VERSION: 40103
[1781480613.198] CHIP ID: F887A500
[1781480613.198] noise_button.pressed: 0
[1781480613.198] noise_button.last_down: 0
[1781480613.198] noise_button.last_up: 0
[1781480613.198] noise_button.pin: 255
[1781480613.199] mode_button.pressed: 0
[1781480613.199] mode_button.last_down: 0
[1781480613.199] mode_button.last_up: 0
[1781480613.199] mode_button.pin: 255
[1781480613.199] CONFIG.PHOTONS: 0.650000
[1781480613.200] CONFIG.CHROMA: 0.000000
[1781480613.200] CONFIG.MOOD: 0.150000
[1781480613.200] CONFIG.LIGHTSHOW_MODE: 8
[1781480613.200] CONFIG.MIRROR_ENABLED: 1
[1781480613.200] CONFIG.CHROMAGRAM_RANGE: 60
[1781480613.200] CONFIG.SAMPLE_RATE: 12800
[1781480613.200] CONFIG.NOTE_OFFSET: 12
[1781480613.200] CONFIG.SQUARE_ITER: 1.00
[1781480613.201] CONFIG.LED_TYPE: 0
[1781480613.201] CONFIG.LED_COUNT: 160
[1781480613.201] CONFIG.LED_COLOR_ORDER: 66
[1781480613.201] CONFIG.SAMPLES_PER_CHUNK: 96
[1781480613.201] CONFIG.SENSITIVITY: 2.400000
[1781480613.201] AUDIO_RESPONSE_GAIN: 1.000000
[1781480613.201] CONFIG.BOOT_ANIMATION: 1
[1781480613.201] CONFIG.SWEET_SPOT_MIN_LEVEL: 176
[1781480613.201] CONFIG.SWEET_SPOT_MAX_LEVEL: 30000
[1781480613.202] CONFIG.DC_OFFSET: -4698
[1781480613.202] CAL_SOURCE: config
[1781480613.202] CAL_VALID: 1
[1781480613.202] CAL_PROFILE_LOADED: 0
[1781480613.202] NOISE_CAL_REASON: none
[1781480613.202] NOISE_CAL_DC_SAMPLES: 0
[1781480613.202] NOISE_CAL_SSL_P50: 0.0
[1781480613.202] NOISE_CAL_SSL_P90: 0.0
[1781480613.202] CONFIG.STANDBY_DIMMING: 0
[1781480613.202] CONFIG.REVERSE_ORDER: 0
[1781480613.203] CONFIG.MAX_CURRENT_MA: 1500
[1781480613.203] CONFIG.TEMPORAL_DITHERING: 1
[1781480613.203] CONFIG.AUTO_COLOR_SHIFT: 0
[1781480613.203] CONFIG.INCANDESCENT_FILTER: 0.00
[1781480613.203] CONFIG.INCANDESCENT_MODE: 0
[1781480613.203] CONFIG.BULB_OPACITY: 0.00
[1781480613.203] CONFIG.SATURATION: 1.00
[1781480613.203] CONFIG.PRISM_COUNT: 1.00
[1781480613.203] CONFIG.BASE_COAT: 0
[1781480613.203] CONFIG.BASE_COAT_INTENSITY: 0.000
[1781480613.204] MASTER_BRIGHTNESS: 1.00
[1781480613.204] stream_audio: 0
[1781480613.204] stream_fps: 0
[1781480613.204] stream_max_mags: 0
[1781480613.204] stream_max_mags_followers: 0
[1781480613.204] stream_magnitudes: 0
[1781480613.204] stream_spectrogram: 0
[1781480613.204] stream_chromagram: 0
[1781480613.204] debug_mode: 0
[1781480613.204] noise_complete: 1
[1781480613.204] noise_iterations: 0
[1781480613.204] next_save_time: 0
[1781480613.205] settings_updated: 0
[1781480613.205] I2S_PORT: 0
[1781480613.205] SAMPLE_HISTORY_LENGTH: 4096
[1781480613.205] silence: 0
[1781480613.205] mode_destination: -1
[1781480613.205] SYSTEM_FPS: 169.66
[1781480613.205] LED_FPS: 201.36
[1781480613.205] }}
[1781480613.415] [AP] SSL=176 DC=-4698 max_raw=339 follower=176 peak_scaled=0.770 response_gain=1.000 silent_scale=1.000 silence=0 cal_source=config cal_valid=1 cal_reason=none | bpm=96.0 conf=0.00 lock=0 phase=0.43 beat=0 bstr=0.88 | onset=0 bass=0 ostr=0.00
[1781480613.883] >>> :ap_stream=off
[1781480613.892] sbr{{
[1781480613.892] AP_STREAM: off
[1781480613.892] }}
[1781480614.096] [VP] profile=candidate fix=111011 chroma_seq=21045 chroma_flatness=0.0863 chroma_norm_max=1.0088 chroma_norm_mean=0.9225 chroma_final_max=0.0285 chroma_final_mean=0.0258 agc_gain=1.2806 bloom_alpha=0.9900 bloom_shift=1.0000 wave_idle=0.9850 wave_raw_margin=1.1000 wave_peak_floor=0.0800 wave_vu_floor=0.0200 wave_shift=120.0000 render_us=660 render_avg=629 render_max=1010
[1781480614.590] >>> :vp_stream=off
[1781480614.593] sbr{{
[1781480614.593] VP_STREAM: off
[1781480614.593] }}
[1781480615.296] >>> :ap_stream=off
[1781480615.313] sbr{{
[1781480615.313] AP_STREAM: off
[1781480615.313] }}
[1781480615.447] >>> :vp_stream=off
[1781480615.448] sbr{{
[1781480615.448] VP_STREAM: off
[1781480615.448] }}
[1781480615.601] >>> :vp_perf=stop
[1781480615.603] sbr{{
[1781480615.604] VP_PERF: disabled (compile with ENABLE_VP_PERF_AUDIT=1)
[1781480615.604] }}
[1781480615.755] >>> :stop
[1781480615.763] SBOK
