K1DF_BEGIN,ver=1,records=32,captured=32,dropped=0,corrupt=0,overflowed=0,payload_max=512,chunk_bytes=96
K1DFR,ver=1,seq=1,kind=2,frame=36,t_us=361783660,flags=0,len=512,crc=0x5C108D87,chunks=6
K1DFC,ver=1,seq=1,idx=0,off=0,len=96,crc=0xDF0B785A,hex=00FA0000A000E00148010000200000006F0F0000530D000000000000000000001F06000D020003000000000000000000000000000000000000000000000000000000000000000000000000000000000000000000000000000000000000000000
K1DFC,ver=1,seq=1,idx=1,off=96,len=96,crc=0x75989591,hex=00000000000000000000000000000000000000000000000000000000000000000000000000000000000000000000000100000F05002A1001521F03873305C74D088A37055B27043A1D03291903261C033024043D2E064B38073E2E0633250429
K1DFC,ver=1,seq=1,idx=2,off=192,len=96,crc=0x93F48986,hex=1D032116021B1102160D011309011208001207001407001106000F05000C04000A04000903000702000502000401000301000200000100000000000000000000000000000201000A0701171102291F04291F041711020A070102010000000000
K1DFC,ver=1,seq=1,idx=3,off=288,len=96,crc=0x6BEF5851,hex=00000000000000000100000200000301000401000502000702000903000A04000C04000F0500110600140700120700120800130901160D011B1102211602291D033325043E2E064B38073D2E06302404261C032919033A1D035B27048A3705C7
K1DFC,ver=1,seq=1,idx=4,off=384,len=96,crc=0xEAD7576E,hex=4D08873305521F032A10010F050001000000000000000000000000000000000000000000000000000000000000000000000000000000000000000000000000000000000000000000000000000000000000000000000000000000000000000000
K1DFC,ver=1,seq=1,idx=5,off=480,len=32,crc=0xA7F96A1D,hex=00000000000000000000000000000000000000000000000300000D02001F0600
K1DFR,ver=1,seq=2,kind=2,frame=36,t_us=361783660,flags=0,len=512,crc=0xC05E9784,chunks=6
K1DFC,ver=1,seq=2,idx=0,off=0,len=96,crc=0xD6E43E6F,hex=01FA0000A000E00148010000130000006F0F0000530D000000000000000000001303000B02000501000100000000000000000000000000000000000000000000000000000000000101000C09011F18033C2E06624A09926F0ECC9B14A980107A
K1DFC,ver=1,seq=2,idx=1,off=96,len=96,crc=0x9F869291,hex=5D0C5641083C2E062D2204281E032E2204392B05463406543E084C3807412F063727052E2004271A032114021C1002180D01160A011509011207000F05000D05000B040009030008030006020005020004010003010002000001000001000000
K1DFC,ver=1,seq=2,idx=2,off=192,len=96,crc=0x57E939C9,hex=00000000000000000000000000000000000000000000000000000000000000000000000000000000000000000000000000000000000000000000000000000000000100000602000D0500170800230D01230D011708000D050006020001000000
K1DFC,ver=1,seq=2,idx=3,off=288,len=96,crc=0x8CB6F60B,hex=00000000000000000000000000000000000000000000000000000000000000000000000000000000000000000000000000000000000000000000000000000000000100000100000200000301000401000502000602000803000903000B04000D
K1DFC,ver=1,seq=2,idx=4,off=384,len=96,crc=0xD88C5F7F,hex=05000F0500120700150901160A01180D011C1002211402271A032E2004372705412F064C3807543E08463406392B052E2204281E032D22043C2E065641087A5D0CA98010CC9B14926F0E624A093C2E061F18030C090101010000000000000000
K1DFC,ver=1,seq=2,idx=5,off=480,len=32,crc=0x21D8B15A,hex=00000000000000000000000000000000000000000100000501000B0200130300
K1DFR,ver=1,seq=3,kind=2,frame=72,t_us=361961651,flags=0,len=512,crc=0xCCFAF04C,chunks=6
K1DFC,ver=1,seq=3,idx=0,off=0,len=96,crc=0x6661D5A0,hex=00FA0000A000E001480100001E000000730F0000510D000000000000000000005A12012808000A02000000000000000000000602001C0B01421902762D04BA4607C34A07813305512303321A03241803271D03342705433206553F08553F0846
K1DFC,ver=1,seq=3,idx=1,off=96,len=96,crc=0xF3BF8C16,hex=33063A29052F20042618031F12021A0E01170B011508001106000E05000C04000A030008030006020005020004010002010002000001000000000000000000000000000000000000000000000000000000000000000000000000000000000000
K1DFC,ver=1,seq=3,idx=2,off=192,len=96,crc=0x66556ABD,hex=00000000000000000000000000000000000000000000000000000000000000000000000000000000000000000000000000000000000000000000000000000000000000000201000A0701171102291F04291F041711020A070102010000000000
K1DFC,ver=1,seq=3,idx=3,off=288,len=96,crc=0xBAF465AE,hex=000000000000000000000000000000000000000000000000000000000000000000000000000000000000000000000000000000000000000000000000000000000000000000000000000000000000000000000000000000000000000000000000
K1DFC,ver=1,seq=3,idx=4,off=384,len=96,crc=0x11980F00,hex=00000000000000000100000200000201000401000502000602000803000A03000C04000E0500110600150800170B011A0E011F12022618032F20043A2905463306553F08553F08433206342705271D03241803321A03512303813305C34A07BA
K1DFC,ver=1,seq=3,idx=5,off=480,len=32,crc=0x4BA27C98,hex=4607762D044219021C0B010602000000000000000000000A02002808005A1201
K1DFR,ver=1,seq=4,kind=2,frame=72,t_us=361961651,flags=0,len=512,crc=0x28BB744E,chunks=6
K1DFC,ver=1,seq=4,idx=0,off=0,len=96,crc=0x64ED3A2D,hex=01FA0000A000E0014801000013000000730F0000510D000000000000000000003B0B0122060010030004000000000000000000000000000000000000000000000000000000000000000000000000000000000000000000000000000000000000
K1DFC,ver=1,seq=4,idx=1,off=96,len=96,crc=0x446576CB,hex=00000000000000000000000101000B08011E1603392B055D46098A690DC19313A0791074580B533F083B2D052E22042A1F043024043B2C054735064B3807412F063727052F2104281B032215021D11021A0E01170B01160A011207000F05000D
K1DFC,ver=1,seq=4,idx=2,off=192,len=96,crc=0xC124D6FC,hex=05000B04000903000803000602000502000401000301000200000100000100000000000000000000000000000000000000000000000000000000000000000000000100000602000D0500170800230D01230D011708000D050006020001000000
K1DFC,ver=1,seq=4,idx=3,off=288,len=96,crc=0x5E80B70B,hex=00000000000000000000000000000000000000000000000000000000000000000100000100000200000301000401000502000602000803000903000B04000D05000F0500120700160A01170B011A0E011D1102221502281B032F210437270541
K1DFC,ver=1,seq=4,idx=4,off=384,len=96,crc=0x9D321787,hex=2F064B38074735063B2C053024042A1F042E22043B2D05533F0874580BA07910C193138A690D5D4609392B051E16030B080101010000000000000000000000000000000000000000000000000000000000000000000000000000000000000000
K1DFC,ver=1,seq=4,idx=5,off=480,len=32,crc=0x41AA99F1,hex=00000000000000000000000000000000000000000400001003002206003B0B01
K1DFR,ver=1,seq=5,kind=2,frame=108,t_us=362139604,flags=0,len=512,crc=0x5FB2C510,chunks=6
K1DFC,ver=1,seq=5,idx=0,off=0,len=96,crc=0x66283299,hex=00FA0000A000E0011B0100001E0000006C0F00004D0D000000000000000000001F06000D020003000000000000000000000000000000000000000000000000000000000000000000000000000000000000000000000000000000000000000000
K1DFC,ver=1,seq=5,idx=1,off=96,len=96,crc=0xBAF465AE,hex=000000000000000000000000000000000000000000000000000000000000000000000000000000000000000000000000000000000000000000000000000000000000000000000000000000000000000000000000000000000000000000000000
K1DFC,ver=1,seq=5,idx=2,off=192,len=96,crc=0xA0CAEAD9,hex=00000000000000000000000000000000000000000000000000000000000000000000000000000000000000000000000000000000000000000000000000000100000D05002C1302663306BB620BDD790EDD790EBB620B6633062C13020D050001
K1DFC,ver=1,seq=5,idx=3,off=288,len=96,crc=0xBAF465AE,hex=000000000000000000000000000000000000000000000000000000000000000000000000000000000000000000000000000000000000000000000000000000000000000000000000000000000000000000000000000000000000000000000000
K1DFC,ver=1,seq=5,idx=4,off=384,len=96,crc=0xBAF465AE,hex=000000000000000000000000000000000000000000000000000000000000000000000000000000000000000000000000000000000000000000000000000000000000000000000000000000000000000000000000000000000000000000000000
K1DFC,ver=1,seq=5,idx=5,off=480,len=32,crc=0xA7F96A1D,hex=00000000000000000000000000000000000000000000000300000D02001F0600
K1DFR,ver=1,seq=6,kind=2,frame=108,t_us=362139604,flags=0,len=512,crc=0x8AB65686,chunks=6
K1DFC,ver=1,seq=6,idx=0,off=0,len=96,crc=0x02F41EB6,hex=01FA0000A000E0011B010000140000006C0F00004D0D000000000000000000001303000B020005010001000000000000000000000000000000000000000000000000000000000000000000000000000000000000000000000000000000000000
K1DFC,ver=1,seq=6,idx=1,off=96,len=96,crc=0xBAF465AE,hex=000000000000000000000000000000000000000000000000000000000000000000000000000000000000000000000000000000000000000000000000000000000000000000000000000000000000000000000000000000000000000000000000
K1DFC,ver=1,seq=6,idx=2,off=192,len=96,crc=0x808F689F,hex=00000000000000000000000000000000000000000000000000000000000000000000000000000000000705001610022C21044937076F530B9C750F916D0E73550B614508603D076E3F078B4908AC5309AC53098B49086E3F07603D0761450873
K1DFC,ver=1,seq=6,idx=3,off=288,len=96,crc=0xFB1BCBAF,hex=550B916D0E9C750F6F530B4937072C210416100207050000000000000000000000000000000000000000000000000000000000000000000000000000000000000000000000000000000000000000000000000000000000000000000000000000
K1DFC,ver=1,seq=6,idx=4,off=384,len=96,crc=0xBAF465AE,hex=000000000000000000000000000000000000000000000000000000000000000000000000000000000000000000000000000000000000000000000000000000000000000000000000000000000000000000000000000000000000000000000000
K1DFC,ver=1,seq=6,idx=5,off=480,len=32,crc=0x21D8B15A,hex=00000000000000000000000000000000000000000100000501000B0200130300
K1DFR,ver=1,seq=7,kind=2,frame=144,t_us=362318670,flags=0,len=512,crc=0x4ABDB5C5,chunks=6
K1DFC,ver=1,seq=7,idx=0,off=0,len=96,crc=0x5EEA3B25,hex=00FA0000A000E0015C0100001E000000760F0000580D000000000000000000002F09001404000501000000000000000000000000000000000000000000000B0400250E014F1E03873305D05008AE44077531054C2404331E032C200435280544
K1DFC,ver=1,seq=7,idx=1,off=96,len=96,crc=0x4874F69D,hex=33065540084E3A07402F06332504291C032015021A1002150B011308011207001307001206000F06000D05000B040009030007020006020004010003010002000001000000000000000000000000000000000000000000000000000000000000
K1DFC,ver=1,seq=7,idx=2,off=192,len=96,crc=0x66556ABD,hex=00000000000000000000000000000000000000000000000000000000000000000000000000000000000000000000000000000000000000000000000000000000000000000201000A0701171102291F04291F041711020A070102010000000000
K1DFC,ver=1,seq=7,idx=3,off=288,len=96,crc=0xEC4663E7,hex=000000000000000000000000000000000000000000000000000000000000000000000000000000000000000000000000000000000000000000000000000000000000000000000000000000000000000000000000000000000000000001000002
K1DFC,ver=1,seq=7,idx=4,off=384,len=96,crc=0x4EC47D90,hex=00000301000401000602000702000903000B04000D05000F0600120600130700120700130801150B011A1002201502291C03332504402F064E3A075540084433063528052C2004331E034C2404753105AE4407D050088733054F1E03250E010B
K1DFC,ver=1,seq=7,idx=5,off=480,len=32,crc=0x61A9568F,hex=04000000000000000000000000000000000000000000000501001404002F0900
K1DFR,ver=1,seq=8,kind=2,frame=144,t_us=362318670,flags=0,len=512,crc=0x11700EA7,chunks=6
K1DFC,ver=1,seq=8,idx=0,off=0,len=96,crc=0xABA53F51,hex=01FA0000A000E0015C01000013000000760F0000580D00000000000000000000C08110E3A315BF8C1286650D5D47094132063125042D22043427054030064F3B075E4609543E084834063C2B053223042A1C032316021D1102190E01170B0115
K1DFC,ver=1,seq=8,idx=1,off=96,len=96,crc=0x83ADA165,hex=09011207000F05000D05000B040009030008030006020005020004010003010002000001000001000000000000000000000000000000000000000000000000000000000000000000000000000000000000000000000000000000000000000000
K1DFC,ver=1,seq=8,idx=2,off=192,len=96,crc=0x57E939C9,hex=00000000000000000000000000000000000000000000000000000000000000000000000000000000000000000000000000000000000000000000000000000000000100000602000D0500170800230D01230D011708000D050006020001000000
K1DFC,ver=1,seq=8,idx=3,off=288,len=96,crc=0xBAF465AE,hex=000000000000000000000000000000000000000000000000000000000000000000000000000000000000000000000000000000000000000000000000000000000000000000000000000000000000000000000000000000000000000000000000
K1DFC,ver=1,seq=8,idx=4,off=384,len=96,crc=0x559FD3EA,hex=00000000000000000000000000000000000000000000000100000100000200000301000401000502000602000803000903000B04000D05000F0500120700150901170B01190E011D11022316022A1C033223043C2B05483406543E085E46094F
K1DFC,ver=1,seq=8,idx=5,off=480,len=32,crc=0x7B5FDA95,hex=3B074030063427052D22043125044132065D470986650DBF8C12E3A315C08110
K1DFR,ver=1,seq=9,kind=2,frame=180,t_us=362496642,flags=0,len=512,crc=0x62A50563,chunks=6
K1DFC,ver=1,seq=9,idx=0,off=0,len=96,crc=0xA0164595,hex=00FA0000A000E0013F0100001F000000760F0000550D000000000000000000001F06000D020003000000000000000000000000000000000000000000000000000000000000000000000000000000000000000000000000000000000000000000
K1DFC,ver=1,seq=9,idx=1,off=96,len=96,crc=0x5C2F1A02,hex=00000000000000000000000000000000000000000000000000000000000000000100000E0500290F01511E03863305C94C088A34055420032E1201160A010E0901130D011C1402271C03342504422F06523A074E3707432D053A2504321E0327
K1DFC,ver=1,seq=9,idx=2,off=192,len=96,crc=0x6046D873,hex=17021E1002150B010F07000A04000702000602000401000301000200000100000000000000000000000000000000000000000000000000000000000000000000000000000201000A0701171102291F04291F041711020A070102010000000000
K1DFC,ver=1,seq=9,idx=3,off=288,len=96,crc=0x49E2F6FE,hex=00000000000000000000000000000000000000000000000000000000000000000100000200000301000401000602000702000A04000F0700150B011E1002271702321E033A2504432D054E3707523A07422F06342504271C031C1402130D010E
K1DFC,ver=1,seq=9,idx=4,off=384,len=96,crc=0x69BAF00D,hex=0901160A012E12015420038A3405C94C08863305511E03290F010E050001000000000000000000000000000000000000000000000000000000000000000000000000000000000000000000000000000000000000000000000000000000000000
K1DFC,ver=1,seq=9,idx=5,off=480,len=32,crc=0xA7F96A1D,hex=00000000000000000000000000000000000000000000000300000D02001F0600
K1DFR,ver=1,seq=10,kind=2,frame=180,t_us=362496642,flags=0,len=512,crc=0x30D6DEBE,chunks=6
K1DFC,ver=1,seq=10,idx=0,off=0,len=96,crc=0xC3B2AD59,hex=01FA0000A000E0013F01000013000000760F0000550D000000000000000000001303000B020005010001000000000000000000000000000000000000000000000000000000000000000000000000000000000000000000000000000000000000
K1DFC,ver=1,seq=10,idx=1,off=96,len=96,crc=0xBAF465AE,hex=000000000000000000000000000000000000000000000000000000000000000000000000000000000000000000000000000000000000000000000000000000000000000000000000000000000000000000000000000000000000000000000000
K1DFC,ver=1,seq=10,idx=2,off=192,len=96,crc=0x1A23052B,hex=00000302000E0A012018033A2C055C460986660DA77E107E5F0C5D47094534063528052E22042E2204372805402F063828053122042A1C032518032114021D10021D0E01200E01220E01280F01311201311201280F01220E01200E011D0E011D
K1DFC,ver=1,seq=10,idx=3,off=288,len=96,crc=0x33618F0B,hex=10022114022518032A1C03312204382805402F063728052E22042E22043528054534065D47097E5F0CA77E1086660D5C46093A2C052018030E0A0103020000000000000000000000000000000000000000000000000000000000000000000000
K1DFC,ver=1,seq=10,idx=4,off=384,len=96,crc=0xBAF465AE,hex=000000000000000000000000000000000000000000000000000000000000000000000000000000000000000000000000000000000000000000000000000000000000000000000000000000000000000000000000000000000000000000000000
K1DFC,ver=1,seq=10,idx=5,off=480,len=32,crc=0x21D8B15A,hex=00000000000000000000000000000000000000000100000501000B0200130300
K1DFR,ver=1,seq=11,kind=2,frame=216,t_us=362675634,flags=0,len=512,crc=0x4D4B6BCF,chunks=6
K1DFC,ver=1,seq=11,idx=0,off=0,len=96,crc=0xBA309C6F,hex=00FA0000A000E001360100001E000000680F0000490D000000000000000000001F06000D020003000000000000000000000000000000000000000000000000000000000000000000000000000000000000000000000000000000000000000000
K1DFC,ver=1,seq=11,idx=1,off=96,len=96,crc=0xBAF465AE,hex=000000000000000000000000000000000000000000000000000000000000000000000000000000000000000000000000000000000000000000000000000000000000000000000000000000000000000000000000000000000000000000000000
K1DFC,ver=1,seq=11,idx=2,off=192,len=96,crc=0x7FBE3ABA,hex=00000000000000000000000000000000000000000000000000000000000000000602001709003514025D23039338059038066127043E1C032816021F1502231A032D22043F2F064F3B07624809805F0C805F0C6248094F3B073F2F062D220423
K1DFC,ver=1,seq=11,idx=3,off=288,len=96,crc=0x78E4A013,hex=1A031F15022816023E1C036127049038069338055D230335140217090006020000000000000000000000000000000000000000000000000000000000000000000000000000000000000000000000000000000000000000000000000000000000
K1DFC,ver=1,seq=11,idx=4,off=384,len=96,crc=0xBAF465AE,hex=000000000000000000000000000000000000000000000000000000000000000000000000000000000000000000000000000000000000000000000000000000000000000000000000000000000000000000000000000000000000000000000000
K1DFC,ver=1,seq=11,idx=5,off=480,len=32,crc=0xA7F96A1D,hex=00000000000000000000000000000000000000000000000300000D02001F0600
K1DFR,ver=1,seq=12,kind=2,frame=216,t_us=362675634,flags=0,len=512,crc=0xB23861AE,chunks=6
K1DFC,ver=1,seq=12,idx=0,off=0,len=96,crc=0x8397D46C,hex=01FA0000A000E0013601000013000000680F0000490D000000000000000000001303000B020005010001000000000000000000000000000000000000000000000000000000000000000000000000000000000000000000000000000000000000
K1DFC,ver=1,seq=12,idx=1,off=96,len=96,crc=0x9099DE41,hex=00000000000000000000000000000000000000000000000000000000000000000000000000000000000000000000000000000000000000000000000000000302000F0B01221A033D2E066049098C6A0EAF851181620C5C46094031062D220422
K1DFC,ver=1,seq=12,idx=2,off=192,len=96,crc=0xC932A216,hex=1A03211903281E033225043D2D054633063D2C053525042E1F04291A032416022112021F10011E0E011E0C011E0C011909011608001307001006000E05000C04000D0500150800220D013514024D1D034D1D03351402220D011508000D05000C
K1DFC,ver=1,seq=12,idx=3,off=288,len=96,crc=0x2E5100B4,hex=04000E05001006001307001608001909011E0C011E0C011E0E011F1001211202241602291A032E1F043525043D2C054633063D2D05322504281E03211903221A032D22044031065C460981620CAF85118C6A0E6049093D2E06221A030F0B0103
K1DFC,ver=1,seq=12,idx=4,off=384,len=96,crc=0xDF88786B,hex=020000000000000000000000000000000000000000000000000000000000000000000000000000000000000000000000000000000000000000000000000000000000000000000000000000000000000000000000000000000000000000000000
K1DFC,ver=1,seq=12,idx=5,off=480,len=32,crc=0x21D8B15A,hex=00000000000000000000000000000000000000000100000501000B0200130300
K1DFR,ver=1,seq=13,kind=2,frame=252,t_us=362853659,flags=0,len=512,crc=0x997D416F,chunks=6
K1DFC,ver=1,seq=13,idx=0,off=0,len=96,crc=0xE2BE426F,hex=00FA0000A000E00144010000210000006A0F0000490D00000000000000000000DE4907D84D088034054C25043520043023043C2D054C39075F4709523D084231063526052A1D032116021A1002160B011308011207001407001206000F05000D
K1DFC,ver=1,seq=13,idx=1,off=96,len=96,crc=0x0076C98C,hex=05000B040009030007020005020004010003010002000001000000000000000000000000000000000000000000000000000000000000000000000000000000000000000000000000000000000000000000000000000000000000000000000000
K1DFC,ver=1,seq=13,idx=2,off=192,len=96,crc=0x66556ABD,hex=00000000000000000000000000000000000000000000000000000000000000000000000000000000000000000000000000000000000000000000000000000000000000000201000A0701171102291F04291F041711020A070102010000000000
K1DFC,ver=1,seq=13,idx=3,off=288,len=96,crc=0xBAF465AE,hex=000000000000000000000000000000000000000000000000000000000000000000000000000000000000000000000000000000000000000000000000000000000000000000000000000000000000000000000000000000000000000000000000
K1DFC,ver=1,seq=13,idx=4,off=384,len=96,crc=0x139E3853,hex=00000000000000000000000000000000000000000000000000000000000000000000000000000100000200000301000401000502000702000903000B04000D05000F0500120600140700120700130801160B011A10022116022A1D0335260542
K1DFC,ver=1,seq=13,idx=5,off=480,len=32,crc=0x2B3E25E3,hex=3106523D085F47094C39073C2D053023043520044C2504803405D84D08DE4907
K1DFR,ver=1,seq=14,kind=2,frame=252,t_us=362853659,flags=0,len=512,crc=0x05A65E3C,chunks=6
K1DFC,ver=1,seq=14,idx=0,off=0,len=96,crc=0x869B7200,hex=01FA0000A000E00144010000140000006A0F0000490D00000000000000000000410D012C0C01271402342404523E087F610CB78B12D2A0159B760F6F540B4D3B07372A052C21042D2204372905443306523E085942084C3807402F063626052D
K1DFC,ver=1,seq=14,idx=1,off=96,len=96,crc=0xC3769E37,hex=1F042619032013021B0F01180C01160A011408001006000E05000C04000A040009030007020006020005010003010002010002000001000000000000000000000000000000000000000000000000000000000000000000000000000000000000
K1DFC,ver=1,seq=14,idx=2,off=192,len=96,crc=0x57E939C9,hex=00000000000000000000000000000000000000000000000000000000000000000000000000000000000000000000000000000000000000000000000000000000000100000602000D0500170800230D01230D011708000D050006020001000000
K1DFC,ver=1,seq=14,idx=3,off=288,len=96,crc=0xBAF465AE,hex=000000000000000000000000000000000000000000000000000000000000000000000000000000000000000000000000000000000000000000000000000000000000000000000000000000000000000000000000000000000000000000000000
K1DFC,ver=1,seq=14,idx=4,off=384,len=96,crc=0x9E258F4D,hex=00000000000000000100000200000201000301000501000602000702000903000A04000C04000E0500100600140800160A01180C011B0F012013022619032D1F04362605402F064C3807594208523E084433063729052D22042C2104372A054D
K1DFC,ver=1,seq=14,idx=5,off=480,len=32,crc=0x9D4612A9,hex=3B076F540B9B760FD2A015B78B127F610C523E083424042714022C0C01410D01
K1DFR,ver=1,seq=15,kind=2,frame=288,t_us=363031643,flags=0,len=512,crc=0x94E7BAA4,chunks=6
K1DFC,ver=1,seq=15,idx=0,off=0,len=96,crc=0x0E65CFB2,hex=00FA0000A000E0013C0100001F000000690F0000480D000000000000000000001F06000D020003000000000000000000000000000000000000000000000000000000000000000000000000000000000000000000000000000000000000000000
K1DFC,ver=1,seq=15,idx=1,off=96,len=96,crc=0xBAF465AE,hex=000000000000000000000000000000000000000000000000000000000000000000000000000000000000000000000000000000000000000000000000000000000000000000000000000000000000000000000000000000000000000000000000
K1DFC,ver=1,seq=15,idx=2,off=192,len=96,crc=0xC68FDA25,hex=00000000000000000000000000000000000000000301001106002C1001521F03833205A23D066B28043F1802200C010D05000703000B0500100901180D012013022A1A033A250453370776500A8F650D8F650D76500A5337073A25042A1A0320
K1DFC,ver=1,seq=15,idx=3,off=288,len=96,crc=0xFEAC29BB,hex=1302180D011009010B05000703000D0500200C013F18026B2804A23D06833205521F032C100111060003010000000000000000000000000000000000000000000000000000000000000000000000000000000000000000000000000000000000
K1DFC,ver=1,seq=15,idx=4,off=384,len=96,crc=0xBAF465AE,hex=000000000000000000000000000000000000000000000000000000000000000000000000000000000000000000000000000000000000000000000000000000000000000000000000000000000000000000000000000000000000000000000000
K1DFC,ver=1,seq=15,idx=5,off=480,len=32,crc=0xA7F96A1D,hex=00000000000000000000000000000000000000000000000300000D02001F0600
K1DFR,ver=1,seq=16,kind=2,frame=288,t_us=363031643,flags=0,len=512,crc=0x5A532E51,chunks=6
K1DFC,ver=1,seq=16,idx=0,off=0,len=96,crc=0x6DC1277E,hex=01FA0000A000E0013C01000013000000690F0000480D000000000000000000001303000B020005010001000000000000000000000000000000000000000000000000000000000000000000000000000000000000000000000000000000000000
K1DFC,ver=1,seq=16,idx=1,off=96,len=96,crc=0xBAF465AE,hex=000000000000000000000000000000000000000000000000000000000000000000000000000000000000000000000000000000000000000000000000000000000000000000000000000000000000000000000000000000000000000000000000
K1DFC,ver=1,seq=16,idx=2,off=192,len=96,crc=0x1AAC9242,hex=00000000000000000000000000000000000000000000000000000000000000000000000000000000000000000000000000000000000000000202000C09011C15023628055C42088E630CBF8310B06F0EB06F0EBF83108E630C5C42083628051C
K1DFC,ver=1,seq=16,idx=3,off=288,len=96,crc=0xC6EECF86,hex=15020C090102020000000000000000000000000000000000000000000000000000000000000000000000000000000000000000000000000000000000000000000000000000000000000000000000000000000000000000000000000000000000
K1DFC,ver=1,seq=16,idx=4,off=384,len=96,crc=0xBAF465AE,hex=000000000000000000000000000000000000000000000000000000000000000000000000000000000000000000000000000000000000000000000000000000000000000000000000000000000000000000000000000000000000000000000000
K1DFC,ver=1,seq=16,idx=5,off=480,len=32,crc=0x21D8B15A,hex=00000000000000000000000000000000000000000100000501000B0200130300
K1DFR,ver=1,seq=17,kind=2,frame=324,t_us=363209683,flags=0,len=512,crc=0xB368AAA0,chunks=6
K1DFC,ver=1,seq=17,idx=0,off=0,len=96,crc=0xA66B12AA,hex=00FA0000A000E00160010000220000006E0F00004E0D000000000000000000001F06000D020003000000000000000000000000000000000000000000000000000000000000000000000000000000000000000000000000000000000000000000
K1DFC,ver=1,seq=17,idx=1,off=96,len=96,crc=0x75989591,hex=00000000000000000000000000000000000000000000000000000000000000000000000000000000000000000000000100000F05002A1001521F03873305C74D088A37055B27043A1D03291903261C033024043D2E064B38073E2E0633250429
K1DFC,ver=1,seq=17,idx=2,off=192,len=96,crc=0x93F48986,hex=1D032116021B1102160D011309011208001207001407001106000F05000C04000A04000903000702000502000401000301000200000100000000000000000000000000000201000A0701171102291F04291F041711020A070102010000000000
K1DFC,ver=1,seq=17,idx=3,off=288,len=96,crc=0x6BEF5851,hex=00000000000000000100000200000301000401000502000702000903000A04000C04000F0500110600140700120700120800130901160D011B1102211602291D033325043E2E064B38073D2E06302404261C032919033A1D035B27048A3705C7
K1DFC,ver=1,seq=17,idx=4,off=384,len=96,crc=0xEAD7576E,hex=4D08873305521F032A10010F050001000000000000000000000000000000000000000000000000000000000000000000000000000000000000000000000000000000000000000000000000000000000000000000000000000000000000000000
K1DFC,ver=1,seq=17,idx=5,off=480,len=32,crc=0xA7F96A1D,hex=00000000000000000000000000000000000000000000000300000D02001F0600
K1DFR,ver=1,seq=18,kind=2,frame=324,t_us=363209683,flags=0,len=512,crc=0x3EA0729A,chunks=6
K1DFC,ver=1,seq=18,idx=0,off=0,len=96,crc=0x1B831501,hex=01FA0000A000E00160010000130000006E0F00004E0D000000000000000000001303000B02000501000100000000000000000000000000000000000000000000000000000000000101000C09011F18033C2E06624A09926F0ECC9B14A980107A
K1DFC,ver=1,seq=18,idx=1,off=96,len=96,crc=0x9F869291,hex=5D0C5641083C2E062D2204281E032E2204392B05463406543E084C3807412F063727052E2004271A032114021C1002180D01160A011509011207000F05000D05000B040009030008030006020005020004010003010002000001000001000000
K1DFC,ver=1,seq=18,idx=2,off=192,len=96,crc=0x57E939C9,hex=00000000000000000000000000000000000000000000000000000000000000000000000000000000000000000000000000000000000000000000000000000000000100000602000D0500170800230D01230D011708000D050006020001000000
K1DFC,ver=1,seq=18,idx=3,off=288,len=96,crc=0x8CB6F60B,hex=00000000000000000000000000000000000000000000000000000000000000000000000000000000000000000000000000000000000000000000000000000000000100000100000200000301000401000502000602000803000903000B04000D
K1DFC,ver=1,seq=18,idx=4,off=384,len=96,crc=0xD88C5F7F,hex=05000F0500120700150901160A01180D011C1002211402271A032E2004372705412F064C3807543E08463406392B052E2204281E032D22043C2E065641087A5D0CA98010CC9B14926F0E624A093C2E061F18030C090101010000000000000000
K1DFC,ver=1,seq=18,idx=5,off=480,len=32,crc=0x21D8B15A,hex=00000000000000000000000000000000000000000100000501000B0200130300
K1DFR,ver=1,seq=19,kind=2,frame=360,t_us=363387631,flags=0,len=512,crc=0x29856E3D,chunks=6
K1DFC,ver=1,seq=19,idx=0,off=0,len=96,crc=0x6706A033,hex=00FA0000A000E0013B0100001E0000006B0F0000480D000000000000000000005A12012808000A02000000000000000000000602001C0B01421902762D04BA4607C34A07813305512303321A03241803271D03342705433206553F08553F0846
K1DFC,ver=1,seq=19,idx=1,off=96,len=96,crc=0xF3BF8C16,hex=33063A29052F20042618031F12021A0E01170B011508001106000E05000C04000A030008030006020005020004010002010002000001000000000000000000000000000000000000000000000000000000000000000000000000000000000000
K1DFC,ver=1,seq=19,idx=2,off=192,len=96,crc=0x66556ABD,hex=00000000000000000000000000000000000000000000000000000000000000000000000000000000000000000000000000000000000000000000000000000000000000000201000A0701171102291F04291F041711020A070102010000000000
K1DFC,ver=1,seq=19,idx=3,off=288,len=96,crc=0xBAF465AE,hex=000000000000000000000000000000000000000000000000000000000000000000000000000000000000000000000000000000000000000000000000000000000000000000000000000000000000000000000000000000000000000000000000
K1DFC,ver=1,seq=19,idx=4,off=384,len=96,crc=0x11980F00,hex=00000000000000000100000200000201000401000502000602000803000A03000C04000E0500110600150800170B011A0E011F12022618032F20043A2905463306553F08553F08433206342705271D03241803321A03512303813305C34A07BA
K1DFC,ver=1,seq=19,idx=5,off=480,len=32,crc=0x4BA27C98,hex=4607762D044219021C0B010602000000000000000000000A02002808005A1201
K1DFR,ver=1,seq=20,kind=2,frame=360,t_us=363387631,flags=0,len=512,crc=0xCDC4EA3F,chunks=6
K1DFC,ver=1,seq=20,idx=0,off=0,len=96,crc=0x658A4FBE,hex=01FA0000A000E0013B010000130000006B0F0000480D000000000000000000003B0B0122060010030004000000000000000000000000000000000000000000000000000000000000000000000000000000000000000000000000000000000000
K1DFC,ver=1,seq=20,idx=1,off=96,len=96,crc=0x446576CB,hex=00000000000000000000000101000B08011E1603392B055D46098A690DC19313A0791074580B533F083B2D052E22042A1F043024043B2C054735064B3807412F063727052F2104281B032215021D11021A0E01170B01160A011207000F05000D
K1DFC,ver=1,seq=20,idx=2,off=192,len=96,crc=0xC124D6FC,hex=05000B04000903000803000602000502000401000301000200000100000100000000000000000000000000000000000000000000000000000000000000000000000100000602000D0500170800230D01230D011708000D050006020001000000
K1DFC,ver=1,seq=20,idx=3,off=288,len=96,crc=0x5E80B70B,hex=00000000000000000000000000000000000000000000000000000000000000000100000100000200000301000401000502000602000803000903000B04000D05000F0500120700160A01170B011A0E011D1102221502281B032F210437270541
K1DFC,ver=1,seq=20,idx=4,off=384,len=96,crc=0x9D321787,hex=2F064B38074735063B2C053024042A1F042E22043B2D05533F0874580BA07910C193138A690D5D4609392B051E16030B080101010000000000000000000000000000000000000000000000000000000000000000000000000000000000000000
K1DFC,ver=1,seq=20,idx=5,off=480,len=32,crc=0x41AA99F1,hex=00000000000000000000000000000000000000000400001003002206003B0B01
K1DFR,ver=1,seq=21,kind=2,frame=396,t_us=363566603,flags=0,len=512,crc=0xC5620C70,chunks=6
K1DFC,ver=1,seq=21,idx=0,off=0,len=96,crc=0x81C2F825,hex=00FA0000A000E001190100001E000000630F0000410D000000000000000000001F06000D020003000000000000000000000000000000000000000000000000000000000000000000000000000000000000000000000000000000000000000000
K1DFC,ver=1,seq=21,idx=1,off=96,len=96,crc=0xBAF465AE,hex=000000000000000000000000000000000000000000000000000000000000000000000000000000000000000000000000000000000000000000000000000000000000000000000000000000000000000000000000000000000000000000000000
K1DFC,ver=1,seq=21,idx=2,off=192,len=96,crc=0xA0CAEAD9,hex=00000000000000000000000000000000000000000000000000000000000000000000000000000000000000000000000000000000000000000000000000000100000D05002C1302663306BB620BDD790EDD790EBB620B6633062C13020D050001
K1DFC,ver=1,seq=21,idx=3,off=288,len=96,crc=0xBAF465AE,hex=000000000000000000000000000000000000000000000000000000000000000000000000000000000000000000000000000000000000000000000000000000000000000000000000000000000000000000000000000000000000000000000000
K1DFC,ver=1,seq=21,idx=4,off=384,len=96,crc=0xBAF465AE,hex=000000000000000000000000000000000000000000000000000000000000000000000000000000000000000000000000000000000000000000000000000000000000000000000000000000000000000000000000000000000000000000000000
K1DFC,ver=1,seq=21,idx=5,off=480,len=32,crc=0xA7F96A1D,hex=00000000000000000000000000000000000000000000000300000D02001F0600
K1DFR,ver=1,seq=22,kind=2,frame=396,t_us=363566603,flags=0,len=512,crc=0xC7963B91,chunks=6
K1DFC,ver=1,seq=22,idx=0,off=0,len=96,crc=0xB865B026,hex=01FA0000A000E0011901000013000000630F0000410D000000000000000000001303000B020005010001000000000000000000000000000000000000000000000000000000000000000000000000000000000000000000000000000000000000
K1DFC,ver=1,seq=22,idx=1,off=96,len=96,crc=0xBAF465AE,hex=000000000000000000000000000000000000000000000000000000000000000000000000000000000000000000000000000000000000000000000000000000000000000000000000000000000000000000000000000000000000000000000000
K1DFC,ver=1,seq=22,idx=2,off=192,len=96,crc=0x808F689F,hex=00000000000000000000000000000000000000000000000000000000000000000000000000000000000705001610022C21044937076F530B9C750F916D0E73550B614508603D076E3F078B4908AC5309AC53098B49086E3F07603D0761450873
K1DFC,ver=1,seq=22,idx=3,off=288,len=96,crc=0xFB1BCBAF,hex=550B916D0E9C750F6F530B4937072C210416100207050000000000000000000000000000000000000000000000000000000000000000000000000000000000000000000000000000000000000000000000000000000000000000000000000000
K1DFC,ver=1,seq=22,idx=4,off=384,len=96,crc=0xBAF465AE,hex=000000000000000000000000000000000000000000000000000000000000000000000000000000000000000000000000000000000000000000000000000000000000000000000000000000000000000000000000000000000000000000000000
K1DFC,ver=1,seq=22,idx=5,off=480,len=32,crc=0x21D8B15A,hex=00000000000000000000000000000000000000000100000501000B0200130300
K1DFR,ver=1,seq=23,kind=2,frame=432,t_us=363744651,flags=0,len=512,crc=0x4FD1919D,chunks=6
K1DFC,ver=1,seq=23,idx=0,off=0,len=96,crc=0x19E7E223,hex=00FA0000A000E0014701000020000000690F0000470D000000000000000000002F09001404000501000000000000000000000000000000000000000000000B0400250E014F1E03873305D05008AE44077531054C2404331E032C200435280544
K1DFC,ver=1,seq=23,idx=1,off=96,len=96,crc=0x4874F69D,hex=33065540084E3A07402F06332504291C032015021A1002150B011308011207001307001206000F06000D05000B040009030007020006020004010003010002000001000000000000000000000000000000000000000000000000000000000000
K1DFC,ver=1,seq=23,idx=2,off=192,len=96,crc=0x66556ABD,hex=00000000000000000000000000000000000000000000000000000000000000000000000000000000000000000000000000000000000000000000000000000000000000000201000A0701171102291F04291F041711020A070102010000000000
K1DFC,ver=1,seq=23,idx=3,off=288,len=96,crc=0xEC4663E7,hex=000000000000000000000000000000000000000000000000000000000000000000000000000000000000000000000000000000000000000000000000000000000000000000000000000000000000000000000000000000000000000001000002
K1DFC,ver=1,seq=23,idx=4,off=384,len=96,crc=0x4EC47D90,hex=00000301000401000602000702000903000B04000D05000F0600120600130700120700130801150B011A1002201502291C03332504402F064E3A075540084433063528052C2004331E034C2404753105AE4407D050088733054F1E03250E010B
K1DFC,ver=1,seq=23,idx=5,off=480,len=32,crc=0x61A9568F,hex=04000000000000000000000000000000000000000000000501001404002F0900
K1DFR,ver=1,seq=24,kind=2,frame=432,t_us=363744651,flags=0,len=512,crc=0x2FA75049,chunks=6
K1DFC,ver=1,seq=24,idx=0,off=0,len=96,crc=0x6D980917,hex=01FA0000A000E0014701000013000000690F0000470D00000000000000000000C08110E3A315BF8C1286650D5D47094132063125042D22043427054030064F3B075E4609543E084834063C2B053223042A1C032316021D1102190E01170B0115
K1DFC,ver=1,seq=24,idx=1,off=96,len=96,crc=0x83ADA165,hex=09011207000F05000D05000B040009030008030006020005020004010003010002000001000001000000000000000000000000000000000000000000000000000000000000000000000000000000000000000000000000000000000000000000
K1DFC,ver=1,seq=24,idx=2,off=192,len=96,crc=0x57E939C9,hex=00000000000000000000000000000000000000000000000000000000000000000000000000000000000000000000000000000000000000000000000000000000000100000602000D0500170800230D01230D011708000D050006020001000000
K1DFC,ver=1,seq=24,idx=3,off=288,len=96,crc=0xBAF465AE,hex=000000000000000000000000000000000000000000000000000000000000000000000000000000000000000000000000000000000000000000000000000000000000000000000000000000000000000000000000000000000000000000000000
K1DFC,ver=1,seq=24,idx=4,off=384,len=96,crc=0x559FD3EA,hex=00000000000000000000000000000000000000000000000100000100000200000301000401000502000602000803000903000B04000D05000F0500120700150901170B01190E011D11022316022A1C033223043C2B05483406543E085E46094F
K1DFC,ver=1,seq=24,idx=5,off=480,len=32,crc=0x7B5FDA95,hex=3B074030063427052D22043125044132065D470986650DBF8C12E3A315C08110
K1DFR,ver=1,seq=25,kind=2,frame=468,t_us=363922644,flags=0,len=512,crc=0x06081E8F,chunks=6
K1DFC,ver=1,seq=25,idx=0,off=0,len=96,crc=0x1213A703,hex=00FA0000A000E0013B0100001E000000690F0000460D000000000000000000001F06000D020003000000000000000000000000000000000000000000000000000000000000000000000000000000000000000000000000000000000000000000
K1DFC,ver=1,seq=25,idx=1,off=96,len=96,crc=0x5C2F1A02,hex=00000000000000000000000000000000000000000000000000000000000000000100000E0500290F01511E03863305C94C088A34055420032E1201160A010E0901130D011C1402271C03342504422F06523A074E3707432D053A2504321E0327
K1DFC,ver=1,seq=25,idx=2,off=192,len=96,crc=0x6046D873,hex=17021E1002150B010F07000A04000702000602000401000301000200000100000000000000000000000000000000000000000000000000000000000000000000000000000201000A0701171102291F04291F041711020A070102010000000000
K1DFC,ver=1,seq=25,idx=3,off=288,len=96,crc=0x49E2F6FE,hex=00000000000000000000000000000000000000000000000000000000000000000100000200000301000401000602000702000A04000F0700150B011E1002271702321E033A2504432D054E3707523A07422F06342504271C031C1402130D010E
K1DFC,ver=1,seq=25,idx=4,off=384,len=96,crc=0x69BAF00D,hex=0901160A012E12015420038A3405C94C08863305511E03290F010E050001000000000000000000000000000000000000000000000000000000000000000000000000000000000000000000000000000000000000000000000000000000000000
K1DFC,ver=1,seq=25,idx=5,off=480,len=32,crc=0xA7F96A1D,hex=00000000000000000000000000000000000000000000000300000D02001F0600
K1DFR,ver=1,seq=26,kind=2,frame=468,t_us=363922644,flags=0,len=512,crc=0x66F08319,chunks=6
K1DFC,ver=1,seq=26,idx=0,off=0,len=96,crc=0x76CF8B2C,hex=01FA0000A000E0013B01000014000000690F0000460D000000000000000000001303000B020005010001000000000000000000000000000000000000000000000000000000000000000000000000000000000000000000000000000000000000
K1DFC,ver=1,seq=26,idx=1,off=96,len=96,crc=0xBAF465AE,hex=000000000000000000000000000000000000000000000000000000000000000000000000000000000000000000000000000000000000000000000000000000000000000000000000000000000000000000000000000000000000000000000000
K1DFC,ver=1,seq=26,idx=2,off=192,len=96,crc=0x1A23052B,hex=00000302000E0A012018033A2C055C460986660DA77E107E5F0C5D47094534063528052E22042E2204372805402F063828053122042A1C032518032114021D10021D0E01200E01220E01280F01311201311201280F01220E01200E011D0E011D
K1DFC,ver=1,seq=26,idx=3,off=288,len=96,crc=0x33618F0B,hex=10022114022518032A1C03312204382805402F063728052E22042E22043528054534065D47097E5F0CA77E1086660D5C46093A2C052018030E0A0103020000000000000000000000000000000000000000000000000000000000000000000000
K1DFC,ver=1,seq=26,idx=4,off=384,len=96,crc=0xBAF465AE,hex=000000000000000000000000000000000000000000000000000000000000000000000000000000000000000000000000000000000000000000000000000000000000000000000000000000000000000000000000000000000000000000000000
K1DFC,ver=1,seq=26,idx=5,off=480,len=32,crc=0x21D8B15A,hex=00000000000000000000000000000000000000000100000501000B0200130300
K1DFR,ver=1,seq=27,kind=2,frame=504,t_us=364100732,flags=0,len=512,crc=0x4102E7D8,chunks=6
K1DFC,ver=1,seq=27,idx=0,off=0,len=96,crc=0xB83DE9A8,hex=00FA0000A000E0016F01000024000000650F0000430D000000000000000000001F06000D020003000000000000000000000000000000000000000000000000000000000000000000000000000000000000000000000000000000000000000000
K1DFC,ver=1,seq=27,idx=1,off=96,len=96,crc=0xBAF465AE,hex=000000000000000000000000000000000000000000000000000000000000000000000000000000000000000000000000000000000000000000000000000000000000000000000000000000000000000000000000000000000000000000000000
K1DFC,ver=1,seq=27,idx=2,off=192,len=96,crc=0x7FBE3ABA,hex=00000000000000000000000000000000000000000000000000000000000000000602001709003514025D23039338059038066127043E1C032816021F1502231A032D22043F2F064F3B07624809805F0C805F0C6248094F3B073F2F062D220423
K1DFC,ver=1,seq=27,idx=3,off=288,len=96,crc=0x78E4A013,hex=1A031F15022816023E1C036127049038069338055D230335140217090006020000000000000000000000000000000000000000000000000000000000000000000000000000000000000000000000000000000000000000000000000000000000
K1DFC,ver=1,seq=27,idx=4,off=384,len=96,crc=0xBAF465AE,hex=000000000000000000000000000000000000000000000000000000000000000000000000000000000000000000000000000000000000000000000000000000000000000000000000000000000000000000000000000000000000000000000000
K1DFC,ver=1,seq=27,idx=5,off=480,len=32,crc=0xA7F96A1D,hex=00000000000000000000000000000000000000000000000300000D02001F0600
K1DFR,ver=1,seq=28,kind=2,frame=504,t_us=364100732,flags=0,len=512,crc=0x7137B70A,chunks=6
K1DFC,ver=1,seq=28,idx=0,off=0,len=96,crc=0xEEAEAFBA,hex=01FA0000A000E0016F01000014000000650F0000430D000000000000000000001303000B020005010001000000000000000000000000000000000000000000000000000000000000000000000000000000000000000000000000000000000000
K1DFC,ver=1,seq=28,idx=1,off=96,len=96,crc=0x9099DE41,hex=00000000000000000000000000000000000000000000000000000000000000000000000000000000000000000000000000000000000000000000000000000302000F0B01221A033D2E066049098C6A0EAF851181620C5C46094031062D220422
K1DFC,ver=1,seq=28,idx=2,off=192,len=96,crc=0xC932A216,hex=1A03211903281E033225043D2D054633063D2C053525042E1F04291A032416022112021F10011E0E011E0C011E0C011909011608001307001006000E05000C04000D0500150800220D013514024D1D034D1D03351402220D011508000D05000C
K1DFC,ver=1,seq=28,idx=3,off=288,len=96,crc=0x2E5100B4,hex=04000E05001006001307001608001909011E0C011E0C011E0E011F1001211202241602291A032E1F043525043D2C054633063D2D05322504281E03211903221A032D22044031065C460981620CAF85118C6A0E6049093D2E06221A030F0B0103
K1DFC,ver=1,seq=28,idx=4,off=384,len=96,crc=0xDF88786B,hex=020000000000000000000000000000000000000000000000000000000000000000000000000000000000000000000000000000000000000000000000000000000000000000000000000000000000000000000000000000000000000000000000
K1DFC,ver=1,seq=28,idx=5,off=480,len=32,crc=0x21D8B15A,hex=00000000000000000000000000000000000000000100000501000B0200130300
K1DFR,ver=1,seq=29,kind=2,frame=540,t_us=364278659,flags=0,len=512,crc=0xCA6463B6,chunks=6
K1DFC,ver=1,seq=29,idx=0,off=0,len=96,crc=0x8AFE0967,hex=00FA0000A000E001460100001E000000650F0000410D00000000000000000000DE4907D84D088034054C25043520043023043C2D054C39075F4709523D084231063526052A1D032116021A1002160B011308011207001407001206000F05000D
K1DFC,ver=1,seq=29,idx=1,off=96,len=96,crc=0x0076C98C,hex=05000B040009030007020005020004010003010002000001000000000000000000000000000000000000000000000000000000000000000000000000000000000000000000000000000000000000000000000000000000000000000000000000
K1DFC,ver=1,seq=29,idx=2,off=192,len=96,crc=0x66556ABD,hex=00000000000000000000000000000000000000000000000000000000000000000000000000000000000000000000000000000000000000000000000000000000000000000201000A0701171102291F04291F041711020A070102010000000000
K1DFC,ver=1,seq=29,idx=3,off=288,len=96,crc=0xBAF465AE,hex=000000000000000000000000000000000000000000000000000000000000000000000000000000000000000000000000000000000000000000000000000000000000000000000000000000000000000000000000000000000000000000000000
K1DFC,ver=1,seq=29,idx=4,off=384,len=96,crc=0x139E3853,hex=00000000000000000000000000000000000000000000000000000000000000000000000000000100000200000301000401000502000702000903000B04000D05000F0500120600140700120700130801160B011A10022116022A1D0335260542
K1DFC,ver=1,seq=29,idx=5,off=480,len=32,crc=0x2B3E25E3,hex=3106523D085F47094C39073C2D053023043520044C2504803405D84D08DE4907
K1DFR,ver=1,seq=30,kind=2,frame=540,t_us=364278659,flags=0,len=512,crc=0x887FE46F,chunks=6
K1DFC,ver=1,seq=30,idx=0,off=0,len=96,crc=0x35E87687,hex=01FA0000A000E0014601000014000000650F0000410D00000000000000000000410D012C0C01271402342404523E087F610CB78B12D2A0159B760F6F540B4D3B07372A052C21042D2204372905443306523E085942084C3807402F063626052D
K1DFC,ver=1,seq=30,idx=1,off=96,len=96,crc=0xC3769E37,hex=1F042619032013021B0F01180C01160A011408001006000E05000C04000A040009030007020006020005010003010002010002000001000000000000000000000000000000000000000000000000000000000000000000000000000000000000
K1DFC,ver=1,seq=30,idx=2,off=192,len=96,crc=0x57E939C9,hex=00000000000000000000000000000000000000000000000000000000000000000000000000000000000000000000000000000000000000000000000000000000000100000602000D0500170800230D01230D011708000D050006020001000000
K1DFC,ver=1,seq=30,idx=3,off=288,len=96,crc=0xBAF465AE,hex=000000000000000000000000000000000000000000000000000000000000000000000000000000000000000000000000000000000000000000000000000000000000000000000000000000000000000000000000000000000000000000000000
K1DFC,ver=1,seq=30,idx=4,off=384,len=96,crc=0x9E258F4D,hex=00000000000000000100000200000201000301000501000602000702000903000A04000C04000E0500100600140800160A01180C011B0F012013022619032D1F04362605402F064C3807594208523E084433063729052D22042C2104372A054D
K1DFC,ver=1,seq=30,idx=5,off=480,len=32,crc=0x9D4612A9,hex=3B076F540B9B760FD2A015B78B127F610C523E083424042714022C0C01410D01
K1DFR,ver=1,seq=31,kind=2,frame=576,t_us=364456608,flags=0,len=512,crc=0xC86E565C,chunks=6
K1DFC,ver=1,seq=31,idx=0,off=0,len=96,crc=0x628E95DA,hex=00FA0000A000E0011D0100001E000000640F00003F0D000000000000000000001F06000D020003000000000000000000000000000000000000000000000000000000000000000000000000000000000000000000000000000000000000000000
K1DFC,ver=1,seq=31,idx=1,off=96,len=96,crc=0xBAF465AE,hex=000000000000000000000000000000000000000000000000000000000000000000000000000000000000000000000000000000000000000000000000000000000000000000000000000000000000000000000000000000000000000000000000
K1DFC,ver=1,seq=31,idx=2,off=192,len=96,crc=0xC68FDA25,hex=00000000000000000000000000000000000000000301001106002C1001521F03833205A23D066B28043F1802200C010D05000703000B0500100901180D012013022A1A033A250453370776500A8F650D8F650D76500A5337073A25042A1A0320
K1DFC,ver=1,seq=31,idx=3,off=288,len=96,crc=0xFEAC29BB,hex=1302180D011009010B05000703000D0500200C013F18026B2804A23D06833205521F032C100111060003010000000000000000000000000000000000000000000000000000000000000000000000000000000000000000000000000000000000
K1DFC,ver=1,seq=31,idx=4,off=384,len=96,crc=0xBAF465AE,hex=000000000000000000000000000000000000000000000000000000000000000000000000000000000000000000000000000000000000000000000000000000000000000000000000000000000000000000000000000000000000000000000000
K1DFC,ver=1,seq=31,idx=5,off=480,len=32,crc=0xA7F96A1D,hex=00000000000000000000000000000000000000000000000300000D02001F0600
K1DFR,ver=1,seq=32,kind=2,frame=576,t_us=364456608,flags=0,len=512,crc=0x345184E2,chunks=6
K1DFC,ver=1,seq=32,idx=0,off=0,len=96,crc=0x0652B9F5,hex=01FA0000A000E0011D01000014000000640F00003F0D000000000000000000001303000B020005010001000000000000000000000000000000000000000000000000000000000000000000000000000000000000000000000000000000000000
K1DFC,ver=1,seq=32,idx=1,off=96,len=96,crc=0xBAF465AE,hex=000000000000000000000000000000000000000000000000000000000000000000000000000000000000000000000000000000000000000000000000000000000000000000000000000000000000000000000000000000000000000000000000
K1DFC,ver=1,seq=32,idx=2,off=192,len=96,crc=0x1AAC9242,hex=00000000000000000000000000000000000000000000000000000000000000000000000000000000000000000000000000000000000000000202000C09011C15023628055C42088E630CBF8310B06F0EB06F0EBF83108E630C5C42083628051C
K1DFC,ver=1,seq=32,idx=3,off=288,len=96,crc=0xC6EECF86,hex=15020C090102020000000000000000000000000000000000000000000000000000000000000000000000000000000000000000000000000000000000000000000000000000000000000000000000000000000000000000000000000000000000
K1DFC,ver=1,seq=32,idx=4,off=384,len=96,crc=0xBAF465AE,hex=000000000000000000000000000000000000000000000000000000000000000000000000000000000000000000000000000000000000000000000000000000000000000000000000000000000000000000000000000000000000000000000000
K1DFC,ver=1,seq=32,idx=5,off=480,len=32,crc=0x21D8B15A,hex=00000000000000000000000000000000000000000100000501000B0200130300
K1DF_END,ver=1,records=32,chunks=192,dropped=0,corrupt=0,overflowed=0
