# Dense Forge exact a5ce32e locked-mode setup
# port=/dev/tty.usbmodem1401
> :version
scale=1.000 silence=0 cal_source=config cal_valid=1 | bpm=119.0 conf=0.06 lock=0 phase=0.84 beat=0 bstr=0.37 | onset=0 bass=0 ostr=0.00
[AP] SSL=234 DC=-4654 max_raw=2548 follower=4580 peak_scaled=0.492 silent_scale=1.000 silence=0 cal_source=config cal_valid=1 | bpm=119.0 conf=0.06 lock=0 phase=0.85 beat=0 bstr=0.59 | onset=1 bass=0 ostr=0.00
[AP] SSL=234 DC=-4654 max_raw=3686 follower=4483 peak_scaled=0.740 silent_scale=1.000 silence=0 cal_source=config cal_valid=1 | bpm=123.0 conf=0.09 lock=0 phase=0.88 beat=0 bstr=0.87 | onset=0 bass=1 ostr=0.30
[AP] SSL=234 DC=-4654 max_raw=5661 follower=4935 peak_scaled=0.962 silent_scale=1.000 silence=0 cal_source=config cal_valid=1 | bpm=123.0 conf=0.17 lock=0 phase=0.90 beat=0 bstr=0.95 | onset=0 bass=1 ostr=0.14
[AP] SSL=234 DC=-4654 max_raw=5371 follower=5181 peak_scaled=0.947 silent_scale=1.000 silence=0 cal_source=config cal_valid=1 | bpm=123.0 conf=0.32 lock=0 phase=0.97 beat=0 bstr=0.98 | onset=0 bass=1 ostr=0.20
[AP] SSL=234 DC=-4654 max_raw=3343 follower=5225 peak_scaled=0.835 silent_scale=1.000 silence=0 cal_source=config cal_valid=1 | bpm=123.0 conf=0.45 lock=0 phase=0.05 beat=0 bstr=0.99 | onset=0 bass=1 ostr=0.06
[AP] SSL=234 DC=-4654 max_raw=1224 follower=5079 peak_scaled=0.464 silent_scale=1.000 silence=0 cal_source=config cal_valid=1 | bpm=123.0 conf=0.49 lock=0 phase=0.08 beat=0 bstr=0.98 | onset=0 bass=0 ostr=0.00
[AP] SSL=234 DC=-4654 max_raw=2283 follower=4892 peak_scaled=0.415 silent_scale=1.000 silence=0 cal_source=config cal_valid=1 | bpm=123.0 conf=0.00 lock=0 phase=0.24 beat=0 bstr=0.94 | onset=0 bass=0 ostr=0.00
[AP] SSL=234 DC=-4654 max_raw=2653 follower=4908 peak_scaled=0.494 silent_scale=1.000 silence=0 cal_source=config cal_valid=1 | bpm=123.0 conf=0.00 lock=0 phase=0.27 beat=0 bstr=0.90 | onset=0 bass=0 ostr=0.00
[AP] SSL=234 DC=-4654 max_raw=1229 follower=4788 peak_scaled=0.288 silent_scale=1.000 silence=0 cal_source=config cal_valid=1 | bpm=123.0 conf=0.00 lock=0 phase=0.34 beat=0 bstr=0.91 | onset=0 bass=0 ostr=0.00
[AP] SSL=234 DC=-4654 max_raw=2940 follower=3136 peak_scaled=0.719 silent_scale=1.000 silence=0 cal_source=config cal_valid=1 | bpm=123.0 conf=0.00 lock=0 phase=0.42 beat=0 bstr=0.86 | onset=0 bass=0 ostr=0.00
[AP] SSL=234 DC=-4654 max_raw=1558 follower=4680 peak_scaled=0.285 silent_scale=1.000 silence=0 cal_source=config cal_valid=1 | bpm=123.0 conf=0.00 lock=0 phase=0.45 beat=0 bstr=0.86 | onset=0 bass=0 ostr=0.00
[AP] SSL=234 DC=-4654 max_raw=1814 follower=4716 peak_scaled=0.327 silent_scale=1.000 silence=0 cal_source=config cal_valid=1 | bpm=123.0 conf=0.00 lock=0 phase=0.51 beat=0 bstr=0.79 | onset=0 bass=0 ostr=0.00
[AP] SSL=234 DC=-4654 max_raw=2239 follower=4443 peak_scaled=0.483 silent_scale=1.000 silence=0 cal_source=config cal_valid=1 | bpm=123.0 conf=0.12 lock=0 phase=0.60 beat=0 bstr=0.77 | onset=1 bass=0 ostr=0.00
[AP] SSL=234 DC=-4654 max_raw=4281 follower=4498 peak_scaled=0.632 silent_scale=1.000 silence=0 cal_source=config cal_valid=1 | bpm=123.0 conf=0.00 lock=0 phase=0.62 beat=0 bstr=0.75 | onset=1 bass=0 ostr=0.00
[AP] SSL=234 DC=-4654 max_raw=5889 follower=4844 peak_scaled=0.928 silent_scale=1.000 silence=0 cal_source=config cal_valid=1 | bpm=123.0 conf=0.32 lock=0 phase=0.70 beat=0 bstr=0.76 | onset=0 bass=1 ostr=0.13
sbr{{
VERSION: 40103
}}
[AP] SSL=234 DC=-4654 max_raw=5031 follower=5063 peak_scaled=0.895 silent_scale=1.000 silence=0 cal_source=config cal_valid=1 | bpm=123.0 conf=0.42 lock=0 phase=0.78 beat=0 bstr=0.76 | onset=1 bass=0 ostr=0.00
> :chip_id
sbr{{
F887A500
}}
[AP] SSL=234 DC=-4654 max_raw=3752 follower=4886 peak_scaled=0.874 silent_scale=1.000 silence=0 cal_source=config cal_valid=1 | bpm=123.0 conf=0.47 lock=0 phase=0.81 beat=0 bstr=0.76 | onset=0 bass=0 ostr=0.00
[AP] SSL=234 DC=-4654 max_raw=1730 follower=4909 peak_scaled=0.413 silent_scale=1.000 silence=0 cal_source=config cal_valid=1 | bpm=123.0 conf=0.00 lock=0 phase=0.88 beat=0 bstr=0.79 | onset=0 bass=0 ostr=0.00
> :standby_dimming=false
sbr{{
CONFIG.STANDBY_DIMMING: 0
}}
[AP] SSL=234 DC=-4654 max_raw=2856 follower=4982 peak_scaled=0.415 silent_scale=1.000 silence=0 cal_source=config cal_valid=1 | bpm=123.0 conf=0.00 lock=0 phase=0.96 beat=0 bstr=0.79 | onset=0 bass=0 ostr=0.00
> :smart_scene=off
sbr{{
SMART_ASSIST: off
SMART_SWITCHING: off
SMART_DIRECTOR_AUTONOMY: off
SMART_HOOKS: off
SMART_CONFIDENCE_FLOOR: 0.080
SMART_APPLIED_MODE: 18
SMART_LAST_REQUESTED_MODE: 18
SMART_SWITCHES_IN_WINDOW: 0
SMART_MANUAL_OWNER_ACTIVE: 0
SMART_LAST_REASON: 0
SMART_STATE: 0
SMART_INTENT_MODE: 3
SMART_INTENT_CONFIDENCE: 0.000
SMART_INTENT_WANTS_SWITCH: 0
SMART_SCALAR_PHOTONS: 1.000
SMART_SCALAR_CHROMA: 1.000
SMART_SCALAR_MOOD: 1.000
SMART_SCALAR_SATURATION: 1.000
SMART_PALETTE_OVERLAY: 0
SMART_PALETTE_INDEX: 0
SMART_AUTO_COLOUR_SHIFT: 0
SMART_MIN_DWELL_MS: 8000
SMART_COOLDOWN_MS: 20000
SMART_SWITCH_WINDOW_MS: 60000
SMART_MAX_SWITCHES: 2
SMART_AUDIO_NOVELTY: 0.1899
SMART_AUDIO_ENERGY: 0.1592
SMART_EVENT_ID: 537
SMART_EVENT_AGE_MS: 414
SMART_ONSET: 0
SMART_BASS_ONSET: 0
SMART_BEAT_CONFIDENCE: 0.500
}}
sbr{{
EDGE_ENABLED: off
EDGE_MODE: off
EDGE_STRENGTH: 0.000
}}
[AP] SSL=234 DC=-4654 max_raw=1897 follower=4775 peak_scaled=0.379 silent_scale=1.000 silence=0 cal_source=config cal_valid=1 | bpm=123.0 conf=0.00 lock=0 phase=0.99 beat=0 bstr=0.80 | onset=0 bass=0 ostr=0.00
[AP] SSL=234 DC=-4654 max_raw=1629 follower=4693 peak_scaled=0.318 silent_scale=1.000 silence=0 cal_source=config cal_valid=1 | bpm=123.0 conf=0.00 lock=0 phase=0.06 beat=0 bstr=0.81 | onset=0 bass=0 ostr=0.00
> :set_mode=21
sbr{{
CONFIG.LIGHTSHOW_MODE: 21
}}
[AP] SSL=234 DC=-4654 max_raw=2241 follower=4564 peak_scaled=0.587 silent_scale=1.000 silence=0 cal_source=config cal_valid=1 | bpm=123.0 conf=0.00 lock=0 phase=0.14 beat=0 bstr=0.79 | onset=1 bass=0 ostr=0.00
> :smart_status
sbr{{
SMART_ASSIST: off
SMART_SWITCHING: off
SMART_DIRECTOR_AUTONOMY: off
SMART_HOOKS: off
SMART_CONFIDENCE_FLOOR: 0.080
SMART_APPLIED_MODE: 18
SMART_LAST_REQUESTED_MODE: 18
SMART_SWITCHES_IN_WINDOW: 0
SMART_MANUAL_OWNER_ACTIVE: 1
SMART_LAST_REASON: 0
SMART_STATE: 0
SMART_INTENT_MODE: 3
SMART_INTENT_CONFIDENCE: 0.000
SMART_INTENT_WANTS_SWITCH: 0
SMART_SCALAR_PHOTONS: 1.000
SMART_SCALAR_CHROMA: 1.000
SMART_SCALAR_MOOD: 1.000
SMART_SCALAR_SATURATION: 1.000
SMART_PALETTE_OVERLAY: 0
SMART_PALETTE_INDEX: 0
SMART_AUTO_COLOUR_SHIFT: 0
SMART_MIN_DWELL_MS: 8000
SMART_COOLDOWN_MS: 20000
SMART_SWITCH_WINDOW_MS: 60000
SMART_MAX_SWITCHES: 2
SMART_AUDIO_NOVELTY: 0.0741
SMART_AUDIO_ENERGY: 0.2268
SMART_EVENT_ID: 550
SMART_EVENT_AGE_MS: 324
SMART_ONSET: 0
SMART_BASS_ONSET: 0
SMART_BEAT_CONFIDENCE: 0.000
}}
> :vp_status
[AP] SSL=234 DC=-4654 max_raw=2073 follower=4687 peak_scaled=0.379 silent_scale=1.000 silence=0 cal_source=config cal_valid=1 | bpm=123.0 conf=0.00 lock=0 phase=0.17 beat=0 bstr=0.79 | onset=0 bass=0 ostr=0.00
sbr{{
VP_PROFILE: candidate
VP_FIXES: agc_soft=on chroma_gate=on prism_off=on bloom_decay=off hsv_source_sat=on secondary_clean=on
VP_STREAM: off
AP_STREAM: on
VP_BLOOM: alpha=0.9900 shift=1.0000 force_sat=on
VP_WAVEFORM: idle_fade=0.9850 raw_margin=1.1000 peak_floor=0.0800 active_fade=0.0400 blend_gain=2.0000 fallback=1.0000 vu_floor=0.0200 shift_rate=120.0000
VP_CHROMA: seq=27461 range=60 profile=0 gate_gain=1.0000 pre_max=0.3517 pre_mean=0.1973 norm_max=0.8270 norm_mean=0.4640 flatness=0.3629 final_max=0.7270 final_mean=0.3640
VP_AGC: gain=0.1000 envelope=3.0596 floor=0.0010 gated=false
VP_RENDER_US: last=1507 avg=1435 max=1769
}}
[AP] SSL=234 DC=-4654 max_raw=2538 follower=4464 peak_scaled=0.543 silent_scale=1.000 silence=0 cal_source=config cal_valid=1 | bpm=123.0 conf=0.00 lock=0 phase=0.24 beat=0 bstr=0.80 | onset=0 bass=0 ostr=0.00
[AP] SSL=234 DC=-4654 max_raw=2890 follower=3776 peak_scaled=0.625 silent_scale=1.000 silence=0 cal_source=config cal_valid=1 | bpm=123.0 conf=0.00 lock=0 phase=0.32 beat=0 bstr=0.78 | onset=1 bass=0 ostr=0.00
# setup_done
# disable_streams
> :ap_stream=off
str=0.00
[AP] SSL=234 DC=-4654 max_raw=2407 follower=4905 peak_scaled=0.333 silent_scale=1.000 silence=0 cal_source=config cal_valid=1 | bpm=123.0 conf=0.00 lock=0 phase=0.79 beat=0 bstr=0.75 | onset=0 bass=0 ostr=0.00
[AP] SSL=234 DC=-4654 max_raw=1168 follower=4702 peak_scaled=0.263 silent_scale=1.000 silence=0 cal_source=config cal_valid=1 | bpm=123.0 conf=0.00 lock=0 phase=0.86 beat=0 bstr=0.78 | onset=0 bass=0 ostr=0.00
[AP] SSL=234 DC=-4654 max_raw=2561 follower=4885 peak_scaled=0.387 silent_scale=1.000 silence=0 cal_source=config cal_valid=1 | bpm=123.0 conf=0.00 lock=0 phase=0.89 beat=0 bstr=0.85 | onset=0 bass=0 ostr=0.00
[AP] SSL=234 DC=-4654 max_raw=1703 follower=4555 peak_scaled=0.356 silent_scale=1.000 silence=0 cal_source=config cal_valid=1 | bpm=123.0 conf=0.00 lock=0 phase=0.97 beat=0 bstr=0.92 | onset=0 bass=0 ostr=0.00
sbr{{
AP_STREAM: off
}}
> :vp_stream=off
sbr{{
VP_STREAM: off
}}
> :vp_status
sbr{{
VP_PROFILE: candidate
VP_FIXES: agc_soft=on chroma_gate=on prism_off=on bloom_decay=off hsv_source_sat=on secondary_clean=on
VP_STREAM: off
AP_STREAM: off
VP_BLOOM: alpha=0.9900 shift=1.0000 force_sat=on
VP_WAVEFORM: idle_fade=0.9850 raw_margin=1.1000 peak_floor=0.0800 active_fade=0.0400 blend_gain=2.0000 fallback=1.0000 vu_floor=0.0200 shift_rate=120.0000
VP_CHROMA: seq=30421 range=60 profile=0 gate_gain=0.7798 pre_max=0.3483 pre_mean=0.2471 norm_max=0.8122 norm_mean=0.5763 flatness=0.2360 final_max=0.5554 final_mean=0.3714
VP_AGC: gain=0.1000 envelope=3.3056 floor=0.0010 gated=false
VP_RENDER_US: last=2571 avg=2444 max=2956
}}
# streams_done
