[1781490304.642] #DEVICE role=main-k1 name=main-1401 port=/dev/cu.usbmodem12201 expected_chip_id=F887A500 env=k1_hardware
[1781490304.642] >>> :version
[1781490304.643] cale=1.000 silence=0 cal_source=config cal_valid=1 cal_reason=none | bpm=80.0 conf=0.25 lock=0 phase=0.62 beat=0 bstr=0.18 | onset=0 bass=0 ostr=0.00
[1781490304.643] [AP] SSL=176 DC=-4698 max_raw=519 follower=2559 peak_scaled=0.444 response_gain=3.000 silent_scale=1.000 silence=0 cal_source=config cal_valid=1 cal_reason=none | bpm=80.0 conf=0.24 lock=0 phase=0.94 beat=0 bstr=0.09 | onset=0 bass=0 ostr=0.00
[1781490304.644] [AP] SSL=176 DC=-4698 max_raw=584 follower=2012 peak_scaled=0.829 response_gain=3.000 silent_scale=1.000 silence=0 cal_source=config cal_valid=1 cal_reason=none | bpm=80.0 conf=0.22 lock=0 phase=0.29 beat=0 bstr=0.08 | onset=0 bass=1 ostr=0.03
[1781490304.644] [AP] SSL=176 DC=-4698 max_raw=474 follower=2094 peak_scaled=0.582 response_gain=3.000 silent_scale=1.000 silence=0 cal_source=config cal_valid=1 cal_reason=none | bpm=80.0 conf=0.21 lock=0 phase=0.64 beat=0 bstr=0.09 | onset=1 bass=0 ostr=0.00
[1781490304.645] [AP] SSL=176 DC=-4698 max_raw=380 follower=1868 peak_scaled=0.630 response_gain=3.000 silent_scale=1.000 silence=0 cal_source=config cal_valid=1 cal_reason=none | bpm=80.0 conf=0.27 lock=0 phase=0.96 beat=0 bstr=0.05 | onset=1 bass=0 ostr=0.00
[1781490304.645] [AP] SSL=176 DC=-4698 max_raw=1302 follower=3626 peak_scaled=1.011 response_gain=3.000 silent_scale=1.000 silence=0 cal_source=config cal_valid=1 cal_reason=none | bpm=60.0 conf=0.60 lock=0 phase=0.31 beat=0 bstr=0.26 | onset=0 bass=1 ostr=0.06
[1781490304.646] [AP] SSL=176 DC=-4698 max_raw=454 follower=3046 peak_scaled=0.293 response_gain=3.000 silent_scale=1.000 silence=0 cal_source=config cal_valid=1 cal_reason=none | bpm=93.0 conf=0.23 lock=0 phase=0.66 beat=0 bstr=0.16 | onset=0 bass=1 ostr=0.03
[1781490304.647] [AP] SSL=176 DC=-4698 max_raw=303 follower=2623 peak_scaled=0.361 response_gain=3.000 silent_scale=1.000 silence=0 cal_source=config cal_valid=1 cal_reason=none | bpm=76.0 conf=0.21 lock=0 phase=0.18 beat=0 bstr=0.47 | onset=0 bass=0 ostr=0.00
[1781490304.647] [AP] SSL=176 DC=-4698 max_raw=248 follower=1911 peak_scaled=0.390 response_gain=3.000 silent_scale=1.000 silence=0 cal_source=config cal_valid=1 cal_reason=none | bpm=77.0 conf=0.30 lock=0 phase=0.61 beat=0 bstr=0.22 | onset=0 bass=0 ostr=0.00
[1781490304.649] [AP] SSL=176 DC=-4698 max_raw=735 follower=4927 peak_scaled=0.520 response_gain=3.000 silent_scale=1.000 silence=0 cal_source=config cal_valid=1 cal_reason=none | bpm=74.0 conf=0.25 lock=0 phase=0.89 beat=0 bstr=0.12 | onset=0 bass=1 ostr=0.02
[1781490304.650] [AP] SSL=176 DC=-4698 max_raw=495 follower=4360 peak_scaled=0.200 response_gain=3.000 silent_scale=1.000 silence=0 cal_source=config cal_valid=1 cal_reason=none | bpm=75.0 conf=0.43 lock=0 phase=0.12 beat=0 bstr=0.18 | onset=0 bass=0 ostr=0.00
[1781490304.650] sbr{{
[1781490304.650] VERSION: 40103
[1781490304.650] }}
[1781490305.193] [AP] SSL=176 DC=-4698 max_raw=423 follower=2629 peak_scaled=0.274 response_gain=3.000 silent_scale=1.000 silence=0 cal_source=config cal_valid=1 cal_reason=none | bpm=76.0 conf=0.51 lock=0 phase=0.54 beat=0 bstr=0.16 | onset=0 bass=0 ostr=0.00
[1781490305.447] >>> :chip_id
[1781490305.456] sbr{{
[1781490305.457] F887A500
[1781490305.457] }}
[1781490306.199] [AP] SSL=176 DC=-4698 max_raw=450 follower=1860 peak_scaled=0.749 response_gain=3.000 silent_scale=1.000 silence=0 cal_source=config cal_valid=1 cal_reason=none | bpm=76.0 conf=0.39 lock=0 phase=0.82 beat=0 bstr=0.25 | onset=1 bass=0 ostr=0.00
[1781490307.203] [AP] SSL=176 DC=-4698 max_raw=721 follower=2123 peak_scaled=0.767 response_gain=3.000 silent_scale=1.000 silence=0 cal_source=config cal_valid=1 cal_reason=none | bpm=76.0 conf=0.42 lock=0 phase=0.08 beat=0 bstr=0.24 | onset=0 bass=0 ostr=0.00
[1781490308.209] [AP] SSL=176 DC=-4698 max_raw=486 follower=1778 peak_scaled=0.573 response_gain=3.000 silent_scale=1.000 silence=0 cal_source=config cal_valid=1 cal_reason=none | bpm=76.0 conf=0.48 lock=0 phase=0.36 beat=0 bstr=0.14 | onset=0 bass=0 ostr=0.00
[1781490309.215] [AP] SSL=176 DC=-4698 max_raw=550 follower=2298 peak_scaled=0.477 response_gain=3.000 silent_scale=1.000 silence=0 cal_source=config cal_valid=1 cal_reason=none | bpm=92.0 conf=0.75 lock=1 phase=0.76 beat=0 bstr=0.10 | onset=0 bass=0 ostr=0.00
[1781490309.864] >>> :stop
[1781490309.867] SBOK
[1781490310.770] >>> :vp_stream=off
[1781490310.788] sbr{{
[1781490310.788] VP_STREAM: off
[1781490310.788] }}
[1781490311.678] >>> :ap_stream=off
[1781490311.686] sbr{{
[1781490311.686] AP_STREAM: off
[1781490311.686] }}
[1781490312.584] >>> :dump
[1781490312.587] sbr{{
[1781490312.587] FIRMWARE_VERSION: 40103
[1781490312.587] CHIP ID: F887A500
[1781490312.587] noise_button.pressed: 0
[1781490312.587] noise_button.last_down: 0
[1781490312.587] noise_button.last_up: 0
[1781490312.587] noise_button.pin: 255
[1781490312.587] mode_button.pressed: 0
[1781490312.587] mode_button.last_down: 0
[1781490312.587] mode_button.last_up: 0
[1781490312.587] mode_button.pin: 255
[1781490312.588] CONFIG.PHOTONS: 0.650000
[1781490312.588] CONFIG.CHROMA: 0.000000
[1781490312.588] CONFIG.MOOD: 0.150000
[1781490312.588] CONFIG.LIGHTSHOW_MODE: 8
[1781490312.589] CONFIG.MIRROR_ENABLED: 1
[1781490312.589] CONFIG.CHROMAGRAM_RANGE: 60
[1781490312.589] CONFIG.SAMPLE_RATE: 12800
[1781490312.589] CONFIG.NOTE_OFFSET: 12
[1781490312.589] CONFIG.SQUARE_ITER: 1.00
[1781490312.589] CONFIG.LED_TYPE: 0
[1781490312.589] CONFIG.LED_COUNT: 160
[1781490312.589] CONFIG.LED_COLOR_ORDER: 66
[1781490312.589] CONFIG.SAMPLES_PER_CHUNK: 96
[1781490312.590] CONFIG.SENSITIVITY: 2.400000
[1781490312.590] AUDIO_RESPONSE_GAIN: 3.000000
[1781490312.590] CONFIG.BOOT_ANIMATION: 1
[1781490312.590] CONFIG.SWEET_SPOT_MIN_LEVEL: 176
[1781490312.590] CONFIG.SWEET_SPOT_MAX_LEVEL: 30000
[1781490312.590] CONFIG.DC_OFFSET: -4698
[1781490312.590] CAL_SOURCE: config
[1781490312.590] CAL_VALID: 1
[1781490312.590] CAL_PROFILE_LOADED: 0
[1781490312.591] NOISE_CAL_REASON: none
[1781490312.591] NOISE_CAL_DC_SAMPLES: 0
[1781490312.591] NOISE_CAL_SSL_P50: 0.0
[1781490312.591] NOISE_CAL_SSL_P90: 0.0
[1781490312.591] CONFIG.STANDBY_DIMMING: 0
[1781490312.591] CONFIG.REVERSE_ORDER: 0
[1781490312.591] CONFIG.MAX_CURRENT_MA: 1500
[1781490312.591] CONFIG.TEMPORAL_DITHERING: 1
[1781490312.591] CONFIG.AUTO_COLOR_SHIFT: 0
[1781490312.591] CONFIG.INCANDESCENT_FILTER: 0.00
[1781490312.592] CONFIG.INCANDESCENT_MODE: 0
[1781490312.592] CONFIG.BULB_OPACITY: 0.00
[1781490312.592] CONFIG.SATURATION: 1.00
[1781490312.592] CONFIG.PRISM_COUNT: 1.00
[1781490312.592] CONFIG.BASE_COAT: 0
[1781490312.592] CONFIG.BASE_COAT_INTENSITY: 0.000
[1781490312.592] MASTER_BRIGHTNESS: 1.00
[1781490312.592] stream_audio: 0
[1781490312.592] stream_fps: 0
[1781490312.592] stream_max_mags: 0
[1781490312.592] stream_max_mags_followers: 0
[1781490312.592] stream_magnitudes: 0
[1781490312.593] stream_spectrogram: 0
[1781490312.593] stream_chromagram: 0
[1781490312.593] debug_mode: 0
[1781490312.593] noise_complete: 1
[1781490312.593] noise_iterations: 0
[1781490312.593] next_save_time: 0
[1781490312.593] settings_updated: 0
[1781490312.593] I2S_PORT: 0
[1781490312.593] SAMPLE_HISTORY_LENGTH: 4096
[1781490312.593] silence: 0
[1781490312.593] mode_destination: -1
[1781490312.593] SYSTEM_FPS: 166.12
[1781490312.594] LED_FPS: 201.23
[1781490312.594] }}
[1781490313.489] >>> :smart_status
[1781490313.511] sbr{{
[1781490313.511] SMART_ASSIST: off
[1781490313.511] SMART_SWITCHING: off
[1781490313.511] SMART_DIRECTOR_AUTONOMY: off
[1781490313.511] SMART_HOOKS: off
[1781490313.511] SMART_CONFIDENCE_FLOOR: 0.080
[1781490313.512] SMART_APPLIED_MODE: 3
[1781490313.512] SMART_LAST_REQUESTED_MODE: 3
[1781490313.512] SMART_SWITCHES_IN_WINDOW: 0
[1781490313.512] SMART_MANUAL_OWNER_ACTIVE: 0
[1781490313.512] SMART_LAST_REASON: 0
[1781490313.512] SMART_STATE: 0
[1781490313.512] SMART_INTENT_MODE: 3
[1781490313.512] SMART_INTENT_CONFIDENCE: 0.000
[1781490313.512] SMART_INTENT_WANTS_SWITCH: 0
[1781490313.513] SMART_SCALAR_PHOTONS: 1.000
[1781490313.513] SMART_SCALAR_CHROMA: 1.000
[1781490313.513] SMART_SCALAR_MOOD: 1.000
[1781490313.513] SMART_SCALAR_SATURATION: 1.000
[1781490313.513] SMART_PALETTE_OVERLAY: 0
[1781490313.513] SMART_PALETTE_INDEX: 0
[1781490313.513] SMART_AUTO_COLOUR_SHIFT: 0
[1781490313.513] SMART_MIN_DWELL_MS: 8000
[1781490313.513] SMART_COOLDOWN_MS: 20000
[1781490313.513] SMART_SWITCH_WINDOW_MS: 60000
[1781490313.513] SMART_MAX_SWITCHES: 2
[1781490313.514] SMART_AUDIO_NOVELTY: 0.0496
[1781490313.514] SMART_AUDIO_ENERGY: 0.2160
[1781490313.514] SMART_EVENT_ID: 289
[1781490313.514] SMART_EVENT_AGE_MS: 49
[1781490313.514] SMART_ONSET: 1
[1781490313.514] SMART_BASS_ONSET: 0
[1781490313.514] SMART_BEAT_CONFIDENCE: 0.000
[1781490313.514] SMART_TRANSIENT: 0
[1781490313.514] SMART_KICK: 0
[1781490313.514] SMART_SNARE: 0
[1781490313.514] SMART_HIHAT: 1
[1781490313.514] SMART_TRANSIENT_LEVEL: 0.072
[1781490313.515] SMART_KICK_LEVEL: 0.000
[1781490313.515] SMART_SNARE_LEVEL: 0.000
[1781490313.515] SMART_HIHAT_LEVEL: 0.042
[1781490313.515] SMART_SNARE_EVENT_ID: 98
[1781490313.515] SMART_HIHAT_EVENT_ID: 269
[1781490313.515] }}
[1781490314.393] >>> :vp_status
[1781490314.397] sbr{{
[1781490314.397] VP_PROFILE: candidate
[1781490314.397] VP_FIXES: agc_soft=on chroma_gate=on prism_off=on bloom_decay=off hsv_source_sat=on secondary_clean=on
[1781490314.397] VP_STREAM: off
[1781490314.397] AP_STREAM: off
[1781490314.398] VP_BLOOM: alpha=0.9900 shift=1.0000 force_sat=on
[1781490314.399] VP_WAVEFORM: idle_fade=0.9850 raw_margin=1.1000 peak_floor=0.0800 active_fade=0.0400 blend_gain=2.0000 fallback=1.0000 vu_floor=0.0200 shift_rate=120.0000
[1781490314.401] VP_CHROMA: seq=5282 range=60 profile=0 gate_gain=0.0736 pre_max=0.2820 pre_mean=0.2532 norm_max=0.9258 norm_mean=0.8311 flatness=0.0947 final_max=0.0608 final_mean=0.0538
[1781490314.401] VP_AGC: gain=0.2576 envelope=0.9838 floor=0.0010 gated=false
[1781490314.402] VP_RENDER_US: last=680 avg=650 max=958
[1781490314.402] }}
[1781490315.301] >>> :vp_perf=status
[1781490315.312] sbr{{
[1781490315.312] VP_PERF: disabled (compile with ENABLE_VP_PERF_AUDIT=1)
[1781490315.312] }}
[1781490316.208] >>> :ap_stream=on
[1781490316.211] sbr{{
[1781490316.211] AP_STREAM: on
[1781490316.211] }}
[1781490316.214] [AP] SSL=176 DC=-4698 max_raw=330 follower=10338 peak_scaled=0.065 response_gain=3.000 silent_scale=1.000 silence=0 cal_source=config cal_valid=1 cal_reason=none | bpm=100.0 conf=0.98 lock=1 phase=0.36 beat=0 bstr=0.33 | onset=1 bass=0 ostr=0.00
[1781490316.911] >>> :vp_stream=on
[1781490316.932] sbr{{
[1781490316.932] VP_STREAM: on
[1781490316.932] }}
[1781490316.938] [VP] profile=candidate fix=111011 chroma_seq=5791 chroma_flatness=0.0940 chroma_norm_max=0.9083 chroma_norm_mean=0.8143 chroma_final_max=0.0565 chroma_final_mean=0.0499 agc_gain=0.2839 bloom_alpha=0.9900 bloom_shift=1.0000 wave_idle=0.9850 wave_raw_margin=1.1000 wave_peak_floor=0.0800 wave_vu_floor=0.0200 wave_shift=120.0000 render_us=650 render_avg=624 render_max=958
[1781490317.225] [AP] SSL=176 DC=-4698 max_raw=316 follower=5570 peak_scaled=0.147 response_gain=3.000 silent_scale=1.000 silence=0 cal_source=config cal_valid=1 cal_reason=none | bpm=83.0 conf=0.25 lock=0 phase=0.66 beat=0 bstr=0.46 | onset=1 bass=0 ostr=0.00
[1781490317.617] >>> :smart_status
[1781490317.627] sbr{{
[1781490317.627] SMART_ASSIST: off
[1781490317.627] SMART_SWITCHING: off
[1781490317.627] SMART_DIRECTOR_AUTONOMY: off
[1781490317.627] SMART_HOOKS: off
[1781490317.627] SMART_CONFIDENCE_FLOOR: 0.080
[1781490317.627] SMART_APPLIED_MODE: 3
[1781490317.627] SMART_LAST_REQUESTED_MODE: 3
[1781490317.628] SMART_SWITCHES_IN_WINDOW: 0
[1781490317.628] SMART_MANUAL_OWNER_ACTIVE: 0
[1781490317.628] SMART_LAST_REASON: 0
[1781490317.628] SMART_STATE: 0
[1781490317.628] SMART_INTENT_MODE: 3
[1781490317.629] SMART_INTENT_CONFIDENCE: 0.000
[1781490317.629] SMART_INTENT_WANTS_SWITCH: 0
[1781490317.629] SMART_SCALAR_PHOTONS: 1.000
[1781490317.629] SMART_SCALAR_CHROMA: 1.000
[1781490317.629] SMART_SCALAR_MOOD: 1.000
[1781490317.629] SMART_SCALAR_SATURATION: 1.000
[1781490317.629] SMART_PALETTE_OVERLAY: 0
[1781490317.629] SMART_PALETTE_INDEX: 0
[1781490317.630] SMART_AUTO_COLOUR_SHIFT: 0
[1781490317.630] SMART_MIN_DWELL_MS: 8000
[1781490317.630] SMART_COOLDOWN_MS: 20000
[1781490317.630] SMART_SWITCH_WINDOW_MS: 60000
[1781490317.630] SMART_MAX_SWITCHES: 2
[1781490317.630] SMART_AUDIO_NOVELTY: 0.0995
[1781490317.630] SMART_AUDIO_ENERGY: 0.2249
[1781490317.630] SMART_EVENT_ID: 334
[1781490317.630] SMART_EVENT_AGE_MS: 0
[1781490317.630] SMART_ONSET: 0
[1781490317.630] SMART_BASS_ONSET: 1
[1781490317.631] SMART_BEAT_CONFIDENCE: 0.000
[1781490317.631] SMART_TRANSIENT: 0
[1781490317.631] SMART_KICK: 1
[1781490317.631] SMART_SNARE: 0
[1781490317.631] SMART_HIHAT: 0
[1781490317.631] SMART_TRANSIENT_LEVEL: 0.860
[1781490317.631] SMART_KICK_LEVEL: 0.065
[1781490317.631] SMART_SNARE_LEVEL: 0.038
[1781490317.631] SMART_HIHAT_LEVEL: 0.025
[1781490317.631] SMART_SNARE_EVENT_ID: 111
[1781490317.631] SMART_HIHAT_EVENT_ID: 298
[1781490317.631] }}
[1781490317.938] [VP] profile=candidate fix=111011 chroma_seq=5991 chroma_flatness=0.0445 chroma_norm_max=0.6194 chroma_norm_mean=0.5749 chroma_final_max=0.0000 chroma_final_mean=0.0000 agc_gain=0.2604 bloom_alpha=0.9900 bloom_shift=1.0000 wave_idle=0.9850 wave_raw_margin=1.1000 wave_peak_floor=0.0800 wave_vu_floor=0.0200 wave_shift=120.0000 render_us=590 render_avg=598 render_max=958
[1781490318.229] [AP] SSL=176 DC=-4698 max_raw=222 follower=3096 peak_scaled=0.108 response_gain=3.000 silent_scale=1.000 silence=0 cal_source=config cal_valid=1 cal_reason=none | bpm=83.0 conf=0.24 lock=0 phase=0.03 beat=0 bstr=0.38 | onset=0 bass=0 ostr=0.00
[1781490318.937] [VP] profile=candidate fix=111011 chroma_seq=6192 chroma_flatness=0.0982 chroma_norm_max=0.9205 chroma_norm_mean=0.8223 chroma_final_max=0.0746 chroma_final_mean=0.0657 agc_gain=0.3648 bloom_alpha=0.9900 bloom_shift=1.0000 wave_idle=0.9850 wave_raw_margin=1.1000 wave_peak_floor=0.0800 wave_vu_floor=0.0200 wave_shift=120.0000 render_us=665 render_avg=655 render_max=958
[1781490319.235] [AP] SSL=176 DC=-4698 max_raw=486 follower=2267 peak_scaled=0.526 response_gain=3.000 silent_scale=1.000 silence=0 cal_source=config cal_valid=1 cal_reason=none | bpm=83.0 conf=0.41 lock=0 phase=0.43 beat=0 bstr=0.33 | onset=0 bass=1 ostr=0.08
[1781490319.943] [VP] profile=candidate fix=111011 chroma_seq=6394 chroma_flatness=0.0873 chroma_norm_max=0.6420 chroma_norm_mean=0.5547 chroma_final_max=0.0199 chroma_final_mean=0.0167 agc_gain=0.1354 bloom_alpha=0.9900 bloom_shift=1.0000 wave_idle=0.9850 wave_raw_margin=1.1000 wave_peak_floor=0.0800 wave_vu_floor=0.0200 wave_shift=120.0000 render_us=668 render_avg=643 render_max=958
[1781490320.239] [AP] SSL=176 DC=-4698 max_raw=225 follower=2095 peak_scaled=0.380 response_gain=3.000 silent_scale=1.000 silence=0 cal_source=config cal_valid=1 cal_reason=none | bpm=79.0 conf=0.40 lock=0 phase=0.83 beat=0 bstr=0.09 | onset=1 bass=0 ostr=0.00
[1781490320.943] [VP] profile=candidate fix=111011 chroma_seq=6594 chroma_flatness=0.0746 chroma_norm_max=0.5960 chroma_norm_mean=0.5214 chroma_final_max=0.0000 chroma_final_mean=0.0000 agc_gain=0.2133 bloom_alpha=0.9900 bloom_shift=1.0000 wave_idle=0.9850 wave_raw_margin=1.1000 wave_peak_floor=0.0800 wave_vu_floor=0.0200 wave_shift=120.0000 render_us=592 render_avg=586 render_max=958
[1781490321.245] [AP] SSL=176 DC=-4698 max_raw=858 follower=2112 peak_scaled=1.147 response_gain=3.000 silent_scale=1.000 silence=0 cal_source=config cal_valid=1 cal_reason=none | bpm=79.0 conf=0.61 lock=1 phase=0.14 beat=0 bstr=0.07 | onset=0 bass=1 ostr=0.11
[1781490321.943] [VP] profile=candidate fix=111011 chroma_seq=6795 chroma_flatness=0.0436 chroma_norm_max=0.4116 chroma_norm_mean=0.3680 chroma_final_max=0.0000 chroma_final_mean=0.0000 agc_gain=0.1906 bloom_alpha=0.9900 bloom_shift=1.0000 wave_idle=0.9850 wave_raw_margin=1.1000 wave_peak_floor=0.0800 wave_vu_floor=0.0200 wave_shift=120.0000 render_us=630 render_avg=605 render_max=958
[1781490322.249] [AP] SSL=176 DC=-4698 max_raw=522 follower=1659 peak_scaled=0.526 response_gain=3.000 silent_scale=1.000 silence=0 cal_source=config cal_valid=1 cal_reason=none | bpm=79.0 conf=0.44 lock=1 phase=0.52 beat=0 bstr=0.05 | onset=0 bass=0 ostr=0.00
[1781490322.947] [VP] profile=candidate fix=111011 chroma_seq=6996 chroma_flatness=0.1221 chroma_norm_max=0.7886 chroma_norm_mean=0.6665 chroma_final_max=0.1448 chroma_final_mean=0.1191 agc_gain=0.3039 bloom_alpha=0.9900 bloom_shift=1.0000 wave_idle=0.9850 wave_raw_margin=1.1000 wave_peak_floor=0.0800 wave_vu_floor=0.0200 wave_shift=120.0000 render_us=650 render_avg=631 render_max=958
[1781490323.254] [AP] SSL=176 DC=-4698 max_raw=518 follower=1153 peak_scaled=0.818 response_gain=3.000 silent_scale=1.000 silence=0 cal_source=config cal_valid=1 cal_reason=none | bpm=88.0 conf=0.17 lock=0 phase=0.03 beat=1 bstr=0.30 | onset=0 bass=1 ostr=0.02
[1781490323.958] [VP] profile=candidate fix=111011 chroma_seq=7199 chroma_flatness=0.1056 chroma_norm_max=0.6651 chroma_norm_mean=0.5596 chroma_final_max=0.0723 chroma_final_mean=0.0587 agc_gain=0.1985 bloom_alpha=0.9900 bloom_shift=1.0000 wave_idle=0.9850 wave_raw_margin=1.1000 wave_peak_floor=0.0800 wave_vu_floor=0.0200 wave_shift=120.0000 render_us=655 render_avg=672 render_max=958
[1781490324.259] [AP] SSL=176 DC=-4698 max_raw=272 follower=2264 peak_scaled=0.536 response_gain=3.000 silent_scale=1.000 silence=0 cal_source=config cal_valid=1 cal_reason=none | bpm=112.0 conf=0.26 lock=0 phase=0.61 beat=0 bstr=0.32 | onset=0 bass=1 ostr=0.06
[1781490324.958] [VP] profile=candidate fix=111011 chroma_seq=7399 chroma_flatness=0.1158 chroma_norm_max=0.4714 chroma_norm_mean=0.3556 chroma_final_max=0.0665 chroma_final_mean=0.0458 agc_gain=0.1201 bloom_alpha=0.9900 bloom_shift=1.0000 wave_idle=0.9850 wave_raw_margin=1.1000 wave_peak_floor=0.0800 wave_vu_floor=0.0200 wave_shift=120.0000 render_us=745 render_avg=681 render_max=958
[1781490325.264] [AP] SSL=176 DC=-4698 max_raw=2312 follower=10522 peak_scaled=0.963 response_gain=3.000 silent_scale=1.000 silence=0 cal_source=config cal_valid=1 cal_reason=none | bpm=127.0 conf=0.53 lock=0 phase=0.56 beat=0 bstr=0.01 | onset=0 bass=1 ostr=0.52
[1781490325.958] [VP] profile=candidate fix=111011 chroma_seq=7600 chroma_flatness=0.0448 chroma_norm_max=0.2817 chroma_norm_mean=0.2369 chroma_final_max=0.0000 chroma_final_mean=0.0000 agc_gain=0.1000 bloom_alpha=0.9900 bloom_shift=1.0000 wave_idle=0.9850 wave_raw_margin=1.1000 wave_peak_floor=0.0800 wave_vu_floor=0.0200 wave_shift=120.0000 render_us=645 render_avg=610 render_max=958
[1781490326.270] [AP] SSL=176 DC=-4698 max_raw=385 follower=8617 peak_scaled=0.143 response_gain=3.000 silent_scale=1.000 silence=0 cal_source=config cal_valid=1 cal_reason=none | bpm=112.0 conf=0.74 lock=1 phase=0.49 beat=0 bstr=0.16 | onset=0 bass=0 ostr=0.00
[1781490326.963] [VP] profile=candidate fix=111011 chroma_seq=7801 chroma_flatness=0.0386 chroma_norm_max=0.2415 chroma_norm_mean=0.2029 chroma_final_max=0.0000 chroma_final_mean=0.0000 agc_gain=0.1611 bloom_alpha=0.9900 bloom_shift=1.0000 wave_idle=0.9850 wave_raw_margin=1.1000 wave_peak_floor=0.0800 wave_vu_floor=0.0200 wave_shift=120.0000 render_us=543 render_avg=587 render_max=958
[1781490327.275] [AP] SSL=176 DC=-4698 max_raw=381 follower=4707 peak_scaled=0.241 response_gain=3.000 silent_scale=1.000 silence=0 cal_source=config cal_valid=1 cal_reason=none | bpm=78.0 conf=0.68 lock=1 phase=0.94 beat=0 bstr=0.13 | onset=0 bass=1 ostr=0.03
[1781490327.963] [VP] profile=candidate fix=111011 chroma_seq=8002 chroma_flatness=0.0111 chroma_norm_max=0.1378 chroma_norm_mean=0.1266 chroma_final_max=0.0000 chroma_final_mean=0.0000 agc_gain=0.1016 bloom_alpha=0.9900 bloom_shift=1.0000 wave_idle=0.9850 wave_raw_margin=1.1000 wave_peak_floor=0.0800 wave_vu_floor=0.0200 wave_shift=120.0000 render_us=600 render_avg=598 render_max=958
[1781490328.280] [AP] SSL=176 DC=-4698 max_raw=189 follower=5664 peak_scaled=0.084 response_gain=3.000 silent_scale=1.000 silence=0 cal_source=config cal_valid=1 cal_reason=none | bpm=86.0 conf=0.25 lock=0 phase=0.27 beat=0 bstr=0.40 | onset=0 bass=0 ostr=0.00
[1781490328.963] [VP] profile=candidate fix=111011 chroma_seq=8202 chroma_flatness=0.0767 chroma_norm_max=0.3520 chroma_norm_mean=0.2753 chroma_final_max=0.0000 chroma_final_mean=0.0000 agc_gain=0.2620 bloom_alpha=0.9900 bloom_shift=1.0000 wave_idle=0.9850 wave_raw_margin=1.1000 wave_peak_floor=0.0800 wave_vu_floor=0.0200 wave_shift=120.0000 render_us=598 render_avg=592 render_max=958
[1781490329.285] [AP] SSL=176 DC=-4698 max_raw=344 follower=3065 peak_scaled=0.143 response_gain=3.000 silent_scale=1.000 silence=0 cal_source=config cal_valid=1 cal_reason=none | bpm=86.0 conf=0.25 lock=0 phase=0.73 beat=0 bstr=0.75 | onset=0 bass=0 ostr=0.00
[1781490329.963] [VP] profile=candidate fix=111011 chroma_seq=8402 chroma_flatness=0.0511 chroma_norm_max=0.5457 chroma_norm_mean=0.4947 chroma_final_max=0.0000 chroma_final_mean=0.0000 agc_gain=0.3905 bloom_alpha=0.9900 bloom_shift=1.0000 wave_idle=0.9850 wave_raw_margin=1.1000 wave_peak_floor=0.0800 wave_vu_floor=0.0200 wave_shift=120.0000 render_us=580 render_avg=586 render_max=958
[1781490330.289] [AP] SSL=176 DC=-4698 max_raw=267 follower=1724 peak_scaled=0.170 response_gain=3.000 silent_scale=1.000 silence=0 cal_source=config cal_valid=1 cal_reason=none | bpm=86.0 conf=0.25 lock=0 phase=0.15 beat=0 bstr=0.67 | onset=1 bass=0 ostr=0.00
[1781490330.968] [VP] profile=candidate fix=111011 chroma_seq=8604 chroma_flatness=0.0532 chroma_norm_max=0.5691 chroma_norm_mean=0.5159 chroma_final_max=0.0000 chroma_final_mean=0.0000 agc_gain=0.2976 bloom_alpha=0.9900 bloom_shift=1.0000 wave_idle=0.9850 wave_raw_margin=1.1000 wave_peak_floor=0.0800 wave_vu_floor=0.0200 wave_shift=120.0000 render_us=540 render_avg=615 render_max=958
[1781490331.295] [AP] SSL=176 DC=-4698 max_raw=266 follower=1163 peak_scaled=0.317 response_gain=3.000 silent_scale=1.000 silence=0 cal_source=config cal_valid=1 cal_reason=none | bpm=86.0 conf=0.25 lock=0 phase=0.59 beat=0 bstr=0.74 | onset=0 bass=1 ostr=0.01
[1781490331.968] [VP] profile=candidate fix=111011 chroma_seq=8804 chroma_flatness=0.1778 chroma_norm_max=0.9125 chroma_norm_mean=0.7347 chroma_final_max=0.3973 chroma_final_mean=0.3103 agc_gain=0.3400 bloom_alpha=0.9900 bloom_shift=1.0000 wave_idle=0.9850 wave_raw_margin=1.1000 wave_peak_floor=0.0800 wave_vu_floor=0.0200 wave_shift=120.0000 render_us=686 render_avg=658 render_max=958
[1781490332.299] [AP] SSL=176 DC=-4698 max_raw=1715 follower=1972 peak_scaled=1.864 response_gain=3.000 silent_scale=1.000 silence=0 cal_source=config cal_valid=1 cal_reason=none | bpm=86.0 conf=0.24 lock=0 phase=0.05 beat=0 bstr=0.59 | onset=0 bass=1 ostr=0.02
[1781490332.968] [VP] profile=candidate fix=111011 chroma_seq=9005 chroma_flatness=0.1001 chroma_norm_max=0.7007 chroma_norm_mean=0.6006 chroma_final_max=0.0604 chroma_final_mean=0.0503 agc_gain=0.3364 bloom_alpha=0.9900 bloom_shift=1.0000 wave_idle=0.9850 wave_raw_margin=1.1000 wave_peak_floor=0.0800 wave_vu_floor=0.0200 wave_shift=120.0000 render_us=700 render_avg=610 render_max=958
[1781490333.304] [AP] SSL=176 DC=-4698 max_raw=222 follower=2156 peak_scaled=0.153 response_gain=3.000 silent_scale=1.000 silence=0 cal_source=config cal_valid=1 cal_reason=none | bpm=81.0 conf=0.37 lock=0 phase=0.41 beat=0 bstr=0.43 | onset=0 bass=1 ostr=0.02
[1781490333.969] [VP] profile=candidate fix=111011 chroma_seq=9206 chroma_flatness=0.1016 chroma_norm_max=0.8898 chroma_norm_mean=0.7881 chroma_final_max=0.0855 chroma_final_mean=0.0745 agc_gain=0.2671 bloom_alpha=0.9900 bloom_shift=1.0000 wave_idle=0.9850 wave_raw_margin=1.1000 wave_peak_floor=0.0800 wave_vu_floor=0.0200 wave_shift=120.0000 render_us=716 render_avg=702 render_max=958
[1781490334.309] [AP] SSL=176 DC=-4698 max_raw=395 follower=2900 peak_scaled=0.214 response_gain=3.000 silent_scale=1.000 silence=0 cal_source=config cal_valid=1 cal_reason=none | bpm=81.0 conf=0.63 lock=1 phase=0.78 beat=0 bstr=0.48 | onset=0 bass=0 ostr=0.00
[1781490334.983] [VP] profile=candidate fix=111011 chroma_seq=9409 chroma_flatness=0.0748 chroma_norm_max=0.5474 chroma_norm_mean=0.4726 chroma_final_max=0.0000 chroma_final_mean=0.0000 agc_gain=0.2764 bloom_alpha=0.9900 bloom_shift=1.0000 wave_idle=0.9850 wave_raw_margin=1.1000 wave_peak_floor=0.0800 wave_vu_floor=0.0200 wave_shift=120.0000 render_us=603 render_avg=590 render_max=958
[1781490335.315] [AP] SSL=176 DC=-4698 max_raw=514 follower=15622 peak_scaled=0.114 response_gain=3.000 silent_scale=1.000 silence=0 cal_source=config cal_valid=1 cal_reason=none | bpm=86.0 conf=0.29 lock=0 phase=0.17 beat=0 bstr=0.48 | onset=0 bass=0 ostr=0.00
[1781490335.983] [VP] profile=candidate fix=111011 chroma_seq=9610 chroma_flatness=0.0510 chroma_norm_max=0.3832 chroma_norm_mean=0.3322 chroma_final_max=0.0000 chroma_final_mean=0.0000 agc_gain=0.1047 bloom_alpha=0.9900 bloom_shift=1.0000 wave_idle=0.9850 wave_raw_margin=1.1000 wave_peak_floor=0.0800 wave_vu_floor=0.0200 wave_shift=120.0000 render_us=601 render_avg=607 render_max=958
[1781490336.320] [AP] SSL=176 DC=-4698 max_raw=266 follower=8502 peak_scaled=0.051 response_gain=3.000 silent_scale=1.000 silence=0 cal_source=config cal_valid=1 cal_reason=none | bpm=86.0 conf=0.52 lock=0 phase=0.59 beat=0 bstr=0.51 | onset=0 bass=1 ostr=0.03
[1781490336.984] [VP] profile=candidate fix=111011 chroma_seq=9810 chroma_flatness=0.0745 chroma_norm_max=1.0239 chroma_norm_mean=0.9494 chroma_final_max=0.0000 chroma_final_mean=0.0000 agc_gain=0.1311 bloom_alpha=0.9900 bloom_shift=1.0000 wave_idle=0.9850 wave_raw_margin=1.1000 wave_peak_floor=0.0800 wave_vu_floor=0.0200 wave_shift=120.0000 render_us=666 render_avg=675 render_max=958
[1781490337.325] [AP] SSL=176 DC=-4698 max_raw=243 follower=7949 peak_scaled=0.052 response_gain=3.000 silent_scale=1.000 silence=0 cal_source=config cal_valid=1 cal_reason=none | bpm=99.0 conf=0.93 lock=1 phase=0.10 beat=0 bstr=0.04 | onset=1 bass=0 ostr=0.00
[1781490337.988] [VP] profile=candidate fix=111011 chroma_seq=10012 chroma_flatness=0.0217 chroma_norm_max=0.1631 chroma_norm_mean=0.1414 chroma_final_max=0.0000 chroma_final_mean=0.0000 agc_gain=0.1241 bloom_alpha=0.9900 bloom_shift=1.0000 wave_idle=0.9850 wave_raw_margin=1.1000 wave_peak_floor=0.0800 wave_vu_floor=0.0200 wave_shift=120.0000 render_us=577 render_avg=605 render_max=958
[1781490338.330] [AP] SSL=176 DC=-4698 max_raw=685 follower=5935 peak_scaled=0.338 response_gain=3.000 silent_scale=1.000 silence=0 cal_source=config cal_valid=1 cal_reason=none | bpm=99.0 conf=0.97 lock=1 phase=0.94 beat=0 bstr=0.09 | onset=0 bass=1 ostr=0.32
[1781490338.988] [VP] profile=candidate fix=111011 chroma_seq=10213 chroma_flatness=0.0885 chroma_norm_max=0.7465 chroma_norm_mean=0.6580 chroma_final_max=0.0275 chroma_final_mean=0.0237 agc_gain=0.1381 bloom_alpha=0.9900 bloom_shift=1.0000 wave_idle=0.9850 wave_raw_margin=1.1000 wave_peak_floor=0.0800 wave_vu_floor=0.0200 wave_shift=120.0000 render_us=710 render_avg=689 render_max=1003
[1781490339.335] [AP] SSL=176 DC=-4698 max_raw=734 follower=12827 peak_scaled=0.139 response_gain=3.000 silent_scale=1.000 silence=0 cal_source=config cal_valid=1 cal_reason=none | bpm=99.0 conf=0.98 lock=1 phase=0.64 beat=0 bstr=0.12 | onset=1 bass=0 ostr=0.00
[1781490339.988] [VP] profile=candidate fix=111011 chroma_seq=10414 chroma_flatness=0.0569 chroma_norm_max=0.3694 chroma_norm_mean=0.3124 chroma_final_max=0.0000 chroma_final_mean=0.0000 agc_gain=0.1375 bloom_alpha=0.9900 bloom_shift=1.0000 wave_idle=0.9850 wave_raw_margin=1.1000 wave_peak_floor=0.0800 wave_vu_floor=0.0200 wave_shift=120.0000 render_us=605 render_avg=615 render_max=1003
[1781490340.339] [AP] SSL=176 DC=-4698 max_raw=318 follower=7101 peak_scaled=0.103 response_gain=3.000 silent_scale=1.000 silence=0 cal_source=config cal_valid=1 cal_reason=none | bpm=99.0 conf=0.98 lock=1 phase=0.24 beat=0 bstr=0.29 | onset=0 bass=0 ostr=0.00
[1781490340.990] [VP] profile=candidate fix=111011 chroma_seq=10614 chroma_flatness=0.0600 chroma_norm_max=0.4494 chroma_norm_mean=0.3894 chroma_final_max=0.0000 chroma_final_mean=0.0000 agc_gain=0.2111 bloom_alpha=0.9900 bloom_shift=1.0000 wave_idle=0.9850 wave_raw_margin=1.1000 wave_peak_floor=0.0800 wave_vu_floor=0.0200 wave_shift=120.0000 render_us=615 render_avg=594 render_max=1003
[1781490341.345] [AP] SSL=176 DC=-4698 max_raw=500 follower=3965 peak_scaled=0.327 response_gain=3.000 silent_scale=1.000 silence=0 cal_source=config cal_valid=1 cal_reason=none | bpm=99.0 conf=0.97 lock=1 phase=0.02 beat=1 bstr=0.26 | onset=1 bass=0 ostr=0.00
[1781490341.993] [VP] profile=candidate fix=111011 chroma_seq=10816 chroma_flatness=0.0308 chroma_norm_max=0.2089 chroma_norm_mean=0.1781 chroma_final_max=0.0000 chroma_final_mean=0.0000 agc_gain=0.1023 bloom_alpha=0.9900 bloom_shift=1.0000 wave_idle=0.9850 wave_raw_margin=1.1000 wave_peak_floor=0.0800 wave_vu_floor=0.0200 wave_shift=120.0000 render_us=583 render_avg=604 render_max=1003
[1781490342.350] [AP] SSL=176 DC=-4698 max_raw=423 follower=3767 peak_scaled=0.170 response_gain=3.000 silent_scale=1.000 silence=0 cal_source=config cal_valid=1 cal_reason=none | bpm=99.0 conf=0.97 lock=1 phase=0.51 beat=0 bstr=0.23 | onset=0 bass=1 ostr=0.02
[1781490342.994] [VP] profile=candidate fix=111011 chroma_seq=11016 chroma_flatness=0.0353 chroma_norm_max=0.3553 chroma_norm_mean=0.3200 chroma_final_max=0.0000 chroma_final_mean=0.0000 agc_gain=0.1142 bloom_alpha=0.9900 bloom_shift=1.0000 wave_idle=0.9850 wave_raw_margin=1.1000 wave_peak_floor=0.0800 wave_vu_floor=0.0200 wave_shift=120.0000 render_us=664 render_avg=613 render_max=1003
[1781490343.355] [AP] SSL=176 DC=-4698 max_raw=441 follower=3528 peak_scaled=0.214 response_gain=3.000 silent_scale=1.000 silence=0 cal_source=config cal_valid=1 cal_reason=none | bpm=99.0 conf=0.97 lock=1 phase=0.21 beat=0 bstr=0.25 | onset=0 bass=0 ostr=0.00
[1781490343.994] [VP] profile=candidate fix=111011 chroma_seq=11217 chroma_flatness=0.0638 chroma_norm_max=0.4846 chroma_norm_mean=0.4208 chroma_final_max=0.0000 chroma_final_mean=0.0000 agc_gain=0.1962 bloom_alpha=0.9900 bloom_shift=1.0000 wave_idle=0.9850 wave_raw_margin=1.1000 wave_peak_floor=0.0800 wave_vu_floor=0.0200 wave_shift=120.0000 render_us=606 render_avg=619 render_max=1003
[1781490344.360] [AP] SSL=176 DC=-4698 max_raw=877 follower=2481 peak_scaled=1.064 response_gain=3.000 silent_scale=1.000 silence=0 cal_source=config cal_valid=1 cal_reason=none | bpm=99.0 conf=0.96 lock=1 phase=0.06 beat=0 bstr=0.12 | onset=1 bass=0 ostr=0.00
[1781490344.994] [VP] profile=candidate fix=111011 chroma_seq=11417 chroma_flatness=0.0282 chroma_norm_max=0.1972 chroma_norm_mean=0.1690 chroma_final_max=0.0000 chroma_final_mean=0.0000 agc_gain=0.1347 bloom_alpha=0.9900 bloom_shift=1.0000 wave_idle=0.9850 wave_raw_margin=1.1000 wave_peak_floor=0.0800 wave_vu_floor=0.0200 wave_shift=120.0000 render_us=588 render_avg=589 render_max=1003
[1781490345.365] [AP] SSL=176 DC=-4698 max_raw=358 follower=2399 peak_scaled=0.221 response_gain=3.000 silent_scale=1.000 silence=0 cal_source=config cal_valid=1 cal_reason=none | bpm=100.0 conf=0.88 lock=1 phase=0.30 beat=0 bstr=0.05 | onset=1 bass=0 ostr=0.00
[1781490345.999] [VP] profile=candidate fix=111011 chroma_seq=11619 chroma_flatness=0.0744 chroma_norm_max=0.5627 chroma_norm_mean=0.4883 chroma_final_max=0.0000 chroma_final_mean=0.0000 agc_gain=0.3062 bloom_alpha=0.9900 bloom_shift=1.0000 wave_idle=0.9850 wave_raw_margin=1.1000 wave_peak_floor=0.0800 wave_vu_floor=0.0200 wave_shift=120.0000 render_us=536 render_avg=616 render_max=1003
[1781490346.369] [AP] SSL=176 DC=-4698 max_raw=417 follower=1418 peak_scaled=0.526 response_gain=3.000 silent_scale=1.000 silence=0 cal_source=config cal_valid=1 cal_reason=none | bpm=105.0 conf=0.90 lock=1 phase=0.12 beat=0 bstr=0.04 | onset=0 bass=0 ostr=0.00
[1781490346.998] [VP] profile=candidate fix=111011 chroma_seq=11819 chroma_flatness=0.1564 chroma_norm_max=0.8470 chroma_norm_mean=0.6906 chroma_final_max=0.2853 chroma_final_mean=0.2256 agc_gain=0.3870 bloom_alpha=0.9900 bloom_shift=1.0000 wave_idle=0.9850 wave_raw_margin=1.1000 wave_peak_floor=0.0800 wave_vu_floor=0.0200 wave_shift=120.0000 render_us=680 render_avg=654 render_max=1003
[1781490347.375] [AP] SSL=176 DC=-4698 max_raw=316 follower=899 peak_scaled=0.466 response_gain=3.000 silent_scale=1.000 silence=0 cal_source=config cal_valid=1 cal_reason=none | bpm=62.0 conf=0.26 lock=0 phase=0.35 beat=0 bstr=0.37 | onset=1 bass=0 ostr=0.00
[1781490347.999] [VP] profile=candidate fix=111011 chroma_seq=12020 chroma_flatness=0.0742 chroma_norm_max=1.0535 chroma_norm_mean=0.9793 chroma_final_max=0.0000 chroma_final_mean=0.0000 agc_gain=0.3366 bloom_alpha=0.9900 bloom_shift=1.0000 wave_idle=0.9850 wave_raw_margin=1.1000 wave_peak_floor=0.0800 wave_vu_floor=0.0200 wave_shift=120.0000 render_us=738 render_avg=663 render_max=1003
[1781490348.381] [AP] SSL=176 DC=-4698 max_raw=510 follower=10208 peak_scaled=0.331 response_gain=3.000 silent_scale=1.000 silence=0 cal_source=config cal_valid=1 cal_reason=none | bpm=87.0 conf=0.71 lock=1 phase=0.61 beat=0 bstr=0.32 | onset=0 bass=0 ostr=0.00
[1781490348.999] [VP] profile=candidate fix=111011 chroma_seq=12221 chroma_flatness=0.0241 chroma_norm_max=0.1343 chroma_norm_mean=0.1102 chroma_final_max=0.0000 chroma_final_mean=0.0000 agc_gain=0.1002 bloom_alpha=0.9900 bloom_shift=1.0000 wave_idle=0.9850 wave_raw_margin=1.1000 wave_peak_floor=0.0800 wave_vu_floor=0.0200 wave_shift=120.0000 render_us=599 render_avg=603 render_max=1003
[1781490349.385] [AP] SSL=176 DC=-4698 max_raw=362 follower=5538 peak_scaled=0.102 response_gain=3.000 silent_scale=1.000 silence=0 cal_source=config cal_valid=1 cal_reason=none | bpm=105.0 conf=0.25 lock=0 phase=0.25 beat=0 bstr=0.21 | onset=0 bass=1 ostr=0.04
[1781490350.004] [VP] profile=candidate fix=111011 chroma_seq=12422 chroma_flatness=0.0520 chroma_norm_max=0.3767 chroma_norm_mean=0.3248 chroma_final_max=0.0000 chroma_final_mean=0.0000 agc_gain=0.2538 bloom_alpha=0.9900 bloom_shift=1.0000 wave_idle=0.9850 wave_raw_margin=1.1000 wave_peak_floor=0.0800 wave_vu_floor=0.0200 wave_shift=120.0000 render_us=535 render_avg=603 render_max=1003
[1781490350.390] [AP] SSL=176 DC=-4698 max_raw=501 follower=4175 peak_scaled=0.465 response_gain=3.000 silent_scale=1.000 silence=0 cal_source=config cal_valid=1 cal_reason=none | bpm=87.0 conf=0.24 lock=0 phase=0.80 beat=0 bstr=0.18 | onset=0 bass=0 ostr=0.00
[1781490351.004] [VP] profile=candidate fix=111011 chroma_seq=12623 chroma_flatness=0.0496 chroma_norm_max=0.4719 chroma_norm_mean=0.4223 chroma_final_max=0.0000 chroma_final_mean=0.0000 agc_gain=0.1189 bloom_alpha=0.9900 bloom_shift=1.0000 wave_idle=0.9850 wave_raw_margin=1.1000 wave_peak_floor=0.0800 wave_vu_floor=0.0200 wave_shift=120.0000 render_us=644 render_avg=610 render_max=1003
[1781490351.395] [AP] SSL=176 DC=-4698 max_raw=363 follower=2796 peak_scaled=0.210 response_gain=3.000 silent_scale=1.000 silence=0 cal_source=config cal_valid=1 cal_reason=none | bpm=87.0 conf=0.25 lock=0 phase=0.24 beat=0 bstr=0.10 | onset=0 bass=0 ostr=0.00
[1781490352.005] [VP] profile=candidate fix=111011 chroma_seq=12823 chroma_flatness=0.1349 chroma_norm_max=0.7863 chroma_norm_mean=0.6514 chroma_final_max=0.1886 chroma_final_mean=0.1515 agc_gain=0.2535 bloom_alpha=0.9900 bloom_shift=1.0000 wave_idle=0.9850 wave_raw_margin=1.1000 wave_peak_floor=0.0800 wave_vu_floor=0.0200 wave_shift=120.0000 render_us=695 render_avg=737 render_max=1003
[1781490352.400] [AP] SSL=176 DC=-4698 max_raw=266 follower=1693 peak_scaled=0.214 response_gain=3.000 silent_scale=1.000 silence=0 cal_source=config cal_valid=1 cal_reason=none | bpm=106.0 conf=0.24 lock=0 phase=0.81 beat=0 bstr=0.05 | onset=0 bass=0 ostr=0.00
[1781490353.009] [VP] profile=candidate fix=111011 chroma_seq=13025 chroma_flatness=0.1291 chroma_norm_max=0.6989 chroma_norm_mean=0.5698 chroma_final_max=0.1470 chroma_final_mean=0.1153 agc_gain=0.2581 bloom_alpha=0.9900 bloom_shift=1.0000 wave_idle=0.9850 wave_raw_margin=1.1000 wave_peak_floor=0.0800 wave_vu_floor=0.0200 wave_shift=120.0000 render_us=660 render_avg=650 render_max=1003
[1781490353.405] [AP] SSL=176 DC=-4698 max_raw=229 follower=1240 peak_scaled=0.711 response_gain=3.000 silent_scale=1.000 silence=0 cal_source=config cal_valid=1 cal_reason=none | bpm=67.0 conf=0.33 lock=0 phase=0.08 beat=0 bstr=0.25 | onset=0 bass=1 ostr=0.02
[1781490354.019] [VP] profile=candidate fix=111011 chroma_seq=13228 chroma_flatness=0.1201 chroma_norm_max=1.0673 chroma_norm_mean=0.9472 chroma_final_max=0.1938 chroma_final_mean=0.1697 agc_gain=0.2150 bloom_alpha=0.9900 bloom_shift=1.0000 wave_idle=0.9850 wave_raw_margin=1.1000 wave_peak_floor=0.0800 wave_vu_floor=0.0200 wave_shift=120.0000 render_us=712 render_avg=695 render_max=1003
[1781490354.410] [AP] SSL=176 DC=-4698 max_raw=2169 follower=6618 peak_scaled=0.957 response_gain=3.000 silent_scale=1.000 silence=0 cal_source=config cal_valid=1 cal_reason=none | bpm=67.0 conf=0.25 lock=0 phase=0.18 beat=0 bstr=0.21 | onset=0 bass=1 ostr=0.04
[1781490355.019] [VP] profile=candidate fix=111011 chroma_seq=13428 chroma_flatness=0.0560 chroma_norm_max=0.2614 chroma_norm_mean=0.2054 chroma_final_max=0.0000 chroma_final_mean=0.0000 agc_gain=0.1000 bloom_alpha=0.9900 bloom_shift=1.0000 wave_idle=0.9850 wave_raw_margin=1.1000 wave_peak_floor=0.0800 wave_vu_floor=0.0200 wave_shift=120.0000 render_us=582 render_avg=647 render_max=1003
[1781490355.415] [AP] SSL=176 DC=-4698 max_raw=757 follower=5107 peak_scaled=0.295 response_gain=3.000 silent_scale=1.000 silence=0 cal_source=config cal_valid=1 cal_reason=none | bpm=66.0 conf=0.30 lock=0 phase=0.64 beat=0 bstr=0.31 | onset=1 bass=0 ostr=0.00
[1781490356.019] [VP] profile=candidate fix=111011 chroma_seq=13629 chroma_flatness=0.0339 chroma_norm_max=0.2244 chroma_norm_mean=0.1905 chroma_final_max=0.0000 chroma_final_mean=0.0000 agc_gain=0.1168 bloom_alpha=0.9900 bloom_shift=1.0000 wave_idle=0.9850 wave_raw_margin=1.1000 wave_peak_floor=0.0800 wave_vu_floor=0.0200 wave_shift=120.0000 render_us=635 render_avg=608 render_max=1003
[1781490356.421] [AP] SSL=176 DC=-4698 max_raw=426 follower=3091 peak_scaled=0.211 response_gain=3.000 silent_scale=1.000 silence=0 cal_source=config cal_valid=1 cal_reason=none | bpm=66.0 conf=0.23 lock=0 phase=0.76 beat=0 bstr=0.25 | onset=1 bass=0 ostr=0.00
[1781490357.033] [VP] profile=candidate fix=111011 chroma_seq=13832 chroma_flatness=0.0816 chroma_norm_max=0.5110 chroma_norm_mean=0.4294 chroma_final_max=0.0034 chroma_final_mean=0.0027 agc_gain=0.2878 bloom_alpha=0.9900 bloom_shift=1.0000 wave_idle=0.9850 wave_raw_margin=1.1000 wave_peak_floor=0.0800 wave_vu_floor=0.0200 wave_shift=120.0000 render_us=675 render_avg=617 render_max=1003
[1781490357.425] [AP] SSL=176 DC=-4698 max_raw=423 follower=5400 peak_scaled=0.165 response_gain=3.000 silent_scale=1.000 silence=0 cal_source=config cal_valid=1 cal_reason=none | bpm=66.0 conf=0.25 lock=0 phase=0.85 beat=0 bstr=0.26 | onset=0 bass=0 ostr=0.00
[1781490358.034] [VP] profile=candidate fix=111011 chroma_seq=14033 chroma_flatness=0.0404 chroma_norm_max=0.2860 chroma_norm_mean=0.2456 chroma_final_max=0.0000 chroma_final_mean=0.0000 agc_gain=0.1087 bloom_alpha=0.9900 bloom_shift=1.0000 wave_idle=0.9850 wave_raw_margin=1.1000 wave_peak_floor=0.0800 wave_vu_floor=0.0200 wave_shift=120.0000 render_us=652 render_avg=617 render_max=1003
[1781490358.431] [AP] SSL=176 DC=-4698 max_raw=921 follower=3443 peak_scaled=0.875 response_gain=3.000 silent_scale=1.000 silence=0 cal_source=config cal_valid=1 cal_reason=none | bpm=66.0 conf=0.45 lock=0 phase=0.96 beat=0 bstr=0.62 | onset=0 bass=1 ostr=0.09
[1781490359.034] [VP] profile=candidate fix=111011 chroma_seq=14233 chroma_flatness=0.1076 chroma_norm_max=0.4873 chroma_norm_mean=0.3797 chroma_final_max=0.0535 chroma_final_mean=0.0386 agc_gain=0.1211 bloom_alpha=0.9900 bloom_shift=1.0000 wave_idle=0.9850 wave_raw_margin=1.1000 wave_peak_floor=0.0800 wave_vu_floor=0.0200 wave_shift=120.0000 render_us=677 render_avg=692 render_max=1003
[1781490359.435] [AP] SSL=176 DC=-4698 max_raw=266 follower=4530 peak_scaled=0.115 response_gain=3.000 silent_scale=1.000 silence=0 cal_source=config cal_valid=1 cal_reason=none | bpm=66.0 conf=0.34 lock=0 phase=0.98 beat=0 bstr=0.62 | onset=0 bass=0 ostr=0.00
[1781490360.039] [VP] profile=candidate fix=111011 chroma_seq=14435 chroma_flatness=0.1391 chroma_norm_max=0.9719 chroma_norm_mean=0.8328 chroma_final_max=0.2579 chroma_final_mean=0.2167 agc_gain=0.1052 bloom_alpha=0.9900 bloom_shift=1.0000 wave_idle=0.9850 wave_raw_margin=1.1000 wave_peak_floor=0.0800 wave_vu_floor=0.0200 wave_shift=120.0000 render_us=643 render_avg=689 render_max=1003
[1781490360.440] [AP] SSL=176 DC=-4698 max_raw=478 follower=6045 peak_scaled=0.192 response_gain=3.000 silent_scale=1.000 silence=0 cal_source=config cal_valid=1 cal_reason=none | bpm=66.0 conf=0.72 lock=1 phase=0.07 beat=0 bstr=0.42 | onset=1 bass=0 ostr=0.00
[1781490361.039] [VP] profile=candidate fix=111011 chroma_seq=14636 chroma_flatness=0.1901 chroma_norm_max=0.7251 chroma_norm_mean=0.5350 chroma_final_max=0.3443 chroma_final_mean=0.2395 agc_gain=0.1000 bloom_alpha=0.9900 bloom_shift=1.0000 wave_idle=0.9850 wave_raw_margin=1.1000 wave_peak_floor=0.0800 wave_vu_floor=0.0200 wave_shift=120.0000 render_us=676 render_avg=675 render_max=1003
[1781490361.445] [AP] SSL=176 DC=-4698 max_raw=431 follower=4237 peak_scaled=0.205 response_gain=3.000 silent_scale=1.000 silence=0 cal_source=config cal_valid=1 cal_reason=none | bpm=66.0 conf=0.89 lock=1 phase=0.86 beat=0 bstr=0.26 | onset=0 bass=1 ostr=0.02
[1781490362.039] [VP] profile=candidate fix=111011 chroma_seq=14837 chroma_flatness=0.1606 chroma_norm_max=0.9308 chroma_norm_mean=0.7703 chroma_final_max=0.3348 chroma_final_mean=0.2701 agc_gain=0.1741 bloom_alpha=0.9900 bloom_shift=1.0000 wave_idle=0.9850 wave_raw_margin=1.1000 wave_peak_floor=0.0800 wave_vu_floor=0.0200 wave_shift=120.0000 render_us=685 render_avg=624 render_max=1003
[1781490362.451] [AP] SSL=176 DC=-4698 max_raw=1110 follower=26396 peak_scaled=0.187 response_gain=3.000 silent_scale=1.000 silence=0 cal_source=config cal_valid=1 cal_reason=none | bpm=75.0 conf=0.32 lock=0 phase=0.19 beat=0 bstr=0.13 | onset=0 bass=0 ostr=0.00
[1781490363.039] [VP] profile=candidate fix=111011 chroma_seq=15038 chroma_flatness=0.0801 chroma_norm_max=1.0634 chroma_norm_mean=0.9833 chroma_final_max=0.0004 chroma_final_mean=0.0003 agc_gain=0.1000 bloom_alpha=0.9900 bloom_shift=1.0000 wave_idle=0.9850 wave_raw_margin=1.1000 wave_peak_floor=0.0800 wave_vu_floor=0.0200 wave_shift=120.0000 render_us=751 render_avg=733 render_max=1003
[1781490363.455] [AP] SSL=176 DC=-4698 max_raw=2775 follower=28029 peak_scaled=0.277 response_gain=3.000 silent_scale=1.000 silence=0 cal_source=config cal_valid=1 cal_reason=none | bpm=75.0 conf=0.87 lock=1 phase=0.42 beat=0 bstr=0.14 | onset=1 bass=0 ostr=0.00
[1781490364.044] [VP] profile=candidate fix=111011 chroma_seq=15240 chroma_flatness=0.0881 chroma_norm_max=0.7637 chroma_norm_mean=0.6756 chroma_final_max=0.0268 chroma_final_mean=0.0233 agc_gain=0.1000 bloom_alpha=0.9900 bloom_shift=1.0000 wave_idle=0.9850 wave_raw_margin=1.1000 wave_peak_floor=0.0800 wave_vu_floor=0.0200 wave_shift=120.0000 render_us=649 render_avg=702 render_max=1003
[1781490364.460] [AP] SSL=176 DC=-4698 max_raw=762 follower=17057 peak_scaled=0.190 response_gain=3.000 silent_scale=1.000 silence=0 cal_source=config cal_valid=1 cal_reason=none | bpm=75.0 conf=0.95 lock=1 phase=0.77 beat=0 bstr=0.31 | onset=1 bass=0 ostr=0.00
[1781490365.045] [VP] profile=candidate fix=111011 chroma_seq=15441 chroma_flatness=0.0206 chroma_norm_max=0.1433 chroma_norm_mean=0.1226 chroma_final_max=0.0000 chroma_final_mean=0.0000 agc_gain=0.1000 bloom_alpha=0.9900 bloom_shift=1.0000 wave_idle=0.9850 wave_raw_margin=1.1000 wave_peak_floor=0.0800 wave_vu_floor=0.0200 wave_shift=120.0000 render_us=663 render_avg=633 render_max=1003
[1781490365.465] [AP] SSL=176 DC=-4698 max_raw=160 follower=9184 peak_scaled=0.028 response_gain=3.000 silent_scale=1.000 silence=0 cal_source=config cal_valid=1 cal_reason=none | bpm=75.0 conf=0.96 lock=1 phase=0.08 beat=0 bstr=0.25 | onset=0 bass=0 ostr=0.00
[1781490366.044] [VP] profile=candidate fix=111011 chroma_seq=15642 chroma_flatness=0.0431 chroma_norm_max=0.2717 chroma_norm_mean=0.2285 chroma_final_max=0.0000 chroma_final_mean=0.0000 agc_gain=0.1012 bloom_alpha=0.9900 bloom_shift=1.0000 wave_idle=0.9850 wave_raw_margin=1.1000 wave_peak_floor=0.0800 wave_vu_floor=0.0200 wave_shift=120.0000 render_us=596 render_avg=614 render_max=1003
[1781490366.469] [AP] SSL=176 DC=-4698 max_raw=272 follower=10067 peak_scaled=0.211 response_gain=3.000 silent_scale=1.000 silence=0 cal_source=config cal_valid=1 cal_reason=none | bpm=75.0 conf=0.85 lock=1 phase=0.34 beat=0 bstr=0.14 | onset=1 bass=0 ostr=0.00
[1781490367.043] [VP] profile=candidate fix=111011 chroma_seq=15843 chroma_flatness=0.0841 chroma_norm_max=0.4118 chroma_norm_mean=0.3277 chroma_final_max=0.0064 chroma_final_mean=0.0047 agc_gain=0.1000 bloom_alpha=0.9900 bloom_shift=1.0000 wave_idle=0.9850 wave_raw_margin=1.1000 wave_peak_floor=0.0800 wave_vu_floor=0.0200 wave_shift=120.0000 render_us=693 render_avg=661 render_max=1003
[1781490367.473] [AP] SSL=176 DC=-4698 max_raw=251 follower=19548 peak_scaled=0.024 response_gain=3.000 silent_scale=1.000 silence=0 cal_source=config cal_valid=1 cal_reason=none | bpm=75.0 conf=0.26 lock=0 phase=0.68 beat=0 bstr=0.27 | onset=0 bass=0 ostr=0.00
[1781490368.047] [VP] profile=candidate fix=111011 chroma_seq=16045 chroma_flatness=0.0194 chroma_norm_max=0.0888 chroma_norm_mean=0.0694 chroma_final_max=0.0000 chroma_final_mean=0.0000 agc_gain=0.1000 bloom_alpha=0.9900 bloom_shift=1.0000 wave_idle=0.9850 wave_raw_margin=1.1000 wave_peak_floor=0.0800 wave_vu_floor=0.0200 wave_shift=120.0000 render_us=526 render_avg=587 render_max=1003
[1781490368.479] [AP] SSL=176 DC=-4698 max_raw=551 follower=11330 peak_scaled=0.166 response_gain=3.000 silent_scale=1.000 silence=0 cal_source=config cal_valid=1 cal_reason=none | bpm=75.0 conf=0.25 lock=0 phase=0.95 beat=0 bstr=0.35 | onset=0 bass=0 ostr=0.00
[1781490369.047] [VP] profile=candidate fix=111011 chroma_seq=16245 chroma_flatness=0.1130 chroma_norm_max=0.4636 chroma_norm_mean=0.3506 chroma_final_max=0.0599 chroma_final_mean=0.0413 agc_gain=0.1018 bloom_alpha=0.9900 bloom_shift=1.0000 wave_idle=0.9850 wave_raw_margin=1.1000 wave_peak_floor=0.0800 wave_vu_floor=0.0200 wave_shift=120.0000 render_us=744 render_avg=708 render_max=1003
[1781490369.482] [AP] SSL=176 DC=-4698 max_raw=4335 follower=10881 peak_scaled=1.391 response_gain=3.000 silent_scale=1.000 silence=0 cal_source=config cal_valid=1 cal_reason=none | bpm=75.0 conf=0.25 lock=0 phase=0.19 beat=0 bstr=0.21 | onset=1 bass=0 ostr=0.00
[1781490370.046] [VP] profile=candidate fix=111011 chroma_seq=16446 chroma_flatness=0.0193 chroma_norm_max=0.1204 chroma_norm_mean=0.1011 chroma_final_max=0.0000 chroma_final_mean=0.0000 agc_gain=0.1000 bloom_alpha=0.9900 bloom_shift=1.0000 wave_idle=0.9850 wave_raw_margin=1.1000 wave_peak_floor=0.0800 wave_vu_floor=0.0200 wave_shift=120.0000 render_us=600 render_avg=592 render_max=1003
[1781490370.487] [AP] SSL=176 DC=-4698 max_raw=206 follower=15640 peak_scaled=0.011 response_gain=3.000 silent_scale=1.000 silence=0 cal_source=config cal_valid=1 cal_reason=none | bpm=101.0 conf=0.24 lock=0 phase=0.47 beat=0 bstr=0.09 | onset=0 bass=0 ostr=0.00
[1781490371.046] [VP] profile=candidate fix=111011 chroma_seq=16647 chroma_flatness=0.0588 chroma_norm_max=0.2111 chroma_norm_mean=0.1523 chroma_final_max=0.0000 chroma_final_mean=0.0000 agc_gain=0.1859 bloom_alpha=0.9900 bloom_shift=1.0000 wave_idle=0.9850 wave_raw_margin=1.1000 wave_peak_floor=0.0800 wave_vu_floor=0.0200 wave_shift=120.0000 render_us=587 render_avg=591 render_max=1003
[1781490371.492] [AP] SSL=176 DC=-4698 max_raw=234 follower=8090 peak_scaled=0.051 response_gain=3.000 silent_scale=1.000 silence=0 cal_source=config cal_valid=1 cal_reason=none | bpm=101.0 conf=0.25 lock=0 phase=0.17 beat=0 bstr=0.08 | onset=1 bass=0 ostr=0.00
[1781490372.051] [VP] profile=candidate fix=111011 chroma_seq=16848 chroma_flatness=0.0498 chroma_norm_max=0.4609 chroma_norm_mean=0.4111 chroma_final_max=0.0000 chroma_final_mean=0.0000 agc_gain=0.4502 bloom_alpha=0.9900 bloom_shift=1.0000 wave_idle=0.9850 wave_raw_margin=1.1000 wave_peak_floor=0.0800 wave_vu_floor=0.0200 wave_shift=120.0000 render_us=597 render_avg=612 render_max=1003
[1781490372.496] [AP] SSL=176 DC=-4698 max_raw=234 follower=4212 peak_scaled=0.050 response_gain=3.000 silent_scale=1.000 silence=0 cal_source=config cal_valid=1 cal_reason=none | bpm=101.0 conf=0.25 lock=0 phase=0.83 beat=0 bstr=0.13 | onset=1 bass=0 ostr=0.00
[1781490373.050] [VP] profile=candidate fix=111011 chroma_seq=17049 chroma_flatness=0.1559 chroma_norm_max=0.6974 chroma_norm_mean=0.5416 chroma_final_max=0.2267 chroma_final_mean=0.1675 agc_gain=0.5320 bloom_alpha=0.9900 bloom_shift=1.0000 wave_idle=0.9850 wave_raw_margin=1.1000 wave_peak_floor=0.0800 wave_vu_floor=0.0200 wave_shift=120.0000 render_us=679 render_avg=679 render_max=1003
[1781490373.501] [AP] SSL=176 DC=-4698 max_raw=234 follower=2225 peak_scaled=0.094 response_gain=3.000 silent_scale=1.000 silence=0 cal_source=config cal_valid=1 cal_reason=none | bpm=101.0 conf=0.21 lock=0 phase=0.53 beat=0 bstr=0.25 | onset=0 bass=1 ostr=0.02
[1781490374.050] [VP] profile=candidate fix=111011 chroma_seq=17250 chroma_flatness=0.0779 chroma_norm_max=0.7761 chroma_norm_mean=0.6982 chroma_final_max=0.0000 chroma_final_mean=0.0000 agc_gain=0.5031 bloom_alpha=0.9900 bloom_shift=1.0000 wave_idle=0.9850 wave_raw_margin=1.1000 wave_peak_floor=0.0800 wave_vu_floor=0.0200 wave_shift=120.0000 render_us=662 render_avg=632 render_max=1003
[1781490374.506] [AP] SSL=176 DC=-4698 max_raw=261 follower=1220 peak_scaled=0.194 response_gain=3.000 silent_scale=1.000 silence=0 cal_source=config cal_valid=1 cal_reason=none | bpm=101.0 conf=0.51 lock=0 phase=0.24 beat=0 bstr=0.66 | onset=1 bass=0 ostr=0.00
[1781490375.051] [VP] profile=candidate fix=111011 chroma_seq=17452 chroma_flatness=0.2016 chroma_norm_max=1.0231 chroma_norm_mean=0.8216 chroma_final_max=0.5611 chroma_final_mean=0.4386 agc_gain=0.5277 bloom_alpha=0.9900 bloom_shift=1.0000 wave_idle=0.9850 wave_raw_margin=1.1000 wave_peak_floor=0.0800 wave_vu_floor=0.0200 wave_shift=120.0000 render_us=784 render_avg=724 render_max=1003
[1781490375.510] [AP] SSL=176 DC=-4698 max_raw=321 follower=3693 peak_scaled=0.180 response_gain=3.000 silent_scale=1.000 silence=0 cal_source=config cal_valid=1 cal_reason=none | bpm=101.0 conf=0.60 lock=1 phase=0.01 beat=0 bstr=0.69 | onset=0 bass=0 ostr=0.00
[1781490376.064] [VP] profile=candidate fix=111011 chroma_seq=17655 chroma_flatness=0.0381 chroma_norm_max=0.2986 chroma_norm_mean=0.2605 chroma_final_max=0.0000 chroma_final_mean=0.0000 agc_gain=0.2464 bloom_alpha=0.9900 bloom_shift=1.0000 wave_idle=0.9850 wave_raw_margin=1.1000 wave_peak_floor=0.0800 wave_vu_floor=0.0200 wave_shift=120.0000 render_us=635 render_avg=594 render_max=1003
[1781490376.515] [AP] SSL=176 DC=-4698 max_raw=311 follower=2013 peak_scaled=0.189 response_gain=3.000 silent_scale=1.000 silence=0 cal_source=config cal_valid=1 cal_reason=none | bpm=101.0 conf=0.77 lock=1 phase=0.63 beat=0 bstr=0.41 | onset=1 bass=0 ostr=0.00
[1781490377.063] [VP] profile=candidate fix=111011 chroma_seq=17856 chroma_flatness=0.1247 chroma_norm_max=0.7866 chroma_norm_mean=0.6620 chroma_final_max=0.1534 chroma_final_mean=0.1255 agc_gain=0.4139 bloom_alpha=0.9900 bloom_shift=1.0000 wave_idle=0.9850 wave_raw_margin=1.1000 wave_peak_floor=0.0800 wave_vu_floor=0.0200 wave_shift=120.0000 render_us=693 render_avg=659 render_max=1003
[1781490377.521] [AP] SSL=176 DC=-4698 max_raw=423 follower=1172 peak_scaled=0.542 response_gain=3.000 silent_scale=1.000 silence=0 cal_source=config cal_valid=1 cal_reason=none | bpm=101.0 conf=0.26 lock=0 phase=0.47 beat=0 bstr=0.20 | onset=0 bass=0 ostr=0.00
[1781490378.063] [VP] profile=candidate fix=111011 chroma_seq=18057 chroma_flatness=0.1427 chroma_norm_max=0.8896 chroma_norm_mean=0.7470 chroma_final_max=0.2474 chroma_final_mean=0.2027 agc_gain=0.4113 bloom_alpha=0.9900 bloom_shift=1.0000 wave_idle=0.9850 wave_raw_margin=1.1000 wave_peak_floor=0.0800 wave_vu_floor=0.0200 wave_shift=120.0000 render_us=672 render_avg=670 render_max=1003
[1781490378.524] [AP] SSL=176 DC=-4698 max_raw=266 follower=772 peak_scaled=0.760 response_gain=3.000 silent_scale=1.000 silence=0 cal_source=config cal_valid=1 cal_reason=none | bpm=101.0 conf=0.24 lock=0 phase=0.13 beat=0 bstr=0.14 | onset=1 bass=0 ostr=0.00
[1781490379.067] [VP] profile=candidate fix=111011 chroma_seq=18259 chroma_flatness=0.0630 chroma_norm_max=0.1894 chroma_norm_mean=0.1264 chroma_final_max=0.0000 chroma_final_mean=0.0000 agc_gain=0.1107 bloom_alpha=0.9900 bloom_shift=1.0000 wave_idle=0.9850 wave_raw_margin=1.1000 wave_peak_floor=0.0800 wave_vu_floor=0.0200 wave_shift=120.0000 render_us=547 render_avg=619 render_max=1003
[1781490379.530] [AP] SSL=176 DC=-4698 max_raw=258 follower=7452 peak_scaled=0.042 response_gain=3.000 silent_scale=1.000 silence=0 cal_source=config cal_valid=1 cal_reason=none | bpm=100.0 conf=0.24 lock=0 phase=0.83 beat=0 bstr=0.24 | onset=0 bass=1 ostr=0.02
[1781490380.068] [VP] profile=candidate fix=111011 chroma_seq=18459 chroma_flatness=0.0906 chroma_norm_max=0.4045 chroma_norm_mean=0.3139 chroma_final_max=0.0161 chroma_final_mean=0.0113 agc_gain=0.2342 bloom_alpha=0.9900 bloom_shift=1.0000 wave_idle=0.9850 wave_raw_margin=1.1000 wave_peak_floor=0.0800 wave_vu_floor=0.0200 wave_shift=120.0000 render_us=665 render_avg=607 render_max=1003
[1781490380.534] [AP] SSL=176 DC=-4698 max_raw=431 follower=7175 peak_scaled=0.179 response_gain=3.000 silent_scale=1.000 silence=0 cal_source=config cal_valid=1 cal_reason=none | bpm=74.0 conf=0.24 lock=0 phase=0.26 beat=0 bstr=0.27 | onset=0 bass=0 ostr=0.00
[1781490381.068] [VP] profile=candidate fix=111011 chroma_seq=18660 chroma_flatness=0.0271 chroma_norm_max=0.2460 chroma_norm_mean=0.2189 chroma_final_max=0.0000 chroma_final_mean=0.0000 agc_gain=0.1290 bloom_alpha=0.9900 bloom_shift=1.0000 wave_idle=0.9850 wave_raw_margin=1.1000 wave_peak_floor=0.0800 wave_vu_floor=0.0200 wave_shift=120.0000 render_us=599 render_avg=592 render_max=1003
[1781490381.540] [AP] SSL=176 DC=-4698 max_raw=134 follower=4381 peak_scaled=0.068 response_gain=3.000 silent_scale=1.000 silence=0 cal_source=config cal_valid=1 cal_reason=none | bpm=74.0 conf=0.33 lock=0 phase=0.48 beat=0 bstr=0.28 | onset=0 bass=1 ostr=0.07
[1781490382.069] [VP] profile=candidate fix=111011 chroma_seq=18861 chroma_flatness=0.0619 chroma_norm_max=0.2689 chroma_norm_mean=0.2070 chroma_final_max=0.0000 chroma_final_mean=0.0000 agc_gain=0.1294 bloom_alpha=0.9900 bloom_shift=1.0000 wave_idle=0.9850 wave_raw_margin=1.1000 wave_peak_floor=0.0800 wave_vu_floor=0.0200 wave_shift=120.0000 render_us=598 render_avg=627 render_max=1003
[1781490382.544] [AP] SSL=176 DC=-4698 max_raw=253 follower=15882 peak_scaled=0.068 response_gain=3.000 silent_scale=1.000 silence=0 cal_source=config cal_valid=1 cal_reason=none | bpm=118.0 conf=0.75 lock=1 phase=0.87 beat=0 bstr=0.13 | onset=0 bass=0 ostr=0.00
[1781490383.081] [VP] profile=candidate fix=111011 chroma_seq=19064 chroma_flatness=0.0229 chroma_norm_max=0.1589 chroma_norm_mean=0.1360 chroma_final_max=0.0000 chroma_final_mean=0.0000 agc_gain=0.1171 bloom_alpha=0.9900 bloom_shift=1.0000 wave_idle=0.9850 wave_raw_margin=1.1000 wave_peak_floor=0.0800 wave_vu_floor=0.0200 wave_shift=120.0000 render_us=607 render_avg=606 render_max=1003
[1781490383.548] [AP] SSL=176 DC=-4698 max_raw=453 follower=8294 peak_scaled=0.116 response_gain=3.000 silent_scale=1.000 silence=0 cal_source=config cal_valid=1 cal_reason=none | bpm=118.0 conf=0.96 lock=1 phase=0.99 beat=0 bstr=0.60 | onset=0 bass=1 ostr=0.04
[1781490384.082] [VP] profile=candidate fix=111011 chroma_seq=19265 chroma_flatness=0.1317 chroma_norm_max=0.5172 chroma_norm_mean=0.3854 chroma_final_max=0.1079 chroma_final_mean=0.0738 agc_gain=0.1661 bloom_alpha=0.9900 bloom_shift=1.0000 wave_idle=0.9850 wave_raw_margin=1.1000 wave_peak_floor=0.0800 wave_vu_floor=0.0200 wave_shift=120.0000 render_us=661 render_avg=673 render_max=1003
[1781490384.552] [AP] SSL=176 DC=-4698 max_raw=188 follower=4549 peak_scaled=0.274 response_gain=3.000 silent_scale=1.000 silence=0 cal_source=config cal_valid=1 cal_reason=none | bpm=118.0 conf=0.96 lock=1 phase=0.86 beat=0 bstr=0.71 | onset=0 bass=1 ostr=0.07
[1781490385.082] [VP] profile=candidate fix=111011 chroma_seq=19466 chroma_flatness=0.0720 chroma_norm_max=0.6337 chroma_norm_mean=0.5617 chroma_final_max=0.0000 chroma_final_mean=0.0000 agc_gain=0.1258 bloom_alpha=0.9900 bloom_shift=1.0000 wave_idle=0.9850 wave_raw_margin=1.1000 wave_peak_floor=0.0800 wave_vu_floor=0.0200 wave_shift=120.0000 render_us=607 render_avg=652 render_max=1003
[1781490385.557] [AP] SSL=176 DC=-4698 max_raw=524 follower=23566 peak_scaled=0.114 response_gain=3.000 silent_scale=1.000 silence=0 cal_source=config cal_valid=1 cal_reason=none | bpm=116.0 conf=0.96 lock=1 phase=0.65 beat=0 bstr=0.30 | onset=1 bass=0 ostr=0.00
[1781490386.096] [VP] profile=candidate fix=111011 chroma_seq=19670 chroma_flatness=0.1420 chroma_norm_max=0.8201 chroma_norm_mean=0.6781 chroma_final_max=0.2234 chroma_final_mean=0.1793 agc_gain=0.1000 bloom_alpha=0.9900 bloom_shift=1.0000 wave_idle=0.9850 wave_raw_margin=1.1000 wave_peak_floor=0.0800 wave_vu_floor=0.0200 wave_shift=120.0000 render_us=708 render_avg=674 render_max=1003
[1781490386.563] [AP] SSL=176 DC=-4698 max_raw=486 follower=35484 peak_scaled=0.113 response_gain=3.000 silent_scale=1.000 silence=0 cal_source=config cal_valid=1 cal_reason=none | bpm=118.0 conf=0.72 lock=1 phase=0.48 beat=0 bstr=0.75 | onset=0 bass=0 ostr=0.00
[1781490387.098] [VP] profile=candidate fix=111011 chroma_seq=19872 chroma_flatness=0.0251 chroma_norm_max=0.2807 chroma_norm_mean=0.2556 chroma_final_max=0.0000 chroma_final_mean=0.0000 agc_gain=0.1000 bloom_alpha=0.9900 bloom_shift=1.0000 wave_idle=0.9850 wave_raw_margin=1.1000 wave_peak_floor=0.0800 wave_vu_floor=0.0200 wave_shift=120.0000 render_us=670 render_avg=625 render_max=1003
[1781490387.567] [AP] SSL=176 DC=-4698 max_raw=1156 follower=37165 peak_scaled=0.133 response_gain=3.000 silent_scale=1.000 silence=0 cal_source=config cal_valid=1 cal_reason=none | bpm=118.0 conf=0.29 lock=0 phase=0.55 beat=0 bstr=0.68 | onset=0 bass=0 ostr=0.00
[1781490388.102] [VP] profile=candidate fix=111011 chroma_seq=20074 chroma_flatness=0.0437 chroma_norm_max=0.2181 chroma_norm_mean=0.1744 chroma_final_max=0.0000 chroma_final_mean=0.0000 agc_gain=0.1000 bloom_alpha=0.9900 bloom_shift=1.0000 wave_idle=0.9850 wave_raw_margin=1.1000 wave_peak_floor=0.0800 wave_vu_floor=0.0200 wave_shift=120.0000 render_us=641 render_avg=637 render_max=1003
[1781490388.572] [AP] SSL=176 DC=-4698 max_raw=201 follower=19276 peak_scaled=0.023 response_gain=3.000 silent_scale=1.000 silence=0 cal_source=config cal_valid=1 cal_reason=none | bpm=78.0 conf=0.25 lock=0 phase=0.94 beat=0 bstr=0.08 | onset=0 bass=1 ostr=0.04
[1781490389.111] [VP] profile=candidate fix=111011 chroma_seq=20276 chroma_flatness=0.0600 chroma_norm_max=0.4158 chroma_norm_mean=0.3558 chroma_final_max=0.0000 chroma_final_mean=0.0000 agc_gain=0.2370 bloom_alpha=0.9900 bloom_shift=1.0000 wave_idle=0.9850 wave_raw_margin=1.1000 wave_peak_floor=0.0800 wave_vu_floor=0.0200 wave_shift=120.0000 render_us=593 render_avg=590 render_max=1003
[1781490389.577] [AP] SSL=176 DC=-4698 max_raw=376 follower=10062 peak_scaled=0.063 response_gain=3.000 silent_scale=1.000 silence=0 cal_source=config cal_valid=1 cal_reason=none | bpm=78.0 conf=0.25 lock=0 phase=0.26 beat=0 bstr=0.06 | onset=0 bass=1 ostr=0.03
[1781490390.111] [VP] profile=candidate fix=111011 chroma_seq=20476 chroma_flatness=0.1090 chroma_norm_max=0.7618 chroma_norm_mean=0.6478 chroma_final_max=0.0973 chroma_final_mean=0.0811 agc_gain=0.4356 bloom_alpha=0.9900 bloom_shift=1.0000 wave_idle=0.9850 wave_raw_margin=1.1000 wave_peak_floor=0.0800 wave_vu_floor=0.0200 wave_shift=120.0000 render_us=681 render_avg=706 render_max=1003
[1781490390.582] [AP] SSL=176 DC=-4698 max_raw=560 follower=5363 peak_scaled=0.197 response_gain=3.000 silent_scale=1.000 silence=0 cal_source=config cal_valid=1 cal_reason=none | bpm=78.0 conf=0.25 lock=0 phase=0.55 beat=0 bstr=0.04 | onset=0 bass=1 ostr=0.02
[1781490391.110] [VP] profile=candidate fix=111011 chroma_seq=20677 chroma_flatness=0.2046 chroma_norm_max=0.8121 chroma_norm_mean=0.6075 chroma_final_max=0.4436 chroma_final_mean=0.3162 agc_gain=0.1909 bloom_alpha=0.9900 bloom_shift=1.0000 wave_idle=0.9850 wave_raw_margin=1.1000 wave_peak_floor=0.0800 wave_vu_floor=0.0200 wave_shift=120.0000 render_us=674 render_avg=650 render_max=1003
[1781490391.586] [AP] SSL=176 DC=-4698 max_raw=313 follower=3062 peak_scaled=0.213 response_gain=3.000 silent_scale=1.000 silence=0 cal_source=config cal_valid=1 cal_reason=none | bpm=78.0 conf=0.25 lock=0 phase=0.86 beat=0 bstr=0.06 | onset=0 bass=0 ostr=0.00
[1781490392.115] [VP] profile=candidate fix=111011 chroma_seq=20879 chroma_flatness=0.1606 chroma_norm_max=0.5297 chroma_norm_mean=0.3690 chroma_final_max=0.1732 chroma_final_mean=0.1085 agc_gain=0.1801 bloom_alpha=0.9900 bloom_shift=1.0000 wave_idle=0.9850 wave_raw_margin=1.1000 wave_peak_floor=0.0800 wave_vu_floor=0.0200 wave_shift=120.0000 render_us=639 render_avg=650 render_max=1003
[1781490392.592] [AP] SSL=176 DC=-4698 max_raw=279 follower=2373 peak_scaled=0.143 response_gain=3.000 silent_scale=1.000 silence=0 cal_source=config cal_valid=1 cal_reason=none | bpm=101.0 conf=0.75 lock=1 phase=0.28 beat=0 bstr=0.03 | onset=1 bass=0 ostr=0.00
[1781490393.115] [VP] profile=candidate fix=111011 chroma_seq=21080 chroma_flatness=0.1142 chroma_norm_max=0.6843 chroma_norm_mean=0.5700 chroma_final_max=0.1001 chroma_final_mean=0.0805 agc_gain=0.4226 bloom_alpha=0.9900 bloom_shift=1.0000 wave_idle=0.9850 wave_raw_margin=1.1000 wave_peak_floor=0.0800 wave_vu_floor=0.0200 wave_shift=120.0000 render_us=654 render_avg=653 render_max=1003
[1781490393.347] >>> :smart_status
[1781490393.354] sbr{{
[1781490393.354] SMART_ASSIST: off
[1781490393.354] SMART_SWITCHING: off
[1781490393.354] SMART_DIRECTOR_AUTONOMY: off
[1781490393.354] SMART_HOOKS: off
[1781490393.354] SMART_CONFIDENCE_FLOOR: 0.080
[1781490393.355] SMART_APPLIED_MODE: 3
[1781490393.355] SMART_LAST_REQUESTED_MODE: 3
[1781490393.355] SMART_SWITCHES_IN_WINDOW: 0
[1781490393.355] SMART_MANUAL_OWNER_ACTIVE: 0
[1781490393.355] SMART_LAST_REASON: 0
[1781490393.355] SMART_STATE: 0
[1781490393.355] SMART_INTENT_MODE: 3
[1781490393.355] SMART_INTENT_CONFIDENCE: 0.000
[1781490393.355] SMART_INTENT_WANTS_SWITCH: 0
[1781490393.355] SMART_SCALAR_PHOTONS: 1.000
[1781490393.356] SMART_SCALAR_CHROMA: 1.000
[1781490393.356] SMART_SCALAR_MOOD: 1.000
[1781490393.356] SMART_SCALAR_SATURATION: 1.000
[1781490393.356] SMART_PALETTE_OVERLAY: 0
[1781490393.356] SMART_PALETTE_INDEX: 0
[1781490393.356] SMART_AUTO_COLOUR_SHIFT: 0
[1781490393.356] SMART_MIN_DWELL_MS: 8000
[1781490393.356] SMART_COOLDOWN_MS: 20000
[1781490393.356] SMART_SWITCH_WINDOW_MS: 60000
[1781490393.356] SMART_MAX_SWITCHES: 2
[1781490393.357] SMART_AUDIO_NOVELTY: 0.0055
[1781490393.357] SMART_AUDIO_ENERGY: 0.4386
[1781490393.357] SMART_EVENT_ID: 1158
[1781490393.357] SMART_EVENT_AGE_MS: 80
[1781490393.357] SMART_ONSET: 1
[1781490393.357] SMART_BASS_ONSET: 0
[1781490393.357] SMART_BEAT_CONFIDENCE: 0.000
[1781490393.357] SMART_TRANSIENT: 0
[1781490393.357] SMART_KICK: 0
[1781490393.357] SMART_SNARE: 0
[1781490393.357] SMART_HIHAT: 0
[1781490393.358] SMART_TRANSIENT_LEVEL: 0.190
[1781490393.358] SMART_KICK_LEVEL: 0.001
[1781490393.358] SMART_SNARE_LEVEL: 0.111
[1781490393.358] SMART_HIHAT_LEVEL: 0.074
[1781490393.358] SMART_SNARE_EVENT_ID: 392
[1781490393.358] SMART_HIHAT_EVENT_ID: 922
[1781490393.358] }}
[1781490393.597] [AP] SSL=176 DC=-4698 max_raw=207 follower=4749 peak_scaled=0.230 response_gain=3.000 silent_scale=1.000 silence=0 cal_source=config cal_valid=1 cal_reason=none | bpm=78.0 conf=0.71 lock=1 phase=0.77 beat=0 bstr=0.03 | onset=1 bass=0 ostr=0.00
[1781490394.054] >>> :dump
[1781490394.074] sbr{{
[1781490394.074] FIRMWARE_VERSION: 40103
[1781490394.075] CHIP ID: F887A500
[1781490394.075] noise_button.pressed: 0
[1781490394.075] noise_button.last_down: 0
[1781490394.075] noise_button.last_up: 0
[1781490394.075] noise_button.pin: 255
[1781490394.075] mode_button.pressed: 0
[1781490394.075] mode_button.last_down: 0
[1781490394.075] mode_button.last_up: 0
[1781490394.075] mode_button.pin: 255
[1781490394.075] CONFIG.PHOTONS: 0.650000
[1781490394.075] CONFIG.CHROMA: 0.000000
[1781490394.076] CONFIG.MOOD: 0.150000
[1781490394.076] CONFIG.LIGHTSHOW_MODE: 8
[1781490394.076] CONFIG.MIRROR_ENABLED: 1
[1781490394.076] CONFIG.CHROMAGRAM_RANGE: 60
[1781490394.076] CONFIG.SAMPLE_RATE: 12800
[1781490394.076] CONFIG.NOTE_OFFSET: 12
[1781490394.076] CONFIG.SQUARE_ITER: 1.00
[1781490394.076] CONFIG.LED_TYPE: 0
[1781490394.077] CONFIG.LED_COUNT: 160
[1781490394.077] CONFIG.LED_COLOR_ORDER: 66
[1781490394.077] CONFIG.SAMPLES_PER_CHUNK: 96
[1781490394.077] CONFIG.SENSITIVITY: 2.400000
[1781490394.077] AUDIO_RESPONSE_GAIN: 3.000000
[1781490394.077] CONFIG.BOOT_ANIMATION: 1
[1781490394.077] CONFIG.SWEET_SPOT_MIN_LEVEL: 176
[1781490394.078] CONFIG.SWEET_SPOT_MAX_LEVEL: 30000
[1781490394.078] CONFIG.DC_OFFSET: -4698
[1781490394.078] CAL_SOURCE: config
[1781490394.078] CAL_VALID: 1
[1781490394.078] CAL_PROFILE_LOADED: 0
[1781490394.078] NOISE_CAL_REASON: none
[1781490394.078] NOISE_CAL_DC_SAMPLES: 0
[1781490394.078] NOISE_CAL_SSL_P50: 0.0
[1781490394.078] NOISE_CAL_SSL_P90: 0.0
[1781490394.078] CONFIG.STANDBY_DIMMING: 0
[1781490394.079] CONFIG.REVERSE_ORDER: 0
[1781490394.079] CONFIG.MAX_CURRENT_MA: 1500
[1781490394.079] CONFIG.TEMPORAL_DITHERING: 1
[1781490394.079] CONFIG.AUTO_COLOR_SHIFT: 0
[1781490394.079] CONFIG.INCANDESCENT_FILTER: 0.00
[1781490394.079] CONFIG.INCANDESCENT_MODE: 0
[1781490394.079] CONFIG.BULB_OPACITY: 0.00
[1781490394.079] CONFIG.SATURATION: 1.00
[1781490394.079] CONFIG.PRISM_COUNT: 1.00
[1781490394.080] CONFIG.BASE_COAT: 0
[1781490394.080] CONFIG.BASE_COAT_INTENSITY: 0.000
[1781490394.080] MASTER_BRIGHTNESS: 1.00
[1781490394.080] stream_audio: 0
[1781490394.080] stream_fps: 0
[1781490394.080] stream_max_mags: 0
[1781490394.080] stream_max_mags_followers: 0
[1781490394.080] stream_magnitudes: 0
[1781490394.080] stream_spectrogram: 0
[1781490394.080] stream_chromagram: 0
[1781490394.080] debug_mode: 0
[1781490394.080] noise_complete: 1
[1781490394.080] noise_iterations: 0
[1781490394.080] next_save_time: 0
[1781490394.080] settings_updated: 0
[1781490394.080] I2S_PORT: 0
[1781490394.081] SAMPLE_HISTORY_LENGTH: 4096
[1781490394.081] silence: 0
[1781490394.081] mode_destination: -1
[1781490394.081] SYSTEM_FPS: 165.87
[1781490394.081] LED_FPS: 201.17
[1781490394.081] }}
[1781490394.117] [VP] profile=candidate fix=111011 chroma_seq=21281 chroma_flatness=0.1137 chroma_norm_max=0.5943 chroma_norm_mean=0.4806 chroma_final_max=0.0833 chroma_final_mean=0.0641 agc_gain=0.3103 bloom_alpha=0.9900 bloom_shift=1.0000 wave_idle=0.9850 wave_raw_margin=1.1000 wave_peak_floor=0.0800 wave_vu_floor=0.0200 wave_shift=120.0000 render_us=664 render_avg=650 render_max=1003
[1781490394.603] [AP] SSL=176 DC=-4698 max_raw=239 follower=2625 peak_scaled=0.165 response_gain=3.000 silent_scale=1.000 silence=0 cal_source=config cal_valid=1 cal_reason=none | bpm=78.0 conf=0.24 lock=0 phase=0.09 beat=0 bstr=0.03 | onset=0 bass=0 ostr=0.00
[1781490394.764] >>> :ap_stream=off
[1781490394.775] sbr{{
[1781490394.775] AP_STREAM: off
[1781490394.775] }}
[1781490395.121] [VP] profile=candidate fix=111011 chroma_seq=21483 chroma_flatness=0.1251 chroma_norm_max=0.6119 chroma_norm_mean=0.4869 chroma_final_max=0.1154 chroma_final_mean=0.0872 agc_gain=0.3450 bloom_alpha=0.9900 bloom_shift=1.0000 wave_idle=0.9850 wave_raw_margin=1.1000 wave_peak_floor=0.0800 wave_vu_floor=0.0200 wave_shift=120.0000 render_us=654 render_avg=651 render_max=1003
[1781490395.474] >>> :vp_stream=off
[1781490395.494] sbr{{
[1781490395.494] VP_STREAM: off
[1781490395.494] }}
[1781490396.183] >>> :ap_stream=off
[1781490396.189] sbr{{
[1781490396.189] AP_STREAM: off
[1781490396.189] }}
[1781490396.336] >>> :vp_stream=off
[1781490396.349] sbr{{
[1781490396.349] VP_STREAM: off
[1781490396.349] }}
[1781490396.491] >>> :vp_perf=stop
[1781490396.504] sbr{{
[1781490396.504] VP_PERF: disabled (compile with ENABLE_VP_PERF_AUDIT=1)
[1781490396.504] }}
[1781490396.644] >>> :stop
[1781490396.664] SBOK
