K1DF_BEGIN,ver=1,records=48,captured=48,dropped=0,corrupt=0,overflowed=0,payload_max=512,chunk_bytes=96
K1DFR,ver=1,seq=1,kind=2,frame=36,t_us=2242712625,flags=0,len=512,crc=0x68BAA8C8,chunks=6
K1DFC,ver=1,seq=1,idx=0,off=0,len=96,crc=0x5AE9BE62,hex=00FA0000A000E001320100001F000000590F0000390D000000000000000000001F06000D020003000000000000000000000000000000000000000000000000000000000000000000000000000000000000000000000000000000000000000000
K1DFC,ver=1,seq=1,idx=1,off=96,len=96,crc=0xBAF465AE,hex=000000000000000000000000000000000000000000000000000000000000000000000000000000000000000000000000000000000000000000000000000000000000000000000000000000000000000000000000000000000000000000000000
K1DFC,ver=1,seq=1,idx=2,off=192,len=96,crc=0xF4072253,hex=00000000000000000000000000000000000000000000000000000000000000000000000000000A03001F0B014018026C2904A53F067F32055423033519022315021E16022C210449360774570B98710E98710E74570B4936072C21041E160223
K1DFC,ver=1,seq=1,idx=3,off=288,len=96,crc=0xF45CC892,hex=15023519025423037F3205A53F066C29044018021F0B010A030000000000000000000000000000000000000000000000000000000000000000000000000000000000000000000000000000000000000000000000000000000000000000000000
K1DFC,ver=1,seq=1,idx=4,off=384,len=96,crc=0xBAF465AE,hex=000000000000000000000000000000000000000000000000000000000000000000000000000000000000000000000000000000000000000000000000000000000000000000000000000000000000000000000000000000000000000000000000
K1DFC,ver=1,seq=1,idx=5,off=480,len=32,crc=0xA7F96A1D,hex=00000000000000000000000000000000000000000000000300000D02001F0600
K1DFR,ver=1,seq=2,kind=2,frame=36,t_us=2242712625,flags=0,len=512,crc=0x54451AC9,chunks=6
K1DFC,ver=1,seq=2,idx=0,off=0,len=96,crc=0x394D56AE,hex=01FA0000A000E0013201000013000000590F0000390D000000000000000000001303000B020005010001000000000000000000000000000000000000000000000000000000000000000000000000000000000000000000000000000000000000
K1DFC,ver=1,seq=2,idx=1,off=96,len=96,crc=0x5F140E81,hex=0000000000000000000000000000000000000000000000000000000000000000000000000000000000000000000000000000000000000000000000000000000000000000010000090700191302312504503D08785B0CA87F10916E0E694F0A49
K1DFC,ver=1,seq=2,idx=2,off=192,len=96,crc=0x88C6023D,hex=3707332605251C03201803241B032D2104382905433106402E063827053121042B1C03271702231402211102200F01200D01210D011D0B011909011608001307001407001C0A012A10013F17025922035922033F17022A10011C0A0114070013
K1DFC,ver=1,seq=2,idx=3,off=288,len=96,crc=0x2D4910AE,hex=07001608001909011D0B01210D01200D01200F012111022314022717022B1C03312104382705402E064331063829052D2104241B03201803251C03332605493707694F0A916E0EA87F10785B0C503D0831250419130209070001000000000000
K1DFC,ver=1,seq=2,idx=4,off=384,len=96,crc=0xBAF465AE,hex=000000000000000000000000000000000000000000000000000000000000000000000000000000000000000000000000000000000000000000000000000000000000000000000000000000000000000000000000000000000000000000000000
K1DFC,ver=1,seq=2,idx=5,off=480,len=32,crc=0x21D8B15A,hex=00000000000000000000000000000000000000000100000501000B0200130300
K1DFR,ver=1,seq=3,kind=2,frame=72,t_us=2242890706,flags=0,len=512,crc=0xFE4FDC56,chunks=6
K1DFC,ver=1,seq=3,idx=0,off=0,len=96,crc=0xCB3B55B5,hex=00FA0000A000E0015D01000022000000570F0000350D00000000000000000000DE4607DA4D089139065628043A2104302204372A054735075943085741084734063929052D20042418031C1102170C011309011207001307001207001006000D
K1DFC,ver=1,seq=3,idx=1,off=96,len=96,crc=0xBBA3DB88,hex=05000B040009030008030006020004010003010002010001000001000000000000000000000000000000000000000000000000000000000000000000000000000000000000000000000000000000000000000000000000000000000000000000
K1DFC,ver=1,seq=3,idx=2,off=192,len=96,crc=0x66556ABD,hex=00000000000000000000000000000000000000000000000000000000000000000000000000000000000000000000000000000000000000000000000000000000000000000201000A0701171102291F04291F041711020A070102010000000000
K1DFC,ver=1,seq=3,idx=3,off=288,len=96,crc=0xBAF465AE,hex=000000000000000000000000000000000000000000000000000000000000000000000000000000000000000000000000000000000000000000000000000000000000000000000000000000000000000000000000000000000000000000000000
K1DFC,ver=1,seq=3,idx=4,off=384,len=96,crc=0xBDA14D13,hex=00000000000000000000000000000000000000000000000000000000000000000000000100000100000201000301000401000602000803000903000B04000D0500100600120700130700120700130901170C011C11022418032D200439290547
K1DFC,ver=1,seq=3,idx=5,off=480,len=32,crc=0x0722191B,hex=3406574108594308473507372A053022043A2104562804913906DA4D08DE4607
K1DFR,ver=1,seq=4,kind=2,frame=72,t_us=2242890706,flags=0,len=512,crc=0xEFFC2CC8,chunks=6
K1DFC,ver=1,seq=4,idx=0,off=0,len=96,crc=0xC12BA1C0,hex=01FA0000A000E0015D01000013000000570F0000350D000000000000000000005817024B2003513106694C0A95710ED19F14BD90128A680D614A094434063226052C21043024043C2D064A3707594208553F084835063D2C053324042B1D0324
K1DFC,ver=1,seq=4,idx=1,off=96,len=96,crc=0x2AB5B03B,hex=17021E12021A0E01170B011509011207000F05000D05000B04000A030008030007020005020004010003010002010001000001000000000000000000000000000000000000000000000000000000000000000000000000000000000000000000
K1DFC,ver=1,seq=4,idx=2,off=192,len=96,crc=0x57E939C9,hex=00000000000000000000000000000000000000000000000000000000000000000000000000000000000000000000000000000000000000000000000000000000000100000602000D0500170800230D01230D011708000D050006020001000000
K1DFC,ver=1,seq=4,idx=3,off=288,len=96,crc=0xBAF465AE,hex=000000000000000000000000000000000000000000000000000000000000000000000000000000000000000000000000000000000000000000000000000000000000000000000000000000000000000000000000000000000000000000000000
K1DFC,ver=1,seq=4,idx=4,off=384,len=96,crc=0xCCF35FC2,hex=00000000000000000000000100000100000201000301000401000502000702000803000A03000B04000D05000F0500120700150901170B011A0E011E12022417022B1D033324043D2C05483506553F085942084A37073C2D063024042C210432
K1DFC,ver=1,seq=4,idx=5,off=480,len=32,crc=0xE6F2B9A7,hex=2605443406614A098A680DBD9012D19F1495710E694C0A5131064B2003581702
K1DFR,ver=1,seq=5,kind=2,frame=108,t_us=2243068610,flags=0,len=512,crc=0xE540AD8B,chunks=6
K1DFC,ver=1,seq=5,idx=0,off=0,len=96,crc=0x03384C9D,hex=00FA0000A000E0011D0100001E000000570F0000350D000000000000000000001F06000D020003000000000000000000000000000000000000000000000000000000000000000000000000000000000000000000000000000000000000000000
K1DFC,ver=1,seq=5,idx=1,off=96,len=96,crc=0xBAF465AE,hex=000000000000000000000000000000000000000000000000000000000000000000000000000000000000000000000000000000000000000000000000000000000000000000000000000000000000000000000000000000000000000000000000
K1DFC,ver=1,seq=5,idx=2,off=192,len=96,crc=0x97D7DD04,hex=00000000000000000000000000000301001106002C1001521F03853205A33E066C2904401802200C010D05000703000B0500100901180E012014022B1B03362204432B05553807593C075C4008694A09694A095C4008593C07553807432B0536
K1DFC,ver=1,seq=5,idx=3,off=288,len=96,crc=0x498CD2AA,hex=22042B1B03201402180E011009010B05000703000D0500200C014018026C2904A33E06853205521F032C100111060003010000000000000000000000000000000000000000000000000000000000000000000000000000000000000000000000
K1DFC,ver=1,seq=5,idx=4,off=384,len=96,crc=0xBAF465AE,hex=000000000000000000000000000000000000000000000000000000000000000000000000000000000000000000000000000000000000000000000000000000000000000000000000000000000000000000000000000000000000000000000000
K1DFC,ver=1,seq=5,idx=5,off=480,len=32,crc=0xA7F96A1D,hex=00000000000000000000000000000000000000000000000300000D02001F0600
K1DFR,ver=1,seq=6,kind=2,frame=108,t_us=2243068610,flags=0,len=512,crc=0x0F511C29,chunks=6
K1DFC,ver=1,seq=6,idx=0,off=0,len=96,crc=0x3A9F049E,hex=01FA0000A000E0011D01000013000000570F0000350D000000000000000000001303000B020005010001000000000000000000000000000000000000000000000000000000000000000000000000000000000000000000000000000000000000
K1DFC,ver=1,seq=6,idx=1,off=96,len=96,crc=0xBAF465AE,hex=000000000000000000000000000000000000000000000000000000000000000000000000000000000000000000000000000000000000000000000000000000000000000000000000000000000000000000000000000000000000000000000000
K1DFC,ver=1,seq=6,idx=2,off=192,len=96,crc=0x9E8B23CA,hex=00000000000000000000000000000000000000000000000000000000000000000000000000000000000000000000000000000000000101000906001711022D22044C390776560BAC7B109F6C0D925C0B925C0B9F6C0DAC7B1076560B4C39072D
K1DFC,ver=1,seq=6,idx=3,off=288,len=96,crc=0xAA12F4A2,hex=220417110209060001010000000000000000000000000000000000000000000000000000000000000000000000000000000000000000000000000000000000000000000000000000000000000000000000000000000000000000000000000000
K1DFC,ver=1,seq=6,idx=4,off=384,len=96,crc=0xBAF465AE,hex=000000000000000000000000000000000000000000000000000000000000000000000000000000000000000000000000000000000000000000000000000000000000000000000000000000000000000000000000000000000000000000000000
K1DFC,ver=1,seq=6,idx=5,off=480,len=32,crc=0x21D8B15A,hex=00000000000000000000000000000000000000000100000501000B0200130300
K1DFR,ver=1,seq=7,kind=2,frame=144,t_us=2243247718,flags=0,len=512,crc=0xD858816D,chunks=6
K1DFC,ver=1,seq=7,idx=0,off=0,len=96,crc=0x08591163,hex=00FA0000A000E0016301000026000000590F0000380D000000000000000000001F06000D020003000000000000000000000000000000000000000000000000000000000000000000000000000000000000000000000000000000000000000000
K1DFC,ver=1,seq=7,idx=1,off=96,len=96,crc=0x197F4E18,hex=00000000000000000000000000000000000000000000000000000000000000000000000000000000000000000000000000000000000000000702001B0A013D17026C2904A94006A23F066D2D044620032E1A03251A032A1F0436290544330643
K1DFC,ver=1,seq=7,idx=2,off=192,len=96,crc=0x80E0B2C9,hex=32063728052D20042419031D1302180E01140B011208001207001307001207001006000D05000B04000903000803000602000401000301000201000100000100000000000202000A0701171102291F04291F041711020A070102020000000001
K1DFC,ver=1,seq=7,idx=3,off=288,len=96,crc=0xAC982D57,hex=00000100000201000301000401000602000803000903000B04000D0500100600120700130700120700120800140B01180E011D13022419032D20043728054332064433063629052A1F04251A032E1A034620036D2D04A23F06A940066C29043D
K1DFC,ver=1,seq=7,idx=4,off=384,len=96,crc=0x34DB71BA,hex=17021B0A0107020000000000000000000000000000000000000000000000000000000000000000000000000000000000000000000000000000000000000000000000000000000000000000000000000000000000000000000000000000000000
K1DFC,ver=1,seq=7,idx=5,off=480,len=32,crc=0xA7F96A1D,hex=00000000000000000000000000000000000000000000000300000D02001F0600
K1DFR,ver=1,seq=8,kind=2,frame=144,t_us=2243247718,flags=0,len=512,crc=0xBEC2AAE2,chunks=6
K1DFC,ver=1,seq=8,idx=0,off=0,len=96,crc=0xBA4CD075,hex=01FA0000A000E0016301000015000000590F0000380D000000000000000000001303000B02000501000100000000000000000000000000000000000000000000000000000000000000000000000000000907001B140235280559440887660DBE
K1DFC,ver=1,seq=8,idx=1,off=96,len=96,crc=0x9CD22D55,hex=9013B1861181620C5B45093F30062E2304271E032B2004362805423106503B074D39074230063828052F2104271A032115021C1102190D01160B011509011207000F06000D05000B04000A030008030007020005020004010003010002010001
K1DFC,ver=1,seq=8,idx=2,off=192,len=96,crc=0x33D35F13,hex=00000100000000000000000000000000000000000000000000000000000000000000000000000000000000000000000000000000000000000000000000000000000100000602000D0500170800230D01230D011708000D050006020001000000
K1DFC,ver=1,seq=8,idx=3,off=288,len=96,crc=0xDDAA3226,hex=00000000000000000000000000000000000000000000000000000000000000000000000000000000000000000000000000000000000000000000000100000100000201000301000401000502000702000803000A03000B04000D05000F060012
K1DFC,ver=1,seq=8,idx=4,off=384,len=96,crc=0x22ADFBF1,hex=0700150901160B01190D011C1102211502271A032F21043828054230064D3907503B074231063628052B2004271E032E23043F30065B450981620CB18611BE901387660D5944083528051B140209070000000000000000000000000000000000
K1DFC,ver=1,seq=8,idx=5,off=480,len=32,crc=0x21D8B15A,hex=00000000000000000000000000000000000000000100000501000B0200130300
K1DFR,ver=1,seq=9,kind=2,frame=180,t_us=2243425685,flags=0,len=512,crc=0xFC6106E8,chunks=6
K1DFC,ver=1,seq=9,idx=0,off=0,len=96,crc=0x34DB4AD2,hex=00FA0000A000E0015E01000021000000550F0000330D00000000000000000000701602320A000C0200000000030100140700351402652604A43E06D95308963A066028043B1D03281903261C03322504413106523D085841084935073C2B0530
K1DFC,ver=1,seq=9,idx=1,off=96,len=96,crc=0xD0880F08,hex=2104271A032013021A0E01170B011609011207000F05000D05000B040009030007020006020004010003010002000001000000000000000000000000000000000000000000000000000000000000000000000000000000000000000000000000
K1DFC,ver=1,seq=9,idx=2,off=192,len=96,crc=0x66556ABD,hex=00000000000000000000000000000000000000000000000000000000000000000000000000000000000000000000000000000000000000000000000000000000000000000201000A0701171102291F04291F041711020A070102010000000000
K1DFC,ver=1,seq=9,idx=3,off=288,len=96,crc=0xBAF465AE,hex=000000000000000000000000000000000000000000000000000000000000000000000000000000000000000000000000000000000000000000000000000000000000000000000000000000000000000000000000000000000000000000000000
K1DFC,ver=1,seq=9,idx=4,off=384,len=96,crc=0xA1BEA4B2,hex=00000000000000000000000000000100000200000301000401000602000702000903000B04000D05000F0500120700160901170B011A0E01201302271A033021043C2B05493507584108523D08413106322504261C032819033B1D0360280496
K1DFC,ver=1,seq=9,idx=5,off=480,len=32,crc=0x219B3207,hex=3A06D95308A43E066526043514021407000301000000000C0200320A00701602
K1DFR,ver=1,seq=10,kind=2,frame=180,t_us=2243425685,flags=0,len=512,crc=0x3083C3BB,chunks=6
K1DFC,ver=1,seq=10,idx=0,off=0,len=96,crc=0xFA1B1E36,hex=01FA0000A000E0015E01000013000000550F0000330D00000000000000000000490E012A080014040006010000000000000000000000000000000000000000000000000000000000000000000000000000000000000000000000000000000000
K1DFC,ver=1,seq=10,idx=1,off=96,len=96,crc=0xD9D7BF53,hex=0000000000040300120D01281E044736076F540BA17A10C092138F6C0E674E0A4937073528052B20042B2004342705402F064D39074936073F2D053526042D1F042619032114021C1002190D01170B011509011107000E05000C04000B040009
K1DFC,ver=1,seq=10,idx=2,off=192,len=96,crc=0xA6188979,hex=03000702000602000501000401000301000200000100000000000000000000000000000000000000000000000000000000000000000000000000000000000000000100000602000D0500170800230D01230D011708000D050006020001000000
K1DFC,ver=1,seq=10,idx=3,off=288,len=96,crc=0x56575906,hex=00000000000000000000000000000000000000000000000000000000000000000000000000000000000100000200000301000401000501000602000702000903000B04000C04000E0500110700150901170B01190D011C10022114022619032D
K1DFC,ver=1,seq=10,idx=4,off=384,len=96,crc=0xA5BEBB02,hex=1F043526043F2D054936074D3907402F063427052B20042B2004352805493707674E0A8F6C0EC09213A17A106F540B473607281E04120D0104030000000000000000000000000000000000000000000000000000000000000000000000000000
K1DFC,ver=1,seq=10,idx=5,off=480,len=32,crc=0x4257F4CC,hex=00000000000000000000000000000000000000000601001404002A0800490E01
K1DFR,ver=1,seq=11,kind=2,frame=216,t_us=2243603588,flags=0,len=512,crc=0x623BF005,chunks=6
K1DFC,ver=1,seq=11,idx=0,off=0,len=96,crc=0xB17F549F,hex=00FA0000A000E0010E0100001F0000005B0F0000390D000000000000000000001F06000D020003000000000000000000000000000000000000000000000000000000000000000000000000000000000000000000000000000000000000000000
K1DFC,ver=1,seq=11,idx=1,off=96,len=96,crc=0xBAF465AE,hex=000000000000000000000000000000000000000000000000000000000000000000000000000000000000000000000000000000000000000000000000000000000000000000000000000000000000000000000000000000000000000000000000
K1DFC,ver=1,seq=11,idx=2,off=192,len=96,crc=0x34FE2FC8,hex=0000000000000000000000000000000000000000000000000000000000000000000000000000000000000000000000000000000000000000000000000000040100130700351702723706CA680CDC7B0FDC7B0FCA680C72370635170213070004
K1DFC,ver=1,seq=11,idx=3,off=288,len=96,crc=0x65F2E86C,hex=010000000000000000000000000000000000000000000000000000000000000000000000000000000000000000000000000000000000000000000000000000000000000000000000000000000000000000000000000000000000000000000000
K1DFC,ver=1,seq=11,idx=4,off=384,len=96,crc=0xBAF465AE,hex=000000000000000000000000000000000000000000000000000000000000000000000000000000000000000000000000000000000000000000000000000000000000000000000000000000000000000000000000000000000000000000000000
K1DFC,ver=1,seq=11,idx=5,off=480,len=32,crc=0xA7F96A1D,hex=00000000000000000000000000000000000000000000000300000D02001F0600
K1DFR,ver=1,seq=12,kind=2,frame=216,t_us=2243603588,flags=0,len=512,crc=0x665A20E7,chunks=6
K1DFC,ver=1,seq=12,idx=0,off=0,len=96,crc=0xD2DBBC53,hex=01FA0000A000E0010E010000130000005B0F0000390D000000000000000000001303000B020005010001000000000000000000000000000000000000000000000000000000000000000000000000000000000000000000000000000000000000
K1DFC,ver=1,seq=12,idx=1,off=96,len=96,crc=0xBAF465AE,hex=000000000000000000000000000000000000000000000000000000000000000000000000000000000000000000000000000000000000000000000000000000000000000000000000000000000000000000000000000000000000000000000000
K1DFC,ver=1,seq=12,idx=2,off=192,len=96,crc=0x8AF89788,hex=00000000000000000000000000000000000000000000000000000000000000000000000000000000000000000403000F0B01221A033C2E065F470988670D9E760F825E0C764F0A7949098C4B09AF560AAF560A8C4B09794909764F0A825E0C9E
K1DFC,ver=1,seq=12,idx=3,off=288,len=96,crc=0xDC5E1EB1,hex=760F88670D5F47093C2E06221A030F0B0104030000000000000000000000000000000000000000000000000000000000000000000000000000000000000000000000000000000000000000000000000000000000000000000000000000000000
K1DFC,ver=1,seq=12,idx=4,off=384,len=96,crc=0xBAF465AE,hex=000000000000000000000000000000000000000000000000000000000000000000000000000000000000000000000000000000000000000000000000000000000000000000000000000000000000000000000000000000000000000000000000
K1DFC,ver=1,seq=12,idx=5,off=480,len=32,crc=0x21D8B15A,hex=00000000000000000000000000000000000000000100000501000B0200130300
K1DFR,ver=1,seq=13,kind=2,frame=252,t_us=2243781654,flags=0,len=512,crc=0x60E9D097,chunks=6
K1DFC,ver=1,seq=13,idx=0,off=0,len=96,crc=0xCB0F1F99,hex=00FA0000A000E0014801000020000000580F0000360D000000000000000000002106000E02000300000000000000000000000000000000000000000000000000000000000B0400250E014E1D03863305CF4F08AD44077330054B2404331E032C
K1DFC,ver=1,seq=13,idx=1,off=96,len=96,crc=0xEFEF7D5A,hex=1F04352805443306553F084D39073F2E06332404281C032015021A0F01150B011308011207001307001206000F06000D05000B040009030007020006020004010003010002000001000000000000000000000000000000000000000000000000
K1DFC,ver=1,seq=13,idx=2,off=192,len=96,crc=0x66556ABD,hex=00000000000000000000000000000000000000000000000000000000000000000000000000000000000000000000000000000000000000000000000000000000000000000201000A0701171102291F04291F041711020A070102010000000000
K1DFC,ver=1,seq=13,idx=3,off=288,len=96,crc=0xD6B31E79,hex=000000000000000000000000000000000000000000000000000000000000000000000000000000000000000000000000000000000000000000000000000000000000000000000000000000000000000000000000000001000002000003010004
K1DFC,ver=1,seq=13,idx=4,off=384,len=96,crc=0x3997EA1B,hex=01000602000702000903000B04000D05000F0600120600130700120700130801150B011A0F01201502281C033324043F2E064D3907553F084433063528052C1F04331E034B2404733005AD4407CF4F088633054E1D03250E010B040000000000
K1DFC,ver=1,seq=13,idx=5,off=480,len=32,crc=0x0F98D029,hex=00000000000000000000000000000000000000000000000300000E0200210600
K1DFR,ver=1,seq=14,kind=2,frame=252,t_us=2243781654,flags=0,len=512,crc=0x478E15D0,chunks=6
K1DFC,ver=1,seq=14,idx=0,off=0,len=96,crc=0x72F9C00C,hex=01FA0000A000E0014801000013000000580F0000360D000000000000000000008F610CBE8912DFA615A98010785B0C5440083C2D062F23042D2204372905443306523D085E4609503B07443206392905302104281A032115021C1002180D0116
K1DFC,ver=1,seq=14,idx=1,off=96,len=96,crc=0x0D740BAB,hex=0A011508001106000E05000C04000B040009030007020006020005010004010003010002000001000000000000000000000000000000000000000000000000000000000000000000000000000000000000000000000000000000000000000000
K1DFC,ver=1,seq=14,idx=2,off=192,len=96,crc=0x57E939C9,hex=00000000000000000000000000000000000000000000000000000000000000000000000000000000000000000000000000000000000000000000000000000000000100000602000D0500170800230D01230D011708000D050006020001000000
K1DFC,ver=1,seq=14,idx=3,off=288,len=96,crc=0xBAF465AE,hex=000000000000000000000000000000000000000000000000000000000000000000000000000000000000000000000000000000000000000000000000000000000000000000000000000000000000000000000000000000000000000000000000
K1DFC,ver=1,seq=14,idx=4,off=384,len=96,crc=0x725D7316,hex=00000000000000000000000000000000000000000000000100000200000301000401000501000602000702000903000B04000C04000E0500110600150800160A01180D011C1002211502281A03302104392905443206503B075E4609523D0844
K1DFC,ver=1,seq=14,idx=5,off=480,len=32,crc=0x42ABCF9D,hex=33063729052D22042F23043C2D06544008785B0CA98010DFA615BE89128F610C
K1DFR,ver=1,seq=15,kind=2,frame=288,t_us=2243959715,flags=0,len=512,crc=0xE4C920FC,chunks=6
K1DFC,ver=1,seq=15,idx=0,off=0,len=96,crc=0xC2866D9D,hex=00FA0000A000E0017C010000200000005A0F0000360D000000000000000000001F06000D020003000000000000000000000000000000000000000000000000000000000000000000000000000000000000000000000000000000000000000000
K1DFC,ver=1,seq=15,idx=1,off=96,len=96,crc=0xDD8A335E,hex=00000000000000000000000000000000000000000000000000000502001909013A1602692704A53E06AF4207712B04421902220E01120A01110C011912022319033022043D2C054D3707533B074731063C28053420042C1A03221302190D0112
K1DFC,ver=1,seq=15,idx=2,off=192,len=96,crc=0x88D4A1B2,hex=09010C05000903000702000502000401000301000200000100000000000000000000000000000000000000000000000000000000000000000000000000000000000000000201000A0701171102291F04291F041711020A070102010000000000
K1DFC,ver=1,seq=15,idx=3,off=288,len=96,crc=0xB03B9D61,hex=00000000000000000000000000000000000000000000000000000000000000000000000000000100000200000301000401000502000702000903000C0500120901190D012213022C1A033420043C2805473106533B074D37073D2C0530220423
K1DFC,ver=1,seq=15,idx=4,off=384,len=96,crc=0xEBDA1A78,hex=1903191202110C01120A01220E01421902712B04AF4207A53E066927043A160219090105020000000000000000000000000000000000000000000000000000000000000000000000000000000000000000000000000000000000000000000000
K1DFC,ver=1,seq=15,idx=5,off=480,len=32,crc=0xA7F96A1D,hex=00000000000000000000000000000000000000000000000300000D02001F0600
K1DFR,ver=1,seq=16,kind=2,frame=288,t_us=2243959715,flags=0,len=512,crc=0x631DAE79,chunks=6
K1DFC,ver=1,seq=16,idx=0,off=0,len=96,crc=0x7A11CADE,hex=01FA0000A000E0017C010000130000005A0F0000360D000000000000000000001303000B020005010001000000000000000000000000000000000000000000000000000000000000000000000000000000000000000000000000000000000000
K1DFC,ver=1,seq=16,idx=1,off=96,len=96,crc=0xE5DC0B37,hex=000000000000000000000000000000000000000000000000000000000000000000000000000000000000000000000000000000000000000000000000000000000000000000000000000000000000000000000000000000000000000005030011
K1DFC,ver=1,seq=16,idx=2,off=192,len=96,crc=0x684E4669,hex=0D01251C03403106644C0A906E0EA07A10785B0C5943084231063326052D21042F2204382905412F063828053122042A1D032518032114021D10021A0E01190C01160A011709011B0A01220D012D11012D1101220D011B0A01170901160A0119
K1DFC,ver=1,seq=16,idx=3,off=288,len=96,crc=0xCF0533F5,hex=0C011A0E011D10022114022518032A1D03312204382805412F063829052F22042D2104332605423106594308785B0CA07A10906E0E644C0A403106251C03110D0105030000000000000000000000000000000000000000000000000000000000
K1DFC,ver=1,seq=16,idx=4,off=384,len=96,crc=0xBAF465AE,hex=000000000000000000000000000000000000000000000000000000000000000000000000000000000000000000000000000000000000000000000000000000000000000000000000000000000000000000000000000000000000000000000000
K1DFC,ver=1,seq=16,idx=5,off=480,len=32,crc=0x21D8B15A,hex=00000000000000000000000000000000000000000100000501000B0200130300
K1DFR,ver=1,seq=17,kind=2,frame=324,t_us=2244138630,flags=0,len=512,crc=0x4A1630F4,chunks=6
K1DFC,ver=1,seq=17,idx=0,off=0,len=96,crc=0xC3D976DE,hex=00FA0000A000E001300100001E0000005C0F0000390D000000000000000000001F06000D020003000000000000000000000000000000000000000000000000000000000000000000000000000000000000000000000000000000000000000000
K1DFC,ver=1,seq=17,idx=1,off=96,len=96,crc=0xBAF465AE,hex=000000000000000000000000000000000000000000000000000000000000000000000000000000000000000000000000000000000000000000000000000000000000000000000000000000000000000000000000000000000000000000000000
K1DFC,ver=1,seq=17,idx=2,off=192,len=96,crc=0xF4072253,hex=00000000000000000000000000000000000000000000000000000000000000000000000000000A03001F0B014018026C2904A53F067F32055423033519022315021E16022C210449360774570B98710E98710E74570B4936072C21041E160223
K1DFC,ver=1,seq=17,idx=3,off=288,len=96,crc=0xF45CC892,hex=15023519025423037F3205A53F066C29044018021F0B010A030000000000000000000000000000000000000000000000000000000000000000000000000000000000000000000000000000000000000000000000000000000000000000000000
K1DFC,ver=1,seq=17,idx=4,off=384,len=96,crc=0xBAF465AE,hex=000000000000000000000000000000000000000000000000000000000000000000000000000000000000000000000000000000000000000000000000000000000000000000000000000000000000000000000000000000000000000000000000
K1DFC,ver=1,seq=17,idx=5,off=480,len=32,crc=0xA7F96A1D,hex=00000000000000000000000000000000000000000000000300000D02001F0600
K1DFR,ver=1,seq=18,kind=2,frame=324,t_us=2244138630,flags=0,len=512,crc=0x939260C9,chunks=6
K1DFC,ver=1,seq=18,idx=0,off=0,len=96,crc=0xFA7E3EDD,hex=01FA0000A000E00130010000130000005C0F0000390D000000000000000000001303000B020005010001000000000000000000000000000000000000000000000000000000000000000000000000000000000000000000000000000000000000
K1DFC,ver=1,seq=18,idx=1,off=96,len=96,crc=0x5F140E81,hex=0000000000000000000000000000000000000000000000000000000000000000000000000000000000000000000000000000000000000000000000000000000000000000010000090700191302312504503D08785B0CA87F10916E0E694F0A49
K1DFC,ver=1,seq=18,idx=2,off=192,len=96,crc=0x88C6023D,hex=3707332605251C03201803241B032D2104382905433106402E063827053121042B1C03271702231402211102200F01200D01210D011D0B011909011608001307001407001C0A012A10013F17025922035922033F17022A10011C0A0114070013
K1DFC,ver=1,seq=18,idx=3,off=288,len=96,crc=0x2D4910AE,hex=07001608001909011D0B01210D01200D01200F012111022314022717022B1C03312104382705402E064331063829052D2104241B03201803251C03332605493707694F0A916E0EA87F10785B0C503D0831250419130209070001000000000000
K1DFC,ver=1,seq=18,idx=4,off=384,len=96,crc=0xBAF465AE,hex=000000000000000000000000000000000000000000000000000000000000000000000000000000000000000000000000000000000000000000000000000000000000000000000000000000000000000000000000000000000000000000000000
K1DFC,ver=1,seq=18,idx=5,off=480,len=32,crc=0x21D8B15A,hex=00000000000000000000000000000000000000000100000501000B0200130300
K1DFR,ver=1,seq=19,kind=2,frame=360,t_us=2244316661,flags=0,len=512,crc=0x0077A27F,chunks=6
K1DFC,ver=1,seq=19,idx=0,off=0,len=96,crc=0xE13C1160,hex=00FA0000A000E00147010000210000005A0F0000360D00000000000000000000DE4607DA4D089139065628043A2104302204372A054735075943085741084734063929052D20042418031C1102170C011309011207001307001207001006000D
K1DFC,ver=1,seq=19,idx=1,off=96,len=96,crc=0xBBA3DB88,hex=05000B040009030008030006020004010003010002010001000001000000000000000000000000000000000000000000000000000000000000000000000000000000000000000000000000000000000000000000000000000000000000000000
K1DFC,ver=1,seq=19,idx=2,off=192,len=96,crc=0x66556ABD,hex=00000000000000000000000000000000000000000000000000000000000000000000000000000000000000000000000000000000000000000000000000000000000000000201000A0701171102291F04291F041711020A070102010000000000
K1DFC,ver=1,seq=19,idx=3,off=288,len=96,crc=0xBAF465AE,hex=000000000000000000000000000000000000000000000000000000000000000000000000000000000000000000000000000000000000000000000000000000000000000000000000000000000000000000000000000000000000000000000000
K1DFC,ver=1,seq=19,idx=4,off=384,len=96,crc=0xBDA14D13,hex=00000000000000000000000000000000000000000000000000000000000000000000000100000100000201000301000401000602000803000903000B04000D0500100600120700130700120700130901170C011C11022418032D200439290547
K1DFC,ver=1,seq=19,idx=5,off=480,len=32,crc=0x0722191B,hex=3406574108594308473507372A053022043A2104562804913906DA4D08DE4607
K1DFR,ver=1,seq=20,kind=2,frame=360,t_us=2244316661,flags=0,len=512,crc=0xE53972E4,chunks=6
K1DFC,ver=1,seq=20,idx=0,off=0,len=96,crc=0x05280444,hex=01FA0000A000E00147010000130000005A0F0000360D000000000000000000005817024B2003513106694C0A95710ED19F14BD90128A680D614A094434063226052C21043024043C2D064A3707594208553F084835063D2C053324042B1D0324
K1DFC,ver=1,seq=20,idx=1,off=96,len=96,crc=0x2AB5B03B,hex=17021E12021A0E01170B011509011207000F05000D05000B04000A030008030007020005020004010003010002010001000001000000000000000000000000000000000000000000000000000000000000000000000000000000000000000000
K1DFC,ver=1,seq=20,idx=2,off=192,len=96,crc=0x57E939C9,hex=00000000000000000000000000000000000000000000000000000000000000000000000000000000000000000000000000000000000000000000000000000000000100000602000D0500170800230D01230D011708000D050006020001000000
K1DFC,ver=1,seq=20,idx=3,off=288,len=96,crc=0xBAF465AE,hex=000000000000000000000000000000000000000000000000000000000000000000000000000000000000000000000000000000000000000000000000000000000000000000000000000000000000000000000000000000000000000000000000
K1DFC,ver=1,seq=20,idx=4,off=384,len=96,crc=0xCCF35FC2,hex=00000000000000000000000100000100000201000301000401000502000702000803000A03000B04000D05000F0500120700150901170B011A0E011E12022417022B1D033324043D2C05483506553F085942084A37073C2D063024042C210432
K1DFC,ver=1,seq=20,idx=5,off=480,len=32,crc=0xE6F2B9A7,hex=2605443406614A098A680DBD9012D19F1495710E694C0A5131064B2003581702
K1DFR,ver=1,seq=21,kind=2,frame=396,t_us=2244494612,flags=0,len=512,crc=0x78810179,chunks=6
K1DFC,ver=1,seq=21,idx=0,off=0,len=96,crc=0xDF877236,hex=00FA0000A000E001200100001F0000005C0F0000370D000000000000000000001F06000D020003000000000000000000000000000000000000000000000000000000000000000000000000000000000000000000000000000000000000000000
K1DFC,ver=1,seq=21,idx=1,off=96,len=96,crc=0xBAF465AE,hex=000000000000000000000000000000000000000000000000000000000000000000000000000000000000000000000000000000000000000000000000000000000000000000000000000000000000000000000000000000000000000000000000
K1DFC,ver=1,seq=21,idx=2,off=192,len=96,crc=0x97D7DD04,hex=00000000000000000000000000000301001106002C1001521F03853205A33E066C2904401802200C010D05000703000B0500100901180E012014022B1B03362204432B05553807593C075C4008694A09694A095C4008593C07553807432B0536
K1DFC,ver=1,seq=21,idx=3,off=288,len=96,crc=0x498CD2AA,hex=22042B1B03201402180E011009010B05000703000D0500200C014018026C2904A33E06853205521F032C100111060003010000000000000000000000000000000000000000000000000000000000000000000000000000000000000000000000
K1DFC,ver=1,seq=21,idx=4,off=384,len=96,crc=0xBAF465AE,hex=000000000000000000000000000000000000000000000000000000000000000000000000000000000000000000000000000000000000000000000000000000000000000000000000000000000000000000000000000000000000000000000000
K1DFC,ver=1,seq=21,idx=5,off=480,len=32,crc=0xA7F96A1D,hex=00000000000000000000000000000000000000000000000300000D02001F0600
K1DFR,ver=1,seq=22,kind=2,frame=396,t_us=2244494612,flags=0,len=512,crc=0x77EB52E7,chunks=6
K1DFC,ver=1,seq=22,idx=0,off=0,len=96,crc=0xBC239AFA,hex=01FA0000A000E00120010000130000005C0F0000370D000000000000000000001303000B020005010001000000000000000000000000000000000000000000000000000000000000000000000000000000000000000000000000000000000000
K1DFC,ver=1,seq=22,idx=1,off=96,len=96,crc=0xBAF465AE,hex=000000000000000000000000000000000000000000000000000000000000000000000000000000000000000000000000000000000000000000000000000000000000000000000000000000000000000000000000000000000000000000000000
K1DFC,ver=1,seq=22,idx=2,off=192,len=96,crc=0x9E8B23CA,hex=00000000000000000000000000000000000000000000000000000000000000000000000000000000000000000000000000000000000101000906001711022D22044C390776560BAC7B109F6C0D925C0B925C0B9F6C0DAC7B1076560B4C39072D
K1DFC,ver=1,seq=22,idx=3,off=288,len=96,crc=0xAA12F4A2,hex=220417110209060001010000000000000000000000000000000000000000000000000000000000000000000000000000000000000000000000000000000000000000000000000000000000000000000000000000000000000000000000000000
K1DFC,ver=1,seq=22,idx=4,off=384,len=96,crc=0xBAF465AE,hex=000000000000000000000000000000000000000000000000000000000000000000000000000000000000000000000000000000000000000000000000000000000000000000000000000000000000000000000000000000000000000000000000
K1DFC,ver=1,seq=22,idx=5,off=480,len=32,crc=0x21D8B15A,hex=00000000000000000000000000000000000000000100000501000B0200130300
K1DFR,ver=1,seq=23,kind=2,frame=432,t_us=2244673707,flags=0,len=512,crc=0xA340F8E9,chunks=6
K1DFC,ver=1,seq=23,idx=0,off=0,len=96,crc=0x900FC8D6,hex=00FA0000A000E001740100001E0000005A0F0000360D000000000000000000001F06000D020003000000000000000000000000000000000000000000000000000000000000000000000000000000000000000000000000000000000000000000
K1DFC,ver=1,seq=23,idx=1,off=96,len=96,crc=0x197F4E18,hex=00000000000000000000000000000000000000000000000000000000000000000000000000000000000000000000000000000000000000000702001B0A013D17026C2904A94006A23F066D2D044620032E1A03251A032A1F0436290544330643
K1DFC,ver=1,seq=23,idx=2,off=192,len=96,crc=0x80E0B2C9,hex=32063728052D20042419031D1302180E01140B011208001207001307001207001006000D05000B04000903000803000602000401000301000201000100000100000000000202000A0701171102291F04291F041711020A070102020000000001
K1DFC,ver=1,seq=23,idx=3,off=288,len=96,crc=0xAC982D57,hex=00000100000201000301000401000602000803000903000B04000D0500100600120700130700120700120800140B01180E011D13022419032D20043728054332064433063629052A1F04251A032E1A034620036D2D04A23F06A940066C29043D
K1DFC,ver=1,seq=23,idx=4,off=384,len=96,crc=0x34DB71BA,hex=17021B0A0107020000000000000000000000000000000000000000000000000000000000000000000000000000000000000000000000000000000000000000000000000000000000000000000000000000000000000000000000000000000000
K1DFC,ver=1,seq=23,idx=5,off=480,len=32,crc=0xA7F96A1D,hex=00000000000000000000000000000000000000000000000300000D02001F0600
K1DFR,ver=1,seq=24,kind=2,frame=432,t_us=2244673707,flags=0,len=512,crc=0x29910DA7,chunks=6
K1DFC,ver=1,seq=24,idx=0,off=0,len=96,crc=0xFE5182AC,hex=01FA0000A000E00174010000140000005A0F0000360D000000000000000000001303000B02000501000100000000000000000000000000000000000000000000000000000000000000000000000000000907001B140235280559440887660DBE
K1DFC,ver=1,seq=24,idx=1,off=96,len=96,crc=0x9CD22D55,hex=9013B1861181620C5B45093F30062E2304271E032B2004362805423106503B074D39074230063828052F2104271A032115021C1102190D01160B011509011207000F06000D05000B04000A030008030007020005020004010003010002010001
K1DFC,ver=1,seq=24,idx=2,off=192,len=96,crc=0x33D35F13,hex=00000100000000000000000000000000000000000000000000000000000000000000000000000000000000000000000000000000000000000000000000000000000100000602000D0500170800230D01230D011708000D050006020001000000
K1DFC,ver=1,seq=24,idx=3,off=288,len=96,crc=0xDDAA3226,hex=00000000000000000000000000000000000000000000000000000000000000000000000000000000000000000000000000000000000000000000000100000100000201000301000401000502000702000803000A03000B04000D05000F060012
K1DFC,ver=1,seq=24,idx=4,off=384,len=96,crc=0x22ADFBF1,hex=0700150901160B01190D011C1102211502271A032F21043828054230064D3907503B074231063628052B2004271E032E23043F30065B450981620CB18611BE901387660D5944083528051B140209070000000000000000000000000000000000
K1DFC,ver=1,seq=24,idx=5,off=480,len=32,crc=0x21D8B15A,hex=00000000000000000000000000000000000000000100000501000B0200130300
K1DFR,ver=1,seq=25,kind=2,frame=468,t_us=2244851692,flags=0,len=512,crc=0xA4CFDDE4,chunks=6
K1DFC,ver=1,seq=25,idx=0,off=0,len=96,crc=0x7A44FDAA,hex=00FA0000A000E0015001000023000000590F0000350D00000000000000000000701602320A000C0200000000030100140700351402652604A43E06D95308963A066028043B1D03281903261C03322504413106523D085841084935073C2B0530
K1DFC,ver=1,seq=25,idx=1,off=96,len=96,crc=0xD0880F08,hex=2104271A032013021A0E01170B011609011207000F05000D05000B040009030007020006020004010003010002000001000000000000000000000000000000000000000000000000000000000000000000000000000000000000000000000000
K1DFC,ver=1,seq=25,idx=2,off=192,len=96,crc=0x66556ABD,hex=00000000000000000000000000000000000000000000000000000000000000000000000000000000000000000000000000000000000000000000000000000000000000000201000A0701171102291F04291F041711020A070102010000000000
K1DFC,ver=1,seq=25,idx=3,off=288,len=96,crc=0xBAF465AE,hex=000000000000000000000000000000000000000000000000000000000000000000000000000000000000000000000000000000000000000000000000000000000000000000000000000000000000000000000000000000000000000000000000
K1DFC,ver=1,seq=25,idx=4,off=384,len=96,crc=0xA1BEA4B2,hex=00000000000000000000000000000100000200000301000401000602000702000903000B04000D05000F0500120700160901170B011A0E01201302271A033021043C2B05493507584108523D08413106322504261C032819033B1D0360280496
K1DFC,ver=1,seq=25,idx=5,off=480,len=32,crc=0x219B3207,hex=3A06D95308A43E066526043514021407000301000000000C0200320A00701602
K1DFR,ver=1,seq=26,kind=2,frame=468,t_us=2244851692,flags=0,len=512,crc=0x79ABDA8E,chunks=6
K1DFC,ver=1,seq=26,idx=0,off=0,len=96,crc=0x0083E8D0,hex=01FA0000A000E0015001000013000000590F0000350D00000000000000000000490E012A080014040006010000000000000000000000000000000000000000000000000000000000000000000000000000000000000000000000000000000000
K1DFC,ver=1,seq=26,idx=1,off=96,len=96,crc=0xD9D7BF53,hex=0000000000040300120D01281E044736076F540BA17A10C092138F6C0E674E0A4937073528052B20042B2004342705402F064D39074936073F2D053526042D1F042619032114021C1002190D01170B011509011107000E05000C04000B040009
K1DFC,ver=1,seq=26,idx=2,off=192,len=96,crc=0xA6188979,hex=03000702000602000501000401000301000200000100000000000000000000000000000000000000000000000000000000000000000000000000000000000000000100000602000D0500170800230D01230D011708000D050006020001000000
K1DFC,ver=1,seq=26,idx=3,off=288,len=96,crc=0x56575906,hex=00000000000000000000000000000000000000000000000000000000000000000000000000000000000100000200000301000401000501000602000702000903000B04000C04000E0500110700150901170B01190D011C10022114022619032D
K1DFC,ver=1,seq=26,idx=4,off=384,len=96,crc=0xA5BEBB02,hex=1F043526043F2D054936074D3907402F063427052B20042B2004352805493707674E0A8F6C0EC09213A17A106F540B473607281E04120D0104030000000000000000000000000000000000000000000000000000000000000000000000000000
K1DFC,ver=1,seq=26,idx=5,off=480,len=32,crc=0x4257F4CC,hex=00000000000000000000000000000000000000000601001404002A0800490E01
K1DFR,ver=1,seq=27,kind=2,frame=504,t_us=2245029681,flags=0,len=512,crc=0x24C0FB8F,chunks=6
K1DFC,ver=1,seq=27,idx=0,off=0,len=96,crc=0x26441412,hex=00FA0000A000E00144010000240000005A0F0000360D000000000000000000001F06000D020003000000000000000000000000000000000000000000000000000000000000000000000000000000000000000000000000000000000000000000
K1DFC,ver=1,seq=27,idx=1,off=96,len=96,crc=0xBAF465AE,hex=000000000000000000000000000000000000000000000000000000000000000000000000000000000000000000000000000000000000000000000000000000000000000000000000000000000000000000000000000000000000000000000000
K1DFC,ver=1,seq=27,idx=2,off=192,len=96,crc=0x34FE2FC8,hex=0000000000000000000000000000000000000000000000000000000000000000000000000000000000000000000000000000000000000000000000000000040100130700351702723706CA680CDC7B0FDC7B0FCA680C72370635170213070004
K1DFC,ver=1,seq=27,idx=3,off=288,len=96,crc=0x65F2E86C,hex=010000000000000000000000000000000000000000000000000000000000000000000000000000000000000000000000000000000000000000000000000000000000000000000000000000000000000000000000000000000000000000000000
K1DFC,ver=1,seq=27,idx=4,off=384,len=96,crc=0xBAF465AE,hex=000000000000000000000000000000000000000000000000000000000000000000000000000000000000000000000000000000000000000000000000000000000000000000000000000000000000000000000000000000000000000000000000
K1DFC,ver=1,seq=27,idx=5,off=480,len=32,crc=0xA7F96A1D,hex=00000000000000000000000000000000000000000000000300000D02001F0600
K1DFR,ver=1,seq=28,kind=2,frame=504,t_us=2245029681,flags=0,len=512,crc=0xCCEAF5AC,chunks=6
K1DFC,ver=1,seq=28,idx=0,off=0,len=96,crc=0x99AB77B2,hex=01FA0000A000E00144010000110000005A0F0000360D000000000000000000001303000B020005010001000000000000000000000000000000000000000000000000000000000000000000000000000000000000000000000000000000000000
K1DFC,ver=1,seq=28,idx=1,off=96,len=96,crc=0xBAF465AE,hex=000000000000000000000000000000000000000000000000000000000000000000000000000000000000000000000000000000000000000000000000000000000000000000000000000000000000000000000000000000000000000000000000
K1DFC,ver=1,seq=28,idx=2,off=192,len=96,crc=0x8AF89788,hex=00000000000000000000000000000000000000000000000000000000000000000000000000000000000000000403000F0B01221A033C2E065F470988670D9E760F825E0C764F0A7949098C4B09AF560AAF560A8C4B09794909764F0A825E0C9E
K1DFC,ver=1,seq=28,idx=3,off=288,len=96,crc=0xDC5E1EB1,hex=760F88670D5F47093C2E06221A030F0B0104030000000000000000000000000000000000000000000000000000000000000000000000000000000000000000000000000000000000000000000000000000000000000000000000000000000000
K1DFC,ver=1,seq=28,idx=4,off=384,len=96,crc=0xBAF465AE,hex=000000000000000000000000000000000000000000000000000000000000000000000000000000000000000000000000000000000000000000000000000000000000000000000000000000000000000000000000000000000000000000000000
K1DFC,ver=1,seq=28,idx=5,off=480,len=32,crc=0x21D8B15A,hex=00000000000000000000000000000000000000000100000501000B0200130300
K1DFR,ver=1,seq=29,kind=2,frame=540,t_us=2245207628,flags=0,len=512,crc=0x00C1BF2B,chunks=6
K1DFC,ver=1,seq=29,idx=0,off=0,len=96,crc=0x8ACE710E,hex=00FA0000A000E001390100001E0000005A0F0000360D000000000000000000002106000E02000300000000000000000000000000000000000000000000000000000000000B0400250E014E1D03863305CF4F08AD44077330054B2404331E032C
K1DFC,ver=1,seq=29,idx=1,off=96,len=96,crc=0xEFEF7D5A,hex=1F04352805443306553F084D39073F2E06332404281C032015021A0F01150B011308011207001307001206000F06000D05000B040009030007020006020004010003010002000001000000000000000000000000000000000000000000000000
K1DFC,ver=1,seq=29,idx=2,off=192,len=96,crc=0x66556ABD,hex=00000000000000000000000000000000000000000000000000000000000000000000000000000000000000000000000000000000000000000000000000000000000000000201000A0701171102291F04291F041711020A070102010000000000
K1DFC,ver=1,seq=29,idx=3,off=288,len=96,crc=0xD6B31E79,hex=000000000000000000000000000000000000000000000000000000000000000000000000000000000000000000000000000000000000000000000000000000000000000000000000000000000000000000000000000001000002000003010004
K1DFC,ver=1,seq=29,idx=4,off=384,len=96,crc=0x3997EA1B,hex=01000602000702000903000B04000D05000F0600120600130700120700130801150B011A0F01201502281C033324043F2E064D3907553F084433063528052C1F04331E034B2404733005AD4407CF4F088633054E1D03250E010B040000000000
K1DFC,ver=1,seq=29,idx=5,off=480,len=32,crc=0x0F98D029,hex=00000000000000000000000000000000000000000000000300000E0200210600
K1DFR,ver=1,seq=30,kind=2,frame=540,t_us=2245207628,flags=0,len=512,crc=0xCBEDA4AD,chunks=6
K1DFC,ver=1,seq=30,idx=0,off=0,len=96,crc=0xEF7325F7,hex=01FA0000A000E00139010000140000005A0F0000360D000000000000000000008F610CBE8912DFA615A98010785B0C5440083C2D062F23042D2204372905443306523D085E4609503B07443206392905302104281A032115021C1002180D0116
K1DFC,ver=1,seq=30,idx=1,off=96,len=96,crc=0x0D740BAB,hex=0A011508001106000E05000C04000B040009030007020006020005010004010003010002000001000000000000000000000000000000000000000000000000000000000000000000000000000000000000000000000000000000000000000000
K1DFC,ver=1,seq=30,idx=2,off=192,len=96,crc=0x57E939C9,hex=00000000000000000000000000000000000000000000000000000000000000000000000000000000000000000000000000000000000000000000000000000000000100000602000D0500170800230D01230D011708000D050006020001000000
K1DFC,ver=1,seq=30,idx=3,off=288,len=96,crc=0xBAF465AE,hex=000000000000000000000000000000000000000000000000000000000000000000000000000000000000000000000000000000000000000000000000000000000000000000000000000000000000000000000000000000000000000000000000
K1DFC,ver=1,seq=30,idx=4,off=384,len=96,crc=0x725D7316,hex=00000000000000000000000000000000000000000000000100000200000301000401000501000602000702000903000B04000C04000E0500110600150800160A01180D011C1002211502281A03302104392905443206503B075E4609523D0844
K1DFC,ver=1,seq=30,idx=5,off=480,len=32,crc=0x42ABCF9D,hex=33063729052D22042F23043C2D06544008785B0CA98010DFA615BE89128F610C
K1DFR,ver=1,seq=31,kind=2,frame=576,t_us=2245385660,flags=0,len=512,crc=0x55A2502E,chunks=6
K1DFC,ver=1,seq=31,idx=0,off=0,len=96,crc=0x7A7112A1,hex=00FA0000A000E0014801000021000000580F0000330D000000000000000000001F06000D020003000000000000000000000000000000000000000000000000000000000000000000000000000000000000000000000000000000000000000000
K1DFC,ver=1,seq=31,idx=1,off=96,len=96,crc=0xDD8A335E,hex=00000000000000000000000000000000000000000000000000000502001909013A1602692704A53E06AF4207712B04421902220E01120A01110C011912022319033022043D2C054D3707533B074731063C28053420042C1A03221302190D0112
K1DFC,ver=1,seq=31,idx=2,off=192,len=96,crc=0x88D4A1B2,hex=09010C05000903000702000502000401000301000200000100000000000000000000000000000000000000000000000000000000000000000000000000000000000000000201000A0701171102291F04291F041711020A070102010000000000
K1DFC,ver=1,seq=31,idx=3,off=288,len=96,crc=0xB03B9D61,hex=00000000000000000000000000000000000000000000000000000000000000000000000000000100000200000301000401000502000702000903000C0500120901190D012213022C1A033420043C2805473106533B074D37073D2C0530220423
K1DFC,ver=1,seq=31,idx=4,off=384,len=96,crc=0xEBDA1A78,hex=1903191202110C01120A01220E01421902712B04AF4207A53E066927043A160219090105020000000000000000000000000000000000000000000000000000000000000000000000000000000000000000000000000000000000000000000000
K1DFC,ver=1,seq=31,idx=5,off=480,len=32,crc=0xA7F96A1D,hex=00000000000000000000000000000000000000000000000300000D02001F0600
K1DFR,ver=1,seq=32,kind=2,frame=576,t_us=2245385660,flags=0,len=512,crc=0xE0FD98E0,chunks=6
K1DFC,ver=1,seq=32,idx=0,off=0,len=96,crc=0xC59E7101,hex=01FA0000A000E0014801000014000000580F0000330D000000000000000000001303000B020005010001000000000000000000000000000000000000000000000000000000000000000000000000000000000000000000000000000000000000
K1DFC,ver=1,seq=32,idx=1,off=96,len=96,crc=0xE5DC0B37,hex=000000000000000000000000000000000000000000000000000000000000000000000000000000000000000000000000000000000000000000000000000000000000000000000000000000000000000000000000000000000000000005030011
K1DFC,ver=1,seq=32,idx=2,off=192,len=96,crc=0x684E4669,hex=0D01251C03403106644C0A906E0EA07A10785B0C5943084231063326052D21042F2204382905412F063828053122042A1D032518032114021D10021A0E01190C01160A011709011B0A01220D012D11012D1101220D011B0A01170901160A0119
K1DFC,ver=1,seq=32,idx=3,off=288,len=96,crc=0xCF0533F5,hex=0C011A0E011D10022114022518032A1D03312204382805412F063829052F22042D2104332605423106594308785B0CA07A10906E0E644C0A403106251C03110D0105030000000000000000000000000000000000000000000000000000000000
K1DFC,ver=1,seq=32,idx=4,off=384,len=96,crc=0xBAF465AE,hex=000000000000000000000000000000000000000000000000000000000000000000000000000000000000000000000000000000000000000000000000000000000000000000000000000000000000000000000000000000000000000000000000
K1DFC,ver=1,seq=32,idx=5,off=480,len=32,crc=0x21D8B15A,hex=00000000000000000000000000000000000000000100000501000B0200130300
K1DFR,ver=1,seq=33,kind=2,frame=612,t_us=2245564623,flags=0,len=512,crc=0xF5822D6D,chunks=6
K1DFC,ver=1,seq=33,idx=0,off=0,len=96,crc=0x0C6FC899,hex=00FA0000A000E0012F0100001E0000005D0F0000390D000000000000000000001F06000D020003000000000000000000000000000000000000000000000000000000000000000000000000000000000000000000000000000000000000000000
K1DFC,ver=1,seq=33,idx=1,off=96,len=96,crc=0xBAF465AE,hex=000000000000000000000000000000000000000000000000000000000000000000000000000000000000000000000000000000000000000000000000000000000000000000000000000000000000000000000000000000000000000000000000
K1DFC,ver=1,seq=33,idx=2,off=192,len=96,crc=0xF4072253,hex=00000000000000000000000000000000000000000000000000000000000000000000000000000A03001F0B014018026C2904A53F067F32055423033519022315021E16022C210449360774570B98710E98710E74570B4936072C21041E160223
K1DFC,ver=1,seq=33,idx=3,off=288,len=96,crc=0xF45CC892,hex=15023519025423037F3205A53F066C29044018021F0B010A030000000000000000000000000000000000000000000000000000000000000000000000000000000000000000000000000000000000000000000000000000000000000000000000
K1DFC,ver=1,seq=33,idx=4,off=384,len=96,crc=0xBAF465AE,hex=000000000000000000000000000000000000000000000000000000000000000000000000000000000000000000000000000000000000000000000000000000000000000000000000000000000000000000000000000000000000000000000000
K1DFC,ver=1,seq=33,idx=5,off=480,len=32,crc=0xA7F96A1D,hex=00000000000000000000000000000000000000000000000300000D02001F0600
K1DFR,ver=1,seq=34,kind=2,frame=612,t_us=2245564623,flags=0,len=512,crc=0x2C067D50,chunks=6
K1DFC,ver=1,seq=34,idx=0,off=0,len=96,crc=0x35C8809A,hex=01FA0000A000E0012F010000130000005D0F0000390D000000000000000000001303000B020005010001000000000000000000000000000000000000000000000000000000000000000000000000000000000000000000000000000000000000
K1DFC,ver=1,seq=34,idx=1,off=96,len=96,crc=0x5F140E81,hex=0000000000000000000000000000000000000000000000000000000000000000000000000000000000000000000000000000000000000000000000000000000000000000010000090700191302312504503D08785B0CA87F10916E0E694F0A49
K1DFC,ver=1,seq=34,idx=2,off=192,len=96,crc=0x88C6023D,hex=3707332605251C03201803241B032D2104382905433106402E063827053121042B1C03271702231402211102200F01200D01210D011D0B011909011608001307001407001C0A012A10013F17025922035922033F17022A10011C0A0114070013
K1DFC,ver=1,seq=34,idx=3,off=288,len=96,crc=0x2D4910AE,hex=07001608001909011D0B01210D01200D01200F012111022314022717022B1C03312104382705402E064331063829052D2104241B03201803251C03332605493707694F0A916E0EA87F10785B0C503D0831250419130209070001000000000000
K1DFC,ver=1,seq=34,idx=4,off=384,len=96,crc=0xBAF465AE,hex=000000000000000000000000000000000000000000000000000000000000000000000000000000000000000000000000000000000000000000000000000000000000000000000000000000000000000000000000000000000000000000000000
K1DFC,ver=1,seq=34,idx=5,off=480,len=32,crc=0x21D8B15A,hex=00000000000000000000000000000000000000000100000501000B0200130300
K1DFR,ver=1,seq=35,kind=2,frame=648,t_us=2245742652,flags=0,len=512,crc=0xA10AAFDA,chunks=6
K1DFC,ver=1,seq=35,idx=0,off=0,len=96,crc=0x0362E8ED,hex=00FA0000A000E001460100001E0000005D0F0000380D00000000000000000000DE4607DA4D089139065628043A2104302204372A054735075943085741084734063929052D20042418031C1102170C011309011207001307001207001006000D
K1DFC,ver=1,seq=35,idx=1,off=96,len=96,crc=0xBBA3DB88,hex=05000B040009030008030006020004010003010002010001000001000000000000000000000000000000000000000000000000000000000000000000000000000000000000000000000000000000000000000000000000000000000000000000
K1DFC,ver=1,seq=35,idx=2,off=192,len=96,crc=0x66556ABD,hex=00000000000000000000000000000000000000000000000000000000000000000000000000000000000000000000000000000000000000000000000000000000000000000201000A0701171102291F04291F041711020A070102010000000000
K1DFC,ver=1,seq=35,idx=3,off=288,len=96,crc=0xBAF465AE,hex=000000000000000000000000000000000000000000000000000000000000000000000000000000000000000000000000000000000000000000000000000000000000000000000000000000000000000000000000000000000000000000000000
K1DFC,ver=1,seq=35,idx=4,off=384,len=96,crc=0xBDA14D13,hex=00000000000000000000000000000000000000000000000000000000000000000000000100000100000201000301000401000602000803000903000B04000D0500100600120700130700120700130901170C011C11022418032D200439290547
K1DFC,ver=1,seq=35,idx=5,off=480,len=32,crc=0x0722191B,hex=3406574108594308473507372A053022043A2104562804913906DA4D08DE4607
K1DFR,ver=1,seq=36,kind=2,frame=648,t_us=2245742652,flags=0,len=512,crc=0x9A84E7CB,chunks=6
K1DFC,ver=1,seq=36,idx=0,off=0,len=96,crc=0x3C45B246,hex=01FA0000A000E00146010000130000005D0F0000380D000000000000000000005817024B2003513106694C0A95710ED19F14BD90128A680D614A094434063226052C21043024043C2D064A3707594208553F084835063D2C053324042B1D0324
K1DFC,ver=1,seq=36,idx=1,off=96,len=96,crc=0x2AB5B03B,hex=17021E12021A0E01170B011509011207000F05000D05000B04000A030008030007020005020004010003010002010001000001000000000000000000000000000000000000000000000000000000000000000000000000000000000000000000
K1DFC,ver=1,seq=36,idx=2,off=192,len=96,crc=0x57E939C9,hex=00000000000000000000000000000000000000000000000000000000000000000000000000000000000000000000000000000000000000000000000000000000000100000602000D0500170800230D01230D011708000D050006020001000000
K1DFC,ver=1,seq=36,idx=3,off=288,len=96,crc=0xBAF465AE,hex=000000000000000000000000000000000000000000000000000000000000000000000000000000000000000000000000000000000000000000000000000000000000000000000000000000000000000000000000000000000000000000000000
K1DFC,ver=1,seq=36,idx=4,off=384,len=96,crc=0xCCF35FC2,hex=00000000000000000000000100000100000201000301000401000502000702000803000A03000B04000D05000F0500120700150901170B011A0E011E12022417022B1D033324043D2C05483506553F085942084A37073C2D063024042C210432
K1DFC,ver=1,seq=36,idx=5,off=480,len=32,crc=0xE6F2B9A7,hex=2605443406614A098A680DBD9012D19F1495710E694C0A5131064B2003581702
K1DFR,ver=1,seq=37,kind=2,frame=684,t_us=2245920720,flags=0,len=512,crc=0xBA3386C7,chunks=6
K1DFC,ver=1,seq=37,idx=0,off=0,len=96,crc=0xE02EF6B6,hex=00FA0000A000E0015C010000220000005D0F0000380D000000000000000000001F06000D020003000000000000000000000000000000000000000000000000000000000000000000000000000000000000000000000000000000000000000000
K1DFC,ver=1,seq=37,idx=1,off=96,len=96,crc=0xBAF465AE,hex=000000000000000000000000000000000000000000000000000000000000000000000000000000000000000000000000000000000000000000000000000000000000000000000000000000000000000000000000000000000000000000000000
K1DFC,ver=1,seq=37,idx=2,off=192,len=96,crc=0x97D7DD04,hex=00000000000000000000000000000301001106002C1001521F03853205A33E066C2904401802200C010D05000703000B0500100901180E012014022B1B03362204432B05553807593C075C4008694A09694A095C4008593C07553807432B0536
K1DFC,ver=1,seq=37,idx=3,off=288,len=96,crc=0x498CD2AA,hex=22042B1B03201402180E011009010B05000703000D0500200C014018026C2904A33E06853205521F032C100111060003010000000000000000000000000000000000000000000000000000000000000000000000000000000000000000000000
K1DFC,ver=1,seq=37,idx=4,off=384,len=96,crc=0xBAF465AE,hex=000000000000000000000000000000000000000000000000000000000000000000000000000000000000000000000000000000000000000000000000000000000000000000000000000000000000000000000000000000000000000000000000
K1DFC,ver=1,seq=37,idx=5,off=480,len=32,crc=0xA7F96A1D,hex=00000000000000000000000000000000000000000000000300000D02001F0600
K1DFR,ver=1,seq=38,kind=2,frame=684,t_us=2245920720,flags=0,len=512,crc=0x7A1F8FEA,chunks=6
K1DFC,ver=1,seq=38,idx=0,off=0,len=96,crc=0xECBE106B,hex=01FA0000A000E0015C010000130000005D0F0000380D000000000000000000001303000B020005010001000000000000000000000000000000000000000000000000000000000000000000000000000000000000000000000000000000000000
K1DFC,ver=1,seq=38,idx=1,off=96,len=96,crc=0xBAF465AE,hex=000000000000000000000000000000000000000000000000000000000000000000000000000000000000000000000000000000000000000000000000000000000000000000000000000000000000000000000000000000000000000000000000
K1DFC,ver=1,seq=38,idx=2,off=192,len=96,crc=0x9E8B23CA,hex=00000000000000000000000000000000000000000000000000000000000000000000000000000000000000000000000000000000000101000906001711022D22044C390776560BAC7B109F6C0D925C0B925C0B9F6C0DAC7B1076560B4C39072D
K1DFC,ver=1,seq=38,idx=3,off=288,len=96,crc=0xAA12F4A2,hex=220417110209060001010000000000000000000000000000000000000000000000000000000000000000000000000000000000000000000000000000000000000000000000000000000000000000000000000000000000000000000000000000
K1DFC,ver=1,seq=38,idx=4,off=384,len=96,crc=0xBAF465AE,hex=000000000000000000000000000000000000000000000000000000000000000000000000000000000000000000000000000000000000000000000000000000000000000000000000000000000000000000000000000000000000000000000000
K1DFC,ver=1,seq=38,idx=5,off=480,len=32,crc=0x21D8B15A,hex=00000000000000000000000000000000000000000100000501000B0200130300
K1DFR,ver=1,seq=39,kind=2,frame=720,t_us=2246099660,flags=0,len=512,crc=0xAB26B0E3,chunks=6
K1DFC,ver=1,seq=39,idx=0,off=0,len=96,crc=0x6168B02A,hex=00FA0000A000E0014A0100001E0000005E0F00003A0D000000000000000000001F06000D020003000000000000000000000000000000000000000000000000000000000000000000000000000000000000000000000000000000000000000000
K1DFC,ver=1,seq=39,idx=1,off=96,len=96,crc=0x197F4E18,hex=00000000000000000000000000000000000000000000000000000000000000000000000000000000000000000000000000000000000000000702001B0A013D17026C2904A94006A23F066D2D044620032E1A03251A032A1F0436290544330643
K1DFC,ver=1,seq=39,idx=2,off=192,len=96,crc=0x80E0B2C9,hex=32063728052D20042419031D1302180E01140B011208001207001307001207001006000D05000B04000903000803000602000401000301000201000100000100000000000202000A0701171102291F04291F041711020A070102020000000001
K1DFC,ver=1,seq=39,idx=3,off=288,len=96,crc=0xAC982D57,hex=00000100000201000301000401000602000803000903000B04000D0500100600120700130700120700120800140B01180E011D13022419032D20043728054332064433063629052A1F04251A032E1A034620036D2D04A23F06A940066C29043D
K1DFC,ver=1,seq=39,idx=4,off=384,len=96,crc=0x34DB71BA,hex=17021B0A0107020000000000000000000000000000000000000000000000000000000000000000000000000000000000000000000000000000000000000000000000000000000000000000000000000000000000000000000000000000000000
K1DFC,ver=1,seq=39,idx=5,off=480,len=32,crc=0xA7F96A1D,hex=00000000000000000000000000000000000000000000000300000D02001F0600
K1DFR,ver=1,seq=40,kind=2,frame=720,t_us=2246099660,flags=0,len=512,crc=0xF607E1DA,chunks=6
K1DFC,ver=1,seq=40,idx=0,off=0,len=96,crc=0x524D9E7C,hex=01FA0000A000E0014A010000130000005E0F00003A0D000000000000000000001303000B02000501000100000000000000000000000000000000000000000000000000000000000000000000000000000907001B140235280559440887660DBE
K1DFC,ver=1,seq=40,idx=1,off=96,len=96,crc=0x9CD22D55,hex=9013B1861181620C5B45093F30062E2304271E032B2004362805423106503B074D39074230063828052F2104271A032115021C1102190D01160B011509011207000F06000D05000B04000A030008030007020005020004010003010002010001
K1DFC,ver=1,seq=40,idx=2,off=192,len=96,crc=0x33D35F13,hex=00000100000000000000000000000000000000000000000000000000000000000000000000000000000000000000000000000000000000000000000000000000000100000602000D0500170800230D01230D011708000D050006020001000000
K1DFC,ver=1,seq=40,idx=3,off=288,len=96,crc=0xDDAA3226,hex=00000000000000000000000000000000000000000000000000000000000000000000000000000000000000000000000000000000000000000000000100000100000201000301000401000502000702000803000A03000B04000D05000F060012
K1DFC,ver=1,seq=40,idx=4,off=384,len=96,crc=0x22ADFBF1,hex=0700150901160B01190D011C1102211502271A032F21043828054230064D3907503B074231063628052B2004271E032E23043F30065B450981620CB18611BE901387660D5944083528051B140209070000000000000000000000000000000000
K1DFC,ver=1,seq=40,idx=5,off=480,len=32,crc=0x21D8B15A,hex=00000000000000000000000000000000000000000100000501000B0200130300
K1DFR,ver=1,seq=41,kind=2,frame=756,t_us=2246277621,flags=0,len=512,crc=0xB45A9F47,chunks=6
K1DFC,ver=1,seq=41,idx=0,off=0,len=96,crc=0xB94DC116,hex=00FA0000A000E0013A0100001E0000005D0F0000380D00000000000000000000701602320A000C0200000000030100140700351402652604A43E06D95308963A066028043B1D03281903261C03322504413106523D085841084935073C2B0530
K1DFC,ver=1,seq=41,idx=1,off=96,len=96,crc=0xD0880F08,hex=2104271A032013021A0E01170B011609011207000F05000D05000B040009030007020006020004010003010002000001000000000000000000000000000000000000000000000000000000000000000000000000000000000000000000000000
K1DFC,ver=1,seq=41,idx=2,off=192,len=96,crc=0x66556ABD,hex=00000000000000000000000000000000000000000000000000000000000000000000000000000000000000000000000000000000000000000000000000000000000000000201000A0701171102291F04291F041711020A070102010000000000
K1DFC,ver=1,seq=41,idx=3,off=288,len=96,crc=0xBAF465AE,hex=000000000000000000000000000000000000000000000000000000000000000000000000000000000000000000000000000000000000000000000000000000000000000000000000000000000000000000000000000000000000000000000000
K1DFC,ver=1,seq=41,idx=4,off=384,len=96,crc=0xA1BEA4B2,hex=00000000000000000000000000000100000200000301000401000602000702000903000B04000D05000F0500120700160901170B011A0E01201302271A033021043C2B05493507584108523D08413106322504261C032819033B1D0360280496
K1DFC,ver=1,seq=41,idx=5,off=480,len=32,crc=0x219B3207,hex=3A06D95308A43E066526043514021407000301000000000C0200320A00701602
K1DFR,ver=1,seq=42,kind=2,frame=756,t_us=2246277621,flags=0,len=512,crc=0xB7FE00A7,chunks=6
K1DFC,ver=1,seq=42,idx=0,off=0,len=96,crc=0x18B99BE3,hex=01FA0000A000E0013A010000110000005D0F0000380D00000000000000000000490E012A080014040006010000000000000000000000000000000000000000000000000000000000000000000000000000000000000000000000000000000000
K1DFC,ver=1,seq=42,idx=1,off=96,len=96,crc=0xD9D7BF53,hex=0000000000040300120D01281E044736076F540BA17A10C092138F6C0E674E0A4937073528052B20042B2004342705402F064D39074936073F2D053526042D1F042619032114021C1002190D01170B011509011107000E05000C04000B040009
K1DFC,ver=1,seq=42,idx=2,off=192,len=96,crc=0xA6188979,hex=03000702000602000501000401000301000200000100000000000000000000000000000000000000000000000000000000000000000000000000000000000000000100000602000D0500170800230D01230D011708000D050006020001000000
K1DFC,ver=1,seq=42,idx=3,off=288,len=96,crc=0x56575906,hex=00000000000000000000000000000000000000000000000000000000000000000000000000000000000100000200000301000401000501000602000702000903000B04000C04000E0500110700150901170B01190D011C10022114022619032D
K1DFC,ver=1,seq=42,idx=4,off=384,len=96,crc=0xA5BEBB02,hex=1F043526043F2D054936074D3907402F063427052B20042B2004352805493707674E0A8F6C0EC09213A17A106F540B473607281E04120D0104030000000000000000000000000000000000000000000000000000000000000000000000000000
K1DFC,ver=1,seq=42,idx=5,off=480,len=32,crc=0x4257F4CC,hex=00000000000000000000000000000000000000000601001404002A0800490E01
K1DFR,ver=1,seq=43,kind=2,frame=792,t_us=2246455608,flags=0,len=512,crc=0xFA7E7B3B,chunks=6
K1DFC,ver=1,seq=43,idx=0,off=0,len=96,crc=0x287FD44D,hex=00FA0000A000E001160100001E0000005E0F0000390D000000000000000000001F06000D020003000000000000000000000000000000000000000000000000000000000000000000000000000000000000000000000000000000000000000000
K1DFC,ver=1,seq=43,idx=1,off=96,len=96,crc=0xBAF465AE,hex=000000000000000000000000000000000000000000000000000000000000000000000000000000000000000000000000000000000000000000000000000000000000000000000000000000000000000000000000000000000000000000000000
K1DFC,ver=1,seq=43,idx=2,off=192,len=96,crc=0x34FE2FC8,hex=0000000000000000000000000000000000000000000000000000000000000000000000000000000000000000000000000000000000000000000000000000040100130700351702723706CA680CDC7B0FDC7B0FCA680C72370635170213070004
K1DFC,ver=1,seq=43,idx=3,off=288,len=96,crc=0x65F2E86C,hex=010000000000000000000000000000000000000000000000000000000000000000000000000000000000000000000000000000000000000000000000000000000000000000000000000000000000000000000000000000000000000000000000
K1DFC,ver=1,seq=43,idx=4,off=384,len=96,crc=0xBAF465AE,hex=000000000000000000000000000000000000000000000000000000000000000000000000000000000000000000000000000000000000000000000000000000000000000000000000000000000000000000000000000000000000000000000000
K1DFC,ver=1,seq=43,idx=5,off=480,len=32,crc=0xA7F96A1D,hex=00000000000000000000000000000000000000000000000300000D02001F0600
K1DFR,ver=1,seq=44,kind=2,frame=792,t_us=2246455608,flags=0,len=512,crc=0x1B6449E5,chunks=6
K1DFC,ver=1,seq=44,idx=0,off=0,len=96,crc=0x11D89C4E,hex=01FA0000A000E00116010000130000005E0F0000390D000000000000000000001303000B020005010001000000000000000000000000000000000000000000000000000000000000000000000000000000000000000000000000000000000000
K1DFC,ver=1,seq=44,idx=1,off=96,len=96,crc=0xBAF465AE,hex=000000000000000000000000000000000000000000000000000000000000000000000000000000000000000000000000000000000000000000000000000000000000000000000000000000000000000000000000000000000000000000000000
K1DFC,ver=1,seq=44,idx=2,off=192,len=96,crc=0x8AF89788,hex=00000000000000000000000000000000000000000000000000000000000000000000000000000000000000000403000F0B01221A033C2E065F470988670D9E760F825E0C764F0A7949098C4B09AF560AAF560A8C4B09794909764F0A825E0C9E
K1DFC,ver=1,seq=44,idx=3,off=288,len=96,crc=0xDC5E1EB1,hex=760F88670D5F47093C2E06221A030F0B0104030000000000000000000000000000000000000000000000000000000000000000000000000000000000000000000000000000000000000000000000000000000000000000000000000000000000
K1DFC,ver=1,seq=44,idx=4,off=384,len=96,crc=0xBAF465AE,hex=000000000000000000000000000000000000000000000000000000000000000000000000000000000000000000000000000000000000000000000000000000000000000000000000000000000000000000000000000000000000000000000000
K1DFC,ver=1,seq=44,idx=5,off=480,len=32,crc=0x21D8B15A,hex=00000000000000000000000000000000000000000100000501000B0200130300
K1DFR,ver=1,seq=45,kind=2,frame=828,t_us=2246633657,flags=0,len=512,crc=0xFD0C131F,chunks=6
K1DFC,ver=1,seq=45,idx=0,off=0,len=96,crc=0x6FD06E3C,hex=00FA0000A000E00148010000210000005C0F0000370D000000000000000000002106000E02000300000000000000000000000000000000000000000000000000000000000B0400250E014E1D03863305CF4F08AD44077330054B2404331E032C
K1DFC,ver=1,seq=45,idx=1,off=96,len=96,crc=0xEFEF7D5A,hex=1F04352805443306553F084D39073F2E06332404281C032015021A0F01150B011308011207001307001206000F06000D05000B040009030007020006020004010003010002000001000000000000000000000000000000000000000000000000
K1DFC,ver=1,seq=45,idx=2,off=192,len=96,crc=0x66556ABD,hex=00000000000000000000000000000000000000000000000000000000000000000000000000000000000000000000000000000000000000000000000000000000000000000201000A0701171102291F04291F041711020A070102010000000000
K1DFC,ver=1,seq=45,idx=3,off=288,len=96,crc=0xD6B31E79,hex=000000000000000000000000000000000000000000000000000000000000000000000000000000000000000000000000000000000000000000000000000000000000000000000000000000000000000000000000000001000002000003010004
K1DFC,ver=1,seq=45,idx=4,off=384,len=96,crc=0x3997EA1B,hex=01000602000702000903000B04000D05000F0600120600130700120700130801150B011A0F01201502281C033324043F2E064D3907553F084433063528052C1F04331E034B2404733005AD4407CF4F088633054E1D03250E010B040000000000
K1DFC,ver=1,seq=45,idx=5,off=480,len=32,crc=0x0F98D029,hex=00000000000000000000000000000000000000000000000300000E0200210600
K1DFR,ver=1,seq=46,kind=2,frame=828,t_us=2246633657,flags=0,len=512,crc=0x3F103464,chunks=6
K1DFC,ver=1,seq=46,idx=0,off=0,len=96,crc=0x8C251166,hex=01FA0000A000E00148010000130000005C0F0000370D000000000000000000008F610CBE8912DFA615A98010785B0C5440083C2D062F23042D2204372905443306523D085E4609503B07443206392905302104281A032115021C1002180D0116
K1DFC,ver=1,seq=46,idx=1,off=96,len=96,crc=0x0D740BAB,hex=0A011508001106000E05000C04000B040009030007020006020005010004010003010002000001000000000000000000000000000000000000000000000000000000000000000000000000000000000000000000000000000000000000000000
K1DFC,ver=1,seq=46,idx=2,off=192,len=96,crc=0x57E939C9,hex=00000000000000000000000000000000000000000000000000000000000000000000000000000000000000000000000000000000000000000000000000000000000100000602000D0500170800230D01230D011708000D050006020001000000
K1DFC,ver=1,seq=46,idx=3,off=288,len=96,crc=0xBAF465AE,hex=000000000000000000000000000000000000000000000000000000000000000000000000000000000000000000000000000000000000000000000000000000000000000000000000000000000000000000000000000000000000000000000000
K1DFC,ver=1,seq=46,idx=4,off=384,len=96,crc=0x725D7316,hex=00000000000000000000000000000000000000000000000100000200000301000401000501000602000702000903000B04000C04000E0500110600150800160A01180D011C1002211502281A03302104392905443206503B075E4609523D0844
K1DFC,ver=1,seq=46,idx=5,off=480,len=32,crc=0x42ABCF9D,hex=33063729052D22042F23043C2D06544008785B0CA98010DFA615BE89128F610C
K1DFR,ver=1,seq=47,kind=2,frame=864,t_us=2246811715,flags=0,len=512,crc=0x9AF86DF1,chunks=6
K1DFC,ver=1,seq=47,idx=0,off=0,len=96,crc=0x8FA64474,hex=00FA0000A000E00179010000210000005E0F0000390D000000000000000000001F06000D020003000000000000000000000000000000000000000000000000000000000000000000000000000000000000000000000000000000000000000000
K1DFC,ver=1,seq=47,idx=1,off=96,len=96,crc=0xDD8A335E,hex=00000000000000000000000000000000000000000000000000000502001909013A1602692704A53E06AF4207712B04421902220E01120A01110C011912022319033022043D2C054D3707533B074731063C28053420042C1A03221302190D0112
K1DFC,ver=1,seq=47,idx=2,off=192,len=96,crc=0x88D4A1B2,hex=09010C05000903000702000502000401000301000200000100000000000000000000000000000000000000000000000000000000000000000000000000000000000000000201000A0701171102291F04291F041711020A070102010000000000
K1DFC,ver=1,seq=47,idx=3,off=288,len=96,crc=0xB03B9D61,hex=00000000000000000000000000000000000000000000000000000000000000000000000000000100000200000301000401000502000702000903000C0500120901190D012213022C1A033420043C2805473106533B074D37073D2C0530220423
K1DFC,ver=1,seq=47,idx=4,off=384,len=96,crc=0xEBDA1A78,hex=1903191202110C01120A01220E01421902712B04AF4207A53E066927043A160219090105020000000000000000000000000000000000000000000000000000000000000000000000000000000000000000000000000000000000000000000000
K1DFC,ver=1,seq=47,idx=5,off=480,len=32,crc=0xA7F96A1D,hex=00000000000000000000000000000000000000000000000300000D02001F0600
K1DFR,ver=1,seq=48,kind=2,frame=864,t_us=2246811715,flags=0,len=512,crc=0x2FA7A53F,chunks=6
K1DFC,ver=1,seq=48,idx=0,off=0,len=96,crc=0x304927D4,hex=01FA0000A000E00179010000140000005E0F0000390D000000000000000000001303000B020005010001000000000000000000000000000000000000000000000000000000000000000000000000000000000000000000000000000000000000
K1DFC,ver=1,seq=48,idx=1,off=96,len=96,crc=0xE5DC0B37,hex=000000000000000000000000000000000000000000000000000000000000000000000000000000000000000000000000000000000000000000000000000000000000000000000000000000000000000000000000000000000000000005030011
K1DFC,ver=1,seq=48,idx=2,off=192,len=96,crc=0x684E4669,hex=0D01251C03403106644C0A906E0EA07A10785B0C5943084231063326052D21042F2204382905412F063828053122042A1D032518032114021D10021A0E01190C01160A011709011B0A01220D012D11012D1101220D011B0A01170901160A0119
K1DFC,ver=1,seq=48,idx=3,off=288,len=96,crc=0xCF0533F5,hex=0C011A0E011D10022114022518032A1D03312204382805412F063829052F22042D2104332605423106594308785B0CA07A10906E0E644C0A403106251C03110D0105030000000000000000000000000000000000000000000000000000000000
K1DFC,ver=1,seq=48,idx=4,off=384,len=96,crc=0xBAF465AE,hex=000000000000000000000000000000000000000000000000000000000000000000000000000000000000000000000000000000000000000000000000000000000000000000000000000000000000000000000000000000000000000000000000
K1DFC,ver=1,seq=48,idx=5,off=480,len=32,crc=0x21D8B15A,hex=00000000000000000000000000000000000000000100000501000B0200130300
K1DF_END,ver=1,records=48,chunks=288,dropped=0,corrupt=0,overflowed=0
