[1781489341.014] #DEVICE role=main-k1 name=main-1401 port=/dev/cu.usbmodem12201 expected_chip_id=F887A500 env=k1_hardware
[1781489341.014] >>> :version
[1781489341.015] response_gain=3.000 silent_scale=1.000 silence=0 cal_source=config cal_valid=1 cal_reason=none | bpm=111.0 conf=0.00 lock=0 phase=0.44 beat=0 bstr=0.07 | onset=0 bass=0 ostr=0.00
[1781489341.015] [AP] SSL=176 DC=-4698 max_raw=313 follower=811 peak_scaled=0.578 response_gain=3.000 silent_scale=1.000 silence=0 cal_source=config cal_valid=1 cal_reason=none | bpm=111.0 conf=0.00 lock=0 phase=0.32 beat=0 bstr=0.04 | onset=1 bass=0 ostr=0.00
[1781489341.016] [AP] SSL=176 DC=-4698 max_raw=303 follower=723 peak_scaled=0.797 response_gain=3.000 silent_scale=1.000 silence=0 cal_source=config cal_valid=1 cal_reason=none | bpm=111.0 conf=0.00 lock=0 phase=0.15 beat=0 bstr=0.02 | onset=0 bass=1 ostr=0.03
[1781489341.016] [AP] SSL=176 DC=-4698 max_raw=234 follower=649 peak_scaled=0.582 response_gain=3.000 silent_scale=1.000 silence=0 cal_source=config cal_valid=1 cal_reason=none | bpm=111.0 conf=0.00 lock=0 phase=0.02 beat=0 bstr=0.02 | onset=0 bass=0 ostr=0.00
[1781489341.017] [AP] SSL=176 DC=-4698 max_raw=354 follower=625 peak_scaled=0.855 response_gain=3.000 silent_scale=1.000 silence=0 cal_source=config cal_valid=1 cal_reason=none | bpm=111.0 conf=0.00 lock=0 phase=0.89 beat=0 bstr=0.02 | onset=0 bass=1 ostr=0.02
[1781489341.017] [AP] SSL=176 DC=-4698 max_raw=253 follower=623 peak_scaled=0.465 response_gain=3.000 silent_scale=1.000 silence=0 cal_source=config cal_valid=1 cal_reason=none | bpm=90.0 conf=0.00 lock=0 phase=0.68 beat=0 bstr=0.14 | onset=0 bass=1 ostr=0.02
[1781489341.017] [AP] SSL=176 DC=-4698 max_raw=344 follower=560 peak_scaled=0.892 response_gain=3.000 silent_scale=1.000 silence=0 cal_source=config cal_valid=1 cal_reason=none | bpm=90.0 conf=0.00 lock=0 phase=0.20 beat=0 bstr=0.14 | onset=0 bass=1 ostr=0.02
[1781489341.018] [AP] SSL=176 DC=-4698 max_raw=298 follower=584 peak_scaled=0.624 response_gain=3.000 silent_scale=1.000 silence=0 cal_source=config cal_valid=1 cal_reason=none | bpm=90.0 conf=0.00 lock=0 phase=0.72 beat=0 bstr=0.19 | onset=1 bass=0 ostr=0.00
[1781489341.018] [AP] SSL=176 DC=-4698 max_raw=243 follower=512 peak_scaled=0.443 response_gain=3.000 silent_scale=1.000 silence=0 cal_source=config cal_valid=1 cal_reason=none | bpm=90.0 conf=0.00 lock=0 phase=0.20 beat=0 bstr=0.13 | onset=0 bass=0 ostr=0.00
[1781489341.019] [AP] SSL=176 DC=-4698 max_raw=243 follower=552 peak_scaled=0.614 response_gain=3.000 silent_scale=1.000 silence=0 cal_source=config cal_valid=1 cal_reason=none | bpm=90.0 conf=0.00 lock=0 phase=0.72 beat=0 bstr=0.05 | onset=0 bass=0 ostr=0.00
[1781489341.019] [AP] SSL=176 DC=-4698 max_raw=267 follower=505 peak_scaled=0.543 response_gain=3.000 silent_scale=1.000 silence=0 cal_source=config cal_valid=1 cal_reason=none | bpm=90.0 conf=0.00 lock=0 phase=0.24 beat=0 bstr=0.04 | onset=1 bass=0 ostr=0.00
[1781489341.020] [AP] SSL=176 DC=-4698 max_raw=212 follower=495 peak_scaled=0.649 response_gain=3.000 silent_scale=1.000 silence=0 cal_source=config cal_valid=1 cal_reason=none | bpm=90.0 conf=0.00 lock=0 phase=0.73 beat=0 bstr=0.09 | onset=0 bass=1 ostr=0.02
[1781489341.020] [AP] SSL=176 DC=-4698 max_raw=207 follower=426 peak_scaled=0.694 response_gain=3.000 silent_scale=1.000 silence=0 cal_source=config cal_valid=1 cal_reason=none | bpm=116.0 conf=0.00 lock=0 phase=0.61 beat=0 bstr=0.02 | onset=1 bass=0 ostr=0.00
[1781489341.025] sbr{{
[1781489341.025] VERSION: 40103
[1781489341.025] }}
[1781489341.824] >>> :chip_id
[1781489341.834] sbr{{
[1781489341.834] F887A500
[1781489341.834] }}
[1781489341.837] [AP] SSL=176 DC=-4698 max_raw=313 follower=444 peak_scaled=0.908 response_gain=3.000 silent_scale=1.000 silence=0 cal_source=config cal_valid=1 cal_reason=none | bpm=116.0 conf=0.00 lock=0 phase=0.57 beat=0 bstr=0.01 | onset=0 bass=1 ostr=0.04
[1781489342.841] [AP] SSL=176 DC=-4698 max_raw=202 follower=462 peak_scaled=0.720 response_gain=3.000 silent_scale=1.000 silence=0 cal_source=config cal_valid=1 cal_reason=none | bpm=116.0 conf=0.00 lock=0 phase=0.48 beat=0 bstr=0.01 | onset=0 bass=0 ostr=0.00
[1781489343.847] [AP] SSL=176 DC=-4698 max_raw=253 follower=489 peak_scaled=0.467 response_gain=3.000 silent_scale=1.000 silence=0 cal_source=config cal_valid=1 cal_reason=none | bpm=116.0 conf=0.00 lock=0 phase=0.44 beat=0 bstr=0.01 | onset=0 bass=1 ostr=0.02
[1781489344.851] [AP] SSL=176 DC=-4698 max_raw=238 follower=380 peak_scaled=0.576 response_gain=3.000 silent_scale=1.000 silence=0 cal_source=config cal_valid=1 cal_reason=none | bpm=116.0 conf=0.00 lock=0 phase=0.40 beat=0 bstr=0.06 | onset=0 bass=1 ostr=0.02
[1781489345.856] [AP] SSL=176 DC=-4698 max_raw=201 follower=407 peak_scaled=0.838 response_gain=3.000 silent_scale=1.000 silence=0 cal_source=config cal_valid=1 cal_reason=none | bpm=116.0 conf=0.00 lock=0 phase=0.31 beat=0 bstr=0.08 | onset=1 bass=0 ostr=0.00
[1781489346.255] >>> :stop
[1781489346.269] SBOK
[1781489347.167] >>> :vp_stream=off
[1781489347.169] sbr{{
[1781489347.169] VP_STREAM: off
[1781489347.169] }}
[1781489348.083] >>> :ap_stream=off
[1781489348.089] sbr{{
[1781489348.089] AP_STREAM: off
[1781489348.089] }}
[1781489349.003] >>> :dump
[1781489349.014] sbr{{
[1781489349.015] FIRMWARE_VERSION: 40103
[1781489349.015] CHIP ID: F887A500
[1781489349.015] noise_button.pressed: 0
[1781489349.015] noise_button.last_down: 0
[1781489349.015] noise_button.last_up: 0
[1781489349.015] noise_button.pin: 255
[1781489349.015] mode_button.pressed: 0
[1781489349.015] mode_button.last_down: 0
[1781489349.015] mode_button.last_up: 0
[1781489349.015] mode_button.pin: 255
[1781489349.016] CONFIG.PHOTONS: 0.650000
[1781489349.016] CONFIG.CHROMA: 0.000000
[1781489349.016] CONFIG.MOOD: 0.150000
[1781489349.016] CONFIG.LIGHTSHOW_MODE: 8
[1781489349.016] CONFIG.MIRROR_ENABLED: 1
[1781489349.016] CONFIG.CHROMAGRAM_RANGE: 60
[1781489349.016] CONFIG.SAMPLE_RATE: 12800
[1781489349.016] CONFIG.NOTE_OFFSET: 12
[1781489349.016] CONFIG.SQUARE_ITER: 1.00
[1781489349.016] CONFIG.LED_TYPE: 0
[1781489349.017] CONFIG.LED_COUNT: 160
[1781489349.017] CONFIG.LED_COLOR_ORDER: 66
[1781489349.017] CONFIG.SAMPLES_PER_CHUNK: 96
[1781489349.017] CONFIG.SENSITIVITY: 2.400000
[1781489349.017] AUDIO_RESPONSE_GAIN: 3.000000
[1781489349.017] CONFIG.BOOT_ANIMATION: 1
[1781489349.017] CONFIG.SWEET_SPOT_MIN_LEVEL: 176
[1781489349.017] CONFIG.SWEET_SPOT_MAX_LEVEL: 30000
[1781489349.018] CONFIG.DC_OFFSET: -4698
[1781489349.018] CAL_SOURCE: config
[1781489349.018] CAL_VALID: 1
[1781489349.018] CAL_PROFILE_LOADED: 0
[1781489349.018] NOISE_CAL_REASON: none
[1781489349.018] NOISE_CAL_DC_SAMPLES: 0
[1781489349.018] NOISE_CAL_SSL_P50: 0.0
[1781489349.018] NOISE_CAL_SSL_P90: 0.0
[1781489349.018] CONFIG.STANDBY_DIMMING: 0
[1781489349.018] CONFIG.REVERSE_ORDER: 0
[1781489349.019] CONFIG.MAX_CURRENT_MA: 1500
[1781489349.019] CONFIG.TEMPORAL_DITHERING: 1
[1781489349.019] CONFIG.AUTO_COLOR_SHIFT: 0
[1781489349.019] CONFIG.INCANDESCENT_FILTER: 0.00
[1781489349.019] CONFIG.INCANDESCENT_MODE: 0
[1781489349.019] CONFIG.BULB_OPACITY: 0.00
[1781489349.019] CONFIG.SATURATION: 1.00
[1781489349.019] CONFIG.PRISM_COUNT: 1.00
[1781489349.019] CONFIG.BASE_COAT: 0
[1781489349.019] CONFIG.BASE_COAT_INTENSITY: 0.000
[1781489349.019] MASTER_BRIGHTNESS: 1.00
[1781489349.020] stream_audio: 0
[1781489349.020] stream_fps: 0
[1781489349.020] stream_max_mags: 0
[1781489349.020] stream_max_mags_followers: 0
[1781489349.020] stream_magnitudes: 0
[1781489349.020] stream_spectrogram: 0
[1781489349.020] stream_chromagram: 0
[1781489349.020] debug_mode: 0
[1781489349.020] noise_complete: 1
[1781489349.020] noise_iterations: 0
[1781489349.020] next_save_time: 0
[1781489349.020] settings_updated: 0
[1781489349.020] I2S_PORT: 0
[1781489349.021] SAMPLE_HISTORY_LENGTH: 4096
[1781489349.021] silence: 0
[1781489349.021] mode_destination: -1
[1781489349.021] SYSTEM_FPS: 169.39
[1781489349.021] LED_FPS: 201.23
[1781489349.021] }}
[1781489349.916] >>> :smart_status
[1781489349.933] sbr{{
[1781489349.933] SMART_ASSIST: off
[1781489349.933] SMART_SWITCHING: off
[1781489349.934] SMART_DIRECTOR_AUTONOMY: off
[1781489349.934] SMART_HOOKS: off
[1781489349.934] SMART_CONFIDENCE_FLOOR: 0.080
[1781489349.934] SMART_APPLIED_MODE: 3
[1781489349.934] SMART_LAST_REQUESTED_MODE: 3
[1781489349.934] SMART_SWITCHES_IN_WINDOW: 0
[1781489349.934] SMART_MANUAL_OWNER_ACTIVE: 0
[1781489349.934] SMART_LAST_REASON: 0
[1781489349.934] SMART_STATE: 0
[1781489349.934] SMART_INTENT_MODE: 3
[1781489349.934] SMART_INTENT_CONFIDENCE: 0.000
[1781489349.934] SMART_INTENT_WANTS_SWITCH: 0
[1781489349.935] SMART_SCALAR_PHOTONS: 1.000
[1781489349.935] SMART_SCALAR_CHROMA: 1.000
[1781489349.935] SMART_SCALAR_MOOD: 1.000
[1781489349.935] SMART_SCALAR_SATURATION: 1.000
[1781489349.935] SMART_PALETTE_OVERLAY: 0
[1781489349.935] SMART_PALETTE_INDEX: 0
[1781489349.935] SMART_AUTO_COLOUR_SHIFT: 0
[1781489349.936] SMART_MIN_DWELL_MS: 8000
[1781489349.936] SMART_COOLDOWN_MS: 20000
[1781489349.936] SMART_SWITCH_WINDOW_MS: 60000
[1781489349.936] SMART_MAX_SWITCHES: 2
[1781489349.936] SMART_AUDIO_NOVELTY: 0.0322
[1781489349.936] SMART_AUDIO_ENERGY: 0.2441
[1781489349.936] SMART_EVENT_ID: 287
[1781489349.936] SMART_EVENT_AGE_MS: 369
[1781489349.936] SMART_ONSET: 0
[1781489349.936] SMART_BASS_ONSET: 0
[1781489349.937] SMART_BEAT_CONFIDENCE: 0.000
[1781489349.937] SMART_TRANSIENT: 0
[1781489349.937] SMART_KICK: 0
[1781489349.937] SMART_SNARE: 0
[1781489349.937] SMART_HIHAT: 0
[1781489349.937] SMART_TRANSIENT_LEVEL: 0.000
[1781489349.937] SMART_KICK_LEVEL: 0.000
[1781489349.937] SMART_SNARE_LEVEL: 0.000
[1781489349.937] SMART_HIHAT_LEVEL: 0.024
[1781489349.937] SMART_SNARE_EVENT_ID: 99
[1781489349.937] SMART_HIHAT_EVENT_ID: 422
[1781489349.937] }}
[1781489350.829] >>> :vp_status
[1781489350.834] sbr{{
[1781489350.834] VP_PROFILE: candidate
[1781489350.834] VP_FIXES: agc_soft=on chroma_gate=on prism_off=on bloom_decay=off hsv_source_sat=on secondary_clean=on
[1781489350.834] VP_STREAM: off
[1781489350.834] AP_STREAM: off
[1781489350.835] VP_BLOOM: alpha=0.9900 shift=1.0000 force_sat=on
[1781489350.836] VP_WAVEFORM: idle_fade=0.9850 raw_margin=1.1000 peak_floor=0.0800 active_fade=0.0400 blend_gain=2.0000 fallback=1.0000 vu_floor=0.0200 shift_rate=120.0000
[1781489350.838] VP_CHROMA: seq=7259 range=60 profile=0 gate_gain=0.1406 pre_max=0.2837 pre_mean=0.2533 norm_max=1.0082 norm_mean=0.9001 flatness=0.1081 final_max=0.1277 final_mean=0.1125
[1781489350.838] VP_AGC: gain=0.5390 envelope=0.4600 floor=0.0010 gated=false
[1781489350.838] VP_RENDER_US: last=656 avg=662 max=1021
[1781489350.838] }}
[1781489351.744] >>> :vp_perf=status
[1781489351.759] sbr{{
[1781489351.759] VP_PERF: disabled (compile with ENABLE_VP_PERF_AUDIT=1)
[1781489351.759] }}
[1781489352.646] >>> :ap_stream=on
[1781489352.659] sbr{{
[1781489352.659] AP_STREAM: on
[1781489352.659] }}
[1781489352.662] [AP] SSL=176 DC=-4698 max_raw=133 follower=377 peak_scaled=0.450 response_gain=3.000 silent_scale=1.000 silence=0 cal_source=config cal_valid=1 cal_reason=none | bpm=109.0 conf=0.00 lock=0 phase=0.99 beat=0 bstr=0.03 | onset=0 bass=1 ostr=0.02
[1781489353.356] >>> :vp_stream=on
[1781489353.379] sbr{{
[1781489353.380] VP_STREAM: on
[1781489353.380] }}
[1781489353.386] [VP] profile=candidate fix=111011 chroma_seq=7770 chroma_flatness=0.0563 chroma_norm_max=0.9913 chroma_norm_mean=0.9350 chroma_final_max=0.0000 chroma_final_mean=0.0000 agc_gain=0.5141 bloom_alpha=0.9900 bloom_shift=1.0000 wave_idle=0.9850 wave_raw_margin=1.1000 wave_peak_floor=0.0800 wave_vu_floor=0.0200 wave_shift=120.0000 render_us=609 render_avg=607 render_max=1021
[1781489353.671] [AP] SSL=176 DC=-4698 max_raw=178 follower=330 peak_scaled=0.447 response_gain=3.000 silent_scale=1.000 silence=0 cal_source=config cal_valid=1 cal_reason=none | bpm=109.0 conf=0.00 lock=0 phase=0.83 beat=0 bstr=0.03 | onset=0 bass=0 ostr=0.00
[1781489354.075] >>> :smart_status
[1781489354.099] sbr{{
[1781489354.099] SMART_ASSIST: off
[1781489354.099] SMART_SWITCHING: off
[1781489354.099] SMART_DIRECTOR_AUTONOMY: off
[1781489354.099] SMART_HOOKS: off
[1781489354.099] SMART_CONFIDENCE_FLOOR: 0.080
[1781489354.099] SMART_APPLIED_MODE: 3
[1781489354.099] SMART_LAST_REQUESTED_MODE: 3
[1781489354.099] SMART_SWITCHES_IN_WINDOW: 0
[1781489354.099] SMART_MANUAL_OWNER_ACTIVE: 0
[1781489354.099] SMART_LAST_REASON: 0
[1781489354.099] SMART_STATE: 0
[1781489354.100] SMART_INTENT_MODE: 3
[1781489354.100] SMART_INTENT_CONFIDENCE: 0.000
[1781489354.100] SMART_INTENT_WANTS_SWITCH: 0
[1781489354.100] SMART_SCALAR_PHOTONS: 1.000
[1781489354.100] SMART_SCALAR_CHROMA: 1.000
[1781489354.100] SMART_SCALAR_MOOD: 1.000
[1781489354.100] SMART_SCALAR_SATURATION: 1.000
[1781489354.100] SMART_PALETTE_OVERLAY: 0
[1781489354.100] SMART_PALETTE_INDEX: 0
[1781489354.100] SMART_AUTO_COLOUR_SHIFT: 0
[1781489354.101] SMART_MIN_DWELL_MS: 8000
[1781489354.101] SMART_COOLDOWN_MS: 20000
[1781489354.101] SMART_SWITCH_WINDOW_MS: 60000
[1781489354.101] SMART_MAX_SWITCHES: 2
[1781489354.101] SMART_AUDIO_NOVELTY: 0.0343
[1781489354.101] SMART_AUDIO_ENERGY: 0.2480
[1781489354.101] SMART_EVENT_ID: 321
[1781489354.101] SMART_EVENT_AGE_MS: 50
[1781489354.101] SMART_ONSET: 0
[1781489354.101] SMART_BASS_ONSET: 1
[1781489354.101] SMART_BEAT_CONFIDENCE: 0.000
[1781489354.101] SMART_TRANSIENT: 0
[1781489354.101] SMART_KICK: 0
[1781489354.102] SMART_SNARE: 0
[1781489354.102] SMART_HIHAT: 0
[1781489354.102] SMART_TRANSIENT_LEVEL: 0.002
[1781489354.102] SMART_KICK_LEVEL: 0.008
[1781489354.102] SMART_SNARE_LEVEL: 0.008
[1781489354.103] SMART_HIHAT_LEVEL: 0.029
[1781489354.103] SMART_SNARE_EVENT_ID: 109
[1781489354.103] SMART_HIHAT_EVENT_ID: 479
[1781489354.103] }}
[1781489354.385] [VP] profile=candidate fix=111011 chroma_seq=7971 chroma_flatness=0.0729 chroma_norm_max=0.9919 chroma_norm_mean=0.9191 chroma_final_max=0.0000 chroma_final_mean=0.0000 agc_gain=0.5131 bloom_alpha=0.9900 bloom_shift=1.0000 wave_idle=0.9850 wave_raw_margin=1.1000 wave_peak_floor=0.0800 wave_vu_floor=0.0200 wave_shift=120.0000 render_us=603 render_avg=595 render_max=1021
[1781489354.676] [AP] SSL=176 DC=-4698 max_raw=183 follower=344 peak_scaled=0.829 response_gain=3.000 silent_scale=1.000 silence=0 cal_source=config cal_valid=1 cal_reason=none | bpm=109.0 conf=0.00 lock=0 phase=0.63 beat=0 bstr=0.03 | onset=0 bass=1 ostr=0.02
[1781489355.386] [VP] profile=candidate fix=111011 chroma_seq=8172 chroma_flatness=0.1198 chroma_norm_max=1.0123 chroma_norm_mean=0.8925 chroma_final_max=0.1818 chroma_final_mean=0.1579 agc_gain=0.5387 bloom_alpha=0.9900 bloom_shift=1.0000 wave_idle=0.9850 wave_raw_margin=1.1000 wave_peak_floor=0.0800 wave_vu_floor=0.0200 wave_shift=120.0000 render_us=647 render_avg=672 render_max=1021
[1781489355.681] [AP] SSL=176 DC=-4698 max_raw=234 follower=254 peak_scaled=0.574 response_gain=3.000 silent_scale=1.000 silence=0 cal_source=config cal_valid=1 cal_reason=none | bpm=109.0 conf=0.00 lock=0 phase=0.47 beat=0 bstr=0.04 | onset=0 bass=1 ostr=0.02
[1781489356.401] [VP] profile=candidate fix=111011 chroma_seq=8375 chroma_flatness=0.0865 chroma_norm_max=0.9410 chroma_norm_mean=0.8584 chroma_final_max=0.0108 chroma_final_mean=0.0097 agc_gain=0.5270 bloom_alpha=0.9900 bloom_shift=1.0000 wave_idle=0.9850 wave_raw_margin=1.1000 wave_peak_floor=0.0800 wave_vu_floor=0.0200 wave_shift=120.0000 render_us=672 render_avg=700 render_max=1021
[1781489356.686] [AP] SSL=176 DC=-4698 max_raw=188 follower=219 peak_scaled=0.476 response_gain=3.000 silent_scale=1.000 silence=0 cal_source=config cal_valid=1 cal_reason=none | bpm=109.0 conf=0.00 lock=0 phase=0.31 beat=0 bstr=0.03 | onset=0 bass=0 ostr=0.00
[1781489357.411] [VP] profile=candidate fix=111011 chroma_seq=8578 chroma_flatness=0.1392 chroma_norm_max=1.0403 chroma_norm_mean=0.9012 chroma_final_max=0.2782 chroma_final_mean=0.2371 agc_gain=0.5353 bloom_alpha=0.9900 bloom_shift=1.0000 wave_idle=0.9850 wave_raw_margin=1.1000 wave_peak_floor=0.0800 wave_vu_floor=0.0200 wave_shift=120.0000 render_us=729 render_avg=659 render_max=1021
[1781489357.692] [AP] SSL=176 DC=-4698 max_raw=193 follower=373 peak_scaled=0.740 response_gain=3.000 silent_scale=1.000 silence=0 cal_source=config cal_valid=1 cal_reason=none | bpm=109.0 conf=0.00 lock=0 phase=0.11 beat=0 bstr=0.02 | onset=1 bass=0 ostr=0.00
[1781489358.415] [VP] profile=candidate fix=111011 chroma_seq=8780 chroma_flatness=0.0681 chroma_norm_max=0.9771 chroma_norm_mean=0.9090 chroma_final_max=0.0000 chroma_final_mean=0.0000 agc_gain=0.5178 bloom_alpha=0.9900 bloom_shift=1.0000 wave_idle=0.9850 wave_raw_margin=1.1000 wave_peak_floor=0.0800 wave_vu_floor=0.0200 wave_shift=120.0000 render_us=538 render_avg=643 render_max=1021
[1781489358.697] [AP] SSL=176 DC=-4698 max_raw=128 follower=230 peak_scaled=0.308 response_gain=3.000 silent_scale=1.000 silence=0 cal_source=config cal_valid=1 cal_reason=none | bpm=109.0 conf=0.00 lock=0 phase=0.94 beat=0 bstr=0.04 | onset=0 bass=0 ostr=0.00
[1781489359.415] [VP] profile=candidate fix=111011 chroma_seq=8981 chroma_flatness=0.1150 chroma_norm_max=1.0191 chroma_norm_mean=0.9041 chroma_final_max=0.1607 chroma_final_mean=0.1406 agc_gain=0.5169 bloom_alpha=0.9900 bloom_shift=1.0000 wave_idle=0.9850 wave_raw_margin=1.1000 wave_peak_floor=0.0800 wave_vu_floor=0.0200 wave_shift=120.0000 render_us=655 render_avg=625 render_max=1021
[1781489359.702] [AP] SSL=176 DC=-4698 max_raw=152 follower=236 peak_scaled=0.456 response_gain=3.000 silent_scale=1.000 silence=0 cal_source=config cal_valid=1 cal_reason=none | bpm=109.0 conf=0.00 lock=0 phase=0.79 beat=0 bstr=0.02 | onset=1 bass=0 ostr=0.00
[1781489360.416] [VP] profile=candidate fix=111011 chroma_seq=9182 chroma_flatness=0.0729 chroma_norm_max=0.9459 chroma_norm_mean=0.8730 chroma_final_max=0.0000 chroma_final_mean=0.0000 agc_gain=0.5070 bloom_alpha=0.9900 bloom_shift=1.0000 wave_idle=0.9850 wave_raw_margin=1.1000 wave_peak_floor=0.0800 wave_vu_floor=0.0200 wave_shift=120.0000 render_us=600 render_avg=641 render_max=1021
[1781489360.707] [AP] SSL=176 DC=-4698 max_raw=97 follower=269 peak_scaled=0.272 response_gain=3.000 silent_scale=1.000 silence=0 cal_source=config cal_valid=1 cal_reason=none | bpm=109.0 conf=0.00 lock=0 phase=0.59 beat=0 bstr=0.02 | onset=0 bass=0 ostr=0.00
[1781489361.416] [VP] profile=candidate fix=111011 chroma_seq=9383 chroma_flatness=0.1472 chroma_norm_max=1.0200 chroma_norm_mean=0.8728 chroma_final_max=0.3090 chroma_final_mean=0.2596 agc_gain=0.4820 bloom_alpha=0.9900 bloom_shift=1.0000 wave_idle=0.9850 wave_raw_margin=1.1000 wave_peak_floor=0.0800 wave_vu_floor=0.0200 wave_shift=120.0000 render_us=690 render_avg=678 render_max=1021
[1781489361.712] [AP] SSL=176 DC=-4698 max_raw=322 follower=367 peak_scaled=1.087 response_gain=3.000 silent_scale=1.000 silence=0 cal_source=config cal_valid=1 cal_reason=none | bpm=109.0 conf=0.00 lock=0 phase=0.42 beat=0 bstr=0.01 | onset=0 bass=0 ostr=0.00
[1781489362.421] [VP] profile=candidate fix=111011 chroma_seq=9585 chroma_flatness=0.1820 chroma_norm_max=1.0704 chroma_norm_mean=0.8885 chroma_final_max=0.4947 chroma_final_mean=0.4020 agc_gain=0.4697 bloom_alpha=0.9900 bloom_shift=1.0000 wave_idle=0.9850 wave_raw_margin=1.1000 wave_peak_floor=0.0800 wave_vu_floor=0.0200 wave_shift=120.0000 render_us=699 render_avg=717 render_max=1021
[1781489362.718] [AP] SSL=176 DC=-4698 max_raw=284 follower=312 peak_scaled=0.728 response_gain=3.000 silent_scale=1.000 silence=0 cal_source=config cal_valid=1 cal_reason=none | bpm=90.0 conf=0.00 lock=0 phase=0.22 beat=0 bstr=0.15 | onset=0 bass=1 ostr=0.02
[1781489363.421] [VP] profile=candidate fix=111011 chroma_seq=9786 chroma_flatness=0.0882 chroma_norm_max=0.9795 chroma_norm_mean=0.8912 chroma_final_max=0.0363 chroma_final_mean=0.0326 agc_gain=0.4573 bloom_alpha=0.9900 bloom_shift=1.0000 wave_idle=0.9850 wave_raw_margin=1.1000 wave_peak_floor=0.0800 wave_vu_floor=0.0200 wave_shift=120.0000 render_us=672 render_avg=657 render_max=1021
[1781489363.721] [AP] SSL=176 DC=-4698 max_raw=166 follower=295 peak_scaled=0.599 response_gain=3.000 silent_scale=1.000 silence=0 cal_source=config cal_valid=1 cal_reason=none | bpm=90.0 conf=0.00 lock=0 phase=0.71 beat=0 bstr=0.10 | onset=1 bass=0 ostr=0.00
[1781489364.431] [VP] profile=candidate fix=111011 chroma_seq=9989 chroma_flatness=0.1240 chroma_norm_max=1.0081 chroma_norm_mean=0.8840 chroma_final_max=0.2000 chroma_final_mean=0.1727 agc_gain=0.4988 bloom_alpha=0.9900 bloom_shift=1.0000 wave_idle=0.9850 wave_raw_margin=1.1000 wave_peak_floor=0.0800 wave_vu_floor=0.0200 wave_shift=120.0000 render_us=641 render_avg=731 render_max=1021
[1781489364.727] [AP] SSL=176 DC=-4698 max_raw=234 follower=233 peak_scaled=0.681 response_gain=3.000 silent_scale=1.000 silence=0 cal_source=config cal_valid=1 cal_reason=none | bpm=90.0 conf=0.00 lock=0 phase=0.22 beat=0 bstr=0.17 | onset=0 bass=0 ostr=0.00
[1781489365.436] [VP] profile=candidate fix=111011 chroma_seq=10191 chroma_flatness=0.1058 chroma_norm_max=1.0102 chroma_norm_mean=0.9045 chroma_final_max=0.1173 chroma_final_mean=0.1036 agc_gain=0.4745 bloom_alpha=0.9900 bloom_shift=1.0000 wave_idle=0.9850 wave_raw_margin=1.1000 wave_peak_floor=0.0800 wave_vu_floor=0.0200 wave_shift=120.0000 render_us=659 render_avg=678 render_max=1021
[1781489365.731] [AP] SSL=176 DC=-4698 max_raw=183 follower=287 peak_scaled=0.337 response_gain=3.000 silent_scale=1.000 silence=0 cal_source=config cal_valid=1 cal_reason=none | bpm=90.0 conf=0.00 lock=0 phase=0.74 beat=0 bstr=0.14 | onset=1 bass=0 ostr=0.00
[1781489366.436] [VP] profile=candidate fix=111011 chroma_seq=10392 chroma_flatness=0.1143 chroma_norm_max=1.0267 chroma_norm_mean=0.9124 chroma_final_max=0.1590 chroma_final_mean=0.1394 agc_gain=0.4761 bloom_alpha=0.9900 bloom_shift=1.0000 wave_idle=0.9850 wave_raw_margin=1.1000 wave_peak_floor=0.0800 wave_vu_floor=0.0200 wave_shift=120.0000 render_us=659 render_avg=694 render_max=1021
[1781489366.737] [AP] SSL=176 DC=-4698 max_raw=229 follower=441 peak_scaled=0.346 response_gain=3.000 silent_scale=1.000 silence=0 cal_source=config cal_valid=1 cal_reason=none | bpm=90.0 conf=0.00 lock=0 phase=0.23 beat=0 bstr=0.21 | onset=1 bass=0 ostr=0.00
[1781489367.436] [VP] profile=candidate fix=111011 chroma_seq=10593 chroma_flatness=0.0567 chroma_norm_max=0.8885 chroma_norm_mean=0.8319 chroma_final_max=0.0000 chroma_final_mean=0.0000 agc_gain=0.4840 bloom_alpha=0.9900 bloom_shift=1.0000 wave_idle=0.9850 wave_raw_margin=1.1000 wave_peak_floor=0.0800 wave_vu_floor=0.0200 wave_shift=120.0000 render_us=607 render_avg=624 render_max=1021
[1781489367.742] [AP] SSL=176 DC=-4698 max_raw=262 follower=304 peak_scaled=0.633 response_gain=3.000 silent_scale=1.000 silence=0 cal_source=config cal_valid=1 cal_reason=none | bpm=90.0 conf=0.00 lock=0 phase=0.74 beat=0 bstr=0.15 | onset=0 bass=0 ostr=0.00
[1781489368.436] [VP] profile=candidate fix=111011 chroma_seq=10794 chroma_flatness=0.1411 chroma_norm_max=1.0430 chroma_norm_mean=0.9019 chroma_final_max=0.2883 chroma_final_mean=0.2452 agc_gain=0.4258 bloom_alpha=0.9900 bloom_shift=1.0000 wave_idle=0.9850 wave_raw_margin=1.1000 wave_peak_floor=0.0800 wave_vu_floor=0.0200 wave_shift=120.0000 render_us=684 render_avg=649 render_max=1021
[1781489368.747] [AP] SSL=176 DC=-4698 max_raw=142 follower=394 peak_scaled=0.492 response_gain=3.000 silent_scale=1.000 silence=0 cal_source=config cal_valid=1 cal_reason=none | bpm=85.0 conf=0.00 lock=0 phase=0.24 beat=0 bstr=0.20 | onset=0 bass=0 ostr=0.00
[1781489369.441] [VP] profile=candidate fix=111011 chroma_seq=10996 chroma_flatness=0.1414 chroma_norm_max=0.9115 chroma_norm_mean=0.7701 chroma_final_max=0.2490 chroma_final_mean=0.2056 agc_gain=0.4133 bloom_alpha=0.9900 bloom_shift=1.0000 wave_idle=0.9850 wave_raw_margin=1.1000 wave_peak_floor=0.0800 wave_vu_floor=0.0200 wave_shift=120.0000 render_us=640 render_avg=656 render_max=1021
[1781489369.752] [AP] SSL=176 DC=-4698 max_raw=157 follower=393 peak_scaled=0.560 response_gain=3.000 silent_scale=1.000 silence=0 cal_source=config cal_valid=1 cal_reason=none | bpm=85.0 conf=0.00 lock=0 phase=0.64 beat=0 bstr=0.14 | onset=0 bass=1 ostr=0.02
[1781489370.441] [VP] profile=candidate fix=111011 chroma_seq=11197 chroma_flatness=0.0970 chroma_norm_max=0.9460 chroma_norm_mean=0.8491 chroma_final_max=0.0718 chroma_final_mean=0.0636 agc_gain=0.4760 bloom_alpha=0.9900 bloom_shift=1.0000 wave_idle=0.9850 wave_raw_margin=1.1000 wave_peak_floor=0.0800 wave_vu_floor=0.0200 wave_shift=120.0000 render_us=650 render_avg=647 render_max=1021
[1781489370.757] [AP] SSL=176 DC=-4698 max_raw=258 follower=410 peak_scaled=0.703 response_gain=3.000 silent_scale=1.000 silence=0 cal_source=config cal_valid=1 cal_reason=none | bpm=85.0 conf=0.00 lock=0 phase=0.07 beat=0 bstr=0.11 | onset=0 bass=1 ostr=0.02
[1781489371.441] [VP] profile=candidate fix=111011 chroma_seq=11398 chroma_flatness=0.0933 chroma_norm_max=0.9653 chroma_norm_mean=0.8720 chroma_final_max=0.0577 chroma_final_mean=0.0515 agc_gain=0.3965 bloom_alpha=0.9900 bloom_shift=1.0000 wave_idle=0.9850 wave_raw_margin=1.1000 wave_peak_floor=0.0800 wave_vu_floor=0.0200 wave_shift=120.0000 render_us=649 render_avg=662 render_max=1021
[1781489371.765] [AP] SSL=176 DC=-4698 max_raw=193 follower=371 peak_scaled=0.169 response_gain=3.000 silent_scale=1.000 silence=0 cal_source=config cal_valid=1 cal_reason=none | bpm=85.0 conf=0.00 lock=0 phase=0.51 beat=0 bstr=0.05 | onset=1 bass=0 ostr=0.00
[1781489372.441] [VP] profile=candidate fix=111011 chroma_seq=11599 chroma_flatness=0.1417 chroma_norm_max=0.9964 chroma_norm_mean=0.8547 chroma_final_max=0.2764 chroma_final_mean=0.2327 agc_gain=0.4535 bloom_alpha=0.9900 bloom_shift=1.0000 wave_idle=0.9850 wave_raw_margin=1.1000 wave_peak_floor=0.0800 wave_vu_floor=0.0200 wave_shift=120.0000 render_us=790 render_avg=720 render_max=1021
[1781489372.767] [AP] SSL=176 DC=-4698 max_raw=138 follower=301 peak_scaled=0.322 response_gain=3.000 silent_scale=1.000 silence=0 cal_source=config cal_valid=1 cal_reason=none | bpm=85.0 conf=0.00 lock=0 phase=0.92 beat=0 bstr=0.17 | onset=0 bass=0 ostr=0.00
[1781489373.446] [VP] profile=candidate fix=111011 chroma_seq=11800 chroma_flatness=0.1343 chroma_norm_max=1.0287 chroma_norm_mean=0.8951 chroma_final_max=0.2489 chroma_final_mean=0.2131 agc_gain=0.5010 bloom_alpha=0.9900 bloom_shift=1.0000 wave_idle=0.9850 wave_raw_margin=1.1000 wave_peak_floor=0.0800 wave_vu_floor=0.0200 wave_shift=120.0000 render_us=693 render_avg=719 render_max=1021
[1781489373.772] [AP] SSL=176 DC=-4698 max_raw=97 follower=287 peak_scaled=0.839 response_gain=3.000 silent_scale=1.000 silence=0 cal_source=config cal_valid=1 cal_reason=none | bpm=85.0 conf=0.00 lock=0 phase=0.35 beat=0 bstr=0.15 | onset=1 bass=0 ostr=0.00
[1781489374.447] [VP] profile=candidate fix=111011 chroma_seq=12001 chroma_flatness=0.1098 chroma_norm_max=0.9628 chroma_norm_mean=0.8576 chroma_final_max=0.1089 chroma_final_mean=0.0956 agc_gain=0.4803 bloom_alpha=0.9900 bloom_shift=1.0000 wave_idle=0.9850 wave_raw_margin=1.1000 wave_peak_floor=0.0800 wave_vu_floor=0.0200 wave_shift=120.0000 render_us=681 render_avg=706 render_max=1021
[1781489374.777] [AP] SSL=176 DC=-4698 max_raw=134 follower=382 peak_scaled=0.432 response_gain=3.000 silent_scale=1.000 silence=0 cal_source=config cal_valid=1 cal_reason=none | bpm=85.0 conf=0.00 lock=0 phase=0.78 beat=0 bstr=0.11 | onset=0 bass=0 ostr=0.00
[1781489375.456] [VP] profile=candidate fix=111011 chroma_seq=12205 chroma_flatness=0.1431 chroma_norm_max=0.9323 chroma_norm_mean=0.7891 chroma_final_max=0.2628 chroma_final_mean=0.2176 agc_gain=0.4372 bloom_alpha=0.9900 bloom_shift=1.0000 wave_idle=0.9850 wave_raw_margin=1.1000 wave_peak_floor=0.0800 wave_vu_floor=0.0200 wave_shift=120.0000 render_us=688 render_avg=699 render_max=1021
[1781489375.782] [AP] SSL=176 DC=-4698 max_raw=124 follower=391 peak_scaled=0.683 response_gain=3.000 silent_scale=1.000 silence=0 cal_source=config cal_valid=1 cal_reason=none | bpm=85.0 conf=0.00 lock=0 phase=0.19 beat=0 bstr=0.14 | onset=0 bass=1 ostr=0.01
[1781489376.461] [VP] profile=candidate fix=111011 chroma_seq=12407 chroma_flatness=0.1519 chroma_norm_max=1.0779 chroma_norm_mean=0.9259 chroma_final_max=0.3517 chroma_final_mean=0.2971 agc_gain=0.4842 bloom_alpha=0.9900 bloom_shift=1.0000 wave_idle=0.9850 wave_raw_margin=1.1000 wave_peak_floor=0.0800 wave_vu_floor=0.0200 wave_shift=120.0000 render_us=679 render_avg=663 render_max=1021
[1781489376.787] [AP] SSL=176 DC=-4698 max_raw=147 follower=364 peak_scaled=0.718 response_gain=3.000 silent_scale=1.000 silence=0 cal_source=config cal_valid=1 cal_reason=none | bpm=85.0 conf=0.00 lock=0 phase=0.62 beat=0 bstr=0.09 | onset=0 bass=0 ostr=0.00
[1781489377.461] [VP] profile=candidate fix=111011 chroma_seq=12608 chroma_flatness=0.1428 chroma_norm_max=0.9221 chroma_norm_mean=0.7793 chroma_final_max=0.2580 chroma_final_mean=0.2132 agc_gain=0.4004 bloom_alpha=0.9900 bloom_shift=1.0000 wave_idle=0.9850 wave_raw_margin=1.1000 wave_peak_floor=0.0800 wave_vu_floor=0.0200 wave_shift=120.0000 render_us=724 render_avg=688 render_max=1021
[1781489377.792] [AP] SSL=176 DC=-4698 max_raw=362 follower=486 peak_scaled=0.809 response_gain=3.000 silent_scale=1.000 silence=0 cal_source=config cal_valid=1 cal_reason=none | bpm=100.0 conf=0.00 lock=0 phase=0.14 beat=0 bstr=0.02 | onset=0 bass=0 ostr=0.00
[1781489378.472] [VP] profile=candidate fix=111011 chroma_seq=12811 chroma_flatness=0.0811 chroma_norm_max=1.0457 chroma_norm_mean=0.9646 chroma_final_max=0.0052 chroma_final_mean=0.0047 agc_gain=0.4782 bloom_alpha=0.9900 bloom_shift=1.0000 wave_idle=0.9850 wave_raw_margin=1.1000 wave_peak_floor=0.0800 wave_vu_floor=0.0200 wave_shift=120.0000 render_us=677 render_avg=642 render_max=1021
[1781489378.797] [AP] SSL=176 DC=-4698 max_raw=243 follower=470 peak_scaled=0.676 response_gain=3.000 silent_scale=1.000 silence=0 cal_source=config cal_valid=1 cal_reason=none | bpm=100.0 conf=0.00 lock=0 phase=0.79 beat=0 bstr=0.01 | onset=1 bass=0 ostr=0.00
[1781489379.486] [VP] profile=candidate fix=111011 chroma_seq=13015 chroma_flatness=0.0823 chroma_norm_max=0.9394 chroma_norm_mean=0.8571 chroma_final_max=0.0096 chroma_final_mean=0.0086 agc_gain=0.4388 bloom_alpha=0.9900 bloom_shift=1.0000 wave_idle=0.9850 wave_raw_margin=1.1000 wave_peak_floor=0.0800 wave_vu_floor=0.0200 wave_shift=120.0000 render_us=669 render_avg=650 render_max=1021
[1781489379.803] [AP] SSL=176 DC=-4698 max_raw=196 follower=422 peak_scaled=0.355 response_gain=3.000 silent_scale=1.000 silence=0 cal_source=config cal_valid=1 cal_reason=none | bpm=100.0 conf=0.00 lock=0 phase=0.47 beat=0 bstr=0.02 | onset=0 bass=0 ostr=0.00
[1781489380.486] [VP] profile=candidate fix=111011 chroma_seq=13216 chroma_flatness=0.1965 chroma_norm_max=1.0568 chroma_norm_mean=0.8603 chroma_final_max=0.5575 chroma_final_mean=0.4430 agc_gain=0.4846 bloom_alpha=0.9900 bloom_shift=1.0000 wave_idle=0.9850 wave_raw_margin=1.1000 wave_peak_floor=0.0800 wave_vu_floor=0.0200 wave_shift=120.0000 render_us=725 render_avg=681 render_max=1021
[1781489380.808] [AP] SSL=176 DC=-4698 max_raw=284 follower=344 peak_scaled=0.854 response_gain=3.000 silent_scale=1.000 silence=0 cal_source=config cal_valid=1 cal_reason=none | bpm=100.0 conf=0.00 lock=0 phase=0.16 beat=0 bstr=0.08 | onset=0 bass=1 ostr=0.02
[1781489381.487] [VP] profile=candidate fix=111011 chroma_seq=13417 chroma_flatness=0.2149 chroma_norm_max=1.1020 chroma_norm_mean=0.8871 chroma_final_max=0.6758 chroma_final_mean=0.5309 agc_gain=0.4338 bloom_alpha=0.9900 bloom_shift=1.0000 wave_idle=0.9850 wave_raw_margin=1.1000 wave_peak_floor=0.0800 wave_vu_floor=0.0200 wave_shift=120.0000 render_us=686 render_avg=678 render_max=1021
[1781489381.812] [AP] SSL=176 DC=-4698 max_raw=311 follower=424 peak_scaled=0.694 response_gain=3.000 silent_scale=1.000 silence=0 cal_source=config cal_valid=1 cal_reason=none | bpm=100.0 conf=0.00 lock=0 phase=0.81 beat=0 bstr=0.05 | onset=0 bass=0 ostr=0.00
[1781489382.492] [VP] profile=candidate fix=111011 chroma_seq=13620 chroma_flatness=0.1177 chroma_norm_max=0.9974 chroma_norm_mean=0.8797 chroma_final_max=0.1691 chroma_final_mean=0.1469 agc_gain=0.4039 bloom_alpha=0.9900 bloom_shift=1.0000 wave_idle=0.9850 wave_raw_margin=1.1000 wave_peak_floor=0.0800 wave_vu_floor=0.0200 wave_shift=120.0000 render_us=683 render_avg=686 render_max=1021
[1781489382.818] [AP] SSL=176 DC=-4698 max_raw=334 follower=709 peak_scaled=0.772 response_gain=3.000 silent_scale=1.000 silence=0 cal_source=config cal_valid=1 cal_reason=none | bpm=100.0 conf=0.00 lock=0 phase=0.50 beat=0 bstr=0.04 | onset=0 bass=0 ostr=0.00
[1781489383.492] [VP] profile=candidate fix=111011 chroma_seq=13821 chroma_flatness=0.1479 chroma_norm_max=0.7792 chroma_norm_mean=0.6312 chroma_final_max=0.2308 chroma_final_mean=0.1805 agc_gain=0.2734 bloom_alpha=0.9900 bloom_shift=1.0000 wave_idle=0.9850 wave_raw_margin=1.1000 wave_peak_floor=0.0800 wave_vu_floor=0.0200 wave_shift=120.0000 render_us=733 render_avg=688 render_max=1021
[1781489383.823] [AP] SSL=176 DC=-4698 max_raw=206 follower=901 peak_scaled=0.190 response_gain=3.000 silent_scale=1.000 silence=0 cal_source=config cal_valid=1 cal_reason=none | bpm=100.0 conf=0.03 lock=0 phase=0.19 beat=0 bstr=0.06 | onset=0 bass=0 ostr=0.00
[1781489384.501] [VP] profile=candidate fix=111011 chroma_seq=14024 chroma_flatness=0.2111 chroma_norm_max=1.0569 chroma_norm_mean=0.8458 chroma_final_max=0.6271 chroma_final_mean=0.4888 agc_gain=0.4111 bloom_alpha=0.9900 bloom_shift=1.0000 wave_idle=0.9850 wave_raw_margin=1.1000 wave_peak_floor=0.0800 wave_vu_floor=0.0200 wave_shift=120.0000 render_us=733 render_avg=686 render_max=1021
[1781489384.827] [AP] SSL=176 DC=-4698 max_raw=178 follower=570 peak_scaled=0.382 response_gain=3.000 silent_scale=1.000 silence=0 cal_source=config cal_valid=1 cal_reason=none | bpm=110.0 conf=0.04 lock=0 phase=0.87 beat=0 bstr=0.01 | onset=0 bass=1 ostr=0.03
[1781489385.509] [VP] profile=candidate fix=111011 chroma_seq=14226 chroma_flatness=0.1215 chroma_norm_max=0.9498 chroma_norm_mean=0.8283 chroma_final_max=0.1763 chroma_final_mean=0.1510 agc_gain=0.4409 bloom_alpha=0.9900 bloom_shift=1.0000 wave_idle=0.9850 wave_raw_margin=1.1000 wave_peak_floor=0.0800 wave_vu_floor=0.0200 wave_shift=120.0000 render_us=674 render_avg=674 render_max=1021
[1781489385.832] [AP] SSL=176 DC=-4698 max_raw=266 follower=514 peak_scaled=0.451 response_gain=3.000 silent_scale=1.000 silence=0 cal_source=config cal_valid=1 cal_reason=none | bpm=110.0 conf=0.04 lock=0 phase=0.72 beat=0 bstr=0.01 | onset=0 bass=1 ostr=0.02
[1781489386.507] [VP] profile=candidate fix=111011 chroma_seq=14427 chroma_flatness=0.1022 chroma_norm_max=1.0304 chroma_norm_mean=0.9249 chroma_final_max=0.1189 chroma_final_mean=0.1054 agc_gain=0.4727 bloom_alpha=0.9900 bloom_shift=1.0000 wave_idle=0.9850 wave_raw_margin=1.1000 wave_peak_floor=0.0800 wave_vu_floor=0.0200 wave_shift=120.0000 render_us=669 render_avg=650 render_max=1021
[1781489386.838] [AP] SSL=176 DC=-4698 max_raw=297 follower=507 peak_scaled=0.658 response_gain=3.000 silent_scale=1.000 silence=0 cal_source=config cal_valid=1 cal_reason=none | bpm=82.0 conf=0.00 lock=0 phase=0.27 beat=0 bstr=0.15 | onset=0 bass=0 ostr=0.00
[1781489387.507] [VP] profile=candidate fix=111011 chroma_seq=14629 chroma_flatness=0.1555 chroma_norm_max=0.9840 chroma_norm_mean=0.8285 chroma_final_max=0.3337 chroma_final_mean=0.2750 agc_gain=0.4379 bloom_alpha=0.9900 bloom_shift=1.0000 wave_idle=0.9850 wave_raw_margin=1.1000 wave_peak_floor=0.0800 wave_vu_floor=0.0200 wave_shift=120.0000 render_us=692 render_avg=732 render_max=1021
[1781489387.842] [AP] SSL=176 DC=-4698 max_raw=207 follower=616 peak_scaled=0.428 response_gain=3.000 silent_scale=1.000 silence=0 cal_source=config cal_valid=1 cal_reason=none | bpm=82.0 conf=0.00 lock=0 phase=0.62 beat=0 bstr=0.09 | onset=1 bass=0 ostr=0.00
[1781489388.507] [VP] profile=candidate fix=111011 chroma_seq=14830 chroma_flatness=0.1260 chroma_norm_max=0.9306 chroma_norm_mean=0.8046 chroma_final_max=0.1911 chroma_final_mean=0.1621 agc_gain=0.4692 bloom_alpha=0.9900 bloom_shift=1.0000 wave_idle=0.9850 wave_raw_margin=1.1000 wave_peak_floor=0.0800 wave_vu_floor=0.0200 wave_shift=120.0000 render_us=649 render_avg=708 render_max=1021
[1781489388.848] [AP] SSL=176 DC=-4698 max_raw=170 follower=411 peak_scaled=0.541 response_gain=3.000 silent_scale=1.000 silence=0 cal_source=config cal_valid=1 cal_reason=none | bpm=110.0 conf=0.00 lock=0 phase=0.31 beat=0 bstr=0.01 | onset=0 bass=0 ostr=0.00
[1781489389.521] [VP] profile=candidate fix=111011 chroma_seq=15034 chroma_flatness=0.1441 chroma_norm_max=1.0324 chroma_norm_mean=0.8883 chroma_final_max=0.2989 chroma_final_mean=0.2527 agc_gain=0.4958 bloom_alpha=0.9900 bloom_shift=1.0000 wave_idle=0.9850 wave_raw_margin=1.1000 wave_peak_floor=0.0800 wave_vu_floor=0.0200 wave_shift=120.0000 render_us=762 render_avg=715 render_max=1021
[1781489389.853] [AP] SSL=176 DC=-4698 max_raw=225 follower=399 peak_scaled=0.457 response_gain=3.000 silent_scale=1.000 silence=0 cal_source=config cal_valid=1 cal_reason=none | bpm=110.0 conf=0.00 lock=0 phase=0.17 beat=0 bstr=0.01 | onset=0 bass=1 ostr=0.01
[1781489390.521] [VP] profile=candidate fix=111011 chroma_seq=15234 chroma_flatness=0.1842 chroma_norm_max=1.0138 chroma_norm_mean=0.8296 chroma_final_max=0.4763 chroma_final_mean=0.3803 agc_gain=0.5063 bloom_alpha=0.9900 bloom_shift=1.0000 wave_idle=0.9850 wave_raw_margin=1.1000 wave_peak_floor=0.0800 wave_vu_floor=0.0200 wave_shift=120.0000 render_us=690 render_avg=705 render_max=1021
[1781489390.857] [AP] SSL=176 DC=-4698 max_raw=246 follower=301 peak_scaled=0.881 response_gain=3.000 silent_scale=1.000 silence=0 cal_source=config cal_valid=1 cal_reason=none | bpm=110.0 conf=0.00 lock=0 phase=0.99 beat=0 bstr=0.02 | onset=0 bass=1 ostr=0.02
[1781489391.522] [VP] profile=candidate fix=111011 chroma_seq=15435 chroma_flatness=0.1252 chroma_norm_max=1.0144 chroma_norm_mean=0.8892 chroma_final_max=0.2067 chroma_final_mean=0.1784 agc_gain=0.5098 bloom_alpha=0.9900 bloom_shift=1.0000 wave_idle=0.9850 wave_raw_margin=1.1000 wave_peak_floor=0.0800 wave_vu_floor=0.0200 wave_shift=120.0000 render_us=714 render_avg=684 render_max=1021
[1781489391.864] [AP] SSL=176 DC=-4698 max_raw=157 follower=316 peak_scaled=0.371 response_gain=3.000 silent_scale=1.000 silence=0 cal_source=config cal_valid=1 cal_reason=none | bpm=110.0 conf=0.00 lock=0 phase=0.84 beat=0 bstr=0.02 | onset=0 bass=1 ostr=0.03
[1781489392.527] [VP] profile=candidate fix=111011 chroma_seq=15637 chroma_flatness=0.0812 chroma_norm_max=0.9460 chroma_norm_mean=0.8682 chroma_final_max=0.0026 chroma_final_mean=0.0023 agc_gain=0.5149 bloom_alpha=0.9900 bloom_shift=1.0000 wave_idle=0.9850 wave_raw_margin=1.1000 wave_peak_floor=0.0800 wave_vu_floor=0.0200 wave_shift=120.0000 render_us=684 render_avg=680 render_max=1021
[1781489392.868] [AP] SSL=176 DC=-4698 max_raw=160 follower=467 peak_scaled=0.710 response_gain=3.000 silent_scale=1.000 silence=0 cal_source=config cal_valid=1 cal_reason=none | bpm=110.0 conf=0.00 lock=0 phase=0.70 beat=0 bstr=0.02 | onset=1 bass=0 ostr=0.00
[1781489393.527] [VP] profile=candidate fix=111011 chroma_seq=15839 chroma_flatness=0.2260 chroma_norm_max=1.0596 chroma_norm_mean=0.8336 chroma_final_max=0.7006 chroma_final_mean=0.5356 agc_gain=0.4707 bloom_alpha=0.9900 bloom_shift=1.0000 wave_idle=0.9850 wave_raw_margin=1.1000 wave_peak_floor=0.0800 wave_vu_floor=0.0200 wave_shift=120.0000 render_us=725 render_avg=717 render_max=1021
[1781489393.872] [AP] SSL=176 DC=-4698 max_raw=146 follower=402 peak_scaled=0.333 response_gain=3.000 silent_scale=1.000 silence=0 cal_source=config cal_valid=1 cal_reason=none | bpm=110.0 conf=0.00 lock=0 phase=0.51 beat=0 bstr=0.02 | onset=0 bass=0 ostr=0.00
[1781489394.536] [VP] profile=candidate fix=111011 chroma_seq=16042 chroma_flatness=0.1960 chroma_norm_max=1.0280 chroma_norm_mean=0.8320 chroma_final_max=0.5382 chroma_final_mean=0.4245 agc_gain=0.4638 bloom_alpha=0.9900 bloom_shift=1.0000 wave_idle=0.9850 wave_raw_margin=1.1000 wave_peak_floor=0.0800 wave_vu_floor=0.0200 wave_shift=120.0000 render_us=690 render_avg=677 render_max=1021
[1781489394.878] [AP] SSL=176 DC=-4698 max_raw=280 follower=414 peak_scaled=0.604 response_gain=3.000 silent_scale=1.000 silence=0 cal_source=config cal_valid=1 cal_reason=none | bpm=95.0 conf=0.00 lock=0 phase=0.36 beat=0 bstr=0.19 | onset=0 bass=0 ostr=0.00
[1781489395.542] [VP] profile=candidate fix=111011 chroma_seq=16244 chroma_flatness=0.1341 chroma_norm_max=0.8917 chroma_norm_mean=0.7576 chroma_final_max=0.2142 chroma_final_mean=0.1779 agc_gain=0.4002 bloom_alpha=0.9900 bloom_shift=1.0000 wave_idle=0.9850 wave_raw_margin=1.1000 wave_peak_floor=0.0800 wave_vu_floor=0.0200 wave_shift=120.0000 render_us=601 render_avg=647 render_max=1021
[1781489395.884] [AP] SSL=176 DC=-4698 max_raw=279 follower=644 peak_scaled=0.631 response_gain=3.000 silent_scale=1.000 silence=0 cal_source=config cal_valid=1 cal_reason=none | bpm=95.0 conf=0.00 lock=0 phase=0.97 beat=0 bstr=0.16 | onset=0 bass=1 ostr=0.02
[1781489396.542] [VP] profile=candidate fix=111011 chroma_seq=16445 chroma_flatness=0.2112 chroma_norm_max=1.0210 chroma_norm_mean=0.8098 chroma_final_max=0.6043 chroma_final_mean=0.4657 agc_gain=0.3805 bloom_alpha=0.9900 bloom_shift=1.0000 wave_idle=0.9850 wave_raw_margin=1.1000 wave_peak_floor=0.0800 wave_vu_floor=0.0200 wave_shift=120.0000 render_us=728 render_avg=691 render_max=1021
[1781489396.888] [AP] SSL=176 DC=-4698 max_raw=440 follower=735 peak_scaled=0.956 response_gain=3.000 silent_scale=1.000 silence=0 cal_source=config cal_valid=1 cal_reason=none | bpm=95.0 conf=0.00 lock=0 phase=0.54 beat=0 bstr=0.19 | onset=0 bass=0 ostr=0.00
[1781489397.542] [VP] profile=candidate fix=111011 chroma_seq=16647 chroma_flatness=0.1888 chroma_norm_max=1.0319 chroma_norm_mean=0.8431 chroma_final_max=0.5070 chroma_final_mean=0.4043 agc_gain=0.3848 bloom_alpha=0.9900 bloom_shift=1.0000 wave_idle=0.9850 wave_raw_margin=1.1000 wave_peak_floor=0.0800 wave_vu_floor=0.0200 wave_shift=120.0000 render_us=704 render_avg=708 render_max=1021
[1781489397.893] [AP] SSL=176 DC=-4698 max_raw=198 follower=791 peak_scaled=0.383 response_gain=3.000 silent_scale=1.000 silence=0 cal_source=config cal_valid=1 cal_reason=none | bpm=95.0 conf=0.00 lock=0 phase=0.14 beat=0 bstr=0.32 | onset=1 bass=0 ostr=0.00
[1781489398.547] [VP] profile=candidate fix=111011 chroma_seq=16849 chroma_flatness=0.1340 chroma_norm_max=0.8700 chroma_norm_mean=0.7360 chroma_final_max=0.2077 chroma_final_mean=0.1716 agc_gain=0.3849 bloom_alpha=0.9900 bloom_shift=1.0000 wave_idle=0.9850 wave_raw_margin=1.1000 wave_peak_floor=0.0800 wave_vu_floor=0.0200 wave_shift=120.0000 render_us=666 render_avg=680 render_max=1021
[1781489398.901] [AP] SSL=176 DC=-4698 max_raw=303 follower=1021 peak_scaled=0.627 response_gain=3.000 silent_scale=1.000 silence=0 cal_source=config cal_valid=1 cal_reason=none | bpm=103.0 conf=0.00 lock=0 phase=0.76 beat=0 bstr=0.09 | onset=1 bass=0 ostr=0.00
[1781489399.557] [VP] profile=candidate fix=111011 chroma_seq=17052 chroma_flatness=0.0675 chroma_norm_max=0.6108 chroma_norm_mean=0.5434 chroma_final_max=0.0000 chroma_final_mean=0.0000 agc_gain=0.2675 bloom_alpha=0.9900 bloom_shift=1.0000 wave_idle=0.9850 wave_raw_margin=1.1000 wave_peak_floor=0.0800 wave_vu_floor=0.0200 wave_shift=120.0000 render_us=597 render_avg=618 render_max=1021
[1781489399.903] [AP] SSL=176 DC=-4698 max_raw=340 follower=1342 peak_scaled=0.361 response_gain=3.000 silent_scale=1.000 silence=0 cal_source=config cal_valid=1 cal_reason=none | bpm=110.0 conf=0.17 lock=0 phase=0.48 beat=0 bstr=0.01 | onset=0 bass=1 ostr=0.02
[1781489400.557] [VP] profile=candidate fix=111011 chroma_seq=17253 chroma_flatness=0.0750 chroma_norm_max=0.9281 chroma_norm_mean=0.8531 chroma_final_max=0.0000 chroma_final_mean=0.0000 agc_gain=0.3806 bloom_alpha=0.9900 bloom_shift=1.0000 wave_idle=0.9850 wave_raw_margin=1.1000 wave_peak_floor=0.0800 wave_vu_floor=0.0200 wave_shift=120.0000 render_us=607 render_avg=640 render_max=1021
[1781489400.907] [AP] SSL=176 DC=-4698 max_raw=217 follower=908 peak_scaled=0.237 response_gain=3.000 silent_scale=1.000 silence=0 cal_source=config cal_valid=1 cal_reason=none | bpm=110.0 conf=0.18 lock=0 phase=0.33 beat=0 bstr=0.16 | onset=0 bass=0 ostr=0.00
[1781489401.558] [VP] profile=candidate fix=111011 chroma_seq=17453 chroma_flatness=0.1094 chroma_norm_max=0.8388 chroma_norm_mean=0.7295 chroma_final_max=0.1086 chroma_final_mean=0.0818 agc_gain=0.3871 bloom_alpha=0.9900 bloom_shift=1.0000 wave_idle=0.9850 wave_raw_margin=1.1000 wave_peak_floor=0.0800 wave_vu_floor=0.0200 wave_shift=120.0000 render_us=707 render_avg=696 render_max=1021
[1781489401.913] [AP] SSL=176 DC=-4698 max_raw=298 follower=860 peak_scaled=0.466 response_gain=3.000 silent_scale=1.000 silence=0 cal_source=config cal_valid=1 cal_reason=none | bpm=117.0 conf=0.27 lock=0 phase=0.23 beat=0 bstr=0.07 | onset=0 bass=1 ostr=0.03
[1781489402.562] [VP] profile=candidate fix=111011 chroma_seq=17655 chroma_flatness=0.0949 chroma_norm_max=0.8857 chroma_norm_mean=0.7908 chroma_final_max=0.0585 chroma_final_mean=0.0515 agc_gain=0.4262 bloom_alpha=0.9900 bloom_shift=1.0000 wave_idle=0.9850 wave_raw_margin=1.1000 wave_peak_floor=0.0800 wave_vu_floor=0.0200 wave_shift=120.0000 render_us=639 render_avg=670 render_max=1021
[1781489402.918] [AP] SSL=176 DC=-4698 max_raw=188 follower=734 peak_scaled=0.434 response_gain=3.000 silent_scale=1.000 silence=0 cal_source=config cal_valid=1 cal_reason=none | bpm=117.0 conf=0.14 lock=0 phase=0.15 beat=0 bstr=0.24 | onset=0 bass=0 ostr=0.00
[1781489403.561] [VP] profile=candidate fix=111011 chroma_seq=17856 chroma_flatness=0.1021 chroma_norm_max=0.9989 chroma_norm_mean=0.8968 chroma_final_max=0.0993 chroma_final_mean=0.0881 agc_gain=0.4420 bloom_alpha=0.9900 bloom_shift=1.0000 wave_idle=0.9850 wave_raw_margin=1.1000 wave_peak_floor=0.0800 wave_vu_floor=0.0200 wave_shift=120.0000 render_us=698 render_avg=653 render_max=1021
[1781489403.924] [AP] SSL=176 DC=-4698 max_raw=220 follower=834 peak_scaled=0.489 response_gain=3.000 silent_scale=1.000 silence=0 cal_source=config cal_valid=1 cal_reason=none | bpm=117.0 conf=0.14 lock=0 phase=0.12 beat=0 bstr=0.60 | onset=0 bass=1 ostr=0.03
[1781489404.562] [VP] profile=candidate fix=111011 chroma_seq=18057 chroma_flatness=0.0990 chroma_norm_max=0.9827 chroma_norm_mean=0.8837 chroma_final_max=0.0837 chroma_final_mean=0.0743 agc_gain=0.4537 bloom_alpha=0.9900 bloom_shift=1.0000 wave_idle=0.9850 wave_raw_margin=1.1000 wave_peak_floor=0.0800 wave_vu_floor=0.0200 wave_shift=120.0000 render_us=715 render_avg=693 render_max=1021
[1781489404.929] [AP] SSL=176 DC=-4698 max_raw=225 follower=693 peak_scaled=0.622 response_gain=3.000 silent_scale=1.000 silence=0 cal_source=config cal_valid=1 cal_reason=none | bpm=117.0 conf=0.04 lock=0 phase=0.10 beat=0 bstr=0.87 | onset=0 bass=0 ostr=0.00
[1781489405.562] [VP] profile=candidate fix=111011 chroma_seq=18257 chroma_flatness=0.1054 chroma_norm_max=1.0116 chroma_norm_mean=0.8968 chroma_final_max=0.1588 chroma_final_mean=0.1387 agc_gain=0.4348 bloom_alpha=0.9900 bloom_shift=1.0000 wave_idle=0.9850 wave_raw_margin=1.1000 wave_peak_floor=0.0800 wave_vu_floor=0.0200 wave_shift=120.0000 render_us=681 render_avg=668 render_max=1021
[1781489405.932] [AP] SSL=176 DC=-4698 max_raw=486 follower=819 peak_scaled=0.965 response_gain=3.000 silent_scale=1.000 silence=0 cal_source=config cal_valid=1 cal_reason=none | bpm=117.0 conf=0.03 lock=0 phase=0.03 beat=0 bstr=0.96 | onset=1 bass=0 ostr=0.00
[1781489406.566] [VP] profile=candidate fix=111011 chroma_seq=18459 chroma_flatness=0.0788 chroma_norm_max=0.9586 chroma_norm_mean=0.8798 chroma_final_max=0.0000 chroma_final_mean=0.0000 agc_gain=0.4415 bloom_alpha=0.9900 bloom_shift=1.0000 wave_idle=0.9850 wave_raw_margin=1.1000 wave_peak_floor=0.0800 wave_vu_floor=0.0200 wave_shift=120.0000 render_us=543 render_avg=619 render_max=1021
[1781489406.937] [AP] SSL=176 DC=-4698 max_raw=267 follower=710 peak_scaled=0.719 response_gain=3.000 silent_scale=1.000 silence=0 cal_source=config cal_valid=1 cal_reason=none | bpm=117.0 conf=0.04 lock=0 phase=0.00 beat=0 bstr=0.99 | onset=0 bass=1 ostr=0.03
[1781489407.565] [VP] profile=candidate fix=111011 chroma_seq=18660 chroma_flatness=0.1386 chroma_norm_max=1.0470 chroma_norm_mean=0.9083 chroma_final_max=0.2777 chroma_final_mean=0.2370 agc_gain=0.4557 bloom_alpha=0.9900 bloom_shift=1.0000 wave_idle=0.9850 wave_raw_margin=1.1000 wave_peak_floor=0.0800 wave_vu_floor=0.0200 wave_shift=120.0000 render_us=741 render_avg=726 render_max=1021
[1781489407.941] [AP] SSL=176 DC=-4698 max_raw=129 follower=628 peak_scaled=0.369 response_gain=3.000 silent_scale=1.000 silence=0 cal_source=config cal_valid=1 cal_reason=none | bpm=117.0 conf=0.00 lock=0 phase=0.98 beat=0 bstr=0.94 | onset=0 bass=0 ostr=0.00
[1781489408.574] [VP] profile=candidate fix=111011 chroma_seq=18862 chroma_flatness=0.0560 chroma_norm_max=0.9529 chroma_norm_mean=0.8969 chroma_final_max=0.0000 chroma_final_mean=0.0000 agc_gain=0.4326 bloom_alpha=0.9900 bloom_shift=1.0000 wave_idle=0.9850 wave_raw_margin=1.1000 wave_peak_floor=0.0800 wave_vu_floor=0.0200 wave_shift=120.0000 render_us=611 render_avg=635 render_max=1021
[1781489408.944] [AP] SSL=176 DC=-4698 max_raw=394 follower=861 peak_scaled=0.809 response_gain=3.000 silent_scale=1.000 silence=0 cal_source=config cal_valid=1 cal_reason=none | bpm=117.0 conf=0.00 lock=0 phase=0.91 beat=0 bstr=0.65 | onset=0 bass=0 ostr=0.00
[1781489409.577] [VP] profile=candidate fix=111011 chroma_seq=19064 chroma_flatness=0.1560 chroma_norm_max=1.0481 chroma_norm_mean=0.8921 chroma_final_max=0.3605 chroma_final_mean=0.3012 agc_gain=0.4121 bloom_alpha=0.9900 bloom_shift=1.0000 wave_idle=0.9850 wave_raw_margin=1.1000 wave_peak_floor=0.0800 wave_vu_floor=0.0200 wave_shift=120.0000 render_us=642 render_avg=667 render_max=1021
[1781489409.948] [AP] SSL=176 DC=-4698 max_raw=380 follower=782 peak_scaled=0.685 response_gain=3.000 silent_scale=1.000 silence=0 cal_source=config cal_valid=1 cal_reason=none | bpm=117.0 conf=0.00 lock=0 phase=0.88 beat=0 bstr=0.36 | onset=0 bass=0 ostr=0.00
[1781489410.577] [VP] profile=candidate fix=111011 chroma_seq=19265 chroma_flatness=0.0875 chroma_norm_max=0.8716 chroma_norm_mean=0.7841 chroma_final_max=0.0289 chroma_final_mean=0.0256 agc_gain=0.4046 bloom_alpha=0.9900 bloom_shift=1.0000 wave_idle=0.9850 wave_raw_margin=1.1000 wave_peak_floor=0.0800 wave_vu_floor=0.0200 wave_shift=120.0000 render_us=647 render_avg=614 render_max=1021
[1781489410.953] [AP] SSL=176 DC=-4698 max_raw=306 follower=762 peak_scaled=0.534 response_gain=3.000 silent_scale=1.000 silence=0 cal_source=config cal_valid=1 cal_reason=none | bpm=117.0 conf=0.00 lock=0 phase=0.86 beat=0 bstr=0.21 | onset=0 bass=1 ostr=0.02
[1781489411.576] [VP] profile=candidate fix=111011 chroma_seq=19465 chroma_flatness=0.0997 chroma_norm_max=0.9911 chroma_norm_mean=0.8915 chroma_final_max=0.0876 chroma_final_mean=0.0504 agc_gain=0.4752 bloom_alpha=0.9900 bloom_shift=1.0000 wave_idle=0.9850 wave_raw_margin=1.1000 wave_peak_floor=0.0800 wave_vu_floor=0.0200 wave_shift=120.0000 render_us=680 render_avg=656 render_max=1021
[1781489411.956] [AP] SSL=176 DC=-4698 max_raw=178 follower=461 peak_scaled=0.260 response_gain=3.000 silent_scale=1.000 silence=0 cal_source=config cal_valid=1 cal_reason=none | bpm=88.0 conf=0.00 lock=0 phase=0.62 beat=0 bstr=0.06 | onset=0 bass=0 ostr=0.00
[1781489412.575] [VP] profile=candidate fix=111011 chroma_seq=19666 chroma_flatness=0.1081 chroma_norm_max=1.0081 chroma_norm_mean=0.9000 chroma_final_max=0.1275 chroma_final_mean=0.1124 agc_gain=0.4978 bloom_alpha=0.9900 bloom_shift=1.0000 wave_idle=0.9850 wave_raw_margin=1.1000 wave_peak_floor=0.0800 wave_vu_floor=0.0200 wave_shift=120.0000 render_us=683 render_avg=649 render_max=1021
[1781489412.961] [AP] SSL=176 DC=-4698 max_raw=229 follower=386 peak_scaled=0.568 response_gain=3.000 silent_scale=1.000 silence=0 cal_source=config cal_valid=1 cal_reason=none | bpm=88.0 conf=0.00 lock=0 phase=0.11 beat=0 bstr=0.04 | onset=0 bass=0 ostr=0.00
[1781489413.579] [VP] profile=candidate fix=111011 chroma_seq=19868 chroma_flatness=0.0948 chroma_norm_max=0.9559 chroma_norm_mean=0.8610 chroma_final_max=0.0636 chroma_final_mean=0.0565 agc_gain=0.4662 bloom_alpha=0.9900 bloom_shift=1.0000 wave_idle=0.9850 wave_raw_margin=1.1000 wave_peak_floor=0.0800 wave_vu_floor=0.0200 wave_shift=120.0000 render_us=594 render_avg=682 render_max=1021
[1781489413.966] [AP] SSL=176 DC=-4698 max_raw=184 follower=391 peak_scaled=0.544 response_gain=3.000 silent_scale=1.000 silence=0 cal_source=config cal_valid=1 cal_reason=none | bpm=88.0 conf=0.00 lock=0 phase=0.60 beat=0 bstr=0.13 | onset=0 bass=1 ostr=0.02
[1781489414.579] [VP] profile=candidate fix=111011 chroma_seq=20068 chroma_flatness=0.1268 chroma_norm_max=1.0460 chroma_norm_mean=0.9192 chroma_final_max=0.2215 chroma_final_mean=0.1981 agc_gain=0.4916 bloom_alpha=0.9900 bloom_shift=1.0000 wave_idle=0.9850 wave_raw_margin=1.1000 wave_peak_floor=0.0800 wave_vu_floor=0.0200 wave_shift=120.0000 render_us=711 render_avg=673 render_max=1021
[1781489414.969] [AP] SSL=176 DC=-4698 max_raw=270 follower=523 peak_scaled=0.507 response_gain=3.000 silent_scale=1.000 silence=0 cal_source=config cal_valid=1 cal_reason=none | bpm=88.0 conf=0.00 lock=0 phase=0.05 beat=0 bstr=0.13 | onset=0 bass=0 ostr=0.00
[1781489415.579] [VP] profile=candidate fix=111011 chroma_seq=20269 chroma_flatness=0.1005 chroma_norm_max=0.9812 chroma_norm_mean=0.8806 chroma_final_max=0.0905 chroma_final_mean=0.0802 agc_gain=0.4790 bloom_alpha=0.9900 bloom_shift=1.0000 wave_idle=0.9850 wave_raw_margin=1.1000 wave_peak_floor=0.0800 wave_vu_floor=0.0200 wave_shift=120.0000 render_us=687 render_avg=664 render_max=1021
[1781489415.974] [AP] SSL=176 DC=-4698 max_raw=234 follower=422 peak_scaled=0.639 response_gain=3.000 silent_scale=1.000 silence=0 cal_source=config cal_valid=1 cal_reason=none | bpm=88.0 conf=0.00 lock=0 phase=0.53 beat=0 bstr=0.09 | onset=0 bass=1 ostr=0.02
[1781489416.583] [VP] profile=candidate fix=111011 chroma_seq=20471 chroma_flatness=0.1176 chroma_norm_max=1.0455 chroma_norm_mean=0.9279 chroma_final_max=0.1780 chroma_final_mean=0.1559 agc_gain=0.4749 bloom_alpha=0.9900 bloom_shift=1.0000 wave_idle=0.9850 wave_raw_margin=1.1000 wave_peak_floor=0.0800 wave_vu_floor=0.0200 wave_shift=120.0000 render_us=650 render_avg=628 render_max=1021
[1781489416.979] [AP] SSL=176 DC=-4698 max_raw=306 follower=418 peak_scaled=0.732 response_gain=3.000 silent_scale=1.000 silence=0 cal_source=config cal_valid=1 cal_reason=none | bpm=88.0 conf=0.00 lock=0 phase=0.02 beat=0 bstr=0.08 | onset=0 bass=0 ostr=0.00
[1781489417.592] [VP] profile=candidate fix=111011 chroma_seq=20674 chroma_flatness=0.0924 chroma_norm_max=1.0269 chroma_norm_mean=0.9345 chroma_final_max=0.0575 chroma_final_mean=0.0517 agc_gain=0.4723 bloom_alpha=0.9900 bloom_shift=1.0000 wave_idle=0.9850 wave_raw_margin=1.1000 wave_peak_floor=0.0800 wave_vu_floor=0.0200 wave_shift=120.0000 render_us=653 render_avg=643 render_max=1021
[1781489417.983] [AP] SSL=176 DC=-4698 max_raw=189 follower=490 peak_scaled=0.294 response_gain=3.000 silent_scale=1.000 silence=0 cal_source=config cal_valid=1 cal_reason=none | bpm=85.0 conf=0.00 lock=0 phase=0.46 beat=0 bstr=0.24 | onset=0 bass=0 ostr=0.00
[1781489418.592] [VP] profile=candidate fix=111011 chroma_seq=20875 chroma_flatness=0.0729 chroma_norm_max=0.9899 chroma_norm_mean=0.9170 chroma_final_max=0.0000 chroma_final_mean=0.0000 agc_gain=0.4965 bloom_alpha=0.9900 bloom_shift=1.0000 wave_idle=0.9850 wave_raw_margin=1.1000 wave_peak_floor=0.0800 wave_vu_floor=0.0200 wave_shift=120.0000 render_us=626 render_avg=671 render_max=1021
[1781489418.987] [AP] SSL=176 DC=-4698 max_raw=141 follower=503 peak_scaled=0.784 response_gain=3.000 silent_scale=1.000 silence=0 cal_source=config cal_valid=1 cal_reason=none | bpm=85.0 conf=0.00 lock=0 phase=0.89 beat=0 bstr=0.32 | onset=0 bass=0 ostr=0.00
[1781489419.592] [VP] profile=candidate fix=111011 chroma_seq=21075 chroma_flatness=0.0755 chroma_norm_max=1.0099 chroma_norm_mean=0.9344 chroma_final_max=0.0000 chroma_final_mean=0.0000 agc_gain=0.5107 bloom_alpha=0.9900 bloom_shift=1.0000 wave_idle=0.9850 wave_raw_margin=1.1000 wave_peak_floor=0.0800 wave_vu_floor=0.0200 wave_shift=120.0000 render_us=608 render_avg=621 render_max=1021
[1781489419.993] [AP] SSL=176 DC=-4698 max_raw=196 follower=401 peak_scaled=0.299 response_gain=3.000 silent_scale=1.000 silence=0 cal_source=config cal_valid=1 cal_reason=none | bpm=85.0 conf=0.00 lock=0 phase=0.33 beat=0 bstr=0.19 | onset=0 bass=1 ostr=0.02
[1781489420.595] [VP] profile=candidate fix=111011 chroma_seq=21277 chroma_flatness=0.1087 chroma_norm_max=1.0058 chroma_norm_mean=0.8971 chroma_final_max=0.1300 chroma_final_mean=0.1144 agc_gain=0.5293 bloom_alpha=0.9900 bloom_shift=1.0000 wave_idle=0.9850 wave_raw_margin=1.1000 wave_peak_floor=0.0800 wave_vu_floor=0.0200 wave_shift=120.0000 render_us=597 render_avg=645 render_max=1021
[1781489420.997] [AP] SSL=176 DC=-4698 max_raw=230 follower=359 peak_scaled=0.611 response_gain=3.000 silent_scale=1.000 silence=0 cal_source=config cal_valid=1 cal_reason=none | bpm=85.0 conf=0.00 lock=0 phase=0.73 beat=0 bstr=0.22 | onset=0 bass=1 ostr=0.02
[1781489421.596] [VP] profile=candidate fix=111011 chroma_seq=21478 chroma_flatness=0.0835 chroma_norm_max=0.9539 chroma_norm_mean=0.8704 chroma_final_max=0.0151 chroma_final_mean=0.0136 agc_gain=0.5188 bloom_alpha=0.9900 bloom_shift=1.0000 wave_idle=0.9850 wave_raw_margin=1.1000 wave_peak_floor=0.0800 wave_vu_floor=0.0200 wave_shift=120.0000 render_us=642 render_avg=650 render_max=1021
[1781489422.002] [AP] SSL=176 DC=-4698 max_raw=147 follower=338 peak_scaled=0.765 response_gain=3.000 silent_scale=1.000 silence=0 cal_source=config cal_valid=1 cal_reason=none | bpm=85.0 conf=0.00 lock=0 phase=0.16 beat=0 bstr=0.41 | onset=0 bass=1 ostr=0.02
[1781489422.605] [VP] profile=candidate fix=111011 chroma_seq=21681 chroma_flatness=0.0632 chroma_norm_max=0.9777 chroma_norm_mean=0.9145 chroma_final_max=0.0000 chroma_final_mean=0.0000 agc_gain=0.5146 bloom_alpha=0.9900 bloom_shift=1.0000 wave_idle=0.9850 wave_raw_margin=1.1000 wave_peak_floor=0.0800 wave_vu_floor=0.0200 wave_shift=120.0000 render_us=642 render_avg=685 render_max=1021
[1781489423.006] [AP] SSL=176 DC=-4698 max_raw=270 follower=319 peak_scaled=0.738 response_gain=3.000 silent_scale=1.000 silence=0 cal_source=config cal_valid=1 cal_reason=none | bpm=85.0 conf=0.00 lock=0 phase=0.60 beat=0 bstr=0.19 | onset=0 bass=1 ostr=0.02
[1781489423.610] [VP] profile=candidate fix=111011 chroma_seq=21883 chroma_flatness=0.0935 chroma_norm_max=0.9162 chroma_norm_mean=0.8226 chroma_final_max=0.0553 chroma_final_mean=0.0489 agc_gain=0.4935 bloom_alpha=0.9900 bloom_shift=1.0000 wave_idle=0.9850 wave_raw_margin=1.1000 wave_peak_floor=0.0800 wave_vu_floor=0.0200 wave_shift=120.0000 render_us=664 render_avg=726 render_max=1021
[1781489424.011] [AP] SSL=176 DC=-4698 max_raw=198 follower=397 peak_scaled=0.562 response_gain=3.000 silent_scale=1.000 silence=0 cal_source=config cal_valid=1 cal_reason=none | bpm=85.0 conf=0.00 lock=0 phase=0.00 beat=0 bstr=0.41 | onset=0 bass=0 ostr=0.00
[1781489424.609] [VP] profile=candidate fix=111011 chroma_seq=22083 chroma_flatness=0.1079 chroma_norm_max=1.0342 chroma_norm_mean=0.9264 chroma_final_max=0.1302 chroma_final_mean=0.1152 agc_gain=0.5085 bloom_alpha=0.9900 bloom_shift=1.0000 wave_idle=0.9850 wave_raw_margin=1.1000 wave_peak_floor=0.0800 wave_vu_floor=0.0200 wave_shift=120.0000 render_us=658 render_avg=641 render_max=1021
[1781489425.015] [AP] SSL=176 DC=-4698 max_raw=229 follower=357 peak_scaled=0.688 response_gain=3.000 silent_scale=1.000 silence=0 cal_source=config cal_valid=1 cal_reason=none | bpm=85.0 conf=0.00 lock=0 phase=0.43 beat=0 bstr=0.20 | onset=1 bass=0 ostr=0.00
[1781489425.609] [VP] profile=candidate fix=111011 chroma_seq=22284 chroma_flatness=0.1217 chroma_norm_max=0.9743 chroma_norm_mean=0.8526 chroma_final_max=0.1825 chroma_final_mean=0.1571 agc_gain=0.5060 bloom_alpha=0.9900 bloom_shift=1.0000 wave_idle=0.9850 wave_raw_margin=1.1000 wave_peak_floor=0.0800 wave_vu_floor=0.0200 wave_shift=120.0000 render_us=652 render_avg=677 render_max=1021
[1781489426.020] [AP] SSL=176 DC=-4698 max_raw=129 follower=325 peak_scaled=0.225 response_gain=3.000 silent_scale=1.000 silence=0 cal_source=config cal_valid=1 cal_reason=none | bpm=85.0 conf=0.00 lock=0 phase=0.87 beat=0 bstr=0.30 | onset=1 bass=0 ostr=0.00
[1781489426.609] [VP] profile=candidate fix=111011 chroma_seq=22485 chroma_flatness=0.1137 chroma_norm_max=1.0334 chroma_norm_mean=0.9197 chroma_final_max=0.1575 chroma_final_mean=0.1383 agc_gain=0.5090 bloom_alpha=0.9900 bloom_shift=1.0000 wave_idle=0.9850 wave_raw_margin=1.1000 wave_peak_floor=0.0800 wave_vu_floor=0.0200 wave_shift=120.0000 render_us=706 render_avg=645 render_max=1021
[1781489427.025] [AP] SSL=176 DC=-4698 max_raw=201 follower=513 peak_scaled=0.294 response_gain=3.000 silent_scale=1.000 silence=0 cal_source=config cal_valid=1 cal_reason=none | bpm=85.0 conf=0.00 lock=0 phase=0.27 beat=0 bstr=0.15 | onset=0 bass=1 ostr=0.02
[1781489427.613] [VP] profile=candidate fix=111011 chroma_seq=22687 chroma_flatness=0.0782 chroma_norm_max=0.9547 chroma_norm_mean=0.8765 chroma_final_max=0.0000 chroma_final_mean=0.0000 agc_gain=0.5112 bloom_alpha=0.9900 bloom_shift=1.0000 wave_idle=0.9850 wave_raw_margin=1.1000 wave_peak_floor=0.0800 wave_vu_floor=0.0200 wave_shift=120.0000 render_us=586 render_avg=639 render_max=1021
[1781489428.029] [AP] SSL=176 DC=-4698 max_raw=174 follower=349 peak_scaled=0.693 response_gain=3.000 silent_scale=1.000 silence=0 cal_source=config cal_valid=1 cal_reason=none | bpm=85.0 conf=0.00 lock=0 phase=0.70 beat=0 bstr=0.17 | onset=0 bass=1 ostr=0.02
[1781489428.614] [VP] profile=candidate fix=111011 chroma_seq=22888 chroma_flatness=0.0772 chroma_norm_max=0.9739 chroma_norm_mean=0.8967 chroma_final_max=0.0000 chroma_final_mean=0.0000 agc_gain=0.5146 bloom_alpha=0.9900 bloom_shift=1.0000 wave_idle=0.9850 wave_raw_margin=1.1000 wave_peak_floor=0.0800 wave_vu_floor=0.0200 wave_shift=120.0000 render_us=679 render_avg=694 render_max=1021
[1781489429.034] [AP] SSL=176 DC=-4698 max_raw=165 follower=304 peak_scaled=0.309 response_gain=3.000 silent_scale=1.000 silence=0 cal_source=config cal_valid=1 cal_reason=none | bpm=85.0 conf=0.00 lock=0 phase=0.14 beat=0 bstr=0.10 | onset=0 bass=1 ostr=0.02
[1781489429.623] [VP] profile=candidate fix=111011 chroma_seq=23090 chroma_flatness=0.1048 chroma_norm_max=1.0257 chroma_norm_mean=0.9209 chroma_final_max=0.1148 chroma_final_mean=0.1018 agc_gain=0.5083 bloom_alpha=0.9900 bloom_shift=1.0000 wave_idle=0.9850 wave_raw_margin=1.1000 wave_peak_floor=0.0800 wave_vu_floor=0.0200 wave_shift=120.0000 render_us=677 render_avg=651 render_max=1021
[1781489429.812] >>> :smart_status
[1781489429.823] sbr{{
[1781489429.823] SMART_ASSIST: off
[1781489429.823] SMART_SWITCHING: off
[1781489429.823] SMART_DIRECTOR_AUTONOMY: off
[1781489429.823] SMART_HOOKS: off
[1781489429.823] SMART_CONFIDENCE_FLOOR: 0.080
[1781489429.823] SMART_APPLIED_MODE: 3
[1781489429.824] SMART_LAST_REQUESTED_MODE: 3
[1781489429.824] SMART_SWITCHES_IN_WINDOW: 0
[1781489429.824] SMART_MANUAL_OWNER_ACTIVE: 0
[1781489429.824] SMART_LAST_REASON: 0
[1781489429.824] SMART_STATE: 0
[1781489429.824] SMART_INTENT_MODE: 3
[1781489429.824] SMART_INTENT_CONFIDENCE: 0.000
[1781489429.824] SMART_INTENT_WANTS_SWITCH: 0
[1781489429.824] SMART_SCALAR_PHOTONS: 1.000
[1781489429.824] SMART_SCALAR_CHROMA: 1.000
[1781489429.825] SMART_SCALAR_MOOD: 1.000
[1781489429.825] SMART_SCALAR_SATURATION: 1.000
[1781489429.825] SMART_PALETTE_OVERLAY: 0
[1781489429.825] SMART_PALETTE_INDEX: 0
[1781489429.825] SMART_AUTO_COLOUR_SHIFT: 0
[1781489429.825] SMART_MIN_DWELL_MS: 8000
[1781489429.825] SMART_COOLDOWN_MS: 20000
[1781489429.825] SMART_SWITCH_WINDOW_MS: 60000
[1781489429.825] SMART_MAX_SWITCHES: 2
[1781489429.825] SMART_AUDIO_NOVELTY: 0.0292
[1781489429.825] SMART_AUDIO_ENERGY: 0.2362
[1781489429.825] SMART_EVENT_ID: 1013
[1781489429.825] SMART_EVENT_AGE_MS: 96
[1781489429.826] SMART_ONSET: 0
[1781489429.826] SMART_BASS_ONSET: 0
[1781489429.826] SMART_BEAT_CONFIDENCE: 0.000
[1781489429.826] SMART_TRANSIENT: 0
[1781489429.826] SMART_KICK: 0
[1781489429.826] SMART_SNARE: 0
[1781489429.826] SMART_HIHAT: 0
[1781489429.826] SMART_TRANSIENT_LEVEL: 0.049
[1781489429.826] SMART_KICK_LEVEL: 0.000
[1781489429.827] SMART_SNARE_LEVEL: 0.000
[1781489429.827] SMART_HIHAT_LEVEL: 0.003
[1781489429.827] SMART_SNARE_EVENT_ID: 354
[1781489429.827] SMART_HIHAT_EVENT_ID: 1380
[1781489429.827] }}
[1781489430.039] [AP] SSL=176 DC=-4698 max_raw=193 follower=379 peak_scaled=0.285 response_gain=3.000 silent_scale=1.000 silence=0 cal_source=config cal_valid=1 cal_reason=none | bpm=108.0 conf=0.00 lock=0 phase=0.86 beat=0 bstr=0.12 | onset=0 bass=1 ostr=0.02
[1781489430.523] >>> :dump
[1781489430.541] sbr{{
[1781489430.541] FIRMWARE_VERSION: 40103
[1781489430.542] CHIP ID: F887A500
[1781489430.542] noise_button.pressed: 0
[1781489430.542] noise_button.last_down: 0
[1781489430.542] noise_button.last_up: 0
[1781489430.542] noise_button.pin: 255
[1781489430.542] mode_button.pressed: 0
[1781489430.542] mode_button.last_down: 0
[1781489430.542] mode_button.last_up: 0
[1781489430.542] mode_button.pin: 255
[1781489430.542] CONFIG.PHOTONS: 0.650000
[1781489430.543] CONFIG.CHROMA: 0.000000
[1781489430.543] CONFIG.MOOD: 0.150000
[1781489430.543] CONFIG.LIGHTSHOW_MODE: 8
[1781489430.543] CONFIG.MIRROR_ENABLED: 1
[1781489430.543] CONFIG.CHROMAGRAM_RANGE: 60
[1781489430.543] CONFIG.SAMPLE_RATE: 12800
[1781489430.544] CONFIG.NOTE_OFFSET: 12
[1781489430.544] CONFIG.SQUARE_ITER: 1.00
[1781489430.544] CONFIG.LED_TYPE: 0
[1781489430.544] CONFIG.LED_COUNT: 160
[1781489430.544] CONFIG.LED_COLOR_ORDER: 66
[1781489430.544] CONFIG.SAMPLES_PER_CHUNK: 96
[1781489430.544] CONFIG.SENSITIVITY: 2.400000
[1781489430.545] AUDIO_RESPONSE_GAIN: 3.000000
[1781489430.545] CONFIG.BOOT_ANIMATION: 1
[1781489430.545] CONFIG.SWEET_SPOT_MIN_LEVEL: 176
[1781489430.545] CONFIG.SWEET_SPOT_MAX_LEVEL: 30000
[1781489430.545] CONFIG.DC_OFFSET: -4698
[1781489430.545] CAL_SOURCE: config
[1781489430.545] CAL_VALID: 1
[1781489430.545] CAL_PROFILE_LOADED: 0
[1781489430.545] NOISE_CAL_REASON: none
[1781489430.546] NOISE_CAL_DC_SAMPLES: 0
[1781489430.546] NOISE_CAL_SSL_P50: 0.0
[1781489430.546] NOISE_CAL_SSL_P90: 0.0
[1781489430.546] CONFIG.STANDBY_DIMMING: 0
[1781489430.546] CONFIG.REVERSE_ORDER: 0
[1781489430.547] CONFIG.MAX_CURRENT_MA: 1500
[1781489430.547] CONFIG.TEMPORAL_DITHERING: 1
[1781489430.547] CONFIG.AUTO_COLOR_SHIFT: 0
[1781489430.547] CONFIG.INCANDESCENT_FILTER: 0.00
[1781489430.547] CONFIG.INCANDESCENT_MODE: 0
[1781489430.547] CONFIG.BULB_OPACITY: 0.00
[1781489430.547] CONFIG.SATURATION: 1.00
[1781489430.547] CONFIG.PRISM_COUNT: 1.00
[1781489430.547] CONFIG.BASE_COAT: 0
[1781489430.547] CONFIG.BASE_COAT_INTENSITY: 0.000
[1781489430.547] MASTER_BRIGHTNESS: 1.00
[1781489430.547] stream_audio: 0
[1781489430.547] stream_fps: 0
[1781489430.547] stream_max_mags: 0
[1781489430.547] stream_max_mags_followers: 0
[1781489430.547] stream_magnitudes: 0
[1781489430.548] stream_spectrogram: 0
[1781489430.548] stream_chromagram: 0
[1781489430.548] debug_mode: 0
[1781489430.548] noise_complete: 1
[1781489430.548] noise_iterations: 0
[1781489430.549] next_save_time: 0
[1781489430.549] settings_updated: 0
[1781489430.549] I2S_PORT: 0
[1781489430.549] SAMPLE_HISTORY_LENGTH: 4096
[1781489430.550] silence: 0
[1781489430.550] mode_destination: -1
[1781489430.550] SYSTEM_FPS: 165.44
[1781489430.550] LED_FPS: 200.97
[1781489430.550] }}
[1781489430.628] [VP] profile=candidate fix=111011 chroma_seq=23292 chroma_flatness=0.0688 chroma_norm_max=1.0145 chroma_norm_mean=0.9457 chroma_final_max=0.0000 chroma_final_mean=0.0000 agc_gain=0.5192 bloom_alpha=0.9900 bloom_shift=1.0000 wave_idle=0.9850 wave_raw_margin=1.1000 wave_peak_floor=0.0800 wave_vu_floor=0.0200 wave_shift=120.0000 render_us=604 render_avg=635 render_max=1021
[1781489431.045] [AP] SSL=176 DC=-4698 max_raw=230 follower=348 peak_scaled=0.618 response_gain=3.000 silent_scale=1.000 silence=0 cal_source=config cal_valid=1 cal_reason=none | bpm=108.0 conf=0.00 lock=0 phase=0.68 beat=0 bstr=0.08 | onset=0 bass=1 ostr=0.01
[1781489431.230] >>> :ap_stream=off
[1781489431.237] sbr{{
[1781489431.237] AP_STREAM: off
[1781489431.237] }}
[1781489431.627] [VP] profile=candidate fix=111011 chroma_seq=23493 chroma_flatness=0.1027 chroma_norm_max=0.9492 chroma_norm_mean=0.8465 chroma_final_max=0.0963 chroma_final_mean=0.0847 agc_gain=0.5087 bloom_alpha=0.9900 bloom_shift=1.0000 wave_idle=0.9850 wave_raw_margin=1.1000 wave_peak_floor=0.0800 wave_vu_floor=0.0200 wave_shift=120.0000 render_us=653 render_avg=655 render_max=1021
[1781489431.947] >>> :vp_stream=off
[1781489431.962] sbr{{
[1781489431.962] VP_STREAM: off
[1781489431.962] }}
[1781489432.663] >>> :ap_stream=off
[1781489432.676] sbr{{
[1781489432.676] AP_STREAM: off
[1781489432.676] }}
[1781489432.823] >>> :vp_stream=off
[1781489432.836] sbr{{
[1781489432.836] VP_STREAM: off
[1781489432.836] }}
[1781489432.979] >>> :vp_perf=stop
[1781489432.981] sbr{{
[1781489432.982] VP_PERF: disabled (compile with ENABLE_VP_PERF_AUDIT=1)
[1781489432.982] }}
[1781489433.134] >>> :stop
[1781489433.151] SBOK
