#CMD :stop
0.875 silent_scale=1.000 silence=0 cal_source=config cal_valid=1
[AP] SSL=458 DC=-5148 max_raw=696 follower=458 peak_scaled=0.244 silent_scale=1.000 silence=0 cal_source=config cal_valid=1
[AP] SSL=458 DC=-5148 max_raw=1284 follower=922 peak_scaled=0.790 silent_scale=1.000 silence=0 cal_source=config cal_valid=1
[AP] SSL=458 DC=-5148 max_raw=896 follower=1108 peak_scaled=0.504 silent_scale=1.000 silence=0 cal_source=config cal_valid=1
[AP] SSL=458 DC=-5148 max_raw=802 follower=668 peak_scaled=0.337 silent_scale=1.000 silence=0 cal_source=config cal_valid=1
[AP] SSL=458 DC=-5148 max_raw=459 follower=612 peak_scaled=0.259 silent_scale=1.000 silence=0 cal_source=config cal_valid=1
[AP] SSL=458 DC=-5148 max_raw=886 follower=585 peak_scaled=0.726 silent_scale=1.000 silence=0 cal_source=config cal_valid=1
[AP] SSL=458 DC=-5148 max_raw=495 follower=458 peak_scaled=0.122 silent_scale=1.000 silence=0 cal_source=config cal_valid=1
[AP] SSL=458 DC=-5148 max_raw=1839 follower=2638 peak_scaled=0.558 silent_scale=1.000 silence=0 cal_source=config cal_valid=1
[AP] SSL=458 DC=-5148 max_raw=2976 follower=2559 peak_scaled=0.798 silent_scale=1.000 silence=0 cal_source=config cal_valid=1
[AP] SSL=458 DC=-5148 max_raw=2734 follower=2153 peak_scaled=0.935 silent_scale=1.000 silence=0 cal_source=config cal_valid=1
[AP] SSL=458 DC=-5148 max_raw=1822 follower=2009 peak_scaled=0.594 silent_scale=1.000 silence=0 cal_source=config cal_valid=1
[AP] SSL=458 DC=-5148 max_raw=1500 follower=2146 peak_scaled=0.638 silent_scale=1.000 silence=0 cal_source=config cal_valid=1
[AP] SSL=458 DC=-5148 max_raw=1913 follower=1910 peak_scaled=0.665 silent_scale=1.000 silence=0 cal_source=config cal_valid=1
[AP] SSL=458 DC=-5148 max_raw=2234 follower=2081 peak_scaled=0.868 silent_scale=1.000 silence=0 cal_source=config cal_valid=1
[AP] SSL=458 DC=-5148 max_raw=2835 follower=2394 peak_scaled=0.784 silent_scale=1.000 silence=0 cal_source=config cal_valid=1
[AP] SSL=458 DC=-5148 max_raw=1606 follower=1909 peak_scaled=0.294 silent_scale=1.000 silence=0 cal_source=config cal_valid=1
[AP] SSL=458 DC=-5148 max_raw=2115 follower=2088 peak_scaled=0.657 silent_scale=1.000 silence=0 cal_source=config cal_valid=1
[AP] SSL=458 DC=-5148 max_raw=2175 follower=1891 peak_scaled=0.674 silent_scale=1.000 silence=0 cal_source=config cal_valid=1
[AP] SSL=458 DC=-5148 max_raw=2008 follower=1561 peak_scaled=1.012 silent_scale=1.000 silence=0 cal_source=config cal_valid=1
[AP] SSL=458 DC=-5148 max_raw=1428 follower=2092 peak_scaled=0.588 silent_scale=1.000 silence=0 cal_source=config cal_valid=1
[AP] SSL=458 DC=-5148 max_raw=845 follower=2140 peak_scaled=0.553 silent_scale=1.000 silence=0 cal_source=config cal_valid=1
[AP] SSL=458 DC=-5148 max_raw=1803 follower=1823 peak_scaled=0.531 silent_scale=1.000 silence=0 cal_source=config cal_valid=1
[AP] SSL=458 DC=-5148 max_raw=1224 follower=1960 peak_scaled=0.438 silent_scale=1.000 silence=0 cal_source=config cal_valid=1
[AP] SSL=458 DC=-5148 max_raw=2799 follower=1979 peak_scaled=0.821 silent_scale=1.000 silence=0 cal_source=config cal_valid=1
[AP] SSL=458 DC=-5148 max_raw=2969 follower=2246 peak_scaled=0.929 silent_scale=1.000 silence=0 cal_source=config cal_valid=1
[AP] SSL=458 DC=-5148 max_raw=1390 follower=2295 peak_scaled=0.636 silent_scale=1.000 silence=0 cal_source=config cal_valid=1
[AP] SSL=458 DC=-5148 max_raw=1450 follower=1981 peak_scaled=0.377 silent_scale=1.000 silence=0 cal_source=config cal_valid=1
SBOK
#CMD :set_mode=3
sbr{{
CONFIG.LIGHTSHOW_MODE: 3
}}
#CMD :secondary_enabled=true
sbr{{
SECONDARY_ENABLED: 1
}}
#CMD :secondary_mode=7
sbr{{
SECONDARY_MODE: 7 (WAVEFORM-FAST)
}}
#CMD :secondary_palette_mode=true
sbr{{
SECONDARY_PALETTE_MODE_ENABLED: true
}}
#CMD :secondary_palette_index=24
sbr{{
SECONDARY_PALETTE_INDEX: 24 (fire_gp)
}}
#CMD :edge_enabled=off
sbr{{
EDGE_ENABLED: off
EDGE_MODE: off
EDGE_STRENGTH: 0.000
}}
#CMD :smart_assist=off
sbr{{
SMART_ASSIST: off
SMART_SWITCHING: off
SMART_DIRECTOR_AUTONOMY: off
SMART_HOOKS: off
SMART_CONFIDENCE_FLOOR: 0.620
SMART_APPLIED_MODE: 3
SMART_LAST_REQUESTED_MODE: 3
SMART_SWITCHES_IN_WINDOW: 0
SMART_LAST_REASON: 0
SMART_AUDIO_NOVELTY: 0.0000
SMART_AUDIO_ENERGY: 0.0000
SMART_EVENT_ID: 0
SMART_EVENT_AGE_MS: 0
SMART_ONSET: 0
SMART_BASS_ONSET: 0
SMART_BEAT_CONFIDENCE: 0.000
}}
#CMD :smart_hooks=off
sbr{{
SMART_ASSIST: off
SMART_SWITCHING: off
SMART_DIRECTOR_AUTONOMY: off
SMART_HOOKS: off
SMART_CONFIDENCE_FLOOR: 0.620
SMART_APPLIED_MODE: 3
SMART_LAST_REQUESTED_MODE: 3
SMART_SWITCHES_IN_WINDOW: 0
SMART_LAST_REASON: 0
SMART_AUDIO_NOVELTY: 0.0000
SMART_AUDIO_ENERGY: 0.0000
SMART_EVENT_ID: 0
SMART_EVENT_AGE_MS: 0
SMART_ONSET: 0
SMART_BASS_ONSET: 0
SMART_BEAT_CONFIDENCE: 0.000
}}
#CMD :smart_switching=off
sbr{{
SMART_ASSIST: off
SMART_SWITCHING: off
SMART_DIRECTOR_AUTONOMY: off
SMART_HOOKS: off
SMART_CONFIDENCE_FLOOR: 0.620
SMART_APPLIED_MODE: 3
SMART_LAST_REQUESTED_MODE: 3
SMART_SWITCHES_IN_WINDOW: 0
SMART_LAST_REASON: 0
SMART_AUDIO_NOVELTY: 0.0000
SMART_AUDIO_ENERGY: 0.0000
SMART_EVENT_ID: 0
SMART_EVENT_AGE_MS: 0
SMART_ONSET: 0
SMART_BASS_ONSET: 0
SMART_BEAT_CONFIDENCE: 0.000
}}
#CMD :smart_status
sbr{{
SMART_ASSIST: off
SMART_SWITCHING: off
SMART_DIRECTOR_AUTONOMY: off
SMART_HOOKS: off
SMART_CONFIDENCE_FLOOR: 0.620
SMART_APPLIED_MODE: 3
SMART_LAST_REQUESTED_MODE: 3
SMART_SWITCHES_IN_WINDOW: 0
SMART_LAST_REASON: 0
SMART_AUDIO_NOVELTY: 0.0000
SMART_AUDIO_ENERGY: 0.0000
SMART_EVENT_ID: 0
SMART_EVENT_AGE_MS: 0
SMART_ONSET: 0
SMART_BASS_ONSET: 0
SMART_BEAT_CONFIDENCE: 0.000
}}
#CMD :edge_status
sbr{{
EDGE_ENABLED: off
EDGE_MODE: off
EDGE_STRENGTH: 0.000
}}
#CMD :ap_stream=on
sbr{{
AP_STREAM: on
}}
[AP] SSL=458 DC=-5148 max_raw=2568 follower=2381 peak_scaled=0.697 silent_scale=1.000 silence=0 cal_source=config cal_valid=1
[AP] SSL=458 DC=-5148 max_raw=1946 follower=1903 peak_scaled=0.637 silent_scale=1.000 silence=0 cal_source=config cal_valid=1
[AP] SSL=458 DC=-5148 max_raw=1364 follower=2118 peak_scaled=0.411 silent_scale=1.000 silence=0 cal_source=config cal_valid=1
[AP] SSL=458 DC=-5148 max_raw=2386 follower=2204 peak_scaled=0.780 silent_scale=1.000 silence=0 cal_source=config cal_valid=1
[AP] SSL=458 DC=-5148 max_raw=2307 follower=2136 peak_scaled=0.747 silent_scale=1.000 silence=0 cal_source=config cal_valid=1
#CMD :ap_stream=off
sbr{{
AP_STREAM: off
}}
#CMD :edge_mode=analogous
sbr{{
EDGE_ENABLED: on
EDGE_MODE: analogous
EDGE_STRENGTH: 0.000
}}
#CMD :edge_strength=0.45
sbr{{
EDGE_ENABLED: on
EDGE_MODE: analogous
EDGE_STRENGTH: 0.450
}}
#CMD :edge_enabled=on
sbr{{
EDGE_ENABLED: on
EDGE_MODE: analogous
EDGE_STRENGTH: 0.450
}}
#CMD :edge_status
sbr{{
EDGE_ENABLED: on
EDGE_MODE: analogous
EDGE_STRENGTH: 0.450
}}
#CMD :smart_assist=on
sbr{{
SMART_ASSIST: on
SMART_SWITCHING: off
SMART_DIRECTOR_AUTONOMY: off
SMART_HOOKS: off
SMART_CONFIDENCE_FLOOR: 0.620
SMART_APPLIED_MODE: 3
SMART_LAST_REQUESTED_MODE: 3
SMART_SWITCHES_IN_WINDOW: 0
SMART_LAST_REASON: 0
SMART_AUDIO_NOVELTY: 0.0000
SMART_AUDIO_ENERGY: 0.0000
SMART_EVENT_ID: 0
SMART_EVENT_AGE_MS: 0
SMART_ONSET: 0
SMART_BASS_ONSET: 0
SMART_BEAT_CONFIDENCE: 0.000
}}
#CMD :smart_hooks=on
sbr{{
SMART_ASSIST: on
SMART_SWITCHING: off
SMART_DIRECTOR_AUTONOMY: off
SMART_HOOKS: on
SMART_CONFIDENCE_FLOOR: 0.620
SMART_APPLIED_MODE: 3
SMART_LAST_REQUESTED_MODE: 3
SMART_SWITCHES_IN_WINDOW: 0
SMART_LAST_REASON: 0
SMART_AUDIO_NOVELTY: 0.0467
SMART_AUDIO_ENERGY: 0.1330
SMART_EVENT_ID: 8
SMART_EVENT_AGE_MS: 46
SMART_ONSET: 0
SMART_BASS_ONSET: 1
SMART_BEAT_CONFIDENCE: 0.000
}}
#CMD :smart_switching=on
sbr{{
SMART_ASSIST: on
SMART_SWITCHING: on
SMART_DIRECTOR_AUTONOMY: off
SMART_HOOKS: on
SMART_CONFIDENCE_FLOOR: 0.620
SMART_APPLIED_MODE: 3
SMART_LAST_REQUESTED_MODE: 3
SMART_SWITCHES_IN_WINDOW: 0
SMART_LAST_REASON: 0
SMART_AUDIO_NOVELTY: 0.0651
SMART_AUDIO_ENERGY: 0.0832
SMART_EVENT_ID: 11
SMART_EVENT_AGE_MS: 436
SMART_ONSET: 0
SMART_BASS_ONSET: 0
SMART_BEAT_CONFIDENCE: 0.000
}}
#OBS smart_status 0
sbr{{
SMART_ASSIST: on
SMART_SWITCHING: on
SMART_DIRECTOR_AUTONOMY: off
SMART_HOOKS: on
SMART_CONFIDENCE_FLOOR: 0.620
SMART_APPLIED_MODE: 3
SMART_LAST_REQUESTED_MODE: 3
SMART_SWITCHES_IN_WINDOW: 0
SMART_LAST_REASON: 0
SMART_AUDIO_NOVELTY: 0.0250
SMART_AUDIO_ENERGY: 0.1055
SMART_EVENT_ID: 11
SMART_EVENT_AGE_MS: 1035
SMART_ONSET: 0
SMART_BASS_ONSET: 0
SMART_BEAT_CONFIDENCE: 0.000
}}
#OBS smart_status 1
sbr{{
SMART_ASSIST: on
SMART_SWITCHING: on
SMART_DIRECTOR_AUTONOMY: off
SMART_HOOKS: on
SMART_CONFIDENCE_FLOOR: 0.620
SMART_APPLIED_MODE: 3
SMART_LAST_REQUESTED_MODE: 3
SMART_SWITCHES_IN_WINDOW: 0
SMART_LAST_REASON: 0
SMART_AUDIO_NOVELTY: 0.0619
SMART_AUDIO_ENERGY: 0.0410
SMART_EVENT_ID: 11
SMART_EVENT_AGE_MS: 2054
SMART_ONSET: 0
SMART_BASS_ONSET: 0
SMART_BEAT_CONFIDENCE: 0.000
}}
#OBS smart_status 2
sbr{{
SMART_ASSIST: on
SMART_SWITCHING: on
SMART_DIRECTOR_AUTONOMY: off
SMART_HOOKS: on
SMART_CONFIDENCE_FLOOR: 0.620
SMART_APPLIED_MODE: 3
SMART_LAST_REQUESTED_MODE: 3
SMART_SWITCHES_IN_WINDOW: 0
SMART_LAST_REASON: 0
SMART_AUDIO_NOVELTY: 0.0524
SMART_AUDIO_ENERGY: 0.0444
SMART_EVENT_ID: 11
SMART_EVENT_AGE_MS: 3072
SMART_ONSET: 0
SMART_BASS_ONSET: 0
SMART_BEAT_CONFIDENCE: 0.000
}}
#OBS smart_status 3
sbr{{
SMART_ASSIST: on
SMART_SWITCHING: on
SMART_DIRECTOR_AUTONOMY: off
SMART_HOOKS: on
SMART_CONFIDENCE_FLOOR: 0.620
SMART_APPLIED_MODE: 3
SMART_LAST_REQUESTED_MODE: 3
SMART_SWITCHES_IN_WINDOW: 0
SMART_LAST_REASON: 0
SMART_AUDIO_NOVELTY: 0.0547
SMART_AUDIO_ENERGY: 0.0441
SMART_EVENT_ID: 11
SMART_EVENT_AGE_MS: 4094
SMART_ONSET: 0
SMART_BASS_ONSET: 0
SMART_BEAT_CONFIDENCE: 0.000
}}
#OBS smart_status 4
sbr{{
SMART_ASSIST: on
SMART_SWITCHING: on
SMART_DIRECTOR_AUTONOMY: off
SMART_HOOKS: on
SMART_CONFIDENCE_FLOOR: 0.620
SMART_APPLIED_MODE: 3
SMART_LAST_REQUESTED_MODE: 3
SMART_SWITCHES_IN_WINDOW: 0
SMART_LAST_REASON: 0
SMART_AUDIO_NOVELTY: 0.0381
SMART_AUDIO_ENERGY: 0.0376
SMART_EVENT_ID: 12
SMART_EVENT_AGE_MS: 830
SMART_ONSET: 0
SMART_BASS_ONSET: 0
SMART_BEAT_CONFIDENCE: 0.000
}}
#OBS smart_status 5
sbr{{
SMART_ASSIST: on
SMART_SWITCHING: on
SMART_DIRECTOR_AUTONOMY: off
SMART_HOOKS: on
SMART_CONFIDENCE_FLOOR: 0.620
SMART_APPLIED_MODE: 3
SMART_LAST_REQUESTED_MODE: 3
SMART_SWITCHES_IN_WINDOW: 0
SMART_LAST_REASON: 0
SMART_AUDIO_NOVELTY: 0.0141
SMART_AUDIO_ENERGY: 0.1044
SMART_EVENT_ID: 13
SMART_EVENT_AGE_MS: 36
SMART_ONSET: 1
SMART_BASS_ONSET: 0
SMART_BEAT_CONFIDENCE: 0.000
}}
#OBS smart_status 6
sbr{{
SMART_ASSIST: on
SMART_SWITCHING: on
SMART_DIRECTOR_AUTONOMY: off
SMART_HOOKS: on
SMART_CONFIDENCE_FLOOR: 0.620
SMART_APPLIED_MODE: 3
SMART_LAST_REQUESTED_MODE: 3
SMART_SWITCHES_IN_WINDOW: 0
SMART_LAST_REASON: 0
SMART_AUDIO_NOVELTY: 0.0751
SMART_AUDIO_ENERGY: 0.1681
SMART_EVENT_ID: 21
SMART_EVENT_AGE_MS: 79
SMART_ONSET: 0
SMART_BASS_ONSET: 1
SMART_BEAT_CONFIDENCE: 0.000
}}
#OBS smart_status 7
sbr{{
SMART_ASSIST: on
SMART_SWITCHING: on
SMART_DIRECTOR_AUTONOMY: off
SMART_HOOKS: on
SMART_CONFIDENCE_FLOOR: 0.620
SMART_APPLIED_MODE: 3
SMART_LAST_REQUESTED_MODE: 3
SMART_SWITCHES_IN_WINDOW: 0
SMART_LAST_REASON: 0
SMART_AUDIO_NOVELTY: 0.1022
SMART_AUDIO_ENERGY: 0.2091
SMART_EVENT_ID: 26
SMART_EVENT_AGE_MS: 44
SMART_ONSET: 0
SMART_BASS_ONSET: 1
SMART_BEAT_CONFIDENCE: 0.000
}}
#OBS smart_status 8
sbr{{
SMART_ASSIST: on
SMART_SWITCHING: on
SMART_DIRECTOR_AUTONOMY: off
SMART_HOOKS: on
SMART_CONFIDENCE_FLOOR: 0.620
SMART_APPLIED_MODE: 3
SMART_LAST_REQUESTED_MODE: 3
SMART_SWITCHES_IN_WINDOW: 0
SMART_LAST_REASON: 0
SMART_AUDIO_NOVELTY: 0.0428
SMART_AUDIO_ENERGY: 0.1348
SMART_EVENT_ID: 31
SMART_EVENT_AGE_MS: 51
SMART_ONSET: 0
SMART_BASS_ONSET: 1
SMART_BEAT_CONFIDENCE: 0.000
}}
#OBS smart_status 9
sbr{{
SMART_ASSIST: on
SMART_SWITCHING: on
SMART_DIRECTOR_AUTONOMY: off
SMART_HOOKS: on
SMART_CONFIDENCE_FLOOR: 0.620
SMART_APPLIED_MODE: 3
SMART_LAST_REQUESTED_MODE: 3
SMART_SWITCHES_IN_WINDOW: 0
SMART_LAST_REASON: 0
SMART_AUDIO_NOVELTY: 0.0816
SMART_AUDIO_ENERGY: 0.1772
SMART_EVENT_ID: 34
SMART_EVENT_AGE_MS: 31
SMART_ONSET: 1
SMART_BASS_ONSET: 0
SMART_BEAT_CONFIDENCE: 0.000
}}
#OBS smart_status 10
sbr{{
SMART_ASSIST: on
SMART_SWITCHING: on
SMART_DIRECTOR_AUTONOMY: off
SMART_HOOKS: on
SMART_CONFIDENCE_FLOOR: 0.620
SMART_APPLIED_MODE: 3
SMART_LAST_REQUESTED_MODE: 3
SMART_SWITCHES_IN_WINDOW: 0
SMART_LAST_REASON: 0
SMART_AUDIO_NOVELTY: 0.0368
SMART_AUDIO_ENERGY: 0.0364
SMART_EVENT_ID: 36
SMART_EVENT_AGE_MS: 590
SMART_ONSET: 0
SMART_BASS_ONSET: 0
SMART_BEAT_CONFIDENCE: 0.000
}}
#OBS smart_status 11
sbr{{
SMART_ASSIST: on
SMART_SWITCHING: on
SMART_DIRECTOR_AUTONOMY: off
SMART_HOOKS: on
SMART_CONFIDENCE_FLOOR: 0.620
SMART_APPLIED_MODE: 3
SMART_LAST_REQUESTED_MODE: 3
SMART_SWITCHES_IN_WINDOW: 0
SMART_LAST_REASON: 0
SMART_AUDIO_NOVELTY: 0.0905
SMART_AUDIO_ENERGY: 0.2064
SMART_EVENT_ID: 38
SMART_EVENT_AGE_MS: 60
SMART_ONSET: 0
SMART_BASS_ONSET: 1
SMART_BEAT_CONFIDENCE: 0.000
}}
#OBS smart_status 12
sbr{{
SMART_ASSIST: on
SMART_SWITCHING: on
SMART_DIRECTOR_AUTONOMY: off
SMART_HOOKS: on
SMART_CONFIDENCE_FLOOR: 0.620
SMART_APPLIED_MODE: 3
SMART_LAST_REQUESTED_MODE: 3
SMART_SWITCHES_IN_WINDOW: 0
SMART_LAST_REASON: 0
SMART_AUDIO_NOVELTY: 0.0187
SMART_AUDIO_ENERGY: 0.0438
SMART_EVENT_ID: 41
SMART_EVENT_AGE_MS: 208
SMART_ONSET: 0
SMART_BASS_ONSET: 0
SMART_BEAT_CONFIDENCE: 0.000
}}
#OBS smart_status 13
sbr{{
SMART_ASSIST: on
SMART_SWITCHING: on
SMART_DIRECTOR_AUTONOMY: off
SMART_HOOKS: on
SMART_CONFIDENCE_FLOOR: 0.620
SMART_APPLIED_MODE: 3
SMART_LAST_REQUESTED_MODE: 3
SMART_SWITCHES_IN_WINDOW: 0
SMART_LAST_REASON: 0
SMART_AUDIO_NOVELTY: 0.0438
SMART_AUDIO_ENERGY: 0.1002
SMART_EVENT_ID: 45
SMART_EVENT_AGE_MS: 240
SMART_ONSET: 0
SMART_BASS_ONSET: 0
SMART_BEAT_CONFIDENCE: 0.000
}}
#OBS smart_status 14
sbr{{
SMART_ASSIST: on
SMART_SWITCHING: on
SMART_DIRECTOR_AUTONOMY: off
SMART_HOOKS: on
SMART_CONFIDENCE_FLOOR: 0.620
SMART_APPLIED_MODE: 3
SMART_LAST_REQUESTED_MODE: 3
SMART_SWITCHES_IN_WINDOW: 0
SMART_LAST_REASON: 0
SMART_AUDIO_NOVELTY: 0.0699
SMART_AUDIO_ENERGY: 0.1336
SMART_EVENT_ID: 50
SMART_EVENT_AGE_MS: 66
SMART_ONSET: 0
SMART_BASS_ONSET: 1
SMART_BEAT_CONFIDENCE: 0.000
}}
#OBS smart_status 15
sbr{{
SMART_ASSIST: on
SMART_SWITCHING: on
SMART_DIRECTOR_AUTONOMY: off
SMART_HOOKS: on
SMART_CONFIDENCE_FLOOR: 0.620
SMART_APPLIED_MODE: 3
SMART_LAST_REQUESTED_MODE: 3
SMART_SWITCHES_IN_WINDOW: 0
SMART_LAST_REASON: 0
SMART_AUDIO_NOVELTY: 0.0541
SMART_AUDIO_ENERGY: 0.1646
SMART_EVENT_ID: 53
SMART_EVENT_AGE_MS: 6
SMART_ONSET: 1
SMART_BASS_ONSET: 0
SMART_BEAT_CONFIDENCE: 0.000
}}
#OBS smart_status 16
sbr{{
SMART_ASSIST: on
SMART_SWITCHING: on
SMART_DIRECTOR_AUTONOMY: off
SMART_HOOKS: on
SMART_CONFIDENCE_FLOOR: 0.620
SMART_APPLIED_MODE: 3
SMART_LAST_REQUESTED_MODE: 3
SMART_SWITCHES_IN_WINDOW: 0
SMART_LAST_REASON: 0
SMART_AUDIO_NOVELTY: 0.0659
SMART_AUDIO_ENERGY: 0.0625
SMART_EVENT_ID: 55
SMART_EVENT_AGE_MS: 545
SMART_ONSET: 0
SMART_BASS_ONSET: 0
SMART_BEAT_CONFIDENCE: 0.000
}}
#OBS smart_status 17
sbr{{
SMART_ASSIST: on
SMART_SWITCHING: on
SMART_DIRECTOR_AUTONOMY: off
SMART_HOOKS: on
SMART_CONFIDENCE_FLOOR: 0.620
SMART_APPLIED_MODE: 3
SMART_LAST_REQUESTED_MODE: 3
SMART_SWITCHES_IN_WINDOW: 0
SMART_LAST_REASON: 0
SMART_AUDIO_NOVELTY: 0.0273
SMART_AUDIO_ENERGY: 0.1996
SMART_EVENT_ID: 59
SMART_EVENT_AGE_MS: 36
SMART_ONSET: 0
SMART_BASS_ONSET: 1
SMART_BEAT_CONFIDENCE: 0.000
}}
