[1781101080.652] #DEVICE role=bench-reference name=bench-12201 port=/dev/tty.usbmodem12201 expected_chip_id=B489A500 env=k1_bench_reference
[1781101080.652] >>> :version
[1781101080.664] sbr{{
[1781101080.664] VERSION: 40103
[1781101080.664] }}
[1781101081.453] >>> :chip_id
[1781101081.455] sbr{{
[1781101081.455] B489A500
[1781101081.455] }}
[1781101082.710] >>> :stop
[1781101082.718] SBOK
[1781101083.615] >>> :vp_stream=off
[1781101083.618] sbr{{
[1781101083.618] VP_STREAM: off
[1781101083.618] }}
[1781101084.522] >>> :ap_stream=off
[1781101084.531] sbr{{
[1781101084.531] AP_STREAM: off
[1781101084.531] }}
[1781101085.424] >>> :set_mode=22
[1781101085.431] sbr{{
[1781101085.431] CONFIG.LIGHTSHOW_MODE: 18
[1781101085.431] }}
[1781101086.330] >>> :smart_scene=l1
[1781101086.340] sbr{{
[1781101086.340] SMART_ASSIST: on
[1781101086.340] SMART_SWITCHING: on
[1781101086.340] SMART_DIRECTOR_AUTONOMY: off
[1781101086.340] SMART_HOOKS: on
[1781101086.341] SMART_CONFIDENCE_FLOOR: 0.080
[1781101086.341] SMART_APPLIED_MODE: 18
[1781101086.341] SMART_LAST_REQUESTED_MODE: 18
[1781101086.341] SMART_SWITCHES_IN_WINDOW: 0
[1781101086.341] SMART_MANUAL_OWNER_ACTIVE: 0
[1781101086.341] SMART_LAST_REASON: 0
[1781101086.341] SMART_STATE: 0
[1781101086.341] SMART_INTENT_MODE: 3
[1781101086.341] SMART_INTENT_CONFIDENCE: 0.000
[1781101086.341] SMART_INTENT_WANTS_SWITCH: 0
[1781101086.342] SMART_SCALAR_PHOTONS: 1.000
[1781101086.343] SMART_SCALAR_CHROMA: 1.000
[1781101086.343] SMART_SCALAR_MOOD: 1.000
[1781101086.343] SMART_SCALAR_SATURATION: 1.000
[1781101086.343] SMART_PALETTE_OVERLAY: 0
[1781101086.343] SMART_PALETTE_INDEX: 0
[1781101086.343] SMART_AUTO_COLOUR_SHIFT: 0
[1781101086.343] SMART_MIN_DWELL_MS: 8000
[1781101086.344] SMART_COOLDOWN_MS: 20000
[1781101086.344] SMART_SWITCH_WINDOW_MS: 60000
[1781101086.345] SMART_MAX_SWITCHES: 2
[1781101086.345] SMART_AUDIO_NOVELTY: 0.0110
[1781101086.345] SMART_AUDIO_ENERGY: 0.0042
[1781101086.345] SMART_EVENT_ID: 3041
[1781101086.345] SMART_EVENT_AGE_MS: 1375
[1781101086.345] SMART_ONSET: 0
[1781101086.345] SMART_BASS_ONSET: 0
[1781101086.345] SMART_BEAT_CONFIDENCE: 0.000
[1781101086.345] }}
[1781101086.345] sbr{{
[1781101086.345] EDGE_ENABLED: on
[1781101086.345] EDGE_MODE: complementary
[1781101086.345] EDGE_STRENGTH: 0.350
[1781101086.345] }}
[1781101087.236] >>> :dump
[1781101087.246] sbr{{
[1781101087.247] FIRMWARE_VERSION: 40103
[1781101087.248] CHIP ID: B489A500
[1781101087.248] noise_button.pressed: 0
[1781101087.248] noise_button.last_down: 0
[1781101087.248] noise_button.last_up: 0
[1781101087.248] noise_button.pin: 255
[1781101087.248] mode_button.pressed: 0
[1781101087.249] mode_button.last_down: 0
[1781101087.249] mode_button.last_up: 0
[1781101087.249] mode_button.pin: 255
[1781101087.250] CONFIG.PHOTONS: 1.000000
[1781101087.250] CONFIG.CHROMA: 0.100000
[1781101087.250] CONFIG.MOOD: 0.550000
[1781101087.250] CONFIG.LIGHTSHOW_MODE: 18
[1781101087.251] CONFIG.MIRROR_ENABLED: 1
[1781101087.251] CONFIG.CHROMAGRAM_RANGE: 60
[1781101087.251] CONFIG.SAMPLE_RATE: 12800
[1781101087.251] CONFIG.NOTE_OFFSET: 12
[1781101087.251] CONFIG.SQUARE_ITER: 0.75
[1781101087.252] CONFIG.LED_TYPE: 0
[1781101087.252] CONFIG.LED_COUNT: 160
[1781101087.252] CONFIG.LED_COLOR_ORDER: 66
[1781101087.252] CONFIG.SAMPLES_PER_CHUNK: 96
[1781101087.252] CONFIG.SENSITIVITY: 2.400000
[1781101087.252] CONFIG.BOOT_ANIMATION: 1
[1781101087.252] CONFIG.SWEET_SPOT_MIN_LEVEL: 355
[1781101087.252] CONFIG.SWEET_SPOT_MAX_LEVEL: 30000
[1781101087.252] CONFIG.DC_OFFSET: -999
[1781101087.252] CAL_SOURCE: measured
[1781101087.253] CAL_VALID: 1
[1781101087.253] CAL_PROFILE_LOADED: 1
[1781101087.253] CONFIG.STANDBY_DIMMING: 0
[1781101087.253] CONFIG.REVERSE_ORDER: 0
[1781101087.253] CONFIG.MAX_CURRENT_MA: 1500
[1781101087.253] CONFIG.TEMPORAL_DITHERING: 1
[1781101087.253] CONFIG.AUTO_COLOR_SHIFT: 1
[1781101087.253] CONFIG.INCANDESCENT_FILTER: 0.00
[1781101087.253] CONFIG.INCANDESCENT_MODE: 0
[1781101087.253] CONFIG.BULB_OPACITY: 0.00
[1781101087.253] CONFIG.SATURATION: 1.00
[1781101087.254] CONFIG.PRISM_COUNT: 1.00
[1781101087.255] CONFIG.BASE_COAT: 0
[1781101087.255] CONFIG.BASE_COAT_INTENSITY: 0.000
[1781101087.255] MASTER_BRIGHTNESS: 1.00
[1781101087.255] stream_audio: 0
[1781101087.255] stream_fps: 0
[1781101087.255] stream_max_mags: 0
[1781101087.255] stream_max_mags_followers: 0
[1781101087.255] stream_magnitudes: 0
[1781101087.256] stream_spectrogram: 0
[1781101087.256] stream_chromagram: 0
[1781101087.256] debug_mode: 0
[1781101087.257] noise_complete: 1
[1781101087.257] noise_iterations: 256
[1781101087.257] next_save_time: 3404372
[1781101087.257] settings_updated: 1
[1781101087.257] I2S_PORT: 0
[1781101087.257] SAMPLE_HISTORY_LENGTH: 4096
[1781101087.257] silence: 0
[1781101087.257] mode_destination: -1
[1781101087.257] SYSTEM_FPS: 133.08
[1781101087.257] LED_FPS: 169.19
[1781101087.257] }}
[1781101088.143] >>> :smart_status
[1781101088.147] sbr{{
[1781101088.147] SMART_ASSIST: on
[1781101088.147] SMART_SWITCHING: on
[1781101088.148] SMART_DIRECTOR_AUTONOMY: off
[1781101088.148] SMART_HOOKS: on
[1781101088.148] SMART_CONFIDENCE_FLOOR: 0.080
[1781101088.148] SMART_APPLIED_MODE: 18
[1781101088.148] SMART_LAST_REQUESTED_MODE: 18
[1781101088.148] SMART_SWITCHES_IN_WINDOW: 0
[1781101088.148] SMART_MANUAL_OWNER_ACTIVE: 0
[1781101088.148] SMART_LAST_REASON: 0
[1781101088.148] SMART_STATE: 1
[1781101088.149] SMART_INTENT_MODE: 3
[1781101088.149] SMART_INTENT_CONFIDENCE: 0.035
[1781101088.149] SMART_INTENT_WANTS_SWITCH: 0
[1781101088.150] SMART_SCALAR_PHOTONS: 0.860
[1781101088.150] SMART_SCALAR_CHROMA: 0.920
[1781101088.150] SMART_SCALAR_MOOD: 1.000
[1781101088.150] SMART_SCALAR_SATURATION: 0.900
[1781101088.150] SMART_PALETTE_OVERLAY: 0
[1781101088.151] SMART_PALETTE_INDEX: 11
[1781101088.151] SMART_AUTO_COLOUR_SHIFT: 0
[1781101088.151] SMART_MIN_DWELL_MS: 8000
[1781101088.151] SMART_COOLDOWN_MS: 20000
[1781101088.151] SMART_SWITCH_WINDOW_MS: 60000
[1781101088.151] SMART_MAX_SWITCHES: 2
[1781101088.151] SMART_AUDIO_NOVELTY: 0.0302
[1781101088.152] SMART_AUDIO_ENERGY: 0.0480
[1781101088.152] SMART_EVENT_ID: 3042
[1781101088.152] SMART_EVENT_AGE_MS: 1013
[1781101088.152] SMART_ONSET: 0
[1781101088.153] SMART_BASS_ONSET: 0
[1781101088.153] SMART_BEAT_CONFIDENCE: 0.000
[1781101088.153] }}
[1781101089.048] >>> :vp_status
[1781101089.063] sbr{{
[1781101089.064] VP_PROFILE: custom
[1781101089.064] VP_FIXES: agc_soft=on chroma_gate=on prism_off=on bloom_decay=off hsv_source_sat=on secondary_clean=on
[1781101089.064] VP_STREAM: off
[1781101089.064] AP_STREAM: off
[1781101089.064] VP_BLOOM: alpha=1.0000 shift=1.2500 force_sat=on
[1781101089.067] VP_WAVEFORM: idle_fade=0.9850 raw_margin=1.1000 peak_floor=0.0800 active_fade=0.0400 blend_gain=2.0000 fallback=1.0000 vu_floor=0.0200 shift_rate=150.0000
[1781101089.069] VP_CHROMA: seq=615679 range=60 profile=0 gate_gain=1.0000 pre_max=0.2030 pre_mean=0.0423 norm_max=0.4057 norm_mean=0.0846 flatness=0.3211 final_max=0.3057 final_mean=0.0524
[1781101089.069] VP_AGC: gain=9.9995 envelope=0.0078 floor=0.0010 gated=false
[1781101089.070] VP_RENDER_US: last=2409 avg=2275 max=5122
[1781101089.070] }}
[1781101089.954] >>> :vp_perf=status
[1781101089.963] sbr{{
[1781101089.963] VP_PERF: disabled (compile with ENABLE_VP_PERF_AUDIT=1)
[1781101089.963] }}
[1781101090.714] >>> :ap_stream=on
[1781101090.720] sbr{{
[1781101090.720] AP_STREAM: on
[1781101090.720] }}
[1781101090.723] [AP] SSL=355 DC=-999 max_raw=356 follower=355 peak_scaled=-0.080 silent_scale=1.000 silence=0 cal_source=measured cal_valid=1
[1781101091.320] >>> :vp_stream=on
[1781101091.326] sbr{{
[1781101091.326] VP_STREAM: on
[1781101091.326] }}
[1781101091.336] [VP] profile=custom fix=111011 chroma_seq=616065 chroma_flatness=0.4973 chroma_norm_max=0.6005 chroma_norm_mean=0.1032 chroma_final_max=0.5005 chroma_final_mean=0.0829 agc_gain=9.9997 bloom_alpha=1.0000 bloom_shift=1.2500 wave_idle=0.9850 wave_raw_margin=1.1000 wave_peak_floor=0.0800 wave_vu_floor=0.0200 wave_shift=150.0000 render_us=2481 render_avg=2186 render_max=5122
[1781101091.727] [AP] SSL=355 DC=-999 max_raw=140 follower=355 peak_scaled=-0.298 silent_scale=1.000 silence=0 cal_source=measured cal_valid=1
[1781101091.928] >>> :vp_perf=reset
[1781101091.942] sbr{{
[1781101091.942] VP_PERF: disabled (compile with ENABLE_VP_PERF_AUDIT=1)
[1781101091.942] }}
[1781101092.338] [VP] profile=custom fix=111011 chroma_seq=616236 chroma_flatness=0.5877 chroma_norm_max=0.7095 chroma_norm_mean=0.1219 chroma_final_max=0.6095 chroma_final_mean=0.0990 agc_gain=9.9997 bloom_alpha=1.0000 bloom_shift=1.2500 wave_idle=0.9850 wave_raw_margin=1.1000 wave_peak_floor=0.0800 wave_vu_floor=0.0200 wave_shift=150.0000 render_us=2410 render_avg=2320 render_max=5122
[1781101092.535] >>> :vp_perf=start
[1781101092.549] sbr{{
[1781101092.549] VP_PERF: disabled (compile with ENABLE_VP_PERF_AUDIT=1)
[1781101092.549] }}
[1781101093.145] >>> :smart_status
[1781101093.155] [AP] SSL=355 DC=-999 max_raw=291 follower=355 peak_scaled=-0.319 silent_scale=1.000 silence=0 cal_source=measured cal_valid=1
[1781101093.156] sbr{{
[1781101093.156] SMART_ASSIST: on
[1781101093.156] SMART_SWITCHING: on
[1781101093.156] SMART_DIRECTOR_AUTONOMY: off
[1781101093.156] SMART_HOOKS: on
[1781101093.156] SMART_CONFIDENCE_FLOOR: 0.080
[1781101093.156] SMART_APPLIED_MODE: 18
[1781101093.156] SMART_LAST_REQUESTED_MODE: 18
[1781101093.157] SMART_SWITCHES_IN_WINDOW: 0
[1781101093.157] SMART_MANUAL_OWNER_ACTIVE: 0
[1781101093.157] SMART_LAST_REASON: 0
[1781101093.157] SMART_STATE: 1
[1781101093.157] SMART_INTENT_MODE: 3
[1781101093.157] SMART_INTENT_CONFIDENCE: 0.032
[1781101093.157] SMART_INTENT_WANTS_SWITCH: 0
[1781101093.158] SMART_SCALAR_PHOTONS: 0.860
[1781101093.158] SMART_SCALAR_CHROMA: 0.920
[1781101093.158] SMART_SCALAR_MOOD: 1.000
[1781101093.159] SMART_SCALAR_SATURATION: 0.900
[1781101093.159] SMART_PALETTE_OVERLAY: 0
[1781101093.159] SMART_PALETTE_INDEX: 11
[1781101093.159] SMART_AUTO_COLOUR_SHIFT: 0
[1781101093.159] SMART_MIN_DWELL_MS: 8000
[1781101093.159] SMART_COOLDOWN_MS: 20000
[1781101093.160] SMART_SWITCH_WINDOW_MS: 60000
[1781101093.160] SMART_MAX_SWITCHES: 2
[1781101093.160] SMART_AUDIO_NOVELTY: 0.0247
[1781101093.160] SMART_AUDIO_ENERGY: 0.0438
[1781101093.160] SMART_EVENT_ID: 3042
[1781101093.160] SMART_EVENT_AGE_MS: 6020
[1781101093.160] SMART_ONSET: 0
[1781101093.160] SMART_BASS_ONSET: 0
[1781101093.160] SMART_BEAT_CONFIDENCE: 0.000
[1781101093.160] }}
[1781101093.340] [VP] profile=custom fix=111011 chroma_seq=616406 chroma_flatness=0.6927 chroma_norm_max=0.8451 chroma_norm_mean=0.1524 chroma_final_max=0.7451 chroma_final_mean=0.1242 agc_gain=9.9997 bloom_alpha=1.0000 bloom_shift=1.2500 wave_idle=0.9850 wave_raw_margin=1.1000 wave_peak_floor=0.0800 wave_vu_floor=0.0200 wave_shift=150.0000 render_us=2432 render_avg=2382 render_max=5122
[1781101094.339] [AP] SSL=355 DC=-999 max_raw=232 follower=355 peak_scaled=-0.362 silent_scale=1.000 silence=0 cal_source=measured cal_valid=1
[1781101094.340] [VP] profile=custom fix=111011 chroma_seq=616576 chroma_flatness=0.8071 chroma_norm_max=1.0025 chroma_norm_mean=0.1953 chroma_final_max=0.9025 chroma_final_mean=0.1559 agc_gain=9.9997 bloom_alpha=1.0000 bloom_shift=1.2500 wave_idle=0.9850 wave_raw_margin=1.1000 wave_peak_floor=0.0800 wave_vu_floor=0.0200 wave_shift=150.0000 render_us=2420 render_avg=2349 render_max=5122
[1781101094.742] [AP] SSL=355 DC=-999 max_raw=311 follower=355 peak_scaled=-0.233 silent_scale=1.000 silence=0 cal_source=measured cal_valid=1
[1781101095.342] [VP] profile=custom fix=111011 chroma_seq=616746 chroma_flatness=0.8416 chroma_norm_max=1.0152 chroma_norm_mean=0.1736 chroma_final_max=0.9152 chroma_final_mean=0.1521 agc_gain=9.9997 bloom_alpha=1.0000 bloom_shift=1.2500 wave_idle=0.9850 wave_raw_margin=1.1000 wave_peak_floor=0.0800 wave_vu_floor=0.0200 wave_shift=150.0000 render_us=2301 render_avg=2311 render_max=5122
[1781101095.747] [AP] SSL=355 DC=-999 max_raw=255 follower=355 peak_scaled=-0.208 silent_scale=1.000 silence=0 cal_source=measured cal_valid=1
[1781101096.346] [VP] profile=custom fix=111011 chroma_seq=616917 chroma_flatness=0.7964 chroma_norm_max=0.9727 chroma_norm_mean=0.1764 chroma_final_max=0.8727 chroma_final_mean=0.1452 agc_gain=9.9997 bloom_alpha=1.0000 bloom_shift=1.2500 wave_idle=0.9850 wave_raw_margin=1.1000 wave_peak_floor=0.0800 wave_vu_floor=0.0200 wave_shift=150.0000 render_us=2388 render_avg=2305 render_max=5122
[1781101096.543] >>> :smart_status
[1781101096.548] sbr{{
[1781101096.548] SMART_ASSIST: on
[1781101096.548] SMART_SWITCHING: on
[1781101096.548] SMART_DIRECTOR_AUTONOMY: off
[1781101096.548] SMART_HOOKS: on
[1781101096.548] SMART_CONFIDENCE_FLOOR: 0.080
[1781101096.548] SMART_APPLIED_MODE: 18
[1781101096.548] SMART_LAST_REQUESTED_MODE: 18
[1781101096.548] SMART_SWITCHES_IN_WINDOW: 0
[1781101096.548] SMART_MANUAL_OWNER_ACTIVE: 0
[1781101096.549] SMART_LAST_REASON: 0
[1781101096.549] SMART_STATE: 1
[1781101096.549] SMART_INTENT_MODE: 3
[1781101096.549] SMART_INTENT_CONFIDENCE: 0.033
[1781101096.549] SMART_INTENT_WANTS_SWITCH: 0
[1781101096.549] SMART_SCALAR_PHOTONS: 0.860
[1781101096.550] SMART_SCALAR_CHROMA: 0.920
[1781101096.550] SMART_SCALAR_MOOD: 1.000
[1781101096.551] SMART_SCALAR_SATURATION: 0.900
[1781101096.551] SMART_PALETTE_OVERLAY: 0
[1781101096.551] SMART_PALETTE_INDEX: 11
[1781101096.551] SMART_AUTO_COLOUR_SHIFT: 0
[1781101096.551] SMART_MIN_DWELL_MS: 8000
[1781101096.551] SMART_COOLDOWN_MS: 20000
[1781101096.551] SMART_SWITCH_WINDOW_MS: 60000
[1781101096.551] SMART_MAX_SWITCHES: 2
[1781101096.552] SMART_AUDIO_NOVELTY: 0.0247
[1781101096.552] SMART_AUDIO_ENERGY: 0.0447
[1781101096.552] SMART_EVENT_ID: 3042
[1781101096.552] SMART_EVENT_AGE_MS: 9411
[1781101096.552] SMART_ONSET: 0
[1781101096.552] SMART_BASS_ONSET: 0
[1781101096.553] SMART_BEAT_CONFIDENCE: 0.000
[1781101096.553] }}
[1781101096.751] [AP] SSL=355 DC=-999 max_raw=332 follower=355 peak_scaled=-0.147 silent_scale=1.000 silence=0 cal_source=measured cal_valid=1
[1781101097.346] [VP] profile=custom fix=111011 chroma_seq=617087 chroma_flatness=0.7973 chroma_norm_max=0.9771 chroma_norm_mean=0.1797 chroma_final_max=0.8771 chroma_final_mean=0.1473 agc_gain=9.9997 bloom_alpha=1.0000 bloom_shift=1.2500 wave_idle=0.9850 wave_raw_margin=1.1000 wave_peak_floor=0.0800 wave_vu_floor=0.0200 wave_shift=150.0000 render_us=2371 render_avg=2362 render_max=5122
[1781101097.756] [AP] SSL=355 DC=-999 max_raw=157 follower=355 peak_scaled=-0.321 silent_scale=1.000 silence=0 cal_source=measured cal_valid=1
[1781101098.348] [VP] profile=custom fix=111011 chroma_seq=617257 chroma_flatness=0.8316 chroma_norm_max=1.0125 chroma_norm_mean=0.1809 chroma_final_max=0.9125 chroma_final_mean=0.1521 agc_gain=9.9997 bloom_alpha=1.0000 bloom_shift=1.2500 wave_idle=0.9850 wave_raw_margin=1.1000 wave_peak_floor=0.0800 wave_vu_floor=0.0200 wave_shift=150.0000 render_us=2274 render_avg=2379 render_max=5122
[1781101098.762] [AP] SSL=355 DC=-999 max_raw=361 follower=355 peak_scaled=-0.243 silent_scale=1.000 silence=0 cal_source=measured cal_valid=1
[1781101099.352] [VP] profile=custom fix=111011 chroma_seq=617428 chroma_flatness=0.8353 chroma_norm_max=1.0118 chroma_norm_mean=0.1765 chroma_final_max=0.9118 chroma_final_mean=0.1494 agc_gain=9.9997 bloom_alpha=1.0000 bloom_shift=1.2500 wave_idle=0.9850 wave_raw_margin=1.1000 wave_peak_floor=0.0800 wave_vu_floor=0.0200 wave_shift=150.0000 render_us=2397 render_avg=2205 render_max=5122
[1781101099.510] >>> :smart_status
[1781101099.517] sbr{{
[1781101099.518] SMART_ASSIST: on
[1781101099.518] SMART_SWITCHING: on
[1781101099.518] SMART_DIRECTOR_AUTONOMY: off
[1781101099.518] SMART_HOOKS: on
[1781101099.518] SMART_CONFIDENCE_FLOOR: 0.080
[1781101099.518] SMART_APPLIED_MODE: 18
[1781101099.519] SMART_LAST_REQUESTED_MODE: 18
[1781101099.519] SMART_SWITCHES_IN_WINDOW: 0
[1781101099.519] SMART_MANUAL_OWNER_ACTIVE: 0
[1781101099.519] SMART_LAST_REASON: 0
[1781101099.520] SMART_STATE: 1
[1781101099.520] SMART_INTENT_MODE: 3
[1781101099.520] SMART_INTENT_CONFIDENCE: 0.031
[1781101099.520] SMART_INTENT_WANTS_SWITCH: 0
[1781101099.520] SMART_SCALAR_PHOTONS: 0.860
[1781101099.520] SMART_SCALAR_CHROMA: 0.920
[1781101099.520] SMART_SCALAR_MOOD: 1.000
[1781101099.520] SMART_SCALAR_SATURATION: 0.900
[1781101099.521] SMART_PALETTE_OVERLAY: 0
[1781101099.521] SMART_PALETTE_INDEX: 11
[1781101099.521] SMART_AUTO_COLOUR_SHIFT: 0
[1781101099.521] SMART_MIN_DWELL_MS: 8000
[1781101099.521] SMART_COOLDOWN_MS: 20000
[1781101099.521] SMART_SWITCH_WINDOW_MS: 60000
[1781101099.522] SMART_MAX_SWITCHES: 2
[1781101099.522] SMART_AUDIO_NOVELTY: 0.0352
[1781101099.522] SMART_AUDIO_ENERGY: 0.0474
[1781101099.522] SMART_EVENT_ID: 3042
[1781101099.522] SMART_EVENT_AGE_MS: 12381
[1781101099.522] SMART_ONSET: 0
[1781101099.522] SMART_BASS_ONSET: 0
[1781101099.522] SMART_BEAT_CONFIDENCE: 0.000
[1781101099.522] }}
[1781101099.767] [AP] SSL=355 DC=-999 max_raw=205 follower=355 peak_scaled=-0.261 silent_scale=1.000 silence=0 cal_source=measured cal_valid=1
[1781101100.360] [VP] profile=custom fix=111011 chroma_seq=617599 chroma_flatness=0.8313 chroma_norm_max=1.0063 chroma_norm_mean=0.1750 chroma_final_max=0.9063 chroma_final_mean=0.1509 agc_gain=9.9997 bloom_alpha=1.0000 bloom_shift=1.2500 wave_idle=0.9850 wave_raw_margin=1.1000 wave_peak_floor=0.0800 wave_vu_floor=0.0200 wave_shift=150.0000 render_us=2348 render_avg=2346 render_max=5122
[1781101100.771] [AP] SSL=355 DC=-999 max_raw=301 follower=355 peak_scaled=-0.261 silent_scale=1.000 silence=0 cal_source=measured cal_valid=1
[1781101101.362] [VP] profile=custom fix=111011 chroma_seq=617770 chroma_flatness=0.8290 chroma_norm_max=1.0009 chroma_norm_mean=0.1719 chroma_final_max=0.9009 chroma_final_mean=0.1464 agc_gain=9.9997 bloom_alpha=1.0000 bloom_shift=1.2500 wave_idle=0.9850 wave_raw_margin=1.1000 wave_peak_floor=0.0800 wave_vu_floor=0.0200 wave_shift=150.0000 render_us=2275 render_avg=2248 render_max=5122
[1781101101.778] [AP] SSL=355 DC=-999 max_raw=126 follower=355 peak_scaled=-0.321 silent_scale=1.000 silence=0 cal_source=measured cal_valid=1
[1781101102.361] [VP] profile=custom fix=111011 chroma_seq=617940 chroma_flatness=0.8319 chroma_norm_max=1.0109 chroma_norm_mean=0.1790 chroma_final_max=0.9109 chroma_final_mean=0.1470 agc_gain=9.9997 bloom_alpha=1.0000 bloom_shift=1.2500 wave_idle=0.9850 wave_raw_margin=1.1000 wave_peak_floor=0.0800 wave_vu_floor=0.0200 wave_shift=150.0000 render_us=2347 render_avg=2246 render_max=5122
[1781101102.542] >>> :smart_status
[1781101102.545] sbr{{
[1781101102.545] SMART_ASSIST: on
[1781101102.545] SMART_SWITCHING: on
[1781101102.545] SMART_DIRECTOR_AUTONOMY: off
[1781101102.545] SMART_HOOKS: on
[1781101102.545] SMART_CONFIDENCE_FLOOR: 0.080
[1781101102.545] SMART_APPLIED_MODE: 18
[1781101102.545] SMART_LAST_REQUESTED_MODE: 18
[1781101102.545] SMART_SWITCHES_IN_WINDOW: 0
[1781101102.545] SMART_MANUAL_OWNER_ACTIVE: 0
[1781101102.545] SMART_LAST_REASON: 0
[1781101102.545] SMART_STATE: 1
[1781101102.545] SMART_INTENT_MODE: 3
[1781101102.546] SMART_INTENT_CONFIDENCE: 0.034
[1781101102.546] SMART_INTENT_WANTS_SWITCH: 0
[1781101102.547] SMART_SCALAR_PHOTONS: 0.860
[1781101102.547] SMART_SCALAR_CHROMA: 0.920
[1781101102.547] SMART_SCALAR_MOOD: 1.000
[1781101102.547] SMART_SCALAR_SATURATION: 0.900
[1781101102.547] SMART_PALETTE_OVERLAY: 0
[1781101102.547] SMART_PALETTE_INDEX: 11
[1781101102.547] SMART_AUTO_COLOUR_SHIFT: 0
[1781101102.547] SMART_MIN_DWELL_MS: 8000
[1781101102.547] SMART_COOLDOWN_MS: 20000
[1781101102.547] SMART_SWITCH_WINDOW_MS: 60000
[1781101102.547] SMART_MAX_SWITCHES: 2
[1781101102.547] SMART_AUDIO_NOVELTY: 0.0117
[1781101102.547] SMART_AUDIO_ENERGY: 0.0430
[1781101102.547] SMART_EVENT_ID: 3042
[1781101102.548] SMART_EVENT_AGE_MS: 15410
[1781101102.548] SMART_ONSET: 0
[1781101102.548] SMART_BASS_ONSET: 0
[1781101102.548] SMART_BEAT_CONFIDENCE: 0.000
[1781101102.548] }}
[1781101102.782] [AP] SSL=355 DC=-999 max_raw=270 follower=355 peak_scaled=-0.288 silent_scale=1.000 silence=0 cal_source=measured cal_valid=1
[1781101103.364] [VP] profile=custom fix=111011 chroma_seq=618111 chroma_flatness=0.8366 chroma_norm_max=1.0092 chroma_norm_mean=0.1725 chroma_final_max=0.9092 chroma_final_mean=0.1515 agc_gain=9.9997 bloom_alpha=1.0000 bloom_shift=1.2500 wave_idle=0.9850 wave_raw_margin=1.1000 wave_peak_floor=0.0800 wave_vu_floor=0.0200 wave_shift=150.0000 render_us=2220 render_avg=2352 render_max=5122
[1781101103.786] [AP] SSL=355 DC=-999 max_raw=159 follower=355 peak_scaled=-0.359 silent_scale=1.000 silence=0 cal_source=measured cal_valid=1
[1781101104.370] [VP] profile=custom fix=111011 chroma_seq=618282 chroma_flatness=0.8350 chroma_norm_max=1.0087 chroma_norm_mean=0.1737 chroma_final_max=0.9087 chroma_final_mean=0.1508 agc_gain=9.9997 bloom_alpha=1.0000 bloom_shift=1.2500 wave_idle=0.9850 wave_raw_margin=1.1000 wave_peak_floor=0.0800 wave_vu_floor=0.0200 wave_shift=150.0000 render_us=2363 render_avg=2231 render_max=5122
[1781101104.793] [AP] SSL=355 DC=-999 max_raw=265 follower=355 peak_scaled=-0.336 silent_scale=1.000 silence=0 cal_source=measured cal_valid=1
[1781101105.374] [VP] profile=custom fix=111011 chroma_seq=618453 chroma_flatness=0.8210 chroma_norm_max=0.9954 chroma_norm_mean=0.1744 chroma_final_max=0.8954 chroma_final_mean=0.1485 agc_gain=9.9997 bloom_alpha=1.0000 bloom_shift=1.2500 wave_idle=0.9850 wave_raw_margin=1.1000 wave_peak_floor=0.0800 wave_vu_floor=0.0200 wave_shift=150.0000 render_us=2457 render_avg=2295 render_max=5122
[1781101105.796] [AP] SSL=355 DC=-999 max_raw=136 follower=355 peak_scaled=-0.504 silent_scale=1.000 silence=0 cal_source=measured cal_valid=1
[1781101105.840] >>> :smart_status
[1781101105.847] sbr{{
[1781101105.847] SMART_ASSIST: on
[1781101105.847] SMART_SWITCHING: on
[1781101105.847] SMART_DIRECTOR_AUTONOMY: off
[1781101105.848] SMART_HOOKS: on
[1781101105.848] SMART_CONFIDENCE_FLOOR: 0.080
[1781101105.848] SMART_APPLIED_MODE: 18
[1781101105.848] SMART_LAST_REQUESTED_MODE: 18
[1781101105.848] SMART_SWITCHES_IN_WINDOW: 0
[1781101105.848] SMART_MANUAL_OWNER_ACTIVE: 0
[1781101105.848] SMART_LAST_REASON: 0
[1781101105.848] SMART_STATE: 1
[1781101105.848] SMART_INTENT_MODE: 3
[1781101105.848] SMART_INTENT_CONFIDENCE: 0.031
[1781101105.848] SMART_INTENT_WANTS_SWITCH: 0
[1781101105.850] SMART_SCALAR_PHOTONS: 0.860
[1781101105.850] SMART_SCALAR_CHROMA: 0.920
[1781101105.850] SMART_SCALAR_MOOD: 1.000
[1781101105.850] SMART_SCALAR_SATURATION: 0.900
[1781101105.850] SMART_PALETTE_OVERLAY: 0
[1781101105.850] SMART_PALETTE_INDEX: 11
[1781101105.850] SMART_AUTO_COLOUR_SHIFT: 0
[1781101105.850] SMART_MIN_DWELL_MS: 8000
[1781101105.852] SMART_COOLDOWN_MS: 20000
[1781101105.852] SMART_SWITCH_WINDOW_MS: 60000
[1781101105.852] SMART_MAX_SWITCHES: 2
[1781101105.852] SMART_AUDIO_NOVELTY: 0.0096
[1781101105.852] SMART_AUDIO_ENERGY: 0.0442
[1781101105.852] SMART_EVENT_ID: 3042
[1781101105.852] SMART_EVENT_AGE_MS: 18713
[1781101105.852] SMART_ONSET: 0
[1781101105.852] SMART_BASS_ONSET: 0
[1781101105.852] SMART_BEAT_CONFIDENCE: 0.000
[1781101105.852] }}
[1781101106.381] [VP] profile=custom fix=111011 chroma_seq=618625 chroma_flatness=0.8628 chroma_norm_max=1.0378 chroma_norm_mean=0.1750 chroma_final_max=0.9378 chroma_final_mean=0.1538 agc_gain=9.9997 bloom_alpha=1.0000 bloom_shift=1.2500 wave_idle=0.9850 wave_raw_margin=1.1000 wave_peak_floor=0.0800 wave_vu_floor=0.0200 wave_shift=150.0000 render_us=2332 render_avg=2293 render_max=5122
[1781101106.549] >>> :dump
[1781101106.558] sbr{{
[1781101106.558] FIRMWARE_VERSION: 40103
[1781101106.559] CHIP ID: B489A500
[1781101106.559] noise_button.pressed: 0
[1781101106.559] noise_button.last_down: 0
[1781101106.559] noise_button.last_up: 0
[1781101106.559] noise_button.pin: 255
[1781101106.559] mode_button.pressed: 0
[1781101106.559] mode_button.last_down: 0
[1781101106.559] mode_button.last_up: 0
[1781101106.559] mode_button.pin: 255
[1781101106.559] CONFIG.PHOTONS: 1.000000
[1781101106.561] CONFIG.CHROMA: 0.100000
[1781101106.561] CONFIG.MOOD: 0.550000
[1781101106.561] CONFIG.LIGHTSHOW_MODE: 18
[1781101106.561] CONFIG.MIRROR_ENABLED: 1
[1781101106.561] CONFIG.CHROMAGRAM_RANGE: 60
[1781101106.561] CONFIG.SAMPLE_RATE: 12800
[1781101106.561] CONFIG.NOTE_OFFSET: 12
[1781101106.561] CONFIG.SQUARE_ITER: 0.75
[1781101106.563] CONFIG.LED_TYPE: 0
[1781101106.563] CONFIG.LED_COUNT: 160
[1781101106.563] CONFIG.LED_COLOR_ORDER: 66
[1781101106.563] CONFIG.SAMPLES_PER_CHUNK: 96
[1781101106.563] CONFIG.SENSITIVITY: 2.400000
[1781101106.563] CONFIG.BOOT_ANIMATION: 1
[1781101106.563] CONFIG.SWEET_SPOT_MIN_LEVEL: 355
[1781101106.563] CONFIG.SWEET_SPOT_MAX_LEVEL: 30000
[1781101106.563] CONFIG.DC_OFFSET: -999
[1781101106.563] CAL_SOURCE: measured
[1781101106.563] CAL_VALID: 1
[1781101106.563] CAL_PROFILE_LOADED: 1
[1781101106.563] CONFIG.STANDBY_DIMMING: 0
[1781101106.563] CONFIG.REVERSE_ORDER: 0
[1781101106.563] CONFIG.MAX_CURRENT_MA: 1500
[1781101106.563] CONFIG.TEMPORAL_DITHERING: 1
[1781101106.563] CONFIG.AUTO_COLOR_SHIFT: 1
[1781101106.563] CONFIG.INCANDESCENT_FILTER: 0.00
[1781101106.563] CONFIG.INCANDESCENT_MODE: 0
[1781101106.563] CONFIG.BULB_OPACITY: 0.00
[1781101106.564] CONFIG.SATURATION: 1.00
[1781101106.564] CONFIG.PRISM_COUNT: 1.00
[1781101106.564] CONFIG.BASE_COAT: 0
[1781101106.564] CONFIG.BASE_COAT_INTENSITY: 0.000
[1781101106.564] MASTER_BRIGHTNESS: 1.00
[1781101106.564] stream_audio: 0
[1781101106.565] stream_fps: 0
[1781101106.565] stream_max_mags: 0
[1781101106.565] stream_max_mags_followers: 0
[1781101106.565] stream_magnitudes: 0
[1781101106.565] stream_spectrogram: 0
[1781101106.565] stream_chromagram: 0
[1781101106.565] debug_mode: 0
[1781101106.565] noise_complete: 1
[1781101106.565] noise_iterations: 256
[1781101106.565] next_save_time: 3404372
[1781101106.565] settings_updated: 0
[1781101106.565] I2S_PORT: 0
[1781101106.565] SAMPLE_HISTORY_LENGTH: 4096
[1781101106.565] silence: 0
[1781101106.567] mode_destination: -1
[1781101106.567] SYSTEM_FPS: 140.15
[1781101106.567] LED_FPS: 171.75
[1781101106.567] }}
[1781101106.801] [AP] SSL=355 DC=-999 max_raw=320 follower=355 peak_scaled=-0.239 silent_scale=1.000 silence=0 cal_source=measured cal_valid=1
[1781101107.258] >>> :vp_perf=stop
[1781101107.272] sbr{{
[1781101107.272] VP_PERF: disabled (compile with ENABLE_VP_PERF_AUDIT=1)
[1781101107.272] }}
[1781101107.385] [VP] profile=custom fix=111011 chroma_seq=618796 chroma_flatness=0.8275 chroma_norm_max=1.0106 chroma_norm_mean=0.1832 chroma_final_max=0.9106 chroma_final_mean=0.1509 agc_gain=9.9997 bloom_alpha=1.0000 bloom_shift=1.2500 wave_idle=0.9850 wave_raw_margin=1.1000 wave_peak_floor=0.0800 wave_vu_floor=0.0200 wave_shift=150.0000 render_us=2330 render_avg=2375 render_max=5122
[1781101107.808] [AP] SSL=355 DC=-999 max_raw=181 follower=355 peak_scaled=-0.382 silent_scale=1.000 silence=0 cal_source=measured cal_valid=1
[1781101107.964] >>> :ap_stream=off
[1781101107.977] sbr{{
[1781101107.977] AP_STREAM: off
[1781101107.977] }}
[1781101108.394] [VP] profile=custom fix=111011 chroma_seq=618967 chroma_flatness=0.8163 chroma_norm_max=1.0032 chroma_norm_mean=0.1869 chroma_final_max=0.9032 chroma_final_mean=0.1556 agc_gain=9.9997 bloom_alpha=1.0000 bloom_shift=1.2500 wave_idle=0.9850 wave_raw_margin=1.1000 wave_peak_floor=0.0800 wave_vu_floor=0.0200 wave_shift=150.0000 render_us=2326 render_avg=2185 render_max=5122
[1781101108.667] >>> :vp_stream=off
[1781101108.681] sbr{{
[1781101108.681] VP_STREAM: off
[1781101108.681] }}
[1781101109.649] >>> :ap_stream=off
[1781101109.655] sbr{{
[1781101109.655] AP_STREAM: off
[1781101109.655] }}
[1781101109.804] >>> :vp_stream=off
[1781101109.806] sbr{{
[1781101109.806] VP_STREAM: off
[1781101109.806] }}
[1781101109.960] >>> :vp_perf=stop
[1781101109.973] sbr{{
[1781101109.973] VP_PERF: disabled (compile with ENABLE_VP_PERF_AUDIT=1)
[1781101109.973] }}
[1781101110.115] >>> :stop
[1781101110.122] SBOK
