[08:03:37.666] OPEN /dev/tty.usbmodem12201
[08:03:37.667] >>> :smart_scene=l1
[08:03:41.980]     1.0500 wave_idle=0.9850 wave_raw_margin=1.1000 wave_peak_floor=0.0800 wave_vu_floor=0.0200 wave_shift=120.0000 render_us=956 render_avg=960 render_max=40224
[08:03:41.980]     [AP] SSL=353 DC=-864 max_raw=820 follower=1056 peak_scaled=0.533 silent_scale=1.000 silence=0 cal_source=measured cal_valid=1 | bpm=112.0 conf=0.23 lock=0 phase=0.51 beat=0 bstr=0.60 | onset=1 bass=0 ostr=0.00
[08:03:41.980]     [VP] profile=custom fix=111011 chroma_seq=2523889 chroma_flatness=0.2594 chroma_norm_max=0.4505 chroma_norm_mean=0.1912 chroma_final_max=0.3143 chroma_final_mean=0.1068 agc_gain=4.7329 bloom_alpha=1.0000 bloom_shift=1.0500 wave_idle=0.9850 wave_raw_margin=1.1000 wave_peak_floor=0.0800 wave_vu_floor=0.0200 wave_shift=120.0000 render_us=943 render_avg=962 render_max=40224
[08:03:41.980]     [AP] SSL=353 DC=-864 max_raw=422 follower=2199 peak_scaled=0.111 silent_scale=1.000 silence=0 cal_source=measured cal_valid=1 | bpm=112.0 conf=0.64 lock=1 phase=0.40 beat=0 bstr=0.82 | onset=0 bass=0 ostr=0.00
[08:03:41.980]     [VP] profile=custom fix=111011 chroma_seq=2524095 chroma_flatness=0.0992 chroma_norm_max=0.1302 chroma_norm_mean=0.0311 chroma_final_max=0.0029 chroma_final_mean=0.0002 agc_gain=1.3613 bloom_alpha=1.0000 bloom_shift=1.0500 wave_idle=0.9850 wave_raw_margin=1.1000 wave_peak_floor=0.0800 wave_vu_floor=0.0200 wave_shift=120.0000 render_us=901 render_avg=896 render_max=40224
[08:03:41.980]     [AP] SSL=353 DC=-864 max_raw=569 follower=1272 peak_scaled=0.201 silent_scale=1.000 silence=0 cal_source=measured cal_valid=1 | bpm=112.0 conf=0.78 lock=1 phase=0.21 beat=0 bstr=0.94 | onset=1 bass=0 ostr=0.00
[08:03:41.980]     [VP] profile=custom fix=111011 chroma_seq=2524298 chroma_flatness=0.1788 chroma_norm_max=0.3227 chroma_norm_mean=0.1439 chroma_final_max=0.1100 chroma_final_mean=0.0336 agc_gain=8.7016 bloom_alpha=1.0000 bloom_shift=1.0500 wave_idle=0.9850 wave_raw_margin=1.1000 wave_peak_floor=0.0800 wave_vu_floor=0.0200 wave_shift=120.0000 render_us=970 render_avg=961 render_max=40224
[08:03:41.980]     [AP] SSL=353 DC=-864 max_raw=519 follower=820 peak_scaled=0.340 silent_scale=1.000 silence=0 cal_source=measured cal_valid=1 | bpm=112.0 conf=0.74 lock=1 phase=0.87 beat=0 bstr=0.98 | onset=1 bass=0 ostr=0.00
[08:03:41.980]     [VP] profile=custom fix=111011 chroma_seq=2524502 chroma_flatness=0.3113 chroma_norm_max=0.6156 chroma_norm_mean=0.3043 chroma_final_max=0.5156 chroma_final_mean=0.2160 agc_gain=9.9984 bloom_alpha=1.0000 bloom_shift=1.0500 wave_idle=0.9850 wave_raw_margin=1.1000 wave_peak_floor=0.0800 wave_vu_floor=0.0200 wave_shift=120.0000 render_us=945 render_avg=954 render_max=40224
[08:03:41.980]     [AP] SSL=353 DC=-864 max_raw=811 follower=742 peak_scaled=0.461 silent_scale=1.000 silence=0 cal_source=measured cal_valid=1 | bpm=112.0 conf=0.63 lock=0 phase=0.62 beat=0 bstr=0.76 | onset=0 bass=1 ostr=0.53
[08:03:41.980]     [VP] profile=custom fix=111011 chroma_seq=2524706 chroma_flatness=0.4658 chroma_norm_max=0.8290 chroma_norm_mean=0.3632 chroma_final_max=0.7290 chroma_final_mean=0.2809 agc_gain=9.9997 bloom_alpha=1.0000 bloom_shift=1.0500 wave_idle=0.9850 wave_raw_margin=1.1000 wave_peak_floor=0.0800 wave_vu_floor=0.0200 wave_shift=120.0000 render_us=970 render_avg=958 render_max=40224
[08:03:41.980]     [AP] SSL=353 DC=-864 max_raw=801 follower=548 peak_scaled=0.675 silent_scale=1.000 silence=0 cal_source=measured cal_valid=1 | bpm=112.0 conf=0.42 lock=0 phase=0.47 beat=0 bstr=0.63 | onset=0 bass=1 ostr=0.10
[08:03:41.980]     sbr{{
[08:03:41.980]     SMART_ASSIST: on
[08:03:41.980]     SMART_SWITCHING: on
[08:03:41.980]     SMART_DIRECTOR_AUTONOMY: off
[08:03:41.980]     SMART_HOOKS: on
[08:03:41.980]     SMART_CONFIDENCE_FLOOR: 0.080
[08:03:41.980]     SMART_APPLIED_MODE: 19
[08:03:41.980]     SMART_LAST_REQUESTED_MODE: 19
[08:03:41.980]     SMART_SWITCHES_IN_WINDOW: 0
[08:03:41.980]     SMART_MANUAL_OWNER_ACTIVE: 0
[08:03:41.980]     SMART_LAST_REASON: 0
[08:03:41.980]     SMART_STATE: 2
[08:03:41.980]     SMART_INTENT_MODE: 14
[08:03:41.980]     SMART_INTENT_CONFIDENCE: 0.088
[08:03:41.980]     SMART_INTENT_WANTS_SWITCH: 1
[08:03:41.980]     SMART_SCALAR_PHOTONS: 1.000
[08:03:41.980]     SMART_SCALAR_CHROMA: 1.000
[08:03:41.980]     SMART_SCALAR_MOOD: 1.000
[08:03:41.980]     SMART_SCALAR_SATURATION: 1.000
[08:03:41.980]     SMART_PALETTE_OVERLAY: 0
[08:03:41.980]     SMART_PALETTE_INDEX: 29
[08:03:41.980]     SMART_AUTO_COLOUR_SHIFT: 0
[08:03:41.980]     SMART_MIN_DWELL_MS: 8000
[08:03:41.980]     SMART_COOLDOWN_MS: 20000
[08:03:41.980]     SMART_SWITCH_WINDOW_MS: 60000
[08:03:41.980]     SMART_MAX_SWITCHES: 2
[08:03:41.980]     SMART_AUDIO_NOVELTY: 0.0241
[08:03:41.980]     SMART_AUDIO_ENERGY: 0.1021
[08:03:41.980]     SMART_EVENT_ID: 220936
[08:03:41.980]     SMART_EVENT_AGE_MS: 24
[08:03:41.980]     SMART_ONSET: 0
[08:03:41.980]     SMART_BASS_ONSET: 1
[08:03:41.980]     SMART_BEAT_CONFIDENCE: 0.000
[08:03:41.980]     }}
[08:03:41.980]     sbr{{
[08:03:41.980]     EDGE_ENABLED: on
[08:03:41.980]     EDGE_MODE: complementary
[08:03:41.980]     EDGE_STRENGTH: 0.350
[08:03:41.980]     }}
[08:03:41.980]     [VP] profile=custom fix=111011 chroma_seq=2524910 chroma_flatness=0.4710 chroma_norm_max=0.7950 chroma_norm_mean=0.3239 chroma_final_max=0.6950 chroma_final_mean=0.2439 agc_gain=9.9997 bloom_alpha=1.0000 bloom_shift=1.0500 wave_idle=0.9850 wave_raw_margin=1.1000 wave_peak_floor=0.0800 wave_vu_floor=0.0200 wave_shift=120.0000 render_us=937 render_avg=927 render_max=40224
[08:03:41.980]     [AP] SSL=353 DC=-864 max_raw=868 follower=493 peak_scaled=0.713 silent_scale=1.000 silence=0 cal_source=measured cal_valid=1 | bpm=112.0 conf=0.42 lock=0 phase=0.36 beat=0 bstr=0.51 | onset=0 bass=1 ostr=0.12
[08:03:41.980]     [VP] profile=custom fix=111011 chroma_seq=2525114 chroma_flatness=0.5148 chroma_norm_max=0.9973 chroma_norm_mean=0.4825 chroma_final_max=0.8973 chroma_final_mean=0.3969 agc_gain=9.9997 bloom_alpha=1.0000 bloom_shift=1.0500 wave_idle=0.9850 wave_raw_margin=1.1000 wave_peak_floor=0.0800 wave_vu_floor=0.0200 wave_shift=120.0000 render_us=937 render_avg=956 render_max=40224
[08:03:41.980]     [AP] SSL=353 DC=-864 max_raw=715 follower=506 peak_scaled=0.511 silent_scale=1.000 silence=0 cal_source=measured cal_valid=1 | bpm=112.0 conf=0.37 lock=0 phase=0.25 beat=0 bstr=0.32 | onset=1 bass=0 ostr=0.00
[08:03:41.980]     [VP] profile=custom fix=111011 chroma_seq=2525318 chroma_flatness=0.5323 chroma_norm_max=0.9551 chroma_norm_mean=0.4228 chroma_final_max=0.8551 chroma_final_mean=0.3352 agc_gain=9.9997 bloom_alpha=1.0000 bloom_shift=1.0500 wave_idle=0.9850 wave_raw_margin=1.1000 wave_peak_floor=0.0800 wave_vu_floor=0.0200 wave_shift=120.0000 render_us=956 render_avg=928 render_max=40224
[08:03:41.980]     [AP] SSL=353 DC=-864 max_raw=696 follower=926 peak_scaled=0.366 silent_scale=1.000 silence=0 cal_source=measured cal_valid=1 | bpm=112.0 conf=0.34 lock=0 phase=0.10 beat=0 bstr=0.21 | onset=0 bass=1 ostr=0.12
[08:03:41.980]     [VP] profile=custom fix=111011 chroma_seq=2525524 chroma_flatness=0.4984 chroma_norm_max=0.7843 chroma_norm_mean=0.2859 chroma_final_max=0.6843 chroma_final_mean=0.2073 agc_gain=9.9997 bloom_alpha=1.0000 bloom_shift=1.0500 wave_idle=0.9850 wave_raw_margin=1.1000 wave_peak_floor=0.0800 wave_vu_floor=0.0200 wave_shift=120.0000 render_us=948 render_avg=943 render_max=40224
[08:03:41.980]     [AP] SSL=353 DC=-864 max_raw=864 follower=647 peak_scaled=0.562 silent_scale=1.000 silence=0 cal_source=measured cal_valid=1 | bpm=112.0 conf=0.32 lock=0 phase=0.99 beat=0 bstr=0.19 | onset=0 bass=1 ostr=0.18
[08:03:41.980]     [VP] profile=custom fix=111011 chroma_seq=2525728 chroma_flatness=0.3866 chroma_norm_max=0.7911 chroma_norm_mean=0.4045 chroma_final_max=0.6911 chroma_final_mean=0.3175 agc_gain=9.5089 bloom_alpha=1.0000 bloom_shift=1.0500 wave_idle=0.9850 wave_raw_margin=1.1000 wave_peak_floor=0.0800 wave_vu_floor=0.0200 wave_shift=120.0000 render_us=1030 render_avg=972 render_max=40224
[08:03:41.981] --- snapshot ---
[08:03:41.981]     EDGE_ENABLED: on
[08:03:41.981]     EDGE_MODE: complementary
[08:03:41.981]     EDGE_STRENGTH: 0.350
[08:03:41.981]     [VP] profile=custom fix=111011 chroma_seq=2524910 chroma_flatness=0.4710 chroma_norm_max=0.7950 chroma_norm_mean=0.3239 chroma_final_max=0.6950 chroma_final_mean=0.2439 agc_gain=9.9997 bloom_alpha=1.0000 bloom_shift=1.0500 wave_idle=0.9850 wave_raw_margin=1.1000 wave_peak_floor=0.0800 wave_vu_floor=0.0200 wave_shift=120.0000 render_us=937 render_avg=927 render_max=40224
[08:03:41.981]     [AP] SSL=353 DC=-864 max_raw=868 follower=493 peak_scaled=0.713 silent_scale=1.000 silence=0 cal_source=measured cal_valid=1 | bpm=112.0 conf=0.42 lock=0 phase=0.36 beat=0 bstr=0.51 | onset=0 bass=1 ostr=0.12
[08:03:41.981]     [VP] profile=custom fix=111011 chroma_seq=2525114 chroma_flatness=0.5148 chroma_norm_max=0.9973 chroma_norm_mean=0.4825 chroma_final_max=0.8973 chroma_final_mean=0.3969 agc_gain=9.9997 bloom_alpha=1.0000 bloom_shift=1.0500 wave_idle=0.9850 wave_raw_margin=1.1000 wave_peak_floor=0.0800 wave_vu_floor=0.0200 wave_shift=120.0000 render_us=937 render_avg=956 render_max=40224
[08:03:41.981]     [AP] SSL=353 DC=-864 max_raw=715 follower=506 peak_scaled=0.511 silent_scale=1.000 silence=0 cal_source=measured cal_valid=1 | bpm=112.0 conf=0.37 lock=0 phase=0.25 beat=0 bstr=0.32 | onset=1 bass=0 ostr=0.00
[08:03:41.981]     [VP] profile=custom fix=111011 chroma_seq=2525318 chroma_flatness=0.5323 chroma_norm_max=0.9551 chroma_norm_mean=0.4228 chroma_final_max=0.8551 chroma_final_mean=0.3352 agc_gain=9.9997 bloom_alpha=1.0000 bloom_shift=1.0500 wave_idle=0.9850 wave_raw_margin=1.1000 wave_peak_floor=0.0800 wave_vu_floor=0.0200 wave_shift=120.0000 render_us=956 render_avg=928 render_max=40224
[08:03:41.981]     [AP] SSL=353 DC=-864 max_raw=696 follower=926 peak_scaled=0.366 silent_scale=1.000 silence=0 cal_source=measured cal_valid=1 | bpm=112.0 conf=0.34 lock=0 phase=0.10 beat=0 bstr=0.21 | onset=0 bass=1 ostr=0.12
[08:03:41.981]     [VP] profile=custom fix=111011 chroma_seq=2525524 chroma_flatness=0.4984 chroma_norm_max=0.7843 chroma_norm_mean=0.2859 chroma_final_max=0.6843 chroma_final_mean=0.2073 agc_gain=9.9997 bloom_alpha=1.0000 bloom_shift=1.0500 wave_idle=0.9850 wave_raw_margin=1.1000 wave_peak_floor=0.0800 wave_vu_floor=0.0200 wave_shift=120.0000 render_us=948 render_avg=943 render_max=40224
[08:03:41.981]     [AP] SSL=353 DC=-864 max_raw=864 follower=647 peak_scaled=0.562 silent_scale=1.000 silence=0 cal_source=measured cal_valid=1 | bpm=112.0 conf=0.32 lock=0 phase=0.99 beat=0 bstr=0.19 | onset=0 bass=1 ostr=0.18
[08:03:41.981]     [VP] profile=custom fix=111011 chroma_seq=2525728 chroma_flatness=0.3866 chroma_norm_max=0.7911 chroma_norm_mean=0.4045 chroma_final_max=0.6911 chroma_final_mean=0.3175 agc_gain=9.5089 bloom_alpha=1.0000 bloom_shift=1.0500 wave_idle=0.9850 wave_raw_margin=1.1000 wave_peak_floor=0.0800 wave_vu_floor=0.0200 wave_shift=120.0000 render_us=1030 render_avg=972 render_max=40224
[08:03:41.981] >>> :edge_strength=0.35
[08:03:46.334]     sbr{{
[08:03:46.334]     EDGE_ENABLED: on
[08:03:46.334]     EDGE_MODE: complementary
[08:03:46.334]     EDGE_STRENGTH: 0.350
[08:03:46.334]     }}
[08:03:46.334]     [AP] SSL=353 DC=-864 max_raw=785 follower=524 peak_scaled=0.722 silent_scale=1.000 silence=0 cal_source=measured cal_valid=1 | bpm=112.0 conf=0.18 lock=0 phase=0.88 beat=0 bstr=0.18 | onset=1 bass=0 ostr=0.00
[08:03:46.334]     [VP] profile=custom fix=111011 chroma_seq=2525932 chroma_flatness=0.4603 chroma_norm_max=0.8884 chroma_norm_mean=0.4281 chroma_final_max=0.7884 chroma_final_mean=0.3385 agc_gain=9.9987 bloom_alpha=1.0000 bloom_shift=1.0500 wave_idle=0.9850 wave_raw_margin=1.1000 wave_peak_floor=0.0800 wave_vu_floor=0.0200 wave_shift=120.0000 render_us=919 render_avg=929 render_max=40224
[08:03:46.334]     [AP] SSL=353 DC=-864 max_raw=568 follower=571 peak_scaled=0.588 silent_scale=1.000 silence=0 cal_source=measured cal_valid=1 | bpm=112.0 conf=0.17 lock=0 phase=0.73 beat=0 bstr=0.21 | onset=0 bass=1 ostr=0.53
[08:03:46.334]     [VP] profile=custom fix=111011 chroma_seq=2526138 chroma_flatness=0.4220 chroma_norm_max=0.9469 chroma_norm_mean=0.5248 chroma_final_max=0.8469 chroma_final_mean=0.4292 agc_gain=9.9864 bloom_alpha=1.0000 bloom_shift=1.0500 wave_idle=0.9850 wave_raw_margin=1.1000 wave_peak_floor=0.0800 wave_vu_floor=0.0200 wave_shift=120.0000 render_us=946 render_avg=950 render_max=40224
[08:03:46.334]     [AP] SSL=353 DC=-864 max_raw=655 follower=2282 peak_scaled=0.210 silent_scale=1.000 silence=0 cal_source=measured cal_valid=1 | bpm=120.0 conf=0.37 lock=0 phase=0.61 beat=0 bstr=0.14 | onset=1 bass=0 ostr=0.00
[08:03:46.334]     [VP] profile=custom fix=111011 chroma_seq=2526343 chroma_flatness=0.0748 chroma_norm_max=0.1075 chroma_norm_mean=0.0327 chroma_final_max=0.0000 chroma_final_mean=0.0000 agc_gain=0.9329 bloom_alpha=1.0000 bloom_shift=1.0500 wave_idle=0.9850 wave_raw_margin=1.1000 wave_peak_floor=0.0800 wave_vu_floor=0.0200 wave_shift=120.0000 render_us=901 render_avg=888 render_max=40224
[08:03:46.334]     [AP] SSL=353 DC=-864 max_raw=628 follower=1449 peak_scaled=0.293 silent_scale=1.000 silence=0 cal_source=measured cal_valid=1 | bpm=120.0 conf=0.72 lock=1 phase=0.79 beat=0 bstr=0.16 | onset=0 bass=1 ostr=0.41
[08:03:46.334]     [VP] profile=custom fix=111011 chroma_seq=2526546 chroma_flatness=0.0561 chroma_norm_max=0.0607 chroma_norm_mean=0.0109 chroma_final_max=0.0000 chroma_final_mean=0.0000 agc_gain=6.5141 bloom_alpha=1.0000 bloom_shift=1.0500 wave_idle=0.9850 wave_raw_margin=1.1000 wave_peak_floor=0.0800 wave_vu_floor=0.0200 wave_shift=120.0000 render_us=924 render_avg=943 render_max=40224
[08:03:46.334] --- snapshot ---
[08:03:46.334]     EDGE_ENABLED: on
[08:03:46.334]     EDGE_MODE: complementary
[08:03:46.334]     EDGE_STRENGTH: 0.350
[08:03:46.334]     [AP] SSL=353 DC=-864 max_raw=785 follower=524 peak_scaled=0.722 silent_scale=1.000 silence=0 cal_source=measured cal_valid=1 | bpm=112.0 conf=0.18 lock=0 phase=0.88 beat=0 bstr=0.18 | onset=1 bass=0 ostr=0.00
[08:03:46.334]     [VP] profile=custom fix=111011 chroma_seq=2525932 chroma_flatness=0.4603 chroma_norm_max=0.8884 chroma_norm_mean=0.4281 chroma_final_max=0.7884 chroma_final_mean=0.3385 agc_gain=9.9987 bloom_alpha=1.0000 bloom_shift=1.0500 wave_idle=0.9850 wave_raw_margin=1.1000 wave_peak_floor=0.0800 wave_vu_floor=0.0200 wave_shift=120.0000 render_us=919 render_avg=929 render_max=40224
[08:03:46.334]     [AP] SSL=353 DC=-864 max_raw=568 follower=571 peak_scaled=0.588 silent_scale=1.000 silence=0 cal_source=measured cal_valid=1 | bpm=112.0 conf=0.17 lock=0 phase=0.73 beat=0 bstr=0.21 | onset=0 bass=1 ostr=0.53
[08:03:46.334]     [VP] profile=custom fix=111011 chroma_seq=2526138 chroma_flatness=0.4220 chroma_norm_max=0.9469 chroma_norm_mean=0.5248 chroma_final_max=0.8469 chroma_final_mean=0.4292 agc_gain=9.9864 bloom_alpha=1.0000 bloom_shift=1.0500 wave_idle=0.9850 wave_raw_margin=1.1000 wave_peak_floor=0.0800 wave_vu_floor=0.0200 wave_shift=120.0000 render_us=946 render_avg=950 render_max=40224
[08:03:46.334]     [AP] SSL=353 DC=-864 max_raw=655 follower=2282 peak_scaled=0.210 silent_scale=1.000 silence=0 cal_source=measured cal_valid=1 | bpm=120.0 conf=0.37 lock=0 phase=0.61 beat=0 bstr=0.14 | onset=1 bass=0 ostr=0.00
[08:03:46.334]     [VP] profile=custom fix=111011 chroma_seq=2526343 chroma_flatness=0.0748 chroma_norm_max=0.1075 chroma_norm_mean=0.0327 chroma_final_max=0.0000 chroma_final_mean=0.0000 agc_gain=0.9329 bloom_alpha=1.0000 bloom_shift=1.0500 wave_idle=0.9850 wave_raw_margin=1.1000 wave_peak_floor=0.0800 wave_vu_floor=0.0200 wave_shift=120.0000 render_us=901 render_avg=888 render_max=40224
[08:03:46.334]     [AP] SSL=353 DC=-864 max_raw=628 follower=1449 peak_scaled=0.293 silent_scale=1.000 silence=0 cal_source=measured cal_valid=1 | bpm=120.0 conf=0.72 lock=1 phase=0.79 beat=0 bstr=0.16 | onset=0 bass=1 ostr=0.41
[08:03:46.334]     [VP] profile=custom fix=111011 chroma_seq=2526546 chroma_flatness=0.0561 chroma_norm_max=0.0607 chroma_norm_mean=0.0109 chroma_final_max=0.0000 chroma_final_mean=0.0000 agc_gain=6.5141 bloom_alpha=1.0000 bloom_shift=1.0500 wave_idle=0.9850 wave_raw_margin=1.1000 wave_peak_floor=0.0800 wave_vu_floor=0.0200 wave_shift=120.0000 render_us=924 render_avg=943 render_max=40224
[08:03:46.334] >>> :standby_dimming=false
[08:03:50.680]     sbr{{
[08:03:50.680]     CONFIG.STANDBY_DIMMING: 0
[08:03:50.680]     }}
[08:03:50.680]     [AP] SSL=353 DC=-864 max_raw=518 follower=907 peak_scaled=0.243 silent_scale=1.000 silence=0 cal_source=measured cal_valid=1 | bpm=120.0 conf=0.73 lock=1 phase=0.80 beat=0 bstr=0.14 | onset=1 bass=0 ostr=0.00
[08:03:50.680]     [VP] profile=custom fix=111011 chroma_seq=2526748 chroma_flatness=0.1427 chroma_norm_max=0.1570 chroma_norm_mean=0.0143 chroma_final_max=0.0179 chroma_final_mean=0.0015 agc_gain=9.9955 bloom_alpha=1.0000 bloom_shift=1.0500 wave_idle=0.9850 wave_raw_margin=1.1000 wave_peak_floor=0.0800 wave_vu_floor=0.0200 wave_shift=120.0000 render_us=901 render_avg=905 render_max=40224
[08:03:50.680]     [AP] SSL=353 DC=-864 max_raw=56 follower=483 peak_scaled=-0.344 silent_scale=1.000 silence=0 cal_source=measured cal_valid=1 | bpm=120.0 conf=0.52 lock=1 phase=0.87 beat=0 bstr=0.07 | onset=0 bass=1 ostr=0.06
[08:03:50.680]     [VP] profile=custom fix=111011 chroma_seq=2526949 chroma_flatness=0.3724 chroma_norm_max=0.4174 chroma_norm_mean=0.0450 chroma_final_max=0.3174 chroma_final_mean=0.0283 agc_gain=9.9993 bloom_alpha=1.0000 bloom_shift=1.0500 wave_idle=0.9850 wave_raw_margin=1.1000 wave_peak_floor=0.0800 wave_vu_floor=0.0200 wave_shift=120.0000 render_us=909 render_avg=938 render_max=40224
[08:03:50.681]     [AP] SSL=353 DC=-864 max_raw=220 follower=353 peak_scaled=-0.341 silent_scale=1.000 silence=0 cal_source=measured cal_valid=1 | bpm=120.0 conf=0.45 lock=1 phase=0.70 beat=0 bstr=0.04 | onset=1 bass=0 ostr=0.00
[08:03:50.681]     [VP] profile=custom fix=111011 chroma_seq=2527151 chroma_flatness=0.1127 chroma_norm_max=0.1262 chroma_norm_mean=0.0135 chroma_final_max=0.0043 chroma_final_mean=0.0004 agc_gain=9.9993 bloom_alpha=1.0000 bloom_shift=1.0500 wave_idle=0.9850 wave_raw_margin=1.1000 wave_peak_floor=0.0800 wave_vu_floor=0.0200 wave_shift=120.0000 render_us=946 render_avg=947 render_max=40224
[08:03:50.681]     [AP] SSL=353 DC=-864 max_raw=281 follower=379 peak_scaled=-0.213 silent_scale=1.000 silence=0 cal_source=measured cal_valid=1 | bpm=120.0 conf=0.43 lock=1 phase=0.75 beat=0 bstr=0.03 | onset=1 bass=0 ostr=0.00
[08:03:50.681]     [VP] profile=custom fix=111011 chroma_seq=2527355 chroma_flatness=0.0170 chroma_norm_max=0.0199 chroma_norm_mean=0.0029 chroma_final_max=0.0000 chroma_final_mean=0.0000 agc_gain=9.9993 bloom_alpha=1.0000 bloom_shift=1.0500 wave_idle=0.9850 wave_raw_margin=1.1000 wave_peak_floor=0.0800 wave_vu_floor=0.0200 wave_shift=120.0000 render_us=854 render_avg=892 render_max=40224
[08:03:50.681]     [AP] SSL=353 DC=-864 max_raw=226 follower=353 peak_scaled=-0.392 silent_scale=1.000 silence=0 cal_source=measured cal_valid=1 | bpm=120.0 conf=0.42 lock=0 phase=0.69 beat=0 bstr=0.03 | onset=1 bass=0 ostr=0.00
[08:03:50.681] --- snapshot ---
[08:03:50.681]     CONFIG.STANDBY_DIMMING: 0
[08:03:50.681]     [AP] SSL=353 DC=-864 max_raw=518 follower=907 peak_scaled=0.243 silent_scale=1.000 silence=0 cal_source=measured cal_valid=1 | bpm=120.0 conf=0.73 lock=1 phase=0.80 beat=0 bstr=0.14 | onset=1 bass=0 ostr=0.00
[08:03:50.681]     [VP] profile=custom fix=111011 chroma_seq=2526748 chroma_flatness=0.1427 chroma_norm_max=0.1570 chroma_norm_mean=0.0143 chroma_final_max=0.0179 chroma_final_mean=0.0015 agc_gain=9.9955 bloom_alpha=1.0000 bloom_shift=1.0500 wave_idle=0.9850 wave_raw_margin=1.1000 wave_peak_floor=0.0800 wave_vu_floor=0.0200 wave_shift=120.0000 render_us=901 render_avg=905 render_max=40224
[08:03:50.681]     [AP] SSL=353 DC=-864 max_raw=56 follower=483 peak_scaled=-0.344 silent_scale=1.000 silence=0 cal_source=measured cal_valid=1 | bpm=120.0 conf=0.52 lock=1 phase=0.87 beat=0 bstr=0.07 | onset=0 bass=1 ostr=0.06
[08:03:50.681]     [VP] profile=custom fix=111011 chroma_seq=2526949 chroma_flatness=0.3724 chroma_norm_max=0.4174 chroma_norm_mean=0.0450 chroma_final_max=0.3174 chroma_final_mean=0.0283 agc_gain=9.9993 bloom_alpha=1.0000 bloom_shift=1.0500 wave_idle=0.9850 wave_raw_margin=1.1000 wave_peak_floor=0.0800 wave_vu_floor=0.0200 wave_shift=120.0000 render_us=909 render_avg=938 render_max=40224
[08:03:50.681]     [AP] SSL=353 DC=-864 max_raw=220 follower=353 peak_scaled=-0.341 silent_scale=1.000 silence=0 cal_source=measured cal_valid=1 | bpm=120.0 conf=0.45 lock=1 phase=0.70 beat=0 bstr=0.04 | onset=1 bass=0 ostr=0.00
[08:03:50.681]     [VP] profile=custom fix=111011 chroma_seq=2527151 chroma_flatness=0.1127 chroma_norm_max=0.1262 chroma_norm_mean=0.0135 chroma_final_max=0.0043 chroma_final_mean=0.0004 agc_gain=9.9993 bloom_alpha=1.0000 bloom_shift=1.0500 wave_idle=0.9850 wave_raw_margin=1.1000 wave_peak_floor=0.0800 wave_vu_floor=0.0200 wave_shift=120.0000 render_us=946 render_avg=947 render_max=40224
[08:03:50.681]     [AP] SSL=353 DC=-864 max_raw=281 follower=379 peak_scaled=-0.213 silent_scale=1.000 silence=0 cal_source=measured cal_valid=1 | bpm=120.0 conf=0.43 lock=1 phase=0.75 beat=0 bstr=0.03 | onset=1 bass=0 ostr=0.00
[08:03:50.681]     [VP] profile=custom fix=111011 chroma_seq=2527355 chroma_flatness=0.0170 chroma_norm_max=0.0199 chroma_norm_mean=0.0029 chroma_final_max=0.0000 chroma_final_mean=0.0000 agc_gain=9.9993 bloom_alpha=1.0000 bloom_shift=1.0500 wave_idle=0.9850 wave_raw_margin=1.1000 wave_peak_floor=0.0800 wave_vu_floor=0.0200 wave_shift=120.0000 render_us=854 render_avg=892 render_max=40224
[08:03:50.681]     [AP] SSL=353 DC=-864 max_raw=226 follower=353 peak_scaled=-0.392 silent_scale=1.000 silence=0 cal_source=measured cal_valid=1 | bpm=120.0 conf=0.42 lock=0 phase=0.69 beat=0 bstr=0.03 | onset=1 bass=0 ostr=0.00
[08:03:50.681] >>> :dump
[08:03:55.036]     sbr{{
[08:03:55.036]     FIRMWARE_VERSION: 40103
[08:03:55.036]     CHIP ID: B489A500
[08:03:55.037]     noise_button.pressed: 0
[08:03:55.037]     noise_button.last_down: 0
[08:03:55.037]     noise_button.last_up: 0
[08:03:55.037]     noise_button.pin: 255
[08:03:55.037]     mode_button.pressed: 0
[08:03:55.037]     mode_button.last_down: 0
[08:03:55.037]     mode_button.last_up: 0
[08:03:55.037]     mode_button.pin: 255
[08:03:55.037]     CONFIG.PHOTONS: 1.000000
[08:03:55.037]     CONFIG.CHROMA: 0.100000
[08:03:55.037]     CONFIG.MOOD: 0.550000
[08:03:55.037]     CONFIG.LIGHTSHOW_MODE: 19
[08:03:55.037]     CONFIG.MIRROR_ENABLED: 1
[08:03:55.037]     CONFIG.CHROMAGRAM_RANGE: 60
[08:03:55.037]     CONFIG.SAMPLE_RATE: 12800
[08:03:55.037]     CONFIG.NOTE_OFFSET: 12
[08:03:55.037]     CONFIG.SQUARE_ITER: 1.00
[08:03:55.037]     CONFIG.LED_TYPE: 0
[08:03:55.037]     CONFIG.LED_COUNT: 160
[08:03:55.037]     CONFIG.LED_COLOR_ORDER: 66
[08:03:55.037]     CONFIG.SAMPLES_PER_CHUNK: 96
[08:03:55.037]     CONFIG.SENSITIVITY: 2.400000
[08:03:55.037]     CONFIG.BOOT_ANIMATION: 1
[08:03:55.037]     CONFIG.SWEET_SPOT_MIN_LEVEL: 353
[08:03:55.037]     CONFIG.SWEET_SPOT_MAX_LEVEL: 30000
[08:03:55.037]     CONFIG.DC_OFFSET: -864
[08:03:55.037]     CAL_SOURCE: measured
[08:03:55.037]     CAL_VALID: 1
[08:03:55.037]     CAL_PROFILE_LOADED: 1
[08:03:55.037]     CONFIG.STANDBY_DIMMING: 0
[08:03:55.037]     CONFIG.REVERSE_ORDER: 0
[08:03:55.037]     CONFIG.MAX_CURRENT_MA: 1500
[08:03:55.037]     CONFIG.TEMPORAL_DITHERING: 1
[08:03:55.037]     CONFIG.AUTO_COLOR_SHIFT: 1
[08:03:55.037]     CONFIG.INCANDESCENT_FILTER: 0.00
[08:03:55.037]     CONFIG.INCANDESCENT_MODE: 0
[08:03:55.037]     CONFIG.BULB_OPACITY: 0.00
[08:03:55.037]     CONFIG.SATURATION: 1.00
[08:03:55.037]     CONFIG.PRISM_COUNT: 1.00
[08:03:55.037]     CONFIG.BASE_COAT: 0
[08:03:55.037]     CONFIG.BASE_COAT_INTENSITY: 0.000
[08:03:55.037]     MASTER_BRIGHTNESS: 1.00
[08:03:55.037]     stream_audio: 0
[08:03:55.037]     stream_fps: 0
[08:03:55.037]     stream_max_mags: 0
[08:03:55.037]     stream_max_mags_followers: 0
[08:03:55.037]     stream_magnitudes: 0
[08:03:55.037]     stream_spectrogram: 0
[08:03:55.037]     stream_chromagram: 0
[08:03:55.037]     debug_mode: 0
[08:03:55.037]     noise_complete: 1
[08:03:55.037]     noise_iterations: 256
[08:03:55.037]     next_save_time: 12522326
[08:03:55.037]     settings_updated: 1
[08:03:55.037]     I2S_PORT: 0
[08:03:55.037]     SAMPLE_HISTORY_LENGTH: 4096
[08:03:55.037]     silence: 0
[08:03:55.037]     mode_destination: -1
[08:03:55.037]     SYSTEM_FPS: 161.32
[08:03:55.037]     LED_FPS: 0.00
[08:03:55.037]     }}
[08:03:55.037]     [VP] profile=custom fix=111011 chroma_seq=2527558 chroma_flatness=0.0834 chroma_norm_max=0.0944 chroma_norm_mean=0.0110 chroma_final_max=0.0000 chroma_final_mean=0.0000 agc_gain=9.9997 bloom_alpha=1.0000 bloom_shift=1.0500 wave_idle=0.9850 wave_raw_margin=1.1000 wave_peak_floor=0.0800 wave_vu_floor=0.0200 wave_shift=120.0000 render_us=862 render_avg=912 render_max=40224
[08:03:55.037]     [AP] SSL=353 DC=-864 max_raw=160 follower=353 peak_scaled=-0.450 silent_scale=1.000 silence=0 cal_source=measured cal_valid=1 | bpm=120.0 conf=0.41 lock=0 phase=0.71 beat=0 bstr=0.06 | onset=0 bass=1 ostr=0.40
[08:03:55.037]     [VP] profile=custom fix=111011 chroma_seq=2527762 chroma_flatness=0.1676 chroma_norm_max=0.3189 chroma_norm_mean=0.0289 chroma_final_max=0.2189 chroma_final_mean=0.0182 agc_gain=9.9997 bloom_alpha=1.0000 bloom_shift=1.0500 wave_idle=0.9850 wave_raw_margin=1.1000 wave_peak_floor=0.0800 wave_vu_floor=0.0200 wave_shift=120.0000 render_us=973 render_avg=914 render_max=40224
[08:03:55.037]     [AP] SSL=353 DC=-864 max_raw=333 follower=353 peak_scaled=-0.344 silent_scale=1.000 silence=0 cal_source=measured cal_valid=1 | bpm=120.0 conf=0.41 lock=0 phase=0.70 beat=0 bstr=0.09 | onset=1 bass=0 ostr=0.00
[08:03:55.037]     [VP] profile=custom fix=111011 chroma_seq=2527964 chroma_flatness=0.4350 chroma_norm_max=0.5469 chroma_norm_mean=0.1120 chroma_final_max=0.4469 chroma_final_mean=0.0770 agc_gain=9.9997 bloom_alpha=1.0000 bloom_shift=1.0500 wave_idle=0.9850 wave_raw_margin=1.1000 wave_peak_floor=0.0800 wave_vu_floor=0.0200 wave_shift=120.0000 render_us=895 render_avg=936 render_max=40224
[08:03:55.037]     [AP] SSL=353 DC=-864 max_raw=444 follower=353 peak_scaled=-0.170 silent_scale=1.000 silence=0 cal_source=measured cal_valid=1 | bpm=120.0 conf=0.40 lock=0 phase=0.72 beat=0 bstr=0.04 | onset=0 bass=1 ostr=1.00
[08:03:55.037]     [VP] profile=custom fix=111011 chroma_seq=2528166 chroma_flatness=0.4283 chroma_norm_max=0.4834 chroma_norm_mean=0.0551 chroma_final_max=0.3834 chroma_final_mean=0.0320 agc_gain=9.9997 bloom_alpha=1.0000 bloom_shift=1.0500 wave_idle=0.9850 wave_raw_margin=1.1000 wave_peak_floor=0.0800 wave_vu_floor=0.0200 wave_shift=120.0000 render_us=1001 render_avg=917 render_max=40224
[08:03:55.037]     [AP] SSL=353 DC=-864 max_raw=936 follower=446 peak_scaled=0.933 silent_scale=1.000 silence=0 cal_source=measured cal_valid=1 | bpm=120.0 conf=0.38 lock=0 phase=0.74 beat=0 bstr=0.03 | onset=1 bass=0 ostr=0.00
[08:03:55.037]     [VP] profile=custom fix=111011 chroma_seq=2528369 chroma_flatness=0.0604 chroma_norm_max=0.0694 chroma_norm_mean=0.0090 chroma_final_max=0.0000 chroma_final_mean=0.0000 agc_gain=9.9962 bloom_alpha=1.0000 bloom_shift=1.0500 wave_idle=0.9850 wave_raw_margin=1.1000 wave_peak_floor=0.0800 wave_vu_floor=0.0200 wave_shift=120.0000 render_us=861 render_avg=956 render_max=40224
[08:03:55.037] --- snapshot ---
[08:03:55.037]     CAL_PROFILE_LOADED: 1
[08:03:55.037]     CONFIG.STANDBY_DIMMING: 0
[08:03:55.037]     silence: 0
[08:03:55.037]     [VP] profile=custom fix=111011 chroma_seq=2527558 chroma_flatness=0.0834 chroma_norm_max=0.0944 chroma_norm_mean=0.0110 chroma_final_max=0.0000 chroma_final_mean=0.0000 agc_gain=9.9997 bloom_alpha=1.0000 bloom_shift=1.0500 wave_idle=0.9850 wave_raw_margin=1.1000 wave_peak_floor=0.0800 wave_vu_floor=0.0200 wave_shift=120.0000 render_us=862 render_avg=912 render_max=40224
[08:03:55.037]     [AP] SSL=353 DC=-864 max_raw=160 follower=353 peak_scaled=-0.450 silent_scale=1.000 silence=0 cal_source=measured cal_valid=1 | bpm=120.0 conf=0.41 lock=0 phase=0.71 beat=0 bstr=0.06 | onset=0 bass=1 ostr=0.40
[08:03:55.037]     [VP] profile=custom fix=111011 chroma_seq=2527762 chroma_flatness=0.1676 chroma_norm_max=0.3189 chroma_norm_mean=0.0289 chroma_final_max=0.2189 chroma_final_mean=0.0182 agc_gain=9.9997 bloom_alpha=1.0000 bloom_shift=1.0500 wave_idle=0.9850 wave_raw_margin=1.1000 wave_peak_floor=0.0800 wave_vu_floor=0.0200 wave_shift=120.0000 render_us=973 render_avg=914 render_max=40224
[08:03:55.037]     [AP] SSL=353 DC=-864 max_raw=333 follower=353 peak_scaled=-0.344 silent_scale=1.000 silence=0 cal_source=measured cal_valid=1 | bpm=120.0 conf=0.41 lock=0 phase=0.70 beat=0 bstr=0.09 | onset=1 bass=0 ostr=0.00
[08:03:55.037]     [VP] profile=custom fix=111011 chroma_seq=2527964 chroma_flatness=0.4350 chroma_norm_max=0.5469 chroma_norm_mean=0.1120 chroma_final_max=0.4469 chroma_final_mean=0.0770 agc_gain=9.9997 bloom_alpha=1.0000 bloom_shift=1.0500 wave_idle=0.9850 wave_raw_margin=1.1000 wave_peak_floor=0.0800 wave_vu_floor=0.0200 wave_shift=120.0000 render_us=895 render_avg=936 render_max=40224
[08:03:55.037]     [AP] SSL=353 DC=-864 max_raw=444 follower=353 peak_scaled=-0.170 silent_scale=1.000 silence=0 cal_source=measured cal_valid=1 | bpm=120.0 conf=0.40 lock=0 phase=0.72 beat=0 bstr=0.04 | onset=0 bass=1 ostr=1.00
[08:03:55.037]     [VP] profile=custom fix=111011 chroma_seq=2528166 chroma_flatness=0.4283 chroma_norm_max=0.4834 chroma_norm_mean=0.0551 chroma_final_max=0.3834 chroma_final_mean=0.0320 agc_gain=9.9997 bloom_alpha=1.0000 bloom_shift=1.0500 wave_idle=0.9850 wave_raw_margin=1.1000 wave_peak_floor=0.0800 wave_vu_floor=0.0200 wave_shift=120.0000 render_us=1001 render_avg=917 render_max=40224
[08:03:55.037]     [AP] SSL=353 DC=-864 max_raw=936 follower=446 peak_scaled=0.933 silent_scale=1.000 silence=0 cal_source=measured cal_valid=1 | bpm=120.0 conf=0.38 lock=0 phase=0.74 beat=0 bstr=0.03 | onset=1 bass=0 ostr=0.00
[08:03:55.037]     [VP] profile=custom fix=111011 chroma_seq=2528369 chroma_flatness=0.0604 chroma_norm_max=0.0694 chroma_norm_mean=0.0090 chroma_final_max=0.0000 chroma_final_mean=0.0000 agc_gain=9.9962 bloom_alpha=1.0000 bloom_shift=1.0500 wave_idle=0.9850 wave_raw_margin=1.1000 wave_peak_floor=0.0800 wave_vu_floor=0.0200 wave_shift=120.0000 render_us=861 render_avg=956 render_max=40224
[08:03:55.037] >>> :vp_status
[08:03:59.388]     sbr{{
[08:03:59.388]     VP_PROFILE: custom
[08:03:59.388]     VP_FIXES: agc_soft=on chroma_gate=on prism_off=on bloom_decay=off hsv_source_sat=on secondary_clean=on
[08:03:59.388]     VP_STREAM: on
[08:03:59.388]     AP_STREAM: on
[08:03:59.388]     VP_BLOOM: alpha=1.0000 shift=1.0500 force_sat=on
[08:03:59.388]     VP_WAVEFORM: idle_fade=0.9850 raw_margin=1.1000 peak_floor=0.0800 active_fade=0.0400 blend_gain=2.0000 fallback=1.0000 vu_floor=0.0200 shift_rate=120.0000
[08:03:59.388]     VP_CHROMA: seq=2528403 range=60 profile=0 gate_gain=1.0000 pre_max=0.1997 pre_mean=0.0228 norm_max=1.1119 norm_mean=0.1271 flatness=0.9848 final_max=1.0000 final_mean=0.1091
[08:03:59.388]     VP_AGC: gain=9.9986 envelope=0.0035 floor=0.0010 gated=false
[08:03:59.388]     VP_RENDER_US: last=1009 avg=938 max=40224
[08:03:59.388]     }}
[08:03:59.388]     [AP] SSL=353 DC=-864 max_raw=151 follower=387 peak_scaled=-0.368 silent_scale=1.000 silence=0 cal_source=measured cal_valid=1 | bpm=133.0 conf=0.53 lock=0 phase=0.85 beat=0 bstr=0.09 | onset=0 bass=1 ostr=0.45
[08:03:59.388]     [VP] profile=custom fix=111011 chroma_seq=2528571 chroma_flatness=0.1180 chroma_norm_max=0.1416 chroma_norm_mean=0.0236 chroma_final_max=0.0079 chroma_final_mean=0.0013 agc_gain=9.9997 bloom_alpha=1.0000 bloom_shift=1.0500 wave_idle=0.9850 wave_raw_margin=1.1000 wave_peak_floor=0.0800 wave_vu_floor=0.0200 wave_shift=120.0000 render_us=933 render_avg=897 render_max=40224
[08:03:59.388]     [AP] SSL=353 DC=-864 max_raw=472 follower=353 peak_scaled=-0.222 silent_scale=1.000 silence=0 cal_source=measured cal_valid=1 | bpm=133.0 conf=0.55 lock=0 phase=0.08 beat=0 bstr=0.04 | onset=0 bass=1 ostr=0.18
[08:03:59.388]     [VP] profile=custom fix=111011 chroma_seq=2528774 chroma_flatness=0.3737 chroma_norm_max=0.4149 chroma_norm_mean=0.0412 chroma_final_max=0.3149 chroma_final_mean=0.0262 agc_gain=9.9997 bloom_alpha=1.0000 bloom_shift=1.0500 wave_idle=0.9850 wave_raw_margin=1.1000 wave_peak_floor=0.0800 wave_vu_floor=0.0200 wave_shift=120.0000 render_us=1008 render_avg=898 render_max=40224
[08:03:59.388]     [AP] SSL=353 DC=-864 max_raw=242 follower=353 peak_scaled=-0.229 silent_scale=1.000 silence=0 cal_source=measured cal_valid=1 | bpm=133.0 conf=0.53 lock=0 phase=0.33 beat=0 bstr=0.18 | onset=1 bass=0 ostr=0.00
[08:03:59.388]     [VP] profile=custom fix=111011 chroma_seq=2528976 chroma_flatness=1.0024 chroma_norm_max=1.1363 chroma_norm_mean=0.1340 chroma_final_max=1.0000 chroma_final_mean=0.1143 agc_gain=9.9997 bloom_alpha=1.0000 bloom_shift=1.0500 wave_idle=0.9850 wave_raw_margin=1.1000 wave_peak_floor=0.0800 wave_vu_floor=0.0200 wave_shift=120.0000 render_us=928 render_avg=951 render_max=40224
[08:03:59.388]     [AP] SSL=353 DC=-864 max_raw=328 follower=353 peak_scaled=0.036 silent_scale=1.000 silence=0 cal_source=measured cal_valid=1 | bpm=133.0 conf=0.57 lock=0 phase=0.53 beat=0 bstr=0.11 | onset=0 bass=1 ostr=0.07
[08:03:59.388]     [VP] profile=custom fix=111011 chroma_seq=2529178 chroma_flatness=0.1176 chroma_norm_max=0.1288 chroma_norm_mean=0.0112 chroma_final_max=0.0054 chroma_final_mean=0.0004 agc_gain=9.9997 bloom_alpha=1.0000 bloom_shift=1.0500 wave_idle=0.9850 wave_raw_margin=1.1000 wave_peak_floor=0.0800 wave_vu_floor=0.0200 wave_shift=120.0000 render_us=931 render_avg=931 render_max=40224
[08:03:59.388] --- snapshot ---
[08:03:59.388]     VP_FIXES: agc_soft=on chroma_gate=on prism_off=on bloom_decay=off hsv_source_sat=on secondary_clean=on
[08:03:59.388]     VP_CHROMA: seq=2528403 range=60 profile=0 gate_gain=1.0000 pre_max=0.1997 pre_mean=0.0228 norm_max=1.1119 norm_mean=0.1271 flatness=0.9848 final_max=1.0000 final_mean=0.1091
[08:03:59.388]     VP_AGC: gain=9.9986 envelope=0.0035 floor=0.0010 gated=false
[08:03:59.388]     [AP] SSL=353 DC=-864 max_raw=151 follower=387 peak_scaled=-0.368 silent_scale=1.000 silence=0 cal_source=measured cal_valid=1 | bpm=133.0 conf=0.53 lock=0 phase=0.85 beat=0 bstr=0.09 | onset=0 bass=1 ostr=0.45
[08:03:59.388]     [VP] profile=custom fix=111011 chroma_seq=2528571 chroma_flatness=0.1180 chroma_norm_max=0.1416 chroma_norm_mean=0.0236 chroma_final_max=0.0079 chroma_final_mean=0.0013 agc_gain=9.9997 bloom_alpha=1.0000 bloom_shift=1.0500 wave_idle=0.9850 wave_raw_margin=1.1000 wave_peak_floor=0.0800 wave_vu_floor=0.0200 wave_shift=120.0000 render_us=933 render_avg=897 render_max=40224
[08:03:59.388]     [AP] SSL=353 DC=-864 max_raw=472 follower=353 peak_scaled=-0.222 silent_scale=1.000 silence=0 cal_source=measured cal_valid=1 | bpm=133.0 conf=0.55 lock=0 phase=0.08 beat=0 bstr=0.04 | onset=0 bass=1 ostr=0.18
[08:03:59.388]     [VP] profile=custom fix=111011 chroma_seq=2528774 chroma_flatness=0.3737 chroma_norm_max=0.4149 chroma_norm_mean=0.0412 chroma_final_max=0.3149 chroma_final_mean=0.0262 agc_gain=9.9997 bloom_alpha=1.0000 bloom_shift=1.0500 wave_idle=0.9850 wave_raw_margin=1.1000 wave_peak_floor=0.0800 wave_vu_floor=0.0200 wave_shift=120.0000 render_us=1008 render_avg=898 render_max=40224
[08:03:59.388]     [AP] SSL=353 DC=-864 max_raw=242 follower=353 peak_scaled=-0.229 silent_scale=1.000 silence=0 cal_source=measured cal_valid=1 | bpm=133.0 conf=0.53 lock=0 phase=0.33 beat=0 bstr=0.18 | onset=1 bass=0 ostr=0.00
[08:03:59.388]     [VP] profile=custom fix=111011 chroma_seq=2528976 chroma_flatness=1.0024 chroma_norm_max=1.1363 chroma_norm_mean=0.1340 chroma_final_max=1.0000 chroma_final_mean=0.1143 agc_gain=9.9997 bloom_alpha=1.0000 bloom_shift=1.0500 wave_idle=0.9850 wave_raw_margin=1.1000 wave_peak_floor=0.0800 wave_vu_floor=0.0200 wave_shift=120.0000 render_us=928 render_avg=951 render_max=40224
[08:03:59.388]     [AP] SSL=353 DC=-864 max_raw=328 follower=353 peak_scaled=0.036 silent_scale=1.000 silence=0 cal_source=measured cal_valid=1 | bpm=133.0 conf=0.57 lock=0 phase=0.53 beat=0 bstr=0.11 | onset=0 bass=1 ostr=0.07
[08:03:59.388]     [VP] profile=custom fix=111011 chroma_seq=2529178 chroma_flatness=0.1176 chroma_norm_max=0.1288 chroma_norm_mean=0.0112 chroma_final_max=0.0054 chroma_final_mean=0.0004 agc_gain=9.9997 bloom_alpha=1.0000 bloom_shift=1.0500 wave_idle=0.9850 wave_raw_margin=1.1000 wave_peak_floor=0.0800 wave_vu_floor=0.0200 wave_shift=120.0000 render_us=931 render_avg=931 render_max=40224
[08:03:59.388] >>> :smart_status
[08:04:03.700]     sbr{{
[08:04:03.701]     SMART_ASSIST: on
[08:04:03.701]     SMART_SWITCHING: on
[08:04:03.701]     SMART_DIRECTOR_AUTONOMY: off
[08:04:03.701]     SMART_HOOKS: on
[08:04:03.701]     SMART_CONFIDENCE_FLOOR: 0.080
[08:04:03.701]     SMART_APPLIED_MODE: 19
[08:04:03.701]     SMART_LAST_REQUESTED_MODE: 19
[08:04:03.701]     SMART_SWITCHES_IN_WINDOW: 0
[08:04:03.701]     SMART_MANUAL_OWNER_ACTIVE: 0
[08:04:03.701]     SMART_LAST_REASON: 0
[08:04:03.701]     SMART_STATE: 1
[08:04:03.701]     SMART_INTENT_MODE: 3
[08:04:03.701]     SMART_INTENT_CONFIDENCE: 0.012
[08:04:03.701]     SMART_INTENT_WANTS_SWITCH: 0
[08:04:03.701]     SMART_SCALAR_PHOTONS: 0.860
[08:04:03.701]     SMART_SCALAR_CHROMA: 0.920
[08:04:03.701]     SMART_SCALAR_MOOD: 1.000
[08:04:03.701]     SMART_SCALAR_SATURATION: 0.900
[08:04:03.701]     SMART_PALETTE_OVERLAY: 0
[08:04:03.701]     SMART_PALETTE_INDEX: 11
[08:04:03.701]     SMART_AUTO_COLOUR_SHIFT: 0
[08:04:03.701]     SMART_MIN_DWELL_MS: 8000
[08:04:03.701]     SMART_COOLDOWN_MS: 20000
[08:04:03.701]     SMART_SWITCH_WINDOW_MS: 60000
[08:04:03.701]     SMART_MAX_SWITCHES: 2
[08:04:03.701]     SMART_AUDIO_NOVELTY: 0.0354
[08:04:03.701]     SMART_AUDIO_ENERGY: 0.0081
[08:04:03.701]     SMART_EVENT_ID: 221451
[08:04:03.701]     SMART_EVENT_AGE_MS: 0
[08:04:03.701]     SMART_ONSET: 1
[08:04:03.701]     SMART_BASS_ONSET: 0
[08:04:03.701]     SMART_BEAT_CONFIDENCE: 0.000
[08:04:03.701]     }}
[08:04:03.701]     [AP] SSL=353 DC=-864 max_raw=333 follower=353 peak_scaled=-0.097 silent_scale=1.000 silence=0 cal_source=measured cal_valid=1 | bpm=133.0 conf=0.61 lock=1 phase=0.67 beat=0 bstr=0.17 | onset=0 bass=1 ostr=0.09
[08:04:03.701]     [VP] profile=custom fix=111011 chroma_seq=2529379 chroma_flatness=0.0599 chroma_norm_max=0.0682 chroma_norm_mean=0.0084 chroma_final_max=0.0000 chroma_final_mean=0.0000 agc_gain=9.9997 bloom_alpha=1.0000 bloom_shift=1.0500 wave_idle=0.9850 wave_raw_margin=1.1000 wave_peak_floor=0.0800 wave_vu_floor=0.0200 wave_shift=120.0000 render_us=897 render_avg=904 render_max=40224
[08:04:03.701]     [AP] SSL=353 DC=-864 max_raw=120 follower=353 peak_scaled=-0.558 silent_scale=1.000 silence=0 cal_source=measured cal_valid=1 | bpm=133.0 conf=0.63 lock=1 phase=0.17 beat=0 bstr=0.25 | onset=0 bass=1 ostr=0.05
[08:04:03.701]     [VP] profile=custom fix=111011 chroma_seq=2529580 chroma_flatness=0.0766 chroma_norm_max=0.0852 chroma_norm_mean=0.0086 chroma_final_max=0.0000 chroma_final_mean=0.0000 agc_gain=9.9997 bloom_alpha=1.0000 bloom_shift=1.0500 wave_idle=0.9850 wave_raw_margin=1.1000 wave_peak_floor=0.0800 wave_vu_floor=0.0200 wave_shift=120.0000 render_us=883 render_avg=891 render_max=40224
[08:04:03.701]     [AP] SSL=353 DC=-864 max_raw=434 follower=353 peak_scaled=0.460 silent_scale=1.000 silence=0 cal_source=measured cal_valid=1 | bpm=133.0 conf=0.66 lock=1 phase=0.02 beat=0 bstr=0.15 | onset=1 bass=0 ostr=0.00
[08:04:03.701]     [VP] profile=custom fix=111011 chroma_seq=2529782 chroma_flatness=0.1906 chroma_norm_max=0.2095 chroma_norm_mean=0.0189 chroma_final_max=0.0605 chroma_final_mean=0.0050 agc_gain=9.9997 bloom_alpha=1.0000 bloom_shift=1.0500 wave_idle=0.9850 wave_raw_margin=1.1000 wave_peak_floor=0.0800 wave_vu_floor=0.0200 wave_shift=120.0000 render_us=1002 render_avg=940 render_max=40224
[08:04:03.701]     [AP] SSL=353 DC=-864 max_raw=629 follower=353 peak_scaled=0.535 silent_scale=1.000 silence=0 cal_source=measured cal_valid=1 | bpm=133.0 conf=0.71 lock=1 phase=0.38 beat=0 bstr=0.09 | onset=0 bass=1 ostr=0.73
[08:04:03.701]     [VP] profile=custom fix=111011 chroma_seq=2529984 chroma_flatness=0.9198 chroma_norm_max=1.0232 chroma_norm_mean=0.1034 chroma_final_max=0.9232 chroma_final_mean=0.0769 agc_gain=9.9997 bloom_alpha=1.0000 bloom_shift=1.0500 wave_idle=0.9850 wave_raw_margin=1.1000 wave_peak_floor=0.0800 wave_vu_floor=0.0200 wave_shift=120.0000 render_us=967 render_avg=968 render_max=40224
[08:04:03.701] --- snapshot ---
[08:04:03.701]     SMART_EVENT_AGE_MS: 0
[08:04:03.701]     SMART_ONSET: 1
[08:04:03.701]     SMART_BASS_ONSET: 0
[08:04:03.701]     SMART_BEAT_CONFIDENCE: 0.000
[08:04:03.701]     [AP] SSL=353 DC=-864 max_raw=333 follower=353 peak_scaled=-0.097 silent_scale=1.000 silence=0 cal_source=measured cal_valid=1 | bpm=133.0 conf=0.61 lock=1 phase=0.67 beat=0 bstr=0.17 | onset=0 bass=1 ostr=0.09
[08:04:03.701]     [VP] profile=custom fix=111011 chroma_seq=2529379 chroma_flatness=0.0599 chroma_norm_max=0.0682 chroma_norm_mean=0.0084 chroma_final_max=0.0000 chroma_final_mean=0.0000 agc_gain=9.9997 bloom_alpha=1.0000 bloom_shift=1.0500 wave_idle=0.9850 wave_raw_margin=1.1000 wave_peak_floor=0.0800 wave_vu_floor=0.0200 wave_shift=120.0000 render_us=897 render_avg=904 render_max=40224
[08:04:03.701]     [AP] SSL=353 DC=-864 max_raw=120 follower=353 peak_scaled=-0.558 silent_scale=1.000 silence=0 cal_source=measured cal_valid=1 | bpm=133.0 conf=0.63 lock=1 phase=0.17 beat=0 bstr=0.25 | onset=0 bass=1 ostr=0.05
[08:04:03.701]     [VP] profile=custom fix=111011 chroma_seq=2529580 chroma_flatness=0.0766 chroma_norm_max=0.0852 chroma_norm_mean=0.0086 chroma_final_max=0.0000 chroma_final_mean=0.0000 agc_gain=9.9997 bloom_alpha=1.0000 bloom_shift=1.0500 wave_idle=0.9850 wave_raw_margin=1.1000 wave_peak_floor=0.0800 wave_vu_floor=0.0200 wave_shift=120.0000 render_us=883 render_avg=891 render_max=40224
[08:04:03.701]     [AP] SSL=353 DC=-864 max_raw=434 follower=353 peak_scaled=0.460 silent_scale=1.000 silence=0 cal_source=measured cal_valid=1 | bpm=133.0 conf=0.66 lock=1 phase=0.02 beat=0 bstr=0.15 | onset=1 bass=0 ostr=0.00
[08:04:03.701]     [VP] profile=custom fix=111011 chroma_seq=2529782 chroma_flatness=0.1906 chroma_norm_max=0.2095 chroma_norm_mean=0.0189 chroma_final_max=0.0605 chroma_final_mean=0.0050 agc_gain=9.9997 bloom_alpha=1.0000 bloom_shift=1.0500 wave_idle=0.9850 wave_raw_margin=1.1000 wave_peak_floor=0.0800 wave_vu_floor=0.0200 wave_shift=120.0000 render_us=1002 render_avg=940 render_max=40224
[08:04:03.701]     [AP] SSL=353 DC=-864 max_raw=629 follower=353 peak_scaled=0.535 silent_scale=1.000 silence=0 cal_source=measured cal_valid=1 | bpm=133.0 conf=0.71 lock=1 phase=0.38 beat=0 bstr=0.09 | onset=0 bass=1 ostr=0.73
[08:04:03.701]     [VP] profile=custom fix=111011 chroma_seq=2529984 chroma_flatness=0.9198 chroma_norm_max=1.0232 chroma_norm_mean=0.1034 chroma_final_max=0.9232 chroma_final_mean=0.0769 agc_gain=9.9997 bloom_alpha=1.0000 bloom_shift=1.0500 wave_idle=0.9850 wave_raw_margin=1.1000 wave_peak_floor=0.0800 wave_vu_floor=0.0200 wave_shift=120.0000 render_us=967 render_avg=968 render_max=40224
[08:04:03.701] >>> :clear_noise_cal CONFIRM
[08:04:08.242]     [AP] SSL=353 DC=-864 max_raw=403 follower=353 peak_scaled=-0.043 silent_scale=1.000 silence=0 cal_source=measured cal_valid=1 | bpm=133.0 conf=0.77 lock=1 phase=0.26 beat=0 bstr=0.08 | onset=1 bass=0 ostr=0.00
[08:04:08.242]     SBOK
[08:04:08.242]     NOISE CAL CLEARED
[08:04:08.242]     [VP] profile=custom fix=111011 chroma_seq=2530175 chroma_flatness=0.0637 chroma_norm_max=1.1313 chroma_norm_mean=1.0676 chroma_final_max=0.0000 chroma_final_mean=0.0000 agc_gain=8.6265 bloom_alpha=1.0000 bloom_shift=1.0500 wave_idle=0.9850 wave_raw_margin=1.1000 wave_peak_floor=0.0800 wave_vu_floor=0.0200 wave_shift=120.0000 render_us=1014 render_avg=2224 render_max=40746
[08:04:08.242]     [AP] SSL=353 DC=-864 max_raw=170 follower=353 peak_scaled=-0.567 silent_scale=1.000 silence=0 cal_source=default_invalid cal_valid=1 | bpm=112.0 conf=0.32 lock=0 phase=0.32 beat=0 bstr=0.01 | onset=1 bass=0 ostr=0.00
[08:04:08.242]     [VP] profile=custom fix=111011 chroma_seq=2530378 chroma_flatness=0.0728 chroma_norm_max=0.3940 chroma_norm_mean=0.3213 chroma_final_max=0.0000 chroma_final_mean=0.0000 agc_gain=1.3655 bloom_alpha=1.0000 bloom_shift=1.0500 wave_idle=0.9850 wave_raw_margin=1.1000 wave_peak_floor=0.0800 wave_vu_floor=0.0200 wave_shift=120.0000 render_us=984 render_avg=1026 render_max=40746
[08:04:08.242]     [AP] SSL=353 DC=-864 max_raw=458 follower=353 peak_scaled=0.092 silent_scale=1.000 silence=0 cal_source=default_invalid cal_valid=1 | bpm=112.0 conf=0.28 lock=0 phase=0.21 beat=0 bstr=0.02 | onset=0 bass=0 ostr=0.00
[08:04:08.242]     [VP] profile=custom fix=111011 chroma_seq=2530582 chroma_flatness=0.1502 chroma_norm_max=0.5739 chroma_norm_mean=0.4237 chroma_final_max=0.1663 chroma_final_mean=0.1136 agc_gain=1.2960 bloom_alpha=1.0000 bloom_shift=1.0500 wave_idle=0.9850 wave_raw_margin=1.1000 wave_peak_floor=0.0800 wave_vu_floor=0.0200 wave_shift=120.0000 render_us=1047 render_avg=1041 render_max=40746
[08:04:08.242]     [AP] SSL=353 DC=-864 max_raw=207 follower=353 peak_scaled=-0.224 silent_scale=1.000 silence=0 cal_source=default_invalid cal_valid=1 | bpm=112.0 conf=0.29 lock=0 phase=0.10 beat=0 bstr=0.02 | onset=1 bass=1 ostr=0.05
[08:04:08.242]     [VP] profile=custom fix=111011 chroma_seq=2530785 chroma_flatness=0.0994 chroma_norm_max=0.5825 chroma_norm_mean=0.4831 chroma_final_max=0.0468 chroma_final_mean=0.0372 agc_gain=1.3758 bloom_alpha=1.0000 bloom_shift=1.0500 wave_idle=0.9850 wave_raw_margin=1.1000 wave_peak_floor=0.0800 wave_vu_floor=0.0200 wave_shift=120.0000 render_us=1015 render_avg=1002 render_max=40746
[08:04:08.242]     [AP] SSL=353 DC=-864 max_raw=142 follower=353 peak_scaled=-0.495 silent_scale=1.000 silence=0 cal_source=default_invalid cal_valid=1 | bpm=112.0 conf=0.18 lock=0 phase=0.95 beat=0 bstr=0.03 | onset=1 bass=0 ostr=0.00
[08:04:08.242]     [VP] profile=custom fix=111011 chroma_seq=2530988 chroma_flatness=0.1254 chroma_norm_max=0.8273 chroma_norm_mean=0.7018 chroma_final_max=0.1653 chroma_final_mean=0.1368 agc_gain=1.3462 bloom_alpha=1.0000 bloom_shift=1.0500 wave_idle=0.9850 wave_raw_margin=1.1000 wave_peak_floor=0.0800 wave_vu_floor=0.0200 wave_shift=120.0000 render_us=981 render_avg=1042 render_max=40746
[08:04:08.242] --- clear_noise_cal response ---
[08:04:08.242]     [AP] SSL=353 DC=-864 max_raw=403 follower=353 peak_scaled=-0.043 silent_scale=1.000 silence=0 cal_source=measured cal_valid=1 | bpm=133.0 conf=0.77 lock=1 phase=0.26 beat=0 bstr=0.08 | onset=1 bass=0 ostr=0.00
[08:04:08.242]     NOISE CAL CLEARED
[08:04:08.242]     [VP] profile=custom fix=111011 chroma_seq=2530175 chroma_flatness=0.0637 chroma_norm_max=1.1313 chroma_norm_mean=1.0676 chroma_final_max=0.0000 chroma_final_mean=0.0000 agc_gain=8.6265 bloom_alpha=1.0000 bloom_shift=1.0500 wave_idle=0.9850 wave_raw_margin=1.1000 wave_peak_floor=0.0800 wave_vu_floor=0.0200 wave_shift=120.0000 render_us=1014 render_avg=2224 render_max=40746
[08:04:08.242]     [AP] SSL=353 DC=-864 max_raw=170 follower=353 peak_scaled=-0.567 silent_scale=1.000 silence=0 cal_source=default_invalid cal_valid=1 | bpm=112.0 conf=0.32 lock=0 phase=0.32 beat=0 bstr=0.01 | onset=1 bass=0 ostr=0.00
[08:04:08.242]     [VP] profile=custom fix=111011 chroma_seq=2530378 chroma_flatness=0.0728 chroma_norm_max=0.3940 chroma_norm_mean=0.3213 chroma_final_max=0.0000 chroma_final_mean=0.0000 agc_gain=1.3655 bloom_alpha=1.0000 bloom_shift=1.0500 wave_idle=0.9850 wave_raw_margin=1.1000 wave_peak_floor=0.0800 wave_vu_floor=0.0200 wave_shift=120.0000 render_us=984 render_avg=1026 render_max=40746
[08:04:08.242]     [AP] SSL=353 DC=-864 max_raw=458 follower=353 peak_scaled=0.092 silent_scale=1.000 silence=0 cal_source=default_invalid cal_valid=1 | bpm=112.0 conf=0.28 lock=0 phase=0.21 beat=0 bstr=0.02 | onset=0 bass=0 ostr=0.00
[08:04:08.242]     [VP] profile=custom fix=111011 chroma_seq=2530582 chroma_flatness=0.1502 chroma_norm_max=0.5739 chroma_norm_mean=0.4237 chroma_final_max=0.1663 chroma_final_mean=0.1136 agc_gain=1.2960 bloom_alpha=1.0000 bloom_shift=1.0500 wave_idle=0.9850 wave_raw_margin=1.1000 wave_peak_floor=0.0800 wave_vu_floor=0.0200 wave_shift=120.0000 render_us=1047 render_avg=1041 render_max=40746
[08:04:08.242]     [AP] SSL=353 DC=-864 max_raw=207 follower=353 peak_scaled=-0.224 silent_scale=1.000 silence=0 cal_source=default_invalid cal_valid=1 | bpm=112.0 conf=0.29 lock=0 phase=0.10 beat=0 bstr=0.02 | onset=1 bass=1 ostr=0.05
[08:04:08.242]     [VP] profile=custom fix=111011 chroma_seq=2530785 chroma_flatness=0.0994 chroma_norm_max=0.5825 chroma_norm_mean=0.4831 chroma_final_max=0.0468 chroma_final_mean=0.0372 agc_gain=1.3758 bloom_alpha=1.0000 bloom_shift=1.0500 wave_idle=0.9850 wave_raw_margin=1.1000 wave_peak_floor=0.0800 wave_vu_floor=0.0200 wave_shift=120.0000 render_us=1015 render_avg=1002 render_max=40746
[08:04:08.242]     [AP] SSL=353 DC=-864 max_raw=142 follower=353 peak_scaled=-0.495 silent_scale=1.000 silence=0 cal_source=default_invalid cal_valid=1 | bpm=112.0 conf=0.18 lock=0 phase=0.95 beat=0 bstr=0.03 | onset=1 bass=0 ostr=0.00
[08:04:08.242]     [VP] profile=custom fix=111011 chroma_seq=2530988 chroma_flatness=0.1254 chroma_norm_max=0.8273 chroma_norm_mean=0.7018 chroma_final_max=0.1653 chroma_final_mean=0.1368 agc_gain=1.3462 bloom_alpha=1.0000 bloom_shift=1.0500 wave_idle=0.9850 wave_raw_margin=1.1000 wave_peak_floor=0.0800 wave_vu_floor=0.0200 wave_shift=120.0000 render_us=981 render_avg=1042 render_max=40746
[08:04:08.242] >>> N
[08:04:11.591]     NOISE_CAL: armed - confirm silence, press Y within 5s
[08:04:11.591]     [AP] SSL=353 DC=-864 max_raw=106 follower=353 peak_scaled=-0.636 silent_scale=1.000 silence=0 cal_source=default_invalid cal_valid=1 | bpm=112.0 conf=0.18 lock=0 phase=0.84 beat=0 bstr=0.03 | onset=0 bass=0 ostr=0.00
[08:04:11.591]     [VP] profile=custom fix=111011 chroma_seq=2531191 chroma_flatness=0.2896 chroma_norm_max=1.0168 chroma_norm_mean=0.7272 chroma_final_max=0.9168 chroma_final_mean=0.6272 agc_gain=1.4282 bloom_alpha=1.0000 bloom_shift=1.0500 wave_idle=0.9850 wave_raw_margin=1.1000 wave_peak_floor=0.0800 wave_vu_floor=0.0200 wave_shift=120.0000 render_us=1050 render_avg=1036 render_max=40746
[08:04:11.592]     [AP] SSL=353 DC=-864 max_raw=312 follower=353 peak_scaled=-0.364 silent_scale=1.000 silence=0 cal_source=default_invalid cal_valid=1 | bpm=112.0 conf=0.19 lock=0 phase=0.73 beat=0 bstr=0.02 | onset=0 bass=0 ostr=0.00
[08:04:11.592]     [VP] profile=custom fix=111011 chroma_seq=2531394 chroma_flatness=0.2085 chroma_norm_max=0.9683 chroma_norm_mean=0.7598 chroma_final_max=0.5577 chroma_final_mean=0.4238 agc_gain=1.1532 bloom_alpha=1.0000 bloom_shift=1.0500 wave_idle=0.9850 wave_raw_margin=1.1000 wave_peak_floor=0.0800 wave_vu_floor=0.0200 wave_shift=120.0000 render_us=1027 render_avg=1010 render_max=40746
[08:04:11.592]     [AP] SSL=353 DC=-864 max_raw=338 follower=353 peak_scaled=-0.415 silent_scale=1.000 silence=0 cal_source=default_invalid cal_valid=1 | bpm=112.0 conf=0.19 lock=0 phase=0.58 beat=0 bstr=0.02 | onset=0 bass=0 ostr=0.00
[08:04:11.592]     [VP] profile=custom fix=111011 chroma_seq=2531597 chroma_flatness=0.1434 chroma_norm_max=0.8886 chroma_norm_mean=0.7451 chroma_final_max=0.2501 chroma_final_mean=0.2046 agc_gain=1.2774 bloom_alpha=1.0000 bloom_shift=1.0500 wave_idle=0.9850 wave_raw_margin=1.1000 wave_peak_floor=0.0800 wave_vu_floor=0.0200 wave_shift=120.0000 render_us=1028 render_avg=1040 render_max=40746
[08:04:11.592] >>> Y
[08:04:14.644]     NOISE_CAL: queued
[08:04:14.644]     [AP] SSL=353 DC=-864 max_raw=261 follower=353 peak_scaled=-0.419 silent_scale=1.000 silence=0 cal_source=default_invalid cal_valid=1 | bpm=112.0 conf=0.17 lock=0 phase=0.46 beat=0 bstr=0.04 | onset=1 bass=0 ostr=0.00
[08:04:14.644]     STARTING NOISE CAL
[08:04:14.644]     [VP] profile=custom fix=111011 chroma_seq=2531800 chroma_flatness=0.4874 chroma_norm_max=1.0742 chroma_norm_mean=0.5868 chroma_final_max=0.9742 chroma_final_mean=0.4868 agc_gain=1.4377 bloom_alpha=1.0000 bloom_shift=1.0500 wave_idle=0.9850 wave_raw_margin=1.1000 wave_peak_floor=0.0800 wave_vu_floor=0.0200 wave_shift=120.0000 render_us=1010 render_avg=995 render_max=40746
[08:04:14.644]     [AP] SSL=0 DC=0 max_raw=1092 follower=353 peak_scaled=-0.575 silent_scale=1.000 silence=0 cal_source=default_invalid cal_valid=0 | bpm=112.0 conf=0.28 lock=0 phase=0.35 beat=0 bstr=0.04 | onset=0 bass=0 ostr=0.00
[08:04:14.644]     [VP] profile=custom fix=111011 chroma_seq=2532006 chroma_flatness=0.4959 chroma_norm_max=1.0230 chroma_norm_mean=0.5271 chroma_final_max=0.9230 chroma_final_mean=0.4271 agc_gain=1.6226 bloom_alpha=1.0000 bloom_shift=1.0500 wave_idle=0.9850 wave_raw_margin=1.1000 wave_peak_floor=0.0800 wave_vu_floor=0.0200 wave_shift=120.0000 render_us=963 render_avg=1001 render_max=40746
[08:04:14.644]     [AP] SSL=370 DC=-920 max_raw=176 follower=353 peak_scaled=-0.575 silent_scale=1.000 silence=0 cal_source=default_invalid cal_valid=0 | bpm=112.0 conf=0.26 lock=0 phase=0.20 beat=0 bstr=0.08 | onset=0 bass=0 ostr=0.00
[08:04:14.644]     NOISE CAL COMPLETE
[08:04:14.644]     [VP] profile=custom fix=111011 chroma_seq=2532208 chroma_flatness=0.0892 chroma_norm_max=0.1158 chroma_norm_mean=0.0265 chroma_final_max=0.0007 chroma_final_mean=0.0000 agc_gain=3.5960 bloom_alpha=1.0000 bloom_shift=1.0500 wave_idle=0.9850 wave_raw_margin=1.1000 wave_peak_floor=0.0800 wave_vu_floor=0.0200 wave_shift=120.0000 render_us=932 render_avg=1007 render_max=40746
[08:04:14.644] Noise cal started — waiting ~8s for completion...
[08:04:14.848]     [AP] SSL=370 DC=-920 max_raw=145 follower=370 peak_scaled=-0.390 silent_scale=1.000 silence=0 cal_source=measured cal_valid=1 | bpm=112.0 conf=0.24 lock=0 phase=0.09 beat=0 bstr=0.13 | onset=0 bass=1 ostr=0.10
[08:04:15.053]     [VP] profile=custom fix=111011 chroma_seq=2532411 chroma_flatness=0.1305 chroma_norm_max=0.1468 chroma_norm_mean=0.0163 chroma_final_max=0.0118 chroma_final_mean=0.0010 agc_gain=9.9796 bloom_alpha=1.0000 bloom_shift=1.0500 wave_idle=0.9850 wave_raw_margin=1.1000 wave_peak_floor=0.0800 wave_vu_floor=0.0200 wave_shift=120.0000 render_us=935 render_avg=908 render_max=40746
[08:04:15.865]     [AP] SSL=370 DC=-920 max_raw=136 follower=370 peak_scaled=-0.496 silent_scale=1.000 silence=0 cal_source=measured cal_valid=1 | bpm=112.0 conf=0.24 lock=0 phase=0.98 beat=0 bstr=0.16 | onset=0 bass=0 ostr=0.00
[08:04:16.069]     [VP] profile=custom fix=111011 chroma_seq=2532614 chroma_flatness=0.0673 chroma_norm_max=0.0740 chroma_norm_mean=0.0067 chroma_final_max=0.0000 chroma_final_mean=0.0000 agc_gain=9.9993 bloom_alpha=1.0000 bloom_shift=1.0500 wave_idle=0.9850 wave_raw_margin=1.1000 wave_peak_floor=0.0800 wave_vu_floor=0.0200 wave_shift=120.0000 render_us=832 render_avg=847 render_max=40746
[08:04:16.882]     [AP] SSL=370 DC=-920 max_raw=148 follower=370 peak_scaled=-0.508 silent_scale=1.000 silence=0 cal_source=measured cal_valid=1 | bpm=112.0 conf=0.25 lock=0 phase=0.83 beat=0 bstr=0.18 | onset=0 bass=1 ostr=0.16
[08:04:17.087]     [VP] profile=custom fix=111011 chroma_seq=2532815 chroma_flatness=0.0013 chroma_norm_max=0.0014 chroma_norm_mean=0.0001 chroma_final_max=0.0000 chroma_final_mean=0.0000 agc_gain=9.9993 bloom_alpha=1.0000 bloom_shift=1.0500 wave_idle=0.9850 wave_raw_margin=1.1000 wave_peak_floor=0.0800 wave_vu_floor=0.0200 wave_shift=120.0000 render_us=832 render_avg=898 render_max=40746
[08:04:17.898]     [AP] SSL=370 DC=-920 max_raw=121 follower=370 peak_scaled=-0.516 silent_scale=1.000 silence=0 cal_source=measured cal_valid=1 | bpm=112.0 conf=0.27 lock=0 phase=0.72 beat=0 bstr=0.15 | onset=0 bass=0 ostr=0.00
[08:04:18.099]     [VP] profile=custom fix=111011 chroma_seq=2533015 chroma_flatness=0.0412 chroma_norm_max=0.0466 chroma_norm_mean=0.0054 chroma_final_max=0.0000 chroma_final_mean=0.0000 agc_gain=9.9993 bloom_alpha=1.0000 bloom_shift=1.0500 wave_idle=0.9850 wave_raw_margin=1.1000 wave_peak_floor=0.0800 wave_vu_floor=0.0200 wave_shift=120.0000 render_us=828 render_avg=875 render_max=40746
[08:04:19.116]     [AP] SSL=370 DC=-920 max_raw=438 follower=370 peak_scaled=-0.209 silent_scale=1.000 silence=0 cal_source=measured cal_valid=1 | bpm=112.0 conf=0.26 lock=0 phase=0.61 beat=0 bstr=0.29 | onset=0 bass=1 ostr=0.49
[08:04:19.116]     [VP] profile=custom fix=111011 chroma_seq=2533217 chroma_flatness=0.8337 chroma_norm_max=0.9164 chroma_norm_mean=0.0828 chroma_final_max=0.8165 chroma_final_mean=0.0680 agc_gain=9.9997 bloom_alpha=1.0000 bloom_shift=1.0500 wave_idle=0.9850 wave_raw_margin=1.1000 wave_peak_floor=0.0800 wave_vu_floor=0.0200 wave_shift=120.0000 render_us=933 render_avg=967 render_max=40746
[08:04:19.933]     [AP] SSL=370 DC=-920 max_raw=594 follower=546 peak_scaled=0.607 silent_scale=1.000 silence=0 cal_source=measured cal_valid=1 | bpm=112.0 conf=0.25 lock=0 phase=0.46 beat=0 bstr=0.68 | onset=0 bass=0 ostr=0.00
[08:04:20.138]     [VP] profile=custom fix=111011 chroma_seq=2533418 chroma_flatness=0.2663 chroma_norm_max=0.3183 chroma_norm_mean=0.0520 chroma_final_max=0.2034 chroma_final_mean=0.0327 agc_gain=9.9997 bloom_alpha=1.0000 bloom_shift=1.0500 wave_idle=0.9850 wave_raw_margin=1.1000 wave_peak_floor=0.0800 wave_vu_floor=0.0200 wave_shift=120.0000 render_us=933 render_avg=874 render_max=40746
[08:04:20.947]     [AP] SSL=370 DC=-920 max_raw=172 follower=370 peak_scaled=-0.611 silent_scale=1.000 silence=0 cal_source=measured cal_valid=1 | bpm=106.0 conf=0.26 lock=0 phase=0.34 beat=0 bstr=0.02 | onset=0 bass=0 ostr=0.00
[08:04:21.151]     [VP] profile=custom fix=111011 chroma_seq=2533619 chroma_flatness=1.1293 chroma_norm_max=1.2378 chroma_norm_mean=0.1085 chroma_final_max=1.0000 chroma_final_mean=0.0833 agc_gain=9.9997 bloom_alpha=1.0000 bloom_shift=1.0500 wave_idle=0.9850 wave_raw_margin=1.1000 wave_peak_floor=0.0800 wave_vu_floor=0.0200 wave_shift=120.0000 render_us=935 render_avg=903 render_max=40746
[08:04:21.965]     [AP] SSL=370 DC=-920 max_raw=176 follower=370 peak_scaled=-0.494 silent_scale=1.000 silence=0 cal_source=measured cal_valid=1 | bpm=106.0 conf=0.23 lock=0 phase=0.15 beat=0 bstr=0.03 | onset=0 bass=1 ostr=0.48
[08:04:21.965]     [VP] profile=custom fix=111011 chroma_seq=2533821 chroma_flatness=0
[08:04:22.166]     .1104 chroma_norm_max=0.1204 chroma_norm_mean=0.0100 chroma_final_max=0.0031 chroma_final_mean=0.0002 agc_gain=9.9997 bloom_alpha=1.0000 bloom_shift=1.0500 wave_idle=0.9850 wave_raw_margin=1.1000 wave_peak_floor=0.0800 wave_vu_floor=0.0200 wave_shift=120.0000 render_us=876 render_avg=965 render_max=40746
[08:04:22.975]     [AP] SSL=370 DC=-920 max_raw=337 follower=436 peak_scaled=0.161 silent_scale=1.000 silence=0 cal_source=measured cal_valid=1 | bpm=155.0 conf=0.69 lock=1 phase=0.29 beat=0 bstr=0.30 | onset=1 bass=0 ostr=0.00
[08:04:22.975]     [VP] profile=custom fix=111011 chroma_seq=2534022 chroma_flatness=0.0140 chroma_norm_max=0.0158 chroma_norm_mean=0.0018 chroma_final_max=0.0000 chroma_final_mean=0.0000 agc_gain=9.9997 bloom_alpha=1.0000 bloom_shift=1.0500 wave_idle=0.9850 wave_raw_margin=1.1000 wave_peak_floor=0.0800 wave_vu_floor=0.0200 wave_shift=120.0000 render_us=900 render_avg=920 render_max=40746
[08:04:23.991]     [AP] SSL=370 DC=-920 max_raw=316 follower=370 peak_scaled=-0.148 silent_scale=1.000 silence=0 cal_source=measured cal_valid=1 | bpm=103.0 conf=0.47 lock=0 phase=0.71 beat=0 bstr=0.17 | onset=0 bass=0 ostr=0.00
[08:04:23.991]     [VP] profile=custom fix=111011 chroma_seq=2534223 chroma_flatness=0.7792 chroma_norm_max=0.8501 chroma_norm_mean=0.0708 chroma_final_max=0.7501 chroma_final_mean=0.0625 agc_gain=9.9997 bloom_alpha=1.0000 bloom_shift=1.0500 wave_idle=0.9850 wave_raw_margin=1.1000 wave_peak_floor=0.0800 wave_vu_floor=0.0200 wave_shift=120.0000 render_us=897 render_avg=888 render_max=40746
[08:04:24.999]     [AP] SSL=370 DC=-920 max_raw=241 follower=370 peak_scaled=-0.415 silent_scale=1.000 silence=0 cal_source=measured cal_valid=1 | bpm=72.0 conf=0.23 lock=0 phase=0.23 beat=0 bstr=0.51 | onset=0 bass=1 ostr=0.23
[08:04:24.999]     [VP] profile=custom fix=111011 chroma_seq=2534424 chroma_flatness=0.0040 chroma_norm_max=0.1122 chroma_norm_mean=0.0094 chroma_final_max=0.0014 chroma_final_mean=0.0001 agc_gain=9.9997 bloom_alpha=1.0000 bloom_shift=1.0500 wave_idle=0.9850 wave_raw_margin=1.1000 wave_peak_floor=0.0800 wave_vu_floor=0.0200 wave_shift=120.0000 render_us=963 render_avg=935 render_max=40746
[08:04:25.807]     [AP] SSL=370 DC=-920 max_raw=217 follower=370 peak_scaled=-0.556 silent_scale=1.000 silence=0 cal_source=measured cal_valid=1 | bpm=72.0 conf=0.39 lock=0 phase=0.42 beat=0 bstr=0.63 | onset=0 bass=0 ostr=0.00
[08:04:26.013]     [VP] profile=custom fix=111011 chroma_seq=2534626 chroma_flatness=0.1061 chroma_norm_max=0.1191 chroma_norm_mean=0.0130 chroma_final_max=0.0025 chroma_final_mean=0.0002 agc_gain=9.9997 bloom_alpha=1.0000 bloom_shift=1.0500 wave_idle=0.9850 wave_raw_margin=1.1000 wave_peak_floor=0.0800 wave_vu_floor=0.0200 wave_shift=120.0000 render_us=916 render_avg=914 render_max=40746
[08:04:26.820] >>> :dump
[08:04:31.138]     [AP] SSL=370 DC=-920 max_raw=227 follower=370 peak_scaled=-0.497 silent_scale=1.000 silence=0 cal_source=measured cal_valid=1 | bpm=72.0 conf=0.33 lock=0 phase=0.63 beat=0 bstr=0.46 | onset=0 bass=1 ostr=0.16
[08:04:31.138]     sbr{{
[08:04:31.138]     FIRMWARE_VERSION: 40103
[08:04:31.138]     CHIP ID: B489A500
[08:04:31.138]     noise_button.pressed: 0
[08:04:31.138]     noise_button.last_down: 0
[08:04:31.138]     noise_button.last_up: 0
[08:04:31.138]     noise_button.pin: 255
[08:04:31.138]     mode_button.pressed: 0
[08:04:31.138]     mode_button.last_down: 0
[08:04:31.138]     mode_button.last_up: 0
[08:04:31.138]     mode_button.pin: 255
[08:04:31.138]     CONFIG.PHOTONS: 1.000000
[08:04:31.138]     CONFIG.CHROMA: 0.100000
[08:04:31.138]     CONFIG.MOOD: 0.550000
[08:04:31.138]     CONFIG.LIGHTSHOW_MODE: 19
[08:04:31.138]     CONFIG.MIRROR_ENABLED: 1
[08:04:31.138]     CONFIG.CHROMAGRAM_RANGE: 60
[08:04:31.138]     CONFIG.SAMPLE_RATE: 12800
[08:04:31.138]     CONFIG.NOTE_OFFSET: 12
[08:04:31.138]     CONFIG.SQUARE_ITER: 1.00
[08:04:31.138]     CONFIG.LED_TYPE: 0
[08:04:31.138]     CONFIG.LED_COUNT: 160
[08:04:31.138]     CONFIG.LED_COLOR_ORDER: 66
[08:04:31.138]     CONFIG.SAMPLES_PER_CHUNK: 96
[08:04:31.138]     CONFIG.SENSITIVITY: 2.400000
[08:04:31.138]     CONFIG.BOOT_ANIMATION: 1
[08:04:31.138]     CONFIG.SWEET_SPOT_MIN_LEVEL: 370
[08:04:31.138]     CONFIG.SWEET_SPOT_MAX_LEVEL: 30000
[08:04:31.138]     CONFIG.DC_OFFSET: -920
[08:04:31.138]     CAL_SOURCE: measured
[08:04:31.138]     CAL_VALID: 1
[08:04:31.138]     CAL_PROFILE_LOADED: 1
[08:04:31.139]     CONFIG.STANDBY_DIMMING: 0
[08:04:31.139]     CONFIG.REVERSE_ORDER: 0
[08:04:31.139]     CONFIG.MAX_CURRENT_MA: 1500
[08:04:31.139]     CONFIG.TEMPORAL_DITHERING: 1
[08:04:31.139]     CONFIG.AUTO_COLOR_SHIFT: 1
[08:04:31.139]     CONFIG.INCANDESCENT_FILTER: 0.00
[08:04:31.139]     CONFIG.INCANDESCENT_MODE: 0
[08:04:31.139]     CONFIG.BULB_OPACITY: 0.00
[08:04:31.139]     CONFIG.SATURATION: 1.00
[08:04:31.139]     CONFIG.PRISM_COUNT: 1.00
[08:04:31.139]     CONFIG.BASE_COAT: 0
[08:04:31.139]     CONFIG.BASE_COAT_INTENSITY: 0.000
[08:04:31.139]     MASTER_BRIGHTNESS: 1.00
[08:04:31.139]     stream_audio: 0
[08:04:31.139]     stream_fps: 0
[08:04:31.139]     stream_max_mags: 0
[08:04:31.139]     stream_max_mags_followers: 0
[08:04:31.139]     stream_magnitudes: 0
[08:04:31.139]     stream_spectrogram: 0
[08:04:31.139]     stream_chromagram: 0
[08:04:31.139]     debug_mode: 0
[08:04:31.139]     noise_complete: 1
[08:04:31.139]     noise_iterations: 256
[08:04:31.139]     next_save_time: 12522326
[08:04:31.139]     settings_updated: 1
[08:04:31.139]     I2S_PORT: 0
[08:04:31.139]     SAMPLE_HISTORY_LENGTH: 4096
[08:04:31.139]     silence: 0
[08:04:31.139]     mode_destination: -1
[08:04:31.139]     SYSTEM_FPS: 147.59
[08:04:31.139]     LED_FPS: 0.00
[08:04:31.139]     }}
[08:04:31.139]     [VP] profile=custom fix=111011 chroma_seq=2534828 chroma_flatness=0.7648 chroma_norm_max=1.0432 chroma_norm_mean=0.2784 chroma_final_max=0.9432 chroma_final_mean=0.2210 agc_gain=9.9997 bloom_alpha=1.0000 bloom_shift=1.0500 wave_idle=0.9850 wave_raw_margin=1.1000 wave_peak_floor=0.0800 wave_vu_floor=0.0200 wave_shift=120.0000 render_us=917 render_avg=921 render_max=40746
[08:04:31.139]     [AP] SSL=370 DC=-920 max_raw=140 follower=370 peak_scaled=-0.406 silent_scale=1.000 silence=0 cal_source=measured cal_valid=1 | bpm=97.0 conf=0.45 lock=0 phase=0.10 beat=0 bstr=0.03 | onset=1 bass=0 ostr=0.00
[08:04:31.139]     [VP] profile=custom fix=111011 chroma_seq=2535030 chroma_flatness=0.9134 chroma_norm_max=1.0180 chroma_norm_mean=0.1046 chroma_final_max=0.9180 chroma_final_mean=0.0851 agc_gain=9.9997 bloom_alpha=1.0000 bloom_shift=1.0500 wave_idle=0.9850 wave_raw_margin=1.1000 wave_peak_floor=0.0800 wave_vu_floor=0.0200 wave_shift=120.0000 render_us=938 render_avg=912 render_max=40746
[08:04:31.139]     [AP] SSL=370 DC=-920 max_raw=191 follower=370 peak_scaled=-0.250 silent_scale=1.000 silence=0 cal_source=measured cal_valid=1 | bpm=97.0 conf=0.42 lock=0 phase=0.70 beat=0 bstr=0.08 | onset=0 bass=1 ostr=0.55
[08:04:31.139]     [VP] profile=custom fix=111011 chroma_seq=2535232 chroma_flatness=0.8525 chroma_norm_max=1.3847 chroma_norm_mean=0.5322 chroma_final_max=1.0000 chroma_final_mean=0.4232 agc_gain=5.6676 bloom_alpha=1.0000 bloom_shift=1.0500 wave_idle=0.9850 wave_raw_margin=1.1000 wave_peak_floor=0.0800 wave_vu_floor=0.0200 wave_shift=120.0000 render_us=953 render_avg=921 render_max=40746
[08:04:31.139]     [AP] SSL=370 DC=-920 max_raw=287 follower=370 peak_scaled=-0.333 silent_scale=1.000 silence=0 cal_source=measured cal_valid=1 | bpm=97.0 conf=0.33 lock=0 phase=0.33 beat=0 bstr=0.14 | onset=1 bass=0 ostr=0.00
[08:04:31.139]     [VP] profile=custom fix=111011 chroma_seq=2535435 chroma_flatness=0.7241 chroma_norm_max=0.7943 chroma_norm_mean=0.0702 chroma_final_max=0.6943 chroma_final_mean=0.0578 agc_gain=9.6779 bloom_alpha=1.0000 bloom_shift=1.0500 wave_idle=0.9850 wave_raw_margin=1.1000 wave_peak_floor=0.0800 wave_vu_floor=0.0200 wave_shift=120.0000 render_us=902 render_avg=933 render_max=40746
[08:04:31.139]     [AP] SSL=370 DC=-920 max_raw=131 follower=370 peak_scaled=-0.494 silent_scale=1.000 silence=0 cal_source=measured cal_valid=1 | bpm=97.0 conf=0.34 lock=0 phase=0.97 beat=0 bstr=0.07 | onset=1 bass=0 ostr=0.00
[08:04:31.139]     [VP] profile=custom fix=111011 chroma_seq=2535637 chroma_flatness=0.4948 chroma_norm_max=0.4653 chroma_norm_mean=0.0403 chroma_final_max=0.3653 chroma_final_mean=0.0304 agc_gain=9.9989 bloom_alpha=1.0000 bloom_shift=1.0500 wave_idle=0.9850 wave_raw_margin=1.1000 wave_peak_floor=0.0800 wave_vu_floor=0.0200 wave_shift=120.0000 render_us=979 render_avg=967 render_max=40746
[08:04:31.139] --- post-cal snapshot ---
[08:04:31.139]     CONFIG.DC_OFFSET: -920
[08:04:31.139]     CAL_SOURCE: measured
[08:04:31.139]     CAL_VALID: 1
[08:04:31.139]     CAL_PROFILE_LOADED: 1
[08:04:31.139]     CONFIG.STANDBY_DIMMING: 0
[08:04:31.139]     silence: 0
[08:04:31.139]     [VP] profile=custom fix=111011 chroma_seq=2534828 chroma_flatness=0.7648 chroma_norm_max=1.0432 chroma_norm_mean=0.2784 chroma_final_max=0.9432 chroma_final_mean=0.2210 agc_gain=9.9997 bloom_alpha=1.0000 bloom_shift=1.0500 wave_idle=0.9850 wave_raw_margin=1.1000 wave_peak_floor=0.0800 wave_vu_floor=0.0200 wave_shift=120.0000 render_us=917 render_avg=921 render_max=40746
[08:04:31.139]     [AP] SSL=370 DC=-920 max_raw=140 follower=370 peak_scaled=-0.406 silent_scale=1.000 silence=0 cal_source=measured cal_valid=1 | bpm=97.0 conf=0.45 lock=0 phase=0.10 beat=0 bstr=0.03 | onset=1 bass=0 ostr=0.00
[08:04:31.139]     [VP] profile=custom fix=111011 chroma_seq=2535030 chroma_flatness=0.9134 chroma_norm_max=1.0180 chroma_norm_mean=0.1046 chroma_final_max=0.9180 chroma_final_mean=0.0851 agc_gain=9.9997 bloom_alpha=1.0000 bloom_shift=1.0500 wave_idle=0.9850 wave_raw_margin=1.1000 wave_peak_floor=0.0800 wave_vu_floor=0.0200 wave_shift=120.0000 render_us=938 render_avg=912 render_max=40746
[08:04:31.139]     [AP] SSL=370 DC=-920 max_raw=191 follower=370 peak_scaled=-0.250 silent_scale=1.000 silence=0 cal_source=measured cal_valid=1 | bpm=97.0 conf=0.42 lock=0 phase=0.70 beat=0 bstr=0.08 | onset=0 bass=1 ostr=0.55
[08:04:31.139]     [VP] profile=custom fix=111011 chroma_seq=2535232 chroma_flatness=0.8525 chroma_norm_max=1.3847 chroma_norm_mean=0.5322 chroma_final_max=1.0000 chroma_final_mean=0.4232 agc_gain=5.6676 bloom_alpha=1.0000 bloom_shift=1.0500 wave_idle=0.9850 wave_raw_margin=1.1000 wave_peak_floor=0.0800 wave_vu_floor=0.0200 wave_shift=120.0000 render_us=953 render_avg=921 render_max=40746
[08:04:31.139]     [AP] SSL=370 DC=-920 max_raw=287 follower=370 peak_scaled=-0.333 silent_scale=1.000 silence=0 cal_source=measured cal_valid=1 | bpm=97.0 conf=0.33 lock=0 phase=0.33 beat=0 bstr=0.14 | onset=1 bass=0 ostr=0.00
[08:04:31.139]     [VP] profile=custom fix=111011 chroma_seq=2535435 chroma_flatness=0.7241 chroma_norm_max=0.7943 chroma_norm_mean=0.0702 chroma_final_max=0.6943 chroma_final_mean=0.0578 agc_gain=9.6779 bloom_alpha=1.0000 bloom_shift=1.0500 wave_idle=0.9850 wave_raw_margin=1.1000 wave_peak_floor=0.0800 wave_vu_floor=0.0200 wave_shift=120.0000 render_us=902 render_avg=933 render_max=40746
[08:04:31.139]     [AP] SSL=370 DC=-920 max_raw=131 follower=370 peak_scaled=-0.494 silent_scale=1.000 silence=0 cal_source=measured cal_valid=1 | bpm=97.0 conf=0.34 lock=0 phase=0.97 beat=0 bstr=0.07 | onset=1 bass=0 ostr=0.00
[08:04:31.139]     [VP] profile=custom fix=111011 chroma_seq=2535637 chroma_flatness=0.4948 chroma_norm_max=0.4653 chroma_norm_mean=0.0403 chroma_final_max=0.3653 chroma_final_mean=0.0304 agc_gain=9.9989 bloom_alpha=1.0000 bloom_shift=1.0500 wave_idle=0.9850 wave_raw_margin=1.1000 wave_peak_floor=0.0800 wave_vu_floor=0.0200 wave_shift=120.0000 render_us=979 render_avg=967 render_max=40746
[08:04:31.139] >>> :vp_status
[08:04:35.488]     sbr{{
[08:04:35.488]     VP_PROFILE: custom
[08:04:35.488]     VP_FIXES: agc_soft=on chroma_gate=on prism_off=on bloom_decay=off hsv_source_sat=on secondary_clean=on
[08:04:35.488]     VP_STREAM: on
[08:04:35.488]     AP_STREAM: on
[08:04:35.488]     VP_BLOOM: alpha=1.0000 shift=1.0500 force_sat=on
[08:04:35.488]     VP_WAVEFORM: idle_fade=0.9850 raw_margin=1.1000 peak_floor=0.0800 active_fade=0.0400 blend_gain=2.0000 fallback=1.0000 vu_floor=0.0200 shift_rate=120.0000
[08:04:35.488]     VP_CHROMA: seq=2535670 range=60 profile=0 gate_gain=0.5468 pre_max=0.0456 pre_mean=0.0064 norm_max=0.2317 norm_mean=0.0326 flatness=0.1991 final_max=0.0784 final_mean=0.0065
[08:04:35.488]     VP_AGC: gain=9.9989 envelope=0.0011 floor=0.0010 gated=true
[08:04:35.488]     VP_RENDER_US: last=1004 avg=936 max=40746
[08:04:35.488]     }}
[08:04:35.488]     [AP] SSL=370 DC=-920 max_raw=308 follower=370 peak_scaled=-0.268 silent_scale=1.000 silence=0 cal_source=measured cal_valid=1 | bpm=97.0 conf=0.33 lock=0 phase=0.57 beat=0 bstr=0.03 | onset=0 bass=1 ostr=0.33
[08:04:35.488]     [VP] profile=custom fix=111011 chroma_seq=2535839 chroma_flatness=0.0466 chroma_norm_max=0.0564 chroma_norm_mean=0.0098 chroma_final_max=0.0000 chroma_final_mean=0.0000 agc_gain=9.9989 bloom_alpha=1.0000 bloom_shift=1.0500 wave_idle=0.9850 wave_raw_margin=1.1000 wave_peak_floor=0.0800 wave_vu_floor=0.0200 wave_shift=120.0000 render_us=914 render_avg=929 render_max=40746
[08:04:35.488]     [AP] SSL=370 DC=-920 max_raw=167 follower=370 peak_scaled=-0.521 silent_scale=1.000 silence=0 cal_source=measured cal_valid=1 | bpm=97.0 conf=0.26 lock=0 phase=0.21 beat=0 bstr=0.02 | onset=0 bass=0 ostr=0.00
[08:04:35.488]     [VP] profile=custom fix=111011 chroma_seq=2536041 chroma_flatness=0.1402 chroma_norm_max=0.1575 chroma_norm_mean=0.0173 chroma_final_max=0.0173 chroma_final_mean=0.0014 agc_gain=9.9989 bloom_alpha=1.0000 bloom_shift=1.0500 wave_idle=0.9850 wave_raw_margin=1.1000 wave_peak_floor=0.0800 wave_vu_floor=0.0200 wave_shift=120.0000 render_us=927 render_avg=879 render_max=40746
[08:04:35.488]     [AP] SSL=370 DC=-920 max_raw=164 follower=370 peak_scaled=-0.422 silent_scale=1.000 silence=0 cal_source=measured cal_valid=1 | bpm=101.0 conf=0.41 lock=0 phase=0.76 beat=0 bstr=0.01 | onset=0 bass=1 ostr=0.23
[08:04:35.488]     [VP] profile=custom fix=111011 chroma_seq=2536243 chroma_flatness=0.8439 chroma_norm_max=1.0333 chroma_norm_mean=0.1894 chroma_final_max=0.9333 chroma_final_mean=0.1555 agc_gain=9.9997 bloom_alpha=1.0000 bloom_shift=1.0500 wave_idle=0.9850 wave_raw_margin=1.1000 wave_peak_floor=0.0800 wave_vu_floor=0.0200 wave_shift=120.0000 render_us=955 render_avg=918 render_max=40746
[08:04:35.488]     [AP] SSL=370 DC=-920 max_raw=145 follower=370 peak_scaled=-0.547 silent_scale=1.000 silence=0 cal_source=measured cal_valid=1 | bpm=113.0 conf=0.48 lock=0 phase=0.45 beat=0 bstr=0.11 | onset=1 bass=0 ostr=0.00
[08:04:35.488]     [VP] profile=custom fix=111011 chroma_seq=2536444 chroma_flatness=0.0148 chroma_norm_max=0.0173 chroma_norm_mean=0.0025 chroma_final_max=0.0000 chroma_final_mean=0.0000 agc_gain=9.9997 bloom_alpha=1.0000 bloom_shift=1.0500 wave_idle=0.9850 wave_raw_margin=1.1000 wave_peak_floor=0.0800 wave_vu_floor=0.0200 wave_shift=120.0000 render_us=837 render_avg=867 render_max=40746
[08:04:35.488] --- post-cal snapshot ---
[08:04:35.488]     VP_FIXES: agc_soft=on chroma_gate=on prism_off=on bloom_decay=off hsv_source_sat=on secondary_clean=on
[08:04:35.488]     VP_CHROMA: seq=2535670 range=60 profile=0 gate_gain=0.5468 pre_max=0.0456 pre_mean=0.0064 norm_max=0.2317 norm_mean=0.0326 flatness=0.1991 final_max=0.0784 final_mean=0.0065
[08:04:35.488]     VP_AGC: gain=9.9989 envelope=0.0011 floor=0.0010 gated=true
[08:04:35.488]     [AP] SSL=370 DC=-920 max_raw=308 follower=370 peak_scaled=-0.268 silent_scale=1.000 silence=0 cal_source=measured cal_valid=1 | bpm=97.0 conf=0.33 lock=0 phase=0.57 beat=0 bstr=0.03 | onset=0 bass=1 ostr=0.33
[08:04:35.488]     [VP] profile=custom fix=111011 chroma_seq=2535839 chroma_flatness=0.0466 chroma_norm_max=0.0564 chroma_norm_mean=0.0098 chroma_final_max=0.0000 chroma_final_mean=0.0000 agc_gain=9.9989 bloom_alpha=1.0000 bloom_shift=1.0500 wave_idle=0.9850 wave_raw_margin=1.1000 wave_peak_floor=0.0800 wave_vu_floor=0.0200 wave_shift=120.0000 render_us=914 render_avg=929 render_max=40746
[08:04:35.488]     [AP] SSL=370 DC=-920 max_raw=167 follower=370 peak_scaled=-0.521 silent_scale=1.000 silence=0 cal_source=measured cal_valid=1 | bpm=97.0 conf=0.26 lock=0 phase=0.21 beat=0 bstr=0.02 | onset=0 bass=0 ostr=0.00
[08:04:35.488]     [VP] profile=custom fix=111011 chroma_seq=2536041 chroma_flatness=0.1402 chroma_norm_max=0.1575 chroma_norm_mean=0.0173 chroma_final_max=0.0173 chroma_final_mean=0.0014 agc_gain=9.9989 bloom_alpha=1.0000 bloom_shift=1.0500 wave_idle=0.9850 wave_raw_margin=1.1000 wave_peak_floor=0.0800 wave_vu_floor=0.0200 wave_shift=120.0000 render_us=927 render_avg=879 render_max=40746
[08:04:35.488]     [AP] SSL=370 DC=-920 max_raw=164 follower=370 peak_scaled=-0.422 silent_scale=1.000 silence=0 cal_source=measured cal_valid=1 | bpm=101.0 conf=0.41 lock=0 phase=0.76 beat=0 bstr=0.01 | onset=0 bass=1 ostr=0.23
[08:04:35.488]     [VP] profile=custom fix=111011 chroma_seq=2536243 chroma_flatness=0.8439 chroma_norm_max=1.0333 chroma_norm_mean=0.1894 chroma_final_max=0.9333 chroma_final_mean=0.1555 agc_gain=9.9997 bloom_alpha=1.0000 bloom_shift=1.0500 wave_idle=0.9850 wave_raw_margin=1.1000 wave_peak_floor=0.0800 wave_vu_floor=0.0200 wave_shift=120.0000 render_us=955 render_avg=918 render_max=40746
[08:04:35.488]     [AP] SSL=370 DC=-920 max_raw=145 follower=370 peak_scaled=-0.547 silent_scale=1.000 silence=0 cal_source=measured cal_valid=1 | bpm=113.0 conf=0.48 lock=0 phase=0.45 beat=0 bstr=0.11 | onset=1 bass=0 ostr=0.00
[08:04:35.488]     [VP] profile=custom fix=111011 chroma_seq=2536444 chroma_flatness=0.0148 chroma_norm_max=0.0173 chroma_norm_mean=0.0025 chroma_final_max=0.0000 chroma_final_mean=0.0000 agc_gain=9.9997 bloom_alpha=1.0000 bloom_shift=1.0500 wave_idle=0.9850 wave_raw_margin=1.1000 wave_peak_floor=0.0800 wave_vu_floor=0.0200 wave_shift=120.0000 render_us=837 render_avg=867 render_max=40746
[08:04:35.488] >>> :smart_status
[08:04:39.840]     sbr{{
[08:04:39.840]     SMART_ASSIST: on
[08:04:39.840]     SMART_SWITCHING: on
[08:04:39.840]     SMART_DIRECTOR_AUTONOMY: off
[08:04:39.840]     SMART_HOOKS: on
[08:04:39.840]     SMART_CONFIDENCE_FLOOR: 0.080
[08:04:39.840]     SMART_APPLIED_MODE: 19
[08:04:39.840]     SMART_LAST_REQUESTED_MODE: 19
[08:04:39.840]     SMART_SWITCHES_IN_WINDOW: 0
[08:04:39.840]     SMART_MANUAL_OWNER_ACTIVE: 0
[08:04:39.840]     SMART_LAST_REASON: 0
[08:04:39.840]     SMART_STATE: 1
[08:04:39.840]     SMART_INTENT_MODE: 3
[08:04:39.840]     SMART_INTENT_CONFIDENCE: 0.003
[08:04:39.840]     SMART_INTENT_WANTS_SWITCH: 0
[08:04:39.840]     SMART_SCALAR_PHOTONS: 0.860
[08:04:39.840]     SMART_SCALAR_CHROMA: 0.920
[08:04:39.840]     SMART_SCALAR_MOOD: 1.000
[08:04:39.840]     SMART_SCALAR_SATURATION: 0.900
[08:04:39.840]     SMART_PALETTE_OVERLAY: 0
[08:04:39.840]     SMART_PALETTE_INDEX: 11
[08:04:39.840]     SMART_AUTO_COLOUR_SHIFT: 0
[08:04:39.840]     SMART_MIN_DWELL_MS: 8000
[08:04:39.840]     SMART_COOLDOWN_MS: 20000
[08:04:39.840]     SMART_SWITCH_WINDOW_MS: 60000
[08:04:39.840]     SMART_MAX_SWITCHES: 2
[08:04:39.840]     SMART_AUDIO_NOVELTY: 0.0000
[08:04:39.840]     SMART_AUDIO_ENERGY: 0.0002
[08:04:39.840]     SMART_EVENT_ID: 221966
[08:04:39.840]     SMART_EVENT_AGE_MS: 680
[08:04:39.840]     SMART_ONSET: 0
[08:04:39.840]     SMART_BASS_ONSET: 0
[08:04:39.840]     SMART_BEAT_CONFIDENCE: 0.000
[08:04:39.840]     }}
[08:04:39.840]     [AP] SSL=370 DC=-920 max_raw=136 follower=370 peak_scaled=-0.535 silent_scale=1.000 silence=0 cal_source=measured cal_valid=1 | bpm=113.0 conf=0.78 lock=1 phase=0.33 beat=0 bstr=0.07 | onset=0 bass=0 ostr=0.00
[08:04:39.840]     [VP] profile=custom fix=111011 chroma_seq=2536644 chroma_flatness=0.0123 chroma_norm_max=0.0105 chroma_norm_mean=0.0011 chroma_final_max=0.0000 chroma_final_mean=0.0000 agc_gain=9.9997 bloom_alpha=1.0000 bloom_shift=1.0500 wave_idle=0.9850 wave_raw_margin=1.1000 wave_peak_floor=0.0800 wave_vu_floor=0.0200 wave_shift=120.0000 render_us=916 render_avg=940 render_max=40746
[08:04:39.840]     [AP] SSL=370 DC=-920 max_raw=493 follower=395 peak_scaled=0.032 silent_scale=1.000 silence=0 cal_source=measured cal_valid=1 | bpm=118.0 conf=0.45 lock=0 phase=0.80 beat=0 bstr=0.12 | onset=0 bass=1 ostr=0.26
[08:04:39.840]     [VP] profile=custom fix=111011 chroma_seq=2536847 chroma_flatness=0.3895 chroma_norm_max=0.9514 chroma_norm_mean=0.5619 chroma_final_max=0.8514 chroma_final_mean=0.4686 agc_gain=8.5652 bloom_alpha=1.0000 bloom_shift=1.0500 wave_idle=0.9850 wave_raw_margin=1.1000 wave_peak_floor=0.0800 wave_vu_floor=0.0200 wave_shift=120.0000 render_us=957 render_avg=977 render_max=40746
[08:04:39.840]     [AP] SSL=370 DC=-920 max_raw=282 follower=370 peak_scaled=0.002 silent_scale=1.000 silence=0 cal_source=measured cal_valid=1 | bpm=118.0 conf=0.66 lock=1 phase=0.68 beat=0 bstr=0.06 | onset=1 bass=0 ostr=0.00
[08:04:39.840]     [VP] profile=custom fix=111011 chroma_seq=2537052 chroma_flatness=0.3975 chroma_norm_max=0.6527 chroma_norm_mean=0.2552 chroma_final_max=0.5527 chroma_final_mean=0.1976 agc_gain=4.8730 bloom_alpha=1.0000 bloom_shift=1.0500 wave_idle=0.9850 wave_raw_margin=1.1000 wave_peak_floor=0.0800 wave_vu_floor=0.0200 wave_shift=120.0000 render_us=904 render_avg=923 render_max=40746
[08:04:39.840]     [AP] SSL=370 DC=-920 max_raw=246 follower=370 peak_scaled=-0.408 silent_scale=1.000 silence=0 cal_source=measured cal_valid=1 | bpm=118.0 conf=0.59 lock=1 phase=0.67 beat=0 bstr=0.05 | onset=0 bass=1 ostr=1.00
[08:04:39.840]     [VP] profile=custom fix=111011 chroma_seq=2537254 chroma_flatness=0.3589 chroma_norm_max=0.4849 chroma_norm_mean=0.1261 chroma_final_max=0.3849 chroma_final_mean=0.0812 agc_gain=9.9711 bloom_alpha=1.0000 bloom_shift=1.0500 wave_idle=0.9850 wave_raw_margin=1.1000 wave_peak_floor=0.0800 wave_vu_floor=0.0200 wave_shift=120.0000 render_us=900 render_avg=944 render_max=40746
[08:04:39.840] --- post-cal snapshot ---
[08:04:39.840]     SMART_AUDIO_NOVELTY: 0.0000
[08:04:39.840]     SMART_AUDIO_ENERGY: 0.0002
[08:04:39.840]     SMART_EVENT_ID: 221966
[08:04:39.840]     SMART_EVENT_AGE_MS: 680
[08:04:39.840]     SMART_ONSET: 0
[08:04:39.840]     SMART_BASS_ONSET: 0
[08:04:39.840]     SMART_BEAT_CONFIDENCE: 0.000
[08:04:39.840]     [AP] SSL=370 DC=-920 max_raw=136 follower=370 peak_scaled=-0.535 silent_scale=1.000 silence=0 cal_source=measured cal_valid=1 | bpm=113.0 conf=0.78 lock=1 phase=0.33 beat=0 bstr=0.07 | onset=0 bass=0 ostr=0.00
[08:04:39.840]     [VP] profile=custom fix=111011 chroma_seq=2536644 chroma_flatness=0.0123 chroma_norm_max=0.0105 chroma_norm_mean=0.0011 chroma_final_max=0.0000 chroma_final_mean=0.0000 agc_gain=9.9997 bloom_alpha=1.0000 bloom_shift=1.0500 wave_idle=0.9850 wave_raw_margin=1.1000 wave_peak_floor=0.0800 wave_vu_floor=0.0200 wave_shift=120.0000 render_us=916 render_avg=940 render_max=40746
[08:04:39.840]     [AP] SSL=370 DC=-920 max_raw=493 follower=395 peak_scaled=0.032 silent_scale=1.000 silence=0 cal_source=measured cal_valid=1 | bpm=118.0 conf=0.45 lock=0 phase=0.80 beat=0 bstr=0.12 | onset=0 bass=1 ostr=0.26
[08:04:39.840]     [VP] profile=custom fix=111011 chroma_seq=2536847 chroma_flatness=0.3895 chroma_norm_max=0.9514 chroma_norm_mean=0.5619 chroma_final_max=0.8514 chroma_final_mean=0.4686 agc_gain=8.5652 bloom_alpha=1.0000 bloom_shift=1.0500 wave_idle=0.9850 wave_raw_margin=1.1000 wave_peak_floor=0.0800 wave_vu_floor=0.0200 wave_shift=120.0000 render_us=957 render_avg=977 render_max=40746
[08:04:39.840]     [AP] SSL=370 DC=-920 max_raw=282 follower=370 peak_scaled=0.002 silent_scale=1.000 silence=0 cal_source=measured cal_valid=1 | bpm=118.0 conf=0.66 lock=1 phase=0.68 beat=0 bstr=0.06 | onset=1 bass=0 ostr=0.00
[08:04:39.840]     [VP] profile=custom fix=111011 chroma_seq=2537052 chroma_flatness=0.3975 chroma_norm_max=0.6527 chroma_norm_mean=0.2552 chroma_final_max=0.5527 chroma_final_mean=0.1976 agc_gain=4.8730 bloom_alpha=1.0000 bloom_shift=1.0500 wave_idle=0.9850 wave_raw_margin=1.1000 wave_peak_floor=0.0800 wave_vu_floor=0.0200 wave_shift=120.0000 render_us=904 render_avg=923 render_max=40746
[08:04:39.840]     [AP] SSL=370 DC=-920 max_raw=246 follower=370 peak_scaled=-0.408 silent_scale=1.000 silence=0 cal_source=measured cal_valid=1 | bpm=118.0 conf=0.59 lock=1 phase=0.67 beat=0 bstr=0.05 | onset=0 bass=1 ostr=1.00
[08:04:39.840]     [VP] profile=custom fix=111011 chroma_seq=2537254 chroma_flatness=0.3589 chroma_norm_max=0.4849 chroma_norm_mean=0.1261 chroma_final_max=0.3849 chroma_final_mean=0.0812 agc_gain=9.9711 bloom_alpha=1.0000 bloom_shift=1.0500 wave_idle=0.9850 wave_raw_margin=1.1000 wave_peak_floor=0.0800 wave_vu_floor=0.0200 wave_shift=120.0000 render_us=900 render_avg=944 render_max=40746
