[1781473620.663] #DEVICE role=main-k1 name=main-1401 port=/dev/tty.usbmodem12201 expected_chip_id=F887A500 env=k1_hardware
[1781473620.663] >>> :version
[1781473620.664] fig cal_valid=1 cal_reason=none | bpm=79.0 conf=0.09 lock=0 phase=0.46 beat=0 bstr=0.06 | onset=0 bass=0 ostr=0.00
[1781473620.664] [AP] SSL=154 DC=-4746 max_raw=286 follower=221 peak_scaled=0.460 silent_scale=1.000 silence=0 cal_source=config cal_valid=1 cal_reason=none | bpm=111.0 conf=0.21 lock=0 phase=0.91 beat=0 bstr=0.82 | onset=0 bass=0 ostr=0.00
[1781473620.664] [AP] SSL=154 DC=-4746 max_raw=186 follower=154 peak_scaled=0.575 silent_scale=1.000 silence=0 cal_source=config cal_valid=1 cal_reason=none | bpm=111.0 conf=0.17 lock=0 phase=0.78 beat=0 bstr=0.82 | onset=0 bass=1 ostr=0.02
[1781473620.665] [AP] SSL=154 DC=-4746 max_raw=169 follower=154 peak_scaled=0.318 silent_scale=1.000 silence=0 cal_source=config cal_valid=1 cal_reason=none | bpm=111.0 conf=0.18 lock=0 phase=0.61 beat=0 bstr=0.51 | onset=1 bass=0 ostr=0.00
[1781473620.665] [AP] SSL=154 DC=-4746 max_raw=342 follower=162 peak_scaled=0.959 silent_scale=1.000 silence=0 cal_source=config cal_valid=1 cal_reason=none | bpm=111.0 conf=0.00 lock=0 phase=0.48 beat=0 bstr=0.52 | onset=0 bass=1 ostr=0.03
[1781473620.665] [AP] SSL=154 DC=-4746 max_raw=195 follower=179 peak_scaled=0.200 silent_scale=1.000 silence=0 cal_source=config cal_valid=1 cal_reason=none | bpm=111.0 conf=0.00 lock=0 phase=0.19 beat=0 bstr=0.47 | onset=0 bass=0 ostr=0.00
[1781473620.666] [AP] SSL=154 DC=-4746 max_raw=164 follower=154 peak_scaled=0.141 silent_scale=1.000 silence=0 cal_source=config cal_valid=1 cal_reason=none | bpm=97.0 conf=0.00 lock=0 phase=0.88 beat=0 bstr=0.17 | onset=0 bass=0 ostr=0.00
[1781473620.666] [AP] SSL=154 DC=-4746 max_raw=241 follower=205 peak_scaled=0.508 silent_scale=1.000 silence=0 cal_source=config cal_valid=1 cal_reason=none | bpm=97.0 conf=0.02 lock=0 phase=0.52 beat=0 bstr=0.13 | onset=0 bass=1 ostr=0.02
[1781473620.666] [AP] SSL=154 DC=-4746 max_raw=351 follower=165 peak_scaled=0.976 silent_scale=1.000 silence=0 cal_source=config cal_valid=1 cal_reason=none | bpm=97.0 conf=0.02 lock=0 phase=0.12 beat=0 bstr=0.07 | onset=1 bass=0 ostr=0.00
[1781473620.667] [AP] SSL=154 DC=-4746 max_raw=158 follower=154 peak_scaled=0.137 silent_scale=1.000 silence=0 cal_source=config cal_valid=1 cal_reason=none | bpm=97.0 conf=0.02 lock=0 phase=0.75 beat=0 bstr=0.08 | onset=0 bass=0 ostr=0.00
[1781473620.667] [AP] SSL=154 DC=-4746 max_raw=210 follower=154 peak_scaled=0.312 silent_scale=1.000 silence=0 cal_source=config cal_valid=1 cal_reason=none | bpm=97.0 conf=0.01 lock=0 phase=0.39 beat=0 bstr=0.16 | onset=0 bass=1 ostr=0.03
[1781473620.668] [AP] SSL=154 DC=-4746 max_raw=241 follower=154 peak_scaled=0.433 silent_scale=1.000 silence=0 cal_source=config cal_valid=1 cal_reason=none | bpm=89.0 conf=0.02 lock=0 phase=0.98 beat=0 bstr=0.02 | onset=0 bass=0 ostr=0.00
[1781473620.668] [AP] SSL=154 DC=-4746 max_raw=172 follower=154 peak_scaled=0.462 silent_scale=1.000 silence=0 cal_source=config cal_valid=1 cal_reason=none | bpm=89.0 conf=0.00 lock=0 phase=0.48 beat=0 bstr=0.02 | onset=0 bass=1 ostr=0.03
[1781473620.673] sbr{{
[1781473620.673] VERSION: 40103
[1781473620.673] }}
[1781473621.235] [AP] SSL=154 DC=-4746 max_raw=126 follower=154 peak_scaled=0.289 silent_scale=1.000 silence=0 cal_source=config cal_valid=1 cal_reason=none | bpm=89.0 conf=0.00 lock=0 phase=0.99 beat=0 bstr=0.05 | onset=0 bass=0 ostr=0.00
[1781473621.466] >>> :chip_id
[1781473621.483] sbr{{
[1781473621.483] F887A500
[1781473621.483] }}
[1781473622.240] [AP] SSL=154 DC=-4746 max_raw=181 follower=170 peak_scaled=0.184 silent_scale=1.000 silence=0 cal_source=config cal_valid=1 cal_reason=none | bpm=94.0 conf=0.00 lock=0 phase=0.46 beat=0 bstr=0.24 | onset=0 bass=0 ostr=0.00
[1781473623.247] [AP] SSL=154 DC=-4746 max_raw=189 follower=154 peak_scaled=0.329 silent_scale=1.000 silence=0 cal_source=config cal_valid=1 cal_reason=none | bpm=94.0 conf=0.01 lock=0 phase=0.03 beat=0 bstr=0.10 | onset=0 bass=0 ostr=0.00
[1781473624.251] [AP] SSL=154 DC=-4746 max_raw=162 follower=205 peak_scaled=0.412 silent_scale=1.000 silence=0 cal_source=config cal_valid=1 cal_reason=none | bpm=94.0 conf=0.05 lock=0 phase=0.62 beat=0 bstr=0.07 | onset=0 bass=1 ostr=0.12
[1781473625.256] [AP] SSL=154 DC=-4746 max_raw=150 follower=154 peak_scaled=0.262 silent_scale=1.000 silence=0 cal_source=config cal_valid=1 cal_reason=none | bpm=113.0 conf=0.32 lock=0 phase=0.46 beat=0 bstr=0.05 | onset=0 bass=0 ostr=0.00
[1781473625.882] >>> :stop
[1781473625.893] SBOK
[1781473626.788] >>> :vp_stream=off
[1781473626.794] sbr{{
[1781473626.794] VP_STREAM: off
[1781473626.794] }}
[1781473627.695] >>> :ap_stream=off
[1781473627.715] sbr{{
[1781473627.715] AP_STREAM: off
[1781473627.715] }}
[1781473628.598] >>> :dump
[1781473628.613] sbr{{
[1781473628.614] FIRMWARE_VERSION: 40103
[1781473628.614] CHIP ID: F887A500
[1781473628.614] noise_button.pressed: 0
[1781473628.614] noise_button.last_down: 0
[1781473628.614] noise_button.last_up: 0
[1781473628.614] noise_button.pin: 255
[1781473628.614] mode_button.pressed: 0
[1781473628.614] mode_button.last_down: 0
[1781473628.614] mode_button.last_up: 0
[1781473628.614] mode_button.pin: 255
[1781473628.615] CONFIG.PHOTONS: 0.650000
[1781473628.615] CONFIG.CHROMA: 0.000000
[1781473628.615] CONFIG.MOOD: 0.150000
[1781473628.615] CONFIG.LIGHTSHOW_MODE: 8
[1781473628.615] CONFIG.MIRROR_ENABLED: 1
[1781473628.616] CONFIG.CHROMAGRAM_RANGE: 60
[1781473628.616] CONFIG.SAMPLE_RATE: 12800
[1781473628.616] CONFIG.NOTE_OFFSET: 12
[1781473628.616] CONFIG.SQUARE_ITER: 1.00
[1781473628.616] CONFIG.LED_TYPE: 0
[1781473628.616] CONFIG.LED_COUNT: 160
[1781473628.616] CONFIG.LED_COLOR_ORDER: 66
[1781473628.616] CONFIG.SAMPLES_PER_CHUNK: 96
[1781473628.616] CONFIG.SENSITIVITY: 2.400000
[1781473628.616] CONFIG.BOOT_ANIMATION: 1
[1781473628.617] CONFIG.SWEET_SPOT_MIN_LEVEL: 154
[1781473628.617] CONFIG.SWEET_SPOT_MAX_LEVEL: 30000
[1781473628.617] CONFIG.DC_OFFSET: -4746
[1781473628.617] CAL_SOURCE: config
[1781473628.617] CAL_VALID: 1
[1781473628.617] CAL_PROFILE_LOADED: 0
[1781473628.617] NOISE_CAL_REASON: none
[1781473628.617] NOISE_CAL_DC_SAMPLES: 0
[1781473628.617] NOISE_CAL_SSL_P50: 0.0
[1781473628.617] NOISE_CAL_SSL_P90: 0.0
[1781473628.617] CONFIG.STANDBY_DIMMING: 0
[1781473628.617] CONFIG.REVERSE_ORDER: 0
[1781473628.617] CONFIG.MAX_CURRENT_MA: 1500
[1781473628.618] CONFIG.TEMPORAL_DITHERING: 1
[1781473628.618] CONFIG.AUTO_COLOR_SHIFT: 0
[1781473628.618] CONFIG.INCANDESCENT_FILTER: 0.00
[1781473628.618] CONFIG.INCANDESCENT_MODE: 0
[1781473628.618] CONFIG.BULB_OPACITY: 0.00
[1781473628.618] CONFIG.SATURATION: 1.00
[1781473628.618] CONFIG.PRISM_COUNT: 1.00
[1781473628.618] CONFIG.BASE_COAT: 0
[1781473628.618] CONFIG.BASE_COAT_INTENSITY: 0.000
[1781473628.618] MASTER_BRIGHTNESS: 1.00
[1781473628.618] stream_audio: 0
[1781473628.618] stream_fps: 0
[1781473628.619] stream_max_mags: 0
[1781473628.619] stream_max_mags_followers: 0
[1781473628.619] stream_magnitudes: 0
[1781473628.619] stream_spectrogram: 0
[1781473628.619] stream_chromagram: 0
[1781473628.619] debug_mode: 0
[1781473628.619] noise_complete: 1
[1781473628.619] noise_iterations: 0
[1781473628.619] next_save_time: 0
[1781473628.619] settings_updated: 0
[1781473628.619] I2S_PORT: 0
[1781473628.619] SAMPLE_HISTORY_LENGTH: 4096
[1781473628.619] silence: 0
[1781473628.619] mode_destination: -1
[1781473628.620] SYSTEM_FPS: 163.64
[1781473628.620] LED_FPS: 200.65
[1781473628.620] }}
[1781473629.506] >>> :smart_status
[1781473629.520] sbr{{
[1781473629.521] SMART_ASSIST: off
[1781473629.521] SMART_SWITCHING: off
[1781473629.521] SMART_DIRECTOR_AUTONOMY: off
[1781473629.521] SMART_HOOKS: off
[1781473629.521] SMART_CONFIDENCE_FLOOR: 0.080
[1781473629.521] SMART_APPLIED_MODE: 3
[1781473629.521] SMART_LAST_REQUESTED_MODE: 3
[1781473629.521] SMART_SWITCHES_IN_WINDOW: 0
[1781473629.521] SMART_MANUAL_OWNER_ACTIVE: 0
[1781473629.521] SMART_LAST_REASON: 0
[1781473629.521] SMART_STATE: 0
[1781473629.522] SMART_INTENT_MODE: 3
[1781473629.522] SMART_INTENT_CONFIDENCE: 0.000
[1781473629.522] SMART_INTENT_WANTS_SWITCH: 0
[1781473629.522] SMART_SCALAR_PHOTONS: 1.000
[1781473629.522] SMART_SCALAR_CHROMA: 1.000
[1781473629.522] SMART_SCALAR_MOOD: 1.000
[1781473629.523] SMART_SCALAR_SATURATION: 1.000
[1781473629.523] SMART_PALETTE_OVERLAY: 0
[1781473629.523] SMART_PALETTE_INDEX: 0
[1781473629.523] SMART_AUTO_COLOUR_SHIFT: 0
[1781473629.523] SMART_MIN_DWELL_MS: 8000
[1781473629.523] SMART_COOLDOWN_MS: 20000
[1781473629.523] SMART_SWITCH_WINDOW_MS: 60000
[1781473629.523] SMART_MAX_SWITCHES: 2
[1781473629.523] SMART_AUDIO_NOVELTY: 0.0497
[1781473629.523] SMART_AUDIO_ENERGY: 0.2217
[1781473629.523] SMART_EVENT_ID: 976
[1781473629.523] SMART_EVENT_AGE_MS: 41
[1781473629.523] SMART_ONSET: 0
[1781473629.523] SMART_BASS_ONSET: 1
[1781473629.524] SMART_BEAT_CONFIDENCE: 0.000
[1781473629.524] SMART_TRANSIENT: 0
[1781473629.524] SMART_KICK: 0
[1781473629.524] SMART_SNARE: 0
[1781473629.524] SMART_HIHAT: 0
[1781473629.524] SMART_TRANSIENT_LEVEL: 0.019
[1781473629.524] SMART_KICK_LEVEL: 0.010
[1781473629.524] SMART_SNARE_LEVEL: 0.006
[1781473629.525] SMART_HIHAT_LEVEL: 0.032
[1781473629.525] SMART_SNARE_EVENT_ID: 388
[1781473629.525] SMART_HIHAT_EVENT_ID: 1115
[1781473629.525] }}
[1781473630.415] >>> :vp_status
[1781473630.416] sbr{{
[1781473630.416] VP_PROFILE: candidate
[1781473630.416] VP_FIXES: agc_soft=on chroma_gate=on prism_off=on bloom_decay=off hsv_source_sat=on secondary_clean=on
[1781473630.416] VP_STREAM: off
[1781473630.416] AP_STREAM: off
[1781473630.416] VP_BLOOM: alpha=0.9900 shift=1.0000 force_sat=on
[1781473630.418] VP_WAVEFORM: idle_fade=0.9850 raw_margin=1.1000 peak_floor=0.0800 active_fade=0.0400 blend_gain=2.0000 fallback=1.0000 vu_floor=0.0200 shift_rate=120.0000
[1781473630.420] VP_CHROMA: seq=18189 range=60 profile=0 gate_gain=0.1381 pre_max=0.2874 pre_mean=0.2583 norm_max=1.0633 norm_mean=0.9533 flatness=0.1078 final_max=0.1335 final_mean=0.1185
[1781473630.420] VP_AGC: gain=1.6800 envelope=0.1515 floor=0.0010 gated=false
[1781473630.420] VP_RENDER_US: last=729 avg=626 max=1043
[1781473630.420] }}
[1781473631.316] >>> :vp_perf=status
[1781473631.339] sbr{{
[1781473631.339] VP_PERF: disabled (compile with ENABLE_VP_PERF_AUDIT=1)
[1781473631.339] }}
[1781473632.224] >>> :ap_stream=on
[1781473632.239] sbr{{
[1781473632.239] AP_STREAM: on
[1781473632.239] }}
[1781473632.241] [AP] SSL=154 DC=-4746 max_raw=181 follower=256 peak_scaled=0.317 silent_scale=1.000 silence=0 cal_source=config cal_valid=1 cal_reason=none | bpm=113.0 conf=0.12 lock=0 phase=0.63 beat=0 bstr=0.73 | onset=1 bass=0 ostr=0.00
[1781473632.835] >>> :vp_stream=on
[1781473632.844] sbr{{
[1781473632.844] VP_STREAM: on
[1781473632.844] }}
[1781473632.851] [VP] profile=candidate fix=111011 chroma_seq=18677 chroma_flatness=0.0764 chroma_norm_max=0.6905 chroma_norm_mean=0.6141 chroma_final_max=0.0000 chroma_final_mean=0.0000 agc_gain=1.3826 bloom_alpha=0.9900 bloom_shift=1.0000 wave_idle=0.9850 wave_raw_margin=1.1000 wave_peak_floor=0.0800 wave_vu_floor=0.0200 wave_shift=120.0000 render_us=699 render_avg=616 render_max=1043
[1781473633.251] [AP] SSL=154 DC=-4746 max_raw=186 follower=157 peak_scaled=0.644 silent_scale=1.000 silence=0 cal_source=config cal_valid=1 cal_reason=none | bpm=113.0 conf=0.12 lock=0 phase=0.54 beat=0 bstr=0.82 | onset=0 bass=1 ostr=0.02
[1781473633.441] >>> :vp_perf=reset
[1781473633.454] sbr{{
[1781473633.454] VP_PERF: disabled (compile with ENABLE_VP_PERF_AUDIT=1)
[1781473633.454] }}
[1781473633.855] [VP] profile=candidate fix=111011 chroma_seq=18879 chroma_flatness=0.0563 chroma_norm_max=0.5962 chroma_norm_mean=0.5399 chroma_final_max=0.0000 chroma_final_mean=0.0000 agc_gain=0.9115 bloom_alpha=0.9900 bloom_shift=1.0000 wave_idle=0.9850 wave_raw_margin=1.1000 wave_peak_floor=0.0800 wave_vu_floor=0.0200 wave_shift=120.0000 render_us=583 render_avg=644 render_max=1043
[1781473634.046] >>> :vp_perf=start
[1781473634.059] sbr{{
[1781473634.059] VP_PERF: disabled (compile with ENABLE_VP_PERF_AUDIT=1)
[1781473634.059] }}
[1781473634.256] [AP] SSL=154 DC=-4746 max_raw=181 follower=237 peak_scaled=0.295 silent_scale=1.000 silence=0 cal_source=config cal_valid=1 cal_reason=none | bpm=102.0 conf=0.13 lock=0 phase=0.38 beat=0 bstr=0.02 | onset=1 bass=0 ostr=0.00
[1781473634.655] >>> :smart_status
[1781473634.668] sbr{{
[1781473634.668] SMART_ASSIST: off
[1781473634.668] SMART_SWITCHING: off
[1781473634.669] SMART_DIRECTOR_AUTONOMY: off
[1781473634.669] SMART_HOOKS: off
[1781473634.669] SMART_CONFIDENCE_FLOOR: 0.080
[1781473634.669] SMART_APPLIED_MODE: 3
[1781473634.669] SMART_LAST_REQUESTED_MODE: 3
[1781473634.669] SMART_SWITCHES_IN_WINDOW: 0
[1781473634.669] SMART_MANUAL_OWNER_ACTIVE: 0
[1781473634.669] SMART_LAST_REASON: 0
[1781473634.669] SMART_STATE: 0
[1781473634.669] SMART_INTENT_MODE: 3
[1781473634.669] SMART_INTENT_CONFIDENCE: 0.000
[1781473634.669] SMART_INTENT_WANTS_SWITCH: 0
[1781473634.670] SMART_SCALAR_PHOTONS: 1.000
[1781473634.670] SMART_SCALAR_CHROMA: 1.000
[1781473634.670] SMART_SCALAR_MOOD: 1.000
[1781473634.670] SMART_SCALAR_SATURATION: 1.000
[1781473634.670] SMART_PALETTE_OVERLAY: 0
[1781473634.670] SMART_PALETTE_INDEX: 0
[1781473634.670] SMART_AUTO_COLOUR_SHIFT: 0
[1781473634.671] SMART_MIN_DWELL_MS: 8000
[1781473634.671] SMART_COOLDOWN_MS: 20000
[1781473634.671] SMART_SWITCH_WINDOW_MS: 60000
[1781473634.671] SMART_MAX_SWITCHES: 2
[1781473634.671] SMART_AUDIO_NOVELTY: 0.0358
[1781473634.671] SMART_AUDIO_ENERGY: 0.2118
[1781473634.671] SMART_EVENT_ID: 1027
[1781473634.671] SMART_EVENT_AGE_MS: 180
[1781473634.671] SMART_ONSET: 0
[1781473634.671] SMART_BASS_ONSET: 0
[1781473634.672] SMART_BEAT_CONFIDENCE: 0.000
[1781473634.672] SMART_TRANSIENT: 0
[1781473634.672] SMART_KICK: 0
[1781473634.672] SMART_SNARE: 0
[1781473634.672] SMART_HIHAT: 0
[1781473634.672] SMART_TRANSIENT_LEVEL: 0.000
[1781473634.672] SMART_KICK_LEVEL: 0.001
[1781473634.672] SMART_SNARE_LEVEL: 0.000
[1781473634.673] SMART_HIHAT_LEVEL: 0.030
[1781473634.673] SMART_SNARE_EVENT_ID: 405
[1781473634.673] SMART_HIHAT_EVENT_ID: 1178
[1781473634.673] }}
[1781473634.855] [VP] profile=candidate fix=111011 chroma_seq=19079 chroma_flatness=0.1027 chroma_norm_max=0.8188 chroma_norm_mean=0.7161 chroma_final_max=0.0815 chroma_final_mean=0.0698 agc_gain=1.4297 bloom_alpha=0.9900 bloom_shift=1.0000 wave_idle=0.9850 wave_raw_margin=1.1000 wave_peak_floor=0.0800 wave_vu_floor=0.0200 wave_shift=120.0000 render_us=680 render_avg=634 render_max=1043
[1781473635.261] [AP] SSL=154 DC=-4746 max_raw=218 follower=154 peak_scaled=0.542 silent_scale=1.000 silence=0 cal_source=config cal_valid=1 cal_reason=none | bpm=102.0 conf=0.08 lock=0 phase=0.11 beat=0 bstr=0.03 | onset=1 bass=0 ostr=0.00
[1781473635.857] [VP] profile=candidate fix=111011 chroma_seq=19281 chroma_flatness=0.1563 chroma_norm_max=0.9463 chroma_norm_mean=0.7900 chroma_final_max=0.3227 chroma_final_mean=0.2631 agc_gain=1.4010 bloom_alpha=0.9900 bloom_shift=1.0000 wave_idle=0.9850 wave_raw_margin=1.1000 wave_peak_floor=0.0800 wave_vu_floor=0.0200 wave_shift=120.0000 render_us=756 render_avg=702 render_max=1043
[1781473636.265] [AP] SSL=154 DC=-4746 max_raw=222 follower=154 peak_scaled=0.326 silent_scale=1.000 silence=0 cal_source=config cal_valid=1 cal_reason=none | bpm=102.0 conf=0.08 lock=0 phase=0.83 beat=0 bstr=0.30 | onset=0 bass=0 ostr=0.00
[1781473636.856] [VP] profile=candidate fix=111011 chroma_seq=19482 chroma_flatness=0.1092 chroma_norm_max=0.9316 chroma_norm_mean=0.8225 chroma_final_max=0.1213 chroma_final_mean=0.1054 agc_gain=1.4095 bloom_alpha=0.9900 bloom_shift=1.0000 wave_idle=0.9850 wave_raw_margin=1.1000 wave_peak_floor=0.0800 wave_vu_floor=0.0200 wave_shift=120.0000 render_us=671 render_avg=623 render_max=1043
[1781473637.272] [AP] SSL=154 DC=-4746 max_raw=213 follower=174 peak_scaled=0.736 silent_scale=1.000 silence=0 cal_source=config cal_valid=1 cal_reason=none | bpm=97.0 conf=0.00 lock=0 phase=0.51 beat=0 bstr=0.63 | onset=1 bass=0 ostr=0.00
[1781473637.869] [VP] profile=candidate fix=111011 chroma_seq=19686 chroma_flatness=0.0399 chroma_norm_max=0.4893 chroma_norm_mean=0.4494 chroma_final_max=0.0000 chroma_final_mean=0.0000 agc_gain=1.1322 bloom_alpha=0.9900 bloom_shift=1.0000 wave_idle=0.9850 wave_raw_margin=1.1000 wave_peak_floor=0.0800 wave_vu_floor=0.0200 wave_shift=120.0000 render_us=599 render_avg=618 render_max=1043
[1781473638.276] [AP] SSL=154 DC=-4746 max_raw=98 follower=155 peak_scaled=0.232 silent_scale=1.000 silence=0 cal_source=config cal_valid=1 cal_reason=none | bpm=97.0 conf=0.11 lock=0 phase=0.15 beat=0 bstr=0.80 | onset=0 bass=0 ostr=0.00
[1781473638.870] [VP] profile=candidate fix=111011 chroma_seq=19887 chroma_flatness=0.2262 chroma_norm_max=0.9902 chroma_norm_mean=0.7641 chroma_final_max=0.6508 chroma_final_mean=0.4854 agc_gain=1.4087 bloom_alpha=0.9900 bloom_shift=1.0000 wave_idle=0.9850 wave_raw_margin=1.1000 wave_peak_floor=0.0800 wave_vu_floor=0.0200 wave_shift=120.0000 render_us=687 render_avg=676 render_max=1043
[1781473639.291] [AP] SSL=154 DC=-4746 max_raw=172 follower=154 peak_scaled=0.367 silent_scale=1.000 silence=0 cal_source=config cal_valid=1 cal_reason=none | bpm=97.0 conf=0.08 lock=0 phase=0.79 beat=0 bstr=0.60 | onset=1 bass=0 ostr=0.00
[1781473639.871] [VP] profile=candidate fix=111011 chroma_seq=20088 chroma_flatness=0.1535 chroma_norm_max=0.7892 chroma_norm_mean=0.6357 chroma_final_max=0.2535 chroma_final_mean=0.1970 agc_gain=1.0773 bloom_alpha=0.9900 bloom_shift=1.0000 wave_idle=0.9850 wave_raw_margin=1.1000 wave_peak_floor=0.0800 wave_vu_floor=0.0200 wave_shift=120.0000 render_us=715 render_avg=674 render_max=1043
[1781473640.269] >>> :smart_status
[1781473640.274] sbr{{
[1781473640.274] SMART_ASSIST: off
[1781473640.274] SMART_SWITCHING: off
[1781473640.274] SMART_DIRECTOR_AUTONOMY: off
[1781473640.274] SMART_HOOKS: off
[1781473640.274] SMART_CONFIDENCE_FLOOR: 0.080
[1781473640.274] SMART_APPLIED_MODE: 3
[1781473640.274] SMART_LAST_REQUESTED_MODE: 3
[1781473640.275] SMART_SWITCHES_IN_WINDOW: 0
[1781473640.275] SMART_MANUAL_OWNER_ACTIVE: 0
[1781473640.275] SMART_LAST_REASON: 0
[1781473640.275] SMART_STATE: 0
[1781473640.275] SMART_INTENT_MODE: 3
[1781473640.275] SMART_INTENT_CONFIDENCE: 0.000
[1781473640.275] SMART_INTENT_WANTS_SWITCH: 0
[1781473640.275] SMART_SCALAR_PHOTONS: 1.000
[1781473640.275] SMART_SCALAR_CHROMA: 1.000
[1781473640.276] SMART_SCALAR_MOOD: 1.000
[1781473640.276] SMART_SCALAR_SATURATION: 1.000
[1781473640.276] SMART_PALETTE_OVERLAY: 0
[1781473640.276] SMART_PALETTE_INDEX: 0
[1781473640.276] SMART_AUTO_COLOUR_SHIFT: 0
[1781473640.276] SMART_MIN_DWELL_MS: 8000
[1781473640.276] SMART_COOLDOWN_MS: 20000
[1781473640.276] SMART_SWITCH_WINDOW_MS: 60000
[1781473640.276] SMART_MAX_SWITCHES: 2
[1781473640.276] SMART_AUDIO_NOVELTY: 0.0221
[1781473640.277] SMART_AUDIO_ENERGY: 0.2183
[1781473640.277] SMART_EVENT_ID: 1082
[1781473640.277] SMART_EVENT_AGE_MS: 156
[1781473640.277] SMART_ONSET: 0
[1781473640.277] SMART_BASS_ONSET: 0
[1781473640.277] SMART_BEAT_CONFIDENCE: 0.000
[1781473640.277] SMART_TRANSIENT: 0
[1781473640.277] SMART_KICK: 0
[1781473640.277] SMART_SNARE: 0
[1781473640.277] SMART_HIHAT: 0
[1781473640.277] SMART_TRANSIENT_LEVEL: 0.004
[1781473640.278] SMART_KICK_LEVEL: 0.002
[1781473640.278] SMART_SNARE_LEVEL: 0.000
[1781473640.278] SMART_HIHAT_LEVEL: 0.015
[1781473640.278] SMART_SNARE_EVENT_ID: 426
[1781473640.278] SMART_HIHAT_EVENT_ID: 1237
[1781473640.278] }}
[1781473640.286] [AP] SSL=154 DC=-4746 max_raw=126 follower=234 peak_scaled=0.087 silent_scale=1.000 silence=0 cal_source=config cal_valid=1 cal_reason=none | bpm=97.0 conf=0.17 lock=0 phase=0.39 beat=0 bstr=0.45 | onset=0 bass=0 ostr=0.00
[1781473640.875] [VP] profile=candidate fix=111011 chroma_seq=20290 chroma_flatness=0.0748 chroma_norm_max=0.4791 chroma_norm_mean=0.4043 chroma_final_max=0.0000 chroma_final_mean=0.0000 agc_gain=1.0457 bloom_alpha=0.9900 bloom_shift=1.0000 wave_idle=0.9850 wave_raw_margin=1.1000 wave_peak_floor=0.0800 wave_vu_floor=0.0200 wave_shift=120.0000 render_us=538 render_avg=615 render_max=1043
[1781473641.292] [AP] SSL=154 DC=-4746 max_raw=130 follower=248 peak_scaled=0.549 silent_scale=1.000 silence=0 cal_source=config cal_valid=1 cal_reason=none | bpm=67.0 conf=0.26 lock=0 phase=0.74 beat=0 bstr=0.05 | onset=0 bass=1 ostr=0.21
[1781473641.875] [VP] profile=candidate fix=111011 chroma_seq=20490 chroma_flatness=0.1023 chroma_norm_max=1.0603 chroma_norm_mean=0.9498 chroma_final_max=0.1463 chroma_final_mean=0.1295 agc_gain=1.1065 bloom_alpha=0.9900 bloom_shift=1.0000 wave_idle=0.9850 wave_raw_margin=1.1000 wave_peak_floor=0.0800 wave_vu_floor=0.0200 wave_shift=120.0000 render_us=651 render_avg=656 render_max=1043
[1781473642.297] [AP] SSL=154 DC=-4746 max_raw=107 follower=303 peak_scaled=0.108 silent_scale=1.000 silence=0 cal_source=config cal_valid=1 cal_reason=none | bpm=97.0 conf=0.42 lock=0 phase=0.09 beat=0 bstr=0.07 | onset=0 bass=0 ostr=0.00
[1781473642.875] [VP] profile=candidate fix=111011 chroma_seq=20691 chroma_flatness=0.0630 chroma_norm_max=0.6119 chroma_norm_mean=0.5479 chroma_final_max=0.0000 chroma_final_mean=0.0000 agc_gain=1.2635 bloom_alpha=0.9900 bloom_shift=1.0000 wave_idle=0.9850 wave_raw_margin=1.1000 wave_peak_floor=0.0800 wave_vu_floor=0.0200 wave_shift=120.0000 render_us=608 render_avg=618 render_max=1043
[1781473643.301] [AP] SSL=154 DC=-4746 max_raw=265 follower=161 peak_scaled=0.525 silent_scale=1.000 silence=0 cal_source=config cal_valid=1 cal_reason=none | bpm=72.0 conf=0.56 lock=0 phase=0.31 beat=0 bstr=0.02 | onset=0 bass=1 ostr=0.05
[1781473643.876] [VP] profile=candidate fix=111011 chroma_seq=20892 chroma_flatness=0.1307 chroma_norm_max=0.9777 chroma_norm_mean=0.8470 chroma_final_max=0.2223 chroma_final_mean=0.1892 agc_gain=1.6609 bloom_alpha=0.9900 bloom_shift=1.0000 wave_idle=0.9850 wave_raw_margin=1.1000 wave_peak_floor=0.0800 wave_vu_floor=0.0200 wave_shift=120.0000 render_us=665 render_avg=672 render_max=1043
[1781473644.307] [AP] SSL=154 DC=-4746 max_raw=90 follower=154 peak_scaled=0.060 silent_scale=1.000 silence=0 cal_source=config cal_valid=1 cal_reason=none | bpm=72.0 conf=0.54 lock=0 phase=0.52 beat=0 bstr=0.01 | onset=0 bass=0 ostr=0.00
[1781473644.880] [VP] profile=candidate fix=111011 chroma_seq=21094 chroma_flatness=0.0957 chroma_norm_max=0.9813 chroma_norm_mean=0.8856 chroma_final_max=0.0692 chroma_final_mean=0.0617 agc_gain=1.7296 bloom_alpha=0.9900 bloom_shift=1.0000 wave_idle=0.9850 wave_raw_margin=1.1000 wave_peak_floor=0.0800 wave_vu_floor=0.0200 wave_shift=120.0000 render_us=598 render_avg=662 render_max=1043
[1781473645.296] >>> :smart_status
[1781473645.299] sbr{{
[1781473645.299] SMART_ASSIST: off
[1781473645.299] SMART_SWITCHING: off
[1781473645.299] SMART_DIRECTOR_AUTONOMY: off
[1781473645.299] SMART_HOOKS: off
[1781473645.300] SMART_CONFIDENCE_FLOOR: 0.080
[1781473645.300] SMART_APPLIED_MODE: 3
[1781473645.300] SMART_LAST_REQUESTED_MODE: 3
[1781473645.300] SMART_SWITCHES_IN_WINDOW: 0
[1781473645.300] SMART_MANUAL_OWNER_ACTIVE: 0
[1781473645.300] SMART_LAST_REASON: 0
[1781473645.300] SMART_STATE: 0
[1781473645.300] SMART_INTENT_MODE: 3
[1781473645.300] SMART_INTENT_CONFIDENCE: 0.000
[1781473645.300] SMART_INTENT_WANTS_SWITCH: 0
[1781473645.300] SMART_SCALAR_PHOTONS: 1.000
[1781473645.301] SMART_SCALAR_CHROMA: 1.000
[1781473645.301] SMART_SCALAR_MOOD: 1.000
[1781473645.301] SMART_SCALAR_SATURATION: 1.000
[1781473645.301] SMART_PALETTE_OVERLAY: 0
[1781473645.301] SMART_PALETTE_INDEX: 0
[1781473645.301] SMART_AUTO_COLOUR_SHIFT: 0
[1781473645.301] SMART_MIN_DWELL_MS: 8000
[1781473645.302] SMART_COOLDOWN_MS: 20000
[1781473645.302] SMART_SWITCH_WINDOW_MS: 60000
[1781473645.302] SMART_MAX_SWITCHES: 2
[1781473645.302] SMART_AUDIO_NOVELTY: 0.0364
[1781473645.302] SMART_AUDIO_ENERGY: 0.2537
[1781473645.302] SMART_EVENT_ID: 1126
[1781473645.302] SMART_EVENT_AGE_MS: 200
[1781473645.302] SMART_ONSET: 0
[1781473645.302] SMART_BASS_ONSET: 0
[1781473645.302] SMART_BEAT_CONFIDENCE: 0.000
[1781473645.302] SMART_TRANSIENT: 0
[1781473645.302] SMART_KICK: 0
[1781473645.302] SMART_SNARE: 0
[1781473645.302] SMART_HIHAT: 0
[1781473645.303] SMART_TRANSIENT_LEVEL: 0.004
[1781473645.303] SMART_KICK_LEVEL: 0.001
[1781473645.303] SMART_SNARE_LEVEL: 0.005
[1781473645.303] SMART_HIHAT_LEVEL: 0.004
[1781473645.303] SMART_SNARE_EVENT_ID: 442
[1781473645.303] SMART_HIHAT_EVENT_ID: 1302
[1781473645.303] }}
[1781473645.317] [AP] SSL=154 DC=-4746 max_raw=174 follower=154 peak_scaled=0.106 silent_scale=1.000 silence=0 cal_source=config cal_valid=1 cal_reason=none | bpm=72.0 conf=0.12 lock=0 phase=0.74 beat=0 bstr=0.03 | onset=0 bass=0 ostr=0.00
[1781473645.880] [VP] profile=candidate fix=111011 chroma_seq=21295 chroma_flatness=0.1684 chroma_norm_max=0.9129 chroma_norm_mean=0.7445 chroma_final_max=0.3595 chroma_final_mean=0.2850 agc_gain=1.2561 bloom_alpha=0.9900 bloom_shift=1.0000 wave_idle=0.9850 wave_raw_margin=1.1000 wave_peak_floor=0.0800 wave_vu_floor=0.0200 wave_shift=120.0000 render_us=708 render_avg=670 render_max=1043
[1781473646.326] [AP] SSL=154 DC=-4746 max_raw=194 follower=154 peak_scaled=0.287 silent_scale=1.000 silence=0 cal_source=config cal_valid=1 cal_reason=none | bpm=64.0 conf=0.12 lock=0 phase=0.94 beat=0 bstr=0.07 | onset=0 bass=0 ostr=0.00
[1781473646.880] [VP] profile=candidate fix=111011 chroma_seq=21496 chroma_flatness=0.0845 chroma_norm_max=0.7705 chroma_norm_mean=0.6860 chroma_final_max=0.0152 chroma_final_mean=0.0133 agc_gain=1.3827 bloom_alpha=0.9900 bloom_shift=1.0000 wave_idle=0.9850 wave_raw_margin=1.1000 wave_peak_floor=0.0800 wave_vu_floor=0.0200 wave_shift=120.0000 render_us=695 render_avg=597 render_max=1043
[1781473647.337] [AP] SSL=154 DC=-4746 max_raw=150 follower=154 peak_scaled=0.088 silent_scale=1.000 silence=0 cal_source=config cal_valid=1 cal_reason=none | bpm=64.0 conf=0.09 lock=0 phase=0.02 beat=0 bstr=0.07 | onset=0 bass=0 ostr=0.00
[1781473647.881] [VP] profile=candidate fix=111011 chroma_seq=21697 chroma_flatness=0.1480 chroma_norm_max=0.9711 chroma_norm_mean=0.8231 chroma_final_max=0.2963 chroma_final_mean=0.2460 agc_gain=1.4382 bloom_alpha=0.9900 bloom_shift=1.0000 wave_idle=0.9850 wave_raw_margin=1.1000 wave_peak_floor=0.0800 wave_vu_floor=0.0200 wave_shift=120.0000 render_us=711 render_avg=695 render_max=1043
[1781473648.342] [AP] SSL=154 DC=-4746 max_raw=282 follower=274 peak_scaled=0.468 silent_scale=1.000 silence=0 cal_source=config cal_valid=1 cal_reason=none | bpm=70.0 conf=0.16 lock=0 phase=0.17 beat=0 bstr=0.09 | onset=1 bass=0 ostr=0.00
[1781473648.885] [VP] profile=candidate fix=111011 chroma_seq=21898 chroma_flatness=0.0483 chroma_norm_max=0.5042 chroma_norm_mean=0.4558 chroma_final_max=0.0000 chroma_final_mean=0.0000 agc_gain=1.3534 bloom_alpha=0.9900 bloom_shift=1.0000 wave_idle=0.9850 wave_raw_margin=1.1000 wave_peak_floor=0.0800 wave_vu_floor=0.0200 wave_shift=120.0000 render_us=606 render_avg=614 render_max=1043
[1781473649.346] [AP] SSL=154 DC=-4746 max_raw=411 follower=309 peak_scaled=1.343 silent_scale=1.000 silence=0 cal_source=config cal_valid=1 cal_reason=none | bpm=70.0 conf=0.21 lock=0 phase=0.35 beat=0 bstr=0.37 | onset=1 bass=0 ostr=0.00
[1781473649.886] [VP] profile=candidate fix=111011 chroma_seq=22099 chroma_flatness=0.1741 chroma_norm_max=0.7270 chroma_norm_mean=0.5529 chroma_final_max=0.2952 chroma_final_mean=0.2132 agc_gain=0.9576 bloom_alpha=0.9900 bloom_shift=1.0000 wave_idle=0.9850 wave_raw_margin=1.1000 wave_peak_floor=0.0800 wave_vu_floor=0.0200 wave_shift=120.0000 render_us=726 render_avg=678 render_max=1043
[1781473650.276] >>> :smart_status
[1781473650.284] sbr{{
[1781473650.284] SMART_ASSIST: off
[1781473650.284] SMART_SWITCHING: off
[1781473650.284] SMART_DIRECTOR_AUTONOMY: off
[1781473650.284] SMART_HOOKS: off
[1781473650.284] SMART_CONFIDENCE_FLOOR: 0.080
[1781473650.285] SMART_APPLIED_MODE: 3
[1781473650.285] SMART_LAST_REQUESTED_MODE: 3
[1781473650.285] SMART_SWITCHES_IN_WINDOW: 0
[1781473650.285] SMART_MANUAL_OWNER_ACTIVE: 0
[1781473650.285] SMART_LAST_REASON: 0
[1781473650.285] SMART_STATE: 0
[1781473650.285] SMART_INTENT_MODE: 3
[1781473650.285] SMART_INTENT_CONFIDENCE: 0.000
[1781473650.285] SMART_INTENT_WANTS_SWITCH: 0
[1781473650.285] SMART_SCALAR_PHOTONS: 1.000
[1781473650.286] SMART_SCALAR_CHROMA: 1.000
[1781473650.286] SMART_SCALAR_MOOD: 1.000
[1781473650.286] SMART_SCALAR_SATURATION: 1.000
[1781473650.286] SMART_PALETTE_OVERLAY: 0
[1781473650.286] SMART_PALETTE_INDEX: 0
[1781473650.286] SMART_AUTO_COLOUR_SHIFT: 0
[1781473650.286] SMART_MIN_DWELL_MS: 8000
[1781473650.287] SMART_COOLDOWN_MS: 20000
[1781473650.287] SMART_SWITCH_WINDOW_MS: 60000
[1781473650.287] SMART_MAX_SWITCHES: 2
[1781473650.287] SMART_AUDIO_NOVELTY: 0.0424
[1781473650.287] SMART_AUDIO_ENERGY: 0.1688
[1781473650.287] SMART_EVENT_ID: 1182
[1781473650.287] SMART_EVENT_AGE_MS: 30
[1781473650.287] SMART_ONSET: 0
[1781473650.287] SMART_BASS_ONSET: 1
[1781473650.287] SMART_BEAT_CONFIDENCE: 0.000
[1781473650.288] SMART_TRANSIENT: 0
[1781473650.288] SMART_KICK: 0
[1781473650.288] SMART_SNARE: 0
[1781473650.288] SMART_HIHAT: 0
[1781473650.288] SMART_TRANSIENT_LEVEL: 0.005
[1781473650.288] SMART_KICK_LEVEL: 0.009
[1781473650.288] SMART_SNARE_LEVEL: 0.007
[1781473650.288] SMART_HIHAT_LEVEL: 0.017
[1781473650.288] SMART_SNARE_EVENT_ID: 461
[1781473650.288] SMART_HIHAT_EVENT_ID: 1362
[1781473650.288] }}
[1781473650.352] [AP] SSL=154 DC=-4746 max_raw=140 follower=192 peak_scaled=0.154 silent_scale=1.000 silence=0 cal_source=config cal_valid=1 cal_reason=none | bpm=108.0 conf=0.16 lock=0 phase=0.09 beat=0 bstr=0.05 | onset=0 bass=1 ostr=0.10
[1781473650.885] [VP] profile=candidate fix=111011 chroma_seq=22300 chroma_flatness=0.0798 chroma_norm_max=0.8624 chroma_norm_mean=0.7826 chroma_final_max=0.0000 chroma_final_mean=0.0000 agc_gain=1.4870 bloom_alpha=0.9900 bloom_shift=1.0000 wave_idle=0.9850 wave_raw_margin=1.1000 wave_peak_floor=0.0800 wave_vu_floor=0.0200 wave_shift=120.0000 render_us=632 render_avg=657 render_max=1043
[1781473651.356] [AP] SSL=154 DC=-4746 max_raw=203 follower=323 peak_scaled=0.378 silent_scale=1.000 silence=0 cal_source=config cal_valid=1 cal_reason=none | bpm=108.0 conf=0.16 lock=0 phase=0.87 beat=0 bstr=0.13 | onset=1 bass=0 ostr=0.00
[1781473651.891] [VP] profile=candidate fix=111011 chroma_seq=22501 chroma_flatness=0.1714 chroma_norm_max=1.0062 chroma_norm_mean=0.8348 chroma_final_max=0.4142 chroma_final_mean=0.3358 agc_gain=1.3013 bloom_alpha=0.9900 bloom_shift=1.0000 wave_idle=0.9850 wave_raw_margin=1.1000 wave_peak_floor=0.0800 wave_vu_floor=0.0200 wave_shift=120.0000 render_us=706 render_avg=654 render_max=1043
[1781473652.362] [AP] SSL=154 DC=-4746 max_raw=318 follower=299 peak_scaled=1.089 silent_scale=1.000 silence=0 cal_source=config cal_valid=1 cal_reason=none | bpm=81.0 conf=0.27 lock=0 phase=0.25 beat=0 bstr=0.15 | onset=1 bass=0 ostr=0.00
[1781473652.901] [VP] profile=candidate fix=111011 chroma_seq=22705 chroma_flatness=0.1784 chroma_norm_max=0.7769 chroma_norm_mean=0.5985 chroma_final_max=0.3331 chroma_final_mean=0.2453 agc_gain=0.8947 bloom_alpha=0.9900 bloom_shift=1.0000 wave_idle=0.9850 wave_raw_margin=1.1000 wave_peak_floor=0.0800 wave_vu_floor=0.0200 wave_shift=120.0000 render_us=681 render_avg=685 render_max=1043
[1781473653.368] [AP] SSL=154 DC=-4746 max_raw=577 follower=378 peak_scaled=0.992 silent_scale=1.000 silence=0 cal_source=config cal_valid=1 cal_reason=none | bpm=119.0 conf=0.28 lock=0 phase=0.06 beat=0 bstr=0.27 | onset=0 bass=1 ostr=0.04
[1781473653.901] [VP] profile=candidate fix=111011 chroma_seq=22906 chroma_flatness=0.2040 chroma_norm_max=0.7973 chroma_norm_mean=0.5932 chroma_final_max=0.4324 chroma_final_mean=0.3059 agc_gain=0.8086 bloom_alpha=0.9900 bloom_shift=1.0000 wave_idle=0.9850 wave_raw_margin=1.1000 wave_peak_floor=0.0800 wave_vu_floor=0.0200 wave_shift=120.0000 render_us=688 render_avg=692 render_max=1043
[1781473654.371] [AP] SSL=154 DC=-4746 max_raw=158 follower=290 peak_scaled=0.102 silent_scale=1.000 silence=0 cal_source=config cal_valid=1 cal_reason=none | bpm=119.0 conf=0.52 lock=0 phase=0.01 beat=0 bstr=0.51 | onset=0 bass=1 ostr=0.02
[1781473654.905] [VP] profile=candidate fix=111011 chroma_seq=23107 chroma_flatness=0.0505 chroma_norm_max=0.7997 chroma_norm_mean=0.7492 chroma_final_max=0.0000 chroma_final_mean=0.0000 agc_gain=1.6141 bloom_alpha=0.9900 bloom_shift=1.0000 wave_idle=0.9850 wave_raw_margin=1.1000 wave_peak_floor=0.0800 wave_vu_floor=0.0200 wave_shift=120.0000 render_us=665 render_avg=658 render_max=1043
[1781473655.279] >>> :smart_status
[1781473655.300] sbr{{
[1781473655.300] SMART_ASSIST: off
[1781473655.300] SMART_SWITCHING: off
[1781473655.300] SMART_DIRECTOR_AUTONOMY: off
[1781473655.300] SMART_HOOKS: off
[1781473655.300] SMART_CONFIDENCE_FLOOR: 0.080
[1781473655.300] SMART_APPLIED_MODE: 3
[1781473655.300] SMART_LAST_REQUESTED_MODE: 3
[1781473655.300] SMART_SWITCHES_IN_WINDOW: 0
[1781473655.300] SMART_MANUAL_OWNER_ACTIVE: 0
[1781473655.300] SMART_LAST_REASON: 0
[1781473655.300] SMART_STATE: 0
[1781473655.300] SMART_INTENT_MODE: 3
[1781473655.301] SMART_INTENT_CONFIDENCE: 0.000
[1781473655.301] SMART_INTENT_WANTS_SWITCH: 0
[1781473655.301] SMART_SCALAR_PHOTONS: 1.000
[1781473655.301] SMART_SCALAR_CHROMA: 1.000
[1781473655.301] SMART_SCALAR_MOOD: 1.000
[1781473655.301] SMART_SCALAR_SATURATION: 1.000
[1781473655.301] SMART_PALETTE_OVERLAY: 0
[1781473655.302] SMART_PALETTE_INDEX: 0
[1781473655.302] SMART_AUTO_COLOUR_SHIFT: 0
[1781473655.302] SMART_MIN_DWELL_MS: 8000
[1781473655.302] SMART_COOLDOWN_MS: 20000
[1781473655.302] SMART_SWITCH_WINDOW_MS: 60000
[1781473655.302] SMART_MAX_SWITCHES: 2
[1781473655.302] SMART_AUDIO_NOVELTY: 0.0362
[1781473655.303] SMART_AUDIO_ENERGY: 0.2344
[1781473655.303] SMART_EVENT_ID: 1236
[1781473655.303] SMART_EVENT_AGE_MS: 6
[1781473655.303] SMART_ONSET: 1
[1781473655.303] SMART_BASS_ONSET: 0
[1781473655.303] SMART_BEAT_CONFIDENCE: 0.000
[1781473655.303] SMART_TRANSIENT: 0
[1781473655.304] SMART_KICK: 0
[1781473655.304] SMART_SNARE: 0
[1781473655.304] SMART_HIHAT: 0
[1781473655.304] SMART_TRANSIENT_LEVEL: 0.077
[1781473655.304] SMART_KICK_LEVEL: 0.001
[1781473655.304] SMART_SNARE_LEVEL: 0.000
[1781473655.304] SMART_HIHAT_LEVEL: 0.023
[1781473655.304] SMART_SNARE_EVENT_ID: 483
[1781473655.304] SMART_HIHAT_EVENT_ID: 1413
[1781473655.304] }}
[1781473655.377] [AP] SSL=154 DC=-4746 max_raw=181 follower=275 peak_scaled=0.088 silent_scale=1.000 silence=0 cal_source=config cal_valid=1 cal_reason=none | bpm=80.0 conf=0.24 lock=0 phase=0.77 beat=0 bstr=0.15 | onset=0 bass=0 ostr=0.00
[1781473655.915] [VP] profile=candidate fix=111011 chroma_seq=23311 chroma_flatness=0.1214 chroma_norm_max=0.7157 chroma_norm_mean=0.5944 chroma_final_max=0.1274 chroma_final_mean=0.1023 agc_gain=1.3920 bloom_alpha=0.9900 bloom_shift=1.0000 wave_idle=0.9850 wave_raw_margin=1.1000 wave_peak_floor=0.0800 wave_vu_floor=0.0200 wave_shift=120.0000 render_us=675 render_avg=660 render_max=1043
[1781473656.383] [AP] SSL=154 DC=-4746 max_raw=224 follower=219 peak_scaled=0.630 silent_scale=1.000 silence=0 cal_source=config cal_valid=1 cal_reason=none | bpm=80.0 conf=0.22 lock=0 phase=0.13 beat=0 bstr=0.09 | onset=0 bass=1 ostr=0.04
[1781473656.917] [VP] profile=candidate fix=111011 chroma_seq=23512 chroma_flatness=0.1510 chroma_norm_max=0.9482 chroma_norm_mean=0.7972 chroma_final_max=0.3009 chroma_final_mean=0.2474 agc_gain=0.8505 bloom_alpha=0.9900 bloom_shift=1.0000 wave_idle=0.9850 wave_raw_margin=1.1000 wave_peak_floor=0.0800 wave_vu_floor=0.0200 wave_shift=120.0000 render_us=678 render_avg=713 render_max=1043
[1781473657.387] [AP] SSL=154 DC=-4746 max_raw=138 follower=413 peak_scaled=0.073 silent_scale=1.000 silence=0 cal_source=config cal_valid=1 cal_reason=none | bpm=96.0 conf=0.13 lock=0 phase=0.53 beat=0 bstr=0.32 | onset=0 bass=1 ostr=0.05
[1781473657.921] [VP] profile=candidate fix=111011 chroma_seq=23713 chroma_flatness=0.0581 chroma_norm_max=0.6336 chroma_norm_mean=0.5755 chroma_final_max=0.0000 chroma_final_mean=0.0000 agc_gain=1.3452 bloom_alpha=0.9900 bloom_shift=1.0000 wave_idle=0.9850 wave_raw_margin=1.1000 wave_peak_floor=0.0800 wave_vu_floor=0.0200 wave_shift=120.0000 render_us=607 render_avg=606 render_max=1043
[1781473658.392] [AP] SSL=154 DC=-4746 max_raw=167 follower=417 peak_scaled=0.196 silent_scale=1.000 silence=0 cal_source=config cal_valid=1 cal_reason=none | bpm=81.0 conf=0.19 lock=0 phase=0.10 beat=0 bstr=0.08 | onset=0 bass=1 ostr=0.03
[1781473658.931] [VP] profile=candidate fix=111011 chroma_seq=23916 chroma_flatness=0.1388 chroma_norm_max=0.6178 chroma_norm_mean=0.4790 chroma_final_max=0.1522 chroma_final_mean=0.1114 agc_gain=1.0592 bloom_alpha=0.9900 bloom_shift=1.0000 wave_idle=0.9850 wave_raw_margin=1.1000 wave_peak_floor=0.0800 wave_vu_floor=0.0200 wave_shift=120.0000 render_us=639 render_avg=648 render_max=1043
[1781473659.397] [AP] SSL=154 DC=-4746 max_raw=93 follower=318 peak_scaled=0.009 silent_scale=1.000 silence=0 cal_source=config cal_valid=1 cal_reason=none | bpm=81.0 conf=0.16 lock=0 phase=0.48 beat=0 bstr=0.07 | onset=0 bass=0 ostr=0.00
[1781473659.931] [VP] profile=candidate fix=111011 chroma_seq=24117 chroma_flatness=0.0806 chroma_norm_max=0.5660 chroma_norm_mean=0.4854 chroma_final_max=0.0014 chroma_final_mean=0.0000 agc_gain=1.1338 bloom_alpha=0.9900 bloom_shift=1.0000 wave_idle=0.9850 wave_raw_margin=1.1000 wave_peak_floor=0.0800 wave_vu_floor=0.0200 wave_shift=120.0000 render_us=612 render_avg=667 render_max=1043
[1781473660.286] >>> :smart_status
[1781473660.295] sbr{{
[1781473660.295] SMART_ASSIST: off
[1781473660.295] SMART_SWITCHING: off
[1781473660.295] SMART_DIRECTOR_AUTONOMY: off
[1781473660.295] SMART_HOOKS: off
[1781473660.295] SMART_CONFIDENCE_FLOOR: 0.080
[1781473660.295] SMART_APPLIED_MODE: 3
[1781473660.295] SMART_LAST_REQUESTED_MODE: 3
[1781473660.295] SMART_SWITCHES_IN_WINDOW: 0
[1781473660.296] SMART_MANUAL_OWNER_ACTIVE: 0
[1781473660.296] SMART_LAST_REASON: 0
[1781473660.296] SMART_STATE: 0
[1781473660.296] SMART_INTENT_MODE: 3
[1781473660.296] SMART_INTENT_CONFIDENCE: 0.000
[1781473660.296] SMART_INTENT_WANTS_SWITCH: 0
[1781473660.296] SMART_SCALAR_PHOTONS: 1.000
[1781473660.296] SMART_SCALAR_CHROMA: 1.000
[1781473660.296] SMART_SCALAR_MOOD: 1.000
[1781473660.296] SMART_SCALAR_SATURATION: 1.000
[1781473660.296] SMART_PALETTE_OVERLAY: 0
[1781473660.297] SMART_PALETTE_INDEX: 0
[1781473660.297] SMART_AUTO_COLOUR_SHIFT: 0
[1781473660.297] SMART_MIN_DWELL_MS: 8000
[1781473660.297] SMART_COOLDOWN_MS: 20000
[1781473660.297] SMART_SWITCH_WINDOW_MS: 60000
[1781473660.297] SMART_MAX_SWITCHES: 2
[1781473660.297] SMART_AUDIO_NOVELTY: 0.0210
[1781473660.297] SMART_AUDIO_ENERGY: 0.1834
[1781473660.297] SMART_EVENT_ID: 1290
[1781473660.297] SMART_EVENT_AGE_MS: 280
[1781473660.298] SMART_ONSET: 0
[1781473660.298] SMART_BASS_ONSET: 0
[1781473660.298] SMART_BEAT_CONFIDENCE: 0.000
[1781473660.298] SMART_TRANSIENT: 0
[1781473660.298] SMART_KICK: 0
[1781473660.298] SMART_SNARE: 0
[1781473660.298] SMART_HIHAT: 0
[1781473660.299] SMART_TRANSIENT_LEVEL: 0.002
[1781473660.299] SMART_KICK_LEVEL: 0.000
[1781473660.299] SMART_SNARE_LEVEL: 0.000
[1781473660.299] SMART_HIHAT_LEVEL: 0.000
[1781473660.299] SMART_SNARE_EVENT_ID: 503
[1781473660.299] SMART_HIHAT_EVENT_ID: 1466
[1781473660.299] }}
[1781473660.401] [AP] SSL=154 DC=-4746 max_raw=153 follower=207 peak_scaled=0.041 silent_scale=1.000 silence=0 cal_source=config cal_valid=1 cal_reason=none | bpm=119.0 conf=0.48 lock=0 phase=0.97 beat=0 bstr=0.03 | onset=1 bass=0 ostr=0.00
[1781473660.932] [VP] profile=candidate fix=111011 chroma_seq=24318 chroma_flatness=0.0773 chroma_norm_max=0.8297 chroma_norm_mean=0.7523 chroma_final_max=0.0000 chroma_final_mean=0.0000 agc_gain=1.6068 bloom_alpha=0.9900 bloom_shift=1.0000 wave_idle=0.9850 wave_raw_margin=1.1000 wave_peak_floor=0.0800 wave_vu_floor=0.0200 wave_shift=120.0000 render_us=663 render_avg=601 render_max=1043
[1781473661.408] [AP] SSL=154 DC=-4746 max_raw=153 follower=154 peak_scaled=0.340 silent_scale=1.000 silence=0 cal_source=config cal_valid=1 cal_reason=none | bpm=119.0 conf=0.40 lock=0 phase=0.97 beat=0 bstr=0.03 | onset=0 bass=0 ostr=0.00
[1781473661.936] [VP] profile=candidate fix=111011 chroma_seq=24519 chroma_flatness=0.0618 chroma_norm_max=0.4788 chroma_norm_mean=0.4186 chroma_final_max=0.0000 chroma_final_mean=0.0000 agc_gain=1.1315 bloom_alpha=0.9900 bloom_shift=1.0000 wave_idle=0.9850 wave_raw_margin=1.1000 wave_peak_floor=0.0800 wave_vu_floor=0.0200 wave_shift=120.0000 render_us=628 render_avg=639 render_max=1043
[1781473662.412] [AP] SSL=154 DC=-4746 max_raw=553 follower=334 peak_scaled=0.990 silent_scale=1.000 silence=0 cal_source=config cal_valid=1 cal_reason=none | bpm=119.0 conf=0.48 lock=0 phase=0.99 beat=0 bstr=0.03 | onset=0 bass=0 ostr=0.00
[1781473662.936] [VP] profile=candidate fix=111011 chroma_seq=24720 chroma_flatness=0.0834 chroma_norm_max=0.4659 chroma_norm_mean=0.3825 chroma_final_max=0.0063 chroma_final_mean=0.0049 agc_gain=0.7507 bloom_alpha=0.9900 bloom_shift=1.0000 wave_idle=0.9850 wave_raw_margin=1.1000 wave_peak_floor=0.0800 wave_vu_floor=0.0200 wave_shift=120.0000 render_us=675 render_avg=665 render_max=1043
[1781473663.417] [AP] SSL=154 DC=-4746 max_raw=383 follower=400 peak_scaled=0.499 silent_scale=1.000 silence=0 cal_source=config cal_valid=1 cal_reason=none | bpm=119.0 conf=0.42 lock=0 phase=0.88 beat=0 bstr=0.06 | onset=0 bass=1 ostr=0.06
[1781473663.937] [VP] profile=candidate fix=111011 chroma_seq=24922 chroma_flatness=0.2421 chroma_norm_max=0.7556 chroma_norm_mean=0.5135 chroma_final_max=0.5313 chroma_final_mean=0.3351 agc_gain=0.8677 bloom_alpha=0.9900 bloom_shift=1.0000 wave_idle=0.9850 wave_raw_margin=1.1000 wave_peak_floor=0.0800 wave_vu_floor=0.0200 wave_shift=120.0000 render_us=728 render_avg=687 render_max=1043
[1781473664.422] [AP] SSL=154 DC=-4746 max_raw=177 follower=241 peak_scaled=0.089 silent_scale=1.000 silence=0 cal_source=config cal_valid=1 cal_reason=none | bpm=119.0 conf=0.44 lock=0 phase=0.88 beat=0 bstr=0.36 | onset=0 bass=0 ostr=0.00
[1781473664.936] [VP] profile=candidate fix=111011 chroma_seq=25123 chroma_flatness=0.1004 chroma_norm_max=0.9799 chroma_norm_mean=0.8795 chroma_final_max=0.0897 chroma_final_mean=0.0795 agc_gain=1.4458 bloom_alpha=0.9900 bloom_shift=1.0000 wave_idle=0.9850 wave_raw_margin=1.1000 wave_peak_floor=0.0800 wave_vu_floor=0.0200 wave_shift=120.0000 render_us=653 render_avg=640 render_max=1043
[1781473665.270] >>> :smart_status
[1781473665.290] sbr{{
[1781473665.290] SMART_ASSIST: off
[1781473665.290] SMART_SWITCHING: off
[1781473665.291] SMART_DIRECTOR_AUTONOMY: off
[1781473665.291] SMART_HOOKS: off
[1781473665.291] SMART_CONFIDENCE_FLOOR: 0.080
[1781473665.291] SMART_APPLIED_MODE: 3
[1781473665.291] SMART_LAST_REQUESTED_MODE: 3
[1781473665.291] SMART_SWITCHES_IN_WINDOW: 0
[1781473665.291] SMART_MANUAL_OWNER_ACTIVE: 0
[1781473665.291] SMART_LAST_REASON: 0
[1781473665.291] SMART_STATE: 0
[1781473665.291] SMART_INTENT_MODE: 3
[1781473665.291] SMART_INTENT_CONFIDENCE: 0.000
[1781473665.291] SMART_INTENT_WANTS_SWITCH: 0
[1781473665.292] SMART_SCALAR_PHOTONS: 1.000
[1781473665.292] SMART_SCALAR_CHROMA: 1.000
[1781473665.292] SMART_SCALAR_MOOD: 1.000
[1781473665.292] SMART_SCALAR_SATURATION: 1.000
[1781473665.292] SMART_PALETTE_OVERLAY: 0
[1781473665.292] SMART_PALETTE_INDEX: 0
[1781473665.292] SMART_AUTO_COLOUR_SHIFT: 0
[1781473665.293] SMART_MIN_DWELL_MS: 8000
[1781473665.293] SMART_COOLDOWN_MS: 20000
[1781473665.293] SMART_SWITCH_WINDOW_MS: 60000
[1781473665.293] SMART_MAX_SWITCHES: 2
[1781473665.293] SMART_AUDIO_NOVELTY: 0.0438
[1781473665.293] SMART_AUDIO_ENERGY: 0.1721
[1781473665.293] SMART_EVENT_ID: 1342
[1781473665.293] SMART_EVENT_AGE_MS: 5
[1781473665.293] SMART_ONSET: 1
[1781473665.294] SMART_BASS_ONSET: 0
[1781473665.294] SMART_BEAT_CONFIDENCE: 0.000
[1781473665.294] SMART_TRANSIENT: 0
[1781473665.294] SMART_KICK: 0
[1781473665.294] SMART_SNARE: 0
[1781473665.294] SMART_HIHAT: 0
[1781473665.294] SMART_TRANSIENT_LEVEL: 0.347
[1781473665.294] SMART_KICK_LEVEL: 0.000
[1781473665.294] SMART_SNARE_LEVEL: 0.012
[1781473665.295] SMART_HIHAT_LEVEL: 0.004
[1781473665.295] SMART_SNARE_EVENT_ID: 522
[1781473665.295] SMART_HIHAT_EVENT_ID: 1524
[1781473665.295] }}
[1781473665.428] [AP] SSL=154 DC=-4746 max_raw=98 follower=195 peak_scaled=0.249 silent_scale=1.000 silence=0 cal_source=config cal_valid=1 cal_reason=none | bpm=119.0 conf=0.47 lock=0 phase=0.90 beat=0 bstr=0.61 | onset=0 bass=1 ostr=0.04
[1781473665.941] [VP] profile=candidate fix=111011 chroma_seq=25324 chroma_flatness=0.0914 chroma_norm_max=0.7920 chroma_norm_mean=0.7006 chroma_final_max=0.0396 chroma_final_mean=0.0343 agc_gain=1.6665 bloom_alpha=0.9900 bloom_shift=1.0000 wave_idle=0.9850 wave_raw_margin=1.1000 wave_peak_floor=0.0800 wave_vu_floor=0.0200 wave_shift=120.0000 render_us=585 render_avg=606 render_max=1043
[1781473666.432] [AP] SSL=154 DC=-4746 max_raw=117 follower=154 peak_scaled=0.166 silent_scale=1.000 silence=0 cal_source=config cal_valid=1 cal_reason=none | bpm=119.0 conf=0.36 lock=0 phase=0.86 beat=0 bstr=0.60 | onset=0 bass=0 ostr=0.00
[1781473666.942] [VP] profile=candidate fix=111011 chroma_seq=25525 chroma_flatness=0.1179 chroma_norm_max=0.8850 chroma_norm_mean=0.7671 chroma_final_max=0.1487 chroma_final_mean=0.1264 agc_gain=1.6207 bloom_alpha=0.9900 bloom_shift=1.0000 wave_idle=0.9850 wave_raw_margin=1.1000 wave_peak_floor=0.0800 wave_vu_floor=0.0200 wave_shift=120.0000 render_us=675 render_avg=684 render_max=1043
[1781473667.437] [AP] SSL=154 DC=-4746 max_raw=107 follower=163 peak_scaled=0.204 silent_scale=1.000 silence=0 cal_source=config cal_valid=1 cal_reason=none | bpm=119.0 conf=0.32 lock=0 phase=0.86 beat=0 bstr=0.46 | onset=1 bass=0 ostr=0.00
[1781473667.952] [VP] profile=candidate fix=111011 chroma_seq=25728 chroma_flatness=0.1299 chroma_norm_max=0.9146 chroma_norm_mean=0.7847 chroma_final_max=0.2033 chroma_final_mean=0.1709 agc_gain=1.6442 bloom_alpha=0.9900 bloom_shift=1.0000 wave_idle=0.9850 wave_raw_margin=1.1000 wave_peak_floor=0.0800 wave_vu_floor=0.0200 wave_shift=120.0000 render_us=641 render_avg=688 render_max=1043
[1781473668.443] [AP] SSL=154 DC=-4746 max_raw=126 follower=208 peak_scaled=0.572 silent_scale=1.000 silence=0 cal_source=config cal_valid=1 cal_reason=none | bpm=119.0 conf=0.08 lock=0 phase=0.88 beat=0 bstr=0.27 | onset=0 bass=1 ostr=0.17
[1781473668.966] [VP] profile=candidate fix=111011 chroma_seq=25932 chroma_flatness=0.0390 chroma_norm_max=0.5407 chroma_norm_mean=0.5018 chroma_final_max=0.0000 chroma_final_mean=0.0000 agc_gain=1.4321 bloom_alpha=0.9900 bloom_shift=1.0000 wave_idle=0.9850 wave_raw_margin=1.1000 wave_peak_floor=0.0800 wave_vu_floor=0.0200 wave_shift=120.0000 render_us=590 render_avg=602 render_max=1043
[1781473669.447] [AP] SSL=154 DC=-4746 max_raw=117 follower=154 peak_scaled=0.118 silent_scale=1.000 silence=0 cal_source=config cal_valid=1 cal_reason=none | bpm=101.0 conf=0.17 lock=0 phase=0.75 beat=0 bstr=0.07 | onset=0 bass=0 ostr=0.00
[1781473669.966] [VP] profile=candidate fix=111011 chroma_seq=26133 chroma_flatness=0.1202 chroma_norm_max=0.9201 chroma_norm_mean=0.7999 chroma_final_max=0.1649 chroma_final_mean=0.1407 agc_gain=1.7589 bloom_alpha=0.9900 bloom_shift=1.0000 wave_idle=0.9850 wave_raw_margin=1.1000 wave_peak_floor=0.0800 wave_vu_floor=0.0200 wave_shift=120.0000 render_us=649 render_avg=636 render_max=1043
[1781473670.273] >>> :smart_status
[1781473670.285] sbr{{
[1781473670.285] SMART_ASSIST: off
[1781473670.285] SMART_SWITCHING: off
[1781473670.285] SMART_DIRECTOR_AUTONOMY: off
[1781473670.285] SMART_HOOKS: off
[1781473670.285] SMART_CONFIDENCE_FLOOR: 0.080
[1781473670.285] SMART_APPLIED_MODE: 3
[1781473670.286] SMART_LAST_REQUESTED_MODE: 3
[1781473670.286] SMART_SWITCHES_IN_WINDOW: 0
[1781473670.286] SMART_MANUAL_OWNER_ACTIVE: 0
[1781473670.286] SMART_LAST_REASON: 0
[1781473670.286] SMART_STATE: 0
[1781473670.286] SMART_INTENT_MODE: 3
[1781473670.286] SMART_INTENT_CONFIDENCE: 0.000
[1781473670.286] SMART_INTENT_WANTS_SWITCH: 0
[1781473670.287] SMART_SCALAR_PHOTONS: 1.000
[1781473670.287] SMART_SCALAR_CHROMA: 1.000
[1781473670.287] SMART_SCALAR_MOOD: 1.000
[1781473670.287] SMART_SCALAR_SATURATION: 1.000
[1781473670.287] SMART_PALETTE_OVERLAY: 0
[1781473670.287] SMART_PALETTE_INDEX: 0
[1781473670.287] SMART_AUTO_COLOUR_SHIFT: 0
[1781473670.287] SMART_MIN_DWELL_MS: 8000
[1781473670.288] SMART_COOLDOWN_MS: 20000
[1781473670.288] SMART_SWITCH_WINDOW_MS: 60000
[1781473670.288] SMART_MAX_SWITCHES: 2
[1781473670.288] SMART_AUDIO_NOVELTY: 0.0410
[1781473670.288] SMART_AUDIO_ENERGY: 0.2355
[1781473670.288] SMART_EVENT_ID: 1378
[1781473670.288] SMART_EVENT_AGE_MS: 210
[1781473670.288] SMART_ONSET: 0
[1781473670.288] SMART_BASS_ONSET: 0
[1781473670.288] SMART_BEAT_CONFIDENCE: 0.000
[1781473670.289] SMART_TRANSIENT: 0
[1781473670.289] SMART_KICK: 0
[1781473670.289] SMART_SNARE: 0
[1781473670.289] SMART_HIHAT: 0
[1781473670.289] SMART_TRANSIENT_LEVEL: 0.000
[1781473670.289] SMART_KICK_LEVEL: 0.000
[1781473670.289] SMART_SNARE_LEVEL: 0.005
[1781473670.289] SMART_HIHAT_LEVEL: 0.015
[1781473670.290] SMART_SNARE_EVENT_ID: 537
[1781473670.290] SMART_HIHAT_EVENT_ID: 1583
[1781473670.290] }}
[1781473670.453] [AP] SSL=154 DC=-4746 max_raw=122 follower=154 peak_scaled=0.252 silent_scale=1.000 silence=0 cal_source=config cal_valid=1 cal_reason=none | bpm=101.0 conf=0.19 lock=0 phase=0.46 beat=0 bstr=0.47 | onset=1 bass=0 ostr=0.00
[1781473670.971] [VP] profile=candidate fix=111011 chroma_seq=26334 chroma_flatness=0.0314 chroma_norm_max=0.6839 chroma_norm_mean=0.6524 chroma_final_max=0.0000 chroma_final_mean=0.0000 agc_gain=1.5663 bloom_alpha=0.9900 bloom_shift=1.0000 wave_idle=0.9850 wave_raw_margin=1.1000 wave_peak_floor=0.0800 wave_vu_floor=0.0200 wave_shift=120.0000 render_us=620 render_avg=667 render_max=1043
[1781473671.457] [AP] SSL=154 DC=-4746 max_raw=148 follower=190 peak_scaled=0.147 silent_scale=1.000 silence=0 cal_source=config cal_valid=1 cal_reason=none | bpm=101.0 conf=0.25 lock=0 phase=0.17 beat=0 bstr=0.83 | onset=1 bass=0 ostr=0.00
[1781473671.981] [VP] profile=candidate fix=111011 chroma_seq=26537 chroma_flatness=0.0480 chroma_norm_max=0.5748 chroma_norm_mean=0.5267 chroma_final_max=0.0000 chroma_final_mean=0.0000 agc_gain=1.5571 bloom_alpha=0.9900 bloom_shift=1.0000 wave_idle=0.9850 wave_raw_margin=1.1000 wave_peak_floor=0.0800 wave_vu_floor=0.0200 wave_shift=120.0000 render_us=589 render_avg=588 render_max=1043
[1781473672.462] [AP] SSL=154 DC=-4746 max_raw=148 follower=154 peak_scaled=0.019 silent_scale=1.000 silence=0 cal_source=config cal_valid=1 cal_reason=none | bpm=101.0 conf=0.22 lock=0 phase=0.83 beat=0 bstr=0.62 | onset=0 bass=0 ostr=0.00
[1781473672.982] [VP] profile=candidate fix=111011 chroma_seq=26737 chroma_flatness=0.0775 chroma_norm_max=0.8424 chroma_norm_mean=0.7649 chroma_final_max=0.0162 chroma_final_mean=0.0144 agc_gain=1.8267 bloom_alpha=0.9900 bloom_shift=1.0000 wave_idle=0.9850 wave_raw_margin=1.1000 wave_peak_floor=0.0800 wave_vu_floor=0.0200 wave_shift=120.0000 render_us=666 render_avg=667 render_max=1043
[1781473673.467] [AP] SSL=154 DC=-4746 max_raw=182 follower=154 peak_scaled=0.132 silent_scale=1.000 silence=0 cal_source=config cal_valid=1 cal_reason=none | bpm=101.0 conf=0.27 lock=0 phase=0.53 beat=0 bstr=0.39 | onset=0 bass=0 ostr=0.00
[1781473673.981] [VP] profile=candidate fix=111011 chroma_seq=26938 chroma_flatness=0.0795 chroma_norm_max=0.9778 chroma_norm_mean=0.8983 chroma_final_max=0.0000 chroma_final_mean=0.0000 agc_gain=1.8680 bloom_alpha=0.9900 bloom_shift=1.0000 wave_idle=0.9850 wave_raw_margin=1.1000 wave_peak_floor=0.0800 wave_vu_floor=0.0200 wave_shift=120.0000 render_us=596 render_avg=629 render_max=1043
[1781473674.472] [AP] SSL=154 DC=-4746 max_raw=177 follower=154 peak_scaled=0.186 silent_scale=1.000 silence=0 cal_source=config cal_valid=1 cal_reason=none | bpm=101.0 conf=0.07 lock=0 phase=0.24 beat=0 bstr=0.33 | onset=0 bass=0 ostr=0.00
[1781473674.986] [VP] profile=candidate fix=111011 chroma_seq=27140 chroma_flatness=0.0537 chroma_norm_max=0.9511 chroma_norm_mean=0.8974 chroma_final_max=0.0000 chroma_final_mean=0.0000 agc_gain=1.8916 bloom_alpha=0.9900 bloom_shift=1.0000 wave_idle=0.9850 wave_raw_margin=1.1000 wave_peak_floor=0.0800 wave_vu_floor=0.0200 wave_shift=120.0000 render_us=526 render_avg=610 render_max=1043
[1781473675.311] >>> :smart_status
[1781473675.325] sbr{{
[1781473675.325] SMART_ASSIST: off
[1781473675.325] SMART_SWITCHING: off
[1781473675.325] SMART_DIRECTOR_AUTONOMY: off
[1781473675.325] SMART_HOOKS: off
[1781473675.325] SMART_CONFIDENCE_FLOOR: 0.080
[1781473675.325] SMART_APPLIED_MODE: 3
[1781473675.326] SMART_LAST_REQUESTED_MODE: 3
[1781473675.326] SMART_SWITCHES_IN_WINDOW: 0
[1781473675.326] SMART_MANUAL_OWNER_ACTIVE: 0
[1781473675.326] SMART_LAST_REASON: 0
[1781473675.326] SMART_STATE: 0
[1781473675.326] SMART_INTENT_MODE: 3
[1781473675.326] SMART_INTENT_CONFIDENCE: 0.000
[1781473675.326] SMART_INTENT_WANTS_SWITCH: 0
[1781473675.326] SMART_SCALAR_PHOTONS: 1.000
[1781473675.327] SMART_SCALAR_CHROMA: 1.000
[1781473675.327] SMART_SCALAR_MOOD: 1.000
[1781473675.327] SMART_SCALAR_SATURATION: 1.000
[1781473675.327] SMART_PALETTE_OVERLAY: 0
[1781473675.327] SMART_PALETTE_INDEX: 0
[1781473675.327] SMART_AUTO_COLOUR_SHIFT: 0
[1781473675.327] SMART_MIN_DWELL_MS: 8000
[1781473675.327] SMART_COOLDOWN_MS: 20000
[1781473675.327] SMART_SWITCH_WINDOW_MS: 60000
[1781473675.327] SMART_MAX_SWITCHES: 2
[1781473675.328] SMART_AUDIO_NOVELTY: 0.0423
[1781473675.328] SMART_AUDIO_ENERGY: 0.2335
[1781473675.328] SMART_EVENT_ID: 1412
[1781473675.328] SMART_EVENT_AGE_MS: 180
[1781473675.328] SMART_ONSET: 0
[1781473675.328] SMART_BASS_ONSET: 0
[1781473675.328] SMART_BEAT_CONFIDENCE: 0.000
[1781473675.328] SMART_TRANSIENT: 0
[1781473675.329] SMART_KICK: 0
[1781473675.329] SMART_SNARE: 0
[1781473675.329] SMART_HIHAT: 0
[1781473675.329] SMART_TRANSIENT_LEVEL: 0.000
[1781473675.329] SMART_KICK_LEVEL: 0.001
[1781473675.329] SMART_SNARE_LEVEL: 0.002
[1781473675.329] SMART_HIHAT_LEVEL: 0.013
[1781473675.329] SMART_SNARE_EVENT_ID: 546
[1781473675.329] SMART_HIHAT_EVENT_ID: 1635
[1781473675.329] }}
[1781473675.477] [AP] SSL=154 DC=-4746 max_raw=294 follower=154 peak_scaled=0.711 silent_scale=1.000 silence=0 cal_source=config cal_valid=1 cal_reason=none | bpm=101.0 conf=0.06 lock=0 phase=0.91 beat=0 bstr=0.21 | onset=1 bass=0 ostr=0.00
[1781473675.987] [VP] profile=candidate fix=111011 chroma_seq=27341 chroma_flatness=0.0203 chroma_norm_max=0.1403 chroma_norm_mean=0.1200 chroma_final_max=0.0000 chroma_final_mean=0.0000 agc_gain=0.6555 bloom_alpha=0.9900 bloom_shift=1.0000 wave_idle=0.9850 wave_raw_margin=1.1000 wave_peak_floor=0.0800 wave_vu_floor=0.0200 wave_shift=120.0000 render_us=618 render_avg=622 render_max=1043
[1781473676.482] [AP] SSL=154 DC=-4746 max_raw=130 follower=448 peak_scaled=0.058 silent_scale=1.000 silence=0 cal_source=config cal_valid=1 cal_reason=none | bpm=101.0 conf=0.23 lock=0 phase=0.61 beat=0 bstr=0.12 | onset=0 bass=1 ostr=0.03
[1781473676.987] [VP] profile=candidate fix=111011 chroma_seq=27541 chroma_flatness=0.0342 chroma_norm_max=0.3677 chroma_norm_mean=0.3334 chroma_final_max=0.0000 chroma_final_mean=0.0000 agc_gain=1.6086 bloom_alpha=0.9900 bloom_shift=1.0000 wave_idle=0.9850 wave_raw_margin=1.1000 wave_peak_floor=0.0800 wave_vu_floor=0.0200 wave_shift=120.0000 render_us=646 render_avg=592 render_max=1043
[1781473677.488] [AP] SSL=154 DC=-4746 max_raw=143 follower=232 peak_scaled=0.009 silent_scale=1.000 silence=0 cal_source=config cal_valid=1 cal_reason=none | bpm=66.0 conf=0.77 lock=1 phase=0.69 beat=0 bstr=0.13 | onset=1 bass=0 ostr=0.00
[1781473677.986] [VP] profile=candidate fix=111011 chroma_seq=27741 chroma_flatness=0.0383 chroma_norm_max=0.5126 chroma_norm_mean=0.4742 chroma_final_max=0.0000 chroma_final_mean=0.0000 agc_gain=1.8561 bloom_alpha=0.9900 bloom_shift=1.0000 wave_idle=0.9850 wave_raw_margin=1.1000 wave_peak_floor=0.0800 wave_vu_floor=0.0200 wave_shift=120.0000 render_us=590 render_avg=606 render_max=1043
[1781473678.492] [AP] SSL=154 DC=-4746 max_raw=94 follower=154 peak_scaled=0.068 silent_scale=1.000 silence=0 cal_source=config cal_valid=1 cal_reason=none | bpm=87.0 conf=0.25 lock=0 phase=0.09 beat=0 bstr=0.07 | onset=0 bass=0 ostr=0.00
[1781473679.002] [VP] profile=candidate fix=111011 chroma_seq=27944 chroma_flatness=0.1060 chroma_norm_max=0.7170 chroma_norm_mean=0.6110 chroma_final_max=0.0803 chroma_final_mean=0.0665 agc_gain=1.8540 bloom_alpha=0.9900 bloom_shift=1.0000 wave_idle=0.9850 wave_raw_margin=1.1000 wave_peak_floor=0.0800 wave_vu_floor=0.0200 wave_shift=120.0000 render_us=631 render_avg=627 render_max=1043
[1781473679.498] [AP] SSL=154 DC=-4746 max_raw=99 follower=154 peak_scaled=0.374 silent_scale=1.000 silence=0 cal_source=config cal_valid=1 cal_reason=none | bpm=87.0 conf=0.15 lock=0 phase=0.56 beat=0 bstr=0.20 | onset=1 bass=0 ostr=0.00
[1781473680.012] [VP] profile=candidate fix=111011 chroma_seq=28147 chroma_flatness=0.1177 chroma_norm_max=0.8118 chroma_norm_mean=0.6941 chroma_final_max=0.1343 chroma_final_mean=0.1121 agc_gain=1.4333 bloom_alpha=0.9900 bloom_shift=1.0000 wave_idle=0.9850 wave_raw_margin=1.1000 wave_peak_floor=0.0800 wave_vu_floor=0.0200 wave_shift=120.0000 render_us=678 render_avg=674 render_max=1043
[1781473680.315] >>> :smart_status
[1781473680.322] sbr{{
[1781473680.322] SMART_ASSIST: off
[1781473680.322] SMART_SWITCHING: off
[1781473680.322] SMART_DIRECTOR_AUTONOMY: off
[1781473680.322] SMART_HOOKS: off
[1781473680.322] SMART_CONFIDENCE_FLOOR: 0.080
[1781473680.322] SMART_APPLIED_MODE: 3
[1781473680.322] SMART_LAST_REQUESTED_MODE: 3
[1781473680.322] SMART_SWITCHES_IN_WINDOW: 0
[1781473680.322] SMART_MANUAL_OWNER_ACTIVE: 0
[1781473680.322] SMART_LAST_REASON: 0
[1781473680.322] SMART_STATE: 0
[1781473680.323] SMART_INTENT_MODE: 3
[1781473680.323] SMART_INTENT_CONFIDENCE: 0.000
[1781473680.323] SMART_INTENT_WANTS_SWITCH: 0
[1781473680.323] SMART_SCALAR_PHOTONS: 1.000
[1781473680.323] SMART_SCALAR_CHROMA: 1.000
[1781473680.323] SMART_SCALAR_MOOD: 1.000
[1781473680.323] SMART_SCALAR_SATURATION: 1.000
[1781473680.323] SMART_PALETTE_OVERLAY: 0
[1781473680.323] SMART_PALETTE_INDEX: 0
[1781473680.323] SMART_AUTO_COLOUR_SHIFT: 0
[1781473680.323] SMART_MIN_DWELL_MS: 8000
[1781473680.324] SMART_COOLDOWN_MS: 20000
[1781473680.324] SMART_SWITCH_WINDOW_MS: 60000
[1781473680.324] SMART_MAX_SWITCHES: 2
[1781473680.324] SMART_AUDIO_NOVELTY: 0.0368
[1781473680.324] SMART_AUDIO_ENERGY: 0.1844
[1781473680.324] SMART_EVENT_ID: 1448
[1781473680.324] SMART_EVENT_AGE_MS: 79
[1781473680.324] SMART_ONSET: 1
[1781473680.324] SMART_BASS_ONSET: 0
[1781473680.325] SMART_BEAT_CONFIDENCE: 0.000
[1781473680.325] SMART_TRANSIENT: 0
[1781473680.325] SMART_KICK: 0
[1781473680.325] SMART_SNARE: 0
[1781473680.325] SMART_HIHAT: 0
[1781473680.325] SMART_TRANSIENT_LEVEL: 0.004
[1781473680.325] SMART_KICK_LEVEL: 0.000
[1781473680.325] SMART_SNARE_LEVEL: 0.004
[1781473680.326] SMART_HIHAT_LEVEL: 0.020
[1781473680.326] SMART_SNARE_EVENT_ID: 555
[1781473680.326] SMART_HIHAT_EVENT_ID: 1696
[1781473680.326] }}
[1781473680.502] [AP] SSL=154 DC=-4746 max_raw=167 follower=154 peak_scaled=0.072 silent_scale=1.000 silence=0 cal_source=config cal_valid=1 cal_reason=none | bpm=87.0 conf=0.19 lock=0 phase=0.03 beat=0 bstr=0.16 | onset=0 bass=1 ostr=0.03
[1781473681.017] [VP] profile=candidate fix=111011 chroma_seq=28349 chroma_flatness=0.1589 chroma_norm_max=0.8932 chroma_norm_mean=0.7343 chroma_final_max=0.3131 chroma_final_mean=0.2504 agc_gain=1.6553 bloom_alpha=0.9900 bloom_shift=1.0000 wave_idle=0.9850 wave_raw_margin=1.1000 wave_peak_floor=0.0800 wave_vu_floor=0.0200 wave_shift=120.0000 render_us=718 render_avg=679 render_max=1043
[1781473681.508] [AP] SSL=154 DC=-4746 max_raw=126 follower=154 peak_scaled=0.081 silent_scale=1.000 silence=0 cal_source=config cal_valid=1 cal_reason=none | bpm=87.0 conf=0.19 lock=0 phase=0.46 beat=0 bstr=0.11 | onset=0 bass=0 ostr=0.00
[1781473682.017] [VP] profile=candidate fix=111011 chroma_seq=28550 chroma_flatness=0.1067 chroma_norm_max=0.9654 chroma_norm_mean=0.8596 chroma_final_max=0.1281 chroma_final_mean=0.1120 agc_gain=1.8039 bloom_alpha=0.9900 bloom_shift=1.0000 wave_idle=0.9850 wave_raw_margin=1.1000 wave_peak_floor=0.0800 wave_vu_floor=0.0200 wave_shift=120.0000 render_us=664 render_avg=669 render_max=1043
[1781473682.514] [AP] SSL=154 DC=-4746 max_raw=85 follower=154 peak_scaled=0.357 silent_scale=1.000 silence=0 cal_source=config cal_valid=1 cal_reason=none | bpm=87.0 conf=0.17 lock=0 phase=0.93 beat=0 bstr=0.09 | onset=0 bass=1 ostr=0.06
[1781473683.016] [VP] profile=candidate fix=111011 chroma_seq=28752 chroma_flatness=0.0599 chroma_norm_max=0.5646 chroma_norm_mean=0.5047 chroma_final_max=0.0000 chroma_final_mean=0.0000 agc_gain=1.3977 bloom_alpha=0.9900 bloom_shift=1.0000 wave_idle=0.9850 wave_raw_margin=1.1000 wave_peak_floor=0.0800 wave_vu_floor=0.0200 wave_shift=120.0000 render_us=647 render_avg=618 render_max=1043
[1781473683.518] [AP] SSL=154 DC=-4746 max_raw=102 follower=240 peak_scaled=0.237 silent_scale=1.000 silence=0 cal_source=config cal_valid=1 cal_reason=none | bpm=111.0 conf=0.55 lock=0 phase=0.78 beat=0 bstr=0.18 | onset=1 bass=0 ostr=0.00
[1781473684.017] [VP] profile=candidate fix=111011 chroma_seq=28952 chroma_flatness=0.0490 chroma_norm_max=0.5701 chroma_norm_mean=0.5212 chroma_final_max=0.0000 chroma_final_mean=0.0000 agc_gain=1.5023 bloom_alpha=0.9900 bloom_shift=1.0000 wave_idle=0.9850 wave_raw_margin=1.1000 wave_peak_floor=0.0800 wave_vu_floor=0.0200 wave_shift=120.0000 render_us=601 render_avg=614 render_max=1043
[1781473684.522] [AP] SSL=154 DC=-4746 max_raw=104 follower=154 peak_scaled=0.017 silent_scale=1.000 silence=0 cal_source=config cal_valid=1 cal_reason=none | bpm=89.0 conf=0.47 lock=0 phase=0.60 beat=0 bstr=0.02 | onset=1 bass=0 ostr=0.00
[1781473685.021] [VP] profile=candidate fix=111011 chroma_seq=29154 chroma_flatness=0.1291 chroma_norm_max=0.9164 chroma_norm_mean=0.7872 chroma_final_max=0.2006 chroma_final_mean=0.1689 agc_gain=1.8497 bloom_alpha=0.9900 bloom_shift=1.0000 wave_idle=0.9850 wave_raw_margin=1.1000 wave_peak_floor=0.0800 wave_vu_floor=0.0200 wave_shift=120.0000 render_us=577 render_avg=631 render_max=1043
[1781473685.290] >>> :smart_status
[1781473685.295] sbr{{
[1781473685.295] SMART_ASSIST: off
[1781473685.295] SMART_SWITCHING: off
[1781473685.295] SMART_DIRECTOR_AUTONOMY: off
[1781473685.295] SMART_HOOKS: off
[1781473685.295] SMART_CONFIDENCE_FLOOR: 0.080
[1781473685.296] SMART_APPLIED_MODE: 3
[1781473685.296] SMART_LAST_REQUESTED_MODE: 3
[1781473685.296] SMART_SWITCHES_IN_WINDOW: 0
[1781473685.296] SMART_MANUAL_OWNER_ACTIVE: 0
[1781473685.296] SMART_LAST_REASON: 0
[1781473685.296] SMART_STATE: 0
[1781473685.296] SMART_INTENT_MODE: 3
[1781473685.296] SMART_INTENT_CONFIDENCE: 0.000
[1781473685.296] SMART_INTENT_WANTS_SWITCH: 0
[1781473685.296] SMART_SCALAR_PHOTONS: 1.000
[1781473685.297] SMART_SCALAR_CHROMA: 1.000
[1781473685.297] SMART_SCALAR_MOOD: 1.000
[1781473685.297] SMART_SCALAR_SATURATION: 1.000
[1781473685.297] SMART_PALETTE_OVERLAY: 0
[1781473685.297] SMART_PALETTE_INDEX: 0
[1781473685.297] SMART_AUTO_COLOUR_SHIFT: 0
[1781473685.297] SMART_MIN_DWELL_MS: 8000
[1781473685.297] SMART_COOLDOWN_MS: 20000
[1781473685.298] SMART_SWITCH_WINDOW_MS: 60000
[1781473685.298] SMART_MAX_SWITCHES: 2
[1781473685.298] SMART_AUDIO_NOVELTY: 0.0300
[1781473685.298] SMART_AUDIO_ENERGY: 0.2349
[1781473685.298] SMART_EVENT_ID: 1492
[1781473685.298] SMART_EVENT_AGE_MS: 289
[1781473685.298] SMART_ONSET: 0
[1781473685.298] SMART_BASS_ONSET: 0
[1781473685.298] SMART_BEAT_CONFIDENCE: 0.000
[1781473685.298] SMART_TRANSIENT: 0
[1781473685.298] SMART_KICK: 0
[1781473685.298] SMART_SNARE: 0
[1781473685.299] SMART_HIHAT: 0
[1781473685.299] SMART_TRANSIENT_LEVEL: 0.000
[1781473685.299] SMART_KICK_LEVEL: 0.000
[1781473685.299] SMART_SNARE_LEVEL: 0.000
[1781473685.299] SMART_HIHAT_LEVEL: 0.006
[1781473685.299] SMART_SNARE_EVENT_ID: 569
[1781473685.299] SMART_HIHAT_EVENT_ID: 1761
[1781473685.299] }}
[1781473685.528] [AP] SSL=154 DC=-4746 max_raw=159 follower=154 peak_scaled=0.152 silent_scale=1.000 silence=0 cal_source=config cal_valid=1 cal_reason=none | bpm=89.0 conf=0.39 lock=0 phase=0.11 beat=0 bstr=0.02 | onset=0 bass=1 ostr=0.02
[1781473686.022] [VP] profile=candidate fix=111011 chroma_seq=29355 chroma_flatness=0.0334 chroma_norm_max=0.5978 chroma_norm_mean=0.5644 chroma_final_max=0.0000 chroma_final_mean=0.0000 agc_gain=1.4908 bloom_alpha=0.9900 bloom_shift=1.0000 wave_idle=0.9850 wave_raw_margin=1.1000 wave_peak_floor=0.0800 wave_vu_floor=0.0200 wave_shift=120.0000 render_us=600 render_avg=633 render_max=1043
[1781473686.533] [AP] SSL=154 DC=-4746 max_raw=138 follower=219 peak_scaled=0.198 silent_scale=1.000 silence=0 cal_source=config cal_valid=1 cal_reason=none | bpm=93.0 conf=0.48 lock=0 phase=0.75 beat=0 bstr=0.52 | onset=1 bass=0 ostr=0.00
[1781473687.022] [VP] profile=candidate fix=111011 chroma_seq=29555 chroma_flatness=0.0312 chroma_norm_max=0.5209 chroma_norm_mean=0.4897 chroma_final_max=0.0000 chroma_final_mean=0.0000 agc_gain=1.4778 bloom_alpha=0.9900 bloom_shift=1.0000 wave_idle=0.9850 wave_raw_margin=1.1000 wave_peak_floor=0.0800 wave_vu_floor=0.0200 wave_shift=120.0000 render_us=602 render_avg=588 render_max=1043
[1781473687.538] [AP] SSL=154 DC=-4746 max_raw=150 follower=154 peak_scaled=0.357 silent_scale=1.000 silence=0 cal_source=config cal_valid=1 cal_reason=none | bpm=103.0 conf=0.64 lock=1 phase=0.29 beat=0 bstr=0.13 | onset=0 bass=1 ostr=0.02
[1781473688.027] [VP] profile=candidate fix=111011 chroma_seq=29756 chroma_flatness=0.0613 chroma_norm_max=0.8797 chroma_norm_mean=0.8184 chroma_final_max=0.0000 chroma_final_mean=0.0000 agc_gain=1.8822 bloom_alpha=0.9900 bloom_shift=1.0000 wave_idle=0.9850 wave_raw_margin=1.1000 wave_peak_floor=0.0800 wave_vu_floor=0.0200 wave_shift=120.0000 render_us=601 render_avg=619 render_max=1043
[1781473688.542] [AP] SSL=154 DC=-4746 max_raw=154 follower=154 peak_scaled=0.110 silent_scale=1.000 silence=0 cal_source=config cal_valid=1 cal_reason=none | bpm=103.0 conf=0.67 lock=1 phase=0.92 beat=0 bstr=0.08 | onset=0 bass=1 ostr=0.02
[1781473689.038] [VP] profile=candidate fix=111011 chroma_seq=29960 chroma_flatness=0.1304 chroma_norm_max=0.9962 chroma_norm_mean=0.8658 chroma_final_max=0.2257 chroma_final_mean=0.1928 agc_gain=1.8250 bloom_alpha=0.9900 bloom_shift=1.0000 wave_idle=0.9850 wave_raw_margin=1.1000 wave_peak_floor=0.0800 wave_vu_floor=0.0200 wave_shift=120.0000 render_us=682 render_avg=698 render_max=1043
[1781473689.549] [AP] SSL=154 DC=-4746 max_raw=172 follower=154 peak_scaled=0.145 silent_scale=1.000 silence=0 cal_source=config cal_valid=1 cal_reason=none | bpm=103.0 conf=0.15 lock=0 phase=0.80 beat=0 bstr=0.03 | onset=0 bass=1 ostr=0.03
[1781473690.047] [VP] profile=candidate fix=111011 chroma_seq=30162 chroma_flatness=0.1118 chroma_norm_max=0.9408 chroma_norm_mean=0.8290 chroma_final_max=0.1337 chroma_final_mean=0.1159 agc_gain=1.7079 bloom_alpha=0.9900 bloom_shift=1.0000 wave_idle=0.9850 wave_raw_margin=1.1000 wave_peak_floor=0.0800 wave_vu_floor=0.0200 wave_shift=120.0000 render_us=674 render_avg=670 render_max=1043
[1781473690.278] >>> :smart_status
[1781473690.291] sbr{{
[1781473690.291] SMART_ASSIST: off
[1781473690.291] SMART_SWITCHING: off
[1781473690.291] SMART_DIRECTOR_AUTONOMY: off
[1781473690.291] SMART_HOOKS: off
[1781473690.292] SMART_CONFIDENCE_FLOOR: 0.080
[1781473690.292] SMART_APPLIED_MODE: 3
[1781473690.292] SMART_LAST_REQUESTED_MODE: 3
[1781473690.292] SMART_SWITCHES_IN_WINDOW: 0
[1781473690.292] SMART_MANUAL_OWNER_ACTIVE: 0
[1781473690.292] SMART_LAST_REASON: 0
[1781473690.292] SMART_STATE: 0
[1781473690.292] SMART_INTENT_MODE: 3
[1781473690.292] SMART_INTENT_CONFIDENCE: 0.000
[1781473690.292] SMART_INTENT_WANTS_SWITCH: 0
[1781473690.292] SMART_SCALAR_PHOTONS: 1.000
[1781473690.293] SMART_SCALAR_CHROMA: 1.000
[1781473690.293] SMART_SCALAR_MOOD: 1.000
[1781473690.293] SMART_SCALAR_SATURATION: 1.000
[1781473690.293] SMART_PALETTE_OVERLAY: 0
[1781473690.293] SMART_PALETTE_INDEX: 0
[1781473690.293] SMART_AUTO_COLOUR_SHIFT: 0
[1781473690.293] SMART_MIN_DWELL_MS: 8000
[1781473690.293] SMART_COOLDOWN_MS: 20000
[1781473690.293] SMART_SWITCH_WINDOW_MS: 60000
[1781473690.293] SMART_MAX_SWITCHES: 2
[1781473690.293] SMART_AUDIO_NOVELTY: 0.0300
[1781473690.293] SMART_AUDIO_ENERGY: 0.2007
[1781473690.293] SMART_EVENT_ID: 1540
[1781473690.294] SMART_EVENT_AGE_MS: 10
[1781473690.294] SMART_ONSET: 1
[1781473690.294] SMART_BASS_ONSET: 0
[1781473690.294] SMART_BEAT_CONFIDENCE: 0.000
[1781473690.294] SMART_TRANSIENT: 0
[1781473690.294] SMART_KICK: 0
[1781473690.294] SMART_SNARE: 0
[1781473690.294] SMART_HIHAT: 0
[1781473690.294] SMART_TRANSIENT_LEVEL: 0.045
[1781473690.294] SMART_KICK_LEVEL: 0.000
[1781473690.295] SMART_SNARE_LEVEL: 0.000
[1781473690.295] SMART_HIHAT_LEVEL: 0.060
[1781473690.295] SMART_SNARE_EVENT_ID: 579
[1781473690.295] SMART_HIHAT_EVENT_ID: 1822
[1781473690.295] }}
[1781473690.552] [AP] SSL=154 DC=-4746 max_raw=99 follower=154 peak_scaled=0.479 silent_scale=1.000 silence=0 cal_source=config cal_valid=1 cal_reason=none | bpm=103.0 conf=0.18 lock=0 phase=0.50 beat=0 bstr=0.03 | onset=0 bass=1 ostr=0.08
[1781473691.052] [VP] profile=candidate fix=111011 chroma_seq=30364 chroma_flatness=0.0558 chroma_norm_max=0.7067 chroma_norm_mean=0.6509 chroma_final_max=0.0000 chroma_final_mean=0.0000 agc_gain=1.7456 bloom_alpha=0.9900 bloom_shift=1.0000 wave_idle=0.9850 wave_raw_margin=1.1000 wave_peak_floor=0.0800 wave_vu_floor=0.0200 wave_shift=120.0000 render_us=531 render_avg=607 render_max=1043
[1781473691.559] [AP] SSL=154 DC=-4746 max_raw=138 follower=154 peak_scaled=0.357 silent_scale=1.000 silence=0 cal_source=config cal_valid=1 cal_reason=none | bpm=103.0 conf=0.19 lock=0 phase=0.24 beat=0 bstr=0.01 | onset=0 bass=0 ostr=0.00
[1781473692.052] [VP] profile=candidate fix=111011 chroma_seq=30565 chroma_flatness=0.2203 chroma_norm_max=0.9012 chroma_norm_mean=0.6809 chroma_final_max=0.5621 chroma_final_mean=0.4076 agc_gain=1.7217 bloom_alpha=0.9900 bloom_shift=1.0000 wave_idle=0.9850 wave_raw_margin=1.1000 wave_peak_floor=0.0800 wave_vu_floor=0.0200 wave_shift=120.0000 render_us=671 render_avg=678 render_max=1043
[1781473692.563] [AP] SSL=154 DC=-4746 max_raw=140 follower=200 peak_scaled=0.135 silent_scale=1.000 silence=0 cal_source=config cal_valid=1 cal_reason=none | bpm=103.0 conf=0.23 lock=0 phase=0.98 beat=0 bstr=0.01 | onset=0 bass=0 ostr=0.00
[1781473693.052] [VP] profile=candidate fix=111011 chroma_seq=30766 chroma_flatness=0.0466 chroma_norm_max=0.4023 chroma_norm_mean=0.3558 chroma_final_max=0.0000 chroma_final_mean=0.0000 agc_gain=1.1635 bloom_alpha=0.9900 bloom_shift=1.0000 wave_idle=0.9850 wave_raw_margin=1.1000 wave_peak_floor=0.0800 wave_vu_floor=0.0200 wave_shift=120.0000 render_us=594 render_avg=599 render_max=1043
[1781473693.567] [AP] SSL=154 DC=-4746 max_raw=194 follower=206 peak_scaled=0.163 silent_scale=1.000 silence=0 cal_source=config cal_valid=1 cal_reason=none | bpm=93.0 conf=0.41 lock=0 phase=0.66 beat=0 bstr=0.11 | onset=1 bass=0 ostr=0.00
[1781473694.052] [VP] profile=candidate fix=111011 chroma_seq=30967 chroma_flatness=0.0907 chroma_norm_max=0.7530 chroma_norm_mean=0.6623 chroma_final_max=0.0351 chroma_final_mean=0.0302 agc_gain=1.8351 bloom_alpha=0.9900 bloom_shift=1.0000 wave_idle=0.9850 wave_raw_margin=1.1000 wave_peak_floor=0.0800 wave_vu_floor=0.0200 wave_shift=120.0000 render_us=632 render_avg=610 render_max=1043
[1781473694.573] [AP] SSL=154 DC=-4746 max_raw=102 follower=154 peak_scaled=0.214 silent_scale=1.000 silence=0 cal_source=config cal_valid=1 cal_reason=none | bpm=93.0 conf=0.32 lock=0 phase=0.24 beat=0 bstr=0.24 | onset=0 bass=0 ostr=0.00
[1781473695.057] [VP] profile=candidate fix=111011 chroma_seq=31168 chroma_flatness=0.0752 chroma_norm_max=0.8887 chroma_norm_mean=0.8135 chroma_final_max=0.0000 chroma_final_mean=0.0000 agc_gain=2.0197 bloom_alpha=0.9900 bloom_shift=1.0000 wave_idle=0.9850 wave_raw_margin=1.1000 wave_peak_floor=0.0800 wave_vu_floor=0.0200 wave_shift=120.0000 render_us=597 render_avg=656 render_max=1043
[1781473695.286] >>> :smart_status
[1781473695.306] sbr{{
[1781473695.306] SMART_ASSIST: off
[1781473695.306] SMART_SWITCHING: off
[1781473695.306] SMART_DIRECTOR_AUTONOMY: off
[1781473695.306] SMART_HOOKS: off
[1781473695.306] SMART_CONFIDENCE_FLOOR: 0.080
[1781473695.306] SMART_APPLIED_MODE: 3
[1781473695.306] SMART_LAST_REQUESTED_MODE: 3
[1781473695.306] SMART_SWITCHES_IN_WINDOW: 0
[1781473695.306] SMART_MANUAL_OWNER_ACTIVE: 0
[1781473695.307] SMART_LAST_REASON: 0
[1781473695.307] SMART_STATE: 0
[1781473695.307] SMART_INTENT_MODE: 3
[1781473695.307] SMART_INTENT_CONFIDENCE: 0.000
[1781473695.307] SMART_INTENT_WANTS_SWITCH: 0
[1781473695.307] SMART_SCALAR_PHOTONS: 1.000
[1781473695.307] SMART_SCALAR_CHROMA: 1.000
[1781473695.307] SMART_SCALAR_MOOD: 1.000
[1781473695.307] SMART_SCALAR_SATURATION: 1.000
[1781473695.307] SMART_PALETTE_OVERLAY: 0
[1781473695.307] SMART_PALETTE_INDEX: 0
[1781473695.307] SMART_AUTO_COLOUR_SHIFT: 0
[1781473695.308] SMART_MIN_DWELL_MS: 8000
[1781473695.308] SMART_COOLDOWN_MS: 20000
[1781473695.308] SMART_SWITCH_WINDOW_MS: 60000
[1781473695.308] SMART_MAX_SWITCHES: 2
[1781473695.308] SMART_AUDIO_NOVELTY: 0.0500
[1781473695.308] SMART_AUDIO_ENERGY: 0.2390
[1781473695.308] SMART_EVENT_ID: 1582
[1781473695.308] SMART_EVENT_AGE_MS: 30
[1781473695.308] SMART_ONSET: 1
[1781473695.308] SMART_BASS_ONSET: 0
[1781473695.308] SMART_BEAT_CONFIDENCE: 0.000
[1781473695.309] SMART_TRANSIENT: 0
[1781473695.309] SMART_KICK: 0
[1781473695.309] SMART_SNARE: 0
[1781473695.309] SMART_HIHAT: 0
[1781473695.309] SMART_TRANSIENT_LEVEL: 0.048
[1781473695.309] SMART_KICK_LEVEL: 0.002
[1781473695.309] SMART_SNARE_LEVEL: 0.000
[1781473695.310] SMART_HIHAT_LEVEL: 0.015
[1781473695.310] SMART_SNARE_EVENT_ID: 595
[1781473695.310] SMART_HIHAT_EVENT_ID: 1882
[1781473695.310] }}
[1781473695.577] [AP] SSL=154 DC=-4746 max_raw=143 follower=154 peak_scaled=0.210 silent_scale=1.000 silence=0 cal_source=config cal_valid=1 cal_reason=none | bpm=93.0 conf=0.31 lock=0 phase=0.81 beat=0 bstr=0.15 | onset=0 bass=1 ostr=0.03
[1781473696.057] [VP] profile=candidate fix=111011 chroma_seq=31369 chroma_flatness=0.1435 chroma_norm_max=0.8038 chroma_norm_mean=0.6603 chroma_final_max=0.2236 chroma_final_mean=0.1780 agc_gain=1.5510 bloom_alpha=0.9900 bloom_shift=1.0000 wave_idle=0.9850 wave_raw_margin=1.1000 wave_peak_floor=0.0800 wave_vu_floor=0.0200 wave_shift=120.0000 render_us=657 render_avg=724 render_max=1043
[1781473696.583] [AP] SSL=154 DC=-4746 max_raw=150 follower=154 peak_scaled=0.428 silent_scale=1.000 silence=0 cal_source=config cal_valid=1 cal_reason=none | bpm=93.0 conf=0.16 lock=0 phase=0.34 beat=0 bstr=0.06 | onset=1 bass=0 ostr=0.00
[1781473697.058] [VP] profile=candidate fix=111011 chroma_seq=31570 chroma_flatness=0.0616 chroma_norm_max=0.8040 chroma_norm_mean=0.7424 chroma_final_max=0.0000 chroma_final_mean=0.0000 agc_gain=1.8573 bloom_alpha=0.9900 bloom_shift=1.0000 wave_idle=0.9850 wave_raw_margin=1.1000 wave_peak_floor=0.0800 wave_vu_floor=0.0200 wave_shift=120.0000 render_us=609 render_avg=620 render_max=1043
[1781473697.588] [AP] SSL=154 DC=-4746 max_raw=218 follower=274 peak_scaled=0.201 silent_scale=1.000 silence=0 cal_source=config cal_valid=1 cal_reason=none | bpm=93.0 conf=0.16 lock=0 phase=0.91 beat=0 bstr=0.16 | onset=1 bass=0 ostr=0.00
[1781473698.062] [VP] profile=candidate fix=111011 chroma_seq=31771 chroma_flatness=0.0363 chroma_norm_max=0.2696 chroma_norm_mean=0.2334 chroma_final_max=0.0000 chroma_final_mean=0.0000 agc_gain=0.6763 bloom_alpha=0.9900 bloom_shift=1.0000 wave_idle=0.9850 wave_raw_margin=1.1000 wave_peak_floor=0.0800 wave_vu_floor=0.0200 wave_shift=120.0000 render_us=667 render_avg=667 render_max=1043
[1781473698.593] [AP] SSL=154 DC=-4746 max_raw=102 follower=396 peak_scaled=0.063 silent_scale=1.000 silence=0 cal_source=config cal_valid=1 cal_reason=none | bpm=133.0 conf=0.66 lock=1 phase=0.86 beat=0 bstr=0.16 | onset=0 bass=0 ostr=0.00
[1781473699.072] [VP] profile=candidate fix=111011 chroma_seq=31974 chroma_flatness=0.0252 chroma_norm_max=0.4454 chroma_norm_mean=0.4202 chroma_final_max=0.0000 chroma_final_mean=0.0000 agc_gain=1.6990 bloom_alpha=0.9900 bloom_shift=1.0000 wave_idle=0.9850 wave_raw_margin=1.1000 wave_peak_floor=0.0800 wave_vu_floor=0.0200 wave_shift=120.0000 render_us=637 render_avg=593 render_max=1043
[1781473699.598] [AP] SSL=154 DC=-4746 max_raw=153 follower=203 peak_scaled=0.040 silent_scale=1.000 silence=0 cal_source=config cal_valid=1 cal_reason=none | bpm=133.0 conf=0.71 lock=1 phase=0.09 beat=0 bstr=0.21 | onset=0 bass=0 ostr=0.00
[1781473700.082] [VP] profile=candidate fix=111011 chroma_seq=32176 chroma_flatness=0.0340 chroma_norm_max=0.5536 chroma_norm_mean=0.5197 chroma_final_max=0.0000 chroma_final_mean=0.0000 agc_gain=1.6840 bloom_alpha=0.9900 bloom_shift=1.0000 wave_idle=0.9850 wave_raw_margin=1.1000 wave_peak_floor=0.0800 wave_vu_floor=0.0200 wave_shift=120.0000 render_us=644 render_avg=623 render_max=1043
[1781473700.270] >>> :smart_status
[1781473700.281] sbr{{
[1781473700.281] SMART_ASSIST: off
[1781473700.282] SMART_SWITCHING: off
[1781473700.282] SMART_DIRECTOR_AUTONOMY: off
[1781473700.282] SMART_HOOKS: off
[1781473700.282] SMART_CONFIDENCE_FLOOR: 0.080
[1781473700.282] SMART_APPLIED_MODE: 3
[1781473700.282] SMART_LAST_REQUESTED_MODE: 3
[1781473700.282] SMART_SWITCHES_IN_WINDOW: 0
[1781473700.282] SMART_MANUAL_OWNER_ACTIVE: 0
[1781473700.282] SMART_LAST_REASON: 0
[1781473700.282] SMART_STATE: 0
[1781473700.282] SMART_INTENT_MODE: 3
[1781473700.283] SMART_INTENT_CONFIDENCE: 0.000
[1781473700.283] SMART_INTENT_WANTS_SWITCH: 0
[1781473700.283] SMART_SCALAR_PHOTONS: 1.000
[1781473700.283] SMART_SCALAR_CHROMA: 1.000
[1781473700.283] SMART_SCALAR_MOOD: 1.000
[1781473700.283] SMART_SCALAR_SATURATION: 1.000
[1781473700.284] SMART_PALETTE_OVERLAY: 0
[1781473700.284] SMART_PALETTE_INDEX: 0
[1781473700.284] SMART_AUTO_COLOUR_SHIFT: 0
[1781473700.284] SMART_MIN_DWELL_MS: 8000
[1781473700.284] SMART_COOLDOWN_MS: 20000
[1781473700.284] SMART_SWITCH_WINDOW_MS: 60000
[1781473700.284] SMART_MAX_SWITCHES: 2
[1781473700.284] SMART_AUDIO_NOVELTY: 0.0419
[1781473700.284] SMART_AUDIO_ENERGY: 0.1887
[1781473700.284] SMART_EVENT_ID: 1627
[1781473700.284] SMART_EVENT_AGE_MS: 155
[1781473700.284] SMART_ONSET: 0
[1781473700.284] SMART_BASS_ONSET: 0
[1781473700.284] SMART_BEAT_CONFIDENCE: 0.000
[1781473700.285] SMART_TRANSIENT: 0
[1781473700.285] SMART_KICK: 0
[1781473700.285] SMART_SNARE: 0
[1781473700.285] SMART_HIHAT: 0
[1781473700.285] SMART_TRANSIENT_LEVEL: 0.011
[1781473700.285] SMART_KICK_LEVEL: 0.000
[1781473700.285] SMART_SNARE_LEVEL: 0.000
[1781473700.285] SMART_HIHAT_LEVEL: 0.024
[1781473700.286] SMART_SNARE_EVENT_ID: 609
[1781473700.286] SMART_HIHAT_EVENT_ID: 1938
[1781473700.286] }}
[1781473700.603] [AP] SSL=154 DC=-4746 max_raw=94 follower=154 peak_scaled=0.022 silent_scale=1.000 silence=0 cal_source=config cal_valid=1 cal_reason=none | bpm=85.0 conf=0.23 lock=0 phase=0.91 beat=0 bstr=0.52 | onset=0 bass=0 ostr=0.00
[1781473701.087] [VP] profile=candidate fix=111011 chroma_seq=32378 chroma_flatness=0.0656 chroma_norm_max=0.7271 chroma_norm_mean=0.6615 chroma_final_max=0.0000 chroma_final_mean=0.0000 agc_gain=2.0278 bloom_alpha=0.9900 bloom_shift=1.0000 wave_idle=0.9850 wave_raw_margin=1.1000 wave_peak_floor=0.0800 wave_vu_floor=0.0200 wave_shift=120.0000 render_us=565 render_avg=613 render_max=1043
[1781473701.608] [AP] SSL=154 DC=-4746 max_raw=112 follower=154 peak_scaled=0.177 silent_scale=1.000 silence=0 cal_source=config cal_valid=1 cal_reason=none | bpm=85.0 conf=0.18 lock=0 phase=0.35 beat=0 bstr=0.33 | onset=1 bass=0 ostr=0.00
[1781473702.087] [VP] profile=candidate fix=111011 chroma_seq=32579 chroma_flatness=0.1553 chroma_norm_max=0.9542 chroma_norm_mean=0.7989 chroma_final_max=0.3217 chroma_final_mean=0.2632 agc_gain=2.1311 bloom_alpha=0.9900 bloom_shift=1.0000 wave_idle=0.9850 wave_raw_margin=1.1000 wave_peak_floor=0.0800 wave_vu_floor=0.0200 wave_shift=120.0000 render_us=725 render_avg=657 render_max=1043
[1781473702.613] [AP] SSL=154 DC=-4746 max_raw=158 follower=154 peak_scaled=0.174 silent_scale=1.000 silence=0 cal_source=config cal_valid=1 cal_reason=none | bpm=85.0 conf=0.17 lock=0 phase=0.75 beat=0 bstr=0.30 | onset=1 bass=0 ostr=0.00
[1781473703.087] [VP] profile=candidate fix=111011 chroma_seq=32780 chroma_flatness=0.1069 chroma_norm_max=0.9265 chroma_norm_mean=0.8197 chroma_final_max=0.1111 chroma_final_mean=0.0967 agc_gain=1.6570 bloom_alpha=0.9900 bloom_shift=1.0000 wave_idle=0.9850 wave_raw_margin=1.1000 wave_peak_floor=0.0800 wave_vu_floor=0.0200 wave_shift=120.0000 render_us=691 render_avg=693 render_max=1043
[1781473703.618] [AP] SSL=154 DC=-4746 max_raw=249 follower=222 peak_scaled=0.338 silent_scale=1.000 silence=0 cal_source=config cal_valid=1 cal_reason=none | bpm=133.0 conf=0.49 lock=0 phase=0.36 beat=0 bstr=0.48 | onset=0 bass=1 ostr=0.03
[1781473704.092] [VP] profile=candidate fix=111011 chroma_seq=32981 chroma_flatness=0.0686 chroma_norm_max=0.4635 chroma_norm_mean=0.3950 chroma_final_max=0.0000 chroma_final_mean=0.0000 agc_gain=1.8985 bloom_alpha=0.9900 bloom_shift=1.0000 wave_idle=0.9850 wave_raw_margin=1.1000 wave_peak_floor=0.0800 wave_vu_floor=0.0200 wave_shift=120.0000 render_us=609 render_avg=626 render_max=1043
[1781473704.623] [AP] SSL=154 DC=-4746 max_raw=148 follower=154 peak_scaled=0.269 silent_scale=1.000 silence=0 cal_source=config cal_valid=1 cal_reason=none | bpm=89.0 conf=0.21 lock=0 phase=0.96 beat=0 bstr=0.04 | onset=1 bass=0 ostr=0.00
[1781473705.102] [VP] profile=candidate fix=111011 chroma_seq=33184 chroma_flatness=0.0765 chroma_norm_max=0.6088 chroma_norm_mean=0.5323 chroma_final_max=0.0000 chroma_final_mean=0.0000 agc_gain=1.9834 bloom_alpha=0.9900 bloom_shift=1.0000 wave_idle=0.9850 wave_raw_margin=1.1000 wave_peak_floor=0.0800 wave_vu_floor=0.0200 wave_shift=120.0000 render_us=596 render_avg=603 render_max=1043
[1781473705.278] >>> :smart_status
[1781473705.296] sbr{{
[1781473705.296] SMART_ASSIST: off
[1781473705.296] SMART_SWITCHING: off
[1781473705.296] SMART_DIRECTOR_AUTONOMY: off
[1781473705.296] SMART_HOOKS: off
[1781473705.296] SMART_CONFIDENCE_FLOOR: 0.080
[1781473705.296] SMART_APPLIED_MODE: 3
[1781473705.296] SMART_LAST_REQUESTED_MODE: 3
[1781473705.296] SMART_SWITCHES_IN_WINDOW: 0
[1781473705.296] SMART_MANUAL_OWNER_ACTIVE: 0
[1781473705.296] SMART_LAST_REASON: 0
[1781473705.296] SMART_STATE: 0
[1781473705.296] SMART_INTENT_MODE: 3
[1781473705.296] SMART_INTENT_CONFIDENCE: 0.000
[1781473705.297] SMART_INTENT_WANTS_SWITCH: 0
[1781473705.297] SMART_SCALAR_PHOTONS: 1.000
[1781473705.297] SMART_SCALAR_CHROMA: 1.000
[1781473705.297] SMART_SCALAR_MOOD: 1.000
[1781473705.297] SMART_SCALAR_SATURATION: 1.000
[1781473705.297] SMART_PALETTE_OVERLAY: 0
[1781473705.297] SMART_PALETTE_INDEX: 0
[1781473705.297] SMART_AUTO_COLOUR_SHIFT: 0
[1781473705.297] SMART_MIN_DWELL_MS: 8000
[1781473705.297] SMART_COOLDOWN_MS: 20000
[1781473705.298] SMART_SWITCH_WINDOW_MS: 60000
[1781473705.298] SMART_MAX_SWITCHES: 2
[1781473705.298] SMART_AUDIO_NOVELTY: 0.0400
[1781473705.298] SMART_AUDIO_ENERGY: 0.2178
[1781473705.298] SMART_EVENT_ID: 1666
[1781473705.298] SMART_EVENT_AGE_MS: 485
[1781473705.298] SMART_ONSET: 0
[1781473705.298] SMART_BASS_ONSET: 0
[1781473705.299] SMART_BEAT_CONFIDENCE: 0.000
[1781473705.299] SMART_TRANSIENT: 0
[1781473705.299] SMART_KICK: 0
[1781473705.299] SMART_SNARE: 0
[1781473705.299] SMART_HIHAT: 0
[1781473705.299] SMART_TRANSIENT_LEVEL: 0.000
[1781473705.299] SMART_KICK_LEVEL: 0.000
[1781473705.299] SMART_SNARE_LEVEL: 0.000
[1781473705.300] SMART_HIHAT_LEVEL: 0.016
[1781473705.300] SMART_SNARE_EVENT_ID: 624
[1781473705.300] SMART_HIHAT_EVENT_ID: 2000
[1781473705.300] }}
[1781473705.629] [AP] SSL=154 DC=-4746 max_raw=227 follower=154 peak_scaled=0.334 silent_scale=1.000 silence=0 cal_source=config cal_valid=1 cal_reason=none | bpm=89.0 conf=0.35 lock=0 phase=0.42 beat=0 bstr=0.04 | onset=0 bass=1 ostr=0.08
[1781473706.103] [VP] profile=candidate fix=111011 chroma_seq=33385 chroma_flatness=0.1030 chroma_norm_max=0.8431 chroma_norm_mean=0.7401 chroma_final_max=0.0856 chroma_final_mean=0.0737 agc_gain=1.7779 bloom_alpha=0.9900 bloom_shift=1.0000 wave_idle=0.9850 wave_raw_margin=1.1000 wave_peak_floor=0.0800 wave_vu_floor=0.0200 wave_shift=120.0000 render_us=680 render_avg=640 render_max=1043
[1781473706.633] [AP] SSL=154 DC=-4746 max_raw=198 follower=158 peak_scaled=0.466 silent_scale=1.000 silence=0 cal_source=config cal_valid=1 cal_reason=none | bpm=85.0 conf=0.28 lock=0 phase=0.88 beat=0 bstr=0.08 | onset=1 bass=0 ostr=0.00
[1781473707.103] [VP] profile=candidate fix=111011 chroma_seq=33585 chroma_flatness=0.0502 chroma_norm_max=0.7294 chroma_norm_mean=0.6793 chroma_final_max=0.0000 chroma_final_mean=0.0000 agc_gain=1.9024 bloom_alpha=0.9900 bloom_shift=1.0000 wave_idle=0.9850 wave_raw_margin=1.1000 wave_peak_floor=0.0800 wave_vu_floor=0.0200 wave_shift=120.0000 render_us=602 render_avg=606 render_max=1043
[1781473707.639] [AP] SSL=154 DC=-4746 max_raw=198 follower=154 peak_scaled=0.359 silent_scale=1.000 silence=0 cal_source=config cal_valid=1 cal_reason=none | bpm=85.0 conf=0.28 lock=0 phase=0.32 beat=0 bstr=0.08 | onset=0 bass=0 ostr=0.00
[1781473708.107] [VP] profile=candidate fix=111011 chroma_seq=33786 chroma_flatness=0.1231 chroma_norm_max=0.8879 chroma_norm_mean=0.7648 chroma_final_max=0.1697 chroma_final_mean=0.1432 agc_gain=1.6459 bloom_alpha=0.9900 bloom_shift=1.0000 wave_idle=0.9850 wave_raw_margin=1.1000 wave_peak_floor=0.0800 wave_vu_floor=0.0200 wave_shift=120.0000 render_us=589 render_avg=646 render_max=1043
[1781473708.643] [AP] SSL=154 DC=-4746 max_raw=162 follower=172 peak_scaled=0.306 silent_scale=1.000 silence=0 cal_source=config cal_valid=1 cal_reason=none | bpm=85.0 conf=0.24 lock=0 phase=0.72 beat=0 bstr=0.07 | onset=1 bass=0 ostr=0.00
[1781473709.108] [VP] profile=candidate fix=111011 chroma_seq=33987 chroma_flatness=0.0913 chroma_norm_max=0.7090 chroma_norm_mean=0.6177 chroma_final_max=0.0345 chroma_final_mean=0.0293 agc_gain=1.7624 bloom_alpha=0.9900 bloom_shift=1.0000 wave_idle=0.9850 wave_raw_margin=1.1000 wave_peak_floor=0.0800 wave_vu_floor=0.0200 wave_shift=120.0000 render_us=647 render_avg=648 render_max=1043
[1781473709.648] [AP] SSL=154 DC=-4746 max_raw=126 follower=276 peak_scaled=0.046 silent_scale=1.000 silence=0 cal_source=config cal_valid=1 cal_reason=none | bpm=102.0 conf=0.28 lock=0 phase=0.20 beat=0 bstr=0.06 | onset=0 bass=0 ostr=0.00
[1781473710.108] [VP] profile=candidate fix=111011 chroma_seq=34187 chroma_flatness=0.0923 chroma_norm_max=0.6044 chroma_norm_mean=0.5121 chroma_final_max=0.0311 chroma_final_mean=0.0254 agc_gain=1.8192 bloom_alpha=0.9900 bloom_shift=1.0000 wave_idle=0.9850 wave_raw_margin=1.1000 wave_peak_floor=0.0800 wave_vu_floor=0.0200 wave_shift=120.0000 render_us=674 render_avg=623 render_max=1043
[1781473710.286] >>> :smart_status
[1781473710.291] sbr{{
[1781473710.292] SMART_ASSIST: off
[1781473710.292] SMART_SWITCHING: off
[1781473710.292] SMART_DIRECTOR_AUTONOMY: off
[1781473710.292] SMART_HOOKS: off
[1781473710.292] SMART_CONFIDENCE_FLOOR: 0.080
[1781473710.292] SMART_APPLIED_MODE: 3
[1781473710.292] SMART_LAST_REQUESTED_MODE: 3
[1781473710.292] SMART_SWITCHES_IN_WINDOW: 0
[1781473710.292] SMART_MANUAL_OWNER_ACTIVE: 0
[1781473710.292] SMART_LAST_REASON: 0
[1781473710.292] SMART_STATE: 0
[1781473710.293] SMART_INTENT_MODE: 3
[1781473710.293] SMART_INTENT_CONFIDENCE: 0.000
[1781473710.293] SMART_INTENT_WANTS_SWITCH: 0
[1781473710.293] SMART_SCALAR_PHOTONS: 1.000
[1781473710.293] SMART_SCALAR_CHROMA: 1.000
[1781473710.293] SMART_SCALAR_MOOD: 1.000
[1781473710.294] SMART_SCALAR_SATURATION: 1.000
[1781473710.294] SMART_PALETTE_OVERLAY: 0
[1781473710.294] SMART_PALETTE_INDEX: 0
[1781473710.294] SMART_AUTO_COLOUR_SHIFT: 0
[1781473710.294] SMART_MIN_DWELL_MS: 8000
[1781473710.294] SMART_COOLDOWN_MS: 20000
[1781473710.294] SMART_SWITCH_WINDOW_MS: 60000
[1781473710.294] SMART_MAX_SWITCHES: 2
[1781473710.294] SMART_AUDIO_NOVELTY: 0.0438
[1781473710.294] SMART_AUDIO_ENERGY: 0.2266
[1781473710.294] SMART_EVENT_ID: 1720
[1781473710.294] SMART_EVENT_AGE_MS: 140
[1781473710.295] SMART_ONSET: 0
[1781473710.295] SMART_BASS_ONSET: 0
[1781473710.295] SMART_BEAT_CONFIDENCE: 0.000
[1781473710.295] SMART_TRANSIENT: 0
[1781473710.295] SMART_KICK: 0
[1781473710.295] SMART_SNARE: 0
[1781473710.295] SMART_HIHAT: 0
[1781473710.295] SMART_TRANSIENT_LEVEL: 0.024
[1781473710.295] SMART_KICK_LEVEL: 0.002
[1781473710.295] SMART_SNARE_LEVEL: 0.002
[1781473710.296] SMART_HIHAT_LEVEL: 0.004
[1781473710.296] SMART_SNARE_EVENT_ID: 644
[1781473710.296] SMART_HIHAT_EVENT_ID: 2050
[1781473710.296] }}
[1781473710.653] [AP] SSL=154 DC=-4746 max_raw=278 follower=154 peak_scaled=0.836 silent_scale=1.000 silence=0 cal_source=config cal_valid=1 cal_reason=none | bpm=102.0 conf=0.21 lock=0 phase=0.92 beat=0 bstr=0.06 | onset=0 bass=1 ostr=0.04
[1781473710.988] >>> :dump
[1781473710.991] sbr{{
[1781473710.991] FIRMWARE_VERSION: 40103
[1781473710.992] CHIP ID: F887A500
[1781473710.992] noise_button.pressed: 0
[1781473710.992] noise_button.last_down: 0
[1781473710.992] noise_button.last_up: 0
[1781473710.992] noise_button.pin: 255
[1781473710.992] mode_button.pressed: 0
[1781473710.992] mode_button.last_down: 0
[1781473710.992] mode_button.last_up: 0
[1781473710.992] mode_button.pin: 255
[1781473710.993] CONFIG.PHOTONS: 0.650000
[1781473710.993] CONFIG.CHROMA: 0.000000
[1781473710.993] CONFIG.MOOD: 0.150000
[1781473710.993] CONFIG.LIGHTSHOW_MODE: 8
[1781473710.994] CONFIG.MIRROR_ENABLED: 1
[1781473710.994] CONFIG.CHROMAGRAM_RANGE: 60
[1781473710.994] CONFIG.SAMPLE_RATE: 12800
[1781473710.994] CONFIG.NOTE_OFFSET: 12
[1781473710.994] CONFIG.SQUARE_ITER: 1.00
[1781473710.994] CONFIG.LED_TYPE: 0
[1781473710.994] CONFIG.LED_COUNT: 160
[1781473710.994] CONFIG.LED_COLOR_ORDER: 66
[1781473710.994] CONFIG.SAMPLES_PER_CHUNK: 96
[1781473710.994] CONFIG.SENSITIVITY: 2.400000
[1781473710.995] CONFIG.BOOT_ANIMATION: 1
[1781473710.995] CONFIG.SWEET_SPOT_MIN_LEVEL: 154
[1781473710.995] CONFIG.SWEET_SPOT_MAX_LEVEL: 30000
[1781473710.995] CONFIG.DC_OFFSET: -4746
[1781473710.995] CAL_SOURCE: config
[1781473710.995] CAL_VALID: 1
[1781473710.995] CAL_PROFILE_LOADED: 0
[1781473710.995] NOISE_CAL_REASON: none
[1781473710.995] NOISE_CAL_DC_SAMPLES: 0
[1781473710.995] NOISE_CAL_SSL_P50: 0.0
[1781473710.995] NOISE_CAL_SSL_P90: 0.0
[1781473710.995] CONFIG.STANDBY_DIMMING: 0
[1781473710.996] CONFIG.REVERSE_ORDER: 0
[1781473710.996] CONFIG.MAX_CURRENT_MA: 1500
[1781473710.996] CONFIG.TEMPORAL_DITHERING: 1
[1781473710.996] CONFIG.AUTO_COLOR_SHIFT: 0
[1781473710.996] CONFIG.INCANDESCENT_FILTER: 0.00
[1781473710.996] CONFIG.INCANDESCENT_MODE: 0
[1781473710.996] CONFIG.BULB_OPACITY: 0.00
[1781473710.996] CONFIG.SATURATION: 1.00
[1781473710.996] CONFIG.PRISM_COUNT: 1.00
[1781473710.996] CONFIG.BASE_COAT: 0
[1781473710.996] CONFIG.BASE_COAT_INTENSITY: 0.000
[1781473710.996] MASTER_BRIGHTNESS: 1.00
[1781473710.997] stream_audio: 0
[1781473710.997] stream_fps: 0
[1781473710.997] stream_max_mags: 0
[1781473710.997] stream_max_mags_followers: 0
[1781473710.997] stream_magnitudes: 0
[1781473710.997] stream_spectrogram: 0
[1781473710.997] stream_chromagram: 0
[1781473710.997] debug_mode: 0
[1781473710.997] noise_complete: 1
[1781473710.997] noise_iterations: 0
[1781473710.997] next_save_time: 0
[1781473710.997] settings_updated: 0
[1781473710.997] I2S_PORT: 0
[1781473710.998] SAMPLE_HISTORY_LENGTH: 4096
[1781473710.998] silence: 0
[1781473710.998] mode_destination: -1
[1781473710.998] SYSTEM_FPS: 167.28
[1781473710.998] LED_FPS: 200.81
[1781473710.998] }}
[1781473711.112] [VP] profile=candidate fix=111011 chroma_seq=34389 chroma_flatness=0.2706 chroma_norm_max=0.7301 chroma_norm_mean=0.4595 chroma_final_max=0.6006 chroma_final_mean=0.3426 agc_gain=1.2147 bloom_alpha=0.9900 bloom_shift=1.0000 wave_idle=0.9850 wave_raw_margin=1.1000 wave_peak_floor=0.0800 wave_vu_floor=0.0200 wave_shift=120.0000 render_us=714 render_avg=698 render_max=1043
[1781473711.658] [AP] SSL=154 DC=-4746 max_raw=131 follower=187 peak_scaled=0.174 silent_scale=1.000 silence=0 cal_source=config cal_valid=1 cal_reason=none | bpm=75.0 conf=0.40 lock=0 phase=0.32 beat=0 bstr=0.01 | onset=0 bass=0 ostr=0.00
[1781473711.689] >>> :vp_perf=stop
[1781473711.711] sbr{{
[1781473711.711] VP_PERF: disabled (compile with ENABLE_VP_PERF_AUDIT=1)
[1781473711.711] }}
[1781473712.123] [VP] profile=candidate fix=111011 chroma_seq=34592 chroma_flatness=0.0956 chroma_norm_max=0.6411 chroma_norm_mean=0.5455 chroma_final_max=0.0423 chroma_final_mean=0.0348 agc_gain=1.5068 bloom_alpha=0.9900 bloom_shift=1.0000 wave_idle=0.9850 wave_raw_margin=1.1000 wave_peak_floor=0.0800 wave_vu_floor=0.0200 wave_shift=120.0000 render_us=671 render_avg=618 render_max=1043
[1781473712.400] >>> :ap_stream=off
[1781473712.406] sbr{{
[1781473712.406] AP_STREAM: off
[1781473712.406] }}
[1781473713.110] >>> :vp_stream=off
[1781473713.123] [VP] profile=candidate fix=111011 chroma_seq=34793 chroma_flatness=0.1894 chroma_norm_max=0.9387 chroma_norm_mean=0.7493 chroma_final_max=0.4590 chroma_final_mean=0.3553 agc_gain=1.0959 bloom_alpha=0.9900 bloom_shift=1.0000 wave_idle=0.9850 wave_raw_margin=1.1000 wave_peak_floor=0.0800 wave_vu_floor=0.0200 wave_shift=120.0000 render_us=682 render_avg=679 render_max=1043
[1781473713.130] sbr{{
[1781473713.130] VP_STREAM: off
[1781473713.130] }}
[1781473713.816] >>> :ap_stream=off
[1781473713.826] sbr{{
[1781473713.826] AP_STREAM: off
[1781473713.826] }}
[1781473713.970] >>> :vp_stream=off
[1781473713.982] sbr{{
[1781473713.982] VP_STREAM: off
[1781473713.982] }}
[1781473714.123] >>> :vp_perf=stop
[1781473714.141] sbr{{
[1781473714.141] VP_PERF: disabled (compile with ENABLE_VP_PERF_AUDIT=1)
[1781473714.142] }}
[1781473714.276] >>> :stop
[1781473714.296] SBOK
