#VPAB_FRAME_CAPTURE port=/dev/tty.usbmodem1401 baud=230400 seconds=20.00 every=360 primary_mode=18 secondary_mode=18 capture_mode=both
#CMD :version
sbr{{
VERSION: 40103
}}
#CMD :chip_id
sbr{{
F887A500
}}
#IDENTITY chip_id=F887A500 expected=F887A500
#CMD :stop
SBOK
#CMD :ap_stream=off
sbr{{
AP_STREAM: off
}}
#CMD :vp_stream=off
sbr{{
VP_STREAM: off
}}
#CMD :smart_scene=off
sbr{{
SMART_ASSIST: off
SMART_SWITCHING: off
SMART_DIRECTOR_AUTONOMY: off
SMART_HOOKS: off
SMART_CONFIDENCE_FLOOR: 0.080
SMART_APPLIED_MODE: 18
SMART_LAST_REQUESTED_MODE: 18
SMART_SWITCHES_IN_WINDOW: 0
SMART_MANUAL_OWNER_ACTIVE: 0
SMART_LAST_REASON: 0
SMART_STATE: 0
SMART_INTENT_MODE: 3
SMART_INTENT_CONFIDENCE: 0.000
SMART_INTENT_WANTS_SWITCH: 0
SMART_SCALAR_PHOTONS: 1.000
SMART_SCALAR_CHROMA: 1.000
SMART_SCALAR_MOOD: 1.000
SMART_SCALAR_SATURATION: 1.000
SMART_PALETTE_OVERLAY: 0
SMART_PALETTE_INDEX: 0
SMART_AUTO_COLOUR_SHIFT: 0
SMART_MIN_DWELL_MS: 8000
SMART_COOLDOWN_MS: 20000
SMART_SWITCH_WINDOW_MS: 60000
SMART_MAX_SWITCHES: 2
SMART_AUDIO_NOVELTY: 0.0665
SMART_AUDIO_ENERGY: 0.2475
SMART_EVENT_ID: 1
SMART_EVENT_AGE_MS: 145431
SMART_ONSET: 0
SMART_BASS_ONSET: 0
SMART_BEAT_CONFIDENCE: 0.000
}}
sbr{{
EDGE_ENABLED: off
EDGE_MODE: off
EDGE_STRENGTH: 0.000
}}
#CMD :standby_dimming=false
sbr{{
CONFIG.STANDBY_DIMMING: 0
}}
#CMD :set_mode=18
sbr{{
CONFIG.LIGHTSHOW_MODE: 18
}}
#CMD :secondary_mode=18
sbr{{
SECONDARY_MODE: 18 (WAVEFORM TEMPO)
}}
#CMD :vpab=reset
sbr{{
VPAB: stopped
VPAB_SEQ: 0
VPAB_FRAME: 0
VPAB_EVERY_N: 60
VPAB_MODE: metrics
VPAB_RECORDS: captured=0 dropped=0 high_water=0 overflowed=0
CAL_SOURCE: config
CAL_VALID: 1
CAL_PROFILE_LOADED: 0
VPAB_SCENARIO: self_shadow
VPAB_SHADOW: self
}}
#CMD :vp_perf=reset
sbr{{
VP_PERF: reset
}}
#CMD :vp_perf=start
sbr{{
VP_PERF: start budget_us=8333 render_budget_us=2000
}}
VPF,ver=1,seq=1,mode=18,smode=18,sec=1,acq_us=633/633,vu_us=41/41,gdft_us=3195/3195,smooth_us=71/71,pri_render_us=357/357,sec_render_us=151/151,pri_prep_us=138/138,sec_prep_us=37/37,quant_pri_us=64/64,quant_sec_us=59/59,show_us=0/0,frame_us=4442/4442,over=0,dropped=0,heap=191520
#CMD :vpab=start,360,both
sbr{{
VPAB: running
VPAB_SEQ: 0
VPAB_FRAME: 0
VPAB_EVERY_N: 360
VPAB_MODE: both
VPAB_RECORDS: captured=0 dropped=0 high_water=0 overflowed=0
CAL_SOURCE: config
CAL_VALID: 1
CAL_PROFILE_LOADED: 0
VPAB_SCENARIO: self_shadow
VPAB_SHADOW: self
}}
#WAIT music_audio 20.00s
VPF,ver=1,seq=2,mode=18,smode=
18,sec=1,acq_us=1527/6067,vu_us=59/95,gdft_us=3228/3530,smooth_us=69/94,pri_render_us=307/370,sec_render_us=156/219,pri_prep_us=135/155,sec_prep_us=35/46,quant_pri_us=65/88,quant_sec_us=59/71,show_us=3194/3609,frame_us=4092/4511,over=0,dropped=0,heap=191520
VPF,ver=1,seq=3,mode=18,smode=18,sec=1,acq_us=1534/6401,vu_us=58/97,gdft_us=3167/3530,smooth_us=71/95,pri_render_us=315/435,sec_render_us=159/227,pri_prep_us=137/176,sec_prep_us=36/47,quant_pri_us=67/95,quant_sec_us=60/81,show_us=3136/3621,frame_us=4054/4511,over=0,dropped=0,heap=191520
VPF,ver=1,seq=4,mode=18,smode=18,sec=1,acq_us=1476/6401,vu_us=57/97,gdft_us=3189/3535,smooth_us=71/95,pri_render_us=318/469,sec_render_us=160/253,pri_prep_us=137/176,sec_prep_us=36/49,quant_pri_us=67/97,quant_sec_us=60/81,show_us=3097/3621,frame_us=4020/4511,over=0,dropped=0,heap=191520
VPF,ver=1,seq=5,mode=18,smode=18,sec=1,acq_us=1458/6401,vu_us=58/100,gdft_us=3186/3535,smooth_us=72/180,pri_render_us=318/469,sec_render_us=161/299,pri_prep_us=137/238,sec_prep_us=36/107,quant_pri_us=67/152,quant_sec_us=60/152,show_us=3117/3810,frame_us=4043/4740,over=0,dropped=0,heap=191520
VPF,ver=1,seq=6,mode=18,smode=18,sec=1,acq_us=1485/6401,vu_us=60/100,gdft_us=3192/3535,smooth_us=72/180,pri_render_us=318/469,sec_render_us=160/299,pri_prep_us=137/238,sec_prep_us=36/107,quant_pri_us=66/152,quant_sec_us=60/152,show_us=3152/3810,frame_us=4074/4740,over=0,dropped=0,heap=191520
VPF,ver=1,seq=7,mode=18,smode=18,sec=1,acq_us=1478/6401,vu_us=59/100,gdft_us=3184/3536,smooth_us=72/180,pri_render_us=319/469,sec_render_us=160/299,pri_prep_us=138/238,sec_prep_us=36/107,quant_pri_us=67/152,quant_sec_us=60/152,show_us=3127/3810,frame_us=4054/4740,over=0,dropped=0,heap=191520
VPF,ver=1,seq=8,mode=18,smode=18,sec=1,acq_us=1472/6401,vu_us=58/100,gdft_us=3178/3536,smooth_us=72/180,pri_render_us=319/469,sec_render_us=161/299,pri_prep_us=138/238,sec_prep_us=36/107,quant_pri_us=67/152,quant_sec_us=60/152,show_us=3107/3810,frame_us=4035/4740,over=0,dropped=0,heap=191520
VPF,ver=1,seq=9,mode=18,smode=18,sec=1,acq_us=1469/6401,vu_us=57/103,gdft_us=3176/3536,smooth_us=71/180,pri_render_us=319/469,sec_render_us=160/299,pri_prep_us=138/238,sec_prep_us=36/107,quant_pri_us=67/152,quant_sec_us=61/152,show_us=3105/4070,frame_us=4033/4969,over=0,dropped=0,heap=191520
VPF,ver=1,seq=10,mode=18,smode=18,sec=1,acq_us=1471/6403,vu_us=57/103,gdft_us=3175/3545,smooth_us=71/180,pri_render_us=319/469,sec_render_us=161/299,pri_prep_us=138/238,sec_prep_us=36/107,quant_pri_us=67/152,quant_sec_us=61/152,show_us=3098/4076,frame_us=4027/4974,over=0,dropped=0,heap=191520
VPF,ver=1,seq=11,mode=18,smode=18,sec=1,acq_us=1475/6445,vu_us=57/103,gdft_us=3166/3545,smooth_us=72/180,pri_render_us=320/469,sec_render_us=161/299,pri_prep_us=138/238,sec_prep_us=36/107,quant_pri_us=67/152,quant_sec_us=61/152,show_us=3089/4076,frame_us=4020/4974,over=0,dropped=0,heap=191520
VPF,ver=1,seq=12,mode=18,smode=18,sec=1,acq_us=1470/6445,vu_us=57/103,gdft_us=3168/3545,smooth_us=72/180,pri_render_us=320/469,sec_render_us=161/299,pri_prep_us=138/238,sec_prep_us=36/107,quant_pri_us=67/152,quant_sec_us=61/152,show_us=3083/4076,frame_us=4014/4974,over=0,dropped=0,heap=191520
VPF,ver=1,seq=13,mode=18,smode=18,sec=1,acq_us=1468/6445,vu_us=56/103,gdft_us=3164/3545,smooth_us=71/180,pri_render_us=320/469,sec_render_us=161/299,pri_prep_us=139/238,sec_prep_us=36/107,quant_pri_us=68/152,quant_sec_us=61/152,show_us=3078/4076,frame_us=4011/4994,over=0,dropped=0,heap=191520
VPF,ver=1,seq=14,mode=18,smode=18,sec=1,acq_us=1466/6445,vu_us=56/103,gdft_us=3167/3545,smooth_us=71/180,pri_render_us=320/469,sec_render_us=161/299,pri_prep_us=139/238,sec_prep_us=36/107,quant_pri_us=67/152,quant_sec_us=61/152,show_us=3073/4076,frame_us=4005/4994,over=0,dropped=0,heap=191520
VPF,ver=1,seq=15,mode=18,smode=18,sec=1,acq_us=1467/6445,vu_us=56/103,gdft_us=3165/3546,smooth_us=71/180,pri_render_us=321/469,sec_render_us=162/299,pri_prep_us=139/238,sec_prep_us=36/107,quant_pri_us=68/152,quant_sec_us=61/152,show_us=3069/4076,frame_us=4002/4994,over=0,dropped=0,heap=191520
VPF,ver=1,seq=16,mode=18,smode=18,sec=1,acq_us=1469/6445,vu_us=55/103,gdft_us=3165/3546,smooth_us=71/180,pri_render_us=320/469,sec_render_us=161/299,pri_prep_us=139/238,sec_prep_us=36/107,quant_pri_us=67/152,quant_sec_us=61/152,show_us=3067/4076,frame_us=3999/4994,over=0,dropped=0,heap=191520
VPF,ver=1,seq=17,mode=18,smode=18,sec=1,acq_us=1464/6445,vu_us=55/103,gdft_us=3164/3546,smooth_us=71/180,pri_render_us=321/469,sec_render_us=162/299,pri_prep_us=139/238,sec_prep_us=36/107,quant_pri_us=68/152,quant_sec_us=61/152,show_us=3066/4138,frame_us=3999/4994,over=0,dropped=0,heap=191520
VPF,ver=1,seq=18,mode=18,smode=18,sec=1,acq_us=1453/6445,vu_us=54/103,gdft_us=3168/3546,smooth_us=71/180,pri_render_us=321/469,sec_render_us=161/299,pri_prep_us=139/238,sec_prep_us=36/107,quant_pri_us=68/152,quant_sec_us=61/152,show_us=3062/4138,frame_us=3994/4994,over=0,dropped=0,heap=191520
VPF,ver=1,seq=19,mode=18,smode=18,sec=1,acq_us=1461/6445,vu_us=55/103,gdft_us=3171/3546,smooth_us=71/180,pri_render_us=320/469,sec_render_us=161/299,pri_prep_us=138/238,sec_prep_us=36/107,quant_pri_us=67/152,quant_sec_us=61/152,show_us=3078/4138,frame_us=4010/4994,over=0,dropped=0,heap=191520
VPF,ver=1,seq=20,mode=18,smode=18,sec=1,acq_us=1448/6445,vu_us=55/103,gdft_us=3176/3546,smooth_us=71/180,pri_render_us=320/469,sec_render_us=161/299,pri_prep_us=139/238,sec_prep_us=36/107,quant_pri_us=67/152,quant_sec_us=61/152,show_us=3074/4138,frame_us=4005/4994,over=0,dropped=0,heap=191520
VPF,ver=1,seq=21,mode=18,smode=18,sec=1,acq_us=1442/6445,vu_us=55/103,gdft_us=3177/3546,smooth_us=71/180,pri_render_us=320/469,sec_render_us=161/299,pri_prep_us=139/238,sec_prep_us=36/107,quant_pri_us=67/152,quant_sec_us=61/152,show_us=3071/4138,frame_us=4002/4994,over=0,dropped=0,heap=191520
#CMD :vpab=stop
sbr{{
VPAB: frozen
VPAB_SEQ: 11
VPAB_FRAME: 4107
VPAB_EVERY_N: 360
VPAB_MODE: both
VPAB_RECORDS: captured=44 dropped=0 high_water=44 overflowed=0
CAL_SOURCE: config
CAL_VALID: 1
CAL_PROFILE_LOADED: 0
VPAB_SCENARIO: self_shadow
VPAB_SHADOW: self
}}
VPF,ver=1,seq=22,mode=18,smode=18,sec=1,acq_us=1433/6445,vu_us=55/103,gdft_us=3183/3546,smooth_us=71/180,pri_render_us=320/469,sec_render_us=161/299,pri_prep_us=139/238,sec_prep_us=36/107,quant_pri_us=67/152,quant_sec_us=61/152,show_us=3065/4138,frame_us=3995/4994,over=0,dropped=0,heap=191520
#CMD :vp_perf=stop
sbr{{
VP_PERF: stopped
VP_PERF_SEQ: 22
VP_PERF_FRAME: avg=3992 max=4994 over=0 dropped=0
VP_PERF_HEAP: 191520
}}
#CMD :vpab=frames
K1DF_BEGIN,ver=1,records=44,captured=44,dropped=0,corrupt=0,overflowed=0,payload_max=512,chunk_bytes=96
K1DFR,ver=1,seq=1,kind=1,frame=360,t_us=151444816,flags=0,len=104,crc=0xDE2F9410,chunks=2
K1DFC,ver=1,seq=1,idx=0,off=0,len=96,crc=0x950D4BB3,hex=0012000000020000A0000000954F0200000000003F00000000000000000000000000000000000000380200003802000000000000CAF89F42CAF89F420000000000000000000000000000000000000000B3010000D20F00003B0C000000000000
K1DFC,ver=1,seq=1,idx=1,off=96,len=8,crc=0x6522DF69,hex=0000000000000000
K1DFR,ver=1,seq=2,kind=2,frame=360,t_us=151444816,flags=0,len=512,crc=0x43FEA522,chunks=6
K1DFC,ver=1,seq=2,idx=0,off=0,len=96,crc=0xE096C80A,hex=00120200A000E001B30100003F000000D20F00003B0C0000000000000000000000000000000000000000000000000000000000000000000000000000000001010001010000000000000001010001000000000000000000000001000001010000
K1DFC,ver=1,seq=2,idx=1,off=96,len=96,crc=0x19D356CA,hex=00000100000000000000000000000000000202000000000000000101000000000100000202000000000000000202000000000000000000000100000101000000000000000302000000000101000302000707000201000000000000000A0A0002
K1DFC,ver=1,seq=2,idx=2,off=192,len=96,crc=0xF9955D14,hex=01000000000000000202000301000101000D0D000202000E0F000101000F0E010300000907000907000202000705000300000300000300000000000300000300000C0C000300000200000300000000000000000200000300000300000C0C0003
K1DFC,ver=1,seq=2,idx=3,off=288,len=96,crc=0xD1B65E9E,hex=00000300000000000300000300000300000705000202000806000A08010300000F0E000000000F10010202000D0D000000000302000202000000000000000302000B0A0000000000000003020008070002010000000000000003020000000000
K1DFC,ver=1,seq=2,idx=4,off=384,len=96,crc=0x287FE1CF,hex=000002020002010000000000000000000002020000000000000003030002000000000000000001000001000002020000000001000000000000000000000001000001010000000000000001010000000000000000000000000001010000000000
K1DFC,ver=1,seq=2,idx=5,off=480,len=32,crc=0x3DFE6F33,hex=0000000000000000000000000000000000010100000000000000000000000000
K1DFR,ver=1,seq=3,kind=1,frame=360,t_us=151444816,flags=0,len=104,crc=0x195B5256,chunks=2
K1DFC,ver=1,seq=3,idx=0,off=0,len=96,crc=0xB61C2842,hex=0112000000020000A0000000954F02000000000039000000000000000000000000000000000000005F0300005F0300000000000088EB9E4288EB9E420000000000000000000000000000000000000000E3000000D20F00003B0C000000000000
K1DFC,ver=1,seq=3,idx=1,off=96,len=8,crc=0x6522DF69,hex=0000000000000000
K1DFR,ver=1,seq=4,kind=2,frame=360,t_us=151444816,flags=0,len=512,crc=0x24B289AD,chunks=6
K1DFC,ver=1,seq=4,idx=0,off=0,len=96,crc=0x99A18846,hex=01120200A000E001E300000039000000D20F00003B0C0000000000000000000000000000000000000000000002000002000000000000000000000000000001000001000002000000000001000000000003000002000000000001000003000002
K1DFC,ver=1,seq=4,idx=1,off=96,len=96,crc=0x4D9F96B8,hex=000002000002000000000003000000000003000003000000000003000000000007000004000003000001000004010004000000000000000008010004000000000000000003000003000003000002000012020002000001000000000001000016
K1DFC,ver=1,seq=4,idx=2,off=192,len=96,crc=0x9A01A7BB,hex=02000000000000000000000300000200001702000300001803000200001502001101001101000300001701000100001201001101000F00000000001201001101001902001101000000000F00000000000000001001000000001000001A030012
K1DFC,ver=1,seq=4,idx=3,off=288,len=96,crc=0xC19C3014,hex=010011010000000010010012010011010000000018020003000011010010000016030002000018030003000018030002000003000000000000000000000015020000000000000001000002000011010003000003000003000002000000000000
K1DFC,ver=1,seq=4,idx=4,off=384,len=96,crc=0xFAF24B08,hex=000004000007000000000000000004000004000002000004000004000006000000000003000000000003000004000000000003000000000003000003000002000003000002000000000002000002000000000001000000000001000002000001
K1DFC,ver=1,seq=4,idx=5,off=480,len=32,crc=0xA525E5C6,hex=0000000000000000000000000000020000010000000000000000000000000000
K1DFR,ver=1,seq=5,kind=1,frame=720,t_us=153238929,flags=0,len=104,crc=0x91E88BAA,chunks=2
K1DFC,ver=1,seq=5,idx=0,off=0,len=96,crc=0xF69027A3,hex=0012000000020000A00000009756020041601B0043000000000000000000000000000000000000009D0000009D0000000000000075189B4275189B420000000000000000000000000000000000000000D5010000C90F00002C0C000000000000
K1DFC,ver=1,seq=5,idx=1,off=96,len=8,crc=0x6522DF69,hex=0000000000000000
K1DFR,ver=1,seq=6,kind=2,frame=720,t_us=153238929,flags=0,len=512,crc=0x88592BB0,chunks=6
K1DFC,ver=1,seq=6,idx=0,off=0,len=96,crc=0xE8801518,hex=00120200A000E001D501000043000000C90F00002C0C0000000000000000000000000000000001000000000000000000000000000000000000000000000001000000000000000000000000000001000000000000000000000000000001000000
K1DFC,ver=1,seq=6,idx=1,off=96,len=96,crc=0x4656B58C,hex=000000000000000001000000000001000002000001000000000000000001000000000000000002000002000000000002000002000001000000000001000003000002000001000001000003000003000002000003000002000000000002000000
K1DFC,ver=1,seq=6,idx=2,off=192,len=96,crc=0x9A243098,hex=000002000002000003000002000000000001000002000000000003000002000003000000000003000002000003000002000004000000000003000003000000000000000000000000000000000000000000000000000000000000000000000000
K1DFC,ver=1,seq=6,idx=3,off=288,len=96,crc=0xDE96AC8B,hex=000004000003000000000003000003000003000002000002000000000003000002000002000000000002000001000000000002000003000002000001000000000002000000000001000003000002000003000002000002000002000002000002
K1DFC,ver=1,seq=6,idx=4,off=384,len=96,crc=0x11076762,hex=000001000000000001000001000003000000000002000001000000000000000001000000000000000001000001000000000000000001000000000000000000000001000000000000000000000000000001000000000000000000000000000000
K1DFC,ver=1,seq=6,idx=5,off=480,len=32,crc=0x256AB6A5,hex=0000010000000000000000000000000000000000000000000000000000000000
K1DFR,ver=1,seq=7,kind=1,frame=720,t_us=153238929,flags=0,len=104,crc=0xE7C8B41E,chunks=2
K1DFC,ver=1,seq=7,idx=0,off=0,len=96,crc=0x00414A77,hex=0112000000020000A00000009756020041601B003C00000000000000000000000000000000000000310300003103000000000000B3049F42B3049F4200000000000000000000000000000000000000002B010000C90F00002C0C000000000000
K1DFC,ver=1,seq=7,idx=1,off=96,len=8,crc=0x6522DF69,hex=0000000000000000
K1DFR,ver=1,seq=8,kind=2,frame=720,t_us=153238929,flags=0,len=512,crc=0xA694FBEB,chunks=6
K1DFC,ver=1,seq=8,idx=0,off=0,len=96,crc=0x937DDA13,hex=01120200A000E0012B0100003C000000C90F00002C0C0000000000000000000000000000000004000000000003000000000000000001000002000002000001000000000000000001000000000004000001000000000000000000000000000004
K1DFC,ver=1,seq=8,idx=1,off=96,len=96,crc=0xC4255BEB,hex=00000000000000000500000400000000000100000901000000000000000500000100000000000800000900000000000000000D00000600000000000000000500000D00000A01000800000F00000F00000C01001201000900000000000C010000
K1DFC,ver=1,seq=8,idx=2,off=192,len=96,crc=0x9DDD8776,hex=00000800000B00000000001301000000000000000D01000000000D00000000001401000000000E00000C00001301000E01001301000000000E010013010000000000000000000000000000000000000000000000000000000000000000000000
K1DFC,ver=1,seq=8,idx=3,off=288,len=96,crc=0xE28CE12D,hex=00001301000D00000000001301000D01001300000D01000E01000000001301000000000E01000000000C00000000000000001301000000000C01000800000000000B00000000000900001101000B00001001000F01000800000900000D010005
K1DFC,ver=1,seq=8,idx=4,off=384,len=96,crc=0x779007E4,hex=00000000000000000600000E01000000000000000A010008000000000001000005000000000000000008000002000000000004000004000001000000000004000000000000000000000000000000000005000000000000000000000000000001
K1DFC,ver=1,seq=8,idx=5,off=480,len=32,crc=0xC358B8F6,hex=0000010000020000020000000000000000020000000000050000000000000000
K1DFR,ver=1,seq=9,kind=1,frame=1080,t_us=155034863,flags=0,len=104,crc=0xC9F82BA8,chunks=2
K1DFC,ver=1,seq=9,idx=0,off=0,len=96,crc=0x97B6B29D,hex=0012000000020000A00000009B5D02005E671B004100000000000000000000000000000000000000C7040000C70400000000000032679F4232679F420000000000000000000000000000000000000000D5010000DA0F00003B0C000000000000
K1DFC,ver=1,seq=9,idx=1,off=96,len=8,crc=0x6522DF69,hex=0000000000000000
K1DFR,ver=1,seq=10,kind=2,frame=1080,t_us=155034863,flags=0,len=512,crc=0x6EB53B71,chunks=6
K1DFC,ver=1,seq=10,idx=0,off=0,len=96,crc=0xF0E1D4CC,hex=00120200A000E001D501000041000000DA0F00003B0C0000000000000000000000000000000002000000000000000000000000000000000000000000000000000000000000000002000000000000000000000000000001000000000000000002
K1DFC,ver=1,seq=10,idx=1,off=96,len=96,crc=0xC335D9D8,hex=00000000000100000000000200000000000000000000000000000000000100000000000000000000000100000401000806000000000100000000000100000A08010100001010000000000100000000001211000100000C0C010D0C000B0B000B
K1DFC,ver=1,seq=10,idx=2,off=192,len=96,crc=0xD6EA84D6,hex=0B001010010000000E0E001211000E0D010E0E000E0D001011000000000000000000001011001312010000001010000B0C000000000000000000000D0E000C0C010000000000000000000000000000000000000000000000000000000000000B
K1DFC,ver=1,seq=10,idx=3,off=288,len=96,crc=0xDDEA2178,hex=0C000E0F010000000000000000000C0D011010010000001212001112010000000000000000001111010E0E000E0D000D0D001312010F0E000000000F0F000C0C010B0B000D0C000C0B0001000012110000000001000000000010100001000009
K1DFC,ver=1,seq=10,idx=4,off=384,len=96,crc=0x33FAEF4A,hex=080001000000000001000000000008070004010001000000000001000001000001000000000000000000000000000000000003000001000001000000000003000001000000000000000000000000000000000000000002000000000000000000
K1DFC,ver=1,seq=10,idx=5,off=480,len=32,crc=0x0E7141EE,hex=0000000000000000000000000000000000000000000000010000000000000000
K1DFR,ver=1,seq=11,kind=1,frame=1080,t_us=155034863,flags=0,len=104,crc=0xEC2CFDE7,chunks=2
K1DFC,ver=1,seq=11,idx=0,off=0,len=96,crc=0xA62701D1,hex=0112000000020000A00000009B5D02005E671B003B000000000000000000000000000000000000005C0500005C05000000000000E3309F42E3309F4200000000000000000000000000000000000000002B010000DA0F00003B0C000000000000
K1DFC,ver=1,seq=11,idx=1,off=96,len=8,crc=0x6522DF69,hex=0000000000000000
K1DFR,ver=1,seq=12,kind=2,frame=1080,t_us=155034863,flags=0,len=512,crc=0x5ACB26DC,chunks=6
K1DFC,ver=1,seq=12,idx=0,off=0,len=96,crc=0x91A28602,hex=01120200A000E0012B0100003B000000DA0F00003B0C000000000000000000000000000000000700000000000000000000000100000000000000000000000000000000000C01000000000000000000000000000100000000000200000D010006
K1DFC,ver=1,seq=12,idx=1,off=96,len=96,crc=0x16EEDBC7,hex=00000400000400001001000100000200000000000100000000000500000300000400000000000500000600001702000000000600000000000700001802000600002103000000000400000600002403000701001A02001B02000600001802001C
K1DFC,ver=1,seq=12,idx=2,off=192,len=96,crc=0x4780531B,hex=03000000001F02000000002503000000001E02001D03000000000000000000000000001B030026030018020015020000000000000000000018030000000014020000000000000000000000000000000000000000000000000000000000000014
K1DFC,ver=1,seq=12,idx=3,off=288,len=96,crc=0x8268441C,hex=02000000001702000000000000000000001402001903002603001A03000000000000000000000000001C03001F03000000002503000000002003000000001C03001702000701001B02001A020006000025040006000003000000000022030006
K1DFC,ver=1,seq=12,idx=4,off=384,len=96,crc=0x15C5D5F3,hex=00001802000600000000000600000000001601000701000500000000000300000400000500000000000100000100000200000100001000000500000400000600000C00000300000000000100000000000000000000000000000B000001000000
K1DFC,ver=1,seq=12,idx=5,off=480,len=32,crc=0x4616F6C8,hex=0000000000000000000000020000000000000000000000080000000000000000
K1DFR,ver=1,seq=13,kind=1,frame=1440,t_us=156824843,flags=0,len=104,crc=0x826B4F17,chunks=2
K1DFC,ver=1,seq=13,idx=0,off=0,len=96,crc=0xA83BFEAC,hex=0012000000020000A0000000996402001C501B004100000000000000000000000000000000000000910000009100000000000000FE709C42FE709C420000000000000000000000000000000000000000D5010000BF0F00001E0C000000000000
K1DFC,ver=1,seq=13,idx=1,off=96,len=8,crc=0x6522DF69,hex=0000000000000000
K1DFR,ver=1,seq=14,kind=2,frame=1440,t_us=156824843,flags=0,len=512,crc=0x50A40B49,chunks=6
K1DFC,ver=1,seq=14,idx=0,off=0,len=96,crc=0x7BB85F9B,hex=00120200A000E001D501000041000000BF0F00001E0C0000000000000000000000000000000000000001000000000000000002000000000000000000000000000000000000000000000000000000000000000001000000000001000000000000
K1DFC,ver=1,seq=14,idx=1,off=96,len=96,crc=0xF7023CDA,hex=000000000001000000000001000000000003000000000000000002000000000002000002000004000000000002000000000004000004000002000002010004000001000002000000000004000002000000000004000001000000000002000002
K1DFC,ver=1,seq=14,idx=2,off=192,len=96,crc=0xD08765D1,hex=000002000002000002000002000002000001000002000001000002000002000000000000000000000000000000000000000000000000000000000000000000000000000000000000000000000000000000000000000000000000000000000000
K1DFC,ver=1,seq=14,idx=3,off=288,len=96,crc=0xDDEFA30D,hex=000000000000000000000000000000000000000000000000000000000000000002000001000002000002000000000001000002000002000002000001000002000002000000000000000005000100000001000004000001000002000000000003
K1DFC,ver=1,seq=14,idx=4,off=384,len=96,crc=0x76AE5402,hex=000003020002000004000003000000000002000000000003000003000002000000000001000000000000000002000000000002000000000000000000000000000000000001000000000002000000000000000000000000000000000000000000
K1DFC,ver=1,seq=14,idx=5,off=480,len=32,crc=0x1D759A5C,hex=0000000000000000000000010000000000000000010000000000000000000000
K1DFR,ver=1,seq=15,kind=1,frame=1440,t_us=156824843,flags=0,len=104,crc=0x9F0275B1,chunks=2
K1DFC,ver=1,seq=15,idx=0,off=0,len=96,crc=0x8E9B5E4F,hex=0112000000020000A0000000996402001C501B003B000000000000000000000000000000000000003F0300003F03000000000000D3AC9F42D3AC9F4200000000000000000000000000000000000000002B010000BF0F00001E0C000000000000
K1DFC,ver=1,seq=15,idx=1,off=96,len=8,crc=0x6522DF69,hex=0000000000000000
K1DFR,ver=1,seq=16,kind=2,frame=1440,t_us=156824843,flags=0,len=512,crc=0xDCBFBB07,chunks=6
K1DFC,ver=1,seq=16,idx=0,off=0,len=96,crc=0x5E50CBC3,hex=01120200A000E0012B0100003B000000BF0F00001E0C0000000000000000000000000000000000000004000000000000000000000006000000000000000000000000000000000000000000000000000000000009000000000007000000000000
K1DFC,ver=1,seq=16,idx=1,off=96,len=96,crc=0x18811F0F,hex=00000000000300000000000900000000001100000000000000000B00000000000D01001301001700000000000B01000000000000001A00000E01000200001B00000200000B01000B00001C00000A00000000001E02010200000000000C00000C
K1DFC,ver=1,seq=16,idx=2,off=192,len=96,crc=0xDE829638,hex=01000300000C00000C01000D00000B00000200000A01000B00000000000A000001000000000000000000000000000000000000000000000000000000000000000000000000000000000000000000000000000000000000000000000000000000
K1DFC,ver=1,seq=16,idx=3,off=288,len=96,crc=0xE2BEAFDB,hex=00000000000000000000000000000000000000000000000000000000000000000A01000000000A00000A00000200000B00000C00000B00000D00000300000C00000B00000000000300001E01010000000B01001C01000A00000A00000300001B
K1DFC,ver=1,seq=16,idx=4,off=384,len=96,crc=0x8BAC31AB,hex=01000100000D00001A01000000000000000B00000000001801001301000D00000000000B000000000000000012010000000009000000000004000000000000000000000008010000000009000000000000000000000000000000000000000000
K1DFC,ver=1,seq=16,idx=5,off=480,len=32,crc=0xB067B371,hex=0000000000000000070100000000000000000000040000000000000000000000
K1DFR,ver=1,seq=17,kind=1,frame=1800,t_us=158617987,flags=0,len=104,crc=0xD406FED9,chunks=2
K1DFC,ver=1,seq=17,idx=0,off=0,len=96,crc=0x0408402E,hex=0012000000020000A00000009A6B0200785C1B005100000000000000000000000000000000000000820200008202000000000000C04F9F42C04F9F420000000000000000000000000000000000000000D5010000B70F0000160C000000000000
K1DFC,ver=1,seq=17,idx=1,off=96,len=8,crc=0x6522DF69,hex=0000000000000000
K1DFR,ver=1,seq=18,kind=2,frame=1800,t_us=158617987,flags=0,len=512,crc=0x8994B390,chunks=6
K1DFC,ver=1,seq=18,idx=0,off=0,len=96,crc=0xF8D0942D,hex=00120200A000E001D501000051000000B70F0000160C0000000000000000000000000000000000000000000000000000000000000000000000000000000000000000000000000000000002000002000000000000000000000002000000000000
K1DFC,ver=1,seq=18,idx=1,off=96,len=96,crc=0xF01F7DA6,hex=00000402000000000000000000000101000600000000000604000000000100000A07000000000600000000000500000A08000A08000A080001010000000001000006000007030007030005000001000005000005000006000000000000000000
K1DFC,ver=1,seq=18,idx=2,off=192,len=96,crc=0x85A7ABB2,hex=00000100000600000100000500000000000400000400000500000400000000000400000500000000000000000400000500000000000501000704000500000000001010000400001A14010000000000000000000000001B150204000010100000
K1DFC,ver=1,seq=18,idx=3,off=288,len=96,crc=0x7902E7A8,hex=000005000007040005010000000006000004000000000000000006000004000000000003000006000004000004000000000006000001010006000000000001000000000000000005000006000005000001000004000007040007030006000000
K1DFC,ver=1,seq=18,idx=4,off=384,len=96,crc=0x105D45B0,hex=00000100000101000A08000908000B09010500000000000500000000000A080001000000000007050000000006000000000000000000000000000004020000000000000002000000000000000000000002000001000000000000000000000000
K1DFC,ver=1,seq=18,idx=5,off=480,len=32,crc=0x190A55AD,hex=0000000000000000000000000000000000000000000000000000000000000000
K1DFR,ver=1,seq=19,kind=1,frame=1800,t_us=158617987,flags=0,len=104,crc=0x6E78D1BE,chunks=2
K1DFC,ver=1,seq=19,idx=0,off=0,len=96,crc=0xAA8C07DD,hex=0112000000020000A00000009A6B0200785C1B0048000000000000000000000000000000000000005C0700005C0700000000000023599F4223599F4200000000000000000000000000000000000000002B010000B70F0000160C000000000000
K1DFC,ver=1,seq=19,idx=1,off=96,len=8,crc=0x6522DF69,hex=0000000000000000
K1DFR,ver=1,seq=20,kind=2,frame=1800,t_us=158617987,flags=0,len=512,crc=0xC9E1FE47,chunks=6
K1DFC,ver=1,seq=20,idx=0,off=0,len=96,crc=0x8B2518CB,hex=01120200A000E0012B01000048000000B70F0000160C000000000000000000000000000000000000000000000000000000000000000000000000000000000000000000000000000000000A00000A00000000000000000000000B000001000001
K1DFC,ver=1,seq=20,idx=1,off=96,len=96,crc=0x342EA096,hex=00001001000000000000000100000100002001000100001301000100000000001B02000D01002101000000000300001A02000E00001B01000200000200000300002101001C02001A01001A01000700001C02001C010022010000000001000001
K1DFC,ver=1,seq=20,idx=2,off=192,len=96,crc=0x7A1C35B4,hex=00000100002201000100002202000000001501001701002102001701001501001801002102000000000000001801001701000000000000001802001E02000000001D03001701001E03000000000000000000000000001E03001601001E030000
K1DFC,ver=1,seq=20,idx=3,off=288,len=96,crc=0xBDE0B69B,hex=00001E01001801000000000000001701001701000000000000002101001701001601001701002101001600001601000000002201000000002302000200000100000000000100002301001C01001C01000701001A01001A01001B020022020003
K1DFC,ver=1,seq=20,idx=4,off=384,len=96,crc=0x881A0F13,hex=00000200000100001C02000E01001A02000200000000002102000D00001A01000000000100001301000000002102010100000100000000000000001001000100000000000C01000000000000000000000B01000A010000000000000000000000
K1DFC,ver=1,seq=20,idx=5,off=480,len=32,crc=0x190A55AD,hex=0000000000000000000000000000000000000000000000000000000000000000
K1DFR,ver=1,seq=21,kind=1,frame=2160,t_us=160406917,flags=0,len=104,crc=0x743CC729,chunks=2
K1DFC,ver=1,seq=21,idx=0,off=0,len=96,crc=0xE876951E,hex=0012000000020000A000000097720200024C1B004B00000000000000000000000000000000000000380000003800000000000000DB76A942DB76A9420000000000000000000000000000000000000000D5010000B00F00000C0C000000000000
K1DFC,ver=1,seq=21,idx=1,off=96,len=8,crc=0x6522DF69,hex=0000000000000000
K1DFR,ver=1,seq=22,kind=2,frame=2160,t_us=160406917,flags=0,len=512,crc=0x1AAB21A8,chunks=6
K1DFC,ver=1,seq=22,idx=0,off=0,len=96,crc=0x1F92CE5F,hex=00120200A000E001D50100004B000000B00F00000C0C0000000000000000000000000000000000000001010000000000000000000000000001000000000001010000000000000000000000000000000001000000000000000000000000000000
K1DFC,ver=1,seq=22,idx=1,off=96,len=96,crc=0x41B9E572,hex=000000000001010001000000000000000000000000000000000001010000000000000000000000000000000000000000000000000000000000000000000000000000000000000000000001010000000001000001000001010000000000000000
K1DFC,ver=1,seq=22,idx=2,off=192,len=96,crc=0x1EC75926,hex=000000000000000000000000000000000000000000000000000000000000000000000000000001000000000000000000000000000000000000000000000001000001000001000001000002000002000001000001000001000001000000000000
K1DFC,ver=1,seq=22,idx=3,off=288,len=96,crc=0xAF4D00AE,hex=000001000000000000000000000000000000000000000000000000000000000000000000000000000000000000000000000000000000000000000000000000000000000000000000000002010001010000000000000001010000000000000000
K1DFC,ver=1,seq=22,idx=4,off=384,len=96,crc=0x26A3AD1C,hex=000000000000000000000000000001010001010000000000000001010000000000000000000001010000000000000000000001010001010001000000000001010000000000000000000000000001000000000000000000000000000000000000
K1DFC,ver=1,seq=22,idx=5,off=480,len=32,crc=0xEC230283,hex=0000000000010000000000000000000000000000010000000000000000000000
K1DFR,ver=1,seq=23,kind=1,frame=2160,t_us=160406917,flags=0,len=104,crc=0xC1639FAC,chunks=2
K1DFC,ver=1,seq=23,idx=0,off=0,len=96,crc=0x458BBD34,hex=0112000000020000A000000097720200024C1B00410000000000000000000000000000000000000093010000930100000000000024189E4224189E4200000000000000000000000000000000000000002B010000B00F00000C0C000000000000
K1DFC,ver=1,seq=23,idx=1,off=96,len=8,crc=0x6522DF69,hex=0000000000000000
K1DFR,ver=1,seq=24,kind=2,frame=2160,t_us=160406917,flags=0,len=512,crc=0x05134C00,chunks=6
K1DFC,ver=1,seq=24,idx=0,off=0,len=96,crc=0x90D5B214,hex=01120200A000E0012B01000041000000B00F00000C0C0000000000000000000000000000000000000000000001000000000000000000000001000000000000000000000000000000000000000000000001000000000000000000000000000000
K1DFC,ver=1,seq=24,idx=1,off=96,len=96,crc=0x84971D09,hex=000000000000000001000000000000000000000000000001000000000000000001000000000001000000000001000000000000000000000000000000000000000000000000000000000000000000000000000001000001000000000000000000
K1DFC,ver=1,seq=24,idx=2,off=192,len=96,crc=0xA9D71605,hex=000000000000000000000000000000000000000000000000000000000000000001000001000006020006040106060203030101010001010002020003020004040107000016020018020021030020030021030021030018020015010008010004
K1DFC,ver=1,seq=24,idx=3,off=288,len=96,crc=0xE402D025,hex=040102010001010002010002020003030105060107050106020001000001000001000000000000000000000000000000000000000000000000000000000000000000000001000001000001000000000001000000000000000000000000000000
K1DFC,ver=1,seq=24,idx=4,off=384,len=96,crc=0x39F68227,hex=000000000000000001000000000000000000000000000001000000000000000000000000000001000000000001000000000000000000000000000000000000000000000000000000000000000000000000000000000000000000000000000000
K1DFC,ver=1,seq=24,idx=5,off=480,len=32,crc=0x190A55AD,hex=0000000000000000000000000000000000000000000000000000000000000000
K1DFR,ver=1,seq=25,kind=1,frame=2520,t_us=162194889,flags=0,len=104,crc=0xFC209D21,chunks=2
K1DFC,ver=1,seq=25,idx=0,off=0,len=96,crc=0x2F1F5587,hex=0012000000020000A00000009379020044481B004200000000000000000000000000000000000000E7000000E700000000000000F68E9F42F68E9F420000000000000000000000000000000000000000D5010000A70F0000030C000000000000
K1DFC,ver=1,seq=25,idx=1,off=96,len=8,crc=0x6522DF69,hex=0000000000000000
K1DFR,ver=1,seq=26,kind=2,frame=2520,t_us=162194889,flags=0,len=512,crc=0x8E2BFE2D,chunks=6
K1DFC,ver=1,seq=26,idx=0,off=0,len=96,crc=0x73121C19,hex=00120200A000E001D501000042000000A70F0000030C0000000000000000000000000000000000000002010000000000000000000000000000000000000003010000000000000000000000000000000000000000000000000002010000000000
K1DFC,ver=1,seq=26,idx=1,off=96,len=96,crc=0x72B0701F,hex=000000000000000000000003000002010000000000000001000000000000000000000000000003000000000000000000000001000001010000000000000001010000000000000000000001000003000001000000000001000001000000000000
K1DFC,ver=1,seq=26,idx=2,off=192,len=96,crc=0xE6E6EAEE,hex=00000000000100000400000000000B080103030000000001010002000002000004000003000001010002010005050003000003020003000001000003000004000000000003000000000003000000000000000002000000000003000000000003
K1DFC,ver=1,seq=26,idx=3,off=288,len=96,crc=0xE7047902,hex=00000300000100000300000201000300000606000101000000000400000400000200000200000202000000000303000A070001000004000001000000000001000000000001000000000001010001000003000000000000000001000000000000
K1DFC,ver=1,seq=26,idx=4,off=384,len=96,crc=0xD6A71E39,hex=000000000001000001000000000001000001010000000002000001010000000000000000000002010000000000000001010003000000000000000000000000000000000002010000000000000000000000000000000000000000000000000002
K1DFC,ver=1,seq=26,idx=5,off=480,len=32,crc=0xC5651158,hex=0100000000000000000000000000000000000000020100000000000000000000
K1DFR,ver=1,seq=27,kind=1,frame=2520,t_us=162194889,flags=0,len=104,crc=0x357D17C0,chunks=2
K1DFC,ver=1,seq=27,idx=0,off=0,len=96,crc=0x2351746F,hex=0112000000020000A00000009379020044481B003C00000000000000000000000000000000000000950B0000950B000000000000E22E9F42E22E9F4200000000000000000000000000000000000000002B010000A70F0000030C000000000000
K1DFC,ver=1,seq=27,idx=1,off=96,len=8,crc=0x6522DF69,hex=0000000000000000
K1DFR,ver=1,seq=28,kind=2,frame=2520,t_us=162194889,flags=0,len=512,crc=0xB7FED434,chunks=6
K1DFC,ver=1,seq=28,idx=0,off=0,len=96,crc=0xB3122696,hex=01120200A000E0012B0100003C000000A70F0000030C0000000000000000000000000000000000000001010000000000000000000000000000000000000001010000000000000000000000000000000000000000000000000000000000000000
K1DFC,ver=1,seq=28,idx=1,off=96,len=96,crc=0x88C53780,hex=0000000000000000010000510F010000000000000100000101000000000000000000000000001800000000000100000100000100000200000300000100000100000000000300000000000400004B13030400000400000200000D0E0503000000
K1DFC,ver=1,seq=28,idx=2,off=192,len=96,crc=0xC0909998,hex=00000200000400004340100200000200000600000000000400000300001B1F0A4646120801004B4715030000090100451B060900000700004412034411033F3B0E030401302305000000000000420C01430C010000000000002F220404040240
K1DFC,ver=1,seq=28,idx=3,off=288,len=96,crc=0x3AD0849F,hex=3B0E4311034311020701000A0100451B060800000401004B47150800004646121C1F0B03000004000000000007010002000002000042400F0500000200000000000200000E0F060200000400000400004C140404000000000003000001000001
K1DFC,ver=1,seq=28,idx=4,off=384,len=96,crc=0xCA085AE2,hex=0000000000020000030000010000000000000000010000180000000000000000010000000000010100000000000000000000500F0100000000000000000000000000000000000000000000000000000000000000000000000000000000000001
K1DFC,ver=1,seq=28,idx=5,off=480,len=32,crc=0xB3451C67,hex=0100000000000000000000000000000000000000020201000000000000000000
K1DFR,ver=1,seq=29,kind=1,frame=2880,t_us=163984865,flags=0,len=104,crc=0x49222525,chunks=2
K1DFC,ver=1,seq=29,idx=0,off=0,len=96,crc=0xAAD0A39B,hex=0012000000020000A00000009180020018501B004000000000000000000000000000000000000000410100004101000000000000DA2F9E42DA2F9E420000000000000000000000000000000000000000D50100009F0F0000FB0B000000000000
K1DFC,ver=1,seq=29,idx=1,off=96,len=8,crc=0x6522DF69,hex=0000000000000000
K1DFR,ver=1,seq=30,kind=2,frame=2880,t_us=163984865,flags=0,len=512,crc=0x90FBB3A9,chunks=6
K1DFC,ver=1,seq=30,idx=0,off=0,len=96,crc=0xF3228B26,hex=00120200A000E001D5010000400000009F0F0000FB0B0000000000000000000000000000000000000000000000000000000000000000000000000000000000000000000000000000000001000000000000000000000000000000000000000000
K1DFC,ver=1,seq=30,idx=1,off=96,len=96,crc=0xD19601C1,hex=000001000000000000000000000000000001000000000000000000000001000001000001000000000001010000000001000001010000000000000000000001000001010000000000000004010001010000000000000000000001000000000000
K1DFC,ver=1,seq=30,idx=2,off=192,len=96,crc=0xC31EEABC,hex=0000130A020101000000000000000000000E0C010000000000000100000100000000000C0C000B0B0101000000000003000005020000000003000003000004000000000004000003000004000000000000000003000004000004000000000003
K1DFC,ver=1,seq=30,idx=3,off=288,len=96,crc=0xE86713E4,hex=00000400000400000000000401000400000000000100000B0A000D0D010100000000000000000000000000000E0C0000000000000000000001010012090100000000000001000000000000000000000001010003000001000000000001010000
K1DFC,ver=1,seq=30,idx=4,off=384,len=96,crc=0x41BE167F,hex=000000000000000000000001000001010000000001000000000002010001010000000000000000000001000000000000000001000000000000000000000001000000000000000000000000000000000000000000000000000000000000000000
K1DFC,ver=1,seq=30,idx=5,off=480,len=32,crc=0x190A55AD,hex=0000000000000000000000000000000000000000000000000000000000000000
K1DFR,ver=1,seq=31,kind=1,frame=2880,t_us=163984865,flags=0,len=104,crc=0xE749D8F3,chunks=2
K1DFC,ver=1,seq=31,idx=0,off=0,len=96,crc=0x718A80F3,hex=0112000000020000A00000009180020018501B003B00000000000000000000000000000000000000B6030000B603000000000000E8969F42E8969F4200000000000000000000000000000000000000002B0100009F0F0000FB0B000000000000
K1DFC,ver=1,seq=31,idx=1,off=96,len=8,crc=0x6522DF69,hex=0000000000000000
K1DFR,ver=1,seq=32,kind=2,frame=2880,t_us=163984865,flags=0,len=512,crc=0xADE64B30,chunks=6
K1DFC,ver=1,seq=32,idx=0,off=0,len=96,crc=0x91AE5466,hex=01120200A000E0012B0100003B0000009F0F0000FB0B0000000000000000000000000000000000000000000001000000000000000000000000000000000000000001000001000000000001000000000001000000000000000001000001000002
K1DFC,ver=1,seq=32,idx=1,off=96,len=96,crc=0x1D2AA2F6,hex=000000000002000000000003000000000003000003000001000000000001000004000004000001000004000005000005000005000001000002000001000004000004000001000000000009060104000005000000000000000005000005000000
K1DFC,ver=1,seq=32,idx=2,off=192,len=96,crc=0x795D00D6,hex=00000C03000400000000000000000000000606021202000000000000000708020400001302001502000B0C040E100614010015010000000015010014010014010014000016010016010015010000000000000015010015010015000014010014
K1DFC,ver=1,seq=32,idx=3,off=288,len=96,crc=0xE522A84B,hex=01001301001400000000001501001301000D0F050C0D051502001302000300000809030000000000001101000607030000000000000000000500000C03010000000400000500000000000000000400000500000A070100000001000005000004
K1DFC,ver=1,seq=32,idx=4,off=384,len=96,crc=0xD1BFD41C,hex=000001000001000002000005000004000004000005000001000004000003000001000001000000000003000004000000000003000000000003000001000001000000000002000001000000000000000000000002000000000000000002000001
K1DFC,ver=1,seq=32,idx=5,off=480,len=32,crc=0x982F308A,hex=0000000000000000010000000000000000000000000000000000000000000000
K1DFR,ver=1,seq=33,kind=1,frame=3240,t_us=165774126,flags=0,len=104,crc=0x68CCFCBE,chunks=2
K1DFC,ver=1,seq=33,idx=0,off=0,len=96,crc=0x389517AF,hex=0012000000020000A00000008E8702004D4D1B0053000000000000000000000000000000000000006C0800006C08000000000000BCAF9E42BCAF9E420000000000000000000000000000000000000000D50100009C0F0000F70B000000000000
K1DFC,ver=1,seq=33,idx=1,off=96,len=8,crc=0x6522DF69,hex=0000000000000000
K1DFR,ver=1,seq=34,kind=2,frame=3240,t_us=165774126,flags=0,len=512,crc=0x39A4DAB3,chunks=6
K1DFC,ver=1,seq=34,idx=0,off=0,len=96,crc=0x80147B6E,hex=00120200A000E001D5010000530000009C0F0000F70B000000000000000000000000000000000000000000000000000000002211030000000000000000000000002212020000000000002111030000000000000000000000002111020000001E
K1DFC,ver=1,seq=34,idx=1,off=96,len=96,crc=0x06CD7E54,hex=0F02000000000000010100020200100E01020200140C010E0C000F0D011310000F0C000302000303001C1A010504000000001F12021714010000000000000000000503000503000805000000000603000603001D130112110105040018150105
K1DFC,ver=1,seq=34,idx=2,off=192,len=96,crc=0xA57D46BA,hex=0300060301171501121200010000110A01110A01000000120B01120B01060300030300040300120B0101000000000000000002020000000000000000000000000000000000000000000000000000000000000000000000000000000000000000
K1DFC,ver=1,seq=34,idx=3,off=288,len=96,crc=0xD67F31C4,hex=0000000000000000000000010100000000000000000000110A01050400030300060300110A01130C010000001109011109010201001212001715010603000603011815010503001111001E140206030006030000000009060106030005030000
K1DFC,ver=1,seq=34,idx=4,off=384,len=96,crc=0x26E9DBBE,hex=00000000000000001714001E11020000000505001C1A000202000403010F0C001310000F0C000F0D01140C01020200100D000202000101000000000000001E100200000021110200000000000000000000000020100200000000000022110200
K1DFC,ver=1,seq=34,idx=5,off=480,len=32,crc=0xE00D6579,hex=0000000000000000000000211102000000000000000000000000000000000000
K1DFR,ver=1,seq=35,kind=1,frame=3240,t_us=165774126,flags=0,len=104,crc=0x3E6D219B,chunks=2
K1DFC,ver=1,seq=35,idx=0,off=0,len=96,crc=0xC4540891,hex=0112000000020000A00000008E8702004D4D1B004B000000000000000000000000000000000000005D0700005D070000000000007D939E427D939E4200000000000000000000000000000000000000002B0100009C0F0000F70B000000000000
K1DFC,ver=1,seq=35,idx=1,off=96,len=8,crc=0x6522DF69,hex=0000000000000000
K1DFR,ver=1,seq=36,kind=2,frame=3240,t_us=165774126,flags=0,len=512,crc=0x03F3E679,chunks=6
K1DFC,ver=1,seq=36,idx=0,off=0,len=96,crc=0xF78BD4C7,hex=01120200A000E0012B0100004B0000009C0F0000F70B0000000000000000000000000000000000000000000002000000000015040000000000000000000000000000000017090300000015050100000001000000000000000000000016070214
K1DFC,ver=1,seq=36,idx=1,off=96,len=96,crc=0x9CCF9C19,hex=0C04010000000000000000040000290300030000110200140D042603002E03002B03000400000500003F06000501000701000000002603003805000000000000000400000501000801000000000400000401001B03002603000400001F040000
K1DFC,ver=1,seq=36,idx=2,off=192,len=96,crc=0xD37B1B4F,hex=00000400002003002504002304000500000C01000100000F02000F01000400000501000501000E010002000000000000000004000003000000000000000000000000000000000000000000000000000000000000000000000000000000000000
K1DFC,ver=1,seq=36,idx=3,off=288,len=96,crc=0xFA43CD21,hex=00000000000000000401000400000000000000000300000F02000500000400000501000F02000F01000000000D02000501002303002403002004000401000000001F03000501002703001B030003000004010000000008010004000004010001
K1DFC,ver=1,seq=36,idx=4,off=384,len=96,crc=0xC02D5A21,hex=00000000003705002604000100000700000400003F06000500000400002A03002E0400270300130C04100100040100290300030000000000000000010000140C0315070100000000000000000000000001000015050100000016080200000000
K1DFC,ver=1,seq=36,idx=5,off=480,len=32,crc=0x8427F26E,hex=0000000000000000000000160401000000010000000000000000000000000000
K1DFR,ver=1,seq=37,kind=1,frame=3600,t_us=167566917,flags=0,len=104,crc=0x2E9C1C16,chunks=2
K1DFC,ver=1,seq=37,idx=0,off=0,len=96,crc=0x7163D1D7,hex=0012000000020000A00000008F8E0200175B1B004100000000000000000000000000000000000000D80C0000D80C00000000000031239F4231239F420000000000000000000000000000000000000000D5010000A80F0000050C000000000000
K1DFC,ver=1,seq=37,idx=1,off=96,len=8,crc=0x6522DF69,hex=0000000000000000
K1DFR,ver=1,seq=38,kind=2,frame=3600,t_us=167566917,flags=0,len=512,crc=0xEAA18A25,chunks=6
K1DFC,ver=1,seq=38,idx=0,off=0,len=96,crc=0xA6182BA1,hex=00120200A000E001D501000041000000A80F0000050C00000000000000000000000000000000000000000000000000000000000000000000000000000000000000341F030000000000000000000000000000002617023922043E250400000000
K1DFC,ver=1,seq=38,idx=1,off=96,len=96,crc=0xBC817AE6,hex=0000000000040400040400000000212001191002020200000000000000120D010000000000004127040303001E12020C0A001E1E010000000000004428040303003D29040000000201000D0A010000003B290300000001000003030037280337
K1DFC,ver=1,seq=38,idx=2,off=192,len=96,crc=0x52527597,hex=28020000000000002724010201001D1E0100000000000024240104040003030000000000000000000034280300000003020002020000000000000000000000000000000000000000000000000000000000000000000000000000000000000000
K1DFC,ver=1,seq=38,idx=3,off=288,len=96,crc=0xEE195DC5,hex=00000000000000000000000201000303000000003428030000000000000000000303000303002525010000000000001D1D000302002825010000000000003729033829030303000000000000003B29030000000C0A000202000000003C280303
K1DFC,ver=1,seq=38,idx=4,off=384,len=96,crc=0x2A482C04,hex=03004529050000000000001D1D000D0B011E1302030300412604000000000000120C010000000100000303001910012020000000000505000404000000000000000000003E2504392103271803000000000000000000000000000000341F0300
K1DFC,ver=1,seq=38,idx=5,off=480,len=32,crc=0x190A55AD,hex=0000000000000000000000000000000000000000000000000000000000000000
K1DFR,ver=1,seq=39,kind=1,frame=3600,t_us=167566917,flags=0,len=104,crc=0x41CF2C28,chunks=2
K1DFC,ver=1,seq=39,idx=0,off=0,len=96,crc=0x26071847,hex=0112000000020000A00000008F8E0200175B1B003C0000000000000000000000000000000000000057080000570800000000000048319F4248319F4200000000000000000000000000000000000000002B010000A80F0000050C000000000000
K1DFC,ver=1,seq=39,idx=1,off=96,len=8,crc=0x6522DF69,hex=0000000000000000
K1DFR,ver=1,seq=40,kind=2,frame=3600,t_us=167566917,flags=0,len=512,crc=0x87EA6B4E,chunks=6
K1DFC,ver=1,seq=40,idx=0,off=0,len=96,crc=0x78FFBA1D,hex=01120200A000E0012B0100003C000000A80F0000050C0000000000000000000000000000000000000000000000000000000000000000000000000000000028040000000000000000000000000000000020040000000030050001000002000000
K1DFC,ver=1,seq=40,idx=1,off=96,len=96,crc=0x3635842D,hex=00000800000900000000000000003F06000500000000000100001202000000000000003306000600001902001803003A06000000000000003606000601003806000000000300000E01000E01000200003A070002000000000006000039070000
K1DFC,ver=1,seq=40,idx=2,off=192,len=96,crc=0x5F78D460,hex=00000000003906003806003505000000000000003806000701000700000000000000000000003A060000000007010005000000000000000000000000000000000000000000000000000000000000000000000000000000000000000000000000
K1DFC,ver=1,seq=40,idx=3,off=288,len=96,crc=0xE43FCE64,hex=00000000000000000000000000000500000600000000003A06000000000000000000000701000700003706000000000000003505003706003A07000000000000003906000701000000000200003906000300000F02000D010002000000000038
K1DFC,ver=1,seq=40,idx=4,off=384,len=96,crc=0x8AC74C9E,hex=07000600003505000100000000003A05001702001903000601003305000000000000001202000100000000000601003F06000000000000000A010008010000000001000001000031050000000020030000000000000000000000000000000029
K1DFC,ver=1,seq=40,idx=5,off=480,len=32,crc=0x995A4A2D,hex=0500000000000000000000000000000000000000000000000000000000000000
K1DFR,ver=1,seq=41,kind=1,frame=3960,t_us=169349996,flags=0,len=104,crc=0xD5757560,chunks=2
K1DFC,ver=1,seq=41,idx=0,off=0,len=96,crc=0x22685B5D,hex=0012000000020000A00000008695020027351B0049000000000000000000000000000000000000004A0D00004A0D0000000000005F159F425F159F420000000000000000000000000000000000000000D5010000A20F0000FE0B000000000000
K1DFC,ver=1,seq=41,idx=1,off=96,len=8,crc=0x6522DF69,hex=0000000000000000
K1DFR,ver=1,seq=42,kind=2,frame=3960,t_us=169349996,flags=0,len=512,crc=0x4BD50665,chunks=6
K1DFC,ver=1,seq=42,idx=0,off=0,len=96,crc=0xAAEFBFAD,hex=00120200A000E001D501000049000000A20F0000FE0B0000000000000000000000000000000001010001000000000000000001010000000000000001000003000004000000000000000000000000000005050000000005000000000000000000
K1DFC,ver=1,seq=42,idx=1,off=96,len=96,crc=0x0A02011A,hex=00000000000000000000000505000101002A2502030300000000020000030200010100070500010000000000010000000000302702000000000000070500010000000000000000472B04512F0600000001000000000055310600000001000001
K1DFC,ver=1,seq=42,idx=2,off=192,len=96,crc=0xD7F0542E,hex=0000000000000000553105000000020000301D03321A040100002F1D03532C060000000000002D1E03201D010100003018031A1C01351B043019030000001415011010000B0A000504000201000101000100000101000605000C0A0010100014
K1DFC,ver=1,seq=42,idx=3,off=288,len=96,crc=0x37A3BA91,hex=1400000000301903351B041A1C00301904020000201D012C1D02000000000000532B062F1D02010000331A04301C03010000000000553106000000000000020000020000000000543005010000010000000000502E05472C0500000000000000
K1DFC,ver=1,seq=42,idx=4,off=384,len=96,crc=0x292ED6D3,hex=00000706010000000000002F26020100000101000000000000000806010201000202000200000101000403002A240100000006060000000000000000000001000000000000000004000001000005050000000000000000000000000004000003
K1DFC,ver=1,seq=42,idx=5,off=480,len=32,crc=0xF19D7B54,hex=0000020100000000000000000000010100000000010000000000000000000000
K1DFR,ver=1,seq=43,kind=1,frame=3960,t_us=169349996,flags=0,len=104,crc=0xC5DF6FD4,chunks=2
K1DFC,ver=1,seq=43,idx=0,off=0,len=96,crc=0x16F79792,hex=0112000000020000A00000008695020027351B0042000000000000000000000000000000000000004109000041090000000000008BBD9E428BBD9E4200000000000000000000000000000000000000002B010000A20F0000FE0B000000000000
K1DFC,ver=1,seq=43,idx=1,off=96,len=8,crc=0x6522DF69,hex=0000000000000000
K1DFR,ver=1,seq=44,kind=2,frame=3960,t_us=169349996,flags=0,len=512,crc=0x53C0A867,chunks=6
K1DFC,ver=1,seq=44,idx=0,off=0,len=96,crc=0x96A61A5B,hex=01120200A000E0012B01000042000000A20F0000FE0B000000000000000000000100000000000000000300000000000000000000000000000200000400000100001700000200000000000000000000000100000801001A010000000001000001
K1DFC,ver=1,seq=44,idx=1,off=96,len=96,crc=0xBFAEC82F,hex=00000000000000000200000801000200003605000701000100000C00000600000601000500000100000100000600000500003806000100000200000200000500000100000000000500003C06000101000500000400003F07000000000A010008
K1DFC,ver=1,seq=44,idx=2,off=192,len=96,crc=0x30568CD0,hex=00000000000100004007000A00000500002504000505022004002704003706003706000000000A00002C04000A01001F06012C0500260F04200B030000002704002102001C03001402000B01000400000400000B01001401001B020021030028
K1DFC,ver=1,seq=44,idx=3,off=288,len=96,crc=0x531BE84F,hex=04000000001F0A02270F042C05001F06000900002D05000A00000000003705003806002704002004000405012604000500000A00003F07000200000000000800000900000000003F07000400000400000201003C070005000000000002000005
K1DFC,ver=1,seq=44,idx=4,off=384,len=96,crc=0x651C1B69,hex=00000100000100000200003806000500000500000200000200000500000500000601000C00000000000600003606000200000800000100000000000000000100000000000000001A010007000000000001000000000000000001000017010002
K1DFC,ver=1,seq=44,idx=5,off=480,len=32,crc=0x0DA26E6E,hex=0000040000010000000000010000000000000000040000010000000000000000
K1DF_END,ver=1,records=44,chunks=176,dropped=0,corrupt=0,overflowed=0
#CMD :vpab=stop
sbr{{
VPAB: frozen
VPAB_SEQ: 11
VPAB_FRAME: 4107
VPAB_EVERY_N: 360
VPAB_MODE: both
VPAB_RECORDS: captured=44 dropped=0 high_water=44 overflowed=0
CAL_SOURCE: config
CAL_VALID: 1
CAL_PROFILE_LOADED: 0
VPAB_SCENARIO: self_shadow
VPAB_SHADOW: self
}}
#CMD :vp_perf=stop
sbr{{
VP_PERF: stopped
VP_PERF_SEQ: 22
VP_PERF_FRAME: avg=3992 max=4994 over=0 dropped=0
VP_PERF_HEAP: 191520
}}
#CMD :ap_stream=off
sbr{{
AP_STREAM: off
}}
#CMD :vp_stream=off
sbr{{
VP_STREAM: off
}}
