K1DF_BEGIN,ver=1,records=64,captured=64,dropped=28,corrupt=0,overflowed=1,payload_max=512,chunk_bytes=96
K1DFR,ver=1,seq=1,kind=2,frame=12,t_us=35941049,flags=0,len=512,crc=0x03CA334A,chunks=6
K1DFC,ver=1,seq=1,idx=0,off=0,len=96,crc=0x24DCFF3F,hex=00FA0200A000E0013F01000020000000470F00002D0D000000000000000000001F06000D020003000000000000000000000000000000000000000000000000000000000000000000000000000000000000000000000000000000000000000000
K1DFC,ver=1,seq=1,idx=1,off=96,len=96,crc=0x1E009FC1,hex=00000000000000000000000000000000000000000000000000000000000000000000000000000000000000000000000000000000000000000000000000000000000000000000000000000000000000000000000000000000000000000803001D
K1DFC,ver=1,seq=1,idx=2,off=192,len=96,crc=0x9F50E688,hex=0B013F17026C2904A840069139066128043E1D03291702221803281E033326054030063C2C05312404281C032116021B1102160D01130A01120800120700130700120700120800180D01221602322304322304221602180D0112080012070013
K1DFC,ver=1,seq=1,idx=3,off=288,len=96,crc=0x3EC66F69,hex=0700120700120800130A01160D011B1102211602281C033124043C2C05403006332605281E032218032917023E1D03612804913906A840066C29043F17021D0B0108030000000000000000000000000000000000000000000000000000000000
K1DFC,ver=1,seq=1,idx=4,off=384,len=96,crc=0xBAF465AE,hex=000000000000000000000000000000000000000000000000000000000000000000000000000000000000000000000000000000000000000000000000000000000000000000000000000000000000000000000000000000000000000000000000
K1DFC,ver=1,seq=1,idx=5,off=480,len=32,crc=0xA7F96A1D,hex=00000000000000000000000000000000000000000000000300000D02001F0600
K1DFR,ver=1,seq=2,kind=2,frame=12,t_us=35941049,flags=0,len=512,crc=0xEC419CB9,chunks=6
K1DFC,ver=1,seq=2,idx=0,off=0,len=96,crc=0x9B339C9F,hex=01FA0200A000E0013F01000015000000470F00002D0D000000000000000000001303000B020005010001000000000000000000000000000000000000000000000000000000000000000000000000000000000000000000000000000000000000
K1DFC,ver=1,seq=2,idx=1,off=96,len=96,crc=0xBAB1EA73,hex=00000000000000000000000000000000000201000C09011F17033A2C055E47098B690DC1931399750F6F540B4D3B07362905281E04241B032A1F043427054030064D39074432063A2A053123042A1D032317031E13021A0F01170C01150A0115
K1DFC,ver=1,seq=2,idx=2,off=192,len=96,crc=0x7B9ADA02,hex=08001107000F05000D05000B04000903000803000602000502000401000301000200000100000100000000000000000000000000000000000000000000000000000100000602000D0500170800230D01230D011708000D050006020001000000
K1DFC,ver=1,seq=2,idx=3,off=288,len=96,crc=0x112A9A48,hex=00000000000000000000000000000000000000000000000100000100000200000301000401000502000602000803000903000B04000D05000F0500110700150800150A01170C011A0F011E13022317032A1D033123043A2A054432064D390740
K1DFC,ver=1,seq=2,idx=4,off=384,len=96,crc=0xE736E75E,hex=30063427052A1F04241B03281E043629054D3B076F540B99750FC193138B690D5E47093A2C051F17030C090102010000000000000000000000000000000000000000000000000000000000000000000000000000000000000000000000000000
K1DFC,ver=1,seq=2,idx=5,off=480,len=32,crc=0x21D8B15A,hex=00000000000000000000000000000000000000000100000501000B0200130300
K1DFR,ver=1,seq=3,kind=2,frame=24,t_us=36001128,flags=0,len=512,crc=0x5A521BBB,chunks=6
K1DFC,ver=1,seq=3,idx=0,off=0,len=96,crc=0x83410DB6,hex=00FA0200A000E0017F010000200000004C0F00002E0D000000000000000000001F06000D020003000000000000000000000000000000000000000000000000000000000000000000000000000000000000000000000000000000000000000000
K1DFC,ver=1,seq=3,idx=1,off=96,len=96,crc=0x09DA3182,hex=0000000000090300210C01461A027A2E04BE4907AA4307722F054A2204311C03291D033024043E2E064E3A074937073C2C05312304271B031F1402190F01150B011208011207001307001207001006000D05000B040009030007020006020004
K1DFC,ver=1,seq=3,idx=2,off=192,len=96,crc=0x435413E5,hex=01000301000200000100000100000000000000000000000000000000000000000000000000000000000000000000000000000000000000000000000000000000000000000201000A0701171102291F04291F041711020A070102010000000000
K1DFC,ver=1,seq=3,idx=3,off=288,len=96,crc=0xDA56514B,hex=00000000000000000000000000000000000000000000000000000000000000000000000000000000000000000000000000000100000100000200000301000401000602000702000903000B04000D050010060012070013070012070012080115
K1DFC,ver=1,seq=3,idx=4,off=384,len=96,crc=0x2E8DD2AE,hex=0B01190F011F1402271B033123043C2C054937074E3A073E2E06302404291D03311C034A2204722F05AA4307BE49077A2E04461A02210C0109030000000000000000000000000000000000000000000000000000000000000000000000000000
K1DFC,ver=1,seq=3,idx=5,off=480,len=32,crc=0xA7F96A1D,hex=00000000000000000000000000000000000000000000000300000D02001F0600
K1DFR,ver=1,seq=4,kind=2,frame=24,t_us=36001128,flags=0,len=512,crc=0xB4C18CB9,chunks=6
K1DFC,ver=1,seq=4,idx=0,off=0,len=96,crc=0x3ABE615F,hex=01FA0200A000E0017F010000160000004C0F00002E0D000000000000000000001303000B0200090400130D01291F044A380775590BAA8111DAA615A47D10765A0B533F083A2C052D22042B21043427054130064F3B075B44084E3A0742300638
K1DFC,ver=1,seq=4,idx=1,off=96,len=96,crc=0xA66137BE,hex=28052F2004271A032114021C1002180C01160A011508001106000E05000C04000B040009030007030006020005020004010003010002000001000001000000000000000000000000000000000000000000000000000000000000000000000000
K1DFC,ver=1,seq=4,idx=2,off=192,len=96,crc=0x57E939C9,hex=00000000000000000000000000000000000000000000000000000000000000000000000000000000000000000000000000000000000000000000000000000000000100000602000D0500170800230D01230D011708000D050006020001000000
K1DFC,ver=1,seq=4,idx=3,off=288,len=96,crc=0xBAF465AE,hex=000000000000000000000000000000000000000000000000000000000000000000000000000000000000000000000000000000000000000000000000000000000000000000000000000000000000000000000000000000000000000000000000
K1DFC,ver=1,seq=4,idx=4,off=384,len=96,crc=0x6BD5747D,hex=00000100000100000200000301000401000502000602000703000903000B04000C04000E0500110600150800160A01180C011C1002211402271A032F20043828054230064E3A075B44084F3B074130063427052B21042D22043A2C05533F0876
K1DFC,ver=1,seq=4,idx=5,off=480,len=32,crc=0xB37D9571,hex=5A0BA47D10DAA615AA811175590B4A3807291F04130D010904000B0200130300
K1DFR,ver=1,seq=5,kind=2,frame=36,t_us=36060054,flags=0,len=512,crc=0x284CB31B,chunks=6
K1DFC,ver=1,seq=5,idx=0,off=0,len=96,crc=0xABF761B2,hex=00FA0200A000E0014201000020000000530F0000330D00000000000000000000A02103611802541D03792E04C04907CB4F088A38065A29043C21042F2004342705433206543F085741084735063A2A052E20042418031D1202170D0114090112
K1DFC,ver=1,seq=5,idx=1,off=96,len=96,crc=0xF821EA35,hex=07001307001307001006000E05000C04000A030008030006020005010003010002010001000001000000000000000000000000000000000000000000000000000000000000000000000000000000000000000000000000000000000000000000
K1DFC,ver=1,seq=5,idx=2,off=192,len=96,crc=0x66556ABD,hex=00000000000000000000000000000000000000000000000000000000000000000000000000000000000000000000000000000000000000000000000000000000000000000201000A0701171102291F04291F041711020A070102010000000000
K1DFC,ver=1,seq=5,idx=3,off=288,len=96,crc=0xBAF465AE,hex=000000000000000000000000000000000000000000000000000000000000000000000000000000000000000000000000000000000000000000000000000000000000000000000000000000000000000000000000000000000000000000000000
K1DFC,ver=1,seq=5,idx=4,off=384,len=96,crc=0x6B8A9934,hex=00000000000000000000000000000000000000000000000100000100000201000301000501000602000803000A03000C04000E0500100600130700130700120700140901170D011D12022418032E20043A2A05473506574108543F0843320634
K1DFC,ver=1,seq=5,idx=5,off=480,len=32,crc=0x21A1F3F7,hex=27052F20043C21045A29048A3806CB4F08C04907792E04541D03611802A02103
K1DFR,ver=1,seq=6,kind=2,frame=36,t_us=36060054,flags=0,len=512,crc=0x90954821,chunks=6
K1DFC,ver=1,seq=6,idx=0,off=0,len=96,crc=0xB2907C95,hex=01FA0200A000E0014201000016000000530F0000330D00000000000000000000F68B11EF9913BA7E1079570B4F3C07392B052E23042F23043A2B054735075640085C44094E3A074230063827052E20042719032014021B1001180C01160A0114
K1DFC,ver=1,seq=6,idx=1,off=96,len=96,crc=0xCE5E6B2E,hex=08001006000E05000C04000A040009030007020006020005010003010002010002000001000000000000000000000000000000000000000000000000000000000000000000000000000000000000000000000000000000000000000000000000
K1DFC,ver=1,seq=6,idx=2,off=192,len=96,crc=0x57E939C9,hex=00000000000000000000000000000000000000000000000000000000000000000000000000000000000000000000000000000000000000000000000000000000000100000602000D0500170800230D01230D011708000D050006020001000000
K1DFC,ver=1,seq=6,idx=3,off=288,len=96,crc=0xBAF465AE,hex=000000000000000000000000000000000000000000000000000000000000000000000000000000000000000000000000000000000000000000000000000000000000000000000000000000000000000000000000000000000000000000000000
K1DFC,ver=1,seq=6,idx=4,off=384,len=96,crc=0x741AF1FE,hex=00000000000000000000000000000000000000000000000000000100000200000201000301000501000602000702000903000A04000C04000E0500100600140800160A01180C011B10012014022719032E20043827054230064E3A075C440956
K1DFC,ver=1,seq=6,idx=5,off=480,len=32,crc=0x116238AD,hex=40084735073A2B052F23042E2304392B054F3C0779570BBA7E10EF9913F68B11
K1DFR,ver=1,seq=7,kind=2,frame=48,t_us=36119060,flags=0,len=512,crc=0x36528281,chunks=6
K1DFC,ver=1,seq=7,idx=0,off=0,len=96,crc=0x36B53822,hex=00FA0200A000E001490100001F000000560F0000340D00000000000000000000D93805CA4006D95008C14B08813505532604371F032D1F043427054332065540085943084936073C2B053021042619031E1302180E01150A0113080014070012
K1DFC,ver=1,seq=7,idx=1,off=96,len=96,crc=0x7901D051,hex=06000F06000D05000B040009030007020006020004010003010002000001000000000000000000000000000000000000000000000000000000000000000000000000000000000000000000000000000000000000000000000000000000000000
K1DFC,ver=1,seq=7,idx=2,off=192,len=96,crc=0x66556ABD,hex=00000000000000000000000000000000000000000000000000000000000000000000000000000000000000000000000000000000000000000000000000000000000000000201000A0701171102291F04291F041711020A070102010000000000
K1DFC,ver=1,seq=7,idx=3,off=288,len=96,crc=0xBAF465AE,hex=000000000000000000000000000000000000000000000000000000000000000000000000000000000000000000000000000000000000000000000000000000000000000000000000000000000000000000000000000000000000000000000000
K1DFC,ver=1,seq=7,idx=4,off=384,len=96,crc=0x93E0048E,hex=00000000000000000000000000000000000000000000000000000000000000000100000200000301000401000602000702000903000B04000D05000F0600120600140700130800150A01180E011E13022619033021043C2B0549360759430855
K1DFC,ver=1,seq=7,idx=5,off=480,len=32,crc=0x06043C60,hex=40084332063427052D1F04371F03532604813505C14B08D95008CA4006D93805
K1DFR,ver=1,seq=8,kind=2,frame=48,t_us=36119060,flags=0,len=512,crc=0xD1A0302F,chunks=6
K1DFC,ver=1,seq=8,idx=0,off=0,len=96,crc=0xA475EEBD,hex=01FA0200A000E0014901000015000000560F0000340D000000000000000000006714023C0C011C050008010000000000000000000000000000000000000000000000000008060019130233270556420884640DBB8E12BB8E1289680D614A0944
K1DFC,ver=1,seq=8,idx=1,off=96,len=96,crc=0x520A9264,hex=34063226052A1F042D2104372905443306523D084F3A07433106392905302204281B032216021D1102190D01170B011509011207000F05000D05000B040009030008030006020005020004010003010002000001000001000000000000000000
K1DFC,ver=1,seq=8,idx=2,off=192,len=96,crc=0x57E939C9,hex=00000000000000000000000000000000000000000000000000000000000000000000000000000000000000000000000000000000000000000000000000000000000100000602000D0500170800230D01230D011708000D050006020001000000
K1DFC,ver=1,seq=8,idx=3,off=288,len=96,crc=0xEF258793,hex=000000000000000000000000000000000000000000000000000000000000000000000000000000000000000000000000000000000000000000000000000000000000000000000001000001000002000003010004010005020006020008030009
K1DFC,ver=1,seq=8,idx=4,off=384,len=96,crc=0xD2B4D72D,hex=03000B04000D05000F0500120700150901170B01190D011D1102221602281B033022043929054331064F3A07523D084433063729052D21042A1F04322605443406614A0989680DBB8E12BB8E1284640D56420833270519130208060000000000
K1DFC,ver=1,seq=8,idx=5,off=480,len=32,crc=0x5F5065FC,hex=00000000000000000000000000000000000000000801001C05003C0C01671402
K1DFR,ver=1,seq=9,kind=2,frame=60,t_us=36179024,flags=0,len=512,crc=0xDF47C3C3,chunks=6
K1DFC,ver=1,seq=9,idx=0,off=0,len=96,crc=0x50FBFF9D,hex=00FA0200A000E001470100001F000000500F00002D0D000000000000000000001F06000D020003000000000000000000000000000000000000000000000000000000000000000000000000000000000000000000000004010017080038150267
K1DFC,ver=1,seq=9,idx=1,off=96,len=96,crc=0xB1B570E6,hex=2704A53E06C34A078031054E1F032C14021A0F011912022319032F23043D2D054E3907563F084833063C2A053221042A1A032414021F1001170B011107000D05000A040009030007020005020004010003010002000001000000000000000000
K1DFC,ver=1,seq=9,idx=2,off=192,len=96,crc=0x66556ABD,hex=00000000000000000000000000000000000000000000000000000000000000000000000000000000000000000000000000000000000000000000000000000000000000000201000A0701171102291F04291F041711020A070102010000000000
K1DFC,ver=1,seq=9,idx=3,off=288,len=96,crc=0x28D6860C,hex=00000000000000000000000000000000000000000000000000000000000000000000000000000000000000000000000000000000000000000000000000000000000000000000000100000200000301000401000502000702000903000A04000D
K1DFC,ver=1,seq=9,idx=4,off=384,len=96,crc=0xE56B52C9,hex=0500110700170B011F10012414022A1A033221043C2A05483306563F084E39073D2D052F23042319031912021A0F012C14024E1F03803105C34A07A53E0667270438150217080004010000000000000000000000000000000000000000000000
K1DFC,ver=1,seq=9,idx=5,off=480,len=32,crc=0xA7F96A1D,hex=00000000000000000000000000000000000000000000000300000D02001F0600
K1DFR,ver=1,seq=10,kind=2,frame=60,t_us=36179024,flags=0,len=512,crc=0xD6CA69C6,chunks=6
K1DFC,ver=1,seq=10,idx=0,off=0,len=96,crc=0xF7740426,hex=01FA0200A000E0014701000012000000500F00002D0D000000000000000000001303000B020005010001000000000000000000000000000000000000000000000000000000000000000000000000000000000000000000000000000000000000
K1DFC,ver=1,seq=10,idx=1,off=96,len=96,crc=0x60A3C177,hex=00000000000000000000000000000000000000000000000000000000000000000000000000000000000000000000000000000000000000000302000E0A012119033C2E066049098D6B0EB78B1289680D644C0A4937073629052C21042C200434
K1DFC,ver=1,seq=10,idx=2,off=192,len=96,crc=0xA6F9182F,hex=26053F2E064533063C2B053424042C1E032619032114021D11021A0E01180B011509011107000E05000C04000A04000803000702000602000401000301000201000301000702000E0500170900240D01240D011709000E050007020003010002
K1DFC,ver=1,seq=10,idx=3,off=288,len=96,crc=0x8EE10BBF,hex=01000301000401000602000702000803000A04000C04000E0500110700150901180B011A0E011D11022114022619032C1E033424043C2B054533063F2E063426052C20042C2104362905493707644C0A89680DB78B128D6B0E6049093C2E0621
K1DFC,ver=1,seq=10,idx=4,off=384,len=96,crc=0xDE8A0CF0,hex=19030E0A0103020000000000000000000000000000000000000000000000000000000000000000000000000000000000000000000000000000000000000000000000000000000000000000000000000000000000000000000000000000000000
K1DFC,ver=1,seq=10,idx=5,off=480,len=32,crc=0x21D8B15A,hex=00000000000000000000000000000000000000000100000501000B0200130300
K1DFR,ver=1,seq=11,kind=2,frame=72,t_us=36238031,flags=0,len=512,crc=0x29D31865,chunks=6
K1DFC,ver=1,seq=11,idx=0,off=0,len=96,crc=0x132C97FB,hex=00FA0200A000E0012F0100001F000000590F0000350D000000000000000000001F06000D020003000000000000000000000000000000000000000000000000000000000000000000000000000000000000000000000000000000000000000000
K1DFC,ver=1,seq=11,idx=1,off=96,len=96,crc=0x0E37164A,hex=00000000000000000000000000000000000000000000000000000000000000000000000000000000000000000000000000000000000000000000000000000000000000000000000000000000000401001508003213025C2303923705A73F066D
K1DFC,ver=1,seq=11,idx=2,off=192,len=96,crc=0x87DD7CCD,hex=29043F18021F0C010D05000805000E0901150E011E1402291B03352304422D055138074D3306422B05352204291A031F1302160D010F08010A05000602000401000201000402000B0801171102291F04291F041711020B080104020002010004
K1DFC,ver=1,seq=11,idx=3,off=288,len=96,crc=0x7756DCC8,hex=01000602000A05000F0801160D011F1302291A03352204422B054D3306513807422D05352304291B031E1402150E010E09010805000D05001F0C013F18026D2904A73F069237055C230332130215080004010000000000000000000000000000
K1DFC,ver=1,seq=11,idx=4,off=384,len=96,crc=0xBAF465AE,hex=000000000000000000000000000000000000000000000000000000000000000000000000000000000000000000000000000000000000000000000000000000000000000000000000000000000000000000000000000000000000000000000000
K1DFC,ver=1,seq=11,idx=5,off=480,len=32,crc=0xA7F96A1D,hex=00000000000000000000000000000000000000000000000300000D02001F0600
K1DFR,ver=1,seq=12,kind=2,frame=72,t_us=36238031,flags=0,len=512,crc=0x2DE42A37,chunks=6
K1DFC,ver=1,seq=12,idx=0,off=0,len=96,crc=0x99F45A85,hex=01FA0200A000E0012F01000016000000590F0000350D000000000000000000001303000B020005010001000000000000000000000000000000000000000000000000000000000000000000000000000000000000000000000000000000000000
K1DFC,ver=1,seq=12,idx=1,off=96,len=96,crc=0xBAF465AE,hex=000000000000000000000000000000000000000000000000000000000000000000000000000000000000000000000000000000000000000000000000000000000000000000000000000000000000000000000000000000000000000000000000
K1DFC,ver=1,seq=12,idx=2,off=192,len=96,crc=0x36D92A7A,hex=00000000000000000000000000000000000000000000000000000000000000000000000101000907001812022F23044D3A0772570BA0790F81620C624A094A37073B2B053726043D28054E30065B35065B35064E30063D28053726043B2B054A
K1DFC,ver=1,seq=12,idx=3,off=288,len=96,crc=0xB7E95BFD,hex=3707624A0981620CA0790F72570B4D3A072F230418120209070001010000000000000000000000000000000000000000000000000000000000000000000000000000000000000000000000000000000000000000000000000000000000000000
K1DFC,ver=1,seq=12,idx=4,off=384,len=96,crc=0xBAF465AE,hex=000000000000000000000000000000000000000000000000000000000000000000000000000000000000000000000000000000000000000000000000000000000000000000000000000000000000000000000000000000000000000000000000
K1DFC,ver=1,seq=12,idx=5,off=480,len=32,crc=0x21D8B15A,hex=00000000000000000000000000000000000000000100000501000B0200130300
K1DFR,ver=1,seq=13,kind=2,frame=84,t_us=36297077,flags=0,len=512,crc=0xD9111B3B,chunks=6
K1DFC,ver=1,seq=13,idx=0,off=0,len=96,crc=0x697A3BB5,hex=00FA0200A000E0013F01000024000000570F0000370D000000000000000000001F06000D020003000000000000000000000000000000000000000000000000000000000000000000000000000000000000000000000000000000000000000000
K1DFC,ver=1,seq=13,idx=1,off=96,len=96,crc=0xBAF465AE,hex=000000000000000000000000000000000000000000000000000000000000000000000000000000000000000000000000000000000000000000000000000000000000000000000000000000000000000000000000000000000000000000000000
K1DFC,ver=1,seq=13,idx=2,off=192,len=96,crc=0x97AA6EDD,hex=00000000000000000000000000000000000000000000000000000000000000000000000000000000000000000000000000000602001708003313025B22038E3505893405602704522A055D3D07835F0C835F0C5D3D07522A056027048934058E
K1DFC,ver=1,seq=13,idx=3,off=288,len=96,crc=0x5AE80A99,hex=35055B220333130217080006020000000000000000000000000000000000000000000000000000000000000000000000000000000000000000000000000000000000000000000000000000000000000000000000000000000000000000000000
K1DFC,ver=1,seq=13,idx=4,off=384,len=96,crc=0xBAF465AE,hex=000000000000000000000000000000000000000000000000000000000000000000000000000000000000000000000000000000000000000000000000000000000000000000000000000000000000000000000000000000000000000000000000
K1DFC,ver=1,seq=13,idx=5,off=480,len=32,crc=0xA7F96A1D,hex=00000000000000000000000000000000000000000000000300000D02001F0600
K1DFR,ver=1,seq=14,kind=2,frame=84,t_us=36297077,flags=0,len=512,crc=0xDB338E56,chunks=6
K1DFC,ver=1,seq=14,idx=0,off=0,len=96,crc=0x65EADD68,hex=01FA0200A000E0013F01000015000000570F0000370D000000000000000000001303000B020005010001000000000000000000000000000000000000000000000000000000000000000000000000000000000000000000000000000000000000
K1DFC,ver=1,seq=14,idx=1,off=96,len=96,crc=0xBAF465AE,hex=000000000000000000000000000000000000000000000000000000000000000000000000000000000000000000000000000000000000000000000000000000000000000000000000000000000000000000000000000000000000000000000000
K1DFC,ver=1,seq=14,idx=2,off=192,len=96,crc=0xAF0105C8,hex=0000000000000000000000000000000000000000000000000000000000000000000000000000000000000000000000000000000000000000000000070500140F022E2104563A078E5D0BD48711E18610E18610D487118E5D0B563A072E210414
K1DFC,ver=1,seq=14,idx=3,off=288,len=96,crc=0x6262FE55,hex=0F0207050000000000000000000000000000000000000000000000000000000000000000000000000000000000000000000000000000000000000000000000000000000000000000000000000000000000000000000000000000000000000000
K1DFC,ver=1,seq=14,idx=4,off=384,len=96,crc=0xBAF465AE,hex=000000000000000000000000000000000000000000000000000000000000000000000000000000000000000000000000000000000000000000000000000000000000000000000000000000000000000000000000000000000000000000000000
K1DFC,ver=1,seq=14,idx=5,off=480,len=32,crc=0x21D8B15A,hex=00000000000000000000000000000000000000000100000501000B0200130300
K1DFR,ver=1,seq=15,kind=2,frame=96,t_us=36356987,flags=0,len=512,crc=0x2B6D7B32,chunks=6
K1DFC,ver=1,seq=15,idx=0,off=0,len=96,crc=0x5A442A54,hex=00FA0200A000E0010E0100001F000000640F0000460D000000000000000000001F06000D020003000000000000000000000000000000000000000000000000000000000000000000000000000000000000000000000000000000000000000000
K1DFC,ver=1,seq=15,idx=1,off=96,len=96,crc=0xBAF465AE,hex=000000000000000000000000000000000000000000000000000000000000000000000000000000000000000000000000000000000000000000000000000000000000000000000000000000000000000000000000000000000000000000000000
K1DFC,ver=1,seq=15,idx=2,off=192,len=96,crc=0x46DBE26D,hex=00000000000000000000000000000000000000000000000000000000000000000000000000000000000000000000000000000000000000000401001307002D1101531F038B3806B15009A95D0BBD7B0FBD7B0FA95D0BB150098B3806531F032D
K1DFC,ver=1,seq=15,idx=3,off=288,len=96,crc=0xFD54077A,hex=110113070004010000000000000000000000000000000000000000000000000000000000000000000000000000000000000000000000000000000000000000000000000000000000000000000000000000000000000000000000000000000000
K1DFC,ver=1,seq=15,idx=4,off=384,len=96,crc=0xBAF465AE,hex=000000000000000000000000000000000000000000000000000000000000000000000000000000000000000000000000000000000000000000000000000000000000000000000000000000000000000000000000000000000000000000000000
K1DFC,ver=1,seq=15,idx=5,off=480,len=32,crc=0xA7F96A1D,hex=00000000000000000000000000000000000000000000000300000D02001F0600
K1DFR,ver=1,seq=16,kind=2,frame=96,t_us=36356987,flags=0,len=512,crc=0x199B28B2,chunks=6
K1DFC,ver=1,seq=16,idx=0,off=0,len=96,crc=0x3E98067B,hex=01FA0200A000E0010E01000015000000640F0000460D000000000000000000001303000B020005010001000000000000000000000000000000000000000000000000000000000000000000000000000000000000000000000000000000000000
K1DFC,ver=1,seq=16,idx=1,off=96,len=96,crc=0xBAF465AE,hex=000000000000000000000000000000000000000000000000000000000000000000000000000000000000000000000000000000000000000000000000000000000000000000000000000000000000000000000000000000000000000000000000
K1DFC,ver=1,seq=16,idx=2,off=192,len=96,crc=0xB1DD00AF,hex=0000000000000000050400120E01261D03423206644C0A8F6C0E926F0E6B510A4B3907342705241B031E16021F1703271D033023043B2B053D2C05362604312004311E033B1F034D2404692C048D38068D3806692C044D24043B1F03311E0331
K1DFC,ver=1,seq=16,idx=3,off=288,len=96,crc=0xE4C5D5AA,hex=20043626043D2C053B2B05302304271D031F17031E1602241B033427054B39076B510A926F0E8F6C0E644C0A423206261D03120E0105040000000000000000000000000000000000000000000000000000000000000000000000000000000000
K1DFC,ver=1,seq=16,idx=4,off=384,len=96,crc=0xBAF465AE,hex=000000000000000000000000000000000000000000000000000000000000000000000000000000000000000000000000000000000000000000000000000000000000000000000000000000000000000000000000000000000000000000000000
K1DFC,ver=1,seq=16,idx=5,off=480,len=32,crc=0x21D8B15A,hex=00000000000000000000000000000000000000000100000501000B0200130300
K1DFR,ver=1,seq=17,kind=2,frame=108,t_us=36417076,flags=0,len=512,crc=0x9BF5714B,chunks=6
K1DFC,ver=1,seq=17,idx=0,off=0,len=96,crc=0xC0B626B3,hex=00FA0200A000E00159010000200000005C0F00003E0D000000000000000000001F06000D020003000000000000000000000000000000000000000000000000000000000000000000000000000000000000000000000000000000000000000000
K1DFC,ver=1,seq=17,idx=1,off=96,len=96,crc=0x1E009FC1,hex=00000000000000000000000000000000000000000000000000000000000000000000000000000000000000000000000000000000000000000000000000000000000000000000000000000000000000000000000000000000000000000803001D
K1DFC,ver=1,seq=17,idx=2,off=192,len=96,crc=0x9F50E688,hex=0B013F17026C2904A840069139066128043E1D03291702221803281E033326054030063C2C05312404281C032116021B1102160D01130A01120800120700130700120700120800180D01221602322304322304221602180D0112080012070013
K1DFC,ver=1,seq=17,idx=3,off=288,len=96,crc=0x3EC66F69,hex=0700120700120800130A01160D011B1102211602281C033124043C2C05403006332605281E032218032917023E1D03612804913906A840066C29043F17021D0B0108030000000000000000000000000000000000000000000000000000000000
K1DFC,ver=1,seq=17,idx=4,off=384,len=96,crc=0xBAF465AE,hex=000000000000000000000000000000000000000000000000000000000000000000000000000000000000000000000000000000000000000000000000000000000000000000000000000000000000000000000000000000000000000000000000
K1DFC,ver=1,seq=17,idx=5,off=480,len=32,crc=0xA7F96A1D,hex=00000000000000000000000000000000000000000000000300000D02001F0600
K1DFR,ver=1,seq=18,kind=2,frame=108,t_us=36417076,flags=0,len=512,crc=0x8083FEBD,chunks=6
K1DFC,ver=1,seq=18,idx=0,off=0,len=96,crc=0x915DA442,hex=01FA0200A000E00159010000160000005C0F00003E0D000000000000000000001303000B020005010001000000000000000000000000000000000000000000000000000000000000000000000000000000000000000000000000000000000000
K1DFC,ver=1,seq=18,idx=1,off=96,len=96,crc=0xBAB1EA73,hex=00000000000000000000000000000000000201000C09011F17033A2C055E47098B690DC1931399750F6F540B4D3B07362905281E04241B032A1F043427054030064D39074432063A2A053123042A1D032317031E13021A0F01170C01150A0115
K1DFC,ver=1,seq=18,idx=2,off=192,len=96,crc=0x7B9ADA02,hex=08001107000F05000D05000B04000903000803000602000502000401000301000200000100000100000000000000000000000000000000000000000000000000000100000602000D0500170800230D01230D011708000D050006020001000000
K1DFC,ver=1,seq=18,idx=3,off=288,len=96,crc=0x112A9A48,hex=00000000000000000000000000000000000000000000000100000100000200000301000401000502000602000803000903000B04000D05000F0500110700150800150A01170C011A0F011E13022317032A1D033123043A2A054432064D390740
K1DFC,ver=1,seq=18,idx=4,off=384,len=96,crc=0xE736E75E,hex=30063427052A1F04241B03281E043629054D3B076F540B99750FC193138B690D5E47093A2C051F17030C090102010000000000000000000000000000000000000000000000000000000000000000000000000000000000000000000000000000
K1DFC,ver=1,seq=18,idx=5,off=480,len=32,crc=0x21D8B15A,hex=00000000000000000000000000000000000000000100000501000B0200130300
K1DFR,ver=1,seq=19,kind=2,frame=120,t_us=36476160,flags=0,len=512,crc=0xF4515939,chunks=6
K1DFC,ver=1,seq=19,idx=0,off=0,len=96,crc=0x4A0569A3,hex=00FA0200A000E0017F01000028000000640F0000470D000000000000000000001F06000D020003000000000000000000000000000000000000000000000000000000000000000000000000000000000000000000000000000000000000000000
K1DFC,ver=1,seq=19,idx=1,off=96,len=96,crc=0x09DA3182,hex=0000000000090300210C01461A027A2E04BE4907AA4307722F054A2204311C03291D033024043E2E064E3A074937073C2C05312304271B031F1402190F01150B011208011207001307001207001006000D05000B040009030007020006020004
K1DFC,ver=1,seq=19,idx=2,off=192,len=96,crc=0x435413E5,hex=01000301000200000100000100000000000000000000000000000000000000000000000000000000000000000000000000000000000000000000000000000000000000000201000A0701171102291F04291F041711020A070102010000000000
K1DFC,ver=1,seq=19,idx=3,off=288,len=96,crc=0xDA56514B,hex=00000000000000000000000000000000000000000000000000000000000000000000000000000000000000000000000000000100000100000200000301000401000602000702000903000B04000D050010060012070013070012070012080115
K1DFC,ver=1,seq=19,idx=4,off=384,len=96,crc=0x2E8DD2AE,hex=0B01190F011F1402271B033123043C2C054937074E3A073E2E06302404291D03311C034A2204722F05AA4307BE49077A2E04461A02210C0109030000000000000000000000000000000000000000000000000000000000000000000000000000
K1DFC,ver=1,seq=19,idx=5,off=480,len=32,crc=0xA7F96A1D,hex=00000000000000000000000000000000000000000000000300000D02001F0600
K1DFR,ver=1,seq=20,kind=2,frame=120,t_us=36476160,flags=0,len=512,crc=0x39CF4A49,chunks=6
K1DFC,ver=1,seq=20,idx=0,off=0,len=96,crc=0x40858037,hex=01FA0200A000E0017F0100001A000000640F0000470D000000000000000000001303000B0200090400130D01291F044A380775590BAA8111DAA615A47D10765A0B533F083A2C052D22042B21043427054130064F3B075B44084E3A0742300638
K1DFC,ver=1,seq=20,idx=1,off=96,len=96,crc=0xA66137BE,hex=28052F2004271A032114021C1002180C01160A011508001106000E05000C04000B040009030007030006020005020004010003010002000001000001000000000000000000000000000000000000000000000000000000000000000000000000
K1DFC,ver=1,seq=20,idx=2,off=192,len=96,crc=0x57E939C9,hex=00000000000000000000000000000000000000000000000000000000000000000000000000000000000000000000000000000000000000000000000000000000000100000602000D0500170800230D01230D011708000D050006020001000000
K1DFC,ver=1,seq=20,idx=3,off=288,len=96,crc=0xBAF465AE,hex=000000000000000000000000000000000000000000000000000000000000000000000000000000000000000000000000000000000000000000000000000000000000000000000000000000000000000000000000000000000000000000000000
K1DFC,ver=1,seq=20,idx=4,off=384,len=96,crc=0x6BD5747D,hex=00000100000100000200000301000401000502000602000703000903000B04000C04000E0500110600150800160A01180C011C1002211402271A032F20043828054230064E3A075B44084F3B074130063427052B21042D22043A2C05533F0876
K1DFC,ver=1,seq=20,idx=5,off=480,len=32,crc=0xB37D9571,hex=5A0BA47D10DAA615AA811175590B4A3807291F04130D010904000B0200130300
K1DFR,ver=1,seq=21,kind=2,frame=132,t_us=36535085,flags=0,len=512,crc=0x38EAC938,chunks=6
K1DFC,ver=1,seq=21,idx=0,off=0,len=96,crc=0x2CCE8DAF,hex=00FA0200A000E0014F01000021000000610F0000410D00000000000000000000A02103611802541D03792E04C04907CB4F088A38065A29043C21042F2004342705433206543F085741084735063A2A052E20042418031D1202170D0114090112
K1DFC,ver=1,seq=21,idx=1,off=96,len=96,crc=0xF821EA35,hex=07001307001307001006000E05000C04000A030008030006020005010003010002010001000001000000000000000000000000000000000000000000000000000000000000000000000000000000000000000000000000000000000000000000
K1DFC,ver=1,seq=21,idx=2,off=192,len=96,crc=0x66556ABD,hex=00000000000000000000000000000000000000000000000000000000000000000000000000000000000000000000000000000000000000000000000000000000000000000201000A0701171102291F04291F041711020A070102010000000000
K1DFC,ver=1,seq=21,idx=3,off=288,len=96,crc=0xBAF465AE,hex=000000000000000000000000000000000000000000000000000000000000000000000000000000000000000000000000000000000000000000000000000000000000000000000000000000000000000000000000000000000000000000000000
K1DFC,ver=1,seq=21,idx=4,off=384,len=96,crc=0x6B8A9934,hex=00000000000000000000000000000000000000000000000100000100000201000301000501000602000803000A03000C04000E0500100600130700130700120700140901170D011D12022418032E20043A2A05473506574108543F0843320634
K1DFC,ver=1,seq=21,idx=5,off=480,len=32,crc=0x21A1F3F7,hex=27052F20043C21045A29048A3806CB4F08C04907792E04541D03611802A02103
K1DFR,ver=1,seq=22,kind=2,frame=132,t_us=36535085,flags=0,len=512,crc=0xF4A37CAD,chunks=6
K1DFC,ver=1,seq=22,idx=0,off=0,len=96,crc=0x8F5F58D0,hex=01FA0200A000E0014F01000019000000610F0000410D00000000000000000000F68B11EF9913BA7E1079570B4F3C07392B052E23042F23043A2B054735075640085C44094E3A074230063827052E20042719032014021B1001180C01160A0114
K1DFC,ver=1,seq=22,idx=1,off=96,len=96,crc=0xCE5E6B2E,hex=08001006000E05000C04000A040009030007020006020005010003010002010002000001000000000000000000000000000000000000000000000000000000000000000000000000000000000000000000000000000000000000000000000000
K1DFC,ver=1,seq=22,idx=2,off=192,len=96,crc=0x57E939C9,hex=00000000000000000000000000000000000000000000000000000000000000000000000000000000000000000000000000000000000000000000000000000000000100000602000D0500170800230D01230D011708000D050006020001000000
K1DFC,ver=1,seq=22,idx=3,off=288,len=96,crc=0xBAF465AE,hex=000000000000000000000000000000000000000000000000000000000000000000000000000000000000000000000000000000000000000000000000000000000000000000000000000000000000000000000000000000000000000000000000
K1DFC,ver=1,seq=22,idx=4,off=384,len=96,crc=0x741AF1FE,hex=00000000000000000000000000000000000000000000000000000100000200000201000301000501000602000702000903000A04000C04000E0500100600140800160A01180C011B10012014022719032E20043827054230064E3A075C440956
K1DFC,ver=1,seq=22,idx=5,off=480,len=32,crc=0x116238AD,hex=40084735073A2B052F23042E2304392B054F3C0779570BBA7E10EF9913F68B11
K1DFR,ver=1,seq=23,kind=2,frame=144,t_us=36595116,flags=0,len=512,crc=0x37E2CA44,chunks=6
K1DFC,ver=1,seq=23,idx=0,off=0,len=96,crc=0x69456278,hex=00FA0200A000E0016F010000220000005C0F00003A0D00000000000000000000D93805CA4006D95008C14B08813505532604371F032D1F043427054332065540085943084936073C2B053021042619031E1302180E01150A0113080014070012
K1DFC,ver=1,seq=23,idx=1,off=96,len=96,crc=0x7901D051,hex=06000F06000D05000B040009030007020006020004010003010002000001000000000000000000000000000000000000000000000000000000000000000000000000000000000000000000000000000000000000000000000000000000000000
K1DFC,ver=1,seq=23,idx=2,off=192,len=96,crc=0x66556ABD,hex=00000000000000000000000000000000000000000000000000000000000000000000000000000000000000000000000000000000000000000000000000000000000000000201000A0701171102291F04291F041711020A070102010000000000
K1DFC,ver=1,seq=23,idx=3,off=288,len=96,crc=0xBAF465AE,hex=000000000000000000000000000000000000000000000000000000000000000000000000000000000000000000000000000000000000000000000000000000000000000000000000000000000000000000000000000000000000000000000000
K1DFC,ver=1,seq=23,idx=4,off=384,len=96,crc=0x93E0048E,hex=00000000000000000000000000000000000000000000000000000000000000000100000200000301000401000602000702000903000B04000D05000F0600120600140700130800150A01180E011E13022619033021043C2B0549360759430855
K1DFC,ver=1,seq=23,idx=5,off=480,len=32,crc=0x06043C60,hex=40084332063427052D1F04371F03532604813505C14B08D95008CA4006D93805
K1DFR,ver=1,seq=24,kind=2,frame=144,t_us=36595116,flags=0,len=512,crc=0x1F562259,chunks=6
K1DFC,ver=1,seq=24,idx=0,off=0,len=96,crc=0x94B1BAF6,hex=01FA0200A000E0016F010000150000005C0F00003A0D000000000000000000006714023C0C011C050008010000000000000000000000000000000000000000000000000008060019130233270556420884640DBB8E12BB8E1289680D614A0944
K1DFC,ver=1,seq=24,idx=1,off=96,len=96,crc=0x520A9264,hex=34063226052A1F042D2104372905443306523D084F3A07433106392905302204281B032216021D1102190D01170B011509011207000F05000D05000B040009030008030006020005020004010003010002000001000001000000000000000000
K1DFC,ver=1,seq=24,idx=2,off=192,len=96,crc=0x57E939C9,hex=00000000000000000000000000000000000000000000000000000000000000000000000000000000000000000000000000000000000000000000000000000000000100000602000D0500170800230D01230D011708000D050006020001000000
K1DFC,ver=1,seq=24,idx=3,off=288,len=96,crc=0xEF258793,hex=000000000000000000000000000000000000000000000000000000000000000000000000000000000000000000000000000000000000000000000000000000000000000000000001000001000002000003010004010005020006020008030009
K1DFC,ver=1,seq=24,idx=4,off=384,len=96,crc=0xD2B4D72D,hex=03000B04000D05000F0500120700150901170B01190D011D1102221602281B033022043929054331064F3A07523D084433063729052D21042A1F04322605443406614A0989680DBB8E12BB8E1284640D56420833270519130208060000000000
K1DFC,ver=1,seq=24,idx=5,off=480,len=32,crc=0x5F5065FC,hex=00000000000000000000000000000000000000000801001C05003C0C01671402
K1DFR,ver=1,seq=25,kind=2,frame=156,t_us=36654056,flags=0,len=512,crc=0x844963FF,chunks=6
K1DFC,ver=1,seq=25,idx=0,off=0,len=96,crc=0xEF844731,hex=00FA0200A000E0014301000020000000620F0000400D000000000000000000001F06000D020003000000000000000000000000000000000000000000000000000000000000000000000000000000000000000000000004010017080038150267
K1DFC,ver=1,seq=25,idx=1,off=96,len=96,crc=0xB1B570E6,hex=2704A53E06C34A078031054E1F032C14021A0F011912022319032F23043D2D054E3907563F084833063C2A053221042A1A032414021F1001170B011107000D05000A040009030007020005020004010003010002000001000000000000000000
K1DFC,ver=1,seq=25,idx=2,off=192,len=96,crc=0x66556ABD,hex=00000000000000000000000000000000000000000000000000000000000000000000000000000000000000000000000000000000000000000000000000000000000000000201000A0701171102291F04291F041711020A070102010000000000
K1DFC,ver=1,seq=25,idx=3,off=288,len=96,crc=0x28D6860C,hex=00000000000000000000000000000000000000000000000000000000000000000000000000000000000000000000000000000000000000000000000000000000000000000000000100000200000301000401000502000702000903000A04000D
K1DFC,ver=1,seq=25,idx=4,off=384,len=96,crc=0xE56B52C9,hex=0500110700170B011F10012414022A1A033221043C2A05483306563F084E39073D2D052F23042319031912021A0F012C14024E1F03803105C34A07A53E0667270438150217080004010000000000000000000000000000000000000000000000
K1DFC,ver=1,seq=25,idx=5,off=480,len=32,crc=0xA7F96A1D,hex=00000000000000000000000000000000000000000000000300000D02001F0600
K1DFR,ver=1,seq=26,kind=2,frame=156,t_us=36654056,flags=0,len=512,crc=0x84F4F507,chunks=6
K1DFC,ver=1,seq=26,idx=0,off=0,len=96,crc=0xCE439729,hex=01FA0200A000E0014301000015000000620F0000400D000000000000000000001303000B020005010001000000000000000000000000000000000000000000000000000000000000000000000000000000000000000000000000000000000000
K1DFC,ver=1,seq=26,idx=1,off=96,len=96,crc=0x60A3C177,hex=00000000000000000000000000000000000000000000000000000000000000000000000000000000000000000000000000000000000000000302000E0A012119033C2E066049098D6B0EB78B1289680D644C0A4937073629052C21042C200434
K1DFC,ver=1,seq=26,idx=2,off=192,len=96,crc=0xA6F9182F,hex=26053F2E064533063C2B053424042C1E032619032114021D11021A0E01180B011509011107000E05000C04000A04000803000702000602000401000301000201000301000702000E0500170900240D01240D011709000E050007020003010002
K1DFC,ver=1,seq=26,idx=3,off=288,len=96,crc=0x8EE10BBF,hex=01000301000401000602000702000803000A04000C04000E0500110700150901180B011A0E011D11022114022619032C1E033424043C2B054533063F2E063426052C20042C2104362905493707644C0A89680DB78B128D6B0E6049093C2E0621
K1DFC,ver=1,seq=26,idx=4,off=384,len=96,crc=0xDE8A0CF0,hex=19030E0A0103020000000000000000000000000000000000000000000000000000000000000000000000000000000000000000000000000000000000000000000000000000000000000000000000000000000000000000000000000000000000
K1DFC,ver=1,seq=26,idx=5,off=480,len=32,crc=0x21D8B15A,hex=00000000000000000000000000000000000000000100000501000B0200130300
K1DFR,ver=1,seq=27,kind=2,frame=168,t_us=36713048,flags=0,len=512,crc=0x57702EB5,chunks=6
K1DFC,ver=1,seq=27,idx=0,off=0,len=96,crc=0x6E7CBEE2,hex=00FA0200A000E0014001000021000000620F00003F0D000000000000000000001F06000D020003000000000000000000000000000000000000000000000000000000000000000000000000000000000000000000000000000000000000000000
K1DFC,ver=1,seq=27,idx=1,off=96,len=96,crc=0x0E37164A,hex=00000000000000000000000000000000000000000000000000000000000000000000000000000000000000000000000000000000000000000000000000000000000000000000000000000000000401001508003213025C2303923705A73F066D
K1DFC,ver=1,seq=27,idx=2,off=192,len=96,crc=0x87DD7CCD,hex=29043F18021F0C010D05000805000E0901150E011E1402291B03352304422D055138074D3306422B05352204291A031F1302160D010F08010A05000602000401000201000402000B0801171102291F04291F041711020B080104020002010004
K1DFC,ver=1,seq=27,idx=3,off=288,len=96,crc=0x7756DCC8,hex=01000602000A05000F0801160D011F1302291A03352204422B054D3306513807422D05352304291B031E1402150E010E09010805000D05001F0C013F18026D2904A73F069237055C230332130215080004010000000000000000000000000000
K1DFC,ver=1,seq=27,idx=4,off=384,len=96,crc=0xBAF465AE,hex=000000000000000000000000000000000000000000000000000000000000000000000000000000000000000000000000000000000000000000000000000000000000000000000000000000000000000000000000000000000000000000000000
K1DFC,ver=1,seq=27,idx=5,off=480,len=32,crc=0xA7F96A1D,hex=00000000000000000000000000000000000000000000000300000D02001F0600
K1DFR,ver=1,seq=28,kind=2,frame=168,t_us=36713048,flags=0,len=512,crc=0x9C014654,chunks=6
K1DFC,ver=1,seq=28,idx=0,off=0,len=96,crc=0x8B907D8D,hex=01FA0200A000E0014001000015000000620F00003F0D000000000000000000001303000B020005010001000000000000000000000000000000000000000000000000000000000000000000000000000000000000000000000000000000000000
K1DFC,ver=1,seq=28,idx=1,off=96,len=96,crc=0xBAF465AE,hex=000000000000000000000000000000000000000000000000000000000000000000000000000000000000000000000000000000000000000000000000000000000000000000000000000000000000000000000000000000000000000000000000
K1DFC,ver=1,seq=28,idx=2,off=192,len=96,crc=0x36D92A7A,hex=00000000000000000000000000000000000000000000000000000000000000000000000101000907001812022F23044D3A0772570BA0790F81620C624A094A37073B2B053726043D28054E30065B35065B35064E30063D28053726043B2B054A
K1DFC,ver=1,seq=28,idx=3,off=288,len=96,crc=0xB7E95BFD,hex=3707624A0981620CA0790F72570B4D3A072F230418120209070001010000000000000000000000000000000000000000000000000000000000000000000000000000000000000000000000000000000000000000000000000000000000000000
K1DFC,ver=1,seq=28,idx=4,off=384,len=96,crc=0xBAF465AE,hex=000000000000000000000000000000000000000000000000000000000000000000000000000000000000000000000000000000000000000000000000000000000000000000000000000000000000000000000000000000000000000000000000
K1DFC,ver=1,seq=28,idx=5,off=480,len=32,crc=0x21D8B15A,hex=00000000000000000000000000000000000000000100000501000B0200130300
K1DFR,ver=1,seq=29,kind=2,frame=180,t_us=36773004,flags=0,len=512,crc=0x6D9187E4,chunks=6
K1DFC,ver=1,seq=29,idx=0,off=0,len=96,crc=0x25BF8B3A,hex=00FA0200A000E001110100001F0000005D0F00003B0D000000000000000000001F06000D020003000000000000000000000000000000000000000000000000000000000000000000000000000000000000000000000000000000000000000000
K1DFC,ver=1,seq=29,idx=1,off=96,len=96,crc=0xBAF465AE,hex=000000000000000000000000000000000000000000000000000000000000000000000000000000000000000000000000000000000000000000000000000000000000000000000000000000000000000000000000000000000000000000000000
K1DFC,ver=1,seq=29,idx=2,off=192,len=96,crc=0x97AA6EDD,hex=00000000000000000000000000000000000000000000000000000000000000000000000000000000000000000000000000000602001708003313025B22038E3505893405602704522A055D3D07835F0C835F0C5D3D07522A056027048934058E
K1DFC,ver=1,seq=29,idx=3,off=288,len=96,crc=0x5AE80A99,hex=35055B220333130217080006020000000000000000000000000000000000000000000000000000000000000000000000000000000000000000000000000000000000000000000000000000000000000000000000000000000000000000000000
K1DFC,ver=1,seq=29,idx=4,off=384,len=96,crc=0xBAF465AE,hex=000000000000000000000000000000000000000000000000000000000000000000000000000000000000000000000000000000000000000000000000000000000000000000000000000000000000000000000000000000000000000000000000
K1DFC,ver=1,seq=29,idx=5,off=480,len=32,crc=0xA7F96A1D,hex=00000000000000000000000000000000000000000000000300000D02001F0600
K1DFR,ver=1,seq=30,kind=2,frame=180,t_us=36773004,flags=0,len=512,crc=0x66832E74,chunks=6
K1DFC,ver=1,seq=30,idx=0,off=0,len=96,crc=0xAF674644,hex=01FA0200A000E00111010000160000005D0F00003B0D000000000000000000001303000B020005010001000000000000000000000000000000000000000000000000000000000000000000000000000000000000000000000000000000000000
K1DFC,ver=1,seq=30,idx=1,off=96,len=96,crc=0xBAF465AE,hex=000000000000000000000000000000000000000000000000000000000000000000000000000000000000000000000000000000000000000000000000000000000000000000000000000000000000000000000000000000000000000000000000
K1DFC,ver=1,seq=30,idx=2,off=192,len=96,crc=0xAF0105C8,hex=0000000000000000000000000000000000000000000000000000000000000000000000000000000000000000000000000000000000000000000000070500140F022E2104563A078E5D0BD48711E18610E18610D487118E5D0B563A072E210414
K1DFC,ver=1,seq=30,idx=3,off=288,len=96,crc=0x6262FE55,hex=0F0207050000000000000000000000000000000000000000000000000000000000000000000000000000000000000000000000000000000000000000000000000000000000000000000000000000000000000000000000000000000000000000
K1DFC,ver=1,seq=30,idx=4,off=384,len=96,crc=0xBAF465AE,hex=000000000000000000000000000000000000000000000000000000000000000000000000000000000000000000000000000000000000000000000000000000000000000000000000000000000000000000000000000000000000000000000000
K1DFC,ver=1,seq=30,idx=5,off=480,len=32,crc=0x21D8B15A,hex=00000000000000000000000000000000000000000100000501000B0200130300
K1DFR,ver=1,seq=31,kind=2,frame=192,t_us=36831988,flags=0,len=512,crc=0x5F0F36F1,chunks=6
K1DFC,ver=1,seq=31,idx=0,off=0,len=96,crc=0x0540DA06,hex=00FA0200A000E0011B01000021000000610F0000410D000000000000000000001F06000D020003000000000000000000000000000000000000000000000000000000000000000000000000000000000000000000000000000000000000000000
K1DFC,ver=1,seq=31,idx=1,off=96,len=96,crc=0xBAF465AE,hex=000000000000000000000000000000000000000000000000000000000000000000000000000000000000000000000000000000000000000000000000000000000000000000000000000000000000000000000000000000000000000000000000
K1DFC,ver=1,seq=31,idx=2,off=192,len=96,crc=0x46DBE26D,hex=00000000000000000000000000000000000000000000000000000000000000000000000000000000000000000000000000000000000000000401001307002D1101531F038B3806B15009A95D0BBD7B0FBD7B0FA95D0BB150098B3806531F032D
K1DFC,ver=1,seq=31,idx=3,off=288,len=96,crc=0xFD54077A,hex=110113070004010000000000000000000000000000000000000000000000000000000000000000000000000000000000000000000000000000000000000000000000000000000000000000000000000000000000000000000000000000000000
K1DFC,ver=1,seq=31,idx=4,off=384,len=96,crc=0xBAF465AE,hex=000000000000000000000000000000000000000000000000000000000000000000000000000000000000000000000000000000000000000000000000000000000000000000000000000000000000000000000000000000000000000000000000
K1DFC,ver=1,seq=31,idx=5,off=480,len=32,crc=0xA7F96A1D,hex=00000000000000000000000000000000000000000000000300000D02001F0600
K1DFR,ver=1,seq=32,kind=2,frame=192,t_us=36831988,flags=0,len=512,crc=0xB339FDFB,chunks=6
K1DFC,ver=1,seq=32,idx=0,off=0,len=96,crc=0xBAAFB9A6,hex=01FA0200A000E0011B01000014000000610F0000410D000000000000000000001303000B020005010001000000000000000000000000000000000000000000000000000000000000000000000000000000000000000000000000000000000000
K1DFC,ver=1,seq=32,idx=1,off=96,len=96,crc=0xBAF465AE,hex=000000000000000000000000000000000000000000000000000000000000000000000000000000000000000000000000000000000000000000000000000000000000000000000000000000000000000000000000000000000000000000000000
K1DFC,ver=1,seq=32,idx=2,off=192,len=96,crc=0xB1DD00AF,hex=0000000000000000050400120E01261D03423206644C0A8F6C0E926F0E6B510A4B3907342705241B031E16021F1703271D033023043B2B053D2C05362604312004311E033B1F034D2404692C048D38068D3806692C044D24043B1F03311E0331
K1DFC,ver=1,seq=32,idx=3,off=288,len=96,crc=0xE4C5D5AA,hex=20043626043D2C053B2B05302304271D031F17031E1602241B033427054B39076B510A926F0E8F6C0E644C0A423206261D03120E0105040000000000000000000000000000000000000000000000000000000000000000000000000000000000
K1DFC,ver=1,seq=32,idx=4,off=384,len=96,crc=0xBAF465AE,hex=000000000000000000000000000000000000000000000000000000000000000000000000000000000000000000000000000000000000000000000000000000000000000000000000000000000000000000000000000000000000000000000000
K1DFC,ver=1,seq=32,idx=5,off=480,len=32,crc=0x21D8B15A,hex=00000000000000000000000000000000000000000100000501000B0200130300
K1DFR,ver=1,seq=33,kind=2,frame=204,t_us=36892047,flags=0,len=512,crc=0xB8E14E61,chunks=6
K1DFC,ver=1,seq=33,idx=0,off=0,len=96,crc=0x6BC6697D,hex=00FA0200A000E0014001000020000000690F0000490D000000000000000000001F06000D020003000000000000000000000000000000000000000000000000000000000000000000000000000000000000000000000000000000000000000000
K1DFC,ver=1,seq=33,idx=1,off=96,len=96,crc=0x1E009FC1,hex=00000000000000000000000000000000000000000000000000000000000000000000000000000000000000000000000000000000000000000000000000000000000000000000000000000000000000000000000000000000000000000803001D
K1DFC,ver=1,seq=33,idx=2,off=192,len=96,crc=0x9F50E688,hex=0B013F17026C2904A840069139066128043E1D03291702221803281E033326054030063C2C05312404281C032116021B1102160D01130A01120800120700130700120700120800180D01221602322304322304221602180D0112080012070013
K1DFC,ver=1,seq=33,idx=3,off=288,len=96,crc=0x3EC66F69,hex=0700120700120800130A01160D011B1102211602281C033124043C2C05403006332605281E032218032917023E1D03612804913906A840066C29043F17021D0B0108030000000000000000000000000000000000000000000000000000000000
K1DFC,ver=1,seq=33,idx=4,off=384,len=96,crc=0xBAF465AE,hex=000000000000000000000000000000000000000000000000000000000000000000000000000000000000000000000000000000000000000000000000000000000000000000000000000000000000000000000000000000000000000000000000
K1DFC,ver=1,seq=33,idx=5,off=480,len=32,crc=0xA7F96A1D,hex=00000000000000000000000000000000000000000000000300000D02001F0600
K1DFR,ver=1,seq=34,kind=2,frame=204,t_us=36892047,flags=0,len=512,crc=0x576AE192,chunks=6
K1DFC,ver=1,seq=34,idx=0,off=0,len=96,crc=0xD4290ADD,hex=01FA0200A000E0014001000015000000690F0000490D000000000000000000001303000B020005010001000000000000000000000000000000000000000000000000000000000000000000000000000000000000000000000000000000000000
K1DFC,ver=1,seq=34,idx=1,off=96,len=96,crc=0xBAB1EA73,hex=00000000000000000000000000000000000201000C09011F17033A2C055E47098B690DC1931399750F6F540B4D3B07362905281E04241B032A1F043427054030064D39074432063A2A053123042A1D032317031E13021A0F01170C01150A0115
K1DFC,ver=1,seq=34,idx=2,off=192,len=96,crc=0x7B9ADA02,hex=08001107000F05000D05000B04000903000803000602000502000401000301000200000100000100000000000000000000000000000000000000000000000000000100000602000D0500170800230D01230D011708000D050006020001000000
K1DFC,ver=1,seq=34,idx=3,off=288,len=96,crc=0x112A9A48,hex=00000000000000000000000000000000000000000000000100000100000200000301000401000502000602000803000903000B04000D05000F0500110700150800150A01170C011A0F011E13022317032A1D033123043A2A054432064D390740
K1DFC,ver=1,seq=34,idx=4,off=384,len=96,crc=0xE736E75E,hex=30063427052A1F04241B03281E043629054D3B076F540B99750FC193138B690D5E47093A2C051F17030C090102010000000000000000000000000000000000000000000000000000000000000000000000000000000000000000000000000000
K1DFC,ver=1,seq=34,idx=5,off=480,len=32,crc=0x21D8B15A,hex=00000000000000000000000000000000000000000100000501000B0200130300
K1DFR,ver=1,seq=35,kind=2,frame=216,t_us=36951097,flags=0,len=512,crc=0x9B173124,chunks=6
K1DFC,ver=1,seq=35,idx=0,off=0,len=96,crc=0x617A8FB9,hex=00FA0200A000E0016501000024000000680F0000480D000000000000000000001F06000D020003000000000000000000000000000000000000000000000000000000000000000000000000000000000000000000000000000000000000000000
K1DFC,ver=1,seq=35,idx=1,off=96,len=96,crc=0x09DA3182,hex=0000000000090300210C01461A027A2E04BE4907AA4307722F054A2204311C03291D033024043E2E064E3A074937073C2C05312304271B031F1402190F01150B011208011207001307001207001006000D05000B040009030007020006020004
K1DFC,ver=1,seq=35,idx=2,off=192,len=96,crc=0x435413E5,hex=01000301000200000100000100000000000000000000000000000000000000000000000000000000000000000000000000000000000000000000000000000000000000000201000A0701171102291F04291F041711020A070102010000000000
K1DFC,ver=1,seq=35,idx=3,off=288,len=96,crc=0xDA56514B,hex=00000000000000000000000000000000000000000000000000000000000000000000000000000000000000000000000000000100000100000200000301000401000602000702000903000B04000D050010060012070013070012070012080115
K1DFC,ver=1,seq=35,idx=4,off=384,len=96,crc=0x2E8DD2AE,hex=0B01190F011F1402271B033123043C2C054937074E3A073E2E06302404291D03311C034A2204722F05AA4307BE49077A2E04461A02210C0109030000000000000000000000000000000000000000000000000000000000000000000000000000
K1DFC,ver=1,seq=35,idx=5,off=480,len=32,crc=0xA7F96A1D,hex=00000000000000000000000000000000000000000000000300000D02001F0600
K1DFR,ver=1,seq=36,kind=2,frame=216,t_us=36951097,flags=0,len=512,crc=0xA2740251,chunks=6
K1DFC,ver=1,seq=36,idx=0,off=0,len=96,crc=0x85FE877C,hex=01FA0200A000E0016501000015000000680F0000480D000000000000000000001303000B0200090400130D01291F044A380775590BAA8111DAA615A47D10765A0B533F083A2C052D22042B21043427054130064F3B075B44084E3A0742300638
K1DFC,ver=1,seq=36,idx=1,off=96,len=96,crc=0xA66137BE,hex=28052F2004271A032114021C1002180C01160A011508001106000E05000C04000B040009030007030006020005020004010003010002000001000001000000000000000000000000000000000000000000000000000000000000000000000000
K1DFC,ver=1,seq=36,idx=2,off=192,len=96,crc=0x57E939C9,hex=00000000000000000000000000000000000000000000000000000000000000000000000000000000000000000000000000000000000000000000000000000000000100000602000D0500170800230D01230D011708000D050006020001000000
K1DFC,ver=1,seq=36,idx=3,off=288,len=96,crc=0xBAF465AE,hex=000000000000000000000000000000000000000000000000000000000000000000000000000000000000000000000000000000000000000000000000000000000000000000000000000000000000000000000000000000000000000000000000
K1DFC,ver=1,seq=36,idx=4,off=384,len=96,crc=0x6BD5747D,hex=00000100000100000200000301000401000502000602000703000903000B04000C04000E0500110600150800160A01180C011C1002211402271A032F20043828054230064E3A075B44084F3B074130063427052B21042D22043A2C05533F0876
K1DFC,ver=1,seq=36,idx=5,off=480,len=32,crc=0xB37D9571,hex=5A0BA47D10DAA615AA811175590B4A3807291F04130D010904000B0200130300
K1DFR,ver=1,seq=37,kind=2,frame=228,t_us=37010039,flags=0,len=512,crc=0x78BA8A8E,chunks=6
K1DFC,ver=1,seq=37,idx=0,off=0,len=96,crc=0x2CA4A27F,hex=00FA0200A000E0013B0100001F000000650F0000440D00000000000000000000A02103611802541D03792E04C04907CB4F088A38065A29043C21042F2004342705433206543F085741084735063A2A052E20042418031D1202170D0114090112
K1DFC,ver=1,seq=37,idx=1,off=96,len=96,crc=0xF821EA35,hex=07001307001307001006000E05000C04000A030008030006020005010003010002010001000001000000000000000000000000000000000000000000000000000000000000000000000000000000000000000000000000000000000000000000
K1DFC,ver=1,seq=37,idx=2,off=192,len=96,crc=0x66556ABD,hex=00000000000000000000000000000000000000000000000000000000000000000000000000000000000000000000000000000000000000000000000000000000000000000201000A0701171102291F04291F041711020A070102010000000000
K1DFC,ver=1,seq=37,idx=3,off=288,len=96,crc=0xBAF465AE,hex=000000000000000000000000000000000000000000000000000000000000000000000000000000000000000000000000000000000000000000000000000000000000000000000000000000000000000000000000000000000000000000000000
K1DFC,ver=1,seq=37,idx=4,off=384,len=96,crc=0x6B8A9934,hex=00000000000000000000000000000000000000000000000100000100000201000301000501000602000803000A03000C04000E0500100600130700130700120700140901170D011D12022418032E20043A2A05473506574108543F0843320634
K1DFC,ver=1,seq=37,idx=5,off=480,len=32,crc=0x21A1F3F7,hex=27052F20043C21045A29048A3806CB4F08C04907792E04541D03611802A02103
K1DFR,ver=1,seq=38,kind=2,frame=228,t_us=37010039,flags=0,len=512,crc=0x1EA3E93E,chunks=6
K1DFC,ver=1,seq=38,idx=0,off=0,len=96,crc=0xEEF0F0D7,hex=01FA0200A000E0013B01000016000000650F0000440D00000000000000000000F68B11EF9913BA7E1079570B4F3C07392B052E23042F23043A2B054735075640085C44094E3A074230063827052E20042719032014021B1001180C01160A0114
K1DFC,ver=1,seq=38,idx=1,off=96,len=96,crc=0xCE5E6B2E,hex=08001006000E05000C04000A040009030007020006020005010003010002010002000001000000000000000000000000000000000000000000000000000000000000000000000000000000000000000000000000000000000000000000000000
K1DFC,ver=1,seq=38,idx=2,off=192,len=96,crc=0x57E939C9,hex=00000000000000000000000000000000000000000000000000000000000000000000000000000000000000000000000000000000000000000000000000000000000100000602000D0500170800230D01230D011708000D050006020001000000
K1DFC,ver=1,seq=38,idx=3,off=288,len=96,crc=0xBAF465AE,hex=000000000000000000000000000000000000000000000000000000000000000000000000000000000000000000000000000000000000000000000000000000000000000000000000000000000000000000000000000000000000000000000000
K1DFC,ver=1,seq=38,idx=4,off=384,len=96,crc=0x741AF1FE,hex=00000000000000000000000000000000000000000000000000000100000200000201000301000501000602000702000903000A04000C04000E0500100600140800160A01180C011B10012014022719032E20043827054230064E3A075C440956
K1DFC,ver=1,seq=38,idx=5,off=480,len=32,crc=0x116238AD,hex=40084735073A2B052F23042E2304392B054F3C0779570BBA7E10EF9913F68B11
K1DFR,ver=1,seq=39,kind=2,frame=240,t_us=37070058,flags=0,len=512,crc=0xCFC85013,chunks=6
K1DFC,ver=1,seq=39,idx=0,off=0,len=96,crc=0x2FE1BE78,hex=00FA0200A000E001480100001F0000006A0F0000480D00000000000000000000D93805CA4006D95008C14B08813505532604371F032D1F043427054332065540085943084936073C2B053021042619031E1302180E01150A0113080014070012
K1DFC,ver=1,seq=39,idx=1,off=96,len=96,crc=0x7901D051,hex=06000F06000D05000B040009030007020006020004010003010002000001000000000000000000000000000000000000000000000000000000000000000000000000000000000000000000000000000000000000000000000000000000000000
K1DFC,ver=1,seq=39,idx=2,off=192,len=96,crc=0x66556ABD,hex=00000000000000000000000000000000000000000000000000000000000000000000000000000000000000000000000000000000000000000000000000000000000000000201000A0701171102291F04291F041711020A070102010000000000
K1DFC,ver=1,seq=39,idx=3,off=288,len=96,crc=0xBAF465AE,hex=000000000000000000000000000000000000000000000000000000000000000000000000000000000000000000000000000000000000000000000000000000000000000000000000000000000000000000000000000000000000000000000000
K1DFC,ver=1,seq=39,idx=4,off=384,len=96,crc=0x93E0048E,hex=00000000000000000000000000000000000000000000000000000000000000000100000200000301000401000602000702000903000B04000D05000F0600120600140700130800150A01180E011E13022619033021043C2B0549360759430855
K1DFC,ver=1,seq=39,idx=5,off=480,len=32,crc=0x06043C60,hex=40084332063427052D1F04371F03532604813505C14B08D95008CA4006D93805
K1DFR,ver=1,seq=40,kind=2,frame=240,t_us=37070058,flags=0,len=512,crc=0x283AE2BD,chunks=6
K1DFC,ver=1,seq=40,idx=0,off=0,len=96,crc=0xBD2168E7,hex=01FA0200A000E00148010000150000006A0F0000480D000000000000000000006714023C0C011C050008010000000000000000000000000000000000000000000000000008060019130233270556420884640DBB8E12BB8E1289680D614A0944
K1DFC,ver=1,seq=40,idx=1,off=96,len=96,crc=0x520A9264,hex=34063226052A1F042D2104372905443306523D084F3A07433106392905302204281B032216021D1102190D01170B011509011207000F05000D05000B040009030008030006020005020004010003010002000001000001000000000000000000
K1DFC,ver=1,seq=40,idx=2,off=192,len=96,crc=0x57E939C9,hex=00000000000000000000000000000000000000000000000000000000000000000000000000000000000000000000000000000000000000000000000000000000000100000602000D0500170800230D01230D011708000D050006020001000000
K1DFC,ver=1,seq=40,idx=3,off=288,len=96,crc=0xEF258793,hex=000000000000000000000000000000000000000000000000000000000000000000000000000000000000000000000000000000000000000000000000000000000000000000000001000001000002000003010004010005020006020008030009
#CMD :vpml=stop
K1DFC,ver=1,seq=40,idx=4,off=384,len=96,crc=0xD2B4D72D,hex=03000B04000D05000F0500120700150901170B01190D011D1102221602281B033022043929054331064F3A07523D084433063729052D21042A1F04322605443406614A0989680DBB8E12BB8E1284640D56420833270519130208060000000000
K1DFC,ver=1,seq=40,idx=5,off=480,len=32,crc=0x5F5065FC,hex=00000000000000000000000000000000000000000801001C05003C0C01671402
K1DFR,ver=1,seq=41,kind=2,frame=252,t_us=37129059,flags=0,len=512,crc=0x88E526A7,chunks=6
K1DFC,ver=1,seq=41,idx=0,off=0,len=96,crc=0xEC69CBE3,hex=00FA0200A000E00142010000200000006B0F0000480D000000000000000000001F06000D020003000000000000000000000000000000000000000000000000000000000000000000000000000000000000000000000004010017080038150267
K1DFC,ver=1,seq=41,idx=1,off=96,len=96,crc=0xB1B570E6,hex=2704A53E06C34A078031054E1F032C14021A0F011912022319032F23043D2D054E3907563F084833063C2A053221042A1A032414021F1001170B011107000D05000A040009030007020005020004010003010002000001000000000000000000
K1DFC,ver=1,seq=41,idx=2,off=192,len=96,crc=0x66556ABD,hex=00000000000000000000000000000000000000000000000000000000000000000000000000000000000000000000000000000000000000000000000000000000000000000201000A0701171102291F04291F041711020A070102010000000000
K1DFC,ver=1,seq=41,idx=3,off=288,len=96,crc=0x28D6860C,hex=00000000000000000000000000000000000000000000000000000000000000000000000000000000000000000000000000000000000000000000000000000000000000000000000100000200000301000401000502000702000903000A04000D
K1DFC,ver=1,seq=41,idx=4,off=384,len=96,crc=0xE56B52C9,hex=0500110700170B011F10012414022A1A033221043C2A05483306563F084E39073D2D052F23042319031912021A0F012C14024E1F03803105C34A07A53E0667270438150217080004010000000000000000000000000000000000000000000000
K1DFC,ver=1,seq=41,idx=5,off=480,len=32,crc=0xA7F96A1D,hex=00000000000000000000000000000000000000000000000300000D02001F0600
K1DFR,ver=1,seq=42,kind=2,frame=252,t_us=37129059,flags=0,len=512,crc=0x7CA5905A,chunks=6
K1DFC,ver=1,seq=42,idx=0,off=0,len=96,crc=0x23AAFAAA,hex=01FA0200A000E00142010000160000006B0F0000480D000000000000000000001303000B020005010001000000000000000000000000000000000000000000000000000000000000000000000000000000000000000000000000000000000000
K1DFC,ver=1,seq=42,idx=1,off=96,len=96,crc=0x60A3C177,hex=00000000000000000000000000000000000000000000000000000000000000000000000000000000000000000000000000000000000000000302000E0A012119033C2E066049098D6B0EB78B1289680D644C0A4937073629052C21042C200434
K1DFC,ver=1,seq=42,idx=2,off=192,len=96,crc=0xA6F9182F,hex=26053F2E064533063C2B053424042C1E032619032114021D11021A0E01180B011509011107000E05000C04000A04000803000702000602000401000301000201000301000702000E0500170900240D01240D011709000E050007020003010002
K1DFC,ver=1,seq=42,idx=3,off=288,len=96,crc=0x8EE10BBF,hex=01000301000401000602000702000803000A04000C04000E0500110700150901180B011A0E011D11022114022619032C1E033424043C2B054533063F2E063426052C20042C2104362905493707644C0A89680DB78B128D6B0E6049093C2E0621
K1DFC,ver=1,seq=42,idx=4,off=384,len=96,crc=0xDE8A0CF0,hex=19030E0A0103020000000000000000000000000000000000000000000000000000000000000000000000000000000000000000000000000000000000000000000000000000000000000000000000000000000000000000000000000000000000
K1DFC,ver=1,seq=42,idx=5,off=480,len=32,crc=0x21D8B15A,hex=00000000000000000000000000000000000000000100000501000B0200130300
K1DFR,ver=1,seq=43,kind=2,frame=264,t_us=37188020,flags=0,len=512,crc=0x09468807,chunks=6
K1DFC,ver=1,seq=43,idx=0,off=0,len=96,crc=0x51B9CD12,hex=00FA0200A000E001280100001F000000680F0000450D000000000000000000001F06000D020003000000000000000000000000000000000000000000000000000000000000000000000000000000000000000000000000000000000000000000
K1DFC,ver=1,seq=43,idx=1,off=96,len=96,crc=0x0E37164A,hex=00000000000000000000000000000000000000000000000000000000000000000000000000000000000000000000000000000000000000000000000000000000000000000000000000000000000401001508003213025C2303923705A73F066D
K1DFC,ver=1,seq=43,idx=2,off=192,len=96,crc=0x87DD7CCD,hex=29043F18021F0C010D05000805000E0901150E011E1402291B03352304422D055138074D3306422B05352204291A031F1302160D010F08010A05000602000401000201000402000B0801171102291F04291F041711020B080104020002010004
K1DFC,ver=1,seq=43,idx=3,off=288,len=96,crc=0x7756DCC8,hex=01000602000A05000F0801160D011F1302291A03352204422B054D3306513807422D05352304291B031E1402150E010E09010805000D05001F0C013F18026D2904A73F069237055C230332130215080004010000000000000000000000000000
K1DFC,ver=1,seq=43,idx=4,off=384,len=96,crc=0xBAF465AE,hex=000000000000000000000000000000000000000000000000000000000000000000000000000000000000000000000000000000000000000000000000000000000000000000000000000000000000000000000000000000000000000000000000
K1DFC,ver=1,seq=43,idx=5,off=480,len=32,crc=0xA7F96A1D,hex=00000000000000000000000000000000000000000000000300000D02001F0600
K1DFR,ver=1,seq=44,kind=2,frame=264,t_us=37188020,flags=0,len=512,crc=0x0D71BA55,chunks=6
K1DFC,ver=1,seq=44,idx=0,off=0,len=96,crc=0xDB61006C,hex=01FA0200A000E0012801000016000000680F0000450D000000000000000000001303000B020005010001000000000000000000000000000000000000000000000000000000000000000000000000000000000000000000000000000000000000
K1DFC,ver=1,seq=44,idx=1,off=96,len=96,crc=0xBAF465AE,hex=000000000000000000000000000000000000000000000000000000000000000000000000000000000000000000000000000000000000000000000000000000000000000000000000000000000000000000000000000000000000000000000000
K1DFC,ver=1,seq=44,idx=2,off=192,len=96,crc=0x36D92A7A,hex=00000000000000000000000000000000000000000000000000000000000000000000000101000907001812022F23044D3A0772570BA0790F81620C624A094A37073B2B053726043D28054E30065B35065B35064E30063D28053726043B2B054A
K1DFC,ver=1,seq=44,idx=3,off=288,len=96,crc=0xB7E95BFD,hex=3707624A0981620CA0790F72570B4D3A072F230418120209070001010000000000000000000000000000000000000000000000000000000000000000000000000000000000000000000000000000000000000000000000000000000000000000
K1DFC,ver=1,seq=44,idx=4,off=384,len=96,crc=0xBAF465AE,hex=000000000000000000000000000000000000000000000000000000000000000000000000000000000000000000000000000000000000000000000000000000000000000000000000000000000000000000000000000000000000000000000000
K1DFC,ver=1,seq=44,idx=5,off=480,len=32,crc=0x21D8B15A,hex=00000000000000000000000000000000000000000100000501000B0200130300
K1DFR,ver=1,seq=45,kind=2,frame=276,t_us=37248072,flags=0,len=512,crc=0x73833437,chunks=6
K1DFC,ver=1,seq=45,idx=0,off=0,len=96,crc=0x1C2A9898,hex=00FA0200A000E0013501000025000000650F0000440D000000000000000000001F06000D020003000000000000000000000000000000000000000000000000000000000000000000000000000000000000000000000000000000000000000000
K1DFC,ver=1,seq=45,idx=1,off=96,len=96,crc=0xBAF465AE,hex=000000000000000000000000000000000000000000000000000000000000000000000000000000000000000000000000000000000000000000000000000000000000000000000000000000000000000000000000000000000000000000000000
K1DFC,ver=1,seq=45,idx=2,off=192,len=96,crc=0x97AA6EDD,hex=00000000000000000000000000000000000000000000000000000000000000000000000000000000000000000000000000000602001708003313025B22038E3505893405602704522A055D3D07835F0C835F0C5D3D07522A056027048934058E
K1DFC,ver=1,seq=45,idx=3,off=288,len=96,crc=0x5AE80A99,hex=35055B220333130217080006020000000000000000000000000000000000000000000000000000000000000000000000000000000000000000000000000000000000000000000000000000000000000000000000000000000000000000000000
K1DFC,ver=1,seq=45,idx=4,off=384,len=96,crc=0xBAF465AE,hex=000000000000000000000000000000000000000000000000000000000000000000000000000000000000000000000000000000000000000000000000000000000000000000000000000000000000000000000000000000000000000000000000
K1DFC,ver=1,seq=45,idx=5,off=480,len=32,crc=0xA7F96A1D,hex=00000000000000000000000000000000000000000000000300000D02001F0600
K1DFR,ver=1,seq=46,kind=2,frame=276,t_us=37248072,flags=0,len=512,crc=0x0531EFF5,chunks=6
K1DFC,ver=1,seq=46,idx=0,off=0,len=96,crc=0xAA4CB61D,hex=01FA0200A000E001350100001A000000650F0000440D000000000000000000001303000B020005010001000000000000000000000000000000000000000000000000000000000000000000000000000000000000000000000000000000000000
K1DFC,ver=1,seq=46,idx=1,off=96,len=96,crc=0xBAF465AE,hex=000000000000000000000000000000000000000000000000000000000000000000000000000000000000000000000000000000000000000000000000000000000000000000000000000000000000000000000000000000000000000000000000
K1DFC,ver=1,seq=46,idx=2,off=192,len=96,crc=0xAF0105C8,hex=0000000000000000000000000000000000000000000000000000000000000000000000000000000000000000000000000000000000000000000000070500140F022E2104563A078E5D0BD48711E18610E18610D487118E5D0B563A072E210414
K1DFC,ver=1,seq=46,idx=3,off=288,len=96,crc=0x6262FE55,hex=0F0207050000000000000000000000000000000000000000000000000000000000000000000000000000000000000000000000000000000000000000000000000000000000000000000000000000000000000000000000000000000000000000
K1DFC,ver=1,seq=46,idx=4,off=384,len=96,crc=0xBAF465AE,hex=000000000000000000000000000000000000000000000000000000000000000000000000000000000000000000000000000000000000000000000000000000000000000000000000000000000000000000000000000000000000000000000000
K1DFC,ver=1,seq=46,idx=5,off=480,len=32,crc=0x21D8B15A,hex=00000000000000000000000000000000000000000100000501000B0200130300
K1DFR,ver=1,seq=47,kind=2,frame=288,t_us=37307017,flags=0,len=512,crc=0xE910A723,chunks=6
K1DFC,ver=1,seq=47,idx=0,off=0,len=96,crc=0x26A70BA4,hex=00FA0200A000E0011E01000020000000650F0000440D000000000000000000001F06000D020003000000000000000000000000000000000000000000000000000000000000000000000000000000000000000000000000000000000000000000
K1DFC,ver=1,seq=47,idx=1,off=96,len=96,crc=0xBAF465AE,hex=000000000000000000000000000000000000000000000000000000000000000000000000000000000000000000000000000000000000000000000000000000000000000000000000000000000000000000000000000000000000000000000000
K1DFC,ver=1,seq=47,idx=2,off=192,len=96,crc=0x46DBE26D,hex=00000000000000000000000000000000000000000000000000000000000000000000000000000000000000000000000000000000000000000401001307002D1101531F038B3806B15009A95D0BBD7B0FBD7B0FA95D0BB150098B3806531F032D
K1DFC,ver=1,seq=47,idx=3,off=288,len=96,crc=0xFD54077A,hex=110113070004010000000000000000000000000000000000000000000000000000000000000000000000000000000000000000000000000000000000000000000000000000000000000000000000000000000000000000000000000000000000
K1DFC,ver=1,seq=47,idx=4,off=384,len=96,crc=0xBAF465AE,hex=000000000000000000000000000000000000000000000000000000000000000000000000000000000000000000000000000000000000000000000000000000000000000000000000000000000000000000000000000000000000000000000000
K1DFC,ver=1,seq=47,idx=5,off=480,len=32,crc=0xA7F96A1D,hex=00000000000000000000000000000000000000000000000300000D02001F0600
K1DFR,ver=1,seq=48,kind=2,frame=288,t_us=37307017,flags=0,len=512,crc=0x05266C29,chunks=6
K1DFC,ver=1,seq=48,idx=0,off=0,len=96,crc=0x99486804,hex=01FA0200A000E0011E01000015000000650F0000440D000000000000000000001303000B020005010001000000000000000000000000000000000000000000000000000000000000000000000000000000000000000000000000000000000000
K1DFC,ver=1,seq=48,idx=1,off=96,len=96,crc=0xBAF465AE,hex=000000000000000000000000000000000000000000000000000000000000000000000000000000000000000000000000000000000000000000000000000000000000000000000000000000000000000000000000000000000000000000000000
K1DFC,ver=1,seq=48,idx=2,off=192,len=96,crc=0xB1DD00AF,hex=0000000000000000050400120E01261D03423206644C0A8F6C0E926F0E6B510A4B3907342705241B031E16021F1703271D033023043B2B053D2C05362604312004311E033B1F034D2404692C048D38068D3806692C044D24043B1F03311E0331
K1DFC,ver=1,seq=48,idx=3,off=288,len=96,crc=0xE4C5D5AA,hex=20043626043D2C053B2B05302304271D031F17031E1602241B033427054B39076B510A926F0E8F6C0E644C0A423206261D03120E0105040000000000000000000000000000000000000000000000000000000000000000000000000000000000
K1DFC,ver=1,seq=48,idx=4,off=384,len=96,crc=0xBAF465AE,hex=000000000000000000000000000000000000000000000000000000000000000000000000000000000000000000000000000000000000000000000000000000000000000000000000000000000000000000000000000000000000000000000000
K1DFC,ver=1,seq=48,idx=5,off=480,len=32,crc=0x21D8B15A,hex=00000000000000000000000000000000000000000100000501000B0200130300
K1DFR,ver=1,seq=49,kind=2,frame=300,t_us=37367035,flags=0,len=512,crc=0x98C4C86F,chunks=6
K1DFC,ver=1,seq=49,idx=0,off=0,len=96,crc=0xEA561F4F,hex=00FA0200A000E001350100001F000000680F0000470D000000000000000000001F06000D020003000000000000000000000000000000000000000000000000000000000000000000000000000000000000000000000000000000000000000000
K1DFC,ver=1,seq=49,idx=1,off=96,len=96,crc=0x1E009FC1,hex=00000000000000000000000000000000000000000000000000000000000000000000000000000000000000000000000000000000000000000000000000000000000000000000000000000000000000000000000000000000000000000803001D
K1DFC,ver=1,seq=49,idx=2,off=192,len=96,crc=0x9F50E688,hex=0B013F17026C2904A840069139066128043E1D03291702221803281E033326054030063C2C05312404281C032116021B1102160D01130A01120800120700130700120700120800180D01221602322304322304221602180D0112080012070013
K1DFC,ver=1,seq=49,idx=3,off=288,len=96,crc=0x3EC66F69,hex=0700120700120800130A01160D011B1102211602281C033124043C2C05403006332605281E032218032917023E1D03612804913906A840066C29043F17021D0B0108030000000000000000000000000000000000000000000000000000000000
K1DFC,ver=1,seq=49,idx=4,off=384,len=96,crc=0xBAF465AE,hex=000000000000000000000000000000000000000000000000000000000000000000000000000000000000000000000000000000000000000000000000000000000000000000000000000000000000000000000000000000000000000000000000
K1DFC,ver=1,seq=49,idx=5,off=480,len=32,crc=0xA7F96A1D,hex=00000000000000000000000000000000000000000000000300000D02001F0600
K1DFR,ver=1,seq=50,kind=2,frame=300,t_us=37367035,flags=0,len=512,crc=0xA98FFF16,chunks=6
K1DFC,ver=1,seq=50,idx=0,off=0,len=96,crc=0x8E8A3360,hex=01FA0200A000E0013501000015000000680F0000470D000000000000000000001303000B020005010001000000000000000000000000000000000000000000000000000000000000000000000000000000000000000000000000000000000000
K1DFC,ver=1,seq=50,idx=1,off=96,len=96,crc=0xBAB1EA73,hex=00000000000000000000000000000000000201000C09011F17033A2C055E47098B690DC1931399750F6F540B4D3B07362905281E04241B032A1F043427054030064D39074432063A2A053123042A1D032317031E13021A0F01170C01150A0115
K1DFC,ver=1,seq=50,idx=2,off=192,len=96,crc=0x7B9ADA02,hex=08001107000F05000D05000B04000903000803000602000502000401000301000200000100000100000000000000000000000000000000000000000000000000000100000602000D0500170800230D01230D011708000D050006020001000000
K1DFC,ver=1,seq=50,idx=3,off=288,len=96,crc=0x112A9A48,hex=00000000000000000000000000000000000000000000000100000100000200000301000401000502000602000803000903000B04000D05000F0500110700150800150A01170C011A0F011E13022317032A1D033123043A2A054432064D390740
K1DFC,ver=1,seq=50,idx=4,off=384,len=96,crc=0xE736E75E,hex=30063427052A1F04241B03281E043629054D3B076F540B99750FC193138B690D5E47093A2C051F17030C090102010000000000000000000000000000000000000000000000000000000000000000000000000000000000000000000000000000
K1DFC,ver=1,seq=50,idx=5,off=480,len=32,crc=0x21D8B15A,hex=00000000000000000000000000000000000000000100000501000B0200130300
K1DFR,ver=1,seq=51,kind=2,frame=312,t_us=37426079,flags=0,len=512,crc=0xC5AECFE2,chunks=6
K1DFC,ver=1,seq=51,idx=0,off=0,len=96,crc=0xBFFEE471,hex=00FA0200A000E0015001000020000000680F0000460D000000000000000000001F06000D020003000000000000000000000000000000000000000000000000000000000000000000000000000000000000000000000000000000000000000000
K1DFC,ver=1,seq=51,idx=1,off=96,len=96,crc=0x09DA3182,hex=0000000000090300210C01461A027A2E04BE4907AA4307722F054A2204311C03291D033024043E2E064E3A074937073C2C05312304271B031F1402190F01150B011208011207001307001207001006000D05000B040009030007020006020004
K1DFC,ver=1,seq=51,idx=2,off=192,len=96,crc=0x435413E5,hex=01000301000200000100000100000000000000000000000000000000000000000000000000000000000000000000000000000000000000000000000000000000000000000201000A0701171102291F04291F041711020A070102010000000000
K1DFC,ver=1,seq=51,idx=3,off=288,len=96,crc=0xDA56514B,hex=00000000000000000000000000000000000000000000000000000000000000000000000000000000000000000000000000000100000100000200000301000401000602000702000903000B04000D050010060012070013070012070012080115
K1DFC,ver=1,seq=51,idx=4,off=384,len=96,crc=0x2E8DD2AE,hex=0B01190F011F1402271B033123043C2C054937074E3A073E2E06302404291D03311C034A2204722F05AA4307BE49077A2E04461A02210C0109030000000000000000000000000000000000000000000000000000000000000000000000000000
K1DFC,ver=1,seq=51,idx=5,off=480,len=32,crc=0xA7F96A1D,hex=00000000000000000000000000000000000000000000000300000D02001F0600
K1DFR,ver=1,seq=52,kind=2,frame=312,t_us=37426079,flags=0,len=512,crc=0xDFC078E5,chunks=6
K1DFC,ver=1,seq=52,idx=0,off=0,len=96,crc=0xE80569C9,hex=01FA0200A000E0015001000015000000680F0000460D000000000000000000001303000B0200090400130D01291F044A380775590BAA8111DAA615A47D10765A0B533F083A2C052D22042B21043427054130064F3B075B44084E3A0742300638
K1DFC,ver=1,seq=52,idx=1,off=96,len=96,crc=0xA66137BE,hex=28052F2004271A032114021C1002180C01160A011508001106000E05000C04000B040009030007030006020005020004010003010002000001000001000000000000000000000000000000000000000000000000000000000000000000000000
K1DFC,ver=1,seq=52,idx=2,off=192,len=96,crc=0x57E939C9,hex=00000000000000000000000000000000000000000000000000000000000000000000000000000000000000000000000000000000000000000000000000000000000100000602000D0500170800230D01230D011708000D050006020001000000
K1DFC,ver=1,seq=52,idx=3,off=288,len=96,crc=0xBAF465AE,hex=000000000000000000000000000000000000000000000000000000000000000000000000000000000000000000000000000000000000000000000000000000000000000000000000000000000000000000000000000000000000000000000000
K1DFC,ver=1,seq=52,idx=4,off=384,len=96,crc=0x6BD5747D,hex=00000100000100000200000301000401000502000602000703000903000B04000C04000E0500110600150800160A01180C011C1002211402271A032F20043828054230064E3A075B44084F3B074130063427052B21042D22043A2C05533F0876
K1DFC,ver=1,seq=52,idx=5,off=480,len=32,crc=0xB37D9571,hex=5A0BA47D10DAA615AA811175590B4A3807291F04130D010904000B0200130300
K1DFR,ver=1,seq=53,kind=2,frame=324,t_us=37485122,flags=0,len=512,crc=0x855428F4,chunks=6
K1DFC,ver=1,seq=53,idx=0,off=0,len=96,crc=0x311A404D,hex=00FA0200A000E0017D0100001F000000650F0000430D00000000000000000000A02103611802541D03792E04C04907CB4F088A38065A29043C21042F2004342705433206543F085741084735063A2A052E20042418031D1202170D0114090112
K1DFC,ver=1,seq=53,idx=1,off=96,len=96,crc=0xF821EA35,hex=07001307001307001006000E05000C04000A030008030006020005010003010002010001000001000000000000000000000000000000000000000000000000000000000000000000000000000000000000000000000000000000000000000000
K1DFC,ver=1,seq=53,idx=2,off=192,len=96,crc=0x66556ABD,hex=00000000000000000000000000000000000000000000000000000000000000000000000000000000000000000000000000000000000000000000000000000000000000000201000A0701171102291F04291F041711020A070102010000000000
K1DFC,ver=1,seq=53,idx=3,off=288,len=96,crc=0xBAF465AE,hex=000000000000000000000000000000000000000000000000000000000000000000000000000000000000000000000000000000000000000000000000000000000000000000000000000000000000000000000000000000000000000000000000
K1DFC,ver=1,seq=53,idx=4,off=384,len=96,crc=0x6B8A9934,hex=00000000000000000000000000000000000000000000000100000100000201000301000501000602000803000A03000C04000E0500100600130700130700120700140901170D011D12022418032E20043A2A05473506574108543F0843320634
K1DFC,ver=1,seq=53,idx=5,off=480,len=32,crc=0x21A1F3F7,hex=27052F20043C21045A29048A3806CB4F08C04907792E04541D03611802A02103
K1DFR,ver=1,seq=54,kind=2,frame=324,t_us=37485122,flags=0,len=512,crc=0xE34D4B44,chunks=6
K1DFC,ver=1,seq=54,idx=0,off=0,len=96,crc=0xF34E12E5,hex=01FA0200A000E0017D01000016000000650F0000430D00000000000000000000F68B11EF9913BA7E1079570B4F3C07392B052E23042F23043A2B054735075640085C44094E3A074230063827052E20042719032014021B1001180C01160A0114
K1DFC,ver=1,seq=54,idx=1,off=96,len=96,crc=0xCE5E6B2E,hex=08001006000E05000C04000A040009030007020006020005010003010002010002000001000000000000000000000000000000000000000000000000000000000000000000000000000000000000000000000000000000000000000000000000
K1DFC,ver=1,seq=54,idx=2,off=192,len=96,crc=0x57E939C9,hex=00000000000000000000000000000000000000000000000000000000000000000000000000000000000000000000000000000000000000000000000000000000000100000602000D0500170800230D01230D011708000D050006020001000000
K1DFC,ver=1,seq=54,idx=3,off=288,len=96,crc=0xBAF465AE,hex=000000000000000000000000000000000000000000000000000000000000000000000000000000000000000000000000000000000000000000000000000000000000000000000000000000000000000000000000000000000000000000000000
K1DFC,ver=1,seq=54,idx=4,off=384,len=96,crc=0x741AF1FE,hex=00000000000000000000000000000000000000000000000000000100000200000201000301000501000602000702000903000A04000C04000E0500100600140800160A01180C011B10012014022719032E20043827054230064E3A075C440956
K1DFC,ver=1,seq=54,idx=5,off=480,len=32,crc=0x116238AD,hex=40084735073A2B052F23042E2304392B054F3C0779570BBA7E10EF9913F68B11
K1DFR,ver=1,seq=55,kind=2,frame=336,t_us=37545213,flags=0,len=512,crc=0xF2CED81A,chunks=6
K1DFC,ver=1,seq=55,idx=0,off=0,len=96,crc=0x02D314CC,hex=00FA0200A000E0019301000026000000650F0000420D00000000000000000000D93805CA4006D95008C14B08813505532604371F032D1F043427054332065540085943084936073C2B053021042619031E1302180E01150A0113080014070012
K1DFC,ver=1,seq=55,idx=1,off=96,len=96,crc=0x7901D051,hex=06000F06000D05000B040009030007020006020004010003010002000001000000000000000000000000000000000000000000000000000000000000000000000000000000000000000000000000000000000000000000000000000000000000
K1DFC,ver=1,seq=55,idx=2,off=192,len=96,crc=0x66556ABD,hex=00000000000000000000000000000000000000000000000000000000000000000000000000000000000000000000000000000000000000000000000000000000000000000201000A0701171102291F04291F041711020A070102010000000000
K1DFC,ver=1,seq=55,idx=3,off=288,len=96,crc=0xBAF465AE,hex=000000000000000000000000000000000000000000000000000000000000000000000000000000000000000000000000000000000000000000000000000000000000000000000000000000000000000000000000000000000000000000000000
K1DFC,ver=1,seq=55,idx=4,off=384,len=96,crc=0x93E0048E,hex=00000000000000000000000000000000000000000000000000000000000000000100000200000301000401000602000702000903000B04000D05000F0600120600140700130800150A01180E011E13022619033021043C2B0549360759430855
K1DFC,ver=1,seq=55,idx=5,off=480,len=32,crc=0x06043C60,hex=40084332063427052D1F04371F03532604813505C14B08D95008CA4006D93805
K1DFR,ver=1,seq=56,kind=2,frame=336,t_us=37545213,flags=0,len=512,crc=0xE8F1764C,chunks=6
K1DFC,ver=1,seq=56,idx=0,off=0,len=96,crc=0xF85F08A1,hex=01FA0200A000E0019301000017000000650F0000420D000000000000000000006714023C0C011C050008010000000000000000000000000000000000000000000000000008060019130233270556420884640DBB8E12BB8E1289680D614A0944
K1DFC,ver=1,seq=56,idx=1,off=96,len=96,crc=0x520A9264,hex=34063226052A1F042D2104372905443306523D084F3A07433106392905302204281B032216021D1102190D01170B011509011207000F05000D05000B040009030008030006020005020004010003010002000001000001000000000000000000
K1DFC,ver=1,seq=56,idx=2,off=192,len=96,crc=0x57E939C9,hex=00000000000000000000000000000000000000000000000000000000000000000000000000000000000000000000000000000000000000000000000000000000000100000602000D0500170800230D01230D011708000D050006020001000000
K1DFC,ver=1,seq=56,idx=3,off=288,len=96,crc=0xEF258793,hex=000000000000000000000000000000000000000000000000000000000000000000000000000000000000000000000000000000000000000000000000000000000000000000000001000001000002000003010004010005020006020008030009
K1DFC,ver=1,seq=56,idx=4,off=384,len=96,crc=0xD2B4D72D,hex=03000B04000D05000F0500120700150901170B01190D011D1102221602281B033022043929054331064F3A07523D084433063729052D21042A1F04322605443406614A0989680DBB8E12BB8E1284640D56420833270519130208060000000000
K1DFC,ver=1,seq=56,idx=5,off=480,len=32,crc=0x5F5065FC,hex=00000000000000000000000000000000000000000801001C05003C0C01671402
K1DFR,ver=1,seq=57,kind=2,frame=348,t_us=37604031,flags=0,len=512,crc=0xA1AA71E4,chunks=6
K1DFC,ver=1,seq=57,idx=0,off=0,len=96,crc=0x29B7693F,hex=00FA0200A000E0013F01000024000000680F0000440D000000000000000000001F06000D020003000000000000000000000000000000000000000000000000000000000000000000000000000000000000000000000004010017080038150267
K1DFC,ver=1,seq=57,idx=1,off=96,len=96,crc=0xB1B570E6,hex=2704A53E06C34A078031054E1F032C14021A0F011912022319032F23043D2D054E3907563F084833063C2A053221042A1A032414021F1001170B011107000D05000A040009030007020005020004010003010002000001000000000000000000
K1DFC,ver=1,seq=57,idx=2,off=192,len=96,crc=0x66556ABD,hex=00000000000000000000000000000000000000000000000000000000000000000000000000000000000000000000000000000000000000000000000000000000000000000201000A0701171102291F04291F041711020A070102010000000000
K1DFC,ver=1,seq=57,idx=3,off=288,len=96,crc=0x28D6860C,hex=00000000000000000000000000000000000000000000000000000000000000000000000000000000000000000000000000000000000000000000000000000000000000000000000100000200000301000401000502000702000903000A04000D
K1DFC,ver=1,seq=57,idx=4,off=384,len=96,crc=0xE56B52C9,hex=0500110700170B011F10012414022A1A033221043C2A05483306563F084E39073D2D052F23042319031912021A0F012C14024E1F03803105C34A07A53E0667270438150217080004010000000000000000000000000000000000000000000000
K1DFC,ver=1,seq=57,idx=5,off=480,len=32,crc=0xA7F96A1D,hex=00000000000000000000000000000000000000000000000300000D02001F0600
K1DFR,ver=1,seq=58,kind=2,frame=348,t_us=37604031,flags=0,len=512,crc=0xB0912525,chunks=6
K1DFC,ver=1,seq=58,idx=0,off=0,len=96,crc=0xBC77F8B9,hex=01FA0200A000E0013F01000013000000680F0000440D000000000000000000001303000B020005010001000000000000000000000000000000000000000000000000000000000000000000000000000000000000000000000000000000000000
K1DFC,ver=1,seq=58,idx=1,off=96,len=96,crc=0x60A3C177,hex=00000000000000000000000000000000000000000000000000000000000000000000000000000000000000000000000000000000000000000302000E0A012119033C2E066049098D6B0EB78B1289680D644C0A4937073629052C21042C200434
K1DFC,ver=1,seq=58,idx=2,off=192,len=96,crc=0xA6F9182F,hex=26053F2E064533063C2B053424042C1E032619032114021D11021A0E01180B011509011107000E05000C04000A04000803000702000602000401000301000201000301000702000E0500170900240D01240D011709000E050007020003010002
K1DFC,ver=1,seq=58,idx=3,off=288,len=96,crc=0x8EE10BBF,hex=01000301000401000602000702000803000A04000C04000E0500110700150901180B011A0E011D11022114022619032C1E033424043C2B054533063F2E063426052C20042C2104362905493707644C0A89680DB78B128D6B0E6049093C2E0621
#CMD :vpml=status
K1DFC,ver=1,seq=58,idx=4,off=384,len=96,crc=0xDE8A0CF0,hex=19030E0A0103020000000000000000000000000000000000000000000000000000000000000000000000000000000000000000000000000000000000000000000000000000000000000000000000000000000000000000000000000000000000
K1DFC,ver=1,seq=58,idx=5,off=480,len=32,crc=0x21D8B15A,hex=00000000000000000000000000000000000000000100000501000B0200130300
K1DFR,ver=1,seq=59,kind=2,frame=360,t_us=37663112,flags=0,len=512,crc=0x8E967266,chunks=6
K1DFC,ver=1,seq=59,idx=0,off=0,len=96,crc=0xC1EEECB1,hex=00FA0200A000E0016D01000026000000660F0000420D000000000000000000001F06000D020003000000000000000000000000000000000000000000000000000000000000000000000000000000000000000000000000000000000000000000
K1DFC,ver=1,seq=59,idx=1,off=96,len=96,crc=0x0E37164A,hex=00000000000000000000000000000000000000000000000000000000000000000000000000000000000000000000000000000000000000000000000000000000000000000000000000000000000401001508003213025C2303923705A73F066D
K1DFC,ver=1,seq=59,idx=2,off=192,len=96,crc=0x87DD7CCD,hex=29043F18021F0C010D05000805000E0901150E011E1402291B03352304422D055138074D3306422B05352204291A031F1302160D010F08010A05000602000401000201000402000B0801171102291F04291F041711020B080104020002010004
K1DFC,ver=1,seq=59,idx=3,off=288,len=96,crc=0x7756DCC8,hex=01000602000A05000F0801160D011F1302291A03352204422B054D3306513807422D05352304291B031E1402150E010E09010805000D05001F0C013F18026D2904A73F069237055C230332130215080004010000000000000000000000000000
K1DFC,ver=1,seq=59,idx=4,off=384,len=96,crc=0xBAF465AE,hex=000000000000000000000000000000000000000000000000000000000000000000000000000000000000000000000000000000000000000000000000000000000000000000000000000000000000000000000000000000000000000000000000
K1DFC,ver=1,seq=59,idx=5,off=480,len=32,crc=0xA7F96A1D,hex=00000000000000000000000000000000000000000000000300000D02001F0600
K1DFR,ver=1,seq=60,kind=2,frame=360,t_us=37663112,flags=0,len=512,crc=0x66EA9EF5,chunks=6
K1DFC,ver=1,seq=60,idx=0,off=0,len=96,crc=0x977DAAA3,hex=01FA0200A000E0016D01000016000000660F0000420D000000000000000000001303000B020005010001000000000000000000000000000000000000000000000000000000000000000000000000000000000000000000000000000000000000
K1DFC,ver=1,seq=60,idx=1,off=96,len=96,crc=0xBAF465AE,hex=000000000000000000000000000000000000000000000000000000000000000000000000000000000000000000000000000000000000000000000000000000000000000000000000000000000000000000000000000000000000000000000000
K1DFC,ver=1,seq=60,idx=2,off=192,len=96,crc=0x36D92A7A,hex=00000000000000000000000000000000000000000000000000000000000000000000000101000907001812022F23044D3A0772570BA0790F81620C624A094A37073B2B053726043D28054E30065B35065B35064E30063D28053726043B2B054A
K1DFC,ver=1,seq=60,idx=3,off=288,len=96,crc=0xB7E95BFD,hex=3707624A0981620CA0790F72570B4D3A072F230418120209070001010000000000000000000000000000000000000000000000000000000000000000000000000000000000000000000000000000000000000000000000000000000000000000
K1DFC,ver=1,seq=60,idx=4,off=384,len=96,crc=0xBAF465AE,hex=000000000000000000000000000000000000000000000000000000000000000000000000000000000000000000000000000000000000000000000000000000000000000000000000000000000000000000000000000000000000000000000000
K1DFC,ver=1,seq=60,idx=5,off=480,len=32,crc=0x21D8B15A,hex=00000000000000000000000000000000000000000100000501000B0200130300
K1DFR,ver=1,seq=61,kind=2,frame=372,t_us=37723095,flags=0,len=512,crc=0xBD6AA9D0,chunks=6
K1DFC,ver=1,seq=61,idx=0,off=0,len=96,crc=0xE166B215,hex=00FA0200A000E0014C01000026000000670F0000440D000000000000000000001F06000D020003000000000000000000000000000000000000000000000000000000000000000000000000000000000000000000000000000000000000000000
K1DFC,ver=1,seq=61,idx=1,off=96,len=96,crc=0xBAF465AE,hex=000000000000000000000000000000000000000000000000000000000000000000000000000000000000000000000000000000000000000000000000000000000000000000000000000000000000000000000000000000000000000000000000
K1DFC,ver=1,seq=61,idx=2,off=192,len=96,crc=0x97AA6EDD,hex=00000000000000000000000000000000000000000000000000000000000000000000000000000000000000000000000000000602001708003313025B22038E3505893405602704522A055D3D07835F0C835F0C5D3D07522A056027048934058E
K1DFC,ver=1,seq=61,idx=3,off=288,len=96,crc=0x5AE80A99,hex=35055B220333130217080006020000000000000000000000000000000000000000000000000000000000000000000000000000000000000000000000000000000000000000000000000000000000000000000000000000000000000000000000
K1DFC,ver=1,seq=61,idx=4,off=384,len=96,crc=0xBAF465AE,hex=000000000000000000000000000000000000000000000000000000000000000000000000000000000000000000000000000000000000000000000000000000000000000000000000000000000000000000000000000000000000000000000000
K1DFC,ver=1,seq=61,idx=5,off=480,len=32,crc=0xA7F96A1D,hex=00000000000000000000000000000000000000000000000300000D02001F0600
K1DFR,ver=1,seq=62,kind=2,frame=372,t_us=37723095,flags=0,len=512,crc=0x5A33DE81,chunks=6
K1DFC,ver=1,seq=62,idx=0,off=0,len=96,crc=0xB7F5F407,hex=01FA0200A000E0014C01000016000000670F0000440D000000000000000000001303000B020005010001000000000000000000000000000000000000000000000000000000000000000000000000000000000000000000000000000000000000
K1DFC,ver=1,seq=62,idx=1,off=96,len=96,crc=0xBAF465AE,hex=000000000000000000000000000000000000000000000000000000000000000000000000000000000000000000000000000000000000000000000000000000000000000000000000000000000000000000000000000000000000000000000000
K1DFC,ver=1,seq=62,idx=2,off=192,len=96,crc=0xAF0105C8,hex=0000000000000000000000000000000000000000000000000000000000000000000000000000000000000000000000000000000000000000000000070500140F022E2104563A078E5D0BD48711E18610E18610D487118E5D0B563A072E210414
K1DFC,ver=1,seq=62,idx=3,off=288,len=96,crc=0x6262FE55,hex=0F0207050000000000000000000000000000000000000000000000000000000000000000000000000000000000000000000000000000000000000000000000000000000000000000000000000000000000000000000000000000000000000000
K1DFC,ver=1,seq=62,idx=4,off=384,len=96,crc=0xBAF465AE,hex=000000000000000000000000000000000000000000000000000000000000000000000000000000000000000000000000000000000000000000000000000000000000000000000000000000000000000000000000000000000000000000000000
K1DFC,ver=1,seq=62,idx=5,off=480,len=32,crc=0x21D8B15A,hex=00000000000000000000000000000000000000000100000501000B0200130300
K1DFR,ver=1,seq=63,kind=2,frame=384,t_us=37782999,flags=0,len=512,crc=0x39B1C9EB,chunks=6
K1DFC,ver=1,seq=63,idx=0,off=0,len=96,crc=0xD37ECE14,hex=00FA0200A000E001140100001F0000005F0F00003C0D000000000000000000001F06000D020003000000000000000000000000000000000000000000000000000000000000000000000000000000000000000000000000000000000000000000
K1DFC,ver=1,seq=63,idx=1,off=96,len=96,crc=0xBAF465AE,hex=000000000000000000000000000000000000000000000000000000000000000000000000000000000000000000000000000000000000000000000000000000000000000000000000000000000000000000000000000000000000000000000000
K1DFC,ver=1,seq=63,idx=2,off=192,len=96,crc=0x46DBE26D,hex=00000000000000000000000000000000000000000000000000000000000000000000000000000000000000000000000000000000000000000401001307002D1101531F038B3806B15009A95D0BBD7B0FBD7B0FA95D0BB150098B3806531F032D
K1DFC,ver=1,seq=63,idx=3,off=288,len=96,crc=0xFD54077A,hex=110113070004010000000000000000000000000000000000000000000000000000000000000000000000000000000000000000000000000000000000000000000000000000000000000000000000000000000000000000000000000000000000
K1DFC,ver=1,seq=63,idx=4,off=384,len=96,crc=0xBAF465AE,hex=000000000000000000000000000000000000000000000000000000000000000000000000000000000000000000000000000000000000000000000000000000000000000000000000000000000000000000000000000000000000000000000000
K1DFC,ver=1,seq=63,idx=5,off=480,len=32,crc=0xA7F96A1D,hex=00000000000000000000000000000000000000000000000300000D02001F0600
K1DFR,ver=1,seq=64,kind=2,frame=384,t_us=37782999,flags=0,len=512,crc=0xFFBABA6E,chunks=6
K1DFC,ver=1,seq=64,idx=0,off=0,len=96,crc=0x59A6036A,hex=01FA0200A000E00114010000160000005F0F00003C0D000000000000000000001303000B020005010001000000000000000000000000000000000000000000000000000000000000000000000000000000000000000000000000000000000000
K1DFC,ver=1,seq=64,idx=1,off=96,len=96,crc=0xBAF465AE,hex=000000000000000000000000000000000000000000000000000000000000000000000000000000000000000000000000000000000000000000000000000000000000000000000000000000000000000000000000000000000000000000000000
K1DFC,ver=1,seq=64,idx=2,off=192,len=96,crc=0xB1DD00AF,hex=0000000000000000050400120E01261D03423206644C0A8F6C0E926F0E6B510A4B3907342705241B031E16021F1703271D033023043B2B053D2C05362604312004311E033B1F034D2404692C048D38068D3806692C044D24043B1F03311E0331
K1DFC,ver=1,seq=64,idx=3,off=288,len=96,crc=0xE4C5D5AA,hex=20043626043D2C053B2B05302304271D031F17031E1602241B033427054B39076B510A926F0E8F6C0E644C0A423206261D03120E0105040000000000000000000000000000000000000000000000000000000000000000000000000000000000
K1DFC,ver=1,seq=64,idx=4,off=384,len=96,crc=0xBAF465AE,hex=000000000000000000000000000000000000000000000000000000000000000000000000000000000000000000000000000000000000000000000000000000000000000000000000000000000000000000000000000000000000000000000000
K1DFC,ver=1,seq=64,idx=5,off=480,len=32,crc=0x21D8B15A,hex=00000000000000000000000000000000000000000100000501000B0200130300
K1DF_END,ver=1,records=64,chunks=384,dropped=28,corrupt=0,overflowed=1
