[1781487157.250] #DEVICE role=main-k1 name=main-1401 port=/dev/cu.usbmodem12201 expected_chip_id=F887A500 env=k1_hardware
[1781487157.250] >>> :version
[1781487157.251] .25 | onset=1 bass=0 ostr=0.00
[1781487157.251] [AP] SSL=176 DC=-4698 max_raw=615 follower=2555 peak_scaled=0.506 response_gain=3.000 silent_scale=1.000 silence=0 cal_source=config cal_valid=1 cal_reason=none | bpm=100.0 conf=0.25 lock=0 phase=0.58 beat=0 bstr=0.26 | onset=1 bass=0 ostr=0.00
[1781487157.251] [AP] SSL=176 DC=-4698 max_raw=596 follower=1933 peak_scaled=0.676 response_gain=3.000 silent_scale=1.000 silence=0 cal_source=config cal_valid=1 cal_reason=none | bpm=100.0 conf=0.13 lock=0 phase=0.23 beat=0 bstr=0.21 | onset=0 bass=1 ostr=0.02
[1781487157.252] [AP] SSL=176 DC=-4698 max_raw=541 follower=1626 peak_scaled=0.887 response_gain=3.000 silent_scale=1.000 silence=0 cal_source=config cal_valid=1 cal_reason=none | bpm=100.0 conf=0.13 lock=0 phase=0.91 beat=0 bstr=0.12 | onset=0 bass=1 ostr=0.02
[1781487157.252] [AP] SSL=176 DC=-4698 max_raw=450 follower=1447 peak_scaled=0.816 response_gain=3.000 silent_scale=1.000 silence=0 cal_source=config cal_valid=1 cal_reason=none | bpm=100.0 conf=0.14 lock=0 phase=0.60 beat=0 bstr=0.06 | onset=0 bass=1 ostr=0.02
[1781487157.253] [AP] SSL=176 DC=-4698 max_raw=459 follower=1361 peak_scaled=0.744 response_gain=3.000 silent_scale=1.000 silence=0 cal_source=config cal_valid=1 cal_reason=none | bpm=100.0 conf=0.15 lock=0 phase=0.25 beat=0 bstr=0.04 | onset=0 bass=0 ostr=0.00
[1781487157.253] [AP] SSL=176 DC=-4698 max_raw=505 follower=1298 peak_scaled=0.918 response_gain=3.000 silent_scale=1.000 silence=0 cal_source=config cal_valid=1 cal_reason=none | bpm=100.0 conf=0.15 lock=0 phase=0.94 beat=0 bstr=0.04 | onset=0 bass=0 ostr=0.00
[1781487157.254] [AP] SSL=176 DC=-4698 max_raw=418 follower=1292 peak_scaled=0.717 response_gain=3.000 silent_scale=1.000 silence=0 cal_source=config cal_valid=1 cal_reason=none | bpm=100.0 conf=0.15 lock=0 phase=0.63 beat=0 bstr=0.11 | onset=0 bass=0 ostr=0.00
[1781487157.254] [AP] SSL=176 DC=-4698 max_raw=555 follower=1094 peak_scaled=0.943 response_gain=3.000 silent_scale=1.000 silence=0 cal_source=config cal_valid=1 cal_reason=none | bpm=100.0 conf=0.12 lock=0 phase=0.28 beat=0 bstr=0.12 | onset=0 bass=0 ostr=0.00
[1781487157.255] [AP] SSL=176 DC=-4698 max_raw=454 follower=1253 peak_scaled=0.774 response_gain=3.000 silent_scale=1.000 silence=0 cal_source=config cal_valid=1 cal_reason=none | bpm=86.0 conf=0.25 lock=0 phase=0.95 beat=0 bstr=0.57 | onset=0 bass=0 ostr=0.00
[1781487157.255] [AP] SSL=176 DC=-4698 max_raw=459 follower=1123 peak_scaled=0.725 response_gain=3.000 silent_scale=1.000 silence=0 cal_source=config cal_valid=1 cal_reason=none | bpm=119.0 conf=0.00 lock=0 phase=0.60 beat=0 bstr=0.11 | onset=0 bass=0 ostr=0.00
[1781487157.271] sbr{{
[1781487157.272] VERSION: 40103
[1781487157.272] }}
[1781487158.054] >>> :chip_id
[1781487158.057] sbr{{
[1781487158.058] F887A500
[1781487158.058] }}
[1781487158.119] [AP] SSL=176 DC=-4698 max_raw=435 follower=1023 peak_scaled=0.906 response_gain=3.000 silent_scale=1.000 silence=0 cal_source=config cal_valid=1 cal_reason=none | bpm=119.0 conf=0.00 lock=0 phase=0.56 beat=0 bstr=0.18 | onset=0 bass=0 ostr=0.00
[1781487159.124] [AP] SSL=176 DC=-4698 max_raw=373 follower=1016 peak_scaled=0.641 response_gain=3.000 silent_scale=1.000 silence=0 cal_source=config cal_valid=1 cal_reason=none | bpm=77.0 conf=0.00 lock=0 phase=0.41 beat=0 bstr=0.16 | onset=0 bass=0 ostr=0.00
[1781487160.129] [AP] SSL=176 DC=-4698 max_raw=349 follower=941 peak_scaled=0.826 response_gain=3.000 silent_scale=1.000 silence=0 cal_source=config cal_valid=1 cal_reason=none | bpm=77.0 conf=0.00 lock=0 phase=0.71 beat=0 bstr=0.06 | onset=0 bass=0 ostr=0.00
[1781487161.135] [AP] SSL=176 DC=-4698 max_raw=390 follower=945 peak_scaled=0.713 response_gain=3.000 silent_scale=1.000 silence=0 cal_source=config cal_valid=1 cal_reason=none | bpm=77.0 conf=0.00 lock=0 phase=0.99 beat=0 bstr=0.03 | onset=0 bass=0 ostr=0.00
[1781487162.140] [AP] SSL=176 DC=-4698 max_raw=258 follower=887 peak_scaled=0.582 response_gain=3.000 silent_scale=1.000 silence=0 cal_source=config cal_valid=1 cal_reason=none | bpm=77.0 conf=0.00 lock=0 phase=0.28 beat=0 bstr=0.17 | onset=1 bass=0 ostr=0.00
[1781487162.487] >>> :stop
[1781487162.492] SBOK
[1781487163.394] >>> :vp_stream=off
[1781487163.412] sbr{{
[1781487163.412] VP_STREAM: off
[1781487163.412] }}
[1781487164.312] >>> :ap_stream=off
[1781487164.336] sbr{{
[1781487164.337] AP_STREAM: off
[1781487164.337] }}
[1781487165.220] >>> :dump
[1781487165.239] sbr{{
[1781487165.239] FIRMWARE_VERSION: 40103
[1781487165.239] CHIP ID: F887A500
[1781487165.239] noise_button.pressed: 0
[1781487165.239] noise_button.last_down: 0
[1781487165.239] noise_button.last_up: 0
[1781487165.239] noise_button.pin: 255
[1781487165.239] mode_button.pressed: 0
[1781487165.240] mode_button.last_down: 0
[1781487165.240] mode_button.last_up: 0
[1781487165.240] mode_button.pin: 255
[1781487165.240] CONFIG.PHOTONS: 0.650000
[1781487165.240] CONFIG.CHROMA: 0.000000
[1781487165.240] CONFIG.MOOD: 0.150000
[1781487165.240] CONFIG.LIGHTSHOW_MODE: 8
[1781487165.240] CONFIG.MIRROR_ENABLED: 1
[1781487165.240] CONFIG.CHROMAGRAM_RANGE: 60
[1781487165.240] CONFIG.SAMPLE_RATE: 12800
[1781487165.240] CONFIG.NOTE_OFFSET: 12
[1781487165.240] CONFIG.SQUARE_ITER: 1.00
[1781487165.240] CONFIG.LED_TYPE: 0
[1781487165.240] CONFIG.LED_COUNT: 160
[1781487165.240] CONFIG.LED_COLOR_ORDER: 66
[1781487165.240] CONFIG.SAMPLES_PER_CHUNK: 96
[1781487165.240] CONFIG.SENSITIVITY: 2.400000
[1781487165.240] AUDIO_RESPONSE_GAIN: 3.000000
[1781487165.240] CONFIG.BOOT_ANIMATION: 1
[1781487165.240] CONFIG.SWEET_SPOT_MIN_LEVEL: 176
[1781487165.240] CONFIG.SWEET_SPOT_MAX_LEVEL: 30000
[1781487165.241] CONFIG.DC_OFFSET: -4698
[1781487165.241] CAL_SOURCE: config
[1781487165.241] CAL_VALID: 1
[1781487165.241] CAL_PROFILE_LOADED: 0
[1781487165.241] NOISE_CAL_REASON: none
[1781487165.241] NOISE_CAL_DC_SAMPLES: 0
[1781487165.241] NOISE_CAL_SSL_P50: 0.0
[1781487165.241] NOISE_CAL_SSL_P90: 0.0
[1781487165.241] CONFIG.STANDBY_DIMMING: 0
[1781487165.241] CONFIG.REVERSE_ORDER: 0
[1781487165.241] CONFIG.MAX_CURRENT_MA: 1500
[1781487165.241] CONFIG.TEMPORAL_DITHERING: 1
[1781487165.241] CONFIG.AUTO_COLOR_SHIFT: 0
[1781487165.241] CONFIG.INCANDESCENT_FILTER: 0.00
[1781487165.241] CONFIG.INCANDESCENT_MODE: 0
[1781487165.241] CONFIG.BULB_OPACITY: 0.00
[1781487165.241] CONFIG.SATURATION: 1.00
[1781487165.241] CONFIG.PRISM_COUNT: 1.00
[1781487165.241] CONFIG.BASE_COAT: 0
[1781487165.242] CONFIG.BASE_COAT_INTENSITY: 0.000
[1781487165.242] MASTER_BRIGHTNESS: 1.00
[1781487165.242] stream_audio: 0
[1781487165.242] stream_fps: 0
[1781487165.242] stream_max_mags: 0
[1781487165.242] stream_max_mags_followers: 0
[1781487165.242] stream_magnitudes: 0
[1781487165.242] stream_spectrogram: 0
[1781487165.242] stream_chromagram: 0
[1781487165.242] debug_mode: 0
[1781487165.242] noise_complete: 1
[1781487165.242] noise_iterations: 0
[1781487165.243] next_save_time: 0
[1781487165.243] settings_updated: 0
[1781487165.243] I2S_PORT: 0
[1781487165.243] SAMPLE_HISTORY_LENGTH: 4096
[1781487165.243] silence: 0
[1781487165.243] mode_destination: -1
[1781487165.243] SYSTEM_FPS: 168.14
[1781487165.243] LED_FPS: 200.72
[1781487165.243] }}
[1781487166.137] >>> :smart_status
[1781487166.157] sbr{{
[1781487166.157] SMART_ASSIST: off
[1781487166.157] SMART_SWITCHING: off
[1781487166.157] SMART_DIRECTOR_AUTONOMY: off
[1781487166.157] SMART_HOOKS: off
[1781487166.158] SMART_CONFIDENCE_FLOOR: 0.080
[1781487166.158] SMART_APPLIED_MODE: 3
[1781487166.158] SMART_LAST_REQUESTED_MODE: 3
[1781487166.158] SMART_SWITCHES_IN_WINDOW: 0
[1781487166.158] SMART_MANUAL_OWNER_ACTIVE: 0
[1781487166.158] SMART_LAST_REASON: 0
[1781487166.158] SMART_STATE: 0
[1781487166.158] SMART_INTENT_MODE: 3
[1781487166.158] SMART_INTENT_CONFIDENCE: 0.000
[1781487166.158] SMART_INTENT_WANTS_SWITCH: 0
[1781487166.158] SMART_SCALAR_PHOTONS: 1.000
[1781487166.158] SMART_SCALAR_CHROMA: 1.000
[1781487166.158] SMART_SCALAR_MOOD: 1.000
[1781487166.159] SMART_SCALAR_SATURATION: 1.000
[1781487166.159] SMART_PALETTE_OVERLAY: 0
[1781487166.159] SMART_PALETTE_INDEX: 0
[1781487166.159] SMART_AUTO_COLOUR_SHIFT: 0
[1781487166.159] SMART_MIN_DWELL_MS: 8000
[1781487166.159] SMART_COOLDOWN_MS: 20000
[1781487166.159] SMART_SWITCH_WINDOW_MS: 60000
[1781487166.159] SMART_MAX_SWITCHES: 2
[1781487166.160] SMART_AUDIO_NOVELTY: 0.0354
[1781487166.160] SMART_AUDIO_ENERGY: 0.2557
[1781487166.160] SMART_EVENT_ID: 189
[1781487166.160] SMART_EVENT_AGE_MS: 45
[1781487166.160] SMART_ONSET: 0
[1781487166.160] SMART_BASS_ONSET: 1
[1781487166.160] SMART_BEAT_CONFIDENCE: 0.000
[1781487166.160] SMART_TRANSIENT: 0
[1781487166.160] SMART_KICK: 0
[1781487166.160] SMART_SNARE: 0
[1781487166.160] SMART_HIHAT: 0
[1781487166.161] SMART_TRANSIENT_LEVEL: 0.108
[1781487166.161] SMART_KICK_LEVEL: 0.012
[1781487166.161] SMART_SNARE_LEVEL: 0.000
[1781487166.161] SMART_HIHAT_LEVEL: 0.008
[1781487166.161] SMART_SNARE_EVENT_ID: 71
[1781487166.161] SMART_HIHAT_EVENT_ID: 270
[1781487166.161] }}
[1781487167.049] >>> :vp_status
[1781487167.057] sbr{{
[1781487167.057] VP_PROFILE: candidate
[1781487167.057] VP_FIXES: agc_soft=on chroma_gate=on prism_off=on bloom_decay=off hsv_source_sat=on secondary_clean=on
[1781487167.057] VP_STREAM: off
[1781487167.057] AP_STREAM: off
[1781487167.057] VP_BLOOM: alpha=0.9900 shift=1.0000 force_sat=on
[1781487167.059] VP_WAVEFORM: idle_fade=0.9850 raw_margin=1.1000 peak_floor=0.0800 active_fade=0.0400 blend_gain=2.0000 fallback=1.0000 vu_floor=0.0200 shift_rate=120.0000
[1781487167.060] VP_CHROMA: seq=4422 range=60 profile=0 gate_gain=0.0000 pre_max=0.2824 pre_mean=0.2614 norm_max=0.9694 norm_mean=0.8976 flatness=0.0718 final_max=0.0000 final_mean=0.0000
[1781487167.061] VP_AGC: gain=0.5101 envelope=0.4949 floor=0.0010 gated=false
[1781487167.061] VP_RENDER_US: last=611 avg=681 max=1064
[1781487167.061] }}
[1781487167.968] >>> :vp_perf=status
[1781487167.982] sbr{{
[1781487167.982] VP_PERF: disabled (compile with ENABLE_VP_PERF_AUDIT=1)
[1781487167.982] }}
[1781487168.881] >>> :ap_stream=on
[1781487168.882] sbr{{
[1781487168.882] AP_STREAM: on
[1781487168.882] }}
[1781487168.884] [AP] SSL=176 DC=-4698 max_raw=222 follower=501 peak_scaled=0.623 response_gain=3.000 silent_scale=1.000 silence=0 cal_source=config cal_valid=1 cal_reason=none | bpm=102.0 conf=0.00 lock=0 phase=0.69 beat=0 bstr=0.08 | onset=0 bass=0 ostr=0.00
[1781487169.586] >>> :vp_stream=on
[1781487169.602] sbr{{
[1781487169.602] VP_STREAM: on
[1781487169.602] }}
[1781487169.609] [VP] profile=candidate fix=111011 chroma_seq=4933 chroma_flatness=0.1139 chroma_norm_max=0.9826 chroma_norm_mean=0.8687 chroma_final_max=0.1495 chroma_final_mean=0.1344 agc_gain=0.5313 bloom_alpha=0.9900 bloom_shift=1.0000 wave_idle=0.9850 wave_raw_margin=1.1000 wave_peak_floor=0.0800 wave_vu_floor=0.0200 wave_shift=120.0000 render_us=716 render_avg=671 render_max=1064
[1781487169.895] [AP] SSL=176 DC=-4698 max_raw=217 follower=519 peak_scaled=0.336 response_gain=3.000 silent_scale=1.000 silence=0 cal_source=config cal_valid=1 cal_reason=none | bpm=102.0 conf=0.00 lock=0 phase=0.42 beat=0 bstr=0.11 | onset=0 bass=0 ostr=0.00
[1781487170.293] >>> :smart_status
[1781487170.298] sbr{{
[1781487170.298] SMART_ASSIST: off
[1781487170.298] SMART_SWITCHING: off
[1781487170.298] SMART_DIRECTOR_AUTONOMY: off
[1781487170.298] SMART_HOOKS: off
[1781487170.298] SMART_CONFIDENCE_FLOOR: 0.080
[1781487170.298] SMART_APPLIED_MODE: 3
[1781487170.298] SMART_LAST_REQUESTED_MODE: 3
[1781487170.298] SMART_SWITCHES_IN_WINDOW: 0
[1781487170.298] SMART_MANUAL_OWNER_ACTIVE: 0
[1781487170.298] SMART_LAST_REASON: 0
[1781487170.298] SMART_STATE: 0
[1781487170.298] SMART_INTENT_MODE: 3
[1781487170.298] SMART_INTENT_CONFIDENCE: 0.000
[1781487170.299] SMART_INTENT_WANTS_SWITCH: 0
[1781487170.299] SMART_SCALAR_PHOTONS: 1.000
[1781487170.299] SMART_SCALAR_CHROMA: 1.000
[1781487170.299] SMART_SCALAR_MOOD: 1.000
[1781487170.299] SMART_SCALAR_SATURATION: 1.000
[1781487170.299] SMART_PALETTE_OVERLAY: 0
[1781487170.299] SMART_PALETTE_INDEX: 0
[1781487170.300] SMART_AUTO_COLOUR_SHIFT: 0
[1781487170.300] SMART_MIN_DWELL_MS: 8000
[1781487170.300] SMART_COOLDOWN_MS: 20000
[1781487170.300] SMART_SWITCH_WINDOW_MS: 60000
[1781487170.300] SMART_MAX_SWITCHES: 2
[1781487170.300] SMART_AUDIO_NOVELTY: 0.0485
[1781487170.300] SMART_AUDIO_ENERGY: 0.2544
[1781487170.300] SMART_EVENT_ID: 218
[1781487170.301] SMART_EVENT_AGE_MS: 135
[1781487170.301] SMART_ONSET: 0
[1781487170.301] SMART_BASS_ONSET: 0
[1781487170.301] SMART_BEAT_CONFIDENCE: 0.000
[1781487170.301] SMART_TRANSIENT: 0
[1781487170.301] SMART_KICK: 0
[1781487170.301] SMART_SNARE: 0
[1781487170.302] SMART_HIHAT: 1
[1781487170.302] SMART_TRANSIENT_LEVEL: 0.000
[1781487170.303] SMART_KICK_LEVEL: 0.002
[1781487170.303] SMART_SNARE_LEVEL: 0.001
[1781487170.303] SMART_HIHAT_LEVEL: 0.029
[1781487170.303] SMART_SNARE_EVENT_ID: 83
[1781487170.303] SMART_HIHAT_EVENT_ID: 317
[1781487170.303] }}
[1781487170.609] [VP] profile=candidate fix=111011 chroma_seq=5134 chroma_flatness=0.1079 chroma_norm_max=0.9385 chroma_norm_mean=0.8306 chroma_final_max=0.1171 chroma_final_mean=0.1020 agc_gain=0.5029 bloom_alpha=0.9900 bloom_shift=1.0000 wave_idle=0.9850 wave_raw_margin=1.1000 wave_peak_floor=0.0800 wave_vu_floor=0.0200 wave_shift=120.0000 render_us=658 render_avg=658 render_max=1064
[1781487170.901] [AP] SSL=176 DC=-4698 max_raw=272 follower=537 peak_scaled=0.619 response_gain=3.000 silent_scale=1.000 silence=0 cal_source=config cal_valid=1 cal_reason=none | bpm=102.0 conf=0.00 lock=0 phase=0.10 beat=0 bstr=0.07 | onset=0 bass=1 ostr=0.02
[1781487171.609] [VP] profile=candidate fix=111011 chroma_seq=5335 chroma_flatness=0.1551 chroma_norm_max=1.0306 chroma_norm_mean=0.8754 chroma_final_max=0.3496 chroma_final_mean=0.2913 agc_gain=0.5349 bloom_alpha=0.9900 bloom_shift=1.0000 wave_idle=0.9850 wave_raw_margin=1.1000 wave_peak_floor=0.0800 wave_vu_floor=0.0200 wave_shift=120.0000 render_us=684 render_avg=696 render_max=1064
[1781487171.905] [AP] SSL=176 DC=-4698 max_raw=354 follower=480 peak_scaled=1.000 response_gain=3.000 silent_scale=1.000 silence=0 cal_source=config cal_valid=1 cal_reason=none | bpm=102.0 conf=0.00 lock=0 phase=0.82 beat=0 bstr=0.04 | onset=0 bass=1 ostr=0.02
[1781487172.624] [VP] profile=candidate fix=111011 chroma_seq=5539 chroma_flatness=0.1319 chroma_norm_max=1.0002 chroma_norm_mean=0.8682 chroma_final_max=0.2337 chroma_final_mean=0.1994 agc_gain=0.5251 bloom_alpha=0.9900 bloom_shift=1.0000 wave_idle=0.9850 wave_raw_margin=1.1000 wave_peak_floor=0.0800 wave_vu_floor=0.0200 wave_shift=120.0000 render_us=748 render_avg=703 render_max=1064
[1781487172.909] [AP] SSL=176 DC=-4698 max_raw=229 follower=436 peak_scaled=0.404 response_gain=3.000 silent_scale=1.000 silence=0 cal_source=config cal_valid=1 cal_reason=none | bpm=102.0 conf=0.00 lock=0 phase=0.54 beat=0 bstr=0.03 | onset=0 bass=0 ostr=0.00
[1781487173.623] [VP] profile=candidate fix=111011 chroma_seq=5739 chroma_flatness=0.1123 chroma_norm_max=1.0198 chroma_norm_mean=0.9074 chroma_final_max=0.1487 chroma_final_mean=0.1306 agc_gain=0.5457 bloom_alpha=0.9900 bloom_shift=1.0000 wave_idle=0.9850 wave_raw_margin=1.1000 wave_peak_floor=0.0800 wave_vu_floor=0.0200 wave_shift=120.0000 render_us=646 render_avg=634 render_max=1064
[1781487173.914] [AP] SSL=176 DC=-4698 max_raw=344 follower=483 peak_scaled=0.882 response_gain=3.000 silent_scale=1.000 silence=0 cal_source=config cal_valid=1 cal_reason=none | bpm=102.0 conf=0.00 lock=0 phase=0.22 beat=0 bstr=0.03 | onset=0 bass=0 ostr=0.00
[1781487174.623] [VP] profile=candidate fix=111011 chroma_seq=5940 chroma_flatness=0.1399 chroma_norm_max=1.0057 chroma_norm_mean=0.8658 chroma_final_max=0.2713 chroma_final_mean=0.2294 agc_gain=0.5257 bloom_alpha=0.9900 bloom_shift=1.0000 wave_idle=0.9850 wave_raw_margin=1.1000 wave_peak_floor=0.0800 wave_vu_floor=0.0200 wave_shift=120.0000 render_us=696 render_avg=663 render_max=1064
[1781487174.921] [AP] SSL=176 DC=-4698 max_raw=248 follower=508 peak_scaled=0.439 response_gain=3.000 silent_scale=1.000 silence=0 cal_source=config cal_valid=1 cal_reason=none | bpm=102.0 conf=0.00 lock=0 phase=0.94 beat=0 bstr=0.07 | onset=0 bass=0 ostr=0.00
[1781487175.629] [VP] profile=candidate fix=111011 chroma_seq=6142 chroma_flatness=0.0961 chroma_norm_max=0.9318 chroma_norm_mean=0.8357 chroma_final_max=0.0672 chroma_final_mean=0.0594 agc_gain=0.5082 bloom_alpha=0.9900 bloom_shift=1.0000 wave_idle=0.9850 wave_raw_margin=1.1000 wave_peak_floor=0.0800 wave_vu_floor=0.0200 wave_shift=120.0000 render_us=594 render_avg=683 render_max=1064
[1781487175.925] [AP] SSL=176 DC=-4698 max_raw=267 follower=487 peak_scaled=0.689 response_gain=3.000 silent_scale=1.000 silence=0 cal_source=config cal_valid=1 cal_reason=none | bpm=102.0 conf=0.00 lock=0 phase=0.67 beat=0 bstr=0.11 | onset=0 bass=1 ostr=0.02
[1781487176.630] [VP] profile=candidate fix=111011 chroma_seq=6343 chroma_flatness=0.1278 chroma_norm_max=0.9994 chroma_norm_mean=0.8716 chroma_final_max=0.2150 chroma_final_mean=0.1844 agc_gain=0.5203 bloom_alpha=0.9900 bloom_shift=1.0000 wave_idle=0.9850 wave_raw_margin=1.1000 wave_peak_floor=0.0800 wave_vu_floor=0.0200 wave_shift=120.0000 render_us=649 render_avg=692 render_max=1064
[1781487176.929] [AP] SSL=176 DC=-4698 max_raw=183 follower=429 peak_scaled=0.500 response_gain=3.000 silent_scale=1.000 silence=0 cal_source=config cal_valid=1 cal_reason=none | bpm=102.0 conf=0.00 lock=0 phase=0.35 beat=0 bstr=0.17 | onset=0 bass=0 ostr=0.00
[1781487177.629] [VP] profile=candidate fix=111011 chroma_seq=6543 chroma_flatness=0.0946 chroma_norm_max=0.9659 chroma_norm_mean=0.8713 chroma_final_max=0.0633 chroma_final_mean=0.0564 agc_gain=0.5193 bloom_alpha=0.9900 bloom_shift=1.0000 wave_idle=0.9850 wave_raw_margin=1.1000 wave_peak_floor=0.0800 wave_vu_floor=0.0200 wave_shift=120.0000 render_us=657 render_avg=627 render_max=1064
[1781487177.935] [AP] SSL=176 DC=-4698 max_raw=202 follower=465 peak_scaled=0.594 response_gain=3.000 silent_scale=1.000 silence=0 cal_source=config cal_valid=1 cal_reason=none | bpm=102.0 conf=0.00 lock=0 phase=0.06 beat=0 bstr=0.21 | onset=0 bass=1 ostr=0.03
[1781487178.628] [VP] profile=candidate fix=111011 chroma_seq=6744 chroma_flatness=0.1510 chroma_norm_max=1.0473 chroma_norm_mean=0.8963 chroma_final_max=0.3364 chroma_final_mean=0.2828 agc_gain=0.5363 bloom_alpha=0.9900 bloom_shift=1.0000 wave_idle=0.9850 wave_raw_margin=1.1000 wave_peak_floor=0.0800 wave_vu_floor=0.0200 wave_shift=120.0000 render_us=713 render_avg=704 render_max=1064
[1781487178.940] [AP] SSL=176 DC=-4698 max_raw=358 follower=431 peak_scaled=1.026 response_gain=3.000 silent_scale=1.000 silence=0 cal_source=config cal_valid=1 cal_reason=none | bpm=102.0 conf=0.00 lock=0 phase=0.79 beat=0 bstr=0.26 | onset=0 bass=0 ostr=0.00
[1781487179.634] [VP] profile=candidate fix=111011 chroma_seq=6945 chroma_flatness=0.1619 chroma_norm_max=1.0408 chroma_norm_mean=0.8789 chroma_final_max=0.3853 chroma_final_mean=0.3190 agc_gain=0.5271 bloom_alpha=0.9900 bloom_shift=1.0000 wave_idle=0.9850 wave_raw_margin=1.1000 wave_peak_floor=0.0800 wave_vu_floor=0.0200 wave_shift=120.0000 render_us=718 render_avg=703 render_max=1064
[1781487179.944] [AP] SSL=176 DC=-4698 max_raw=133 follower=431 peak_scaled=0.283 response_gain=3.000 silent_scale=1.000 silence=0 cal_source=config cal_valid=1 cal_reason=none | bpm=102.0 conf=0.00 lock=0 phase=0.47 beat=0 bstr=0.14 | onset=0 bass=0 ostr=0.00
[1781487180.633] [VP] profile=candidate fix=111011 chroma_seq=7146 chroma_flatness=0.1154 chroma_norm_max=1.0334 chroma_norm_mean=0.9179 chroma_final_max=0.1655 chroma_final_mean=0.1450 agc_gain=0.5441 bloom_alpha=0.9900 bloom_shift=1.0000 wave_idle=0.9850 wave_raw_margin=1.1000 wave_peak_floor=0.0800 wave_vu_floor=0.0200 wave_shift=120.0000 render_us=644 render_avg=629 render_max=1064
[1781487180.950] [AP] SSL=176 DC=-4698 max_raw=141 follower=428 peak_scaled=0.478 response_gain=3.000 silent_scale=1.000 silence=0 cal_source=config cal_valid=1 cal_reason=none | bpm=102.0 conf=0.00 lock=0 phase=0.19 beat=0 bstr=0.10 | onset=0 bass=1 ostr=0.02
[1781487181.643] [VP] profile=candidate fix=111011 chroma_seq=7349 chroma_flatness=0.1032 chroma_norm_max=1.0339 chroma_norm_mean=0.9306 chroma_final_max=0.1086 chroma_final_mean=0.0966 agc_gain=0.5493 bloom_alpha=0.9900 bloom_shift=1.0000 wave_idle=0.9850 wave_raw_margin=1.1000 wave_peak_floor=0.0800 wave_vu_floor=0.0200 wave_shift=120.0000 render_us=687 render_avg=647 render_max=1064
[1781487181.956] [AP] SSL=176 DC=-4698 max_raw=212 follower=332 peak_scaled=0.389 response_gain=3.000 silent_scale=1.000 silence=0 cal_source=config cal_valid=1 cal_reason=none | bpm=102.0 conf=0.00 lock=0 phase=0.92 beat=0 bstr=0.11 | onset=0 bass=1 ostr=0.02
[1781487182.649] [VP] profile=candidate fix=111011 chroma_seq=7550 chroma_flatness=0.0654 chroma_norm_max=0.9630 chroma_norm_mean=0.9061 chroma_final_max=0.0000 chroma_final_mean=0.0000 agc_gain=0.5368 bloom_alpha=0.9900 bloom_shift=1.0000 wave_idle=0.9850 wave_raw_margin=1.1000 wave_peak_floor=0.0800 wave_vu_floor=0.0200 wave_shift=120.0000 render_us=584 render_avg=673 render_max=1064
[1781487182.960] [AP] SSL=176 DC=-4698 max_raw=212 follower=524 peak_scaled=0.927 response_gain=3.000 silent_scale=1.000 silence=0 cal_source=config cal_valid=1 cal_reason=none | bpm=102.0 conf=0.00 lock=0 phase=0.60 beat=0 bstr=0.32 | onset=0 bass=1 ostr=0.03
[1781487183.649] [VP] profile=candidate fix=111011 chroma_seq=7751 chroma_flatness=0.1005 chroma_norm_max=0.9509 chroma_norm_mean=0.8504 chroma_final_max=0.0871 chroma_final_mean=0.0768 agc_gain=0.4589 bloom_alpha=0.9900 bloom_shift=1.0000 wave_idle=0.9850 wave_raw_margin=1.1000 wave_peak_floor=0.0800 wave_vu_floor=0.0200 wave_shift=120.0000 render_us=684 render_avg=612 render_max=1064
[1781487183.965] [AP] SSL=176 DC=-4698 max_raw=289 follower=661 peak_scaled=0.508 response_gain=3.000 silent_scale=1.000 silence=0 cal_source=config cal_valid=1 cal_reason=none | bpm=102.0 conf=0.00 lock=0 phase=0.32 beat=0 bstr=0.55 | onset=1 bass=0 ostr=0.00
[1781487184.648] [VP] profile=candidate fix=111011 chroma_seq=7952 chroma_flatness=0.0805 chroma_norm_max=0.9769 chroma_norm_mean=0.8963 chroma_final_max=0.0023 chroma_final_mean=0.0021 agc_gain=0.5006 bloom_alpha=0.9900 bloom_shift=1.0000 wave_idle=0.9850 wave_raw_margin=1.1000 wave_peak_floor=0.0800 wave_vu_floor=0.0200 wave_shift=120.0000 render_us=688 render_avg=647 render_max=1064
[1781487184.971] [AP] SSL=176 DC=-4698 max_raw=222 follower=526 peak_scaled=0.262 response_gain=3.000 silent_scale=1.000 silence=0 cal_source=config cal_valid=1 cal_reason=none | bpm=102.0 conf=0.00 lock=0 phase=0.04 beat=0 bstr=0.38 | onset=0 bass=0 ostr=0.00
[1781487185.650] [VP] profile=candidate fix=111011 chroma_seq=8153 chroma_flatness=0.0890 chroma_norm_max=0.9550 chroma_norm_mean=0.8660 chroma_final_max=0.0383 chroma_final_mean=0.0343 agc_gain=0.5074 bloom_alpha=0.9900 bloom_shift=1.0000 wave_idle=0.9850 wave_raw_margin=1.1000 wave_peak_floor=0.0800 wave_vu_floor=0.0200 wave_shift=120.0000 render_us=667 render_avg=622 render_max=1064
[1781487185.975] [AP] SSL=176 DC=-4698 max_raw=178 follower=388 peak_scaled=0.839 response_gain=3.000 silent_scale=1.000 silence=0 cal_source=config cal_valid=1 cal_reason=none | bpm=102.0 conf=0.00 lock=0 phase=0.73 beat=0 bstr=0.22 | onset=1 bass=0 ostr=0.00
[1781487186.664] [VP] profile=candidate fix=111011 chroma_seq=8356 chroma_flatness=0.0679 chroma_norm_max=0.9915 chroma_norm_mean=0.9247 chroma_final_max=0.0000 chroma_final_mean=0.0000 agc_gain=0.5004 bloom_alpha=0.9900 bloom_shift=1.0000 wave_idle=0.9850 wave_raw_margin=1.1000 wave_peak_floor=0.0800 wave_vu_floor=0.0200 wave_shift=120.0000 render_us=605 render_avg=667 render_max=1064
[1781487186.979] [AP] SSL=176 DC=-4698 max_raw=284 follower=367 peak_scaled=0.779 response_gain=3.000 silent_scale=1.000 silence=0 cal_source=config cal_valid=1 cal_reason=none | bpm=102.0 conf=0.00 lock=0 phase=0.44 beat=0 bstr=0.09 | onset=0 bass=0 ostr=0.00
[1781487187.664] [VP] profile=candidate fix=111011 chroma_seq=8557 chroma_flatness=0.0620 chroma_norm_max=0.9788 chroma_norm_mean=0.9167 chroma_final_max=0.0000 chroma_final_mean=0.0000 agc_gain=0.4901 bloom_alpha=0.9900 bloom_shift=1.0000 wave_idle=0.9850 wave_raw_margin=1.1000 wave_peak_floor=0.0800 wave_vu_floor=0.0200 wave_shift=120.0000 render_us=603 render_avg=602 render_max=1064
[1781487187.987] [AP] SSL=176 DC=-4698 max_raw=284 follower=414 peak_scaled=0.693 response_gain=3.000 silent_scale=1.000 silence=0 cal_source=config cal_valid=1 cal_reason=none | bpm=102.0 conf=0.00 lock=0 phase=0.17 beat=0 bstr=0.03 | onset=0 bass=0 ostr=0.00
[1781487188.664] [VP] profile=candidate fix=111011 chroma_seq=8758 chroma_flatness=0.0584 chroma_norm_max=0.9893 chroma_norm_mean=0.9309 chroma_final_max=0.0000 chroma_final_mean=0.0000 agc_gain=0.4933 bloom_alpha=0.9900 bloom_shift=1.0000 wave_idle=0.9850 wave_raw_margin=1.1000 wave_peak_floor=0.0800 wave_vu_floor=0.0200 wave_shift=120.0000 render_us=608 render_avg=655 render_max=1064
[1781487188.990] [AP] SSL=176 DC=-4698 max_raw=313 follower=410 peak_scaled=0.937 response_gain=3.000 silent_scale=1.000 silence=0 cal_source=config cal_valid=1 cal_reason=none | bpm=102.0 conf=0.00 lock=0 phase=0.85 beat=0 bstr=0.03 | onset=0 bass=0 ostr=0.00
[1781487189.669] [VP] profile=candidate fix=111011 chroma_seq=8959 chroma_flatness=0.1074 chroma_norm_max=0.9876 chroma_norm_mean=0.8802 chroma_final_max=0.1215 chroma_final_mean=0.1068 agc_gain=0.4756 bloom_alpha=0.9900 bloom_shift=1.0000 wave_idle=0.9850 wave_raw_margin=1.1000 wave_peak_floor=0.0800 wave_vu_floor=0.0200 wave_shift=120.0000 render_us=592 render_avg=644 render_max=1064
[1781487189.995] [AP] SSL=176 DC=-4698 max_raw=303 follower=377 peak_scaled=0.747 response_gain=3.000 silent_scale=1.000 silence=0 cal_source=config cal_valid=1 cal_reason=none | bpm=102.0 conf=0.00 lock=0 phase=0.57 beat=0 bstr=0.03 | onset=0 bass=0 ostr=0.00
[1781487190.670] [VP] profile=candidate fix=111011 chroma_seq=9160 chroma_flatness=0.0692 chroma_norm_max=1.0032 chroma_norm_mean=0.9339 chroma_final_max=0.0000 chroma_final_mean=0.0000 agc_gain=0.4881 bloom_alpha=0.9900 bloom_shift=1.0000 wave_idle=0.9850 wave_raw_margin=1.1000 wave_peak_floor=0.0800 wave_vu_floor=0.0200 wave_shift=120.0000 render_us=601 render_avg=634 render_max=1064
[1781487191.001] [AP] SSL=176 DC=-4698 max_raw=285 follower=360 peak_scaled=0.856 response_gain=3.000 silent_scale=1.000 silence=0 cal_source=config cal_valid=1 cal_reason=none | bpm=102.0 conf=0.00 lock=0 phase=0.29 beat=0 bstr=0.02 | onset=0 bass=1 ostr=0.02
[1781487191.669] [VP] profile=candidate fix=111011 chroma_seq=9360 chroma_flatness=0.0710 chroma_norm_max=1.0149 chroma_norm_mean=0.9440 chroma_final_max=0.0000 chroma_final_mean=0.0000 agc_gain=0.5078 bloom_alpha=0.9900 bloom_shift=1.0000 wave_idle=0.9850 wave_raw_margin=1.1000 wave_peak_floor=0.0800 wave_vu_floor=0.0200 wave_shift=120.0000 render_us=611 render_avg=628 render_max=1064
[1781487192.005] [AP] SSL=176 DC=-4698 max_raw=201 follower=603 peak_scaled=0.639 response_gain=3.000 silent_scale=1.000 silence=0 cal_source=config cal_valid=1 cal_reason=none | bpm=102.0 conf=0.00 lock=0 phase=0.98 beat=0 bstr=0.06 | onset=0 bass=0 ostr=0.00
[1781487192.669] [VP] profile=candidate fix=111011 chroma_seq=9561 chroma_flatness=0.0739 chroma_norm_max=0.9458 chroma_norm_mean=0.8719 chroma_final_max=0.0000 chroma_final_mean=0.0000 agc_gain=0.4727 bloom_alpha=0.9900 bloom_shift=1.0000 wave_idle=0.9850 wave_raw_margin=1.1000 wave_peak_floor=0.0800 wave_vu_floor=0.0200 wave_shift=120.0000 render_us=597 render_avg=640 render_max=1064
[1781487193.011] [AP] SSL=176 DC=-4698 max_raw=230 follower=437 peak_scaled=0.620 response_gain=3.000 silent_scale=1.000 silence=0 cal_source=config cal_valid=1 cal_reason=none | bpm=88.0 conf=0.00 lock=0 phase=0.56 beat=0 bstr=0.01 | onset=0 bass=0 ostr=0.00
[1781487193.674] [VP] profile=candidate fix=111011 chroma_seq=9762 chroma_flatness=0.1390 chroma_norm_max=1.0181 chroma_norm_mean=0.8791 chroma_final_max=0.2709 chroma_final_mean=0.2299 agc_gain=0.4871 bloom_alpha=0.9900 bloom_shift=1.0000 wave_idle=0.9850 wave_raw_margin=1.1000 wave_peak_floor=0.0800 wave_vu_floor=0.0200 wave_shift=120.0000 render_us=759 render_avg=684 render_max=1064
[1781487194.015] [AP] SSL=176 DC=-4698 max_raw=234 follower=379 peak_scaled=0.620 response_gain=3.000 silent_scale=1.000 silence=0 cal_source=config cal_valid=1 cal_reason=none | bpm=88.0 conf=0.00 lock=0 phase=0.05 beat=0 bstr=0.01 | onset=0 bass=1 ostr=0.02
[1781487194.674] [VP] profile=candidate fix=111011 chroma_seq=9963 chroma_flatness=0.1177 chroma_norm_max=0.9714 chroma_norm_mean=0.8537 chroma_final_max=0.1643 chroma_final_mean=0.1421 agc_gain=0.4924 bloom_alpha=0.9900 bloom_shift=1.0000 wave_idle=0.9850 wave_raw_margin=1.1000 wave_peak_floor=0.0800 wave_vu_floor=0.0200 wave_shift=120.0000 render_us=700 render_avg=686 render_max=1064
[1781487195.021] [AP] SSL=176 DC=-4698 max_raw=298 follower=900 peak_scaled=0.579 response_gain=3.000 silent_scale=1.000 silence=0 cal_source=config cal_valid=1 cal_reason=none | bpm=116.0 conf=0.00 lock=0 phase=0.55 beat=0 bstr=0.04 | onset=1 bass=0 ostr=0.00
[1781487195.675] [VP] profile=candidate fix=111011 chroma_seq=10164 chroma_flatness=0.0756 chroma_norm_max=0.9068 chroma_norm_mean=0.8312 chroma_final_max=0.0000 chroma_final_mean=0.0000 agc_gain=0.4762 bloom_alpha=0.9900 bloom_shift=1.0000 wave_idle=0.9850 wave_raw_margin=1.1000 wave_peak_floor=0.0800 wave_vu_floor=0.0200 wave_shift=120.0000 render_us=600 render_avg=635 render_max=1064
[1781487196.025] [AP] SSL=176 DC=-4698 max_raw=253 follower=618 peak_scaled=0.922 response_gain=3.000 silent_scale=1.000 silence=0 cal_source=config cal_valid=1 cal_reason=none | bpm=116.0 conf=0.00 lock=0 phase=0.49 beat=0 bstr=0.02 | onset=0 bass=1 ostr=0.03
[1781487196.674] [VP] profile=candidate fix=111011 chroma_seq=10365 chroma_flatness=0.1120 chroma_norm_max=0.9646 chroma_norm_mean=0.8526 chroma_final_max=0.1382 chroma_final_mean=0.1203 agc_gain=0.4444 bloom_alpha=0.9900 bloom_shift=1.0000 wave_idle=0.9850 wave_raw_margin=1.1000 wave_peak_floor=0.0800 wave_vu_floor=0.0200 wave_shift=120.0000 render_us=638 render_avg=683 render_max=1064
[1781487197.031] [AP] SSL=176 DC=-4698 max_raw=423 follower=805 peak_scaled=0.937 response_gain=3.000 silent_scale=1.000 silence=0 cal_source=config cal_valid=1 cal_reason=none | bpm=116.0 conf=0.00 lock=0 phase=0.45 beat=0 bstr=0.02 | onset=1 bass=0 ostr=0.00
[1781487197.679] [VP] profile=candidate fix=111011 chroma_seq=10566 chroma_flatness=0.0797 chroma_norm_max=0.8789 chroma_norm_mean=0.7992 chroma_final_max=0.0000 chroma_final_mean=0.0000 agc_gain=0.4485 bloom_alpha=0.9900 bloom_shift=1.0000 wave_idle=0.9850 wave_raw_margin=1.1000 wave_peak_floor=0.0800 wave_vu_floor=0.0200 wave_shift=120.0000 render_us=611 render_avg=692 render_max=1064
[1781487198.035] [AP] SSL=176 DC=-4698 max_raw=184 follower=484 peak_scaled=0.099 response_gain=3.000 silent_scale=1.000 silence=0 cal_source=config cal_valid=1 cal_reason=none | bpm=116.0 conf=0.00 lock=0 phase=0.37 beat=0 bstr=0.04 | onset=0 bass=0 ostr=0.00
[1781487198.679] [VP] profile=candidate fix=111011 chroma_seq=10767 chroma_flatness=0.1391 chroma_norm_max=1.0591 chroma_norm_mean=0.9200 chroma_final_max=0.2834 chroma_final_mean=0.2423 agc_gain=0.5035 bloom_alpha=0.9900 bloom_shift=1.0000 wave_idle=0.9850 wave_raw_margin=1.1000 wave_peak_floor=0.0800 wave_vu_floor=0.0200 wave_shift=120.0000 render_us=735 render_avg=674 render_max=1064
[1781487199.041] [AP] SSL=176 DC=-4698 max_raw=196 follower=331 peak_scaled=0.346 response_gain=3.000 silent_scale=1.000 silence=0 cal_source=config cal_valid=1 cal_reason=none | bpm=116.0 conf=0.00 lock=0 phase=0.32 beat=0 bstr=0.05 | onset=1 bass=0 ostr=0.00
[1781487199.679] [VP] profile=candidate fix=111011 chroma_seq=10968 chroma_flatness=0.1166 chroma_norm_max=1.0141 chroma_norm_mean=0.8975 chroma_final_max=0.1674 chroma_final_mean=0.1460 agc_gain=0.5031 bloom_alpha=0.9900 bloom_shift=1.0000 wave_idle=0.9850 wave_raw_margin=1.1000 wave_peak_floor=0.0800 wave_vu_floor=0.0200 wave_shift=120.0000 render_us=686 render_avg=643 render_max=1064
[1781487200.046] [AP] SSL=176 DC=-4698 max_raw=138 follower=259 peak_scaled=0.148 response_gain=3.000 silent_scale=1.000 silence=0 cal_source=config cal_valid=1 cal_reason=none | bpm=116.0 conf=0.00 lock=0 phase=0.28 beat=0 bstr=0.07 | onset=1 bass=0 ostr=0.00
[1781487200.680] [VP] profile=candidate fix=111011 chroma_seq=11169 chroma_flatness=0.1434 chroma_norm_max=1.0362 chroma_norm_mean=0.8927 chroma_final_max=0.2970 chroma_final_mean=0.2514 agc_gain=0.5071 bloom_alpha=0.9900 bloom_shift=1.0000 wave_idle=0.9850 wave_raw_margin=1.1000 wave_peak_floor=0.0800 wave_vu_floor=0.0200 wave_shift=120.0000 render_us=728 render_avg=637 render_max=1064
[1781487201.051] [AP] SSL=176 DC=-4698 max_raw=262 follower=255 peak_scaled=0.783 response_gain=3.000 silent_scale=1.000 silence=0 cal_source=config cal_valid=1 cal_reason=none | bpm=116.0 conf=0.00 lock=0 phase=0.20 beat=0 bstr=0.12 | onset=0 bass=0 ostr=0.00
[1781487201.685] [VP] profile=candidate fix=111011 chroma_seq=11371 chroma_flatness=0.0858 chroma_norm_max=0.9933 chroma_norm_mean=0.9075 chroma_final_max=0.0261 chroma_final_mean=0.0236 agc_gain=0.5409 bloom_alpha=0.9900 bloom_shift=1.0000 wave_idle=0.9850 wave_raw_margin=1.1000 wave_peak_floor=0.0800 wave_vu_floor=0.0200 wave_shift=120.0000 render_us=648 render_avg=675 render_max=1064
[1781487202.055] [AP] SSL=176 DC=-4698 max_raw=215 follower=186 peak_scaled=0.491 response_gain=3.000 silent_scale=1.000 silence=0 cal_source=config cal_valid=1 cal_reason=none | bpm=116.0 conf=0.00 lock=0 phase=0.15 beat=0 bstr=0.20 | onset=1 bass=0 ostr=0.00
[1781487202.684] [VP] profile=candidate fix=111011 chroma_seq=11571 chroma_flatness=0.0812 chroma_norm_max=0.9509 chroma_norm_mean=0.8697 chroma_final_max=0.0051 chroma_final_mean=0.0046 agc_gain=0.5258 bloom_alpha=0.9900 bloom_shift=1.0000 wave_idle=0.9850 wave_raw_margin=1.1000 wave_peak_floor=0.0800 wave_vu_floor=0.0200 wave_shift=120.0000 render_us=668 render_avg=646 render_max=1064
[1781487203.061] [AP] SSL=176 DC=-4698 max_raw=166 follower=227 peak_scaled=0.152 response_gain=3.000 silent_scale=1.000 silence=0 cal_source=config cal_valid=1 cal_reason=none | bpm=116.0 conf=0.00 lock=0 phase=0.11 beat=0 bstr=0.20 | onset=0 bass=1 ostr=0.02
[1781487203.684] [VP] profile=candidate fix=111011 chroma_seq=11772 chroma_flatness=0.0909 chroma_norm_max=0.9750 chroma_norm_mean=0.8841 chroma_final_max=0.0479 chroma_final_mean=0.0429 agc_gain=0.5306 bloom_alpha=0.9900 bloom_shift=1.0000 wave_idle=0.9850 wave_raw_margin=1.1000 wave_peak_floor=0.0800 wave_vu_floor=0.0200 wave_shift=120.0000 render_us=667 render_avg=642 render_max=1064
[1781487204.066] [AP] SSL=176 DC=-4698 max_raw=198 follower=265 peak_scaled=0.428 response_gain=3.000 silent_scale=1.000 silence=0 cal_source=config cal_valid=1 cal_reason=none | bpm=116.0 conf=0.00 lock=0 phase=0.02 beat=0 bstr=0.19 | onset=0 bass=0 ostr=0.00
[1781487204.685] [VP] profile=candidate fix=111011 chroma_seq=11973 chroma_flatness=0.1007 chroma_norm_max=0.9945 chroma_norm_mean=0.8939 chroma_final_max=0.0925 chroma_final_mean=0.0821 agc_gain=0.5370 bloom_alpha=0.9900 bloom_shift=1.0000 wave_idle=0.9850 wave_raw_margin=1.1000 wave_peak_floor=0.0800 wave_vu_floor=0.0200 wave_shift=120.0000 render_us=658 render_avg=661 render_max=1064
[1781487205.070] [AP] SSL=176 DC=-4698 max_raw=147 follower=210 peak_scaled=0.091 response_gain=3.000 silent_scale=1.000 silence=0 cal_source=config cal_valid=1 cal_reason=none | bpm=116.0 conf=0.00 lock=0 phase=0.98 beat=0 bstr=0.12 | onset=0 bass=0 ostr=0.00
[1781487205.700] [VP] profile=candidate fix=111011 chroma_seq=12177 chroma_flatness=0.1092 chroma_norm_max=1.0135 chroma_norm_mean=0.9043 chroma_final_max=0.1335 chroma_final_mean=0.1176 agc_gain=0.5497 bloom_alpha=0.9900 bloom_shift=1.0000 wave_idle=0.9850 wave_raw_margin=1.1000 wave_peak_floor=0.0800 wave_vu_floor=0.0200 wave_shift=120.0000 render_us=654 render_avg=658 render_max=1064
[1781487206.078] [AP] SSL=176 DC=-4698 max_raw=198 follower=234 peak_scaled=0.310 response_gain=3.000 silent_scale=1.000 silence=0 cal_source=config cal_valid=1 cal_reason=none | bpm=116.0 conf=0.00 lock=0 phase=0.94 beat=0 bstr=0.06 | onset=0 bass=0 ostr=0.00
[1781487206.701] [VP] profile=candidate fix=111011 chroma_seq=12378 chroma_flatness=0.0748 chroma_norm_max=0.9961 chroma_norm_mean=0.9213 chroma_final_max=0.0000 chroma_final_mean=0.0000 agc_gain=0.5355 bloom_alpha=0.9900 bloom_shift=1.0000 wave_idle=0.9850 wave_raw_margin=1.1000 wave_peak_floor=0.0800 wave_vu_floor=0.0200 wave_shift=120.0000 render_us=608 render_avg=628 render_max=1064
[1781487207.082] [AP] SSL=176 DC=-4698 max_raw=183 follower=186 peak_scaled=0.324 response_gain=3.000 silent_scale=1.000 silence=0 cal_source=config cal_valid=1 cal_reason=none | bpm=116.0 conf=0.00 lock=0 phase=0.85 beat=0 bstr=0.05 | onset=0 bass=0 ostr=0.00
[1781487207.701] [VP] profile=candidate fix=111011 chroma_seq=12579 chroma_flatness=0.1369 chroma_norm_max=1.0095 chroma_norm_mean=0.8726 chroma_final_max=0.2589 chroma_final_mean=0.2199 agc_gain=0.5376 bloom_alpha=0.9900 bloom_shift=1.0000 wave_idle=0.9850 wave_raw_margin=1.1000 wave_peak_floor=0.0800 wave_vu_floor=0.0200 wave_shift=120.0000 render_us=733 render_avg=642 render_max=1064
[1781487208.086] [AP] SSL=176 DC=-4698 max_raw=166 follower=268 peak_scaled=0.317 response_gain=3.000 silent_scale=1.000 silence=0 cal_source=config cal_valid=1 cal_reason=none | bpm=116.0 conf=0.00 lock=0 phase=0.81 beat=0 bstr=0.04 | onset=0 bass=0 ostr=0.00
[1781487208.705] [VP] profile=candidate fix=111011 chroma_seq=12781 chroma_flatness=0.1029 chroma_norm_max=1.0128 chroma_norm_mean=0.9100 chroma_final_max=0.1044 chroma_final_mean=0.0927 agc_gain=0.5326 bloom_alpha=0.9900 bloom_shift=1.0000 wave_idle=0.9850 wave_raw_margin=1.1000 wave_peak_floor=0.0800 wave_vu_floor=0.0200 wave_shift=120.0000 render_us=604 render_avg=653 render_max=1064
[1781487209.092] [AP] SSL=176 DC=-4698 max_raw=207 follower=296 peak_scaled=0.285 response_gain=3.000 silent_scale=1.000 silence=0 cal_source=config cal_valid=1 cal_reason=none | bpm=116.0 conf=0.00 lock=0 phase=0.77 beat=0 bstr=0.03 | onset=0 bass=1 ostr=0.02
[1781487209.705] [VP] profile=candidate fix=111011 chroma_seq=12982 chroma_flatness=0.1079 chroma_norm_max=1.0148 chroma_norm_mean=0.9069 chroma_final_max=0.1275 chroma_final_mean=0.1125 agc_gain=0.5420 bloom_alpha=0.9900 bloom_shift=1.0000 wave_idle=0.9850 wave_raw_margin=1.1000 wave_peak_floor=0.0800 wave_vu_floor=0.0200 wave_shift=120.0000 render_us=656 render_avg=670 render_max=1064
[1781487210.096] [AP] SSL=176 DC=-4698 max_raw=210 follower=221 peak_scaled=0.396 response_gain=3.000 silent_scale=1.000 silence=0 cal_source=config cal_valid=1 cal_reason=none | bpm=116.0 conf=0.00 lock=0 phase=0.68 beat=0 bstr=0.02 | onset=0 bass=1 ostr=0.02
[1781487210.705] [VP] profile=candidate fix=111011 chroma_seq=13182 chroma_flatness=0.0840 chroma_norm_max=1.0378 chroma_norm_mean=0.9538 chroma_final_max=0.0188 chroma_final_mean=0.0520 agc_gain=0.5393 bloom_alpha=0.9900 bloom_shift=1.0000 wave_idle=0.9850 wave_raw_margin=1.1000 wave_peak_floor=0.0800 wave_vu_floor=0.0200 wave_shift=120.0000 render_us=674 render_avg=636 render_max=1064
[1781487211.100] [AP] SSL=176 DC=-4698 max_raw=251 follower=195 peak_scaled=0.905 response_gain=3.000 silent_scale=1.000 silence=0 cal_source=config cal_valid=1 cal_reason=none | bpm=116.0 conf=0.00 lock=0 phase=0.63 beat=0 bstr=0.02 | onset=0 bass=1 ostr=0.02
[1781487211.705] [VP] profile=candidate fix=111011 chroma_seq=13383 chroma_flatness=0.0740 chroma_norm_max=1.0192 chroma_norm_mean=0.9452 chroma_final_max=0.0000 chroma_final_mean=0.0000 agc_gain=0.5507 bloom_alpha=0.9900 bloom_shift=1.0000 wave_idle=0.9850 wave_raw_margin=1.1000 wave_peak_floor=0.0800 wave_vu_floor=0.0200 wave_shift=120.0000 render_us=617 render_avg=600 render_max=1064
[1781487212.106] [AP] SSL=176 DC=-4698 max_raw=183 follower=310 peak_scaled=0.151 response_gain=3.000 silent_scale=1.000 silence=0 cal_source=config cal_valid=1 cal_reason=none | bpm=116.0 conf=0.00 lock=0 phase=0.60 beat=0 bstr=0.06 | onset=1 bass=0 ostr=0.00
[1781487212.710] [VP] profile=candidate fix=111011 chroma_seq=13585 chroma_flatness=0.1012 chroma_norm_max=1.0353 chroma_norm_mean=0.9341 chroma_final_max=0.0991 chroma_final_mean=0.0884 agc_gain=0.5491 bloom_alpha=0.9900 bloom_shift=1.0000 wave_idle=0.9850 wave_raw_margin=1.1000 wave_peak_floor=0.0800 wave_vu_floor=0.0200 wave_shift=120.0000 render_us=588 render_avg=639 render_max=1064
[1781487213.111] [AP] SSL=176 DC=-4698 max_raw=142 follower=249 peak_scaled=0.611 response_gain=3.000 silent_scale=1.000 silence=0 cal_source=config cal_valid=1 cal_reason=none | bpm=116.0 conf=0.00 lock=0 phase=0.51 beat=0 bstr=0.07 | onset=0 bass=1 ostr=0.02
[1781487213.711] [VP] profile=candidate fix=111011 chroma_seq=13786 chroma_flatness=0.1221 chroma_norm_max=1.0281 chroma_norm_mean=0.9061 chroma_final_max=0.1952 chroma_final_mean=0.1695 agc_gain=0.5256 bloom_alpha=0.9900 bloom_shift=1.0000 wave_idle=0.9850 wave_raw_margin=1.1000 wave_peak_floor=0.0800 wave_vu_floor=0.0200 wave_shift=120.0000 render_us=717 render_avg=667 render_max=1064
[1781487214.117] [AP] SSL=176 DC=-4698 max_raw=225 follower=401 peak_scaled=0.357 response_gain=3.000 silent_scale=1.000 silence=0 cal_source=config cal_valid=1 cal_reason=none | bpm=116.0 conf=0.00 lock=0 phase=0.46 beat=0 bstr=0.04 | onset=0 bass=0 ostr=0.00
[1781487214.710] [VP] profile=candidate fix=111011 chroma_seq=13986 chroma_flatness=0.1283 chroma_norm_max=1.0903 chroma_norm_mean=0.9620 chroma_final_max=0.3185 chroma_final_mean=0.2729 agc_gain=0.5226 bloom_alpha=0.9900 bloom_shift=1.0000 wave_idle=0.9850 wave_raw_margin=1.1000 wave_peak_floor=0.0800 wave_vu_floor=0.0200 wave_shift=120.0000 render_us=751 render_avg=706 render_max=1064
[1781487215.122] [AP] SSL=176 DC=-4698 max_raw=152 follower=319 peak_scaled=0.129 response_gain=3.000 silent_scale=1.000 silence=0 cal_source=config cal_valid=1 cal_reason=none | bpm=106.0 conf=0.00 lock=0 phase=0.37 beat=0 bstr=0.30 | onset=0 bass=0 ostr=0.00
[1781487215.715] [VP] profile=candidate fix=111011 chroma_seq=14188 chroma_flatness=0.0903 chroma_norm_max=0.8150 chroma_norm_mean=0.7246 chroma_final_max=0.0370 chroma_final_mean=0.0323 agc_gain=0.5061 bloom_alpha=0.9900 bloom_shift=1.0000 wave_idle=0.9850 wave_raw_margin=1.1000 wave_peak_floor=0.0800 wave_vu_floor=0.0200 wave_shift=120.0000 render_us=670 render_avg=653 render_max=1064
[1781487216.126] [AP] SSL=176 DC=-4698 max_raw=579 follower=1565 peak_scaled=0.771 response_gain=3.000 silent_scale=1.000 silence=0 cal_source=config cal_valid=1 cal_reason=none | bpm=106.0 conf=0.01 lock=0 phase=0.12 beat=0 bstr=0.21 | onset=0 bass=0 ostr=0.00
[1781487216.725] [VP] profile=candidate fix=111011 chroma_seq=14391 chroma_flatness=0.1246 chroma_norm_max=0.7997 chroma_norm_mean=0.6751 chroma_final_max=0.1562 chroma_final_mean=0.1284 agc_gain=0.3488 bloom_alpha=0.9900 bloom_shift=1.0000 wave_idle=0.9850 wave_raw_margin=1.1000 wave_peak_floor=0.0800 wave_vu_floor=0.0200 wave_shift=120.0000 render_us=647 render_avg=661 render_max=1064
[1781487217.132] [AP] SSL=176 DC=-4698 max_raw=201 follower=1041 peak_scaled=0.122 response_gain=3.000 silent_scale=1.000 silence=0 cal_source=config cal_valid=1 cal_reason=none | bpm=97.0 conf=0.07 lock=0 phase=0.85 beat=0 bstr=0.41 | onset=0 bass=1 ostr=0.02
[1781487217.726] [VP] profile=candidate fix=111011 chroma_seq=14591 chroma_flatness=0.0902 chroma_norm_max=0.8464 chroma_norm_mean=0.7562 chroma_final_max=0.0382 chroma_final_mean=0.0130 agc_gain=0.4876 bloom_alpha=0.9900 bloom_shift=1.0000 wave_idle=0.9850 wave_raw_margin=1.1000 wave_peak_floor=0.0800 wave_vu_floor=0.0200 wave_shift=120.0000 render_us=676 render_avg=639 render_max=1064
[1781487218.137] [AP] SSL=176 DC=-4698 max_raw=160 follower=583 peak_scaled=0.372 response_gain=3.000 silent_scale=1.000 silence=0 cal_source=config cal_valid=1 cal_reason=none | bpm=97.0 conf=0.06 lock=0 phase=0.49 beat=0 bstr=0.49 | onset=0 bass=0 ostr=0.00
[1781487218.726] [VP] profile=candidate fix=111011 chroma_seq=14792 chroma_flatness=0.0657 chroma_norm_max=1.0228 chroma_norm_mean=0.9571 chroma_final_max=0.0000 chroma_final_mean=0.0000 agc_gain=0.5402 bloom_alpha=0.9900 bloom_shift=1.0000 wave_idle=0.9850 wave_raw_margin=1.1000 wave_peak_floor=0.0800 wave_vu_floor=0.0200 wave_shift=120.0000 render_us=604 render_avg=615 render_max=1064
[1781487219.142] [AP] SSL=176 DC=-4698 max_raw=266 follower=331 peak_scaled=0.584 response_gain=3.000 silent_scale=1.000 silence=0 cal_source=config cal_valid=1 cal_reason=none | bpm=97.0 conf=0.06 lock=0 phase=0.09 beat=0 bstr=0.26 | onset=0 bass=0 ostr=0.00
[1781487219.740] [VP] profile=candidate fix=111011 chroma_seq=14995 chroma_flatness=0.0809 chroma_norm_max=0.9511 chroma_norm_mean=0.8702 chroma_final_max=0.0041 chroma_final_mean=0.0037 agc_gain=0.5401 bloom_alpha=0.9900 bloom_shift=1.0000 wave_idle=0.9850 wave_raw_margin=1.1000 wave_peak_floor=0.0800 wave_vu_floor=0.0200 wave_shift=120.0000 render_us=672 render_avg=634 render_max=1064
[1781487220.146] [AP] SSL=176 DC=-4698 max_raw=152 follower=268 peak_scaled=0.276 response_gain=3.000 silent_scale=1.000 silence=0 cal_source=config cal_valid=1 cal_reason=none | bpm=97.0 conf=0.00 lock=0 phase=0.73 beat=0 bstr=0.19 | onset=0 bass=1 ostr=0.02
[1781487220.741] [VP] profile=candidate fix=111011 chroma_seq=15196 chroma_flatness=0.1098 chroma_norm_max=1.0340 chroma_norm_mean=0.9242 chroma_final_max=0.1390 chroma_final_mean=0.1227 agc_gain=0.5391 bloom_alpha=0.9900 bloom_shift=1.0000 wave_idle=0.9850 wave_raw_margin=1.1000 wave_peak_floor=0.0800 wave_vu_floor=0.0200 wave_shift=120.0000 render_us=649 render_avg=625 render_max=1064
[1781487221.152] [AP] SSL=176 DC=-4698 max_raw=138 follower=277 peak_scaled=0.624 response_gain=3.000 silent_scale=1.000 silence=0 cal_source=config cal_valid=1 cal_reason=none | bpm=97.0 conf=0.00 lock=0 phase=0.37 beat=0 bstr=0.41 | onset=0 bass=0 ostr=0.00
[1781487221.740] [VP] profile=candidate fix=111011 chroma_seq=15397 chroma_flatness=0.0982 chroma_norm_max=1.0172 chroma_norm_mean=0.9190 chroma_final_max=0.0837 chroma_final_mean=0.0747 agc_gain=0.5449 bloom_alpha=0.9900 bloom_shift=1.0000 wave_idle=0.9850 wave_raw_margin=1.1000 wave_peak_floor=0.0800 wave_vu_floor=0.0200 wave_shift=120.0000 render_us=651 render_avg=689 render_max=1064
[1781487222.157] [AP] SSL=176 DC=-4698 max_raw=152 follower=189 peak_scaled=0.368 response_gain=3.000 silent_scale=1.000 silence=0 cal_source=config cal_valid=1 cal_reason=none | bpm=97.0 conf=0.00 lock=0 phase=0.97 beat=0 bstr=0.52 | onset=0 bass=1 ostr=0.02
[1781487222.755] [VP] profile=candidate fix=111011 chroma_seq=15600 chroma_flatness=0.1353 chroma_norm_max=1.0409 chroma_norm_mean=0.9056 chroma_final_max=0.2602 chroma_final_mean=0.2228 agc_gain=0.5447 bloom_alpha=0.9900 bloom_shift=1.0000 wave_idle=0.9850 wave_raw_margin=1.1000 wave_peak_floor=0.0800 wave_vu_floor=0.0200 wave_shift=120.0000 render_us=690 render_avg=658 render_max=1064
[1781487223.161] [AP] SSL=176 DC=-4698 max_raw=160 follower=225 peak_scaled=0.958 response_gain=3.000 silent_scale=1.000 silence=0 cal_source=config cal_valid=1 cal_reason=none | bpm=97.0 conf=0.00 lock=0 phase=0.60 beat=0 bstr=0.22 | onset=1 bass=0 ostr=0.00
[1781487223.755] [VP] profile=candidate fix=111011 chroma_seq=15801 chroma_flatness=0.0990 chroma_norm_max=0.9848 chroma_norm_mean=0.8858 chroma_final_max=0.0842 chroma_final_mean=0.0748 agc_gain=0.5391 bloom_alpha=0.9900 bloom_shift=1.0000 wave_idle=0.9850 wave_raw_margin=1.1000 wave_peak_floor=0.0800 wave_vu_floor=0.0200 wave_shift=120.0000 render_us=643 render_avg=639 render_max=1064
[1781487224.167] [AP] SSL=176 DC=-4698 max_raw=111 follower=238 peak_scaled=0.128 response_gain=3.000 silent_scale=1.000 silence=0 cal_source=config cal_valid=1 cal_reason=none | bpm=97.0 conf=0.00 lock=0 phase=0.24 beat=0 bstr=0.08 | onset=0 bass=0 ostr=0.00
[1781487224.756] [VP] profile=candidate fix=111011 chroma_seq=16002 chroma_flatness=0.1377 chroma_norm_max=1.0385 chroma_norm_mean=0.9008 chroma_final_max=0.2708 chroma_final_mean=0.2311 agc_gain=0.5207 bloom_alpha=0.9900 bloom_shift=1.0000 wave_idle=0.9850 wave_raw_margin=1.1000 wave_peak_floor=0.0800 wave_vu_floor=0.0200 wave_shift=120.0000 render_us=692 render_avg=699 render_max=1064
[1781487225.172] [AP] SSL=176 DC=-4698 max_raw=138 follower=292 peak_scaled=0.309 response_gain=3.000 silent_scale=1.000 silence=0 cal_source=config cal_valid=1 cal_reason=none | bpm=97.0 conf=0.00 lock=0 phase=0.84 beat=0 bstr=0.16 | onset=0 bass=0 ostr=0.00
[1781487225.761] [VP] profile=candidate fix=111011 chroma_seq=16204 chroma_flatness=0.0869 chroma_norm_max=1.0226 chroma_norm_mean=0.9357 chroma_final_max=0.0321 chroma_final_mean=0.0291 agc_gain=0.5484 bloom_alpha=0.9900 bloom_shift=1.0000 wave_idle=0.9850 wave_raw_margin=1.1000 wave_peak_floor=0.0800 wave_vu_floor=0.0200 wave_shift=120.0000 render_us=665 render_avg=691 render_max=1064
[1781487226.176] [AP] SSL=176 DC=-4698 max_raw=129 follower=243 peak_scaled=1.129 response_gain=3.000 silent_scale=1.000 silence=0 cal_source=config cal_valid=1 cal_reason=none | bpm=97.0 conf=0.00 lock=0 phase=0.47 beat=0 bstr=0.31 | onset=0 bass=1 ostr=0.02
[1781487226.761] [VP] profile=candidate fix=111011 chroma_seq=16404 chroma_flatness=0.0472 chroma_norm_max=0.9155 chroma_norm_mean=0.8683 chroma_final_max=0.0000 chroma_final_mean=0.0000 agc_gain=0.5436 bloom_alpha=0.9900 bloom_shift=1.0000 wave_idle=0.9850 wave_raw_margin=1.1000 wave_peak_floor=0.0800 wave_vu_floor=0.0200 wave_shift=120.0000 render_us=610 render_avg=623 render_max=1064
[1781487227.181] [AP] SSL=176 DC=-4698 max_raw=193 follower=227 peak_scaled=0.899 response_gain=3.000 silent_scale=1.000 silence=0 cal_source=config cal_valid=1 cal_reason=none | bpm=97.0 conf=0.00 lock=0 phase=0.11 beat=0 bstr=0.17 | onset=0 bass=1 ostr=0.02
[1781487227.760] [VP] profile=candidate fix=111011 chroma_seq=16605 chroma_flatness=0.0648 chroma_norm_max=0.9074 chroma_norm_mean=0.8426 chroma_final_max=0.0000 chroma_final_mean=0.0000 agc_gain=0.5166 bloom_alpha=0.9900 bloom_shift=1.0000 wave_idle=0.9850 wave_raw_margin=1.1000 wave_peak_floor=0.0800 wave_vu_floor=0.0200 wave_shift=120.0000 render_us=599 render_avg=616 render_max=1064
[1781487228.187] [AP] SSL=176 DC=-4698 max_raw=174 follower=316 peak_scaled=0.079 response_gain=3.000 silent_scale=1.000 silence=0 cal_source=config cal_valid=1 cal_reason=none | bpm=94.0 conf=0.00 lock=0 phase=0.71 beat=0 bstr=0.03 | onset=0 bass=0 ostr=0.00
[1781487228.761] [VP] profile=candidate fix=111011 chroma_seq=16806 chroma_flatness=0.0903 chroma_norm_max=1.0073 chroma_norm_mean=0.9170 chroma_final_max=0.0467 chroma_final_mean=0.0421 agc_gain=0.5120 bloom_alpha=0.9900 bloom_shift=1.0000 wave_idle=0.9850 wave_raw_margin=1.1000 wave_peak_floor=0.0800 wave_vu_floor=0.0200 wave_shift=120.0000 render_us=651 render_avg=652 render_max=1064
[1781487229.192] [AP] SSL=176 DC=-4698 max_raw=147 follower=275 peak_scaled=0.441 response_gain=3.000 silent_scale=1.000 silence=0 cal_source=config cal_valid=1 cal_reason=none | bpm=94.0 conf=0.00 lock=0 phase=0.30 beat=0 bstr=0.03 | onset=1 bass=0 ostr=0.00
[1781487229.765] [VP] profile=candidate fix=111011 chroma_seq=17008 chroma_flatness=0.0664 chroma_norm_max=0.9757 chroma_norm_mean=0.9093 chroma_final_max=0.0000 chroma_final_mean=0.0000 agc_gain=0.5309 bloom_alpha=0.9900 bloom_shift=1.0000 wave_idle=0.9850 wave_raw_margin=1.1000 wave_peak_floor=0.0800 wave_vu_floor=0.0200 wave_shift=120.0000 render_us=541 render_avg=621 render_max=1064
[1781487230.197] [AP] SSL=176 DC=-4698 max_raw=134 follower=220 peak_scaled=0.675 response_gain=3.000 silent_scale=1.000 silence=0 cal_source=config cal_valid=1 cal_reason=none | bpm=94.0 conf=0.00 lock=0 phase=0.89 beat=0 bstr=0.02 | onset=0 bass=0 ostr=0.00
[1781487230.765] [VP] profile=candidate fix=111011 chroma_seq=17209 chroma_flatness=0.0708 chroma_norm_max=0.9706 chroma_norm_mean=0.8998 chroma_final_max=0.0000 chroma_final_mean=0.0000 agc_gain=0.5409 bloom_alpha=0.9900 bloom_shift=1.0000 wave_idle=0.9850 wave_raw_margin=1.1000 wave_peak_floor=0.0800 wave_vu_floor=0.0200 wave_shift=120.0000 render_us=602 render_avg=652 render_max=1064
[1781487231.202] [AP] SSL=176 DC=-4698 max_raw=253 follower=231 peak_scaled=0.741 response_gain=3.000 silent_scale=1.000 silence=0 cal_source=config cal_valid=1 cal_reason=none | bpm=94.0 conf=0.00 lock=0 phase=0.44 beat=0 bstr=0.01 | onset=0 bass=0 ostr=0.00
[1781487231.766] [VP] profile=candidate fix=111011 chroma_seq=17409 chroma_flatness=0.0739 chroma_norm_max=1.0257 chroma_norm_mean=0.9518 chroma_final_max=0.0000 chroma_final_mean=0.0000 agc_gain=0.5349 bloom_alpha=0.9900 bloom_shift=1.0000 wave_idle=0.9850 wave_raw_margin=1.1000 wave_peak_floor=0.0800 wave_vu_floor=0.0200 wave_shift=120.0000 render_us=608 render_avg=604 render_max=1064
[1781487232.206] [AP] SSL=176 DC=-4698 max_raw=229 follower=303 peak_scaled=0.561 response_gain=3.000 silent_scale=1.000 silence=0 cal_source=config cal_valid=1 cal_reason=none | bpm=94.0 conf=0.00 lock=0 phase=0.02 beat=0 bstr=0.01 | onset=0 bass=1 ostr=0.02
[1781487232.766] [VP] profile=candidate fix=111011 chroma_seq=17610 chroma_flatness=0.1207 chroma_norm_max=1.0549 chroma_norm_mean=0.9343 chroma_final_max=0.1943 chroma_final_mean=0.1697 agc_gain=0.5322 bloom_alpha=0.9900 bloom_shift=1.0000 wave_idle=0.9850 wave_raw_margin=1.1000 wave_peak_floor=0.0800 wave_vu_floor=0.0200 wave_shift=120.0000 render_us=658 render_avg=641 render_max=1064
[1781487233.212] [AP] SSL=176 DC=-4698 max_raw=184 follower=311 peak_scaled=0.270 response_gain=3.000 silent_scale=1.000 silence=0 cal_source=config cal_valid=1 cal_reason=none | bpm=94.0 conf=0.00 lock=0 phase=0.61 beat=0 bstr=0.01 | onset=0 bass=0 ostr=0.00
[1781487233.771] [VP] profile=candidate fix=111011 chroma_seq=17812 chroma_flatness=0.1042 chroma_norm_max=0.9864 chroma_norm_mean=0.8822 chroma_final_max=0.1073 chroma_final_mean=0.0947 agc_gain=0.5437 bloom_alpha=0.9900 bloom_shift=1.0000 wave_idle=0.9850 wave_raw_margin=1.1000 wave_peak_floor=0.0800 wave_vu_floor=0.0200 wave_shift=120.0000 render_us=599 render_avg=654 render_max=1064
[1781487234.217] [AP] SSL=176 DC=-4698 max_raw=174 follower=229 peak_scaled=0.068 response_gain=3.000 silent_scale=1.000 silence=0 cal_source=config cal_valid=1 cal_reason=none | bpm=94.0 conf=0.00 lock=0 phase=0.16 beat=0 bstr=0.04 | onset=0 bass=1 ostr=0.02
[1781487234.771] [VP] profile=candidate fix=111011 chroma_seq=18013 chroma_flatness=0.0842 chroma_norm_max=1.0273 chroma_norm_mean=0.9431 chroma_final_max=0.0194 chroma_final_mean=0.0177 agc_gain=0.5532 bloom_alpha=0.9900 bloom_shift=1.0000 wave_idle=0.9850 wave_raw_margin=1.1000 wave_peak_floor=0.0800 wave_vu_floor=0.0200 wave_shift=120.0000 render_us=710 render_avg=648 render_max=1064
[1781487235.222] [AP] SSL=176 DC=-4698 max_raw=225 follower=272 peak_scaled=0.680 response_gain=3.000 silent_scale=1.000 silence=0 cal_source=config cal_valid=1 cal_reason=none | bpm=94.0 conf=0.00 lock=0 phase=0.74 beat=0 bstr=0.07 | onset=0 bass=0 ostr=0.00
[1781487235.772] [VP] profile=candidate fix=111011 chroma_seq=18213 chroma_flatness=0.0886 chroma_norm_max=1.0140 chroma_norm_mean=0.9320 chroma_final_max=0.0094 chroma_final_mean=0.0085 agc_gain=0.5492 bloom_alpha=0.9900 bloom_shift=1.0000 wave_idle=0.9850 wave_raw_margin=1.1000 wave_peak_floor=0.0800 wave_vu_floor=0.0200 wave_shift=120.0000 render_us=684 render_avg=702 render_max=1064
[1781487236.227] [AP] SSL=176 DC=-4698 max_raw=138 follower=227 peak_scaled=0.076 response_gain=3.000 silent_scale=1.000 silence=0 cal_source=config cal_valid=1 cal_reason=none | bpm=94.0 conf=0.00 lock=0 phase=0.33 beat=0 bstr=0.03 | onset=0 bass=1 ostr=0.02
[1781487236.772] [VP] profile=candidate fix=111011 chroma_seq=18414 chroma_flatness=0.1270 chroma_norm_max=1.0148 chroma_norm_mean=0.8878 chroma_final_max=0.2150 chroma_final_mean=0.1851 agc_gain=0.5487 bloom_alpha=0.9900 bloom_shift=1.0000 wave_idle=0.9850 wave_raw_margin=1.1000 wave_peak_floor=0.0800 wave_vu_floor=0.0200 wave_shift=120.0000 render_us=699 render_avg=689 render_max=1064
[1781487237.231] [AP] SSL=176 DC=-4698 max_raw=196 follower=340 peak_scaled=0.212 response_gain=3.000 silent_scale=1.000 silence=0 cal_source=config cal_valid=1 cal_reason=none | bpm=94.0 conf=0.00 lock=0 phase=0.89 beat=0 bstr=0.05 | onset=0 bass=0 ostr=0.00
[1781487237.786] [VP] profile=candidate fix=111011 chroma_seq=18618 chroma_flatness=0.1421 chroma_norm_max=1.0545 chroma_norm_mean=0.9124 chroma_final_max=0.2962 chroma_final_mean=0.2521 agc_gain=0.5478 bloom_alpha=0.9900 bloom_shift=1.0000 wave_idle=0.9850 wave_raw_margin=1.1000 wave_peak_floor=0.0800 wave_vu_floor=0.0200 wave_shift=120.0000 render_us=683 render_avg=675 render_max=1064
[1781487238.237] [AP] SSL=176 DC=-4698 max_raw=222 follower=268 peak_scaled=0.432 response_gain=3.000 silent_scale=1.000 silence=0 cal_source=config cal_valid=1 cal_reason=none | bpm=94.0 conf=0.00 lock=0 phase=0.47 beat=0 bstr=0.14 | onset=0 bass=0 ostr=0.00
[1781487238.786] [VP] profile=candidate fix=111011 chroma_seq=18819 chroma_flatness=0.0926 chroma_norm_max=0.9787 chroma_norm_mean=0.8861 chroma_final_max=0.0552 chroma_final_mean=0.0494 agc_gain=0.5280 bloom_alpha=0.9900 bloom_shift=1.0000 wave_idle=0.9850 wave_raw_margin=1.1000 wave_peak_floor=0.0800 wave_vu_floor=0.0200 wave_shift=120.0000 render_us=642 render_avg=615 render_max=1064
[1781487239.243] [AP] SSL=176 DC=-4698 max_raw=133 follower=274 peak_scaled=0.382 response_gain=3.000 silent_scale=1.000 silence=0 cal_source=config cal_valid=1 cal_reason=none | bpm=94.0 conf=0.00 lock=0 phase=0.06 beat=0 bstr=0.09 | onset=0 bass=0 ostr=0.00
[1781487239.786] [VP] profile=candidate fix=111011 chroma_seq=19020 chroma_flatness=0.1008 chroma_norm_max=1.0240 chroma_norm_mean=0.9232 chroma_final_max=0.0962 chroma_final_mean=0.0857 agc_gain=0.5530 bloom_alpha=0.9900 bloom_shift=1.0000 wave_idle=0.9850 wave_raw_margin=1.1000 wave_peak_floor=0.0800 wave_vu_floor=0.0200 wave_shift=120.0000 render_us=636 render_avg=653 render_max=1064
[1781487240.247] [AP] SSL=176 DC=-4698 max_raw=184 follower=236 peak_scaled=0.202 response_gain=3.000 silent_scale=1.000 silence=0 cal_source=config cal_valid=1 cal_reason=none | bpm=94.0 conf=0.00 lock=0 phase=0.61 beat=0 bstr=0.08 | onset=1 bass=0 ostr=0.00
[1781487240.791] [VP] profile=candidate fix=111011 chroma_seq=19222 chroma_flatness=0.1085 chroma_norm_max=0.9892 chroma_norm_mean=0.8807 chroma_final_max=0.1269 chroma_final_mean=0.1114 agc_gain=0.5394 bloom_alpha=0.9900 bloom_shift=1.0000 wave_idle=0.9850 wave_raw_margin=1.1000 wave_peak_floor=0.0800 wave_vu_floor=0.0200 wave_shift=120.0000 render_us=597 render_avg=652 render_max=1064
[1781487241.253] [AP] SSL=176 DC=-4698 max_raw=129 follower=226 peak_scaled=0.181 response_gain=3.000 silent_scale=1.000 silence=0 cal_source=config cal_valid=1 cal_reason=none | bpm=94.0 conf=0.00 lock=0 phase=0.19 beat=0 bstr=0.16 | onset=0 bass=0 ostr=0.00
[1781487241.792] [VP] profile=candidate fix=111011 chroma_seq=19423 chroma_flatness=0.1557 chroma_norm_max=1.0702 chroma_norm_mean=0.9145 chroma_final_max=0.3672 chroma_final_mean=0.3083 agc_gain=0.5500 bloom_alpha=0.9900 bloom_shift=1.0000 wave_idle=0.9850 wave_raw_margin=1.1000 wave_peak_floor=0.0800 wave_vu_floor=0.0200 wave_shift=120.0000 render_us=772 render_avg=731 render_max=1064
[1781487242.258] [AP] SSL=176 DC=-4698 max_raw=201 follower=204 peak_scaled=0.298 response_gain=3.000 silent_scale=1.000 silence=0 cal_source=config cal_valid=1 cal_reason=none | bpm=94.0 conf=0.00 lock=0 phase=0.78 beat=0 bstr=0.11 | onset=1 bass=0 ostr=0.00
[1781487242.798] [VP] profile=candidate fix=111011 chroma_seq=19623 chroma_flatness=0.1002 chroma_norm_max=1.0009 chroma_norm_mean=0.9007 chroma_final_max=0.0909 chroma_final_mean=0.0808 agc_gain=0.5426 bloom_alpha=0.9900 bloom_shift=1.0000 wave_idle=0.9850 wave_raw_margin=1.1000 wave_peak_floor=0.0800 wave_vu_floor=0.0200 wave_shift=120.0000 render_us=652 render_avg=649 render_max=1064
[1781487243.262] [AP] SSL=176 DC=-4698 max_raw=212 follower=189 peak_scaled=0.662 response_gain=3.000 silent_scale=1.000 silence=0 cal_source=config cal_valid=1 cal_reason=none | bpm=94.0 conf=0.00 lock=0 phase=0.33 beat=0 bstr=0.08 | onset=0 bass=0 ostr=0.00
[1781487243.792] [VP] profile=candidate fix=111011 chroma_seq=19824 chroma_flatness=0.0772 chroma_norm_max=0.9326 chroma_norm_mean=0.8553 chroma_final_max=0.0000 chroma_final_mean=0.0000 agc_gain=0.5356 bloom_alpha=0.9900 bloom_shift=1.0000 wave_idle=0.9850 wave_raw_margin=1.1000 wave_peak_floor=0.0800 wave_vu_floor=0.0200 wave_shift=120.0000 render_us=576 render_avg=654 render_max=1064
[1781487244.267] [AP] SSL=176 DC=-4698 max_raw=174 follower=227 peak_scaled=0.190 response_gain=3.000 silent_scale=1.000 silence=0 cal_source=config cal_valid=1 cal_reason=none | bpm=94.0 conf=0.00 lock=0 phase=0.92 beat=0 bstr=0.05 | onset=0 bass=0 ostr=0.00
[1781487244.796] [VP] profile=candidate fix=111011 chroma_seq=20026 chroma_flatness=0.0705 chroma_norm_max=1.0050 chroma_norm_mean=0.9345 chroma_final_max=0.0000 chroma_final_mean=0.0000 agc_gain=0.5417 bloom_alpha=0.9900 bloom_shift=1.0000 wave_idle=0.9850 wave_raw_margin=1.1000 wave_peak_floor=0.0800 wave_vu_floor=0.0200 wave_shift=120.0000 render_us=543 render_avg=597 render_max=1064
[1781487245.273] [AP] SSL=176 DC=-4698 max_raw=146 follower=288 peak_scaled=0.467 response_gain=3.000 silent_scale=1.000 silence=0 cal_source=config cal_valid=1 cal_reason=none | bpm=94.0 conf=0.00 lock=0 phase=0.51 beat=0 bstr=0.04 | onset=0 bass=0 ostr=0.00
[1781487245.796] [VP] profile=candidate fix=111011 chroma_seq=20226 chroma_flatness=0.0824 chroma_norm_max=1.0210 chroma_norm_mean=0.9375 chroma_final_max=0.0161 chroma_final_mean=0.0147 agc_gain=0.5571 bloom_alpha=0.9900 bloom_shift=1.0000 wave_idle=0.9850 wave_raw_margin=1.1000 wave_peak_floor=0.0800 wave_vu_floor=0.0200 wave_shift=120.0000 render_us=670 render_avg=674 render_max=1064
[1781487246.016] >>> :smart_status
[1781487246.035] sbr{{
[1781487246.035] SMART_ASSIST: off
[1781487246.035] SMART_SWITCHING: off
[1781487246.035] SMART_DIRECTOR_AUTONOMY: off
[1781487246.035] SMART_HOOKS: off
[1781487246.035] SMART_CONFIDENCE_FLOOR: 0.080
[1781487246.035] SMART_APPLIED_MODE: 3
[1781487246.035] SMART_LAST_REQUESTED_MODE: 3
[1781487246.035] SMART_SWITCHES_IN_WINDOW: 0
[1781487246.035] SMART_MANUAL_OWNER_ACTIVE: 0
[1781487246.035] SMART_LAST_REASON: 0
[1781487246.035] SMART_STATE: 0
[1781487246.036] SMART_INTENT_MODE: 3
[1781487246.036] SMART_INTENT_CONFIDENCE: 0.000
[1781487246.036] SMART_INTENT_WANTS_SWITCH: 0
[1781487246.036] SMART_SCALAR_PHOTONS: 1.000
[1781487246.036] SMART_SCALAR_CHROMA: 1.000
[1781487246.036] SMART_SCALAR_MOOD: 1.000
[1781487246.036] SMART_SCALAR_SATURATION: 1.000
[1781487246.036] SMART_PALETTE_OVERLAY: 0
[1781487246.036] SMART_PALETTE_INDEX: 0
[1781487246.036] SMART_AUTO_COLOUR_SHIFT: 0
[1781487246.036] SMART_MIN_DWELL_MS: 8000
[1781487246.037] SMART_COOLDOWN_MS: 20000
[1781487246.037] SMART_SWITCH_WINDOW_MS: 60000
[1781487246.037] SMART_MAX_SWITCHES: 2
[1781487246.037] SMART_AUDIO_NOVELTY: 0.0437
[1781487246.037] SMART_AUDIO_ENERGY: 0.2349
[1781487246.037] SMART_EVENT_ID: 868
[1781487246.037] SMART_EVENT_AGE_MS: 95
[1781487246.037] SMART_ONSET: 0
[1781487246.037] SMART_BASS_ONSET: 0
[1781487246.038] SMART_BEAT_CONFIDENCE: 0.000
[1781487246.038] SMART_TRANSIENT: 0
[1781487246.038] SMART_KICK: 0
[1781487246.038] SMART_SNARE: 0
[1781487246.038] SMART_HIHAT: 0
[1781487246.038] SMART_TRANSIENT_LEVEL: 0.011
[1781487246.038] SMART_KICK_LEVEL: 0.000
[1781487246.038] SMART_SNARE_LEVEL: 0.003
[1781487246.039] SMART_HIHAT_LEVEL: 0.003
[1781487246.039] SMART_SNARE_EVENT_ID: 293
[1781487246.039] SMART_HIHAT_EVENT_ID: 1245
[1781487246.039] }}
[1781487246.278] [AP] SSL=176 DC=-4698 max_raw=123 follower=238 peak_scaled=0.206 response_gain=3.000 silent_scale=1.000 silence=0 cal_source=config cal_valid=1 cal_reason=none | bpm=89.0 conf=0.00 lock=0 phase=1.00 beat=0 bstr=0.03 | onset=0 bass=1 ostr=0.02
[1781487246.731] >>> :dump
[1781487246.736] sbr{{
[1781487246.736] FIRMWARE_VERSION: 40103
[1781487246.736] CHIP ID: F887A500
[1781487246.737] noise_button.pressed: 0
[1781487246.737] noise_button.last_down: 0
[1781487246.737] noise_button.last_up: 0
[1781487246.737] noise_button.pin: 255
[1781487246.737] mode_button.pressed: 0
[1781487246.737] mode_button.last_down: 0
[1781487246.737] mode_button.last_up: 0
[1781487246.737] mode_button.pin: 255
[1781487246.737] CONFIG.PHOTONS: 0.650000
[1781487246.737] CONFIG.CHROMA: 0.000000
[1781487246.738] CONFIG.MOOD: 0.150000
[1781487246.738] CONFIG.LIGHTSHOW_MODE: 8
[1781487246.738] CONFIG.MIRROR_ENABLED: 1
[1781487246.738] CONFIG.CHROMAGRAM_RANGE: 60
[1781487246.738] CONFIG.SAMPLE_RATE: 12800
[1781487246.738] CONFIG.NOTE_OFFSET: 12
[1781487246.738] CONFIG.SQUARE_ITER: 1.00
[1781487246.738] CONFIG.LED_TYPE: 0
[1781487246.738] CONFIG.LED_COUNT: 160
[1781487246.738] CONFIG.LED_COLOR_ORDER: 66
[1781487246.738] CONFIG.SAMPLES_PER_CHUNK: 96
[1781487246.739] CONFIG.SENSITIVITY: 2.400000
[1781487246.739] AUDIO_RESPONSE_GAIN: 3.000000
[1781487246.739] CONFIG.BOOT_ANIMATION: 1
[1781487246.739] CONFIG.SWEET_SPOT_MIN_LEVEL: 176
[1781487246.739] CONFIG.SWEET_SPOT_MAX_LEVEL: 30000
[1781487246.739] CONFIG.DC_OFFSET: -4698
[1781487246.739] CAL_SOURCE: config
[1781487246.739] CAL_VALID: 1
[1781487246.739] CAL_PROFILE_LOADED: 0
[1781487246.739] NOISE_CAL_REASON: none
[1781487246.739] NOISE_CAL_DC_SAMPLES: 0
[1781487246.740] NOISE_CAL_SSL_P50: 0.0
[1781487246.740] NOISE_CAL_SSL_P90: 0.0
[1781487246.740] CONFIG.STANDBY_DIMMING: 0
[1781487246.740] CONFIG.REVERSE_ORDER: 0
[1781487246.740] CONFIG.MAX_CURRENT_MA: 1500
[1781487246.740] CONFIG.TEMPORAL_DITHERING: 1
[1781487246.740] CONFIG.AUTO_COLOR_SHIFT: 0
[1781487246.740] CONFIG.INCANDESCENT_FILTER: 0.00
[1781487246.740] CONFIG.INCANDESCENT_MODE: 0
[1781487246.740] CONFIG.BULB_OPACITY: 0.00
[1781487246.741] CONFIG.SATURATION: 1.00
[1781487246.741] CONFIG.PRISM_COUNT: 1.00
[1781487246.741] CONFIG.BASE_COAT: 0
[1781487246.741] CONFIG.BASE_COAT_INTENSITY: 0.000
[1781487246.741] MASTER_BRIGHTNESS: 1.00
[1781487246.741] stream_audio: 0
[1781487246.741] stream_fps: 0
[1781487246.741] stream_max_mags: 0
[1781487246.741] stream_max_mags_followers: 0
[1781487246.741] stream_magnitudes: 0
[1781487246.742] stream_spectrogram: 0
[1781487246.742] stream_chromagram: 0
[1781487246.742] debug_mode: 0
[1781487246.742] noise_complete: 1
[1781487246.742] noise_iterations: 0
[1781487246.742] next_save_time: 0
[1781487246.742] settings_updated: 0
[1781487246.742] I2S_PORT: 0
[1781487246.742] SAMPLE_HISTORY_LENGTH: 4096
[1781487246.742] silence: 0
[1781487246.742] mode_destination: -1
[1781487246.742] SYSTEM_FPS: 167.02
[1781487246.742] LED_FPS: 201.40
[1781487246.742] }}
[1781487246.798] [VP] profile=candidate fix=111011 chroma_seq=20428 chroma_flatness=0.0814 chroma_norm_max=0.9914 chroma_norm_mean=0.9100 chroma_final_max=0.0063 chroma_final_mean=0.0057 agc_gain=0.5417 bloom_alpha=0.9900 bloom_shift=1.0000 wave_idle=0.9850 wave_raw_margin=1.1000 wave_peak_floor=0.0800 wave_vu_floor=0.0200 wave_shift=120.0000 render_us=653 render_avg=678 render_max=1064
[1781487247.283] [AP] SSL=176 DC=-4698 max_raw=270 follower=258 peak_scaled=1.024 response_gain=3.000 silent_scale=1.000 silence=0 cal_source=config cal_valid=1 cal_reason=none | bpm=89.0 conf=0.00 lock=0 phase=0.50 beat=0 bstr=0.04 | onset=0 bass=0 ostr=0.00
[1781487247.448] >>> :ap_stream=off
[1781487247.455] sbr{{
[1781487247.455] AP_STREAM: off
[1781487247.455] }}
[1781487247.801] [VP] profile=candidate fix=111011 chroma_seq=20629 chroma_flatness=0.0969 chroma_norm_max=0.9999 chroma_norm_mean=0.9030 chroma_final_max=0.0762 chroma_final_mean=0.0680 agc_gain=0.5419 bloom_alpha=0.9900 bloom_shift=1.0000 wave_idle=0.9850 wave_raw_margin=1.1000 wave_peak_floor=0.0800 wave_vu_floor=0.0200 wave_shift=120.0000 render_us=661 render_avg=653 render_max=1064
[1781487248.162] >>> :vp_stream=off
[1781487248.176] sbr{{
[1781487248.176] VP_STREAM: off
[1781487248.176] }}
[1781487248.879] >>> :ap_stream=off
[1781487248.895] sbr{{
[1781487248.896] AP_STREAM: off
[1781487248.896] }}
[1781487249.036] >>> :vp_stream=off
[1781487249.041] sbr{{
[1781487249.041] VP_STREAM: off
[1781487249.041] }}
[1781487249.197] >>> :vp_perf=stop
[1781487249.211] sbr{{
[1781487249.211] VP_PERF: disabled (compile with ENABLE_VP_PERF_AUDIT=1)
[1781487249.211] }}
[1781487249.349] >>> :stop
[1781487249.365] SBOK
