#VPML_CAPTURE port=/dev/cu.usbmodem1401 baud=115200 expect_chip=F887A500 programme=intro_bounce_loop duration_ms=2400 every_n=36
#CMD :chip_id
sbr{{
F887A500
}}
#IDENTITY chip_id=F887A500 expected=F887A500
#CMD :vpml=status
VPML status active=0 programme=none frame=0 frames=112 loops=44 vpab_mode=250
[K1WS] client 2 state.get id=1052
#CMD :vpab=stop
sbr{{
VPAB: frozen
VPAB_SEQ: 24
VPAB_FRAME: 893
VPAB_EVERY_N: 36
VPAB_MODE: bytes
VPAB_RECORDS: captured=48 dropped=0 high_water=48 overflowed=0
CAL_SOURCE: config
CAL_VALID: 1
CAL_PROFILE_LOADED: 0
VPAB_SCENARIO: self_shadow
VPAB_SHADOW: self
}}
#CMD :vp_perf=stop
sbr{{
VP_PERF: stopped
VP_PERF_SEQ: 9
VP_PERF_FRAME: avg=3933 max=4965 over=0 dropped=0
VP_PERF_HEAP: 84480
}}
[K1WS] client 2 state.get id=1053
#CMD :vpml=stop
VPML stop active=0
#CMD :vpab=reset
sbr{{
VPAB: stopped
VPAB_SEQ: 0
VPAB_FRAME: 0
VPAB_EVERY_N: 60
VPAB_MODE: metrics
VPAB_RECORDS: captured=0 dropped=0 high_water=0 overflowed=0
CAL_SOURCE: config
CAL_VALID: 1
CAL_PROFILE_LOADED: 0
VPAB_SCENARIO: self_shadow
VPAB_SHADOW: self
}}
[
#CMD :vp_perf=reset
sbr{{
VP_PERF: reset
}}
#CMD :vpml=play_builtin,intro_bounce_loop
VPML play_builtin,intro_bounce_loop active=1
#CMD :vpml=status
VPML status active=1 programme=intro_bounce_loop frame=23 frames=96 loops=4 vpab_mode=250
#CMD :vp_perf=start
[K1WS] client 2 state.get id=1055
sbr{{
VP_PERF: start budget_us=8333 render_budget_us=2000
}}
VPF,ver=1,seq=1,mode=18,smode=18,sec=1,acq_us=559/559,vu_us=56/56,gdft_us=3160/3160,smooth_us=0/0,pri_render_us=0/0,sec_render_us=0/0,pri_prep_us=87/87,sec_prep_us=33/33,quant_pri_us=35/36,quant_sec_us=20/21,show_us=3014/3014,frame_us=3681/3681,over=0,dropped=0,heap=84480
VPF,ver=1,seq=2,mode=18,smode=18,sec=1,acq_us=630/1229,vu_us=63/266,gdft_us=3344/3916,smooth_us=0/0,pri_render_us=0/0,sec_render_us=0/0,pri_prep_us=84/110,sec_prep_us=36/50,quant_pri_us=31/37,quant_sec_us=19/27,show_us=3400/4374,frame_us=3947/4958,over=0,dropped=0,heap=84480
V
#CMD :vpab=start,36,bytes
sbr{{
VPAB: running
VPAB_SEQ: 0
VPAB_FRAME: 0
VPAB_EVERY_N: 36
VPAB_MODE: bytes
VPAB_RECORDS: captured=0 dropped=0 high_water=0 overflowed=0
CAL_SOURCE: config
CAL_VALID: 1
CAL_PROFILE_LOADED: 0
VPAB_SCENARIO: self_shadow
VPAB_SHADOW: self
}}
VPF,ver=1,seq=4,mode=18,smode=18,sec=1,acq_us=626/1229,vu_us=61/361,gdft_us=3348/5688,smooth_us=0/0,pri_render_us=0/0,sec_render_us=0/0,pri_prep_us=84/111,sec_prep_us=36/51,quant_pri_us=31/39,quant_sec_us=19/27,show_us=3399/4498,frame_us=3948/4958,over=0,dropped=0,heap=84480
[K1WS] client 2 state.get id=1056
#WAIT preview_capture 2.40s
VPF,ver=1,seq=5,mode=18,smode=18,sec=1,acq_us=625/1229,vu_us=61/361,gdft_us=3363/5688,smooth_us=0/0,pri_render_us=0/0,sec_render_us=0/0,pri_prep_us=84/111,sec_prep_us=36/51,quant_pri_us=31/39,quant_sec_us=19/27,show_us=3402/4498,frame_us=3950/4958,over=0,dropped=0,heap=84480
VPF,ver=1,seq=6,mode=18,smode=18,sec=1,acq_us=625/1229,vu_us=60/361,gdft_us=3353/5688,smooth_us=0/0,pri_render_us=0/0,sec_render_us=0/0,pri_prep_us=84/114,sec_prep_us=36/51,quant_pri_us=31/46,quant_sec_us=19/27,show_us=3402/4498,frame_us=3950/4973,over=0,dropped=0,heap=84480
VPF,ver=1,seq=7,mode=18,smode=18,sec=1,acq_us=626/1229,vu_us=60/361,gdft_us=3358/5688,smooth_us=0/0,pri_render_us=0/0,sec_render_us=0/0,pri_prep_us=84/114,sec_prep_us=36/51,quant_pri_us=31/46,quant_sec_us=19/27,show_us=3398/4498,frame_us=3946/4973,over=0,dropped=0,heap=84480
#CMD :vpab=stop
sbr{{
VPAB: frozen
VPAB_SEQ: 24
VPAB_FRAME: 896
VPAB_EVERY_N: 36
VPAB_MODE: bytes
VPAB_RECORDS: captured=48 dropped=0 high_water=48 overflowed=0
CAL_SOURCE: config
CAL_VALID: 1
CAL_PROFILE_LOADED: 0
VPAB_SCENARIO: self_shadow
VPAB_SHADOW: self
}}
VPF,ver=1,seq=8,mode=18,smode=18,sec=1,acq_us=626/1229,vu_us=60/361,gdft_us=3358/5688,smooth_us=0/0,pri_render_us=0/0,sec_render_us=0/0,pri_prep_us=84/114,sec_prep_us=36/51,quant_pri_us=31/46,quant_sec_us=19/27,show_us=3398/4508,frame_us=3946/4973,over=0,dropped=0,heap=84480
VPF,ver=1,seq=9,mode=18,smode=18,sec=1,acq_us=627/1262,vu_us=60/361,gdft_us=3354/5688,smooth_us=0/0,pri_render_us=0/0,sec_render_us=0/0,pri_prep_us=84/114,sec_prep_us=36/51,quant_pri_us=31/46,quant_sec_us=19/27,show_us=3398/4508,frame_us=3946/4973,over=0,dropped=0,heap=84480
#CMD :vp_perf=stop
sbr{{
VP_PERF: stopped
VP_PERF_SEQ: 9
VP_PERF_FRAME: avg=3945 max=4973 over=0 dropped=0
VP_PERF_HEAP: 84480
}}
[K1WS] client 2 state.get id=1057
#CMD :vpab=frames
K1DF_BEGIN,ver=1,records=48,captured=48,dropped=0,corrupt=0,overflowed=0,payload_max=512,chunk_bytes=96
K1DFR,ver=1,seq=1,kind=2,frame=36,t_us=2730821341,flags=0,len=512,crc=0x1EF52551,chunks=6
K1DFC,ver=1,seq=1,idx=0,off=0,len=96,crc=0x5FA7E452,hex=00FA0300A000E001360100001E0000006F0F00004E0D000000000000000000001F06000D020003000000000000000000000000000000000000000000000000000000000000000000000000000000000000000000000000000000000000000000
K1DFC,ver=1,seq=1,idx=1,off=96,len=96,crc=0xBAF465AE,hex=000000000000000000000000000000000000000000000000000000000000000000000000000000000000000000000000000000000000000000000000000000000000000000000000000000000000000000000000000000000000000000000000
K1DFC,ver=1,seq=1,idx=2,off=192,len=96,crc=0x7FBE3ABA,hex=00000000000000000000000000000000000000000000000000000000000000000602001709003514025D23039338059038066127043E1C032816021F1502231A032D22043F2F064F3B07624809805F0C805F0C6248094F3B073F2F062D220423
K1DFC,ver=1,seq=1,idx=3,off=288,len=96,crc=0x78E4A013,hex=1A031F15022816023E1C036127049038069338055D230335140217090006020000000000000000000000000000000000000000000000000000000000000000000000000000000000000000000000000000000000000000000000000000000000
K1DFC,ver=1,seq=1,idx=4,off=384,len=96,crc=0xBAF465AE,hex=000000000000000000000000000000000000000000000000000000000000000000000000000000000000000000000000000000000000000000000000000000000000000000000000000000000000000000000000000000000000000000000000
K1DFC,ver=1,seq=1,idx=5,off=480,len=32,crc=0xA7F96A1D,hex=00000000000000000000000000000000000000000000000300000D02001F0600
K1DFR,ver=1,seq=2,kind=2,frame=36,t_us=2730821341,flags=0,len=512,crc=0xE1862F30,chunks=6
K1DFC,ver=1,seq=2,idx=0,off=0,len=96,crc=0x6600AC51,hex=01FA0300A000E00136010000130000006F0F00004E0D000000000000000000001303000B020005010001000000000000000000000000000000000000000000000000000000000000000000000000000000000000000000000000000000000000
K1DFC,ver=1,seq=2,idx=1,off=96,len=96,crc=0x9099DE41,hex=00000000000000000000000000000000000000000000000000000000000000000000000000000000000000000000000000000000000000000000000000000302000F0B01221A033D2E066049098C6A0EAF851181620C5C46094031062D220422
K1DFC,ver=1,seq=2,idx=2,off=192,len=96,crc=0xC932A216,hex=1A03211903281E033225043D2D054633063D2C053525042E1F04291A032416022112021F10011E0E011E0C011E0C011909011608001307001006000E05000C04000D0500150800220D013514024D1D034D1D03351402220D011508000D05000C
K1DFC,ver=1,seq=2,idx=3,off=288,len=96,crc=0x2E5100B4,hex=04000E05001006001307001608001909011E0C011E0C011E0E011F1001211202241602291A032E1F043525043D2C054633063D2D05322504281E03211903221A032D22044031065C460981620CAF85118C6A0E6049093D2E06221A030F0B0103
K1DFC,ver=1,seq=2,idx=4,off=384,len=96,crc=0xDF88786B,hex=020000000000000000000000000000000000000000000000000000000000000000000000000000000000000000000000000000000000000000000000000000000000000000000000000000000000000000000000000000000000000000000000
K1DFC,ver=1,seq=2,idx=5,off=480,len=32,crc=0x21D8B15A,hex=00000000000000000000000000000000000000000100000501000B0200130300
K1DFR,ver=1,seq=3,kind=2,frame=72,t_us=2730999415,flags=0,len=512,crc=0x2C3DC7F4,chunks=6
K1DFC,ver=1,seq=3,idx=0,off=0,len=96,crc=0x03A58BD3,hex=00FA0300A000E0015A010000200000006D0F00004B0D00000000000000000000DE4907D84D088034054C25043520043023043C2D054C39075F4709523D084231063526052A1D032116021A1002160B011308011207001407001206000F05000D
K1DFC,ver=1,seq=3,idx=1,off=96,len=96,crc=0x0076C98C,hex=05000B040009030007020005020004010003010002000001000000000000000000000000000000000000000000000000000000000000000000000000000000000000000000000000000000000000000000000000000000000000000000000000
K1DFC,ver=1,seq=3,idx=2,off=192,len=96,crc=0x66556ABD,hex=00000000000000000000000000000000000000000000000000000000000000000000000000000000000000000000000000000000000000000000000000000000000000000201000A0701171102291F04291F041711020A070102010000000000
K1DFC,ver=1,seq=3,idx=3,off=288,len=96,crc=0xBAF465AE,hex=000000000000000000000000000000000000000000000000000000000000000000000000000000000000000000000000000000000000000000000000000000000000000000000000000000000000000000000000000000000000000000000000
K1DFC,ver=1,seq=3,idx=4,off=384,len=96,crc=0x139E3853,hex=00000000000000000000000000000000000000000000000000000000000000000000000000000100000200000301000401000502000702000903000B04000D05000F0500120600140700120700130801160B011A10022116022A1D0335260542
K1DFC,ver=1,seq=3,idx=5,off=480,len=32,crc=0x2B3E25E3,hex=3106523D085F47094C39073C2D053023043520044C2504803405D84D08DE4907
K1DFR,ver=1,seq=4,kind=2,frame=72,t_us=2730999415,flags=0,len=512,crc=0x559D3A9B,chunks=6
K1DFC,ver=1,seq=4,idx=0,off=0,len=96,crc=0x3D831B73,hex=01FA0300A000E0015A010000140000006D0F00004B0D00000000000000000000410D012C0C01271402342404523E087F610CB78B12D2A0159B760F6F540B4D3B07372A052C21042D2204372905443306523E085942084C3807402F063626052D
K1DFC,ver=1,seq=4,idx=1,off=96,len=96,crc=0xC3769E37,hex=1F042619032013021B0F01180C01160A011408001006000E05000C04000A040009030007020006020005010003010002010002000001000000000000000000000000000000000000000000000000000000000000000000000000000000000000
K1DFC,ver=1,seq=4,idx=2,off=192,len=96,crc=0x57E939C9,hex=00000000000000000000000000000000000000000000000000000000000000000000000000000000000000000000000000000000000000000000000000000000000100000602000D0500170800230D01230D011708000D050006020001000000
K1DFC,ver=1,seq=4,idx=3,off=288,len=96,crc=0xBAF465AE,hex=000000000000000000000000000000000000000000000000000000000000000000000000000000000000000000000000000000000000000000000000000000000000000000000000000000000000000000000000000000000000000000000000
K1DFC,ver=1,seq=4,idx=4,off=384,len=96,crc=0x9E258F4D,hex=00000000000000000100000200000201000301000501000602000702000903000A04000C04000E0500100600140800160A01180C011B0F012013022619032D1F04362605402F064C3807594208523E084433063729052D22042C2104372A054D
K1DFC,ver=1,seq=4,idx=5,off=480,len=32,crc=0x9D4612A9,hex=3B076F540B9B760FD2A015B78B127F610C523E083424042714022C0C01410D01
K1DFR,ver=1,seq=5,kind=2,frame=108,t_us=2731177312,flags=0,len=512,crc=0x3269CDCD,chunks=6
K1DFC,ver=1,seq=5,idx=0,off=0,len=96,crc=0x4BA236E1,hex=00FA0300A000E0011D0100001E0000006F0F00004C0D000000000000000000001F06000D020003000000000000000000000000000000000000000000000000000000000000000000000000000000000000000000000000000000000000000000
K1DFC,ver=1,seq=5,idx=1,off=96,len=96,crc=0xBAF465AE,hex=000000000000000000000000000000000000000000000000000000000000000000000000000000000000000000000000000000000000000000000000000000000000000000000000000000000000000000000000000000000000000000000000
K1DFC,ver=1,seq=5,idx=2,off=192,len=96,crc=0xC68FDA25,hex=00000000000000000000000000000000000000000301001106002C1001521F03833205A23D066B28043F1802200C010D05000703000B0500100901180D012013022A1A033A250453370776500A8F650D8F650D76500A5337073A25042A1A0320
K1DFC,ver=1,seq=5,idx=3,off=288,len=96,crc=0xFEAC29BB,hex=1302180D011009010B05000703000D0500200C013F18026B2804A23D06833205521F032C100111060003010000000000000000000000000000000000000000000000000000000000000000000000000000000000000000000000000000000000
K1DFC,ver=1,seq=5,idx=4,off=384,len=96,crc=0xBAF465AE,hex=000000000000000000000000000000000000000000000000000000000000000000000000000000000000000000000000000000000000000000000000000000000000000000000000000000000000000000000000000000000000000000000000
K1DFC,ver=1,seq=5,idx=5,off=480,len=32,crc=0xA7F96A1D,hex=00000000000000000000000000000000000000000000000300000D02001F0600
K1DFR,ver=1,seq=6,kind=2,frame=108,t_us=2731177312,flags=0,len=512,crc=0x19A6BB04,chunks=6
K1DFC,ver=1,seq=6,idx=0,off=0,len=96,crc=0x72057EE2,hex=01FA0300A000E0011D010000130000006F0F00004C0D000000000000000000001303000B020005010001000000000000000000000000000000000000000000000000000000000000000000000000000000000000000000000000000000000000
K1DFC,ver=1,seq=6,idx=1,off=96,len=96,crc=0xBAF465AE,hex=000000000000000000000000000000000000000000000000000000000000000000000000000000000000000000000000000000000000000000000000000000000000000000000000000000000000000000000000000000000000000000000000
K1DFC,ver=1,seq=6,idx=2,off=192,len=96,crc=0x1AAC9242,hex=00000000000000000000000000000000000000000000000000000000000000000000000000000000000000000000000000000000000000000202000C09011C15023628055C42088E630CBF8310B06F0EB06F0EBF83108E630C5C42083628051C
K1DFC,ver=1,seq=6,idx=3,off=288,len=96,crc=0xC6EECF86,hex=15020C090102020000000000000000000000000000000000000000000000000000000000000000000000000000000000000000000000000000000000000000000000000000000000000000000000000000000000000000000000000000000000
K1DFC,ver=1,seq=6,idx=4,off=384,len=96,crc=0xBAF465AE,hex=000000000000000000000000000000000000000000000000000000000000000000000000000000000000000000000000000000000000000000000000000000000000000000000000000000000000000000000000000000000000000000000000
K1DFC,ver=1,seq=6,idx=5,off=480,len=32,crc=0x21D8B15A,hex=00000000000000000000000000000000000000000100000501000B0200130300
K1DFR,ver=1,seq=7,kind=2,frame=144,t_us=2731356444,flags=0,len=512,crc=0xC718C2F8,chunks=6
K1DFC,ver=1,seq=7,idx=0,off=0,len=96,crc=0x9BBC7038,hex=00FA0300A000E00182010000210000006F0F00004D0D000000000000000000001F06000D020003000000000000000000000000000000000000000000000000000000000000000000000000000000000000000000000000000000000000000000
K1DFC,ver=1,seq=7,idx=1,off=96,len=96,crc=0x75989591,hex=00000000000000000000000000000000000000000000000000000000000000000000000000000000000000000000000100000F05002A1001521F03873305C74D088A37055B27043A1D03291903261C033024043D2E064B38073E2E0633250429
K1DFC,ver=1,seq=7,idx=2,off=192,len=96,crc=0x93F48986,hex=1D032116021B1102160D011309011208001207001407001106000F05000C04000A04000903000702000502000401000301000200000100000000000000000000000000000201000A0701171102291F04291F041711020A070102010000000000
K1DFC,ver=1,seq=7,idx=3,off=288,len=96,crc=0x6BEF5851,hex=00000000000000000100000200000301000401000502000702000903000A04000C04000F0500110600140700120700120800130901160D011B1102211602291D033325043E2E064B38073D2E06302404261C032919033A1D035B27048A3705C7
K1DFC,ver=1,seq=7,idx=4,off=384,len=96,crc=0xEAD7576E,hex=4D08873305521F032A10010F050001000000000000000000000000000000000000000000000000000000000000000000000000000000000000000000000000000000000000000000000000000000000000000000000000000000000000000000
K1DFC,ver=1,seq=7,idx=5,off=480,len=32,crc=0xA7F96A1D,hex=00000000000000000000000000000000000000000000000300000D02001F0600
K1DFR,ver=1,seq=8,kind=2,frame=144,t_us=2731356444,flags=0,len=512,crc=0x8CA67C8C,chunks=6
K1DFC,ver=1,seq=8,idx=0,off=0,len=96,crc=0xCF285221,hex=01FA0300A000E00182010000150000006F0F00004D0D000000000000000000001303000B02000501000100000000000000000000000000000000000000000000000000000000000101000C09011F18033C2E06624A09926F0ECC9B14A980107A
K1DFC,ver=1,seq=8,idx=1,off=96,len=96,crc=0x9F869291,hex=5D0C5641083C2E062D2204281E032E2204392B05463406543E084C3807412F063727052E2004271A032114021C1002180D01160A011509011207000F05000D05000B040009030008030006020005020004010003010002000001000001000000
K1DFC,ver=1,seq=8,idx=2,off=192,len=96,crc=0x57E939C9,hex=00000000000000000000000000000000000000000000000000000000000000000000000000000000000000000000000000000000000000000000000000000000000100000602000D0500170800230D01230D011708000D050006020001000000
K1DFC,ver=1,seq=8,idx=3,off=288,len=96,crc=0x8CB6F60B,hex=00000000000000000000000000000000000000000000000000000000000000000000000000000000000000000000000000000000000000000000000000000000000100000100000200000301000401000502000602000803000903000B04000D
K1DFC,ver=1,seq=8,idx=4,off=384,len=96,crc=0xD88C5F7F,hex=05000F0500120700150901160A01180D011C1002211402271A032E2004372705412F064C3807543E08463406392B052E2204281E032D22043C2E065641087A5D0CA98010CC9B14926F0E624A093C2E061F18030C090101010000000000000000
K1DFC,ver=1,seq=8,idx=5,off=480,len=32,crc=0x21D8B15A,hex=00000000000000000000000000000000000000000100000501000B0200130300
K1DFR,ver=1,seq=9,kind=2,frame=180,t_us=2731534354,flags=0,len=512,crc=0xB72002D5,chunks=6
K1DFC,ver=1,seq=9,idx=0,off=0,len=96,crc=0x50C58B0F,hex=00FA0300A000E001470100001F0000006F0F00004B0D000000000000000000005A12012808000A02000000000000000000000602001C0B01421902762D04BA4607C34A07813305512303321A03241803271D03342705433206553F08553F0846
K1DFC,ver=1,seq=9,idx=1,off=96,len=96,crc=0xF3BF8C16,hex=33063A29052F20042618031F12021A0E01170B011508001106000E05000C04000A030008030006020005020004010002010002000001000000000000000000000000000000000000000000000000000000000000000000000000000000000000
K1DFC,ver=1,seq=9,idx=2,off=192,len=96,crc=0x66556ABD,hex=00000000000000000000000000000000000000000000000000000000000000000000000000000000000000000000000000000000000000000000000000000000000000000201000A0701171102291F04291F041711020A070102010000000000
K1DFC,ver=1,seq=9,idx=3,off=288,len=96,crc=0xBAF465AE,hex=000000000000000000000000000000000000000000000000000000000000000000000000000000000000000000000000000000000000000000000000000000000000000000000000000000000000000000000000000000000000000000000000
K1DFC,ver=1,seq=9,idx=4,off=384,len=96,crc=0x11980F00,hex=00000000000000000100000200000201000401000502000602000803000A03000C04000E0500110600150800170B011A0E011F12022618032F20043A2905463306553F08553F08433206342705271D03241803321A03512303813305C34A07BA
K1DFC,ver=1,seq=9,idx=5,off=480,len=32,crc=0x4BA27C98,hex=4607762D044219021C0B010602000000000000000000000A02002808005A1201
K1DFR,ver=1,seq=10,kind=2,frame=180,t_us=2731534354,flags=0,len=512,crc=0xB61A64EB,chunks=6
K1DFC,ver=1,seq=10,idx=0,off=0,len=96,crc=0x084AC44D,hex=01FA0300A000E00147010000130000006F0F00004B0D000000000000000000003B0B0122060010030004000000000000000000000000000000000000000000000000000000000000000000000000000000000000000000000000000000000000
K1DFC,ver=1,seq=10,idx=1,off=96,len=96,crc=0x446576CB,hex=00000000000000000000000101000B08011E1603392B055D46098A690DC19313A0791074580B533F083B2D052E22042A1F043024043B2C054735064B3807412F063727052F2104281B032215021D11021A0E01170B01160A011207000F05000D
K1DFC,ver=1,seq=10,idx=2,off=192,len=96,crc=0xC124D6FC,hex=05000B04000903000803000602000502000401000301000200000100000100000000000000000000000000000000000000000000000000000000000000000000000100000602000D0500170800230D01230D011708000D050006020001000000
K1DFC,ver=1,seq=10,idx=3,off=288,len=96,crc=0x5E80B70B,hex=00000000000000000000000000000000000000000000000000000000000000000100000100000200000301000401000502000602000803000903000B04000D05000F0500120700160A01170B011A0E011D1102221502281B032F210437270541
K1DFC,ver=1,seq=10,idx=4,off=384,len=96,crc=0x9D321787,hex=2F064B38074735063B2C053024042A1F042E22043B2D05533F0874580BA07910C193138A690D5D4609392B051E16030B080101010000000000000000000000000000000000000000000000000000000000000000000000000000000000000000
K1DFC,ver=1,seq=10,idx=5,off=480,len=32,crc=0x41AA99F1,hex=00000000000000000000000000000000000000000400001003002206003B0B01
K1DFR,ver=1,seq=11,kind=2,frame=216,t_us=2731712311,flags=0,len=512,crc=0x0121B7A1,chunks=6
K1DFC,ver=1,seq=11,idx=0,off=0,len=96,crc=0x75059018,hex=00FA0300A000E0011D0100001E000000710F00004D0D000000000000000000001F06000D020003000000000000000000000000000000000000000000000000000000000000000000000000000000000000000000000000000000000000000000
K1DFC,ver=1,seq=11,idx=1,off=96,len=96,crc=0xBAF465AE,hex=000000000000000000000000000000000000000000000000000000000000000000000000000000000000000000000000000000000000000000000000000000000000000000000000000000000000000000000000000000000000000000000000
K1DFC,ver=1,seq=11,idx=2,off=192,len=96,crc=0xA0CAEAD9,hex=00000000000000000000000000000000000000000000000000000000000000000000000000000000000000000000000000000000000000000000000000000100000D05002C1302663306BB620BDD790EDD790EBB620B6633062C13020D050001
K1DFC,ver=1,seq=11,idx=3,off=288,len=96,crc=0xBAF465AE,hex=000000000000000000000000000000000000000000000000000000000000000000000000000000000000000000000000000000000000000000000000000000000000000000000000000000000000000000000000000000000000000000000000
K1DFC,ver=1,seq=11,idx=4,off=384,len=96,crc=0xBAF465AE,hex=000000000000000000000000000000000000000000000000000000000000000000000000000000000000000000000000000000000000000000000000000000000000000000000000000000000000000000000000000000000000000000000000
K1DFC,ver=1,seq=11,idx=5,off=480,len=32,crc=0xA7F96A1D,hex=00000000000000000000000000000000000000000000000300000D02001F0600
K1DFR,ver=1,seq=12,kind=2,frame=216,t_us=2731712311,flags=0,len=512,crc=0x03D58040,chunks=6
K1DFC,ver=1,seq=12,idx=0,off=0,len=96,crc=0x4CA2D81B,hex=01FA0300A000E0011D01000013000000710F00004D0D000000000000000000001303000B020005010001000000000000000000000000000000000000000000000000000000000000000000000000000000000000000000000000000000000000
K1DFC,ver=1,seq=12,idx=1,off=96,len=96,crc=0xBAF465AE,hex=000000000000000000000000000000000000000000000000000000000000000000000000000000000000000000000000000000000000000000000000000000000000000000000000000000000000000000000000000000000000000000000000
K1DFC,ver=1,seq=12,idx=2,off=192,len=96,crc=0x808F689F,hex=00000000000000000000000000000000000000000000000000000000000000000000000000000000000705001610022C21044937076F530B9C750F916D0E73550B614508603D076E3F078B4908AC5309AC53098B49086E3F07603D0761450873
K1DFC,ver=1,seq=12,idx=3,off=288,len=96,crc=0xFB1BCBAF,hex=550B916D0E9C750F6F530B4937072C210416100207050000000000000000000000000000000000000000000000000000000000000000000000000000000000000000000000000000000000000000000000000000000000000000000000000000
K1DFC,ver=1,seq=12,idx=4,off=384,len=96,crc=0xBAF465AE,hex=000000000000000000000000000000000000000000000000000000000000000000000000000000000000000000000000000000000000000000000000000000000000000000000000000000000000000000000000000000000000000000000000
K1DFC,ver=1,seq=12,idx=5,off=480,len=32,crc=0x21D8B15A,hex=00000000000000000000000000000000000000000100000501000B0200130300
K1DFR,ver=1,seq=13,kind=2,frame=252,t_us=2731890355,flags=0,len=512,crc=0xC2D5778A,chunks=6
K1DFC,ver=1,seq=13,idx=0,off=0,len=96,crc=0xB6275DFA,hex=00FA0300A000E0014A0100001F0000006C0F0000480D000000000000000000002F09001404000501000000000000000000000000000000000000000000000B0400250E014F1E03873305D05008AE44077531054C2404331E032C200435280544
K1DFC,ver=1,seq=13,idx=1,off=96,len=96,crc=0x4874F69D,hex=33065540084E3A07402F06332504291C032015021A1002150B011308011207001307001206000F06000D05000B040009030007020006020004010003010002000001000000000000000000000000000000000000000000000000000000000000
K1DFC,ver=1,seq=13,idx=2,off=192,len=96,crc=0x66556ABD,hex=00000000000000000000000000000000000000000000000000000000000000000000000000000000000000000000000000000000000000000000000000000000000000000201000A0701171102291F04291F041711020A070102010000000000
K1DFC,ver=1,seq=13,idx=3,off=288,len=96,crc=0xEC4663E7,hex=000000000000000000000000000000000000000000000000000000000000000000000000000000000000000000000000000000000000000000000000000000000000000000000000000000000000000000000000000000000000000001000002
K1DFC,ver=1,seq=13,idx=4,off=384,len=96,crc=0x4EC47D90,hex=00000301000401000602000702000903000B04000D05000F0600120600130700120700130801150B011A1002201502291C03332504402F064E3A075540084433063528052C2004331E034C2404753105AE4407D050088733054F1E03250E010B
K1DFC,ver=1,seq=13,idx=5,off=480,len=32,crc=0x61A9568F,hex=04000000000000000000000000000000000000000000000501001404002F0900
K1DFR,ver=1,seq=14,kind=2,frame=252,t_us=2731890355,flags=0,len=512,crc=0x7C632ED4,chunks=6
K1DFC,ver=1,seq=14,idx=0,off=0,len=96,crc=0x196BF941,hex=01FA0300A000E0014A010000130000006C0F0000480D00000000000000000000C08110E3A315BF8C1286650D5D47094132063125042D22043427054030064F3B075E4609543E084834063C2B053223042A1C032316021D1102190E01170B0115
K1DFC,ver=1,seq=14,idx=1,off=96,len=96,crc=0x83ADA165,hex=09011207000F05000D05000B040009030008030006020005020004010003010002000001000001000000000000000000000000000000000000000000000000000000000000000000000000000000000000000000000000000000000000000000
K1DFC,ver=1,seq=14,idx=2,off=192,len=96,crc=0x57E939C9,hex=00000000000000000000000000000000000000000000000000000000000000000000000000000000000000000000000000000000000000000000000000000000000100000602000D0500170800230D01230D011708000D050006020001000000
K1DFC,ver=1,seq=14,idx=3,off=288,len=96,crc=0xBAF465AE,hex=000000000000000000000000000000000000000000000000000000000000000000000000000000000000000000000000000000000000000000000000000000000000000000000000000000000000000000000000000000000000000000000000
K1DFC,ver=1,seq=14,idx=4,off=384,len=96,crc=0x559FD3EA,hex=00000000000000000000000000000000000000000000000100000100000200000301000401000502000602000803000903000B04000D05000F0500120700150901170B01190E011D11022316022A1C033223043C2B05483406543E085E46094F
K1DFC,ver=1,seq=14,idx=5,off=480,len=32,crc=0x7B5FDA95,hex=3B074030063427052D22043125044132065D470986650DBF8C12E3A315C08110
K1DFR,ver=1,seq=15,kind=2,frame=288,t_us=2732068444,flags=0,len=512,crc=0x5D27D91E,chunks=6
K1DFC,ver=1,seq=15,idx=0,off=0,len=96,crc=0x17524C56,hex=00FA0300A000E00180010000250000006B0F0000460D000000000000000000001F06000D020003000000000000000000000000000000000000000000000000000000000000000000000000000000000000000000000000000000000000000000
K1DFC,ver=1,seq=15,idx=1,off=96,len=96,crc=0x5C2F1A02,hex=00000000000000000000000000000000000000000000000000000000000000000100000E0500290F01511E03863305C94C088A34055420032E1201160A010E0901130D011C1402271C03342504422F06523A074E3707432D053A2504321E0327
K1DFC,ver=1,seq=15,idx=2,off=192,len=96,crc=0x6046D873,hex=17021E1002150B010F07000A04000702000602000401000301000200000100000000000000000000000000000000000000000000000000000000000000000000000000000201000A0701171102291F04291F041711020A070102010000000000
K1DFC,ver=1,seq=15,idx=3,off=288,len=96,crc=0x49E2F6FE,hex=00000000000000000000000000000000000000000000000000000000000000000100000200000301000401000602000702000A04000F0700150B011E1002271702321E033A2504432D054E3707523A07422F06342504271C031C1402130D010E
K1DFC,ver=1,seq=15,idx=4,off=384,len=96,crc=0x69BAF00D,hex=0901160A012E12015420038A3405C94C08863305511E03290F010E050001000000000000000000000000000000000000000000000000000000000000000000000000000000000000000000000000000000000000000000000000000000000000
K1DFC,ver=1,seq=15,idx=5,off=480,len=32,crc=0xA7F96A1D,hex=00000000000000000000000000000000000000000000000300000D02001F0600
K1DFR,ver=1,seq=16,kind=2,frame=288,t_us=2732068444,flags=0,len=512,crc=0x2569BA4C,chunks=6
K1DFC,ver=1,seq=16,idx=0,off=0,len=96,crc=0x41C10A44,hex=01FA0300A000E00180010000150000006B0F0000460D000000000000000000001303000B020005010001000000000000000000000000000000000000000000000000000000000000000000000000000000000000000000000000000000000000
K1DFC,ver=1,seq=16,idx=1,off=96,len=96,crc=0xBAF465AE,hex=000000000000000000000000000000000000000000000000000000000000000000000000000000000000000000000000000000000000000000000000000000000000000000000000000000000000000000000000000000000000000000000000
K1DFC,ver=1,seq=16,idx=2,off=192,len=96,crc=0x1A23052B,hex=00000302000E0A012018033A2C055C460986660DA77E107E5F0C5D47094534063528052E22042E2204372805402F063828053122042A1C032518032114021D10021D0E01200E01220E01280F01311201311201280F01220E01200E011D0E011D
K1DFC,ver=1,seq=16,idx=3,off=288,len=96,crc=0x33618F0B,hex=10022114022518032A1C03312204382805402F063728052E22042E22043528054534065D47097E5F0CA77E1086660D5C46093A2C052018030E0A0103020000000000000000000000000000000000000000000000000000000000000000000000
K1DFC,ver=1,seq=16,idx=4,off=384,len=96,crc=0xBAF465AE,hex=000000000000000000000000000000000000000000000000000000000000000000000000000000000000000000000000000000000000000000000000000000000000000000000000000000000000000000000000000000000000000000000000
K1DFC,ver=1,seq=16,idx=5,off=480,len=32,crc=0x21D8B15A,hex=00000000000000000000000000000000000000000100000501000B0200130300
K1DFR,ver=1,seq=17,kind=2,frame=324,t_us=2732247336,flags=0,len=512,crc=0xC43A3E81,chunks=6
K1DFC,ver=1,seq=17,idx=0,off=0,len=96,crc=0x4BF2EE53,hex=00FA0300A000E001330100001E0000006F0F00004C0D000000000000000000001F06000D020003000000000000000000000000000000000000000000000000000000000000000000000000000000000000000000000000000000000000000000
K1DFC,ver=1,seq=17,idx=1,off=96,len=96,crc=0xBAF465AE,hex=000000000000000000000000000000000000000000000000000000000000000000000000000000000000000000000000000000000000000000000000000000000000000000000000000000000000000000000000000000000000000000000000
K1DFC,ver=1,seq=17,idx=2,off=192,len=96,crc=0x7FBE3ABA,hex=00000000000000000000000000000000000000000000000000000000000000000602001709003514025D23039338059038066127043E1C032816021F1502231A032D22043F2F064F3B07624809805F0C805F0C6248094F3B073F2F062D220423
K1DFC,ver=1,seq=17,idx=3,off=288,len=96,crc=0x78E4A013,hex=1A031F15022816023E1C036127049038069338055D230335140217090006020000000000000000000000000000000000000000000000000000000000000000000000000000000000000000000000000000000000000000000000000000000000
K1DFC,ver=1,seq=17,idx=4,off=384,len=96,crc=0xBAF465AE,hex=000000000000000000000000000000000000000000000000000000000000000000000000000000000000000000000000000000000000000000000000000000000000000000000000000000000000000000000000000000000000000000000000
K1DFC,ver=1,seq=17,idx=5,off=480,len=32,crc=0xA7F96A1D,hex=00000000000000000000000000000000000000000000000300000D02001F0600
K1DFR,ver=1,seq=18,kind=2,frame=324,t_us=2732247336,flags=0,len=512,crc=0xECB99097,chunks=6
K1DFC,ver=1,seq=18,idx=0,off=0,len=96,crc=0x2F2EC27C,hex=01FA0300A000E00133010000140000006F0F00004C0D000000000000000000001303000B020005010001000000000000000000000000000000000000000000000000000000000000000000000000000000000000000000000000000000000000
K1DFC,ver=1,seq=18,idx=1,off=96,len=96,crc=0x9099DE41,hex=00000000000000000000000000000000000000000000000000000000000000000000000000000000000000000000000000000000000000000000000000000302000F0B01221A033D2E066049098C6A0EAF851181620C5C46094031062D220422
K1DFC,ver=1,seq=18,idx=2,off=192,len=96,crc=0xC932A216,hex=1A03211903281E033225043D2D054633063D2C053525042E1F04291A032416022112021F10011E0E011E0C011E0C011909011608001307001006000E05000C04000D0500150800220D013514024D1D034D1D03351402220D011508000D05000C
K1DFC,ver=1,seq=18,idx=3,off=288,len=96,crc=0x2E5100B4,hex=04000E05001006001307001608001909011E0C011E0C011E0E011F1001211202241602291A032E1F043525043D2C054633063D2D05322504281E03211903221A032D22044031065C460981620CAF85118C6A0E6049093D2E06221A030F0B0103
K1DFC,ver=1,seq=18,idx=4,off=384,len=96,crc=0xDF88786B,hex=020000000000000000000000000000000000000000000000000000000000000000000000000000000000000000000000000000000000000000000000000000000000000000000000000000000000000000000000000000000000000000000000
K1DFC,ver=1,seq=18,idx=5,off=480,len=32,crc=0x21D8B15A,hex=00000000000000000000000000000000000000000100000501000B0200130300
K1DFR,ver=1,seq=19,kind=2,frame=360,t_us=2732425341,flags=0,len=512,crc=0xA7B8C7D6,chunks=6
K1DFC,ver=1,seq=19,idx=0,off=0,len=96,crc=0x1589C104,hex=00FA0300A000E0013D0100001E0000006F0F00004B0D00000000000000000000DE4907D84D088034054C25043520043023043C2D054C39075F4709523D084231063526052A1D032116021A1002160B011308011207001407001206000F05000D
K1DFC,ver=1,seq=19,idx=1,off=96,len=96,crc=0x0076C98C,hex=05000B040009030007020005020004010003010002000001000000000000000000000000000000000000000000000000000000000000000000000000000000000000000000000000000000000000000000000000000000000000000000000000
K1DFC,ver=1,seq=19,idx=2,off=192,len=96,crc=0x66556ABD,hex=00000000000000000000000000000000000000000000000000000000000000000000000000000000000000000000000000000000000000000000000000000000000000000201000A0701171102291F04291F041711020A070102010000000000
K1DFC,ver=1,seq=19,idx=3,off=288,len=96,crc=0xBAF465AE,hex=000000000000000000000000000000000000000000000000000000000000000000000000000000000000000000000000000000000000000000000000000000000000000000000000000000000000000000000000000000000000000000000000
K1DFC,ver=1,seq=19,idx=4,off=384,len=96,crc=0x139E3853,hex=00000000000000000000000000000000000000000000000000000000000000000000000000000100000200000301000401000502000702000903000B04000D05000F0500120600140700120700130801160B011A10022116022A1D0335260542
K1DFC,ver=1,seq=19,idx=5,off=480,len=32,crc=0x2B3E25E3,hex=3106523D085F47094C39073C2D053023043520044C2504803405D84D08DE4907
K1DFR,ver=1,seq=20,kind=2,frame=360,t_us=2732425341,flags=0,len=512,crc=0x3253E478,chunks=6
K1DFC,ver=1,seq=20,idx=0,off=0,len=96,crc=0xF7E4DAC8,hex=01FA0300A000E0013D010000130000006F0F00004B0D00000000000000000000410D012C0C01271402342404523E087F610CB78B12D2A0159B760F6F540B4D3B07372A052C21042D2204372905443306523E085942084C3807402F063626052D
K1DFC,ver=1,seq=20,idx=1,off=96,len=96,crc=0xC3769E37,hex=1F042619032013021B0F01180C01160A011408001006000E05000C04000A040009030007020006020005010003010002010002000001000000000000000000000000000000000000000000000000000000000000000000000000000000000000
K1DFC,ver=1,seq=20,idx=2,off=192,len=96,crc=0x57E939C9,hex=00000000000000000000000000000000000000000000000000000000000000000000000000000000000000000000000000000000000000000000000000000000000100000602000D0500170800230D01230D011708000D050006020001000000
K1DFC,ver=1,seq=20,idx=3,off=288,len=96,crc=0xBAF465AE,hex=000000000000000000000000000000000000000000000000000000000000000000000000000000000000000000000000000000000000000000000000000000000000000000000000000000000000000000000000000000000000000000000000
K1DFC,ver=1,seq=20,idx=4,off=384,len=96,crc=0x9E258F4D,hex=00000000000000000100000200000201000301000501000602000702000903000A04000C04000E0500100600140800160A01180C011B0F012013022619032D1F04362605402F064C3807594208523E084433063729052D22042C2104372A054D
K1DFC,ver=1,seq=20,idx=5,off=480,len=32,crc=0x9D4612A9,hex=3B076F540B9B760FD2A015B78B127F610C523E083424042714022C0C01410D01
K1DFR,ver=1,seq=21,kind=2,frame=396,t_us=2732603309,flags=0,len=512,crc=0xF6E25EA8,chunks=6
K1DFC,ver=1,seq=21,idx=0,off=0,len=96,crc=0x932D4CEB,hex=00FA0300A000E0011C0100001E0000006E0F00004A0D000000000000000000001F06000D020003000000000000000000000000000000000000000000000000000000000000000000000000000000000000000000000000000000000000000000
K1DFC,ver=1,seq=21,idx=1,off=96,len=96,crc=0xBAF465AE,hex=000000000000000000000000000000000000000000000000000000000000000000000000000000000000000000000000000000000000000000000000000000000000000000000000000000000000000000000000000000000000000000000000
K1DFC,ver=1,seq=21,idx=2,off=192,len=96,crc=0xC68FDA25,hex=00000000000000000000000000000000000000000301001106002C1001521F03833205A23D066B28043F1802200C010D05000703000B0500100901180D012013022A1A033A250453370776500A8F650D8F650D76500A5337073A25042A1A0320
K1DFC,ver=1,seq=21,idx=3,off=288,len=96,crc=0xFEAC29BB,hex=1302180D011009010B05000703000D0500200C013F18026B2804A23D06833205521F032C100111060003010000000000000000000000000000000000000000000000000000000000000000000000000000000000000000000000000000000000
K1DFC,ver=1,seq=21,idx=4,off=384,len=96,crc=0xBAF465AE,hex=000000000000000000000000000000000000000000000000000000000000000000000000000000000000000000000000000000000000000000000000000000000000000000000000000000000000000000000000000000000000000000000000
K1DFC,ver=1,seq=21,idx=5,off=480,len=32,crc=0xA7F96A1D,hex=00000000000000000000000000000000000000000000000300000D02001F0600
K1DFR,ver=1,seq=22,kind=2,frame=396,t_us=2732603309,flags=0,len=512,crc=0xDD2D2861,chunks=6
K1DFC,ver=1,seq=22,idx=0,off=0,len=96,crc=0xAA8A04E8,hex=01FA0300A000E0011C010000130000006E0F00004A0D000000000000000000001303000B020005010001000000000000000000000000000000000000000000000000000000000000000000000000000000000000000000000000000000000000
K1DFC,ver=1,seq=22,idx=1,off=96,len=96,crc=0xBAF465AE,hex=000000000000000000000000000000000000000000000000000000000000000000000000000000000000000000000000000000000000000000000000000000000000000000000000000000000000000000000000000000000000000000000000
K1DFC,ver=1,seq=22,idx=2,off=192,len=96,crc=0x1AAC9242,hex=00000000000000000000000000000000000000000000000000000000000000000000000000000000000000000000000000000000000000000202000C09011C15023628055C42088E630CBF8310B06F0EB06F0EBF83108E630C5C42083628051C
K1DFC,ver=1,seq=22,idx=3,off=288,len=96,crc=0xC6EECF86,hex=15020C090102020000000000000000000000000000000000000000000000000000000000000000000000000000000000000000000000000000000000000000000000000000000000000000000000000000000000000000000000000000000000
K1DFC,ver=1,seq=22,idx=4,off=384,len=96,crc=0xBAF465AE,hex=000000000000000000000000000000000000000000000000000000000000000000000000000000000000000000000000000000000000000000000000000000000000000000000000000000000000000000000000000000000000000000000000
K1DFC,ver=1,seq=22,idx=5,off=480,len=32,crc=0x21D8B15A,hex=00000000000000000000000000000000000000000100000501000B0200130300
K1DFR,ver=1,seq=23,kind=2,frame=432,t_us=2732782351,flags=0,len=512,crc=0x6517892D,chunks=6
K1DFC,ver=1,seq=23,idx=0,off=0,len=96,crc=0xC5DA70BD,hex=00FA0300A000E00147010000200000006B0F0000480D000000000000000000001F06000D020003000000000000000000000000000000000000000000000000000000000000000000000000000000000000000000000000000000000000000000
K1DFC,ver=1,seq=23,idx=1,off=96,len=96,crc=0x75989591,hex=00000000000000000000000000000000000000000000000000000000000000000000000000000000000000000000000100000F05002A1001521F03873305C74D088A37055B27043A1D03291903261C033024043D2E064B38073E2E0633250429
K1DFC,ver=1,seq=23,idx=2,off=192,len=96,crc=0x93F48986,hex=1D032116021B1102160D011309011208001207001407001106000F05000C04000A04000903000702000502000401000301000200000100000000000000000000000000000201000A0701171102291F04291F041711020A070102010000000000
K1DFC,ver=1,seq=23,idx=3,off=288,len=96,crc=0x6BEF5851,hex=00000000000000000100000200000301000401000502000702000903000A04000C04000F0500110600140700120700120800130901160D011B1102211602291D033325043E2E064B38073D2E06302404261C032919033A1D035B27048A3705C7
K1DFC,ver=1,seq=23,idx=4,off=384,len=96,crc=0xEAD7576E,hex=4D08873305521F032A10010F050001000000000000000000000000000000000000000000000000000000000000000000000000000000000000000000000000000000000000000000000000000000000000000000000000000000000000000000
K1DFC,ver=1,seq=23,idx=5,off=480,len=32,crc=0xA7F96A1D,hex=00000000000000000000000000000000000000000000000300000D02001F0600
K1DFR,ver=1,seq=24,kind=2,frame=432,t_us=2732782351,flags=0,len=512,crc=0xF959932E,chunks=6
K1DFC,ver=1,seq=24,idx=0,off=0,len=96,crc=0xCC353688,hex=01FA0300A000E00147010000130000006B0F0000480D000000000000000000001303000B02000501000100000000000000000000000000000000000000000000000000000000000101000C09011F18033C2E06624A09926F0ECC9B14A980107A
K1DFC,ver=1,seq=24,idx=1,off=96,len=96,crc=0x9F869291,hex=5D0C5641083C2E062D2204281E032E2204392B05463406543E084C3807412F063727052E2004271A032114021C1002180D01160A011509011207000F05000D05000B040009030008030006020005020004010003010002000001000001000000
K1DFC,ver=1,seq=24,idx=2,off=192,len=96,crc=0x57E939C9,hex=00000000000000000000000000000000000000000000000000000000000000000000000000000000000000000000000000000000000000000000000000000000000100000602000D0500170800230D01230D011708000D050006020001000000
K1DFC,ver=1,seq=24,idx=3,off=288,len=96,crc=0x8CB6F60B,hex=00000000000000000000000000000000000000000000000000000000000000000000000000000000000000000000000000000000000000000000000000000000000100000100000200000301000401000502000602000803000903000B04000D
K1DFC,ver=1,seq=24,idx=4,off=384,len=96,crc=0xD88C5F7F,hex=05000F0500120700150901160A01180D011C1002211402271A032E2004372705412F064C3807543E08463406392B052E2204281E032D22043C2E065641087A5D0CA98010CC9B14926F0E624A093C2E061F18030C090101010000000000000000
K1DFC,ver=1,seq=24,idx=5,off=480,len=32,crc=0x21D8B15A,hex=00000000000000000000000000000000000000000100000501000B0200130300
K1DFR,ver=1,seq=25,kind=2,frame=468,t_us=2732960359,flags=0,len=512,crc=0x8F90D91D,chunks=6
K1DFC,ver=1,seq=25,idx=0,off=0,len=96,crc=0xE8BC69D2,hex=00FA0300A000E0015A010000200000006A0F0000460D000000000000000000005A12012808000A02000000000000000000000602001C0B01421902762D04BA4607C34A07813305512303321A03241803271D03342705433206553F08553F0846
K1DFC,ver=1,seq=25,idx=1,off=96,len=96,crc=0xF3BF8C16,hex=33063A29052F20042618031F12021A0E01170B011508001106000E05000C04000A030008030006020005020004010002010002000001000000000000000000000000000000000000000000000000000000000000000000000000000000000000
K1DFC,ver=1,seq=25,idx=2,off=192,len=96,crc=0x66556ABD,hex=00000000000000000000000000000000000000000000000000000000000000000000000000000000000000000000000000000000000000000000000000000000000000000201000A0701171102291F04291F041711020A070102010000000000
K1DFC,ver=1,seq=25,idx=3,off=288,len=96,crc=0xBAF465AE,hex=000000000000000000000000000000000000000000000000000000000000000000000000000000000000000000000000000000000000000000000000000000000000000000000000000000000000000000000000000000000000000000000000
K1DFC,ver=1,seq=25,idx=4,off=384,len=96,crc=0x11980F00,hex=00000000000000000100000200000201000401000502000602000803000A03000C04000E0500110600150800170B011A0E011F12022618032F20043A2905463306553F08553F08433206342705271D03241803321A03512303813305C34A07BA
K1DFC,ver=1,seq=25,idx=5,off=480,len=32,crc=0x4BA27C98,hex=4607762D044219021C0B010602000000000000000000000A02002808005A1201
K1DFR,ver=1,seq=26,kind=2,frame=468,t_us=2732960359,flags=0,len=512,crc=0x41ECE590,chunks=6
K1DFC,ver=1,seq=26,idx=0,off=0,len=96,crc=0xDF072881,hex=01FA0300A000E0015A010000110000006A0F0000460D000000000000000000003B0B0122060010030004000000000000000000000000000000000000000000000000000000000000000000000000000000000000000000000000000000000000
K1DFC,ver=1,seq=26,idx=1,off=96,len=96,crc=0x446576CB,hex=00000000000000000000000101000B08011E1603392B055D46098A690DC19313A0791074580B533F083B2D052E22042A1F043024043B2C054735064B3807412F063727052F2104281B032215021D11021A0E01170B01160A011207000F05000D
K1DFC,ver=1,seq=26,idx=2,off=192,len=96,crc=0xC124D6FC,hex=05000B04000903000803000602000502000401000301000200000100000100000000000000000000000000000000000000000000000000000000000000000000000100000602000D0500170800230D01230D011708000D050006020001000000
K1DFC,ver=1,seq=26,idx=3,off=288,len=96,crc=0x5E80B70B,hex=00000000000000000000000000000000000000000000000000000000000000000100000100000200000301000401000502000602000803000903000B04000D05000F0500120700160A01170B011A0E011D1102221502281B032F210437270541
K1DFC,ver=1,seq=26,idx=4,off=384,len=96,crc=0x9D321787,hex=2F064B38074735063B2C053024042A1F042E22043B2D05533F0874580BA07910C193138A690D5D4609392B051E16030B080101010000000000000000000000000000000000000000000000000000000000000000000000000000000000000000
K1DFC,ver=1,seq=26,idx=5,off=480,len=32,crc=0x41AA99F1,hex=00000000000000000000000000000000000000000400001003002206003B0B01
K1DFR,ver=1,seq=27,kind=2,frame=504,t_us=2733138308,flags=0,len=512,crc=0xD3BA1BB4,chunks=6
K1DFC,ver=1,seq=27,idx=0,off=0,len=96,crc=0xEF06B2E5,hex=00FA0300A000E0011B0100001E0000006E0F00004A0D000000000000000000001F06000D020003000000000000000000000000000000000000000000000000000000000000000000000000000000000000000000000000000000000000000000
K1DFC,ver=1,seq=27,idx=1,off=96,len=96,crc=0xBAF465AE,hex=000000000000000000000000000000000000000000000000000000000000000000000000000000000000000000000000000000000000000000000000000000000000000000000000000000000000000000000000000000000000000000000000
K1DFC,ver=1,seq=27,idx=2,off=192,len=96,crc=0xA0CAEAD9,hex=00000000000000000000000000000000000000000000000000000000000000000000000000000000000000000000000000000000000000000000000000000100000D05002C1302663306BB620BDD790EDD790EBB620B6633062C13020D050001
K1DFC,ver=1,seq=27,idx=3,off=288,len=96,crc=0xBAF465AE,hex=000000000000000000000000000000000000000000000000000000000000000000000000000000000000000000000000000000000000000000000000000000000000000000000000000000000000000000000000000000000000000000000000
K1DFC,ver=1,seq=27,idx=4,off=384,len=96,crc=0xBAF465AE,hex=000000000000000000000000000000000000000000000000000000000000000000000000000000000000000000000000000000000000000000000000000000000000000000000000000000000000000000000000000000000000000000000000
K1DFC,ver=1,seq=27,idx=5,off=480,len=32,crc=0xA7F96A1D,hex=00000000000000000000000000000000000000000000000300000D02001F0600
K1DFR,ver=1,seq=28,kind=2,frame=504,t_us=2733138308,flags=0,len=512,crc=0xD14E2C55,chunks=6
K1DFC,ver=1,seq=28,idx=0,off=0,len=96,crc=0xD6A1FAE6,hex=01FA0300A000E0011B010000130000006E0F00004A0D000000000000000000001303000B020005010001000000000000000000000000000000000000000000000000000000000000000000000000000000000000000000000000000000000000
K1DFC,ver=1,seq=28,idx=1,off=96,len=96,crc=0xBAF465AE,hex=000000000000000000000000000000000000000000000000000000000000000000000000000000000000000000000000000000000000000000000000000000000000000000000000000000000000000000000000000000000000000000000000
K1DFC,ver=1,seq=28,idx=2,off=192,len=96,crc=0x808F689F,hex=00000000000000000000000000000000000000000000000000000000000000000000000000000000000705001610022C21044937076F530B9C750F916D0E73550B614508603D076E3F078B4908AC5309AC53098B49086E3F07603D0761450873
K1DFC,ver=1,seq=28,idx=3,off=288,len=96,crc=0xFB1BCBAF,hex=550B916D0E9C750F6F530B4937072C210416100207050000000000000000000000000000000000000000000000000000000000000000000000000000000000000000000000000000000000000000000000000000000000000000000000000000
K1DFC,ver=1,seq=28,idx=4,off=384,len=96,crc=0xBAF465AE,hex=000000000000000000000000000000000000000000000000000000000000000000000000000000000000000000000000000000000000000000000000000000000000000000000000000000000000000000000000000000000000000000000000
K1DFC,ver=1,seq=28,idx=5,off=480,len=32,crc=0x21D8B15A,hex=00000000000000000000000000000000000000000100000501000B0200130300
K1DFR,ver=1,seq=29,kind=2,frame=540,t_us=2733315846,flags=0,len=512,crc=0x86A034BE,chunks=6
K1DFC,ver=1,seq=29,idx=0,off=0,len=96,crc=0x25142DB6,hex=00FA0300A000E00145010000260000006B0F0000470D000000000000000000002F09001404000501000000000000000000000000000000000000000000000B0400250E014F1E03873305D05008AE44077531054C2404331E032C200435280544
K1DFC,ver=1,seq=29,idx=1,off=96,len=96,crc=0x4874F69D,hex=33065540084E3A07402F06332504291C032015021A1002150B011308011207001307001206000F06000D05000B040009030007020006020004010003010002000001000000000000000000000000000000000000000000000000000000000000
K1DFC,ver=1,seq=29,idx=2,off=192,len=96,crc=0x66556ABD,hex=00000000000000000000000000000000000000000000000000000000000000000000000000000000000000000000000000000000000000000000000000000000000000000201000A0701171102291F04291F041711020A070102010000000000
K1DFC,ver=1,seq=29,idx=3,off=288,len=96,crc=0xEC4663E7,hex=000000000000000000000000000000000000000000000000000000000000000000000000000000000000000000000000000000000000000000000000000000000000000000000000000000000000000000000000000000000000000001000002
K1DFC,ver=1,seq=29,idx=4,off=384,len=96,crc=0x4EC47D90,hex=00000301000401000602000702000903000B04000D05000F0600120600130700120700130801150B011A1002201502291C03332504402F064E3A075540084433063528052C2004331E034C2404753105AE4407D050088733054F1E03250E010B
K1DFC,ver=1,seq=29,idx=5,off=480,len=32,crc=0x61A9568F,hex=04000000000000000000000000000000000000000000000501001404002F0900
K1DFR,ver=1,seq=30,kind=2,frame=540,t_us=2733315846,flags=0,len=512,crc=0xD45DB321,chunks=6
K1DFC,ver=1,seq=30,idx=0,off=0,len=96,crc=0x56130261,hex=01FA0300A000E00145010000130000006B0F0000470D00000000000000000000C08110E3A315BF8C1286650D5D47094132063125042D22043427054030064F3B075E4609543E084834063C2B053223042A1C032316021D1102190E01170B0115
K1DFC,ver=1,seq=30,idx=1,off=96,len=96,crc=0x83ADA165,hex=09011207000F05000D05000B040009030008030006020005020004010003010002000001000001000000000000000000000000000000000000000000000000000000000000000000000000000000000000000000000000000000000000000000
K1DFC,ver=1,seq=30,idx=2,off=192,len=96,crc=0x57E939C9,hex=00000000000000000000000000000000000000000000000000000000000000000000000000000000000000000000000000000000000000000000000000000000000100000602000D0500170800230D01230D011708000D050006020001000000
K1DFC,ver=1,seq=30,idx=3,off=288,len=96,crc=0xBAF465AE,hex=000000000000000000000000000000000000000000000000000000000000000000000000000000000000000000000000000000000000000000000000000000000000000000000000000000000000000000000000000000000000000000000000
K1DFC,ver=1,seq=30,idx=4,off=384,len=96,crc=0x559FD3EA,hex=00000000000000000000000000000000000000000000000100000100000200000301000401000502000602000803000903000B04000D05000F0500120700150901170B01190E011D11022316022A1C033223043C2B05483406543E085E46094F
K1DFC,ver=1,seq=30,idx=5,off=480,len=32,crc=0x7B5FDA95,hex=3B074030063427052D22043125044132065D470986650DBF8C12E3A315C08110
K1DFR,ver=1,seq=31,kind=2,frame=576,t_us=2733494420,flags=0,len=512,crc=0xB6F9A2A9,chunks=6
K1DFC,ver=1,seq=31,idx=0,off=0,len=96,crc=0x3995F265,hex=00FA0300A000E0016B010000240000006C0F0000470D000000000000000000001F06000D020003000000000000000000000000000000000000000000000000000000000000000000000000000000000000000000000000000000000000000000
K1DFC,ver=1,seq=31,idx=1,off=96,len=96,crc=0x5C2F1A02,hex=00000000000000000000000000000000000000000000000000000000000000000100000E0500290F01511E03863305C94C088A34055420032E1201160A010E0901130D011C1402271C03342504422F06523A074E3707432D053A2504321E0327
K1DFC,ver=1,seq=31,idx=2,off=192,len=96,crc=0x6046D873,hex=17021E1002150B010F07000A04000702000602000401000301000200000100000000000000000000000000000000000000000000000000000000000000000000000000000201000A0701171102291F04291F041711020A070102010000000000
K1DFC,ver=1,seq=31,idx=3,off=288,len=96,crc=0x49E2F6FE,hex=00000000000000000000000000000000000000000000000000000000000000000100000200000301000401000602000702000A04000F0700150B011E1002271702321E033A2504432D054E3707523A07422F06342504271C031C1402130D010E
K1DFC,ver=1,seq=31,idx=4,off=384,len=96,crc=0x69BAF00D,hex=0901160A012E12015420038A3405C94C08863305511E03290F010E050001000000000000000000000000000000000000000000000000000000000000000000000000000000000000000000000000000000000000000000000000000000000000
K1DFC,ver=1,seq=31,idx=5,off=480,len=32,crc=0xA7F96A1D,hex=00000000000000000000000000000000000000000000000300000D02001F0600
K1DFR,ver=1,seq=32,kind=2,frame=576,t_us=2733494420,flags=0,len=512,crc=0x2BCC23C7,chunks=6
K1DFC,ver=1,seq=32,idx=0,off=0,len=96,crc=0x350514B8,hex=01FA0300A000E0016B010000150000006C0F0000470D000000000000000000001303000B020005010001000000000000000000000000000000000000000000000000000000000000000000000000000000000000000000000000000000000000
K1DFC,ver=1,seq=32,idx=1,off=96,len=96,crc=0xBAF465AE,hex=000000000000000000000000000000000000000000000000000000000000000000000000000000000000000000000000000000000000000000000000000000000000000000000000000000000000000000000000000000000000000000000000
K1DFC,ver=1,seq=32,idx=2,off=192,len=96,crc=0x1A23052B,hex=00000302000E0A012018033A2C055C460986660DA77E107E5F0C5D47094534063528052E22042E2204372805402F063828053122042A1C032518032114021D10021D0E01200E01220E01280F01311201311201280F01220E01200E011D0E011D
K1DFC,ver=1,seq=32,idx=3,off=288,len=96,crc=0x33618F0B,hex=10022114022518032A1C03312204382805402F063728052E22042E22043528054534065D47097E5F0CA77E1086660D5C46093A2C052018030E0A0103020000000000000000000000000000000000000000000000000000000000000000000000
K1DFC,ver=1,seq=32,idx=4,off=384,len=96,crc=0xBAF465AE,hex=000000000000000000000000000000000000000000000000000000000000000000000000000000000000000000000000000000000000000000000000000000000000000000000000000000000000000000000000000000000000000000000000
K1DFC,ver=1,seq=32,idx=5,off=480,len=32,crc=0x21D8B15A,hex=00000000000000000000000000000000000000000100000501000B0200130300
K1DFR,ver=1,seq=33,kind=2,frame=612,t_us=2733673459,flags=0,len=512,crc=0x1A0E0C77,chunks=6
K1DFC,ver=1,seq=33,idx=0,off=0,len=96,crc=0x78F67313,hex=00FA0300A000E00177010000200000006F0F00004B0D000000000000000000001F06000D020003000000000000000000000000000000000000000000000000000000000000000000000000000000000000000000000000000000000000000000
K1DFC,ver=1,seq=33,idx=1,off=96,len=96,crc=0xBAF465AE,hex=000000000000000000000000000000000000000000000000000000000000000000000000000000000000000000000000000000000000000000000000000000000000000000000000000000000000000000000000000000000000000000000000
K1DFC,ver=1,seq=33,idx=2,off=192,len=96,crc=0x7FBE3ABA,hex=00000000000000000000000000000000000000000000000000000000000000000602001709003514025D23039338059038066127043E1C032816021F1502231A032D22043F2F064F3B07624809805F0C805F0C6248094F3B073F2F062D220423
K1DFC,ver=1,seq=33,idx=3,off=288,len=96,crc=0x78E4A013,hex=1A031F15022816023E1C036127049038069338055D230335140217090006020000000000000000000000000000000000000000000000000000000000000000000000000000000000000000000000000000000000000000000000000000000000
K1DFC,ver=1,seq=33,idx=4,off=384,len=96,crc=0xBAF465AE,hex=000000000000000000000000000000000000000000000000000000000000000000000000000000000000000000000000000000000000000000000000000000000000000000000000000000000000000000000000000000000000000000000000
K1DFC,ver=1,seq=33,idx=5,off=480,len=32,crc=0xA7F96A1D,hex=00000000000000000000000000000000000000000000000300000D02001F0600
K1DFR,ver=1,seq=34,kind=2,frame=612,t_us=2733673459,flags=0,len=512,crc=0x18B01AEE,chunks=6
K1DFC,ver=1,seq=34,idx=0,off=0,len=96,crc=0x291DF1E2,hex=01FA0300A000E00177010000160000006F0F00004B0D000000000000000000001303000B020005010001000000000000000000000000000000000000000000000000000000000000000000000000000000000000000000000000000000000000
K1DFC,ver=1,seq=34,idx=1,off=96,len=96,crc=0x9099DE41,hex=00000000000000000000000000000000000000000000000000000000000000000000000000000000000000000000000000000000000000000000000000000302000F0B01221A033D2E066049098C6A0EAF851181620C5C46094031062D220422
K1DFC,ver=1,seq=34,idx=2,off=192,len=96,crc=0xC932A216,hex=1A03211903281E033225043D2D054633063D2C053525042E1F04291A032416022112021F10011E0E011E0C011E0C011909011608001307001006000E05000C04000D0500150800220D013514024D1D034D1D03351402220D011508000D05000C
K1DFC,ver=1,seq=34,idx=3,off=288,len=96,crc=0x2E5100B4,hex=04000E05001006001307001608001909011E0C011E0C011E0E011F1001211202241602291A032E1F043525043D2C054633063D2D05322504281E03211903221A032D22044031065C460981620CAF85118C6A0E6049093D2E06221A030F0B0103
K1DFC,ver=1,seq=34,idx=4,off=384,len=96,crc=0xDF88786B,hex=020000000000000000000000000000000000000000000000000000000000000000000000000000000000000000000000000000000000000000000000000000000000000000000000000000000000000000000000000000000000000000000000
K1DFC,ver=1,seq=34,idx=5,off=480,len=32,crc=0x21D8B15A,hex=00000000000000000000000000000000000000000100000501000B0200130300
K1DFR,ver=1,seq=35,kind=2,frame=648,t_us=2733851382,flags=0,len=512,crc=0x81D754E2,chunks=6
K1DFC,ver=1,seq=35,idx=0,off=0,len=96,crc=0xAB576360,hex=00FA0300A000E001640100001E0000006C0F0000480D00000000000000000000DE4907D84D088034054C25043520043023043C2D054C39075F4709523D084231063526052A1D032116021A1002160B011308011207001407001206000F05000D
K1DFC,ver=1,seq=35,idx=1,off=96,len=96,crc=0x0076C98C,hex=05000B040009030007020005020004010003010002000001000000000000000000000000000000000000000000000000000000000000000000000000000000000000000000000000000000000000000000000000000000000000000000000000
K1DFC,ver=1,seq=35,idx=2,off=192,len=96,crc=0x66556ABD,hex=00000000000000000000000000000000000000000000000000000000000000000000000000000000000000000000000000000000000000000000000000000000000000000201000A0701171102291F04291F041711020A070102010000000000
K1DFC,ver=1,seq=35,idx=3,off=288,len=96,crc=0xBAF465AE,hex=000000000000000000000000000000000000000000000000000000000000000000000000000000000000000000000000000000000000000000000000000000000000000000000000000000000000000000000000000000000000000000000000
K1DFC,ver=1,seq=35,idx=4,off=384,len=96,crc=0x139E3853,hex=00000000000000000000000000000000000000000000000000000000000000000000000000000100000200000301000401000502000702000903000B04000D05000F0500120600140700120700130801160B011A10022116022A1D0335260542
K1DFC,ver=1,seq=35,idx=5,off=480,len=32,crc=0x2B3E25E3,hex=3106523D085F47094C39073C2D053023043520044C2504803405D84D08DE4907
K1DFR,ver=1,seq=36,kind=2,frame=648,t_us=2733851382,flags=0,len=512,crc=0xC3CCD33B,chunks=6
K1DFC,ver=1,seq=36,idx=0,off=0,len=96,crc=0x14411C80,hex=01FA0300A000E00164010000140000006C0F0000480D00000000000000000000410D012C0C01271402342404523E087F610CB78B12D2A0159B760F6F540B4D3B07372A052C21042D2204372905443306523E085942084C3807402F063626052D
K1DFC,ver=1,seq=36,idx=1,off=96,len=96,crc=0xC3769E37,hex=1F042619032013021B0F01180C01160A011408001006000E05000C04000A040009030007020006020005010003010002010002000001000000000000000000000000000000000000000000000000000000000000000000000000000000000000
K1DFC,ver=1,seq=36,idx=2,off=192,len=96,crc=0x57E939C9,hex=00000000000000000000000000000000000000000000000000000000000000000000000000000000000000000000000000000000000000000000000000000000000100000602000D0500170800230D01230D011708000D050006020001000000
K1DFC,ver=1,seq=36,idx=3,off=288,len=96,crc=0xBAF465AE,hex=000000000000000000000000000000000000000000000000000000000000000000000000000000000000000000000000000000000000000000000000000000000000000000000000000000000000000000000000000000000000000000000000
K1DFC,ver=1,seq=36,idx=4,off=384,len=96,crc=0x9E258F4D,hex=00000000000000000100000200000201000301000501000602000702000903000A04000C04000E0500100600140800160A01180C011B0F012013022619032D1F04362605402F064C3807594208523E084433063729052D22042C2104372A054D
K1DFC,ver=1,seq=36,idx=5,off=480,len=32,crc=0x9D4612A9,hex=3B076F540B9B760FD2A015B78B127F610C523E083424042714022C0C01410D01
K1DFR,ver=1,seq=37,kind=2,frame=684,t_us=2734029361,flags=0,len=512,crc=0x27F60565,chunks=6
K1DFC,ver=1,seq=37,idx=0,off=0,len=96,crc=0x282FD2C1,hex=00FA0300A000E00123010000210000006C0F0000470D000000000000000000001F06000D020003000000000000000000000000000000000000000000000000000000000000000000000000000000000000000000000000000000000000000000
K1DFC,ver=1,seq=37,idx=1,off=96,len=96,crc=0xBAF465AE,hex=000000000000000000000000000000000000000000000000000000000000000000000000000000000000000000000000000000000000000000000000000000000000000000000000000000000000000000000000000000000000000000000000
K1DFC,ver=1,seq=37,idx=2,off=192,len=96,crc=0xC68FDA25,hex=00000000000000000000000000000000000000000301001106002C1001521F03833205A23D066B28043F1802200C010D05000703000B0500100901180D012013022A1A033A250453370776500A8F650D8F650D76500A5337073A25042A1A0320
K1DFC,ver=1,seq=37,idx=3,off=288,len=96,crc=0xFEAC29BB,hex=1302180D011009010B05000703000D0500200C013F18026B2804A23D06833205521F032C100111060003010000000000000000000000000000000000000000000000000000000000000000000000000000000000000000000000000000000000
K1DFC,ver=1,seq=37,idx=4,off=384,len=96,crc=0xBAF465AE,hex=000000000000000000000000000000000000000000000000000000000000000000000000000000000000000000000000000000000000000000000000000000000000000000000000000000000000000000000000000000000000000000000000
K1DFC,ver=1,seq=37,idx=5,off=480,len=32,crc=0xA7F96A1D,hex=00000000000000000000000000000000000000000000000300000D02001F0600
K1DFR,ver=1,seq=38,kind=2,frame=684,t_us=2734029361,flags=0,len=512,crc=0x148F8D68,chunks=6
K1DFC,ver=1,seq=38,idx=0,off=0,len=96,crc=0x23C7F0FF,hex=01FA0300A000E00123010000160000006C0F0000470D000000000000000000001303000B020005010001000000000000000000000000000000000000000000000000000000000000000000000000000000000000000000000000000000000000
K1DFC,ver=1,seq=38,idx=1,off=96,len=96,crc=0xBAF465AE,hex=000000000000000000000000000000000000000000000000000000000000000000000000000000000000000000000000000000000000000000000000000000000000000000000000000000000000000000000000000000000000000000000000
K1DFC,ver=1,seq=38,idx=2,off=192,len=96,crc=0x1AAC9242,hex=00000000000000000000000000000000000000000000000000000000000000000000000000000000000000000000000000000000000000000202000C09011C15023628055C42088E630CBF8310B06F0EB06F0EBF83108E630C5C42083628051C
K1DFC,ver=1,seq=38,idx=3,off=288,len=96,crc=0xC6EECF86,hex=15020C090102020000000000000000000000000000000000000000000000000000000000000000000000000000000000000000000000000000000000000000000000000000000000000000000000000000000000000000000000000000000000
K1DFC,ver=1,seq=38,idx=4,off=384,len=96,crc=0xBAF465AE,hex=000000000000000000000000000000000000000000000000000000000000000000000000000000000000000000000000000000000000000000000000000000000000000000000000000000000000000000000000000000000000000000000000
K1DFC,ver=1,seq=38,idx=5,off=480,len=32,crc=0x21D8B15A,hex=00000000000000000000000000000000000000000100000501000B0200130300
K1DFR,ver=1,seq=39,kind=2,frame=720,t_us=2734208351,flags=0,len=512,crc=0xD2F41E79,chunks=6
K1DFC,ver=1,seq=39,idx=0,off=0,len=96,crc=0x811B0E6B,hex=00FA0300A000E001410100001F0000006B0F0000470D000000000000000000001F06000D020003000000000000000000000000000000000000000000000000000000000000000000000000000000000000000000000000000000000000000000
K1DFC,ver=1,seq=39,idx=1,off=96,len=96,crc=0x75989591,hex=00000000000000000000000000000000000000000000000000000000000000000000000000000000000000000000000100000F05002A1001521F03873305C74D088A37055B27043A1D03291903261C033024043D2E064B38073E2E0633250429
K1DFC,ver=1,seq=39,idx=2,off=192,len=96,crc=0x93F48986,hex=1D032116021B1102160D011309011208001207001407001106000F05000C04000A04000903000702000502000401000301000200000100000000000000000000000000000201000A0701171102291F04291F041711020A070102010000000000
K1DFC,ver=1,seq=39,idx=3,off=288,len=96,crc=0x6BEF5851,hex=00000000000000000100000200000301000401000502000702000903000A04000C04000F0500110600140700120700120800130901160D011B1102211602291D033325043E2E064B38073D2E06302404261C032919033A1D035B27048A3705C7
K1DFC,ver=1,seq=39,idx=4,off=384,len=96,crc=0xEAD7576E,hex=4D08873305521F032A10010F050001000000000000000000000000000000000000000000000000000000000000000000000000000000000000000000000000000000000000000000000000000000000000000000000000000000000000000000
K1DFC,ver=1,seq=39,idx=5,off=480,len=32,crc=0xA7F96A1D,hex=00000000000000000000000000000000000000000000000300000D02001F0600
K1DFR,ver=1,seq=40,kind=2,frame=720,t_us=2734208351,flags=0,len=512,crc=0x907A9CF0,chunks=6
K1DFC,ver=1,seq=40,idx=0,off=0,len=96,crc=0x53C707D1,hex=01FA0300A000E00141010000130000006B0F0000470D000000000000000000001303000B02000501000100000000000000000000000000000000000000000000000000000000000101000C09011F18033C2E06624A09926F0ECC9B14A980107A
K1DFC,ver=1,seq=40,idx=1,off=96,len=96,crc=0x9F869291,hex=5D0C5641083C2E062D2204281E032E2204392B05463406543E084C3807412F063727052E2004271A032114021C1002180D01160A011509011207000F05000D05000B040009030008030006020005020004010003010002000001000001000000
K1DFC,ver=1,seq=40,idx=2,off=192,len=96,crc=0x57E939C9,hex=00000000000000000000000000000000000000000000000000000000000000000000000000000000000000000000000000000000000000000000000000000000000100000602000D0500170800230D01230D011708000D050006020001000000
K1DFC,ver=1,seq=40,idx=3,off=288,len=96,crc=0x8CB6F60B,hex=00000000000000000000000000000000000000000000000000000000000000000000000000000000000000000000000000000000000000000000000000000000000100000100000200000301000401000502000602000803000903000B04000D
K1DFC,ver=1,seq=40,idx=4,off=384,len=96,crc=0xD88C5F7F,hex=05000F0500120700150901160A01180D011C1002211402271A032E2004372705412F064C3807543E08463406392B052E2204281E032D22043C2E065641087A5D0CA98010CC9B14926F0E624A093C2E061F18030C090101010000000000000000
K1DFC,ver=1,seq=40,idx=5,off=480,len=32,crc=0x21D8B15A,hex=00000000000000000000000000000000000000000100000501000B0200130300
K1DFR,ver=1,seq=41,kind=2,frame=756,t_us=2734386351,flags=0,len=512,crc=0x469BC018,chunks=6
K1DFC,ver=1,seq=41,idx=0,off=0,len=96,crc=0xA46E3DDA,hex=00FA0300A000E001440100001E0000006A0F0000450D000000000000000000005A12012808000A02000000000000000000000602001C0B01421902762D04BA4607C34A07813305512303321A03241803271D03342705433206553F08553F0846
K1DFC,ver=1,seq=41,idx=1,off=96,len=96,crc=0xF3BF8C16,hex=33063A29052F20042618031F12021A0E01170B011508001106000E05000C04000A030008030006020005020004010002010002000001000000000000000000000000000000000000000000000000000000000000000000000000000000000000
K1DFC,ver=1,seq=41,idx=2,off=192,len=96,crc=0x66556ABD,hex=00000000000000000000000000000000000000000000000000000000000000000000000000000000000000000000000000000000000000000000000000000000000000000201000A0701171102291F04291F041711020A070102010000000000
K1DFC,ver=1,seq=41,idx=3,off=288,len=96,crc=0xBAF465AE,hex=000000000000000000000000000000000000000000000000000000000000000000000000000000000000000000000000000000000000000000000000000000000000000000000000000000000000000000000000000000000000000000000000
K1DFC,ver=1,seq=41,idx=4,off=384,len=96,crc=0x11980F00,hex=00000000000000000100000200000201000401000502000602000803000A03000C04000E0500110600150800170B011A0E011F12022618032F20043A2905463306553F08553F08433206342705271D03241803321A03512303813305C34A07BA
K1DFC,ver=1,seq=41,idx=5,off=480,len=32,crc=0x4BA27C98,hex=4607762D044219021C0B010602000000000000000000000A02002808005A1201
K1DFR,ver=1,seq=42,kind=2,frame=756,t_us=2734386351,flags=0,len=512,crc=0x752AE06D,chunks=6
K1DFC,ver=1,seq=42,idx=0,off=0,len=96,crc=0xFB99B67B,hex=01FA0300A000E00144010000140000006A0F0000450D000000000000000000003B0B0122060010030004000000000000000000000000000000000000000000000000000000000000000000000000000000000000000000000000000000000000
K1DFC,ver=1,seq=42,idx=1,off=96,len=96,crc=0x446576CB,hex=00000000000000000000000101000B08011E1603392B055D46098A690DC19313A0791074580B533F083B2D052E22042A1F043024043B2C054735064B3807412F063727052F2104281B032215021D11021A0E01170B01160A011207000F05000D
K1DFC,ver=1,seq=42,idx=2,off=192,len=96,crc=0xC124D6FC,hex=05000B04000903000803000602000502000401000301000200000100000100000000000000000000000000000000000000000000000000000000000000000000000100000602000D0500170800230D01230D011708000D050006020001000000
K1DFC,ver=1,seq=42,idx=3,off=288,len=96,crc=0x5E80B70B,hex=00000000000000000000000000000000000000000000000000000000000000000100000100000200000301000401000502000602000803000903000B04000D05000F0500120700160A01170B011A0E011D1102221502281B032F210437270541
K1DFC,ver=1,seq=42,idx=4,off=384,len=96,crc=0x9D321787,hex=2F064B38074735063B2C053024042A1F042E22043B2D05533F0874580BA07910C193138A690D5D4609392B051E16030B080101010000000000000000000000000000000000000000000000000000000000000000000000000000000000000000
K1DFC,ver=1,seq=42,idx=5,off=480,len=32,crc=0x41AA99F1,hex=00000000000000000000000000000000000000000400001003002206003B0B01
K1DFR,ver=1,seq=43,kind=2,frame=792,t_us=2734564312,flags=0,len=512,crc=0x9A6FB327,chunks=6
K1DFC,ver=1,seq=43,idx=0,off=0,len=96,crc=0x5699DE28,hex=00FA0300A000E0011B0100001F0000006D0F0000480D000000000000000000001F06000D020003000000000000000000000000000000000000000000000000000000000000000000000000000000000000000000000000000000000000000000
K1DFC,ver=1,seq=43,idx=1,off=96,len=96,crc=0xBAF465AE,hex=000000000000000000000000000000000000000000000000000000000000000000000000000000000000000000000000000000000000000000000000000000000000000000000000000000000000000000000000000000000000000000000000
K1DFC,ver=1,seq=43,idx=2,off=192,len=96,crc=0xA0CAEAD9,hex=00000000000000000000000000000000000000000000000000000000000000000000000000000000000000000000000000000000000000000000000000000100000D05002C1302663306BB620BDD790EDD790EBB620B6633062C13020D050001
K1DFC,ver=1,seq=43,idx=3,off=288,len=96,crc=0xBAF465AE,hex=000000000000000000000000000000000000000000000000000000000000000000000000000000000000000000000000000000000000000000000000000000000000000000000000000000000000000000000000000000000000000000000000
K1DFC,ver=1,seq=43,idx=4,off=384,len=96,crc=0xBAF465AE,hex=000000000000000000000000000000000000000000000000000000000000000000000000000000000000000000000000000000000000000000000000000000000000000000000000000000000000000000000000000000000000000000000000
K1DFC,ver=1,seq=43,idx=5,off=480,len=32,crc=0xA7F96A1D,hex=00000000000000000000000000000000000000000000000300000D02001F0600
K1DFR,ver=1,seq=44,kind=2,frame=792,t_us=2734564312,flags=0,len=512,crc=0x7DE066FA,chunks=6
K1DFC,ver=1,seq=44,idx=0,off=0,len=96,crc=0x353D36E4,hex=01FA0300A000E0011B010000130000006D0F0000480D000000000000000000001303000B020005010001000000000000000000000000000000000000000000000000000000000000000000000000000000000000000000000000000000000000
K1DFC,ver=1,seq=44,idx=1,off=96,len=96,crc=0xBAF465AE,hex=000000000000000000000000000000000000000000000000000000000000000000000000000000000000000000000000000000000000000000000000000000000000000000000000000000000000000000000000000000000000000000000000
K1DFC,ver=1,seq=44,idx=2,off=192,len=96,crc=0x808F689F,hex=00000000000000000000000000000000000000000000000000000000000000000000000000000000000705001610022C21044937076F530B9C750F916D0E73550B614508603D076E3F078B4908AC5309AC53098B49086E3F07603D0761450873
K1DFC,ver=1,seq=44,idx=3,off=288,len=96,crc=0xFB1BCBAF,hex=550B916D0E9C750F6F530B4937072C210416100207050000000000000000000000000000000000000000000000000000000000000000000000000000000000000000000000000000000000000000000000000000000000000000000000000000
K1DFC,ver=1,seq=44,idx=4,off=384,len=96,crc=0xBAF465AE,hex=000000000000000000000000000000000000000000000000000000000000000000000000000000000000000000000000000000000000000000000000000000000000000000000000000000000000000000000000000000000000000000000000
K1DFC,ver=1,seq=44,idx=5,off=480,len=32,crc=0x21D8B15A,hex=00000000000000000000000000000000000000000100000501000B0200130300
K1DFR,ver=1,seq=45,kind=2,frame=828,t_us=2734742353,flags=0,len=512,crc=0x28B8B9CD,chunks=6
K1DFC,ver=1,seq=45,idx=0,off=0,len=96,crc=0x31392F3E,hex=00FA0300A000E001450100001E0000006A0F0000460D000000000000000000002F09001404000501000000000000000000000000000000000000000000000B0400250E014F1E03873305D05008AE44077531054C2404331E032C200435280544
K1DFC,ver=1,seq=45,idx=1,off=96,len=96,crc=0x4874F69D,hex=33065540084E3A07402F06332504291C032015021A1002150B011308011207001307001206000F06000D05000B040009030007020006020004010003010002000001000000000000000000000000000000000000000000000000000000000000
K1DFC,ver=1,seq=45,idx=2,off=192,len=96,crc=0x66556ABD,hex=00000000000000000000000000000000000000000000000000000000000000000000000000000000000000000000000000000000000000000000000000000000000000000201000A0701171102291F04291F041711020A070102010000000000
K1DFC,ver=1,seq=45,idx=3,off=288,len=96,crc=0xEC4663E7,hex=000000000000000000000000000000000000000000000000000000000000000000000000000000000000000000000000000000000000000000000000000000000000000000000000000000000000000000000000000000000000000001000002
K1DFC,ver=1,seq=45,idx=4,off=384,len=96,crc=0x4EC47D90,hex=00000301000401000602000702000903000B04000D05000F0600120600130700120700130801150B011A1002201502291C03332504402F064E3A075540084433063528052C2004331E034C2404753105AE4407D050088733054F1E03250E010B
K1DFC,ver=1,seq=45,idx=5,off=480,len=32,crc=0x61A9568F,hex=04000000000000000000000000000000000000000000000501001404002F0900
K1DFR,ver=1,seq=46,kind=2,frame=828,t_us=2734742353,flags=0,len=512,crc=0x737502AF,chunks=6
K1DFC,ver=1,seq=46,idx=0,off=0,len=96,crc=0xC4762B4A,hex=01FA0300A000E00145010000130000006A0F0000460D00000000000000000000C08110E3A315BF8C1286650D5D47094132063125042D22043427054030064F3B075E4609543E084834063C2B053223042A1C032316021D1102190E01170B0115
K1DFC,ver=1,seq=46,idx=1,off=96,len=96,crc=0x83ADA165,hex=09011207000F05000D05000B040009030008030006020005020004010003010002000001000001000000000000000000000000000000000000000000000000000000000000000000000000000000000000000000000000000000000000000000
K1DFC,ver=1,seq=46,idx=2,off=192,len=96,crc=0x57E939C9,hex=00000000000000000000000000000000000000000000000000000000000000000000000000000000000000000000000000000000000000000000000000000000000100000602000D0500170800230D01230D011708000D050006020001000000
K1DFC,ver=1,seq=46,idx=3,off=288,len=96,crc=0xBAF465AE,hex=000000000000000000000000000000000000000000000000000000000000000000000000000000000000000000000000000000000000000000000000000000000000000000000000000000000000000000000000000000000000000000000000
K1DFC,ver=1,seq=46,idx=4,off=384,len=96,crc=0x559FD3EA,hex=00000000000000000000000000000000000000000000000100000100000200000301000401000502000602000803000903000B04000D05000F0500120700150901170B01190E011D11022316022A1C033223043C2B05483406543E085E46094F
K1DFC,ver=1,seq=46,idx=5,off=480,len=32,crc=0x7B5FDA95,hex=3B074030063427052D22043125044132065D470986650DBF8C12E3A315C08110
K1DFR,ver=1,seq=47,kind=2,frame=864,t_us=2734920316,flags=0,len=512,crc=0x431A0669,chunks=6
K1DFC,ver=1,seq=47,idx=0,off=0,len=96,crc=0xD3AB1D08,hex=00FA0300A000E0012C0100001E0000006A0F0000450D000000000000000000001F06000D020003000000000000000000000000000000000000000000000000000000000000000000000000000000000000000000000000000000000000000000
K1DFC,ver=1,seq=47,idx=1,off=96,len=96,crc=0x5C2F1A02,hex=00000000000000000000000000000000000000000000000000000000000000000100000E0500290F01511E03863305C94C088A34055420032E1201160A010E0901130D011C1402271C03342504422F06523A074E3707432D053A2504321E0327
K1DFC,ver=1,seq=47,idx=2,off=192,len=96,crc=0x6046D873,hex=17021E1002150B010F07000A04000702000602000401000301000200000100000000000000000000000000000000000000000000000000000000000000000000000000000201000A0701171102291F04291F041711020A070102010000000000
K1DFC,ver=1,seq=47,idx=3,off=288,len=96,crc=0x49E2F6FE,hex=00000000000000000000000000000000000000000000000000000000000000000100000200000301000401000602000702000A04000F0700150B011E1002271702321E033A2504432D054E3707523A07422F06342504271C031C1402130D010E
K1DFC,ver=1,seq=47,idx=4,off=384,len=96,crc=0x69BAF00D,hex=0901160A012E12015420038A3405C94C08863305511E03290F010E050001000000000000000000000000000000000000000000000000000000000000000000000000000000000000000000000000000000000000000000000000000000000000
K1DFC,ver=1,seq=47,idx=5,off=480,len=32,crc=0xA7F96A1D,hex=00000000000000000000000000000000000000000000000300000D02001F0600
K1DFR,ver=1,seq=48,kind=2,frame=864,t_us=2734920316,flags=0,len=512,crc=0xE594FDB1,chunks=6
K1DFC,ver=1,seq=48,idx=0,off=0,len=96,crc=0x5E0B1495,hex=01FA0300A000E0012C010000110000006A0F0000450D000000000000000000001303000B020005010001000000000000000000000000000000000000000000000000000000000000000000000000000000000000000000000000000000000000
K1DFC,ver=1,seq=48,idx=1,off=96,len=96,crc=0xBAF465AE,hex=000000000000000000000000000000000000000000000000000000000000000000000000000000000000000000000000000000000000000000000000000000000000000000000000000000000000000000000000000000000000000000000000
K1DFC,ver=1,seq=48,idx=2,off=192,len=96,crc=0x1A23052B,hex=00000302000E0A012018033A2C055C460986660DA77E107E5F0C5D47094534063528052E22042E2204372805402F063828053122042A1C032518032114021D10021D0E01200E01220E01280F01311201311201280F01220E01200E011D0E011D
K1DFC,ver=1,seq=48,idx=3,off=288,len=96,crc=0x33618F0B,hex=10022114022518032A1C03312204382805402F063728052E22042E22043528054534065D47097E5F0CA77E1086660D5C46093A2C052018030E0A0103020000000000000000000000000000000000000000000000000000000000000000000000
K1DFC,ver=1,seq=48,idx=4,off=384,len=96,crc=0xBAF465AE,hex=000000000000000000000000000000000000000000000000000000000000000000000000000000000000000000000000000000000000000000000000000000000000000000000000000000000000000000000000000000000000000000000000
K1DFC,ver=1,seq=48,idx=5,off=480,len=32,crc=0x21D8B15A,hex=00000000000000000000000000000000000000000100000501000B0200130300
K1DF_END,ver=1,records=48,chunks=288,dropped=0,corrupt=0,overflowed=0
[K1WS] client 2 state.get id=1058
#CMD :vpml=stop
VPML stop active=0
[K1WS] client 2 state.get id=1059
#CMD :vpml=status
VPML status active=0 programme=none frame=0 frames=112 loops=47 vpab_mode=250
