#PORT /dev/tty.usbmodem101
#ROLE production_bench_reference
#CMD :stop
03 DC=-4795 max_raw=4565 follower=5168 peak_scaled=0.588 silent_scale=1.000 silence=0 cal_source=config cal_valid=1
[AP] SSL=903 DC=-4795 max_raw=5381 follower=7494 peak_scaled=0.529 silent_scale=1.000 silence=0 cal_source=config cal_valid=1
[AP] SSL=903 DC=-4795 max_raw=5891 follower=10259 peak_scaled=0.525 silent_scale=1.000 silence=0 cal_source=config cal_valid=1
[AP] SSL=903 DC=-4795 max_raw=4289 follower=8185 peak_scaled=0.520 silent_scale=1.000 silence=0 cal_source=config cal_valid=1
[AP] SSL=903 DC=-4795 max_raw=4469 follower=8310 peak_scaled=0.524 silent_scale=1.000 silence=0 cal_source=config cal_valid=1
[AP] SSL=903 DC=-4795 max_raw=8054 follower=10541 peak_scaled=0.731 silent_scale=1.000 silence=0 cal_source=config cal_valid=1
[AP] SSL=903 DC=-4795 max_raw=2697 follower=9192 peak_scaled=0.342 silent_scale=1.000 silence=0 cal_source=config cal_valid=1
[AP] SSL=903 DC=-4795 max_raw=7106 follower=7307 peak_scaled=0.708 silent_scale=1.000 silence=0 cal_source=config cal_valid=1
[AP] SSL=903 DC=-4795 max_raw=8318 follower=9945 peak_scaled=0.710 silent_scale=1.000 silence=0 cal_source=config cal_valid=1
SBOK
#CMD :ap_stream=off
sbr{{
AP_STREAM: off
}}
#CMD :vp_stream=off
sbr{{
VP_STREAM: off
}}
#CMD :set_mode=3
sbr{{
CONFIG.LIGHTSHOW_MODE: 3
}}
#CMD :mood=0.250
sbr{{
CONFIG.MOOD: 0.250000
}}
#CMD :palette_mode=on
sbr{{
PALETTE_MODE: on
}}
#CMD :palette_index=29
sbr{{
PALETTE: 29 (BlacK_Blue_Magenta_White_gp)
}}
#CMD :secondary_enabled=true
sbr{{
SECONDARY_ENABLED: 1
}}
#CMD :secondary_control=false
sbr{{
SECONDARY_CONTROL: DISABLED (encoders control primary channel)
}}
#CMD :secondary_mode=7
sbr{{
SECONDARY_MODE: 7 (WAVEFORM-FAST)
}}
#CMD :secondary_palette_mode=true
sbr{{
SECONDARY_PALETTE_MODE_ENABLED: true
}}
#CMD :secondary_palette_index=24
sbr{{
SECONDARY_PALETTE_INDEX: 24 (fire_gp)
}}
#CMD :edge_mode=off
sbr{{
EDGE_ENABLED: off
EDGE_MODE: off
EDGE_STRENGTH: 0.000
}}
#CMD :edge_enabled=off
sbr{{
EDGE_ENABLED: off
EDGE_MODE: off
EDGE_STRENGTH: 0.000
}}
#CMD :edge_strength=0
sbr{{
EDGE_ENABLED: off
EDGE_MODE: off
EDGE_STRENGTH: 0.000
}}
#CMD :smart_hooks=off
sbr{{
SMART_ASSIST: off
SMART_SWITCHING: off
SMART_DIRECTOR_AUTONOMY: off
SMART_HOOKS: off
SMART_CONFIDENCE_FLOOR: 0.080
SMART_APPLIED_MODE: 3
SMART_LAST_REQUESTED_MODE: 3
SMART_SWITCHES_IN_WINDOW: 0
SMART_MANUAL_OWNER_ACTIVE: 1
SMART_LAST_REASON: 0
SMART_STATE: 0
SMART_INTENT_MODE: 0
SMART_INTENT_CONFIDENCE: 0.000
SMART_INTENT_WANTS_SWITCH: 0
SMART_SCALAR_PHOTONS: 0.000
SMART_SCALAR_CHROMA: 0.000
SMART_SCALAR_MOOD: 0.000
SMART_AUDIO_NOVELTY: 0.0000
SMART_AUDIO_ENERGY: 0.0000
SMART_EVENT_ID: 0
SMART_EVENT_AGE_MS: 0
SMART_ONSET: 0
SMART_BASS_ONSET: 0
SMART_BEAT_CONFIDENCE: 0.000
}}
#CMD :smart_switching=off
sbr{{
SMART_ASSIST: off
SMART_SWITCHING: off
SMART_DIRECTOR_AUTONOMY: off
SMART_HOOKS: off
SMART_CONFIDENCE_FLOOR: 0.080
SMART_APPLIED_MODE: 3
SMART_LAST_REQUESTED_MODE: 3
SMART_SWITCHES_IN_WINDOW: 0
SMART_MANUAL_OWNER_ACTIVE: 1
SMART_LAST_REASON: 0
SMART_STATE: 0
SMART_INTENT_MODE: 0
SMART_INTENT_CONFIDENCE: 0.000
SMART_INTENT_WANTS_SWITCH: 0
SMART_SCALAR_PHOTONS: 0.000
SMART_SCALAR_CHROMA: 0.000
SMART_SCALAR_MOOD: 0.000
SMART_AUDIO_NOVELTY: 0.0000
SMART_AUDIO_ENERGY: 0.0000
SMART_EVENT_ID: 0
SMART_EVENT_AGE_MS: 0
SMART_ONSET: 0
SMART_BASS_ONSET: 0
SMART_BEAT_CONFIDENCE: 0.000
}}
#CMD :smart_assist=off
sbr{{
SMART_ASSIST: off
SMART_SWITCHING: off
SMART_DIRECTOR_AUTONOMY: off
SMART_HOOKS: off
SMART_CONFIDENCE_FLOOR: 0.080
SMART_APPLIED_MODE: 3
SMART_LAST_REQUESTED_MODE: 3
SMART_SWITCHES_IN_WINDOW: 0
SMART_MANUAL_OWNER_ACTIVE: 1
SMART_LAST_REASON: 0
SMART_STATE: 0
SMART_INTENT_MODE: 0
SMART_INTENT_CONFIDENCE: 0.000
SMART_INTENT_WANTS_SWITCH: 0
SMART_SCALAR_PHOTONS: 0.000
SMART_SCALAR_CHROMA: 0.000
SMART_SCALAR_MOOD: 0.000
SMART_AUDIO_NOVELTY: 0.0000
SMART_AUDIO_ENERGY: 0.0000
SMART_EVENT_ID: 0
SMART_EVENT_AGE_MS: 0
SMART_ONSET: 0
SMART_BASS_ONSET: 0
SMART_BEAT_CONFIDENCE: 0.000
}}
#CMD :smart_confidence_floor=0.080
sbr{{
SMART_ASSIST: off
SMART_SWITCHING: off
SMART_DIRECTOR_AUTONOMY: off
SMART_HOOKS: off
SMART_CONFIDENCE_FLOOR: 0.080
SMART_APPLIED_MODE: 3
SMART_LAST_REQUESTED_MODE: 3
SMART_SWITCHES_IN_WINDOW: 0
SMART_MANUAL_OWNER_ACTIVE: 1
SMART_LAST_REASON: 0
SMART_STATE: 0
SMART_INTENT_MODE: 0
SMART_INTENT_CONFIDENCE: 0.000
SMART_INTENT_WANTS_SWITCH: 0
SMART_SCALAR_PHOTONS: 0.000
SMART_SCALAR_CHROMA: 0.000
SMART_SCALAR_MOOD: 0.000
SMART_AUDIO_NOVELTY: 0.0000
SMART_AUDIO_ENERGY: 0.0000
SMART_EVENT_ID: 0
SMART_EVENT_AGE_MS: 0
SMART_ONSET: 0
SMART_BASS_ONSET: 0
SMART_BEAT_CONFIDENCE: 0.000
}}
#CMD :smart_status
sbr{{
SMART_ASSIST: off
SMART_SWITCHING: off
SMART_DIRECTOR_AUTONOMY: off
SMART_HOOKS: off
SMART_CONFIDENCE_FLOOR: 0.080
SMART_APPLIED_MODE: 3
SMART_LAST_REQUESTED_MODE: 3
SMART_SWITCHES_IN_WINDOW: 0
SMART_MANUAL_OWNER_ACTIVE: 1
SMART_LAST_REASON: 0
SMART_STATE: 0
SMART_INTENT_MODE: 0
SMART_INTENT_CONFIDENCE: 0.000
SMART_INTENT_WANTS_SWITCH: 0
SMART_SCALAR_PHOTONS: 0.000
SMART_SCALAR_CHROMA: 0.000
SMART_SCALAR_MOOD: 0.000
SMART_AUDIO_NOVELTY: 0.0000
SMART_AUDIO_ENERGY: 0.0000
SMART_EVENT_ID: 0
SMART_EVENT_AGE_MS: 0
SMART_ONSET: 0
SMART_BASS_ONSET: 0
SMART_BEAT_CONFIDENCE: 0.000
}}
#CMD :edge_status
sbr{{
EDGE_ENABLED: off
EDGE_MODE: off
EDGE_STRENGTH: 0.000
}}
#CMD :ap_stream=on
sbr{{
AP_STREAM: on
}}
[AP] SSL=903 DC=-4795 max_raw=6665 follower=12448 peak_scaled=0.634 silent_scale=1.000 silence=0 cal_source=config cal_valid=1
#CMD :smart_status
sbr{{
SMART_ASSIST: off
SMART_SWITCHING: off
SMART_DIRECTOR_AUTONOMY: off
SMART_HOOKS: off
SMART_CONFIDENCE_FLOOR: 0.080
SMART_APPLIED_MODE: 3
SMART_LAST_REQUESTED_MODE: 3
SMART_SWITCHES_IN_WINDOW: 0
SMART_MANUAL_OWNER_ACTIVE: 1
SMART_LAST_REASON: 0
SMART_STATE: 0
SMART_INTENT_MODE: 0
SMART_INTENT_CONFIDENCE: 0.000
SMART_INTENT_WANTS_SWITCH: 0
SMART_SCALAR_PHOTONS: 0.000
SMART_SCALAR_CHROMA: 0.000
SMART_SCALAR_MOOD: 0.000
SMART_AUDIO_NOVELTY: 0.0000
SMART_AUDIO_ENERGY: 0.0000
SMART_EVENT_ID: 0
SMART_EVENT_AGE_MS: 0
SMART_ONSET: 0
SMART_BASS_ONSET: 0
SMART_BEAT_CONFIDENCE: 0.000
}}
[AP] SSL=903 DC=-4795 max_raw=8078 follower=12423 peak_scaled=0.621 silent_scale=1.000 silence=0 cal_source=config cal_valid=1
#CMD :edge_status
sbr{{
EDGE_ENABLED: off
EDGE_MODE: off
EDGE_STRENGTH: 0.000
}}
[AP] SSL=903 DC=-4795 max_raw=13869 follower=12146 peak_scaled=0.930 silent_scale=1.000 silence=0 cal_source=config cal_valid=1
#WAIT ap_stream_music 8.00s
[AP] SSL=903 DC=-4795 max_raw=6504 follower=14446 peak_scaled=0.553 silent_scale=1.000 silence=0 cal_source=config cal_valid=1
[AP] SSL=903 DC=-4795 max_raw=7543 follower=12101 peak_scaled=0.678 silent_scale=1.000 silence=0 cal_source=config cal_valid=1
[AP] SSL=903 DC=-4795 max_raw=9259 follower=12327 peak_scaled=0.700 silent_scale=1.000 silence=0 cal_source=config cal_valid=1
[AP] SSL=903 DC=-4795 max_raw=8817 follower=11989 peak_scaled=0.638 silent_scale=1.000 silence=0 cal_source=config cal_valid=1
[AP] SSL=903 DC=-4795 max_raw=8047 follower=12411 peak_scaled=0.827 silent_scale=1.000 silence=0 cal_source=config cal_valid=1
[AP] SSL=903 DC=-4795 max_raw=8582 follower=11914 peak_scaled=0.739 silent_scale=1.000 silence=0 cal_source=config cal_valid=1
[AP] SSL=903 DC=-4795 max_raw=10802 follower=13588 peak_scaled=0.740 silent_scale=1.000 silence=0 cal_source=config cal_valid=1
[AP] SSL=903 DC=-4795 max_raw=8107 follower=10902 peak_scaled=0.581 silent_scale=1.000 silence=0 cal_source=config cal_valid=1
#CMD :ap_stream=off
sbr{{
AP_STREAM: off
}}
#CMD :smart_assist=on
sbr{{
SMART_ASSIST: on
SMART_SWITCHING: off
SMART_DIRECTOR_AUTONOMY: off
SMART_HOOKS: off
SMART_CONFIDENCE_FLOOR: 0.080
SMART_APPLIED_MODE: 3
SMART_LAST_REQUESTED_MODE: 3
SMART_SWITCHES_IN_WINDOW: 0
SMART_MANUAL_OWNER_ACTIVE: 1
SMART_LAST_REASON: 0
SMART_STATE: 0
SMART_INTENT_MODE: 0
SMART_INTENT_CONFIDENCE: 0.000
SMART_INTENT_WANTS_SWITCH: 0
SMART_SCALAR_PHOTONS: 0.000
SMART_SCALAR_CHROMA: 0.000
SMART_SCALAR_MOOD: 0.000
SMART_AUDIO_NOVELTY: 0.0000
SMART_AUDIO_ENERGY: 0.0000
SMART_EVENT_ID: 0
SMART_EVENT_AGE_MS: 0
SMART_ONSET: 0
SMART_BASS_ONSET: 0
SMART_BEAT_CONFIDENCE: 0.000
}}
#CMD :smart_hooks=on
sbr{{
SMART_ASSIST: on
SMART_SWITCHING: off
SMART_DIRECTOR_AUTONOMY: off
SMART_HOOKS: on
SMART_CONFIDENCE_FLOOR: 0.080
SMART_APPLIED_MODE: 3
SMART_LAST_REQUESTED_MODE: 3
SMART_SWITCHES_IN_WINDOW: 0
SMART_MANUAL_OWNER_ACTIVE: 1
SMART_LAST_REASON: 0
SMART_STATE: 2
SMART_INTENT_MODE: 8
SMART_INTENT_CONFIDENCE: 0.144
SMART_INTENT_WANTS_SWITCH: 0
SMART_SCALAR_PHOTONS: 1.000
SMART_SCALAR_CHROMA: 1.000
SMART_SCALAR_MOOD: 1.000
SMART_AUDIO_NOVELTY: 0.0850
SMART_AUDIO_ENERGY: 0.2959
SMART_EVENT_ID: 0
SMART_EVENT_AGE_MS: 4294967295
SMART_ONSET: 0
SMART_BASS_ONSET: 0
SMART_BEAT_CONFIDENCE: 0.000
}}
#CMD :smart_switching=on
sbr{{
SMART_ASSIST: on
SMART_SWITCHING: on
SMART_DIRECTOR_AUTONOMY: off
SMART_HOOKS: on
SMART_CONFIDENCE_FLOOR: 0.080
SMART_APPLIED_MODE: 3
SMART_LAST_REQUESTED_MODE: 3
SMART_SWITCHES_IN_WINDOW: 0
SMART_MANUAL_OWNER_ACTIVE: 1
SMART_LAST_REASON: 0
SMART_STATE: 2
SMART_INTENT_MODE: 8
SMART_INTENT_CONFIDENCE: 0.187
SMART_INTENT_WANTS_SWITCH: 0
SMART_SCALAR_PHOTONS: 1.000
SMART_SCALAR_CHROMA: 1.000
SMART_SCALAR_MOOD: 1.000
SMART_AUDIO_NOVELTY: 0.0515
SMART_AUDIO_ENERGY: 0.4082
SMART_EVENT_ID: 0
SMART_EVENT_AGE_MS: 4294967295
SMART_ONSET: 0
SMART_BASS_ONSET: 0
SMART_BEAT_CONFIDENCE: 0.000
}}
#CMD :smart_confidence_floor=0.080
sbr{{
SMART_ASSIST: on
SMART_SWITCHING: on
SMART_DIRECTOR_AUTONOMY: off
SMART_HOOKS: on
SMART_CONFIDENCE_FLOOR: 0.080
SMART_APPLIED_MODE: 3
SMART_LAST_REQUESTED_MODE: 3
SMART_SWITCHES_IN_WINDOW: 0
SMART_MANUAL_OWNER_ACTIVE: 1
SMART_LAST_REASON: 8
SMART_STATE: 2
SMART_INTENT_MODE: 8
SMART_INTENT_CONFIDENCE: 0.183
SMART_INTENT_WANTS_SWITCH: 1
SMART_SCALAR_PHOTONS: 1.000
SMART_SCALAR_CHROMA: 1.000
SMART_SCALAR_MOOD: 1.000
SMART_AUDIO_NOVELTY: 0.0859
SMART_AUDIO_ENERGY: 0.3156
SMART_EVENT_ID: 0
SMART_EVENT_AGE_MS: 4294967295
SMART_ONSET: 0
SMART_BASS_ONSET: 0
SMART_BEAT_CONFIDENCE: 0.000
}}
#CMD :edge_mode=complementary
sbr{{
EDGE_ENABLED: off
EDGE_MODE: complementary
EDGE_STRENGTH: 0.000
}}
#CMD :edge_strength=0.350
sbr{{
EDGE_ENABLED: off
EDGE_MODE: complementary
EDGE_STRENGTH: 0.350
}}
#CMD :edge_enabled=on
sbr{{
EDGE_ENABLED: on
EDGE_MODE: complementary
EDGE_STRENGTH: 0.350
}}
#WAIT smart_music 30.00s
#CMD :smart_status
sbr{{
SMART_ASSIST: on
SMART_SWITCHING: on
SMART_DIRECTOR_AUTONOMY: off
SMART_HOOKS: on
SMART_CONFIDENCE_FLOOR: 0.080
SMART_APPLIED_MODE: 3
SMART_LAST_REQUESTED_MODE: 3
SMART_SWITCHES_IN_WINDOW: 0
SMART_MANUAL_OWNER_ACTIVE: 0
SMART_LAST_REASON: 0
SMART_STATE: 2
SMART_INTENT_MODE: 8
SMART_INTENT_CONFIDENCE: 0.206
SMART_INTENT_WANTS_SWITCH: 1
SMART_SCALAR_PHOTONS: 1.000
SMART_SCALAR_CHROMA: 1.000
SMART_SCALAR_MOOD: 1.000
SMART_AUDIO_NOVELTY: 0.0922
SMART_AUDIO_ENERGY: 0.4115
SMART_EVENT_ID: 0
SMART_EVENT_AGE_MS: 4294967295
SMART_ONSET: 0
SMART_BASS_ONSET: 0
SMART_BEAT_CONFIDENCE: 0.000
}}
#CMD :edge_status
sbr{{
EDGE_ENABLED: on
EDGE_MODE: complementary
EDGE_STRENGTH: 0.350
}}
#CMD :ap_stream=off
sbr{{
AP_STREAM: off
}}
#RESTORE safe_runtime_state
#CMD :ap_stream=off
sbr{{
AP_STREAM: off
}}
#CMD :vp_stream=off
sbr{{
VP_STREAM: off
}}
#CMD :vpab=stop
sberr[[
Bad command: vpab=stop
]]
#CMD :vp_perf=stop
sbr{{
VP_PERF: disabled (compile with ENABLE_VP_PERF_AUDIT=1)
}}
#CMD :set_mode=3
sbr{{
CONFIG.LIGHTSHOW_MODE: 3
}}
#CMD :mood=0.250
sbr{{
CONFIG.MOOD: 0.250000
}}
#CMD :palette_mode=on
sbr{{
PALETTE_MODE: on
}}
#CMD :palette_index=29
sbr{{
PALETTE: 29 (BlacK_Blue_Magenta_White_gp)
}}
#CMD :secondary_enabled=true
sbr{{
SECONDARY_ENABLED: 1
}}
#CMD :secondary_control=false
sbr{{
SECONDARY_CONTROL: DISABLED (encoders control primary channel)
}}
#CMD :secondary_mode=7
sbr{{
SECONDARY_MODE: 7 (WAVEFORM-FAST)
}}
#CMD :secondary_palette_mode=true
sbr{{
SECONDARY_PALETTE_MODE_ENABLED: true
}}
#CMD :secondary_palette_index=24
sbr{{
SECONDARY_PALETTE_INDEX: 24 (fire_gp)
}}
#CMD :edge_enabled=off
sbr{{
EDGE_ENABLED: off
EDGE_MODE: complementary
EDGE_STRENGTH: 0.350
}}
#CMD :edge_mode=off
sbr{{
EDGE_ENABLED: off
EDGE_MODE: off
EDGE_STRENGTH: 0.350
}}
#CMD :edge_strength=0
sbr{{
EDGE_ENABLED: off
EDGE_MODE: off
EDGE_STRENGTH: 0.000
}}
#CMD :smart_hooks=off
sbr{{
SMART_ASSIST: on
SMART_SWITCHING: on
SMART_DIRECTOR_AUTONOMY: off
SMART_HOOKS: off
SMART_CONFIDENCE_FLOOR: 0.080
SMART_APPLIED_MODE: 3
SMART_LAST_REQUESTED_MODE: 3
SMART_SWITCHES_IN_WINDOW: 0
SMART_MANUAL_OWNER_ACTIVE: 1
SMART_LAST_REASON: 8
SMART_STATE: 1
SMART_INTENT_MODE: 3
SMART_INTENT_CONFIDENCE: 0.016
SMART_INTENT_WANTS_SWITCH: 0
SMART_SCALAR_PHOTONS: 0.860
SMART_SCALAR_CHROMA: 0.920
SMART_SCALAR_MOOD: 1.000
SMART_AUDIO_NOVELTY: 0.1423
SMART_AUDIO_ENERGY: 0.0584
SMART_EVENT_ID: 0
SMART_EVENT_AGE_MS: 4294967295
SMART_ONSET: 0
SMART_BASS_ONSET: 0
SMART_BEAT_CONFIDENCE: 0.000
}}
#CMD :smart_switching=off
sbr{{
SMART_ASSIST: on
SMART_SWITCHING: off
SMART_DIRECTOR_AUTONOMY: off
SMART_HOOKS: off
SMART_CONFIDENCE_FLOOR: 0.080
SMART_APPLIED_MODE: 3
SMART_LAST_REQUESTED_MODE: 3
SMART_SWITCHES_IN_WINDOW: 0
SMART_MANUAL_OWNER_ACTIVE: 1
SMART_LAST_REASON: 0
SMART_STATE: 2
SMART_INTENT_MODE: 8
SMART_INTENT_CONFIDENCE: 0.100
SMART_INTENT_WANTS_SWITCH: 1
SMART_SCALAR_PHOTONS: 1.000
SMART_SCALAR_CHROMA: 1.000
SMART_SCALAR_MOOD: 1.000
SMART_AUDIO_NOVELTY: 0.1416
SMART_AUDIO_ENERGY: 0.1041
SMART_EVENT_ID: 2
SMART_EVENT_AGE_MS: 82
SMART_ONSET: 0
SMART_BASS_ONSET: 0
SMART_BEAT_CONFIDENCE: 0.000
}}
#CMD :smart_assist=off
sbr{{
SMART_ASSIST: off
SMART_SWITCHING: off
SMART_DIRECTOR_AUTONOMY: off
SMART_HOOKS: off
SMART_CONFIDENCE_FLOOR: 0.080
SMART_APPLIED_MODE: 3
SMART_LAST_REQUESTED_MODE: 3
SMART_SWITCHES_IN_WINDOW: 0
SMART_MANUAL_OWNER_ACTIVE: 1
SMART_LAST_REASON: 0
SMART_STATE: 2
SMART_INTENT_MODE: 8
SMART_INTENT_CONFIDENCE: 0.107
SMART_INTENT_WANTS_SWITCH: 0
SMART_SCALAR_PHOTONS: 1.000
SMART_SCALAR_CHROMA: 1.000
SMART_SCALAR_MOOD: 1.000
SMART_AUDIO_NOVELTY: 0.0776
SMART_AUDIO_ENERGY: 0.1413
SMART_EVENT_ID: 4
SMART_EVENT_AGE_MS: 94
SMART_ONSET: 0
SMART_BASS_ONSET: 0
SMART_BEAT_CONFIDENCE: 0.000
}}
#CMD :smart_confidence_floor=0.080
sbr{{
SMART_ASSIST: off
SMART_SWITCHING: off
SMART_DIRECTOR_AUTONOMY: off
SMART_HOOKS: off
SMART_CONFIDENCE_FLOOR: 0.080
SMART_APPLIED_MODE: 3
SMART_LAST_REQUESTED_MODE: 3
SMART_SWITCHES_IN_WINDOW: 0
SMART_MANUAL_OWNER_ACTIVE: 1
SMART_LAST_REASON: 0
SMART_STATE: 2
SMART_INTENT_MODE: 8
SMART_INTENT_CONFIDENCE: 0.107
SMART_INTENT_WANTS_SWITCH: 0
SMART_SCALAR_PHOTONS: 1.000
SMART_SCALAR_CHROMA: 1.000
SMART_SCALAR_MOOD: 1.000
SMART_AUDIO_NOVELTY: 0.0776
SMART_AUDIO_ENERGY: 0.1413
SMART_EVENT_ID: 4
SMART_EVENT_AGE_MS: 94
SMART_ONSET: 0
SMART_BASS_ONSET: 0
SMART_BEAT_CONFIDENCE: 0.000
}}
#CMD :smart_status
sbr{{
SMART_ASSIST: off
SMART_SWITCHING: off
SMART_DIRECTOR_AUTONOMY: off
SMART_HOOKS: off
SMART_CONFIDENCE_FLOOR: 0.080
SMART_APPLIED_MODE: 3
SMART_LAST_REQUESTED_MODE: 3
SMART_SWITCHES_IN_WINDOW: 0
SMART_MANUAL_OWNER_ACTIVE: 1
SMART_LAST_REASON: 0
SMART_STATE: 2
SMART_INTENT_MODE: 8
SMART_INTENT_CONFIDENCE: 0.107
SMART_INTENT_WANTS_SWITCH: 0
SMART_SCALAR_PHOTONS: 1.000
SMART_SCALAR_CHROMA: 1.000
SMART_SCALAR_MOOD: 1.000
SMART_AUDIO_NOVELTY: 0.0776
SMART_AUDIO_ENERGY: 0.1413
SMART_EVENT_ID: 4
SMART_EVENT_AGE_MS: 94
SMART_ONSET: 0
SMART_BASS_ONSET: 0
SMART_BEAT_CONFIDENCE: 0.000
}}
#CMD :edge_status
sbr{{
EDGE_ENABLED: off
EDGE_MODE: off
EDGE_STRENGTH: 0.000
}}
