[1781101345.760] #DEVICE role=bench-reference name=bench-12201 port=/dev/tty.usbmodem12201 expected_chip_id=B489A500 env=k1_bench_reference
[1781101345.760] >>> :version
[1781101345.766] sbr{{
[1781101345.766] VERSION: 40103
[1781101345.766] }}
[1781101346.562] >>> :chip_id
[1781101346.563] sbr{{
[1781101346.564] B489A500
[1781101346.564] }}
[1781101347.817] >>> :stop
[1781101347.824] SBOK
[1781101348.719] >>> :vp_stream=off
[1781101348.725] sbr{{
[1781101348.725] VP_STREAM: off
[1781101348.725] }}
[1781101349.626] >>> :ap_stream=off
[1781101349.637] sbr{{
[1781101349.637] AP_STREAM: off
[1781101349.637] }}
[1781101350.533] >>> :set_mode=22
[1781101350.537] sbr{{
[1781101350.537] CONFIG.LIGHTSHOW_MODE: 18
[1781101350.537] }}
[1781101351.438] >>> :smart_scene=l1
[1781101351.444] sbr{{
[1781101351.444] SMART_ASSIST: on
[1781101351.444] SMART_SWITCHING: on
[1781101351.444] SMART_DIRECTOR_AUTONOMY: off
[1781101351.444] SMART_HOOKS: on
[1781101351.445] SMART_CONFIDENCE_FLOOR: 0.080
[1781101351.445] SMART_APPLIED_MODE: 18
[1781101351.445] SMART_LAST_REQUESTED_MODE: 18
[1781101351.445] SMART_SWITCHES_IN_WINDOW: 0
[1781101351.445] SMART_MANUAL_OWNER_ACTIVE: 0
[1781101351.445] SMART_LAST_REASON: 0
[1781101351.445] SMART_STATE: 2
[1781101351.445] SMART_INTENT_MODE: 14
[1781101351.445] SMART_INTENT_CONFIDENCE: 0.079
[1781101351.446] SMART_INTENT_WANTS_SWITCH: 0
[1781101351.446] SMART_SCALAR_PHOTONS: 1.000
[1781101351.447] SMART_SCALAR_CHROMA: 1.000
[1781101351.447] SMART_SCALAR_MOOD: 1.000
[1781101351.447] SMART_SCALAR_SATURATION: 1.000
[1781101351.447] SMART_PALETTE_OVERLAY: 0
[1781101351.447] SMART_PALETTE_INDEX: 29
[1781101351.448] SMART_AUTO_COLOUR_SHIFT: 0
[1781101351.448] SMART_MIN_DWELL_MS: 8000
[1781101351.448] SMART_COOLDOWN_MS: 20000
[1781101351.449] SMART_SWITCH_WINDOW_MS: 60000
[1781101351.449] SMART_MAX_SWITCHES: 2
[1781101351.449] SMART_AUDIO_NOVELTY: 0.0824
[1781101351.449] SMART_AUDIO_ENERGY: 0.1142
[1781101351.449] SMART_EVENT_ID: 3381
[1781101351.449] SMART_EVENT_AGE_MS: 968
[1781101351.449] SMART_ONSET: 0
[1781101351.449] SMART_BASS_ONSET: 0
[1781101351.449] SMART_BEAT_CONFIDENCE: 0.500
[1781101351.449] }}
[1781101351.449] sbr{{
[1781101351.449] EDGE_ENABLED: on
[1781101351.449] EDGE_MODE: complementary
[1781101351.449] EDGE_STRENGTH: 0.350
[1781101351.449] }}
[1781101352.344] >>> :dump
[1781101352.351] sbr{{
[1781101352.352] FIRMWARE_VERSION: 40103
[1781101352.352] CHIP ID: B489A500
[1781101352.352] noise_button.pressed: 0
[1781101352.352] noise_button.last_down: 0
[1781101352.352] noise_button.last_up: 0
[1781101352.352] noise_button.pin: 255
[1781101352.352] mode_button.pressed: 0
[1781101352.352] mode_button.last_down: 0
[1781101352.352] mode_button.last_up: 0
[1781101352.353] mode_button.pin: 255
[1781101352.353] CONFIG.PHOTONS: 1.000000
[1781101352.354] CONFIG.CHROMA: 0.100000
[1781101352.354] CONFIG.MOOD: 0.550000
[1781101352.354] CONFIG.LIGHTSHOW_MODE: 18
[1781101352.354] CONFIG.MIRROR_ENABLED: 1
[1781101352.354] CONFIG.CHROMAGRAM_RANGE: 60
[1781101352.354] CONFIG.SAMPLE_RATE: 12800
[1781101352.354] CONFIG.NOTE_OFFSET: 12
[1781101352.354] CONFIG.SQUARE_ITER: 0.75
[1781101352.354] CONFIG.LED_TYPE: 0
[1781101352.354] CONFIG.LED_COUNT: 160
[1781101352.354] CONFIG.LED_COLOR_ORDER: 66
[1781101352.354] CONFIG.SAMPLES_PER_CHUNK: 96
[1781101352.355] CONFIG.SENSITIVITY: 2.400000
[1781101352.355] CONFIG.BOOT_ANIMATION: 1
[1781101352.355] CONFIG.SWEET_SPOT_MIN_LEVEL: 355
[1781101352.355] CONFIG.SWEET_SPOT_MAX_LEVEL: 30000
[1781101352.355] CONFIG.DC_OFFSET: -999
[1781101352.355] CAL_SOURCE: measured
[1781101352.355] CAL_VALID: 1
[1781101352.355] CAL_PROFILE_LOADED: 1
[1781101352.355] CONFIG.STANDBY_DIMMING: 0
[1781101352.355] CONFIG.REVERSE_ORDER: 0
[1781101352.355] CONFIG.MAX_CURRENT_MA: 1500
[1781101352.356] CONFIG.TEMPORAL_DITHERING: 1
[1781101352.356] CONFIG.AUTO_COLOR_SHIFT: 1
[1781101352.357] CONFIG.INCANDESCENT_FILTER: 0.00
[1781101352.357] CONFIG.INCANDESCENT_MODE: 0
[1781101352.357] CONFIG.BULB_OPACITY: 0.00
[1781101352.357] CONFIG.SATURATION: 1.00
[1781101352.357] CONFIG.PRISM_COUNT: 1.00
[1781101352.357] CONFIG.BASE_COAT: 0
[1781101352.357] CONFIG.BASE_COAT_INTENSITY: 0.000
[1781101352.358] MASTER_BRIGHTNESS: 1.00
[1781101352.358] stream_audio: 0
[1781101352.358] stream_fps: 0
[1781101352.359] stream_max_mags: 0
[1781101352.359] stream_max_mags_followers: 0
[1781101352.359] stream_magnitudes: 0
[1781101352.359] stream_spectrogram: 0
[1781101352.359] stream_chromagram: 0
[1781101352.359] debug_mode: 0
[1781101352.359] noise_complete: 1
[1781101352.359] noise_iterations: 256
[1781101352.359] next_save_time: 3669467
[1781101352.359] settings_updated: 1
[1781101352.359] I2S_PORT: 0
[1781101352.359] SAMPLE_HISTORY_LENGTH: 4096
[1781101352.359] silence: 0
[1781101352.359] mode_destination: -1
[1781101352.359] SYSTEM_FPS: 142.70
[1781101352.360] LED_FPS: 174.76
[1781101352.360] }}
[1781101353.253] >>> :smart_status
[1781101353.270] sbr{{
[1781101353.270] SMART_ASSIST: on
[1781101353.270] SMART_SWITCHING: on
[1781101353.270] SMART_DIRECTOR_AUTONOMY: off
[1781101353.270] SMART_HOOKS: on
[1781101353.270] SMART_CONFIDENCE_FLOOR: 0.080
[1781101353.270] SMART_APPLIED_MODE: 18
[1781101353.270] SMART_LAST_REQUESTED_MODE: 14
[1781101353.270] SMART_SWITCHES_IN_WINDOW: 0
[1781101353.270] SMART_MANUAL_OWNER_ACTIVE: 0
[1781101353.270] SMART_LAST_REASON: 0
[1781101353.270] SMART_STATE: 2
[1781101353.270] SMART_INTENT_MODE: 14
[1781101353.270] SMART_INTENT_CONFIDENCE: 0.086
[1781101353.271] SMART_INTENT_WANTS_SWITCH: 1
[1781101353.271] SMART_SCALAR_PHOTONS: 1.000
[1781101353.271] SMART_SCALAR_CHROMA: 1.000
[1781101353.271] SMART_SCALAR_MOOD: 1.000
[1781101353.271] SMART_SCALAR_SATURATION: 1.000
[1781101353.271] SMART_PALETTE_OVERLAY: 0
[1781101353.271] SMART_PALETTE_INDEX: 29
[1781101353.271] SMART_AUTO_COLOUR_SHIFT: 0
[1781101353.272] SMART_MIN_DWELL_MS: 8000
[1781101353.272] SMART_COOLDOWN_MS: 20000
[1781101353.272] SMART_SWITCH_WINDOW_MS: 60000
[1781101353.272] SMART_MAX_SWITCHES: 2
[1781101353.272] SMART_AUDIO_NOVELTY: 0.0822
[1781101353.272] SMART_AUDIO_ENERGY: 0.1054
[1781101353.272] SMART_EVENT_ID: 3385
[1781101353.272] SMART_EVENT_AGE_MS: 380
[1781101353.272] SMART_ONSET: 0
[1781101353.274] SMART_BASS_ONSET: 0
[1781101353.274] SMART_BEAT_CONFIDENCE: 1.000
[1781101353.274] }}
[1781101354.161] >>> :vp_status
[1781101354.168] sbr{{
[1781101354.168] VP_PROFILE: custom
[1781101354.168] VP_FIXES: agc_soft=on chroma_gate=on prism_off=on bloom_decay=off hsv_source_sat=on secondary_clean=on
[1781101354.168] VP_STREAM: off
[1781101354.168] AP_STREAM: off
[1781101354.168] VP_BLOOM: alpha=1.0000 shift=1.2500 force_sat=on
[1781101354.169] VP_WAVEFORM: idle_fade=0.9850 raw_margin=1.1000 peak_floor=0.0800 active_fade=0.0400 blend_gain=2.0000 fallback=1.0000 vu_floor=0.0200 shift_rate=150.0000
[1781101354.172] VP_CHROMA: seq=659664 range=60 profile=0 gate_gain=0.3590 pre_max=0.2288 pre_mean=0.1530 norm_max=0.4578 norm_mean=0.3060 flatness=0.1571 final_max=0.1391 final_mean=0.0818
[1781101354.174] VP_AGC: gain=0.8676 envelope=0.2658 floor=0.0010 gated=false
[1781101354.174] VP_RENDER_US: last=2265 avg=2310 max=5122
[1781101354.174] }}
[1781101355.068] >>> :vp_perf=status
[1781101355.069] sbr{{
[1781101355.069] VP_PERF: disabled (compile with ENABLE_VP_PERF_AUDIT=1)
[1781101355.069] }}
[1781101355.827] >>> :ap_stream=on
[1781101355.831] sbr{{
[1781101355.832] AP_STREAM: on
[1781101355.833] }}
[1781101355.835] [AP] SSL=355 DC=-999 max_raw=906 follower=1236 peak_scaled=0.463 silent_scale=1.000 silence=0 cal_source=measured cal_valid=1
[1781101356.430] >>> :vp_stream=on
[1781101356.437] sbr{{
[1781101356.437] VP_STREAM: on
[1781101356.437] }}
[1781101356.449] [VP] profile=custom fix=111011 chroma_seq=660053 chroma_flatness=0.4285 chroma_norm_max=0.7769 chroma_norm_mean=0.3484 chroma_final_max=0.6769 chroma_final_mean=0.2549 agc_gain=0.7110 bloom_alpha=1.0000 bloom_shift=1.2500 wave_idle=0.9850 wave_raw_margin=1.1000 wave_peak_floor=0.0800 wave_vu_floor=0.0200 wave_shift=150.0000 render_us=2193 render_avg=2334 render_max=5122
[1781101356.839] [AP] SSL=355 DC=-999 max_raw=947 follower=1003 peak_scaled=0.541 silent_scale=1.000 silence=0 cal_source=measured cal_valid=1
[1781101357.037] >>> :vp_perf=reset
[1781101357.047] sbr{{
[1781101357.047] VP_PERF: disabled (compile with ENABLE_VP_PERF_AUDIT=1)
[1781101357.047] }}
[1781101357.450] [VP] profile=custom fix=111011 chroma_seq=660225 chroma_flatness=0.2906 chroma_norm_max=0.7255 chroma_norm_mean=0.4350 chroma_final_max=0.6255 chroma_final_mean=0.3350 agc_gain=0.7855 bloom_alpha=1.0000 bloom_shift=1.2500 wave_idle=0.9850 wave_raw_margin=1.1000 wave_peak_floor=0.0800 wave_vu_floor=0.0200 wave_shift=150.0000 render_us=2227 render_avg=2263 render_max=5122
[1781101357.643] >>> :vp_perf=start
[1781101357.646] sbr{{
[1781101357.647] VP_PERF: disabled (compile with ENABLE_VP_PERF_AUDIT=1)
[1781101357.647] }}
[1781101357.843] [AP] SSL=355 DC=-999 max_raw=1039 follower=971 peak_scaled=0.515 silent_scale=1.000 silence=0 cal_source=measured cal_valid=1
[1781101358.248] >>> :smart_status
[1781101358.262] sbr{{
[1781101358.262] SMART_ASSIST: on
[1781101358.262] SMART_SWITCHING: on
[1781101358.263] SMART_DIRECTOR_AUTONOMY: off
[1781101358.263] SMART_HOOKS: on
[1781101358.263] SMART_CONFIDENCE_FLOOR: 0.080
[1781101358.263] SMART_APPLIED_MODE: 18
[1781101358.263] SMART_LAST_REQUESTED_MODE: 14
[1781101358.263] SMART_SWITCHES_IN_WINDOW: 0
[1781101358.263] SMART_MANUAL_OWNER_ACTIVE: 0
[1781101358.263] SMART_LAST_REASON: 0
[1781101358.263] SMART_STATE: 1
[1781101358.263] SMART_INTENT_MODE: 3
[1781101358.263] SMART_INTENT_CONFIDENCE: 0.087
[1781101358.263] SMART_INTENT_WANTS_SWITCH: 1
[1781101358.265] SMART_SCALAR_PHOTONS: 0.860
[1781101358.265] SMART_SCALAR_CHROMA: 0.920
[1781101358.265] SMART_SCALAR_MOOD: 1.000
[1781101358.265] SMART_SCALAR_SATURATION: 0.900
[1781101358.265] SMART_PALETTE_OVERLAY: 0
[1781101358.265] SMART_PALETTE_INDEX: 11
[1781101358.265] SMART_AUTO_COLOUR_SHIFT: 0
[1781101358.265] SMART_MIN_DWELL_MS: 8000
[1781101358.265] SMART_COOLDOWN_MS: 20000
[1781101358.266] SMART_SWITCH_WINDOW_MS: 60000
[1781101358.267] SMART_MAX_SWITCHES: 2
[1781101358.267] SMART_AUDIO_NOVELTY: 0.0600
[1781101358.267] SMART_AUDIO_ENERGY: 0.0722
[1781101358.267] SMART_EVENT_ID: 3395
[1781101358.267] SMART_EVENT_AGE_MS: 175
[1781101358.267] SMART_ONSET: 0
[1781101358.267] SMART_BASS_ONSET: 0
[1781101358.267] SMART_BEAT_CONFIDENCE: 0.500
[1781101358.267] }}
[1781101358.459] [VP] profile=custom fix=111011 chroma_seq=660396 chroma_flatness=0.3588 chroma_norm_max=0.7541 chroma_norm_mean=0.3939 chroma_final_max=0.6427 chroma_final_mean=0.2947 agc_gain=1.0355 bloom_alpha=1.0000 bloom_shift=1.2500 wave_idle=0.9850 wave_raw_margin=1.1000 wave_peak_floor=0.0800 wave_vu_floor=0.0200 wave_shift=150.0000 render_us=2318 render_avg=2280 render_max=5122
[1781101358.851] [AP] SSL=355 DC=-999 max_raw=366 follower=862 peak_scaled=0.252 silent_scale=1.000 silence=0 cal_source=measured cal_valid=1
[1781101359.461] [VP] profile=custom fix=111011 chroma_seq=660567 chroma_flatness=0.3408 chroma_norm_max=1.1025 chroma_norm_mean=0.7618 chroma_final_max=1.0000 chroma_final_mean=0.6616 agc_gain=1.0164 bloom_alpha=1.0000 bloom_shift=1.2500 wave_idle=0.9850 wave_raw_margin=1.1000 wave_peak_floor=0.0800 wave_vu_floor=0.0200 wave_shift=150.0000 render_us=2435 render_avg=2235 render_max=5122
[1781101359.854] [AP] SSL=355 DC=-999 max_raw=759 follower=919 peak_scaled=0.583 silent_scale=1.000 silence=0 cal_source=measured cal_valid=1
[1781101360.469] [VP] profile=custom fix=111011 chroma_seq=660740 chroma_flatness=0.2617 chroma_norm_max=0.7954 chroma_norm_mean=0.5337 chroma_final_max=0.6318 chroma_final_mean=0.3940 agc_gain=0.6734 bloom_alpha=1.0000 bloom_shift=1.2500 wave_idle=0.9850 wave_raw_margin=1.1000 wave_peak_floor=0.0800 wave_vu_floor=0.0200 wave_shift=150.0000 render_us=2426 render_avg=2359 render_max=5122
[1781101360.862] [AP] SSL=355 DC=-999 max_raw=1443 follower=929 peak_scaled=0.925 silent_scale=1.000 silence=0 cal_source=measured cal_valid=1
[1781101361.467] [VP] profile=custom fix=111011 chroma_seq=660910 chroma_flatness=0.2420 chroma_norm_max=0.6096 chroma_norm_mean=0.3676 chroma_final_max=0.4128 chroma_final_mean=0.2168 agc_gain=0.7364 bloom_alpha=1.0000 bloom_shift=1.2500 wave_idle=0.9850 wave_raw_margin=1.1000 wave_peak_floor=0.0800 wave_vu_floor=0.0200 wave_shift=150.0000 render_us=2309 render_avg=2226 render_max=5122
[1781101361.871] [AP] SSL=355 DC=-999 max_raw=911 follower=952 peak_scaled=0.814 silent_scale=1.000 silence=0 cal_source=measured cal_valid=1
[1781101362.473] [VP] profile=custom fix=111011 chroma_seq=661082 chroma_flatness=0.3032 chroma_norm_max=0.7015 chroma_norm_mean=0.3983 chroma_final_max=0.6015 chroma_final_mean=0.3075 agc_gain=0.7479 bloom_alpha=1.0000 bloom_shift=1.2500 wave_idle=0.9850 wave_raw_margin=1.1000 wave_peak_floor=0.0800 wave_vu_floor=0.0200 wave_shift=150.0000 render_us=2328 render_avg=2236 render_max=5122
[1781101362.615] >>> :smart_status
[1781101362.630] sbr{{
[1781101362.630] SMART_ASSIST: on
[1781101362.630] SMART_SWITCHING: on
[1781101362.630] SMART_DIRECTOR_AUTONOMY: off
[1781101362.630] SMART_HOOKS: on
[1781101362.631] SMART_CONFIDENCE_FLOOR: 0.080
[1781101362.631] SMART_APPLIED_MODE: 18
[1781101362.631] SMART_LAST_REQUESTED_MODE: 14
[1781101362.631] SMART_SWITCHES_IN_WINDOW: 0
[1781101362.632] SMART_MANUAL_OWNER_ACTIVE: 0
[1781101362.632] SMART_LAST_REASON: 0
[1781101362.632] SMART_STATE: 2
[1781101362.632] SMART_INTENT_MODE: 14
[1781101362.632] SMART_INTENT_CONFIDENCE: 0.101
[1781101362.632] SMART_INTENT_WANTS_SWITCH: 1
[1781101362.632] SMART_SCALAR_PHOTONS: 1.000
[1781101362.632] SMART_SCALAR_CHROMA: 1.000
[1781101362.633] SMART_SCALAR_MOOD: 1.000
[1781101362.633] SMART_SCALAR_SATURATION: 1.000
[1781101362.633] SMART_PALETTE_OVERLAY: 0
[1781101362.633] SMART_PALETTE_INDEX: 29
[1781101362.633] SMART_AUTO_COLOUR_SHIFT: 0
[1781101362.633] SMART_MIN_DWELL_MS: 8000
[1781101362.633] SMART_COOLDOWN_MS: 20000
[1781101362.633] SMART_SWITCH_WINDOW_MS: 60000
[1781101362.633] SMART_MAX_SWITCHES: 2
[1781101362.633] SMART_AUDIO_NOVELTY: 0.0829
[1781101362.634] SMART_AUDIO_ENERGY: 0.1583
[1781101362.634] SMART_EVENT_ID: 3403
[1781101362.634] SMART_EVENT_AGE_MS: 264
[1781101362.634] SMART_ONSET: 0
[1781101362.635] SMART_BASS_ONSET: 0
[1781101362.635] SMART_BEAT_CONFIDENCE: 1.000
[1781101362.635] }}
[1781101363.470] [AP] SSL=355 DC=-999 max_raw=618 follower=1220 peak_scaled=0.411 silent_scale=1.000 silence=0 cal_source=measured cal_valid=1
[1781101363.473] [VP] profile=custom fix=111011 chroma_seq=661254 chroma_flatness=0.4444 chroma_norm_max=0.8533 chroma_norm_mean=0.4090 chroma_final_max=0.7533 chroma_final_mean=0.3100 agc_gain=0.7045 bloom_alpha=1.0000 bloom_shift=1.2500 wave_idle=0.9850 wave_raw_margin=1.1000 wave_peak_floor=0.0800 wave_vu_floor=0.0200 wave_shift=150.0000 render_us=2264 render_avg=2315 render_max=5122
[1781101363.883] [AP] SSL=355 DC=-999 max_raw=429 follower=1083 peak_scaled=0.209 silent_scale=1.000 silence=0 cal_source=measured cal_valid=1
[1781101364.471] [VP] profile=custom fix=111011 chroma_seq=661424 chroma_flatness=0.4138 chroma_norm_max=1.0206 chroma_norm_mean=0.6068 chroma_final_max=0.9206 chroma_final_mean=0.5068 agc_gain=0.8449 bloom_alpha=1.0000 bloom_shift=1.2500 wave_idle=0.9850 wave_raw_margin=1.1000 wave_peak_floor=0.0800 wave_vu_floor=0.0200 wave_shift=150.0000 render_us=1394 render_avg=2249 render_max=5122
[1781101364.886] [AP] SSL=355 DC=-999 max_raw=801 follower=974 peak_scaled=0.690 silent_scale=1.000 silence=0 cal_source=measured cal_valid=1
[1781101365.481] [VP] profile=custom fix=111011 chroma_seq=661597 chroma_flatness=0.3731 chroma_norm_max=0.6383 chroma_norm_mean=0.2652 chroma_final_max=0.5383 chroma_final_mean=0.1732 agc_gain=0.8619 bloom_alpha=1.0000 bloom_shift=1.2500 wave_idle=0.9850 wave_raw_margin=1.1000 wave_peak_floor=0.0800 wave_vu_floor=0.0200 wave_shift=150.0000 render_us=2300 render_avg=2165 render_max=5122
[1781101365.893] [AP] SSL=355 DC=-999 max_raw=215 follower=893 peak_scaled=0.141 silent_scale=1.000 silence=0 cal_source=measured cal_valid=1
[1781101366.491] [VP] profile=custom fix=111011 chroma_seq=661770 chroma_flatness=0.6444 chroma_norm_max=1.0311 chroma_norm_mean=0.3867 chroma_final_max=0.9311 chroma_final_mean=0.2920 agc_gain=1.9215 bloom_alpha=1.0000 bloom_shift=1.2500 wave_idle=0.9850 wave_raw_margin=1.1000 wave_peak_floor=0.0800 wave_vu_floor=0.0200 wave_shift=150.0000 render_us=2403 render_avg=2225 render_max=5122
[1781101366.655] >>> :smart_status
[1781101366.664] sbr{{
[1781101366.664] SMART_ASSIST: on
[1781101366.664] SMART_SWITCHING: on
[1781101366.664] SMART_DIRECTOR_AUTONOMY: off
[1781101366.664] SMART_HOOKS: on
[1781101366.664] SMART_CONFIDENCE_FLOOR: 0.080
[1781101366.664] SMART_APPLIED_MODE: 18
[1781101366.664] SMART_LAST_REQUESTED_MODE: 14
[1781101366.665] SMART_SWITCHES_IN_WINDOW: 0
[1781101366.665] SMART_MANUAL_OWNER_ACTIVE: 0
[1781101366.665] SMART_LAST_REASON: 0
[1781101366.665] SMART_STATE: 1
[1781101366.665] SMART_INTENT_MODE: 3
[1781101366.665] SMART_INTENT_CONFIDENCE: 0.069
[1781101366.665] SMART_INTENT_WANTS_SWITCH: 0
[1781101366.665] SMART_SCALAR_PHOTONS: 0.860
[1781101366.665] SMART_SCALAR_CHROMA: 0.920
[1781101366.665] SMART_SCALAR_MOOD: 1.000
[1781101366.665] SMART_SCALAR_SATURATION: 0.900
[1781101366.666] SMART_PALETTE_OVERLAY: 0
[1781101366.666] SMART_PALETTE_INDEX: 11
[1781101366.666] SMART_AUTO_COLOUR_SHIFT: 0
[1781101366.666] SMART_MIN_DWELL_MS: 8000
[1781101366.666] SMART_COOLDOWN_MS: 20000
[1781101366.666] SMART_SWITCH_WINDOW_MS: 60000
[1781101366.666] SMART_MAX_SWITCHES: 2
[1781101366.666] SMART_AUDIO_NOVELTY: 0.0756
[1781101366.666] SMART_AUDIO_ENERGY: 0.0792
[1781101366.666] SMART_EVENT_ID: 3409
[1781101366.666] SMART_EVENT_AGE_MS: 1733
[1781101366.666] SMART_ONSET: 0
[1781101366.667] SMART_BASS_ONSET: 0
[1781101366.667] SMART_BEAT_CONFIDENCE: 0.000
[1781101366.667] }}
[1781101366.896] [AP] SSL=355 DC=-999 max_raw=359 follower=548 peak_scaled=0.039 silent_scale=1.000 silence=0 cal_source=measured cal_valid=1
[1781101367.496] [VP] profile=custom fix=111011 chroma_seq=661942 chroma_flatness=0.4205 chroma_norm_max=0.7565 chroma_norm_mean=0.3359 chroma_final_max=0.6565 chroma_final_mean=0.2462 agc_gain=1.4744 bloom_alpha=1.0000 bloom_shift=1.2500 wave_idle=0.9850 wave_raw_margin=1.1000 wave_peak_floor=0.0800 wave_vu_floor=0.0200 wave_shift=150.0000 render_us=2309 render_avg=2249 render_max=5122
[1781101367.902] [AP] SSL=355 DC=-999 max_raw=320 follower=878 peak_scaled=0.251 silent_scale=1.000 silence=0 cal_source=measured cal_valid=1
[1781101368.501] [VP] profile=custom fix=111011 chroma_seq=662114 chroma_flatness=0.4040 chroma_norm_max=1.0221 chroma_norm_mean=0.6181 chroma_final_max=0.9221 chroma_final_mean=0.5181 agc_gain=0.7488 bloom_alpha=1.0000 bloom_shift=1.2500 wave_idle=0.9850 wave_raw_margin=1.1000 wave_peak_floor=0.0800 wave_vu_floor=0.0200 wave_shift=150.0000 render_us=2320 render_avg=2236 render_max=5122
[1781101368.906] [AP] SSL=355 DC=-999 max_raw=273 follower=1099 peak_scaled=0.393 silent_scale=1.000 silence=0 cal_source=measured cal_valid=1
[1781101369.508] [VP] profile=custom fix=111011 chroma_seq=662286 chroma_flatness=0.3270 chroma_norm_max=0.7297 chroma_norm_mean=0.4028 chroma_final_max=0.6297 chroma_final_mean=0.3056 agc_gain=0.7177 bloom_alpha=1.0000 bloom_shift=1.2500 wave_idle=0.9850 wave_raw_margin=1.1000 wave_peak_floor=0.0800 wave_vu_floor=0.0200 wave_shift=150.0000 render_us=2301 render_avg=2249 render_max=5122
[1781101370.508] [AP] SSL=355 DC=-999 max_raw=402 follower=1086 peak_scaled=0.289 silent_scale=1.000 silence=0 cal_source=measured cal_valid=1
[1781101370.510] [VP] profile=custom fix=111011 chroma_seq=662458 chroma_flatness=0.5500 chroma_norm_max=1.1464 chroma_norm_mean=0.5965 chroma_final_max=1.0000 chroma_final_mean=0.4926 agc_gain=1.5527 bloom_alpha=1.0000 bloom_shift=1.2500 wave_idle=0.9850 wave_raw_margin=1.1000 wave_peak_floor=0.0800 wave_vu_floor=0.0200 wave_shift=150.0000 render_us=2354 render_avg=2303 render_max=5122
[1781101370.643] >>> :smart_status
[1781101370.654] sbr{{
[1781101370.654] SMART_ASSIST: on
[1781101370.655] SMART_SWITCHING: on
[1781101370.655] SMART_DIRECTOR_AUTONOMY: off
[1781101370.655] SMART_HOOKS: on
[1781101370.655] SMART_CONFIDENCE_FLOOR: 0.080
[1781101370.655] SMART_APPLIED_MODE: 18
[1781101370.655] SMART_LAST_REQUESTED_MODE: 14
[1781101370.656] SMART_SWITCHES_IN_WINDOW: 0
[1781101370.656] SMART_MANUAL_OWNER_ACTIVE: 0
[1781101370.656] SMART_LAST_REASON: 0
[1781101370.656] SMART_STATE: 2
[1781101370.656] SMART_INTENT_MODE: 14
[1781101370.656] SMART_INTENT_CONFIDENCE: 0.119
[1781101370.656] SMART_INTENT_WANTS_SWITCH: 1
[1781101370.656] SMART_SCALAR_PHOTONS: 1.000
[1781101370.657] SMART_SCALAR_CHROMA: 1.000
[1781101370.657] SMART_SCALAR_MOOD: 1.000
[1781101370.657] SMART_SCALAR_SATURATION: 1.000
[1781101370.657] SMART_PALETTE_OVERLAY: 0
[1781101370.657] SMART_PALETTE_INDEX: 29
[1781101370.657] SMART_AUTO_COLOUR_SHIFT: 0
[1781101370.657] SMART_MIN_DWELL_MS: 8000
[1781101370.657] SMART_COOLDOWN_MS: 20000
[1781101370.657] SMART_SWITCH_WINDOW_MS: 60000
[1781101370.657] SMART_MAX_SWITCHES: 2
[1781101370.657] SMART_AUDIO_NOVELTY: 0.0596
[1781101370.658] SMART_AUDIO_ENERGY: 0.1772
[1781101370.658] SMART_EVENT_ID: 3418
[1781101370.658] SMART_EVENT_AGE_MS: 150
[1781101370.658] SMART_ONSET: 0
[1781101370.658] SMART_BASS_ONSET: 0
[1781101370.658] SMART_BEAT_CONFIDENCE: 0.000
[1781101370.658] }}
[1781101371.511] [AP] SSL=355 DC=-999 max_raw=860 follower=721 peak_scaled=0.510 silent_scale=1.000 silence=0 cal_source=measured cal_valid=1
[1781101371.516] [VP] profile=custom fix=111011 chroma_seq=662628 chroma_flatness=0.4955 chroma_norm_max=0.9627 chroma_norm_mean=0.4672 chroma_final_max=0.8668 chroma_final_mean=0.3832 agc_gain=1.2491 bloom_alpha=1.0000 bloom_shift=1.2500 wave_idle=0.9850 wave_raw_margin=1.1000 wave_peak_floor=0.0800 wave_vu_floor=0.0200 wave_shift=150.0000 render_us=2537 render_avg=2447 render_max=5122
[1781101371.922] [AP] SSL=355 DC=-999 max_raw=1277 follower=831 peak_scaled=0.895 silent_scale=1.000 silence=0 cal_source=measured cal_valid=1
[1781101372.523] [VP] profile=custom fix=111011 chroma_seq=662789 chroma_flatness=0.5341 chroma_norm_max=1.0484 chroma_norm_mean=0.5143 chroma_final_max=0.9484 chroma_final_mean=0.4143 agc_gain=1.0330 bloom_alpha=1.0000 bloom_shift=1.2500 wave_idle=0.9850 wave_raw_margin=1.1000 wave_peak_floor=0.0800 wave_vu_floor=0.0200 wave_shift=150.0000 render_us=2405 render_avg=2503 render_max=5122
[1781101372.927] [AP] SSL=355 DC=-999 max_raw=819 follower=921 peak_scaled=0.524 silent_scale=1.000 silence=0 cal_source=measured cal_valid=1
[1781101373.524] [VP] profile=custom fix=111011 chroma_seq=662948 chroma_flatness=0.3620 chroma_norm_max=0.8838 chroma_norm_mean=0.5204 chroma_final_max=0.7838 chroma_final_mean=0.4204 agc_gain=0.7188 bloom_alpha=1.0000 bloom_shift=1.2500 wave_idle=0.9850 wave_raw_margin=1.1000 wave_peak_floor=0.0800 wave_vu_floor=0.0200 wave_shift=150.0000 render_us=2437 render_avg=2487 render_max=5122
[1781101373.931] [AP] SSL=355 DC=-999 max_raw=577 follower=864 peak_scaled=0.185 silent_scale=1.000 silence=0 cal_source=measured cal_valid=1
[1781101374.527] [VP] profile=custom fix=111011 chroma_seq=663109 chroma_flatness=0.3424 chroma_norm_max=0.8801 chroma_norm_mean=0.5378 chroma_final_max=0.7802 chroma_final_mean=0.4378 agc_gain=1.3845 bloom_alpha=1.0000 bloom_shift=1.2500 wave_idle=0.9850 wave_raw_margin=1.1000 wave_peak_floor=0.0800 wave_vu_floor=0.0200 wave_shift=150.0000 render_us=2394 render_avg=2586 render_max=5122
[1781101374.633] >>> :smart_status
[1781101374.641] sbr{{
[1781101374.641] SMART_ASSIST: on
[1781101374.641] SMART_SWITCHING: on
[1781101374.641] SMART_DIRECTOR_AUTONOMY: off
[1781101374.641] SMART_HOOKS: on
[1781101374.641] SMART_CONFIDENCE_FLOOR: 0.080
[1781101374.641] SMART_APPLIED_MODE: 14
[1781101374.641] SMART_LAST_REQUESTED_MODE: 14
[1781101374.641] SMART_SWITCHES_IN_WINDOW: 1
[1781101374.642] SMART_MANUAL_OWNER_ACTIVE: 0
[1781101374.642] SMART_LAST_REASON: 0
[1781101374.642] SMART_STATE: 2
[1781101374.642] SMART_INTENT_MODE: 14
[1781101374.643] SMART_INTENT_CONFIDENCE: 0.126
[1781101374.643] SMART_INTENT_WANTS_SWITCH: 1
[1781101374.643] SMART_SCALAR_PHOTONS: 1.000
[1781101374.643] SMART_SCALAR_CHROMA: 1.000
[1781101374.643] SMART_SCALAR_MOOD: 1.000
[1781101374.643] SMART_SCALAR_SATURATION: 1.000
[1781101374.643] SMART_PALETTE_OVERLAY: 0
[1781101374.643] SMART_PALETTE_INDEX: 29
[1781101374.644] SMART_AUTO_COLOUR_SHIFT: 0
[1781101374.644] SMART_MIN_DWELL_MS: 8000
[1781101374.644] SMART_COOLDOWN_MS: 20000
[1781101374.644] SMART_SWITCH_WINDOW_MS: 60000
[1781101374.644] SMART_MAX_SWITCHES: 2
[1781101374.644] SMART_AUDIO_NOVELTY: 0.0895
[1781101374.645] SMART_AUDIO_ENERGY: 0.2310
[1781101374.645] SMART_EVENT_ID: 3425
[1781101374.645] SMART_EVENT_AGE_MS: 188
[1781101374.645] SMART_ONSET: 0
[1781101374.645] SMART_BASS_ONSET: 0
[1781101374.645] SMART_BEAT_CONFIDENCE: 0.000
[1781101374.645] }}
[1781101374.938] [AP] SSL=355 DC=-999 max_raw=558 follower=904 peak_scaled=0.288 silent_scale=1.000 silence=0 cal_source=measured cal_valid=1
[1781101375.530] [VP] profile=custom fix=111011 chroma_seq=663268 chroma_flatness=0.3944 chroma_norm_max=0.9299 chroma_norm_mean=0.5355 chroma_final_max=0.8299 chroma_final_mean=0.4355 agc_gain=0.6485 bloom_alpha=1.0000 bloom_shift=1.2500 wave_idle=0.9850 wave_raw_margin=1.1000 wave_peak_floor=0.0800 wave_vu_floor=0.0200 wave_shift=150.0000 render_us=2430 render_avg=2508 render_max=5122
[1781101375.943] [AP] SSL=355 DC=-999 max_raw=829 follower=815 peak_scaled=0.423 silent_scale=1.000 silence=0 cal_source=measured cal_valid=1
[1781101376.530] [VP] profile=custom fix=111011 chroma_seq=663430 chroma_flatness=0.4661 chroma_norm_max=1.1112 chroma_norm_mean=0.6451 chroma_final_max=1.0000 chroma_final_mean=0.5442 agc_gain=0.9581 bloom_alpha=1.0000 bloom_shift=1.2500 wave_idle=0.9850 wave_raw_margin=1.1000 wave_peak_floor=0.0800 wave_vu_floor=0.0200 wave_shift=150.0000 render_us=2608 render_avg=2592 render_max=5122
[1781101376.948] [AP] SSL=355 DC=-999 max_raw=1236 follower=1033 peak_scaled=0.597 silent_scale=1.000 silence=0 cal_source=measured cal_valid=1
[1781101377.531] [VP] profile=custom fix=111011 chroma_seq=663590 chroma_flatness=0.3206 chroma_norm_max=0.7368 chroma_norm_mean=0.4161 chroma_final_max=0.6368 chroma_final_mean=0.3215 agc_gain=0.8004 bloom_alpha=1.0000 bloom_shift=1.2500 wave_idle=0.9850 wave_raw_margin=1.1000 wave_peak_floor=0.0800 wave_vu_floor=0.0200 wave_shift=150.0000 render_us=3373 render_avg=2575 render_max=5122
[1781101377.952] [AP] SSL=355 DC=-999 max_raw=1194 follower=1099 peak_scaled=0.656 silent_scale=1.000 silence=0 cal_source=measured cal_valid=1
[1781101378.536] [VP] profile=custom fix=111011 chroma_seq=663750 chroma_flatness=0.2755 chroma_norm_max=0.6851 chroma_norm_mean=0.4097 chroma_final_max=0.5718 chroma_final_mean=0.2771 agc_gain=0.4694 bloom_alpha=1.0000 bloom_shift=1.2500 wave_idle=0.9850 wave_raw_margin=1.1000 wave_peak_floor=0.0800 wave_vu_floor=0.0200 wave_shift=150.0000 render_us=2600 render_avg=2585 render_max=5122
[1781101378.949] >>> :smart_status
[1781101378.959] [AP] SSL=355 DC=-999 max_raw=659 follower=870 peak_scaled=0.356 silent_scale=1.000 silence=0 cal_source=measured cal_valid=1
[1781101378.965] sbr{{
[1781101378.965] SMART_ASSIST: on
[1781101378.965] SMART_SWITCHING: on
[1781101378.965] SMART_DIRECTOR_AUTONOMY: off
[1781101378.965] SMART_HOOKS: on
[1781101378.965] SMART_CONFIDENCE_FLOOR: 0.080
[1781101378.965] SMART_APPLIED_MODE: 14
[1781101378.965] SMART_LAST_REQUESTED_MODE: 14
[1781101378.965] SMART_SWITCHES_IN_WINDOW: 1
[1781101378.966] SMART_MANUAL_OWNER_ACTIVE: 0
[1781101378.966] SMART_LAST_REASON: 0
[1781101378.966] SMART_STATE: 2
[1781101378.966] SMART_INTENT_MODE: 14
[1781101378.966] SMART_INTENT_CONFIDENCE: 0.070
[1781101378.966] SMART_INTENT_WANTS_SWITCH: 0
[1781101378.966] SMART_SCALAR_PHOTONS: 1.000
[1781101378.966] SMART_SCALAR_CHROMA: 1.000
[1781101378.967] SMART_SCALAR_MOOD: 1.000
[1781101378.967] SMART_SCALAR_SATURATION: 1.000
[1781101378.967] SMART_PALETTE_OVERLAY: 0
[1781101378.967] SMART_PALETTE_INDEX: 29
[1781101378.967] SMART_AUTO_COLOUR_SHIFT: 0
[1781101378.967] SMART_MIN_DWELL_MS: 8000
[1781101378.967] SMART_COOLDOWN_MS: 20000
[1781101378.967] SMART_SWITCH_WINDOW_MS: 60000
[1781101378.967] SMART_MAX_SWITCHES: 2
[1781101378.968] SMART_AUDIO_NOVELTY: 0.0947
[1781101378.969] SMART_AUDIO_ENERGY: 0.0934
[1781101378.969] SMART_EVENT_ID: 3432
[1781101378.969] SMART_EVENT_AGE_MS: 609
[1781101378.969] SMART_ONSET: 0
[1781101378.969] SMART_BASS_ONSET: 0
[1781101378.969] SMART_BEAT_CONFIDENCE: 0.000
[1781101378.969] }}
[1781101379.541] [VP] profile=custom fix=111011 chroma_seq=663912 chroma_flatness=0.5123 chroma_norm_max=1.0069 chroma_norm_mean=0.4946 chroma_final_max=0.9069 chroma_final_mean=0.4007 agc_gain=0.8611 bloom_alpha=1.0000 bloom_shift=1.2500 wave_idle=0.9850 wave_raw_margin=1.1000 wave_peak_floor=0.0800 wave_vu_floor=0.0200 wave_shift=150.0000 render_us=2567 render_avg=2524 render_max=5122
[1781101379.651] >>> :dump
[1781101379.654] sbr{{
[1781101379.654] FIRMWARE_VERSION: 40103
[1781101379.654] CHIP ID: B489A500
[1781101379.654] noise_button.pressed: 0
[1781101379.654] noise_button.last_down: 0
[1781101379.654] noise_button.last_up: 0
[1781101379.654] noise_button.pin: 255
[1781101379.654] mode_button.pressed: 0
[1781101379.654] mode_button.last_down: 0
[1781101379.654] mode_button.last_up: 0
[1781101379.654] mode_button.pin: 255
[1781101379.654] CONFIG.PHOTONS: 1.000000
[1781101379.654] CONFIG.CHROMA: 0.100000
[1781101379.655] CONFIG.MOOD: 0.550000
[1781101379.655] CONFIG.LIGHTSHOW_MODE: 18
[1781101379.655] CONFIG.MIRROR_ENABLED: 1
[1781101379.655] CONFIG.CHROMAGRAM_RANGE: 60
[1781101379.655] CONFIG.SAMPLE_RATE: 12800
[1781101379.655] CONFIG.NOTE_OFFSET: 12
[1781101379.655] CONFIG.SQUARE_ITER: 0.75
[1781101379.655] CONFIG.LED_TYPE: 0
[1781101379.655] CONFIG.LED_COUNT: 160
[1781101379.655] CONFIG.LED_COLOR_ORDER: 66
[1781101379.655] CONFIG.SAMPLES_PER_CHUNK: 96
[1781101379.656] CONFIG.SENSITIVITY: 2.400000
[1781101379.656] CONFIG.BOOT_ANIMATION: 1
[1781101379.656] CONFIG.SWEET_SPOT_MIN_LEVEL: 355
[1781101379.656] CONFIG.SWEET_SPOT_MAX_LEVEL: 30000
[1781101379.656] CONFIG.DC_OFFSET: -999
[1781101379.656] CAL_SOURCE: measured
[1781101379.656] CAL_VALID: 1
[1781101379.656] CAL_PROFILE_LOADED: 1
[1781101379.656] CONFIG.STANDBY_DIMMING: 0
[1781101379.656] CONFIG.REVERSE_ORDER: 0
[1781101379.657] CONFIG.MAX_CURRENT_MA: 1500
[1781101379.658] CONFIG.TEMPORAL_DITHERING: 1
[1781101379.658] CONFIG.AUTO_COLOR_SHIFT: 1
[1781101379.658] CONFIG.INCANDESCENT_FILTER: 0.00
[1781101379.658] CONFIG.INCANDESCENT_MODE: 0
[1781101379.658] CONFIG.BULB_OPACITY: 0.00
[1781101379.658] CONFIG.SATURATION: 1.00
[1781101379.658] CONFIG.PRISM_COUNT: 1.00
[1781101379.658] CONFIG.BASE_COAT: 0
[1781101379.660] CONFIG.BASE_COAT_INTENSITY: 0.000
[1781101379.660] MASTER_BRIGHTNESS: 1.00
[1781101379.660] stream_audio: 0
[1781101379.660] stream_fps: 0
[1781101379.660] stream_max_mags: 0
[1781101379.660] stream_max_mags_followers: 0
[1781101379.660] stream_magnitudes: 0
[1781101379.660] stream_spectrogram: 0
[1781101379.660] stream_chromagram: 0
[1781101379.660] debug_mode: 0
[1781101379.660] noise_complete: 1
[1781101379.660] noise_iterations: 256
[1781101379.660] next_save_time: 3669467
[1781101379.660] settings_updated: 0
[1781101379.660] I2S_PORT: 0
[1781101379.660] SAMPLE_HISTORY_LENGTH: 4096
[1781101379.660] silence: 0
[1781101379.660] mode_destination: -1
[1781101379.660] SYSTEM_FPS: 135.59
[1781101379.660] LED_FPS: 159.88
[1781101379.660] }}
[1781101379.963] [AP] SSL=355 DC=-999 max_raw=916 follower=1054 peak_scaled=0.403 silent_scale=1.000 silence=0 cal_source=measured cal_valid=1
[1781101380.360] >>> :vp_perf=stop
[1781101380.373] sbr{{
[1781101380.373] VP_PERF: disabled (compile with ENABLE_VP_PERF_AUDIT=1)
[1781101380.373] }}
[1781101380.541] [VP] profile=custom fix=111011 chroma_seq=664071 chroma_flatness=0.3463 chroma_norm_max=1.0884 chroma_norm_mean=0.7422 chroma_final_max=0.9884 chroma_final_mean=0.6422 agc_gain=0.6430 bloom_alpha=1.0000 bloom_shift=1.2500 wave_idle=0.9850 wave_raw_margin=1.1000 wave_peak_floor=0.0800 wave_vu_floor=0.0200 wave_shift=150.0000 render_us=2574 render_avg=2582 render_max=5122
[1781101380.970] [AP] SSL=355 DC=-999 max_raw=260 follower=1299 peak_scaled=0.029 silent_scale=1.000 silence=0 cal_source=measured cal_valid=1
[1781101381.067] >>> :ap_stream=off
[1781101381.077] sbr{{
[1781101381.077] AP_STREAM: off
[1781101381.077] }}
[1781101381.547] [VP] profile=custom fix=111011 chroma_seq=664234 chroma_flatness=0.4395 chroma_norm_max=0.9075 chroma_norm_mean=0.4680 chroma_final_max=0.8075 chroma_final_mean=0.3746 agc_gain=1.0111 bloom_alpha=1.0000 bloom_shift=1.2500 wave_idle=0.9850 wave_raw_margin=1.1000 wave_peak_floor=0.0800 wave_vu_floor=0.0200 wave_shift=150.0000 render_us=2360 render_avg=2474 render_max=5122
[1781101381.775] >>> :vp_stream=off
[1781101381.786] sbr{{
[1781101381.786] VP_STREAM: off
[1781101381.786] }}
[1781101382.769] >>> :ap_stream=off
[1781101382.776] sbr{{
[1781101382.776] AP_STREAM: off
[1781101382.776] }}
[1781101382.921] >>> :vp_stream=off
[1781101382.924] sbr{{
[1781101382.924] VP_STREAM: off
[1781101382.924] }}
[1781101383.071] >>> :vp_perf=stop
[1781101383.073] sbr{{
[1781101383.073] VP_PERF: disabled (compile with ENABLE_VP_PERF_AUDIT=1)
[1781101383.073] }}
[1781101383.222] >>> :stop
[1781101383.224] SBOK
