[1781498516.729] #DEVICE role=main-k1 name=main-1401 port=/dev/cu.usbmodem12201 expected_chip_id=F887A500 env=k1_hardware
[1781498516.730] >>> :version
[1781498516.730] ilence=0 cal_source=config cal_valid=1 cal_reason=none | bpm=106.0 conf=0.00 lock=0 phase=0.01 beat=0 bstr=0.05 | onset=0 bass=1 ostr=0.04
[1781498516.730] [AP] SSL=176 DC=-4698 max_raw=373 follower=1076 peak_scaled=0.633 response_gain=3.000 silent_scale=1.000 silence=0 cal_source=config cal_valid=1 cal_reason=none | bpm=100.0 conf=0.00 lock=0 phase=0.70 beat=0 bstr=0.09 | onset=1 bass=0 ostr=0.00
[1781498516.731] [AP] SSL=176 DC=-4698 max_raw=550 follower=1269 peak_scaled=0.846 response_gain=3.000 silent_scale=1.000 silence=0 cal_source=config cal_valid=1 cal_reason=none | bpm=100.0 conf=0.03 lock=0 phase=0.38 beat=0 bstr=0.11 | onset=1 bass=0 ostr=0.00
[1781498516.731] [AP] SSL=176 DC=-4698 max_raw=313 follower=1009 peak_scaled=0.632 response_gain=3.000 silent_scale=1.000 silence=0 cal_source=config cal_valid=1 cal_reason=none | bpm=100.0 conf=0.04 lock=0 phase=0.07 beat=0 bstr=0.10 | onset=0 bass=0 ostr=0.00
[1781498516.732] [AP] SSL=176 DC=-4698 max_raw=519 follower=1036 peak_scaled=0.908 response_gain=3.000 silent_scale=1.000 silence=0 cal_source=config cal_valid=1 cal_reason=none | bpm=100.0 conf=0.03 lock=0 phase=0.72 beat=0 bstr=0.08 | onset=1 bass=0 ostr=0.00
[1781498516.732] [AP] SSL=176 DC=-4698 max_raw=404 follower=852 peak_scaled=0.781 response_gain=3.000 silent_scale=1.000 silence=0 cal_source=config cal_valid=1 cal_reason=none | bpm=96.0 conf=0.03 lock=0 phase=0.36 beat=0 bstr=0.34 | onset=1 bass=0 ostr=0.00
[1781498516.732] [AP] SSL=176 DC=-4698 max_raw=368 follower=868 peak_scaled=0.648 response_gain=3.000 silent_scale=1.000 silence=0 cal_source=config cal_valid=1 cal_reason=none | bpm=96.0 conf=0.00 lock=0 phase=0.98 beat=0 bstr=0.32 | onset=0 bass=0 ostr=0.00
[1781498516.733] [AP] SSL=176 DC=-4698 max_raw=414 follower=971 peak_scaled=0.862 response_gain=3.000 silent_scale=1.000 silence=0 cal_source=config cal_valid=1 cal_reason=none | bpm=96.0 conf=0.00 lock=0 phase=0.57 beat=0 bstr=0.18 | onset=0 bass=0 ostr=0.00
[1781498516.733] [AP] SSL=176 DC=-4698 max_raw=373 follower=932 peak_scaled=0.581 response_gain=3.000 silent_scale=1.000 silence=0 cal_source=config cal_valid=1 cal_reason=none | bpm=96.0 conf=0.00 lock=0 phase=0.18 beat=0 bstr=0.24 | onset=1 bass=0 ostr=0.00
[1781498516.733] [AP] SSL=176 DC=-4698 max_raw=399 follower=895 peak_scaled=0.730 response_gain=3.000 silent_scale=1.000 silence=0 cal_source=config cal_valid=1 cal_reason=none | bpm=96.0 conf=0.00 lock=0 phase=0.81 beat=0 bstr=0.26 | onset=0 bass=0 ostr=0.00
[1781498516.734] [AP] SSL=176 DC=-4698 max_raw=318 follower=827 peak_scaled=0.919 response_gain=3.000 silent_scale=1.000 silence=0 cal_source=config cal_valid=1 cal_reason=none | bpm=96.0 conf=0.00 lock=0 phase=0.39 beat=0 bstr=0.13 | onset=0 bass=0 ostr=0.00
[1781498516.734] [AP] SSL=176 DC=-4698 max_raw=418 follower=987 peak_scaled=0.738 response_gain=3.000 silent_scale=1.000 silence=0 cal_source=config cal_valid=1 cal_reason=none | bpm=96.0 conf=0.00 lock=0 phase=0.01 beat=0 bstr=0.12 | onset=0 bass=0 ostr=0.00
[1781498516.735] [AP] SSL=176 DC=-4698 max_raw=373 follower=840 peak_scaled=0.728 response_gain=3.000 silent_scale=1.000 silence=0 cal_source=config cal_valid=1 cal_reason=none | bpm=96.0 conf=0.00 lock=0 phase=0.63 beat=0 bstr=0.20 | onset=0 bass=0 ostr=0.00
[1781498516.735] [AP] SSL=176 DC=-4698 max_raw=464 follower=953 peak_scaled=0.794 response_gain=3.000 silent_scale=1.000 silence=0 cal_source=config cal_valid=1 cal_reason=none | bpm=87.0 conf=0.00 lock=0 phase=0.13 beat=0 bstr=0.06 | onset=0 bass=0 ostr=0.00
[1781498516.735] [AP] SSL=176 DC=-4698 max_raw=404 follower=917 peak_scaled=1.033 response_gain=3.000 silent_scale=1.000 silence=0 cal_source=config cal_valid=1 cal_reason=none | bpm=87.0 conf=0.00 lock=0 phase=0.59 beat=0 bstr=0.26 | onset=0 bass=0 ostr=0.00
[1781498516.745] sbr{{
[1781498516.745] VERSION: 40103
[1781498516.745] }}
[1781498517.130] [AP] SSL=176 DC=-4698 max_raw=253 follower=826 peak_scaled=0.475 response_gain=3.000 silent_scale=1.000 silence=0 cal_source=config cal_valid=1 cal_reason=none | bpm=84.0 conf=0.09 lock=0 phase=0.06 beat=0 bstr=0.16 | onset=1 bass=0 ostr=0.00
[1781498517.533] >>> :chip_id
[1781498517.537] sbr{{
[1781498517.537] F887A500
[1781498517.537] }}
[1781498518.135] [AP] SSL=176 DC=-4698 max_raw=318 follower=827 peak_scaled=0.859 response_gain=3.000 silent_scale=1.000 silence=0 cal_source=config cal_valid=1 cal_reason=none | bpm=84.0 conf=0.12 lock=0 phase=0.45 beat=0 bstr=0.07 | onset=0 bass=1 ostr=0.03
[1781498519.139] [AP] SSL=176 DC=-4698 max_raw=5079 follower=11280 peak_scaled=1.448 response_gain=3.000 silent_scale=1.000 silence=0 cal_source=config cal_valid=1 cal_reason=none | bpm=84.0 conf=0.16 lock=0 phase=0.86 beat=0 bstr=0.05 | onset=0 bass=1 ostr=0.34
[1781498520.145] [AP] SSL=176 DC=-4698 max_raw=339 follower=22755 peak_scaled=0.021 response_gain=3.000 silent_scale=1.000 silence=0 cal_source=config cal_valid=1 cal_reason=none | bpm=103.0 conf=0.26 lock=0 phase=0.57 beat=0 bstr=0.05 | onset=0 bass=0 ostr=0.00
[1781498521.149] [AP] SSL=176 DC=-4698 max_raw=423 follower=11902 peak_scaled=0.055 response_gain=3.000 silent_scale=1.000 silence=0 cal_source=config cal_valid=1 cal_reason=none | bpm=103.0 conf=0.25 lock=0 phase=0.27 beat=0 bstr=0.26 | onset=0 bass=0 ostr=0.00
[1781498521.951] >>> :stop
[1781498521.965] SBOK
[1781498522.858] >>> :vp_stream=off
[1781498522.866] sbr{{
[1781498522.866] VP_STREAM: off
[1781498522.866] }}
[1781498523.767] >>> :ap_stream=off
[1781498523.777] sbr{{
[1781498523.778] AP_STREAM: off
[1781498523.778] }}
[1781498524.675] >>> :dump
[1781498524.677] sbr{{
[1781498524.677] FIRMWARE_VERSION: 40103
[1781498524.677] CHIP ID: F887A500
[1781498524.677] noise_button.pressed: 0
[1781498524.677] noise_button.last_down: 0
[1781498524.677] noise_button.last_up: 0
[1781498524.677] noise_button.pin: 255
[1781498524.677] mode_button.pressed: 0
[1781498524.677] mode_button.last_down: 0
[1781498524.678] mode_button.last_up: 0
[1781498524.678] mode_button.pin: 255
[1781498524.678] CONFIG.PHOTONS: 0.650000
[1781498524.678] CONFIG.CHROMA: 0.000000
[1781498524.678] CONFIG.MOOD: 0.150000
[1781498524.678] CONFIG.LIGHTSHOW_MODE: 8
[1781498524.678] CONFIG.MIRROR_ENABLED: 1
[1781498524.678] CONFIG.CHROMAGRAM_RANGE: 60
[1781498524.678] CONFIG.SAMPLE_RATE: 12800
[1781498524.679] CONFIG.NOTE_OFFSET: 12
[1781498524.679] CONFIG.SQUARE_ITER: 1.00
[1781498524.679] CONFIG.LED_TYPE: 0
[1781498524.679] CONFIG.LED_COUNT: 160
[1781498524.679] CONFIG.LED_COLOR_ORDER: 66
[1781498524.679] CONFIG.SAMPLES_PER_CHUNK: 96
[1781498524.679] CONFIG.SENSITIVITY: 2.400000
[1781498524.680] AUDIO_RESPONSE_GAIN: 3.000000
[1781498524.680] CONFIG.BOOT_ANIMATION: 1
[1781498524.680] CONFIG.SWEET_SPOT_MIN_LEVEL: 176
[1781498524.680] CONFIG.SWEET_SPOT_MAX_LEVEL: 30000
[1781498524.680] CONFIG.DC_OFFSET: -4698
[1781498524.680] CAL_SOURCE: config
[1781498524.680] CAL_VALID: 1
[1781498524.680] CAL_PROFILE_LOADED: 0
[1781498524.680] NOISE_CAL_REASON: none
[1781498524.680] NOISE_CAL_DC_SAMPLES: 0
[1781498524.681] NOISE_CAL_SSL_P50: 0.0
[1781498524.681] NOISE_CAL_SSL_P90: 0.0
[1781498524.681] CONFIG.STANDBY_DIMMING: 0
[1781498524.681] CONFIG.REVERSE_ORDER: 0
[1781498524.681] CONFIG.MAX_CURRENT_MA: 1500
[1781498524.681] CONFIG.TEMPORAL_DITHERING: 1
[1781498524.681] CONFIG.AUTO_COLOR_SHIFT: 0
[1781498524.681] CONFIG.INCANDESCENT_FILTER: 0.00
[1781498524.681] CONFIG.INCANDESCENT_MODE: 0
[1781498524.681] CONFIG.BULB_OPACITY: 0.00
[1781498524.682] CONFIG.SATURATION: 1.00
[1781498524.682] CONFIG.PRISM_COUNT: 1.00
[1781498524.682] CONFIG.BASE_COAT: 0
[1781498524.682] CONFIG.BASE_COAT_INTENSITY: 0.000
[1781498524.682] MASTER_BRIGHTNESS: 1.00
[1781498524.682] stream_audio: 0
[1781498524.682] stream_fps: 0
[1781498524.682] stream_max_mags: 0
[1781498524.682] stream_max_mags_followers: 0
[1781498524.683] stream_magnitudes: 0
[1781498524.683] stream_spectrogram: 0
[1781498524.683] stream_chromagram: 0
[1781498524.683] debug_mode: 0
[1781498524.683] noise_complete: 1
[1781498524.683] noise_iterations: 0
[1781498524.683] next_save_time: 0
[1781498524.683] settings_updated: 0
[1781498524.683] I2S_PORT: 0
[1781498524.683] SAMPLE_HISTORY_LENGTH: 4096
[1781498524.683] silence: 0
[1781498524.683] mode_destination: -1
[1781498524.683] SYSTEM_FPS: 155.47
[1781498524.683] LED_FPS: 201.10
[1781498524.683] }}
[1781498525.578] >>> :smart_status
[1781498525.592] sbr{{
[1781498525.592] SMART_ASSIST: off
[1781498525.592] SMART_SWITCHING: off
[1781498525.592] SMART_DIRECTOR_AUTONOMY: off
[1781498525.592] SMART_HOOKS: off
[1781498525.592] SMART_CONFIDENCE_FLOOR: 0.080
[1781498525.592] SMART_APPLIED_MODE: 3
[1781498525.592] SMART_LAST_REQUESTED_MODE: 3
[1781498525.592] SMART_SWITCHES_IN_WINDOW: 0
[1781498525.592] SMART_MANUAL_OWNER_ACTIVE: 0
[1781498525.593] SMART_LAST_REASON: 0
[1781498525.593] SMART_STATE: 0
[1781498525.593] SMART_INTENT_MODE: 3
[1781498525.593] SMART_INTENT_CONFIDENCE: 0.000
[1781498525.593] SMART_INTENT_WANTS_SWITCH: 0
[1781498525.593] SMART_SCALAR_PHOTONS: 1.000
[1781498525.593] SMART_SCALAR_CHROMA: 1.000
[1781498525.593] SMART_SCALAR_MOOD: 1.000
[1781498525.593] SMART_SCALAR_SATURATION: 1.000
[1781498525.593] SMART_PALETTE_OVERLAY: 0
[1781498525.593] SMART_PALETTE_INDEX: 0
[1781498525.593] SMART_AUTO_COLOUR_SHIFT: 0
[1781498525.593] SMART_MIN_DWELL_MS: 8000
[1781498525.594] SMART_COOLDOWN_MS: 20000
[1781498525.594] SMART_SWITCH_WINDOW_MS: 60000
[1781498525.594] SMART_MAX_SWITCHES: 2
[1781498525.594] SMART_AUDIO_NOVELTY: 0.0327
[1781498525.594] SMART_AUDIO_ENERGY: 0.0843
[1781498525.594] SMART_EVENT_ID: 300
[1781498525.594] SMART_EVENT_AGE_MS: 245
[1781498525.594] SMART_ONSET: 0
[1781498525.594] SMART_BASS_ONSET: 0
[1781498525.594] SMART_BEAT_CONFIDENCE: 0.000
[1781498525.594] SMART_TRANSIENT: 0
[1781498525.594] SMART_KICK: 0
[1781498525.595] SMART_SNARE: 0
[1781498525.595] SMART_HIHAT: 0
[1781498525.595] SMART_TRANSIENT_LEVEL: 0.000
[1781498525.595] SMART_KICK_LEVEL: 0.000
[1781498525.595] SMART_SNARE_LEVEL: 0.000
[1781498525.595] SMART_HIHAT_LEVEL: 0.014
[1781498525.595] SMART_SNARE_EVENT_ID: 119
[1781498525.595] SMART_HIHAT_EVENT_ID: 388
[1781498525.595] }}
[1781498526.486] >>> :vp_status
[1781498526.492] sbr{{
[1781498526.492] VP_PROFILE: candidate
[1781498526.493] VP_FIXES: agc_soft=on chroma_gate=on prism_off=on bloom_decay=off hsv_source_sat=on secondary_clean=on
[1781498526.493] VP_STREAM: off
[1781498526.493] AP_STREAM: off
[1781498526.494] VP_BLOOM: alpha=0.9900 shift=1.0000 force_sat=on
[1781498526.494] VP_WAVEFORM: idle_fade=0.9850 raw_margin=1.1000 peak_floor=0.0800 active_fade=0.0400 blend_gain=2.0000 fallback=1.0000 vu_floor=0.0200 shift_rate=120.0000
[1781498526.496] VP_CHROMA: seq=7335 range=60 profile=0 gate_gain=0.0000 pre_max=0.2577 pre_mean=0.2166 norm_max=0.4699 norm_mean=0.3949 flatness=0.0750 final_max=0.0000 final_mean=0.0000
[1781498526.496] VP_AGC: gain=0.3435 envelope=0.6742 floor=0.0010 gated=false
[1781498526.496] VP_RENDER_US: last=621 avg=615 max=997
[1781498526.496] }}
[1781498527.393] >>> :vp_perf=status
[1781498527.411] sbr{{
[1781498527.411] VP_PERF: disabled (compile with ENABLE_VP_PERF_AUDIT=1)
[1781498527.411] }}
[1781498528.300] >>> :ap_stream=on
[1781498528.310] sbr{{
[1781498528.310] AP_STREAM: on
[1781498528.310] }}
[1781498528.313] [AP] SSL=176 DC=-4698 max_raw=207 follower=961 peak_scaled=0.331 response_gain=3.000 silent_scale=1.000 silence=0 cal_source=config cal_valid=1 cal_reason=none | bpm=65.0 conf=0.84 lock=0 phase=0.34 beat=0 bstr=0.67 | onset=0 bass=0 ostr=0.00
[1781498529.012] >>> :vp_stream=on
[1781498529.032] sbr{{
[1781498529.032] VP_STREAM: on
[1781498529.032] }}
[1781498529.038] [VP] profile=candidate fix=111011 chroma_seq=7845 chroma_flatness=0.2394 chroma_norm_max=1.0366 chroma_norm_mean=0.7971 chroma_final_max=0.7465 chroma_final_mean=0.5557 agc_gain=0.4252 bloom_alpha=0.9900 bloom_shift=1.0000 wave_idle=0.9850 wave_raw_margin=1.1000 wave_peak_floor=0.0800 wave_vu_floor=0.0200 wave_shift=120.0000 render_us=696 render_avg=697 render_max=997
[1781498529.324] [AP] SSL=176 DC=-4698 max_raw=230 follower=930 peak_scaled=0.710 response_gain=3.000 silent_scale=1.000 silence=0 cal_source=config cal_valid=1 cal_reason=none | bpm=65.0 conf=0.73 lock=0 phase=0.44 beat=0 bstr=0.52 | onset=0 bass=0 ostr=0.00
[1781498529.718] >>> :smart_status
[1781498529.732] sbr{{
[1781498529.732] SMART_ASSIST: off
[1781498529.732] SMART_SWITCHING: off
[1781498529.733] SMART_DIRECTOR_AUTONOMY: off
[1781498529.733] SMART_HOOKS: off
[1781498529.733] SMART_CONFIDENCE_FLOOR: 0.080
[1781498529.733] SMART_APPLIED_MODE: 3
[1781498529.733] SMART_LAST_REQUESTED_MODE: 3
[1781498529.733] SMART_SWITCHES_IN_WINDOW: 0
[1781498529.733] SMART_MANUAL_OWNER_ACTIVE: 0
[1781498529.733] SMART_LAST_REASON: 0
[1781498529.733] SMART_STATE: 0
[1781498529.733] SMART_INTENT_MODE: 3
[1781498529.733] SMART_INTENT_CONFIDENCE: 0.000
[1781498529.733] SMART_INTENT_WANTS_SWITCH: 0
[1781498529.734] SMART_SCALAR_PHOTONS: 1.000
[1781498529.734] SMART_SCALAR_CHROMA: 1.000
[1781498529.734] SMART_SCALAR_MOOD: 1.000
[1781498529.734] SMART_SCALAR_SATURATION: 1.000
[1781498529.734] SMART_PALETTE_OVERLAY: 0
[1781498529.735] SMART_PALETTE_INDEX: 0
[1781498529.735] SMART_AUTO_COLOUR_SHIFT: 0
[1781498529.735] SMART_MIN_DWELL_MS: 8000
[1781498529.735] SMART_COOLDOWN_MS: 20000
[1781498529.735] SMART_SWITCH_WINDOW_MS: 60000
[1781498529.735] SMART_MAX_SWITCHES: 2
[1781498529.735] SMART_AUDIO_NOVELTY: 0.0435
[1781498529.735] SMART_AUDIO_ENERGY: 0.2586
[1781498529.735] SMART_EVENT_ID: 347
[1781498529.735] SMART_EVENT_AGE_MS: 34
[1781498529.735] SMART_ONSET: 0
[1781498529.736] SMART_BASS_ONSET: 1
[1781498529.736] SMART_BEAT_CONFIDENCE: 0.000
[1781498529.736] SMART_TRANSIENT: 0
[1781498529.736] SMART_KICK: 0
[1781498529.736] SMART_SNARE: 0
[1781498529.736] SMART_HIHAT: 0
[1781498529.736] SMART_TRANSIENT_LEVEL: 0.002
[1781498529.736] SMART_KICK_LEVEL: 0.013
[1781498529.737] SMART_SNARE_LEVEL: 0.002
[1781498529.737] SMART_HIHAT_LEVEL: 0.009
[1781498529.737] SMART_SNARE_EVENT_ID: 128
[1781498529.737] SMART_HIHAT_EVENT_ID: 424
[1781498529.737] }}
[1781498530.039] [VP] profile=candidate fix=111011 chroma_seq=8046 chroma_flatness=0.2183 chroma_norm_max=1.0748 chroma_norm_mean=0.8565 chroma_final_max=0.6741 chroma_final_mean=0.5231 agc_gain=0.3103 bloom_alpha=0.9900 bloom_shift=1.0000 wave_idle=0.9850 wave_raw_margin=1.1000 wave_peak_floor=0.0800 wave_vu_floor=0.0200 wave_shift=120.0000 render_us=713 render_avg=727 render_max=997
[1781498530.329] [AP] SSL=176 DC=-4698 max_raw=491 follower=2252 peak_scaled=0.983 response_gain=3.000 silent_scale=1.000 silence=0 cal_source=config cal_valid=1 cal_reason=none | bpm=65.0 conf=0.87 lock=1 phase=0.51 beat=0 bstr=0.27 | onset=1 bass=0 ostr=0.00
[1781498531.044] [VP] profile=candidate fix=111011 chroma_seq=8249 chroma_flatness=0.1451 chroma_norm_max=0.7549 chroma_norm_mean=0.6097 chroma_final_max=0.2133 chroma_final_mean=0.1660 agc_gain=0.2400 bloom_alpha=0.9900 bloom_shift=1.0000 wave_idle=0.9850 wave_raw_margin=1.1000 wave_peak_floor=0.0800 wave_vu_floor=0.0200 wave_shift=120.0000 render_us=830 render_avg=742 render_max=997
[1781498531.334] [AP] SSL=176 DC=-4698 max_raw=316 follower=1752 peak_scaled=0.664 response_gain=3.000 silent_scale=1.000 silence=0 cal_source=config cal_valid=1 cal_reason=none | bpm=65.0 conf=0.58 lock=1 phase=0.58 beat=0 bstr=0.12 | onset=0 bass=1 ostr=0.02
[1781498532.053] [VP] profile=candidate fix=111011 chroma_seq=8451 chroma_flatness=0.1948 chroma_norm_max=1.0243 chroma_norm_mean=0.8295 chroma_final_max=0.5306 chroma_final_mean=0.4187 agc_gain=0.3344 bloom_alpha=0.9900 bloom_shift=1.0000 wave_idle=0.9850 wave_raw_margin=1.1000 wave_peak_floor=0.0800 wave_vu_floor=0.0200 wave_shift=120.0000 render_us=701 render_avg=731 render_max=997
[1781498532.340] [AP] SSL=176 DC=-4698 max_raw=445 follower=1158 peak_scaled=0.669 response_gain=3.000 silent_scale=1.000 silence=0 cal_source=config cal_valid=1 cal_reason=none | bpm=65.0 conf=0.76 lock=1 phase=0.52 beat=0 bstr=0.13 | onset=1 bass=0 ostr=0.00
[1781498533.053] [VP] profile=candidate fix=111011 chroma_seq=8653 chroma_flatness=0.2148 chroma_norm_max=1.0617 chroma_norm_mean=0.8469 chroma_final_max=0.6483 chroma_final_mean=0.5035 agc_gain=0.3495 bloom_alpha=0.9900 bloom_shift=1.0000 wave_idle=0.9850 wave_raw_margin=1.1000 wave_peak_floor=0.0800 wave_vu_floor=0.0200 wave_shift=120.0000 render_us=686 render_avg=716 render_max=997
[1781498533.345] [AP] SSL=176 DC=-4698 max_raw=313 follower=1367 peak_scaled=0.856 response_gain=3.000 silent_scale=1.000 silence=0 cal_source=config cal_valid=1 cal_reason=none | bpm=65.0 conf=0.45 lock=0 phase=0.69 beat=0 bstr=0.21 | onset=0 bass=1 ostr=0.02
[1781498534.058] [VP] profile=candidate fix=111011 chroma_seq=8855 chroma_flatness=0.1134 chroma_norm_max=0.8181 chroma_norm_mean=0.7047 chroma_final_max=0.1201 chroma_final_mean=0.1011 agc_gain=0.2912 bloom_alpha=0.9900 bloom_shift=1.0000 wave_idle=0.9850 wave_raw_margin=1.1000 wave_peak_floor=0.0800 wave_vu_floor=0.0200 wave_shift=120.0000 render_us=655 render_avg=715 render_max=997
[1781498534.350] [AP] SSL=176 DC=-4698 max_raw=284 follower=1308 peak_scaled=0.653 response_gain=3.000 silent_scale=1.000 silence=0 cal_source=config cal_valid=1 cal_reason=none | bpm=65.0 conf=0.49 lock=0 phase=0.78 beat=0 bstr=0.46 | onset=0 bass=1 ostr=0.03
[1781498535.068] [VP] profile=candidate fix=111011 chroma_seq=9058 chroma_flatness=0.1785 chroma_norm_max=0.9980 chroma_norm_mean=0.8195 chroma_final_max=0.4424 chroma_final_mean=0.3544 agc_gain=0.3547 bloom_alpha=0.9900 bloom_shift=1.0000 wave_idle=0.9850 wave_raw_margin=1.1000 wave_peak_floor=0.0800 wave_vu_floor=0.0200 wave_shift=120.0000 render_us=699 render_avg=710 render_max=997
[1781498535.355] [AP] SSL=176 DC=-4698 max_raw=407 follower=1178 peak_scaled=0.535 response_gain=3.000 silent_scale=1.000 silence=0 cal_source=config cal_valid=1 cal_reason=none | bpm=65.0 conf=0.42 lock=0 phase=0.88 beat=0 bstr=0.83 | onset=0 bass=0 ostr=0.00
[1781498536.069] [VP] profile=candidate fix=111011 chroma_seq=9259 chroma_flatness=0.0561 chroma_norm_max=1.0046 chroma_norm_mean=0.9485 chroma_final_max=0.0000 chroma_final_mean=0.0000 agc_gain=0.3645 bloom_alpha=0.9900 bloom_shift=1.0000 wave_idle=0.9850 wave_raw_margin=1.1000 wave_peak_floor=0.0800 wave_vu_floor=0.0200 wave_shift=120.0000 render_us=638 render_avg=651 render_max=997
[1781498536.360] [AP] SSL=176 DC=-4698 max_raw=390 follower=1204 peak_scaled=0.683 response_gain=3.000 silent_scale=1.000 silence=0 cal_source=config cal_valid=1 cal_reason=none | bpm=76.0 conf=0.24 lock=0 phase=0.22 beat=0 bstr=0.41 | onset=0 bass=1 ostr=0.02
[1781498537.074] [VP] profile=candidate fix=111011 chroma_seq=9461 chroma_flatness=0.1033 chroma_norm_max=0.9735 chroma_norm_mean=0.8702 chroma_final_max=0.1017 chroma_final_mean=0.0896 agc_gain=0.3824 bloom_alpha=0.9900 bloom_shift=1.0000 wave_idle=0.9850 wave_raw_margin=1.1000 wave_peak_floor=0.0800 wave_vu_floor=0.0200 wave_shift=120.0000 render_us=664 render_avg=663 render_max=997
[1781498537.366] [AP] SSL=176 DC=-4698 max_raw=202 follower=834 peak_scaled=0.565 response_gain=3.000 silent_scale=1.000 silence=0 cal_source=config cal_valid=1 cal_reason=none | bpm=76.0 conf=0.00 lock=0 phase=0.50 beat=0 bstr=0.23 | onset=1 bass=0 ostr=0.00
[1781498538.083] [VP] profile=candidate fix=111011 chroma_seq=9664 chroma_flatness=0.1389 chroma_norm_max=1.0438 chroma_norm_mean=0.9048 chroma_final_max=0.2781 chroma_final_mean=0.2372 agc_gain=0.4453 bloom_alpha=0.9900 bloom_shift=1.0000 wave_idle=0.9850 wave_raw_margin=1.1000 wave_peak_floor=0.0800 wave_vu_floor=0.0200 wave_shift=120.0000 render_us=729 render_avg=695 render_max=1042
[1781498538.370] [AP] SSL=176 DC=-4698 max_raw=464 follower=651 peak_scaled=1.183 response_gain=3.000 silent_scale=1.000 silence=0 cal_source=config cal_valid=1 cal_reason=none | bpm=76.0 conf=0.00 lock=0 phase=0.79 beat=0 bstr=0.42 | onset=1 bass=0 ostr=0.00
[1781498539.084] [VP] profile=candidate fix=111011 chroma_seq=9865 chroma_flatness=0.1676 chroma_norm_max=0.9974 chroma_norm_mean=0.8299 chroma_final_max=0.3929 chroma_final_mean=0.3195 agc_gain=0.4045 bloom_alpha=0.9900 bloom_shift=1.0000 wave_idle=0.9850 wave_raw_margin=1.1000 wave_peak_floor=0.0800 wave_vu_floor=0.0200 wave_shift=120.0000 render_us=710 render_avg=729 render_max=1042
[1781498539.375] [AP] SSL=176 DC=-4698 max_raw=322 follower=794 peak_scaled=0.912 response_gain=3.000 silent_scale=1.000 silence=0 cal_source=config cal_valid=1 cal_reason=none | bpm=76.0 conf=0.00 lock=0 phase=0.04 beat=0 bstr=0.26 | onset=0 bass=1 ostr=0.03
[1781498540.089] [VP] profile=candidate fix=111011 chroma_seq=10066 chroma_flatness=0.0756 chroma_norm_max=0.9470 chroma_norm_mean=0.8725 chroma_final_max=0.0000 chroma_final_mean=0.0000 agc_gain=0.3875 bloom_alpha=0.9900 bloom_shift=1.0000 wave_idle=0.9850 wave_raw_margin=1.1000 wave_peak_floor=0.0800 wave_vu_floor=0.0200 wave_shift=120.0000 render_us=613 render_avg=689 render_max=1042
[1781498540.380] [AP] SSL=176 DC=-4698 max_raw=620 follower=1072 peak_scaled=1.039 response_gain=3.000 silent_scale=1.000 silence=0 cal_source=config cal_valid=1 cal_reason=none | bpm=76.0 conf=0.00 lock=0 phase=0.32 beat=0 bstr=0.23 | onset=0 bass=1 ostr=0.03
[1781498541.098] [VP] profile=candidate fix=111011 chroma_seq=10269 chroma_flatness=0.0822 chroma_norm_max=0.7841 chroma_norm_mean=0.7020 chroma_final_max=0.0074 chroma_final_mean=0.0065 agc_gain=0.3346 bloom_alpha=0.9900 bloom_shift=1.0000 wave_idle=0.9850 wave_raw_margin=1.1000 wave_peak_floor=0.0800 wave_vu_floor=0.0200 wave_shift=120.0000 render_us=635 render_avg=681 render_max=1042
[1781498541.385] [AP] SSL=176 DC=-4698 max_raw=334 follower=1009 peak_scaled=0.498 response_gain=3.000 silent_scale=1.000 silence=0 cal_source=config cal_valid=1 cal_reason=none | bpm=122.0 conf=0.01 lock=0 phase=0.71 beat=0 bstr=0.70 | onset=1 bass=0 ostr=0.00
[1781498542.099] [VP] profile=candidate fix=111011 chroma_seq=10470 chroma_flatness=0.0642 chroma_norm_max=0.8952 chroma_norm_mean=0.8310 chroma_final_max=0.0000 chroma_final_mean=0.0000 agc_gain=0.3567 bloom_alpha=0.9900 bloom_shift=1.0000 wave_idle=0.9850 wave_raw_margin=1.1000 wave_peak_floor=0.0800 wave_vu_floor=0.0200 wave_shift=120.0000 render_us=642 render_avg=662 render_max=1042
[1781498542.390] [AP] SSL=176 DC=-4698 max_raw=542 follower=1170 peak_scaled=0.871 response_gain=3.000 silent_scale=1.000 silence=0 cal_source=config cal_valid=1 cal_reason=none | bpm=122.0 conf=0.05 lock=0 phase=0.71 beat=0 bstr=0.90 | onset=0 bass=1 ostr=0.03
[1781498543.105] [VP] profile=candidate fix=111011 chroma_seq=10672 chroma_flatness=0.2485 chroma_norm_max=1.0809 chroma_norm_mean=0.8324 chroma_final_max=0.8262 chroma_final_mean=0.6169 agc_gain=0.3276 bloom_alpha=0.9900 bloom_shift=1.0000 wave_idle=0.9850 wave_raw_margin=1.1000 wave_peak_floor=0.0800 wave_vu_floor=0.0200 wave_shift=120.0000 render_us=718 render_avg=723 render_max=1042
[1781498543.395] [AP] SSL=176 DC=-4698 max_raw=316 follower=1207 peak_scaled=0.541 response_gain=3.000 silent_scale=1.000 silence=0 cal_source=config cal_valid=1 cal_reason=none | bpm=103.0 conf=0.00 lock=0 phase=0.69 beat=0 bstr=0.02 | onset=0 bass=1 ostr=0.02
[1781498544.112] [VP] profile=candidate fix=111011 chroma_seq=10875 chroma_flatness=0.0803 chroma_norm_max=0.8583 chroma_norm_mean=0.7781 chroma_final_max=0.0011 chroma_final_mean=0.0010 agc_gain=0.3435 bloom_alpha=0.9900 bloom_shift=1.0000 wave_idle=0.9850 wave_raw_margin=1.1000 wave_peak_floor=0.0800 wave_vu_floor=0.0200 wave_shift=120.0000 render_us=653 render_avg=665 render_max=1042
[1781498544.400] [AP] SSL=176 DC=-4698 max_raw=234 follower=1112 peak_scaled=0.606 response_gain=3.000 silent_scale=1.000 silence=0 cal_source=config cal_valid=1 cal_reason=none | bpm=103.0 conf=0.00 lock=0 phase=0.43 beat=0 bstr=0.01 | onset=0 bass=1 ostr=0.03
[1781498545.114] [VP] profile=candidate fix=111011 chroma_seq=11076 chroma_flatness=0.1254 chroma_norm_max=1.0578 chroma_norm_mean=0.9324 chroma_final_max=0.2175 chroma_final_mean=0.1890 agc_gain=0.4141 bloom_alpha=0.9900 bloom_shift=1.0000 wave_idle=0.9850 wave_raw_margin=1.1000 wave_peak_floor=0.0800 wave_vu_floor=0.0200 wave_shift=120.0000 render_us=656 render_avg=679 render_max=1042
[1781498545.405] [AP] SSL=176 DC=-4698 max_raw=146 follower=906 peak_scaled=0.507 response_gain=3.000 silent_scale=1.000 silence=0 cal_source=config cal_valid=1 cal_reason=none | bpm=95.0 conf=0.00 lock=0 phase=0.03 beat=0 bstr=0.02 | onset=0 bass=1 ostr=0.02
[1781498546.119] [VP] profile=candidate fix=111011 chroma_seq=11278 chroma_flatness=0.1132 chroma_norm_max=1.0087 chroma_norm_mean=0.8955 chroma_final_max=0.1508 chroma_final_mean=0.1320 agc_gain=0.3734 bloom_alpha=0.9900 bloom_shift=1.0000 wave_idle=0.9850 wave_raw_margin=1.1000 wave_peak_floor=0.0800 wave_vu_floor=0.0200 wave_shift=120.0000 render_us=666 render_avg=704 render_max=1042
[1781498546.411] [AP] SSL=176 DC=-4698 max_raw=160 follower=1043 peak_scaled=0.461 response_gain=3.000 silent_scale=1.000 silence=0 cal_source=config cal_valid=1 cal_reason=none | bpm=95.0 conf=0.05 lock=0 phase=0.63 beat=0 bstr=0.01 | onset=0 bass=1 ostr=0.02
[1781498547.128] [VP] profile=candidate fix=111011 chroma_seq=11480 chroma_flatness=0.0710 chroma_norm_max=0.6871 chroma_norm_mean=0.6161 chroma_final_max=0.0000 chroma_final_mean=0.0000 agc_gain=0.3600 bloom_alpha=0.9900 bloom_shift=1.0000 wave_idle=0.9850 wave_raw_margin=1.1000 wave_peak_floor=0.0800 wave_vu_floor=0.0200 wave_shift=120.0000 render_us=612 render_avg=628 render_max=1042
[1781498547.415] [AP] SSL=176 DC=-4698 max_raw=280 follower=997 peak_scaled=0.532 response_gain=3.000 silent_scale=1.000 silence=0 cal_source=config cal_valid=1 cal_reason=none | bpm=92.0 conf=0.10 lock=0 phase=0.61 beat=0 bstr=0.05 | onset=0 bass=1 ostr=0.02
[1781498548.129] [VP] profile=candidate fix=111011 chroma_seq=11681 chroma_flatness=0.1010 chroma_norm_max=1.0410 chroma_norm_mean=0.9456 chroma_final_max=0.0722 chroma_final_mean=0.0649 agc_gain=0.4086 bloom_alpha=0.9900 bloom_shift=1.0000 wave_idle=0.9850 wave_raw_margin=1.1000 wave_peak_floor=0.0800 wave_vu_floor=0.0200 wave_shift=120.0000 render_us=682 render_avg=724 render_max=1042
[1781498548.420] [AP] SSL=176 DC=-4698 max_raw=335 follower=870 peak_scaled=0.416 response_gain=3.000 silent_scale=1.000 silence=0 cal_source=config cal_valid=1 cal_reason=none | bpm=92.0 conf=0.10 lock=0 phase=0.14 beat=0 bstr=0.05 | onset=0 bass=0 ostr=0.00
[1781498549.135] [VP] profile=candidate fix=111011 chroma_seq=11884 chroma_flatness=0.1867 chroma_norm_max=1.1403 chroma_norm_mean=0.9536 chroma_final_max=0.5549 chroma_final_mean=0.4553 agc_gain=0.3244 bloom_alpha=0.9900 bloom_shift=1.0000 wave_idle=0.9850 wave_raw_margin=1.1000 wave_peak_floor=0.0800 wave_vu_floor=0.0200 wave_shift=120.0000 render_us=722 render_avg=722 render_max=1042
[1781498549.425] [AP] SSL=176 DC=-4698 max_raw=441 follower=1667 peak_scaled=0.419 response_gain=3.000 silent_scale=1.000 silence=0 cal_source=config cal_valid=1 cal_reason=none | bpm=108.0 conf=0.44 lock=0 phase=0.80 beat=0 bstr=0.03 | onset=1 bass=0 ostr=0.00
[1781498550.143] [VP] profile=candidate fix=111011 chroma_seq=12086 chroma_flatness=0.0614 chroma_norm_max=0.5585 chroma_norm_mean=0.4971 chroma_final_max=0.0000 chroma_final_mean=0.0000 agc_gain=0.3514 bloom_alpha=0.9900 bloom_shift=1.0000 wave_idle=0.9850 wave_raw_margin=1.1000 wave_peak_floor=0.0800 wave_vu_floor=0.0200 wave_shift=120.0000 render_us=597 render_avg=588 render_max=1042
[1781498550.431] [AP] SSL=176 DC=-4698 max_raw=290 follower=1166 peak_scaled=0.500 response_gain=3.000 silent_scale=1.000 silence=0 cal_source=config cal_valid=1 cal_reason=none | bpm=108.0 conf=0.38 lock=0 phase=0.62 beat=0 bstr=0.02 | onset=0 bass=0 ostr=0.00
[1781498551.144] [VP] profile=candidate fix=111011 chroma_seq=12287 chroma_flatness=0.0599 chroma_norm_max=0.7360 chroma_norm_mean=0.6760 chroma_final_max=0.0000 chroma_final_mean=0.0000 agc_gain=0.4355 bloom_alpha=0.9900 bloom_shift=1.0000 wave_idle=0.9850 wave_raw_margin=1.1000 wave_peak_floor=0.0800 wave_vu_floor=0.0200 wave_shift=120.0000 render_us=606 render_avg=622 render_max=1042
[1781498551.435] [AP] SSL=176 DC=-4698 max_raw=256 follower=946 peak_scaled=0.827 response_gain=3.000 silent_scale=1.000 silence=0 cal_source=config cal_valid=1 cal_reason=none | bpm=99.0 conf=0.54 lock=0 phase=0.31 beat=0 bstr=0.52 | onset=1 bass=0 ostr=0.00
[1781498552.149] [VP] profile=candidate fix=111011 chroma_seq=12488 chroma_flatness=0.0659 chroma_norm_max=0.8216 chroma_norm_mean=0.7539 chroma_final_max=0.0000 chroma_final_mean=0.0000 agc_gain=0.4594 bloom_alpha=0.9900 bloom_shift=1.0000 wave_idle=0.9850 wave_raw_margin=1.1000 wave_peak_floor=0.0800 wave_vu_floor=0.0200 wave_shift=120.0000 render_us=637 render_avg=655 render_max=1042
[1781498552.440] [AP] SSL=176 DC=-4698 max_raw=188 follower=682 peak_scaled=0.327 response_gain=3.000 silent_scale=1.000 silence=0 cal_source=config cal_valid=1 cal_reason=none | bpm=99.0 conf=0.17 lock=0 phase=0.97 beat=0 bstr=0.38 | onset=0 bass=0 ostr=0.00
[1781498553.159] [VP] profile=candidate fix=111011 chroma_seq=12691 chroma_flatness=0.0410 chroma_norm_max=0.5578 chroma_norm_mean=0.5168 chroma_final_max=0.0000 chroma_final_mean=0.0000 agc_gain=0.3878 bloom_alpha=0.9900 bloom_shift=1.0000 wave_idle=0.9850 wave_raw_margin=1.1000 wave_peak_floor=0.0800 wave_vu_floor=0.0200 wave_shift=120.0000 render_us=601 render_avg=609 render_max=1042
[1781498553.445] [AP] SSL=176 DC=-4698 max_raw=352 follower=596 peak_scaled=0.641 response_gain=3.000 silent_scale=1.000 silence=0 cal_source=config cal_valid=1 cal_reason=none | bpm=78.0 conf=0.20 lock=0 phase=0.42 beat=0 bstr=0.14 | onset=0 bass=1 ostr=0.04
[1781498554.160] [VP] profile=candidate fix=111011 chroma_seq=12892 chroma_flatness=0.2080 chroma_norm_max=1.0012 chroma_norm_mean=0.7932 chroma_final_max=0.5766 chroma_final_mean=0.4435 agc_gain=0.4532 bloom_alpha=0.9900 bloom_shift=1.0000 wave_idle=0.9850 wave_raw_margin=1.1000 wave_peak_floor=0.0800 wave_vu_floor=0.0200 wave_shift=120.0000 render_us=724 render_avg=689 render_max=1042
[1781498554.451] [AP] SSL=176 DC=-4698 max_raw=381 follower=685 peak_scaled=0.720 response_gain=3.000 silent_scale=1.000 silence=0 cal_source=config cal_valid=1 cal_reason=none | bpm=75.0 conf=0.15 lock=0 phase=0.71 beat=0 bstr=0.19 | onset=0 bass=0 ostr=0.00
[1781498555.165] [VP] profile=candidate fix=111011 chroma_seq=13094 chroma_flatness=0.0592 chroma_norm_max=0.6579 chroma_norm_mean=0.5987 chroma_final_max=0.0000 chroma_final_mean=0.0000 agc_gain=0.4246 bloom_alpha=0.9900 bloom_shift=1.0000 wave_idle=0.9850 wave_raw_margin=1.1000 wave_peak_floor=0.0800 wave_vu_floor=0.0200 wave_shift=120.0000 render_us=604 render_avg=609 render_max=1042
[1781498555.456] [AP] SSL=176 DC=-4698 max_raw=352 follower=1003 peak_scaled=0.477 response_gain=3.000 silent_scale=1.000 silence=0 cal_source=config cal_valid=1 cal_reason=none | bpm=75.0 conf=0.15 lock=0 phase=0.98 beat=0 bstr=0.20 | onset=0 bass=0 ostr=0.00
[1781498556.172] [VP] profile=candidate fix=111011 chroma_seq=13296 chroma_flatness=0.1173 chroma_norm_max=1.0255 chroma_norm_mean=0.9082 chroma_final_max=0.1728 chroma_final_mean=0.1509 agc_gain=0.4346 bloom_alpha=0.9900 bloom_shift=1.0000 wave_idle=0.9850 wave_raw_margin=1.1000 wave_peak_floor=0.0800 wave_vu_floor=0.0200 wave_shift=120.0000 render_us=665 render_avg=642 render_max=1042
[1781498556.462] [AP] SSL=176 DC=-4698 max_raw=330 follower=664 peak_scaled=0.639 response_gain=3.000 silent_scale=1.000 silence=0 cal_source=config cal_valid=1 cal_reason=none | bpm=75.0 conf=0.22 lock=0 phase=0.25 beat=0 bstr=0.18 | onset=0 bass=0 ostr=0.00
[1781498557.175] [VP] profile=candidate fix=111011 chroma_seq=13497 chroma_flatness=0.0980 chroma_norm_max=0.9599 chroma_norm_mean=0.8618 chroma_final_max=0.0775 chroma_final_mean=0.0686 agc_gain=0.4144 bloom_alpha=0.9900 bloom_shift=1.0000 wave_idle=0.9850 wave_raw_margin=1.1000 wave_peak_floor=0.0800 wave_vu_floor=0.0200 wave_shift=120.0000 render_us=678 render_avg=616 render_max=1042
[1781498557.465] [AP] SSL=176 DC=-4698 max_raw=239 follower=661 peak_scaled=0.327 response_gain=3.000 silent_scale=1.000 silence=0 cal_source=config cal_valid=1 cal_reason=none | bpm=75.0 conf=0.18 lock=0 phase=0.48 beat=0 bstr=0.20 | onset=0 bass=0 ostr=0.00
[1781498558.180] [VP] profile=candidate fix=111011 chroma_seq=13699 chroma_flatness=0.1004 chroma_norm_max=1.0885 chroma_norm_mean=0.9881 chroma_final_max=0.1009 chroma_final_mean=0.0906 agc_gain=0.4813 bloom_alpha=0.9900 bloom_shift=1.0000 wave_idle=0.9850 wave_raw_margin=1.1000 wave_peak_floor=0.0800 wave_vu_floor=0.0200 wave_shift=120.0000 render_us=664 render_avg=664 render_max=1042
[1781498558.472] [AP] SSL=176 DC=-4698 max_raw=258 follower=693 peak_scaled=0.614 response_gain=3.000 silent_scale=1.000 silence=0 cal_source=config cal_valid=1 cal_reason=none | bpm=97.0 conf=0.02 lock=0 phase=0.95 beat=0 bstr=0.29 | onset=0 bass=0 ostr=0.00
[1781498559.188] [VP] profile=candidate fix=111011 chroma_seq=13901 chroma_flatness=0.0187 chroma_norm_max=0.1111 chroma_norm_mean=0.0924 chroma_final_max=0.0000 chroma_final_mean=0.0000 agc_gain=0.1252 bloom_alpha=0.9900 bloom_shift=1.0000 wave_idle=0.9850 wave_raw_margin=1.1000 wave_peak_floor=0.0800 wave_vu_floor=0.0200 wave_shift=120.0000 render_us=613 render_avg=618 render_max=1042
[1781498559.476] [AP] SSL=176 DC=-4698 max_raw=178 follower=3082 peak_scaled=0.062 response_gain=3.000 silent_scale=1.000 silence=0 cal_source=config cal_valid=1 cal_reason=none | bpm=101.0 conf=0.49 lock=0 phase=0.62 beat=0 bstr=0.19 | onset=0 bass=0 ostr=0.00
[1781498560.190] [VP] profile=candidate fix=111011 chroma_seq=14102 chroma_flatness=0.0749 chroma_norm_max=0.3844 chroma_norm_mean=0.3095 chroma_final_max=0.0000 chroma_final_mean=0.0000 agc_gain=0.4011 bloom_alpha=0.9900 bloom_shift=1.0000 wave_idle=0.9850 wave_raw_margin=1.1000 wave_peak_floor=0.0800 wave_vu_floor=0.0200 wave_shift=120.0000 render_us=599 render_avg=593 render_max=1042
[1781498560.481] [AP] SSL=176 DC=-4698 max_raw=272 follower=1612 peak_scaled=0.126 response_gain=3.000 silent_scale=1.000 silence=0 cal_source=config cal_valid=1 cal_reason=none | bpm=108.0 conf=0.65 lock=1 phase=0.25 beat=0 bstr=0.05 | onset=0 bass=0 ostr=0.00
[1781498561.195] [VP] profile=candidate fix=111011 chroma_seq=14303 chroma_flatness=0.0506 chroma_norm_max=0.4269 chroma_norm_mean=0.3763 chroma_final_max=0.0000 chroma_final_mean=0.0000 agc_gain=0.4318 bloom_alpha=0.9900 bloom_shift=1.0000 wave_idle=0.9850 wave_raw_margin=1.1000 wave_peak_floor=0.0800 wave_vu_floor=0.0200 wave_shift=120.0000 render_us=610 render_avg=593 render_max=1042
[1781498561.486] [AP] SSL=176 DC=-4698 max_raw=212 follower=866 peak_scaled=0.272 response_gain=3.000 silent_scale=1.000 silence=0 cal_source=config cal_valid=1 cal_reason=none | bpm=98.0 conf=0.23 lock=0 phase=0.76 beat=0 bstr=0.36 | onset=0 bass=1 ostr=0.03
[1781498562.203] [VP] profile=candidate fix=111011 chroma_seq=14505 chroma_flatness=0.0968 chroma_norm_max=0.7059 chroma_norm_mean=0.6092 chroma_final_max=0.0508 chroma_final_mean=0.0427 agc_gain=0.5139 bloom_alpha=0.9900 bloom_shift=1.0000 wave_idle=0.9850 wave_raw_margin=1.1000 wave_peak_floor=0.0800 wave_vu_floor=0.0200 wave_shift=120.0000 render_us=652 render_avg=632 render_max=1042
[1781498562.491] [AP] SSL=176 DC=-4698 max_raw=174 follower=491 peak_scaled=0.474 response_gain=3.000 silent_scale=1.000 silence=0 cal_source=config cal_valid=1 cal_reason=none | bpm=98.0 conf=0.22 lock=0 phase=0.42 beat=0 bstr=0.26 | onset=0 bass=1 ostr=0.02
[1781498563.207] [VP] profile=candidate fix=111011 chroma_seq=14706 chroma_flatness=0.0460 chroma_norm_max=0.4847 chroma_norm_mean=0.4388 chroma_final_max=0.0000 chroma_final_mean=0.0000 agc_gain=0.3895 bloom_alpha=0.9900 bloom_shift=1.0000 wave_idle=0.9850 wave_raw_margin=1.1000 wave_peak_floor=0.0800 wave_vu_floor=0.0200 wave_shift=120.0000 render_us=607 render_avg=608 render_max=1042
[1781498563.497] [AP] SSL=176 DC=-4698 max_raw=258 follower=595 peak_scaled=0.402 response_gain=3.000 silent_scale=1.000 silence=0 cal_source=config cal_valid=1 cal_reason=none | bpm=98.0 conf=0.28 lock=0 phase=0.04 beat=0 bstr=0.18 | onset=0 bass=0 ostr=0.00
[1781498564.210] [VP] profile=candidate fix=111011 chroma_seq=14908 chroma_flatness=0.0636 chroma_norm_max=0.6476 chroma_norm_mean=0.5840 chroma_final_max=0.0000 chroma_final_mean=0.0000 agc_gain=0.4166 bloom_alpha=0.9900 bloom_shift=1.0000 wave_idle=0.9850 wave_raw_margin=1.1000 wave_peak_floor=0.0800 wave_vu_floor=0.0200 wave_shift=120.0000 render_us=610 render_avg=648 render_max=1042
[1781498564.502] [AP] SSL=176 DC=-4698 max_raw=106 follower=589 peak_scaled=0.392 response_gain=3.000 silent_scale=1.000 silence=0 cal_source=config cal_valid=1 cal_reason=none | bpm=98.0 conf=0.41 lock=0 phase=0.69 beat=0 bstr=0.17 | onset=0 bass=1 ostr=0.03
[1781498565.218] [VP] profile=candidate fix=111011 chroma_seq=15110 chroma_flatness=0.0740 chroma_norm_max=0.6580 chroma_norm_mean=0.5840 chroma_final_max=0.0000 chroma_final_mean=0.0000 agc_gain=0.3781 bloom_alpha=0.9900 bloom_shift=1.0000 wave_idle=0.9850 wave_raw_margin=1.1000 wave_peak_floor=0.0800 wave_vu_floor=0.0200 wave_shift=120.0000 render_us=620 render_avg=655 render_max=1042
[1781498565.506] [AP] SSL=176 DC=-4698 max_raw=152 follower=592 peak_scaled=0.452 response_gain=3.000 silent_scale=1.000 silence=0 cal_source=config cal_valid=1 cal_reason=none | bpm=98.0 conf=0.40 lock=0 phase=0.35 beat=0 bstr=0.13 | onset=0 bass=0 ostr=0.00
[1781498566.220] [VP] profile=candidate fix=111011 chroma_seq=15311 chroma_flatness=0.0654 chroma_norm_max=0.7324 chroma_norm_mean=0.6670 chroma_final_max=0.0000 chroma_final_mean=0.0000 agc_gain=0.3937 bloom_alpha=0.9900 bloom_shift=1.0000 wave_idle=0.9850 wave_raw_margin=1.1000 wave_peak_floor=0.0800 wave_vu_floor=0.0200 wave_shift=120.0000 render_us=604 render_avg=631 render_max=1042
[1781498566.511] [AP] SSL=176 DC=-4698 max_raw=210 follower=543 peak_scaled=0.495 response_gain=3.000 silent_scale=1.000 silence=0 cal_source=config cal_valid=1 cal_reason=none | bpm=98.0 conf=0.46 lock=0 phase=0.96 beat=0 bstr=0.10 | onset=0 bass=0 ostr=0.00
[1781498567.225] [VP] profile=candidate fix=111011 chroma_seq=15513 chroma_flatness=0.1571 chroma_norm_max=1.0036 chroma_norm_mean=0.8465 chroma_final_max=0.3484 chroma_final_mean=0.2878 agc_gain=0.4674 bloom_alpha=0.9900 bloom_shift=1.0000 wave_idle=0.9850 wave_raw_margin=1.1000 wave_peak_floor=0.0800 wave_vu_floor=0.0200 wave_shift=120.0000 render_us=717 render_avg=674 render_max=1042
[1781498567.516] [AP] SSL=176 DC=-4698 max_raw=198 follower=563 peak_scaled=0.204 response_gain=3.000 silent_scale=1.000 silence=0 cal_source=config cal_valid=1 cal_reason=none | bpm=98.0 conf=0.43 lock=0 phase=0.61 beat=0 bstr=0.09 | onset=0 bass=0 ostr=0.00
[1781498568.233] [VP] profile=candidate fix=111011 chroma_seq=15716 chroma_flatness=0.0786 chroma_norm_max=0.8531 chroma_norm_mean=0.7745 chroma_final_max=0.0000 chroma_final_mean=0.0000 agc_gain=0.4834 bloom_alpha=0.9900 bloom_shift=1.0000 wave_idle=0.9850 wave_raw_margin=1.1000 wave_peak_floor=0.0800 wave_vu_floor=0.0200 wave_shift=120.0000 render_us=590 render_avg=641 render_max=1042
[1781498568.521] [AP] SSL=176 DC=-4698 max_raw=146 follower=402 peak_scaled=0.485 response_gain=3.000 silent_scale=1.000 silence=0 cal_source=config cal_valid=1 cal_reason=none | bpm=98.0 conf=0.42 lock=0 phase=0.27 beat=0 bstr=0.07 | onset=0 bass=1 ostr=0.02
[1781498569.235] [VP] profile=candidate fix=111011 chroma_seq=15917 chroma_flatness=0.0696 chroma_norm_max=0.9462 chroma_norm_mean=0.8766 chroma_final_max=0.0000 chroma_final_mean=0.0000 agc_gain=0.5180 bloom_alpha=0.9900 bloom_shift=1.0000 wave_idle=0.9850 wave_raw_margin=1.1000 wave_peak_floor=0.0800 wave_vu_floor=0.0200 wave_shift=120.0000 render_us=636 render_avg=634 render_max=1042
[1781498569.526] [AP] SSL=176 DC=-4698 max_raw=111 follower=347 peak_scaled=0.890 response_gain=3.000 silent_scale=1.000 silence=0 cal_source=config cal_valid=1 cal_reason=none | bpm=98.0 conf=0.37 lock=0 phase=0.89 beat=0 bstr=0.05 | onset=0 bass=1 ostr=0.03
[1781498570.240] [VP] profile=candidate fix=111011 chroma_seq=16119 chroma_flatness=0.0831 chroma_norm_max=0.9798 chroma_norm_mean=0.8967 chroma_final_max=0.0135 chroma_final_mean=0.0122 agc_gain=0.4776 bloom_alpha=0.9900 bloom_shift=1.0000 wave_idle=0.9850 wave_raw_margin=1.1000 wave_peak_floor=0.0800 wave_vu_floor=0.0200 wave_shift=120.0000 render_us=661 render_avg=690 render_max=1042
[1781498570.531] [AP] SSL=176 DC=-4698 max_raw=230 follower=399 peak_scaled=0.395 response_gain=3.000 silent_scale=1.000 silence=0 cal_source=config cal_valid=1 cal_reason=none | bpm=98.0 conf=0.04 lock=0 phase=0.54 beat=0 bstr=0.03 | onset=0 bass=0 ostr=0.00
[1781498571.248] [VP] profile=candidate fix=111011 chroma_seq=16322 chroma_flatness=0.1433 chroma_norm_max=1.0125 chroma_norm_mean=0.8692 chroma_final_max=0.2887 chroma_final_mean=0.2433 agc_gain=0.4992 bloom_alpha=0.9900 bloom_shift=1.0000 wave_idle=0.9850 wave_raw_margin=1.1000 wave_peak_floor=0.0800 wave_vu_floor=0.0200 wave_shift=120.0000 render_us=678 render_avg=680 render_max=1042
[1781498571.536] [AP] SSL=176 DC=-4698 max_raw=279 follower=476 peak_scaled=0.621 response_gain=3.000 silent_scale=1.000 silence=0 cal_source=config cal_valid=1 cal_reason=none | bpm=95.0 conf=0.00 lock=0 phase=0.17 beat=0 bstr=0.49 | onset=1 bass=0 ostr=0.00
[1781498572.251] [VP] profile=candidate fix=111011 chroma_seq=16523 chroma_flatness=0.0700 chroma_norm_max=0.6412 chroma_norm_mean=0.5712 chroma_final_max=0.0000 chroma_final_mean=0.0000 agc_gain=0.4136 bloom_alpha=0.9900 bloom_shift=1.0000 wave_idle=0.9850 wave_raw_margin=1.1000 wave_peak_floor=0.0800 wave_vu_floor=0.0200 wave_shift=120.0000 render_us=639 render_avg=648 render_max=1042
[1781498572.551] [AP] SSL=176 DC=-4698 max_raw=189 follower=448 peak_scaled=0.191 response_gain=3.000 silent_scale=1.000 silence=0 cal_source=config cal_valid=1 cal_reason=none | bpm=95.0 conf=0.15 lock=0 phase=0.74 beat=0 bstr=0.74 | onset=0 bass=1 ostr=0.03
[1781498573.255] [VP] profile=candidate fix=111011 chroma_seq=16725 chroma_flatness=0.1449 chroma_norm_max=1.0688 chroma_norm_mean=0.9239 chroma_final_max=0.3142 chroma_final_mean=0.2672 agc_gain=0.4337 bloom_alpha=0.9900 bloom_shift=1.0000 wave_idle=0.9850 wave_raw_margin=1.1000 wave_peak_floor=0.0800 wave_vu_floor=0.0200 wave_shift=120.0000 render_us=793 render_avg=697 render_max=1042
[1781498573.547] [AP] SSL=176 DC=-4698 max_raw=157 follower=3061 peak_scaled=0.109 response_gain=3.000 silent_scale=1.000 silence=0 cal_source=config cal_valid=1 cal_reason=none | bpm=95.0 conf=0.87 lock=1 phase=0.34 beat=0 bstr=0.50 | onset=1 bass=0 ostr=0.00
[1781498574.269] [VP] profile=candidate fix=111011 chroma_seq=16927 chroma_flatness=0.0421 chroma_norm_max=0.3813 chroma_norm_mean=0.3392 chroma_final_max=0.0000 chroma_final_mean=0.0000 agc_gain=0.3422 bloom_alpha=0.9900 bloom_shift=1.0000 wave_idle=0.9850 wave_raw_margin=1.1000 wave_peak_floor=0.0800 wave_vu_floor=0.0200 wave_shift=120.0000 render_us=602 render_avg=614 render_max=1042
[1781498574.551] [AP] SSL=176 DC=-4698 max_raw=193 follower=1648 peak_scaled=0.074 response_gain=3.000 silent_scale=1.000 silence=0 cal_source=config cal_valid=1 cal_reason=none | bpm=95.0 conf=0.89 lock=1 phase=0.95 beat=0 bstr=0.77 | onset=0 bass=0 ostr=0.00
[1781498575.265] [VP] profile=candidate fix=111011 chroma_seq=17128 chroma_flatness=0.0552 chroma_norm_max=0.6272 chroma_norm_mean=0.5721 chroma_final_max=0.0000 chroma_final_mean=0.0000 agc_gain=0.4201 bloom_alpha=0.9900 bloom_shift=1.0000 wave_idle=0.9850 wave_raw_margin=1.1000 wave_peak_floor=0.0800 wave_vu_floor=0.0200 wave_shift=120.0000 render_us=632 render_avg=668 render_max=1042
[1781498575.556] [AP] SSL=176 DC=-4698 max_raw=100 follower=926 peak_scaled=0.197 response_gain=3.000 silent_scale=1.000 silence=0 cal_source=config cal_valid=1 cal_reason=none | bpm=95.0 conf=0.87 lock=1 phase=0.39 beat=0 bstr=0.92 | onset=0 bass=1 ostr=0.02
[1781498576.270] [VP] profile=candidate fix=111011 chroma_seq=17330 chroma_flatness=0.0858 chroma_norm_max=0.8519 chroma_norm_mean=0.7661 chroma_final_max=0.0217 chroma_final_mean=0.0192 agc_gain=0.4696 bloom_alpha=0.9900 bloom_shift=1.0000 wave_idle=0.9850 wave_raw_margin=1.1000 wave_peak_floor=0.0800 wave_vu_floor=0.0200 wave_shift=120.0000 render_us=664 render_avg=653 render_max=1042
[1781498576.563] [AP] SSL=176 DC=-4698 max_raw=230 follower=591 peak_scaled=0.411 response_gain=3.000 silent_scale=1.000 silence=0 cal_source=config cal_valid=1 cal_reason=none | bpm=95.0 conf=0.49 lock=0 phase=0.97 beat=0 bstr=0.95 | onset=0 bass=1 ostr=0.02
[1781498577.279] [VP] profile=candidate fix=111011 chroma_seq=17533 chroma_flatness=0.1180 chroma_norm_max=0.9714 chroma_norm_mean=0.8534 chroma_final_max=0.1655 chroma_final_mean=0.1431 agc_gain=0.4990 bloom_alpha=0.9900 bloom_shift=1.0000 wave_idle=0.9850 wave_raw_margin=1.1000 wave_peak_floor=0.0800 wave_vu_floor=0.0200 wave_shift=120.0000 render_us=648 render_avg=652 render_max=1042
[1781498577.567] [AP] SSL=176 DC=-4698 max_raw=222 follower=376 peak_scaled=0.285 response_gain=3.000 silent_scale=1.000 silence=0 cal_source=config cal_valid=1 cal_reason=none | bpm=95.0 conf=0.47 lock=0 phase=0.58 beat=0 bstr=0.74 | onset=0 bass=0 ostr=0.00
[1781498578.280] [VP] profile=candidate fix=111011 chroma_seq=17734 chroma_flatness=0.1362 chroma_norm_max=0.9915 chroma_norm_mean=0.8553 chroma_final_max=0.2506 chroma_final_mean=0.2123 agc_gain=0.5140 bloom_alpha=0.9900 bloom_shift=1.0000 wave_idle=0.9850 wave_raw_margin=1.1000 wave_peak_floor=0.0800 wave_vu_floor=0.0200 wave_shift=120.0000 render_us=697 render_avg=642 render_max=1042
[1781498578.571] [AP] SSL=176 DC=-4698 max_raw=188 follower=361 peak_scaled=0.486 response_gain=3.000 silent_scale=1.000 silence=0 cal_source=config cal_valid=1 cal_reason=none | bpm=95.0 conf=0.44 lock=0 phase=0.15 beat=0 bstr=0.87 | onset=0 bass=1 ostr=0.03
[1781498579.285] [VP] profile=candidate fix=111011 chroma_seq=17936 chroma_flatness=0.1685 chroma_norm_max=1.0850 chroma_norm_mean=0.9165 chroma_final_max=0.4357 chroma_final_mean=0.3612 agc_gain=0.5261 bloom_alpha=0.9900 bloom_shift=1.0000 wave_idle=0.9850 wave_raw_margin=1.1000 wave_peak_floor=0.0800 wave_vu_floor=0.0200 wave_shift=120.0000 render_us=732 render_avg=670 render_max=1042
[1781498579.577] [AP] SSL=176 DC=-4698 max_raw=251 follower=305 peak_scaled=0.558 response_gain=3.000 silent_scale=1.000 silence=0 cal_source=config cal_valid=1 cal_reason=none | bpm=91.0 conf=0.39 lock=0 phase=0.71 beat=0 bstr=0.34 | onset=1 bass=0 ostr=0.00
[1781498580.294] [VP] profile=candidate fix=111011 chroma_seq=18139 chroma_flatness=0.0991 chroma_norm_max=0.9060 chroma_norm_mean=0.8069 chroma_final_max=0.0768 chroma_final_mean=0.0674 agc_gain=0.4823 bloom_alpha=0.9900 bloom_shift=1.0000 wave_idle=0.9850 wave_raw_margin=1.1000 wave_peak_floor=0.0800 wave_vu_floor=0.0200 wave_shift=120.0000 render_us=662 render_avg=689 render_max=1042
[1781498580.581] [AP] SSL=176 DC=-4698 max_raw=147 follower=321 peak_scaled=1.116 response_gain=3.000 silent_scale=1.000 silence=0 cal_source=config cal_valid=1 cal_reason=none | bpm=91.0 conf=0.20 lock=0 phase=0.25 beat=0 bstr=0.68 | onset=0 bass=0 ostr=0.00
[1781498581.296] [VP] profile=candidate fix=111011 chroma_seq=18340 chroma_flatness=0.1660 chroma_norm_max=1.0481 chroma_norm_mean=0.8821 chroma_final_max=0.4076 chroma_final_mean=0.3363 agc_gain=0.5248 bloom_alpha=0.9900 bloom_shift=1.0000 wave_idle=0.9850 wave_raw_margin=1.1000 wave_peak_floor=0.0800 wave_vu_floor=0.0200 wave_shift=120.0000 render_us=718 render_avg=719 render_max=1042
[1781498581.586] [AP] SSL=176 DC=-4698 max_raw=152 follower=279 peak_scaled=0.506 response_gain=3.000 silent_scale=1.000 silence=0 cal_source=config cal_valid=1 cal_reason=none | bpm=91.0 conf=0.16 lock=0 phase=0.75 beat=0 bstr=0.72 | onset=0 bass=1 ostr=0.02
[1781498582.300] [VP] profile=candidate fix=111011 chroma_seq=18542 chroma_flatness=0.1536 chroma_norm_max=0.9855 chroma_norm_mean=0.8319 chroma_final_max=0.3260 chroma_final_mean=0.2695 agc_gain=0.5176 bloom_alpha=0.9900 bloom_shift=1.0000 wave_idle=0.9850 wave_raw_margin=1.1000 wave_peak_floor=0.0800 wave_vu_floor=0.0200 wave_shift=120.0000 render_us=720 render_avg=706 render_max=1042
[1781498582.591] [AP] SSL=176 DC=-4698 max_raw=189 follower=251 peak_scaled=0.260 response_gain=3.000 silent_scale=1.000 silence=0 cal_source=config cal_valid=1 cal_reason=none | bpm=91.0 conf=0.15 lock=0 phase=0.28 beat=0 bstr=0.81 | onset=0 bass=0 ostr=0.00
[1781498583.309] [VP] profile=candidate fix=111011 chroma_seq=18745 chroma_flatness=0.0999 chroma_norm_max=1.0282 chroma_norm_mean=0.9283 chroma_final_max=0.0924 chroma_final_mean=0.0824 agc_gain=0.5345 bloom_alpha=0.9900 bloom_shift=1.0000 wave_idle=0.9850 wave_raw_margin=1.1000 wave_peak_floor=0.0800 wave_vu_floor=0.0200 wave_shift=120.0000 render_us=659 render_avg=634 render_max=1042
[1781498583.598] [AP] SSL=176 DC=-4698 max_raw=234 follower=346 peak_scaled=0.636 response_gain=3.000 silent_scale=1.000 silence=0 cal_source=config cal_valid=1 cal_reason=none | bpm=91.0 conf=0.06 lock=0 phase=0.82 beat=0 bstr=0.94 | onset=0 bass=0 ostr=0.00
[1781498584.316] [VP] profile=candidate fix=111011 chroma_seq=18946 chroma_flatness=0.0697 chroma_norm_max=0.8271 chroma_norm_mean=0.7574 chroma_final_max=0.0000 chroma_final_mean=0.0000 agc_gain=0.4697 bloom_alpha=0.9900 bloom_shift=1.0000 wave_idle=0.9850 wave_raw_margin=1.1000 wave_peak_floor=0.0800 wave_vu_floor=0.0200 wave_shift=120.0000 render_us=601 render_avg=600 render_max=1042
[1781498584.603] [AP] SSL=176 DC=-4698 max_raw=155 follower=245 peak_scaled=0.177 response_gain=3.000 silent_scale=1.000 silence=0 cal_source=config cal_valid=1 cal_reason=none | bpm=102.0 conf=0.18 lock=0 phase=0.34 beat=0 bstr=0.17 | onset=1 bass=0 ostr=0.00
[1781498585.316] [VP] profile=candidate fix=111011 chroma_seq=19148 chroma_flatness=0.1067 chroma_norm_max=1.0621 chroma_norm_mean=0.9555 chroma_final_max=0.1284 chroma_final_mean=0.1141 agc_gain=0.5127 bloom_alpha=0.9900 bloom_shift=1.0000 wave_idle=0.9850 wave_raw_margin=1.1000 wave_peak_floor=0.0800 wave_vu_floor=0.0200 wave_shift=120.0000 render_us=662 render_avg=692 render_max=1042
[1781498585.607] [AP] SSL=176 DC=-4698 max_raw=234 follower=355 peak_scaled=0.479 response_gain=3.000 silent_scale=1.000 silence=0 cal_source=config cal_valid=1 cal_reason=none | bpm=102.0 conf=0.02 lock=0 phase=0.05 beat=0 bstr=0.08 | onset=1 bass=0 ostr=0.00
[1781498586.325] [VP] profile=candidate fix=111011 chroma_seq=19351 chroma_flatness=0.1358 chroma_norm_max=0.8945 chroma_norm_mean=0.7587 chroma_final_max=0.2215 chroma_final_mean=0.1837 agc_gain=0.4396 bloom_alpha=0.9900 bloom_shift=1.0000 wave_idle=0.9850 wave_raw_margin=1.1000 wave_peak_floor=0.0800 wave_vu_floor=0.0200 wave_shift=120.0000 render_us=700 render_avg=719 render_max=1042
[1781498586.613] [AP] SSL=176 DC=-4698 max_raw=183 follower=514 peak_scaled=0.816 response_gain=3.000 silent_scale=1.000 silence=0 cal_source=config cal_valid=1 cal_reason=none | bpm=102.0 conf=0.00 lock=0 phase=0.78 beat=0 bstr=0.06 | onset=0 bass=0 ostr=0.00
[1781498587.326] [VP] profile=candidate fix=111011 chroma_seq=19552 chroma_flatness=0.2268 chroma_norm_max=0.9935 chroma_norm_mean=0.7668 chroma_final_max=0.6557 chroma_final_mean=0.4893 agc_gain=0.3991 bloom_alpha=0.9900 bloom_shift=1.0000 wave_idle=0.9850 wave_raw_margin=1.1000 wave_peak_floor=0.0800 wave_vu_floor=0.0200 wave_shift=120.0000 render_us=694 render_avg=707 render_max=1042
[1781498587.617] [AP] SSL=176 DC=-4698 max_raw=179 follower=571 peak_scaled=0.221 response_gain=3.000 silent_scale=1.000 silence=0 cal_source=config cal_valid=1 cal_reason=none | bpm=89.0 conf=0.09 lock=0 phase=0.28 beat=0 bstr=0.08 | onset=1 bass=0 ostr=0.00
[1781498588.331] [VP] profile=candidate fix=111011 chroma_seq=19754 chroma_flatness=0.2169 chroma_norm_max=0.8565 chroma_norm_mean=0.6396 chroma_final_max=0.5180 chroma_final_mean=0.3694 agc_gain=0.3216 bloom_alpha=0.9900 bloom_shift=1.0000 wave_idle=0.9850 wave_raw_margin=1.1000 wave_peak_floor=0.0800 wave_vu_floor=0.0200 wave_shift=120.0000 render_us=700 render_avg=706 render_max=1042
[1781498588.622] [AP] SSL=176 DC=-4698 max_raw=220 follower=1002 peak_scaled=0.145 response_gain=3.000 silent_scale=1.000 silence=0 cal_source=config cal_valid=1 cal_reason=none | bpm=89.0 conf=0.34 lock=0 phase=0.77 beat=0 bstr=0.07 | onset=0 bass=0 ostr=0.00
[1781498589.340] [VP] profile=candidate fix=111011 chroma_seq=19957 chroma_flatness=0.1707 chroma_norm_max=0.8056 chroma_norm_mean=0.6350 chroma_final_max=0.3199 chroma_final_mean=0.2425 agc_gain=0.3189 bloom_alpha=0.9900 bloom_shift=1.0000 wave_idle=0.9850 wave_raw_margin=1.1000 wave_peak_floor=0.0800 wave_vu_floor=0.0200 wave_shift=120.0000 render_us=695 render_avg=710 render_max=1042
[1781498589.629] [AP] SSL=176 DC=-4698 max_raw=202 follower=981 peak_scaled=0.323 response_gain=3.000 silent_scale=1.000 silence=0 cal_source=config cal_valid=1 cal_reason=none | bpm=65.0 conf=0.51 lock=0 phase=0.11 beat=0 bstr=0.93 | onset=1 bass=0 ostr=0.00
[1781498590.340] [VP] profile=candidate fix=111011 chroma_seq=20158 chroma_flatness=0.1163 chroma_norm_max=0.7891 chroma_norm_mean=0.6728 chroma_final_max=0.1250 chroma_final_mean=0.1039 agc_gain=0.4539 bloom_alpha=0.9900 bloom_shift=1.0000 wave_idle=0.9850 wave_raw_margin=1.1000 wave_peak_floor=0.0800 wave_vu_floor=0.0200 wave_shift=120.0000 render_us=652 render_avg=641 render_max=1042
[1781498590.632] [AP] SSL=176 DC=-4698 max_raw=196 follower=706 peak_scaled=0.097 response_gain=3.000 silent_scale=1.000 silence=0 cal_source=config cal_valid=1 cal_reason=none | bpm=65.0 conf=0.59 lock=0 phase=0.18 beat=0 bstr=0.84 | onset=0 bass=0 ostr=0.00
[1781498591.346] [VP] profile=candidate fix=111011 chroma_seq=20360 chroma_flatness=0.1773 chroma_norm_max=0.7919 chroma_norm_mean=0.6146 chroma_final_max=0.3367 chroma_final_mean=0.2504 agc_gain=0.3948 bloom_alpha=0.9900 bloom_shift=1.0000 wave_idle=0.9850 wave_raw_margin=1.1000 wave_peak_floor=0.0800 wave_vu_floor=0.0200 wave_shift=120.0000 render_us=704 render_avg=699 render_max=1042
[1781498591.637] [AP] SSL=176 DC=-4698 max_raw=174 follower=555 peak_scaled=0.441 response_gain=3.000 silent_scale=1.000 silence=0 cal_source=config cal_valid=1 cal_reason=none | bpm=65.0 conf=0.47 lock=0 phase=0.27 beat=0 bstr=0.36 | onset=0 bass=0 ostr=0.00
[1781498592.355] [VP] profile=candidate fix=111011 chroma_seq=20563 chroma_flatness=0.2042 chroma_norm_max=0.8048 chroma_norm_mean=0.6005 chroma_final_max=0.4378 chroma_final_mean=0.3109 agc_gain=0.3690 bloom_alpha=0.9900 bloom_shift=1.0000 wave_idle=0.9850 wave_raw_margin=1.1000 wave_peak_floor=0.0800 wave_vu_floor=0.0200 wave_shift=120.0000 render_us=683 render_avg=684 render_max=1042
[1781498592.642] [AP] SSL=176 DC=-4698 max_raw=349 follower=874 peak_scaled=0.784 response_gain=3.000 silent_scale=1.000 silence=0 cal_source=config cal_valid=1 cal_reason=none | bpm=88.0 conf=0.70 lock=1 phase=0.74 beat=0 bstr=0.01 | onset=0 bass=1 ostr=0.12
[1781498593.357] [VP] profile=candidate fix=111011 chroma_seq=20764 chroma_flatness=0.1939 chroma_norm_max=1.0587 chroma_norm_mean=0.8648 chroma_final_max=0.5458 chroma_final_mean=0.4355 agc_gain=0.3997 bloom_alpha=0.9900 bloom_shift=1.0000 wave_idle=0.9850 wave_raw_margin=1.1000 wave_peak_floor=0.0800 wave_vu_floor=0.0200 wave_shift=120.0000 render_us=708 render_avg=693 render_max=1042
[1781498593.647] [AP] SSL=176 DC=-4698 max_raw=582 follower=1290 peak_scaled=0.808 response_gain=3.000 silent_scale=1.000 silence=0 cal_source=config cal_valid=1 cal_reason=none | bpm=66.0 conf=0.55 lock=1 phase=0.11 beat=0 bstr=0.23 | onset=0 bass=0 ostr=0.00
[1781498594.362] [VP] profile=candidate fix=111011 chroma_seq=20967 chroma_flatness=0.1780 chroma_norm_max=0.8320 chroma_norm_mean=0.6539 chroma_final_max=0.3588 chroma_final_mean=0.2715 agc_gain=0.2547 bloom_alpha=0.9900 bloom_shift=1.0000 wave_idle=0.9850 wave_raw_margin=1.1000 wave_peak_floor=0.0800 wave_vu_floor=0.0200 wave_shift=120.0000 render_us=767 render_avg=734 render_max=1042
[1781498594.652] [AP] SSL=176 DC=-4698 max_raw=217 follower=1350 peak_scaled=0.123 response_gain=3.000 silent_scale=1.000 silence=0 cal_source=config cal_valid=1 cal_reason=none | bpm=98.0 conf=0.61 lock=1 phase=0.49 beat=0 bstr=0.02 | onset=0 bass=0 ostr=0.00
[1781498595.369] [VP] profile=candidate fix=111011 chroma_seq=21169 chroma_flatness=0.0953 chroma_norm_max=0.7884 chroma_norm_mean=0.6931 chroma_final_max=0.0527 chroma_final_mean=0.0454 agc_gain=0.4055 bloom_alpha=0.9900 bloom_shift=1.0000 wave_idle=0.9850 wave_raw_margin=1.1000 wave_peak_floor=0.0800 wave_vu_floor=0.0200 wave_shift=120.0000 render_us=651 render_avg=637 render_max=1042
[1781498595.659] [AP] SSL=176 DC=-4698 max_raw=311 follower=791 peak_scaled=0.485 response_gain=3.000 silent_scale=1.000 silence=0 cal_source=config cal_valid=1 cal_reason=none | bpm=98.0 conf=0.26 lock=0 phase=0.14 beat=0 bstr=0.02 | onset=1 bass=0 ostr=0.00
[1781498596.371] [VP] profile=candidate fix=111011 chroma_seq=21370 chroma_flatness=0.1371 chroma_norm_max=0.9781 chroma_norm_mean=0.8410 chroma_final_max=0.2509 chroma_final_mean=0.2117 agc_gain=0.4033 bloom_alpha=0.9900 bloom_shift=1.0000 wave_idle=0.9850 wave_raw_margin=1.1000 wave_peak_floor=0.0800 wave_vu_floor=0.0200 wave_shift=120.0000 render_us=694 render_avg=636 render_max=1042
[1781498596.662] [AP] SSL=176 DC=-4698 max_raw=270 follower=833 peak_scaled=0.784 response_gain=3.000 silent_scale=1.000 silence=0 cal_source=config cal_valid=1 cal_reason=none | bpm=84.0 conf=0.26 lock=0 phase=0.60 beat=0 bstr=0.02 | onset=0 bass=1 ostr=0.08
[1781498597.376] [VP] profile=candidate fix=111011 chroma_seq=21572 chroma_flatness=0.1742 chroma_norm_max=0.8560 chroma_norm_mean=0.6818 chroma_final_max=0.3560 chroma_final_mean=0.2740 agc_gain=0.3289 bloom_alpha=0.9900 bloom_shift=1.0000 wave_idle=0.9850 wave_raw_margin=1.1000 wave_peak_floor=0.0800 wave_vu_floor=0.0200 wave_shift=120.0000 render_us=731 render_avg=690 render_max=1042
[1781498597.667] [AP] SSL=176 DC=-4698 max_raw=417 follower=1018 peak_scaled=0.939 response_gain=3.000 silent_scale=1.000 silence=0 cal_source=config cal_valid=1 cal_reason=none | bpm=100.0 conf=0.46 lock=0 phase=0.06 beat=0 bstr=0.03 | onset=0 bass=0 ostr=0.00
[1781498598.385] [VP] profile=candidate fix=111011 chroma_seq=21775 chroma_flatness=0.1750 chroma_norm_max=0.7225 chroma_norm_mean=0.5475 chroma_final_max=0.2959 chroma_final_mean=0.2127 agc_gain=0.2417 bloom_alpha=0.9900 bloom_shift=1.0000 wave_idle=0.9850 wave_raw_margin=1.1000 wave_peak_floor=0.0800 wave_vu_floor=0.0200 wave_shift=120.0000 render_us=689 render_avg=693 render_max=1042
[1781498598.672] [AP] SSL=176 DC=-4698 max_raw=537 follower=1395 peak_scaled=0.745 response_gain=3.000 silent_scale=1.000 silence=0 cal_source=config cal_valid=1 cal_reason=none | bpm=100.0 conf=0.41 lock=0 phase=0.75 beat=0 bstr=0.02 | onset=1 bass=0 ostr=0.00
[1781498599.386] [VP] profile=candidate fix=111011 chroma_seq=21976 chroma_flatness=0.0909 chroma_norm_max=0.9804 chroma_norm_mean=0.8895 chroma_final_max=0.0481 chroma_final_mean=0.0431 agc_gain=0.3205 bloom_alpha=0.9900 bloom_shift=1.0000 wave_idle=0.9850 wave_raw_margin=1.1000 wave_peak_floor=0.0800 wave_vu_floor=0.0200 wave_shift=120.0000 render_us=646 render_avg=658 render_max=1042
[1781498599.677] [AP] SSL=176 DC=-4698 max_raw=322 follower=1619 peak_scaled=0.449 response_gain=3.000 silent_scale=1.000 silence=0 cal_source=config cal_valid=1 cal_reason=none | bpm=100.0 conf=0.39 lock=0 phase=0.40 beat=0 bstr=0.02 | onset=1 bass=0 ostr=0.00
[1781498600.391] [VP] profile=candidate fix=111011 chroma_seq=22178 chroma_flatness=0.1064 chroma_norm_max=0.9425 chroma_norm_mean=0.8361 chroma_final_max=0.1114 chroma_final_mean=0.0973 agc_gain=0.3638 bloom_alpha=0.9900 bloom_shift=1.0000 wave_idle=0.9850 wave_raw_margin=1.1000 wave_peak_floor=0.0800 wave_vu_floor=0.0200 wave_shift=120.0000 render_us=699 render_avg=665 render_max=1042
[1781498600.683] [AP] SSL=176 DC=-4698 max_raw=230 follower=1094 peak_scaled=0.566 response_gain=3.000 silent_scale=1.000 silence=0 cal_source=config cal_valid=1 cal_reason=none | bpm=100.0 conf=0.33 lock=0 phase=0.08 beat=0 bstr=0.03 | onset=1 bass=0 ostr=0.00
[1781498601.400] [VP] profile=candidate fix=111011 chroma_seq=22381 chroma_flatness=0.1501 chroma_norm_max=1.0455 chroma_norm_mean=0.8955 chroma_final_max=0.3313 chroma_final_mean=0.2787 agc_gain=0.4551 bloom_alpha=0.9900 bloom_shift=1.0000 wave_idle=0.9850 wave_raw_margin=1.1000 wave_peak_floor=0.0800 wave_vu_floor=0.0200 wave_shift=120.0000 render_us=730 render_avg=662 render_max=1042
[1781498601.688] [AP] SSL=176 DC=-4698 max_raw=335 follower=670 peak_scaled=0.595 response_gain=3.000 silent_scale=1.000 silence=0 cal_source=config cal_valid=1 cal_reason=none | bpm=83.0 conf=0.15 lock=0 phase=0.52 beat=0 bstr=0.01 | onset=1 bass=0 ostr=0.00
[1781498602.401] [VP] profile=candidate fix=111011 chroma_seq=22582 chroma_flatness=0.1110 chroma_norm_max=1.0176 chroma_norm_mean=0.9067 chroma_final_max=0.1421 chroma_final_mean=0.1249 agc_gain=0.4949 bloom_alpha=0.9900 bloom_shift=1.0000 wave_idle=0.9850 wave_raw_margin=1.1000 wave_peak_floor=0.0800 wave_vu_floor=0.0200 wave_shift=120.0000 render_us=654 render_avg=666 render_max=1042
[1781498602.694] [AP] SSL=176 DC=-4698 max_raw=155 follower=601 peak_scaled=0.572 response_gain=3.000 silent_scale=1.000 silence=0 cal_source=config cal_valid=1 cal_reason=none | bpm=100.0 conf=0.15 lock=0 phase=0.93 beat=0 bstr=0.02 | onset=0 bass=1 ostr=0.03
[1781498603.406] [VP] profile=candidate fix=111011 chroma_seq=22784 chroma_flatness=0.1182 chroma_norm_max=0.9580 chroma_norm_mean=0.8398 chroma_final_max=0.1640 chroma_final_mean=0.1414 agc_gain=0.4962 bloom_alpha=0.9900 bloom_shift=1.0000 wave_idle=0.9850 wave_raw_margin=1.1000 wave_peak_floor=0.0800 wave_vu_floor=0.0200 wave_shift=120.0000 render_us=722 render_avg=662 render_max=1042
[1781498603.697] [AP] SSL=176 DC=-4698 max_raw=166 follower=596 peak_scaled=0.789 response_gain=3.000 silent_scale=1.000 silence=0 cal_source=config cal_valid=1 cal_reason=none | bpm=84.0 conf=0.00 lock=0 phase=0.29 beat=0 bstr=0.00 | onset=0 bass=0 ostr=0.00
[1781498604.416] [VP] profile=candidate fix=111011 chroma_seq=22986 chroma_flatness=0.1494 chroma_norm_max=0.7046 chroma_norm_mean=0.5551 chroma_final_max=0.2099 chroma_final_mean=0.1304 agc_gain=0.3633 bloom_alpha=0.9900 bloom_shift=1.0000 wave_idle=0.9850 wave_raw_margin=1.1000 wave_peak_floor=0.0800 wave_vu_floor=0.0200 wave_shift=120.0000 render_us=703 render_avg=722 render_max=1042
[1781498604.702] [AP] SSL=176 DC=-4698 max_raw=311 follower=936 peak_scaled=0.650 response_gain=3.000 silent_scale=1.000 silence=0 cal_source=config cal_valid=1 cal_reason=none | bpm=132.0 conf=0.19 lock=0 phase=0.64 beat=0 bstr=0.74 | onset=0 bass=0 ostr=0.00
[1781498605.417] [VP] profile=candidate fix=111011 chroma_seq=23187 chroma_flatness=0.0752 chroma_norm_max=0.7410 chroma_norm_mean=0.6658 chroma_final_max=0.0000 chroma_final_mean=0.0000 agc_gain=0.3796 bloom_alpha=0.9900 bloom_shift=1.0000 wave_idle=0.9850 wave_raw_margin=1.1000 wave_peak_floor=0.0800 wave_vu_floor=0.0200 wave_shift=120.0000 render_us=772 render_avg=683 render_max=1042
[1781498605.432] >>> :smart_status
[1781498605.444] sbr{{
[1781498605.444] SMART_ASSIST: off
[1781498605.444] SMART_SWITCHING: off
[1781498605.444] SMART_DIRECTOR_AUTONOMY: off
[1781498605.444] SMART_HOOKS: off
[1781498605.445] SMART_CONFIDENCE_FLOOR: 0.080
[1781498605.445] SMART_APPLIED_MODE: 3
[1781498605.445] SMART_LAST_REQUESTED_MODE: 3
[1781498605.445] SMART_SWITCHES_IN_WINDOW: 0
[1781498605.445] SMART_MANUAL_OWNER_ACTIVE: 0
[1781498605.445] SMART_LAST_REASON: 0
[1781498605.445] SMART_STATE: 0
[1781498605.445] SMART_INTENT_MODE: 3
[1781498605.445] SMART_INTENT_CONFIDENCE: 0.000
[1781498605.445] SMART_INTENT_WANTS_SWITCH: 0
[1781498605.446] SMART_SCALAR_PHOTONS: 1.000
[1781498605.446] SMART_SCALAR_CHROMA: 1.000
[1781498605.446] SMART_SCALAR_MOOD: 1.000
[1781498605.446] SMART_SCALAR_SATURATION: 1.000
[1781498605.446] SMART_PALETTE_OVERLAY: 0
[1781498605.446] SMART_PALETTE_INDEX: 0
[1781498605.446] SMART_AUTO_COLOUR_SHIFT: 0
[1781498605.446] SMART_MIN_DWELL_MS: 8000
[1781498605.446] SMART_COOLDOWN_MS: 20000
[1781498605.446] SMART_SWITCH_WINDOW_MS: 60000
[1781498605.446] SMART_MAX_SWITCHES: 2
[1781498605.447] SMART_AUDIO_NOVELTY: 0.0886
[1781498605.447] SMART_AUDIO_ENERGY: 0.2464
[1781498605.447] SMART_EVENT_ID: 1213
[1781498605.447] SMART_EVENT_AGE_MS: 10
[1781498605.447] SMART_ONSET: 0
[1781498605.447] SMART_BASS_ONSET: 1
[1781498605.447] SMART_BEAT_CONFIDENCE: 0.000
[1781498605.447] SMART_TRANSIENT: 0
[1781498605.447] SMART_KICK: 0
[1781498605.447] SMART_SNARE: 0
[1781498605.448] SMART_HIHAT: 0
[1781498605.448] SMART_TRANSIENT_LEVEL: 0.547
[1781498605.448] SMART_KICK_LEVEL: 0.061
[1781498605.448] SMART_SNARE_LEVEL: 0.031
[1781498605.448] SMART_HIHAT_LEVEL: 0.003
[1781498605.448] SMART_SNARE_EVENT_ID: 442
[1781498605.448] SMART_HIHAT_EVENT_ID: 1292
[1781498605.448] }}
[1781498605.707] [AP] SSL=176 DC=-4698 max_raw=150 follower=1101 peak_scaled=0.208 response_gain=3.000 silent_scale=1.000 silence=0 cal_source=config cal_valid=1 cal_reason=none | bpm=132.0 conf=0.23 lock=0 phase=0.80 beat=0 bstr=0.76 | onset=0 bass=0 ostr=0.00
[1781498606.140] >>> :dump
[1781498606.145] sbr{{
[1781498606.145] FIRMWARE_VERSION: 40103
[1781498606.146] CHIP ID: F887A500
[1781498606.146] noise_button.pressed: 0
[1781498606.146] noise_button.last_down: 0
[1781498606.146] noise_button.last_up: 0
[1781498606.146] noise_button.pin: 255
[1781498606.146] mode_button.pressed: 0
[1781498606.146] mode_button.last_down: 0
[1781498606.146] mode_button.last_up: 0
[1781498606.147] mode_button.pin: 255
[1781498606.147] CONFIG.PHOTONS: 0.650000
[1781498606.147] CONFIG.CHROMA: 0.000000
[1781498606.147] CONFIG.MOOD: 0.150000
[1781498606.147] CONFIG.LIGHTSHOW_MODE: 8
[1781498606.147] CONFIG.MIRROR_ENABLED: 1
[1781498606.147] CONFIG.CHROMAGRAM_RANGE: 60
[1781498606.148] CONFIG.SAMPLE_RATE: 12800
[1781498606.148] CONFIG.NOTE_OFFSET: 12
[1781498606.148] CONFIG.SQUARE_ITER: 1.00
[1781498606.148] CONFIG.LED_TYPE: 0
[1781498606.148] CONFIG.LED_COUNT: 160
[1781498606.148] CONFIG.LED_COLOR_ORDER: 66
[1781498606.148] CONFIG.SAMPLES_PER_CHUNK: 96
[1781498606.148] CONFIG.SENSITIVITY: 2.400000
[1781498606.148] AUDIO_RESPONSE_GAIN: 3.000000
[1781498606.149] CONFIG.BOOT_ANIMATION: 1
[1781498606.149] CONFIG.SWEET_SPOT_MIN_LEVEL: 176
[1781498606.149] CONFIG.SWEET_SPOT_MAX_LEVEL: 30000
[1781498606.149] CONFIG.DC_OFFSET: -4698
[1781498606.149] CAL_SOURCE: config
[1781498606.149] CAL_VALID: 1
[1781498606.149] CAL_PROFILE_LOADED: 0
[1781498606.149] NOISE_CAL_REASON: none
[1781498606.149] NOISE_CAL_DC_SAMPLES: 0
[1781498606.149] NOISE_CAL_SSL_P50: 0.0
[1781498606.149] NOISE_CAL_SSL_P90: 0.0
[1781498606.149] CONFIG.STANDBY_DIMMING: 0
[1781498606.149] CONFIG.REVERSE_ORDER: 0
[1781498606.149] CONFIG.MAX_CURRENT_MA: 1500
[1781498606.149] CONFIG.TEMPORAL_DITHERING: 1
[1781498606.149] CONFIG.AUTO_COLOR_SHIFT: 0
[1781498606.149] CONFIG.INCANDESCENT_FILTER: 0.00
[1781498606.149] CONFIG.INCANDESCENT_MODE: 0
[1781498606.150] CONFIG.BULB_OPACITY: 0.00
[1781498606.150] CONFIG.SATURATION: 1.00
[1781498606.150] CONFIG.PRISM_COUNT: 1.00
[1781498606.150] CONFIG.BASE_COAT: 0
[1781498606.150] CONFIG.BASE_COAT_INTENSITY: 0.000
[1781498606.150] MASTER_BRIGHTNESS: 1.00
[1781498606.150] stream_audio: 0
[1781498606.150] stream_fps: 0
[1781498606.151] stream_max_mags: 0
[1781498606.151] stream_max_mags_followers: 0
[1781498606.151] stream_magnitudes: 0
[1781498606.151] stream_spectrogram: 0
[1781498606.151] stream_chromagram: 0
[1781498606.151] debug_mode: 0
[1781498606.151] noise_complete: 1
[1781498606.151] noise_iterations: 0
[1781498606.151] next_save_time: 0
[1781498606.151] settings_updated: 0
[1781498606.151] I2S_PORT: 0
[1781498606.151] SAMPLE_HISTORY_LENGTH: 4096
[1781498606.151] silence: 0
[1781498606.152] mode_destination: -1
[1781498606.152] SYSTEM_FPS: 145.13
[1781498606.152] LED_FPS: 201.18
[1781498606.152] }}
[1781498606.422] [VP] profile=candidate fix=111011 chroma_seq=23390 chroma_flatness=0.1860 chroma_norm_max=1.0577 chroma_norm_mean=0.8716 chroma_final_max=0.5078 chroma_final_mean=0.4091 agc_gain=0.4234 bloom_alpha=0.9900 bloom_shift=1.0000 wave_idle=0.9850 wave_raw_margin=1.1000 wave_peak_floor=0.0800 wave_vu_floor=0.0200 wave_shift=120.0000 render_us=746 render_avg=720 render_max=1042
[1781498606.712] [AP] SSL=176 DC=-4698 max_raw=371 follower=1119 peak_scaled=0.490 response_gain=3.000 silent_scale=1.000 silence=0 cal_source=config cal_valid=1 cal_reason=none | bpm=85.0 conf=0.17 lock=0 phase=0.96 beat=0 bstr=0.12 | onset=0 bass=0 ostr=0.00
[1781498606.845] >>> :ap_stream=off
[1781498606.850] sbr{{
[1781498606.850] AP_STREAM: off
[1781498606.850] }}
[1781498607.430] [VP] profile=candidate fix=111011 chroma_seq=23592 chroma_flatness=0.1517 chroma_norm_max=0.8795 chroma_norm_mean=0.7277 chroma_final_max=0.2796 chroma_final_mean=0.2252 agc_gain=0.4166 bloom_alpha=0.9900 bloom_shift=1.0000 wave_idle=0.9850 wave_raw_margin=1.1000 wave_peak_floor=0.0800 wave_vu_floor=0.0200 wave_shift=120.0000 render_us=684 render_avg=713 render_max=1042
[1781498607.551] >>> :vp_stream=off
[1781498607.559] sbr{{
[1781498607.559] VP_STREAM: off
[1781498607.559] }}
[1781498608.259] >>> :ap_stream=off
[1781498608.261] sbr{{
[1781498608.261] AP_STREAM: off
[1781498608.261] }}
[1781498608.412] >>> :vp_stream=off
[1781498608.414] sbr{{
[1781498608.414] VP_STREAM: off
[1781498608.414] }}
[1781498608.564] >>> :vp_perf=stop
[1781498608.575] sbr{{
[1781498608.575] VP_PERF: disabled (compile with ENABLE_VP_PERF_AUDIT=1)
[1781498608.575] }}
[1781498608.715] >>> :stop
[1781498608.729] SBOK
