# HOTKEY ';'
sbr{{
K1 HOTKEY STATUS
target channel: primary
MODE: 3 (BLOOM)
SECONDARY_MODE: 7 (WAVEFORM-FAST)
PRIMARY pcm: photons=1.000 chroma=0.050 mood=0.250 saturation=1.000 prism=1.00 base=0.000
SECONDARY pcm: photons=1.000 chroma=0.000 mood=0.050 saturation=1.000 prism=1.00 base=0.000
CONFIG: square_iter=1.00 sensitivity=2.400 dithering=on
VP: wave_shift=120.00 bloom_shift=1.000 bloom_alpha=0.9900
STREAMS: ap=off vp=off agc=off
}}
# SEND :secondary_status
sbr{{
SECONDARY_ENABLED: true
SECONDARY_CONTROL: false (encoders control primary channel)
SECONDARY_MODE: 7 (WAVEFORM-FAST)
SECONDARY_PHOTONS: 1.000000
SECONDARY_CHROMA: 0.000000
SECONDARY_MOOD: 0.050000
SECONDARY_SATURATION: 1.000000
SECONDARY_PRISM_COUNT: 1.00
SECONDARY_MIRROR_ENABLED: true
SECONDARY_REVERSE_ORDER: false
SECONDARY_BASE_COAT: false
SECONDARY_PALETTE_MODE_ENABLED: true
SECONDARY_PALETTE_INDEX: 24 (fire_gp)
NOTE: This command is deprecated, please use secondary_status instead
}}
# SEND :diag=status
sbr{{
DIAG: frozen
DIAG_RECORDS: count=20 capacity=64 high_water=20
DIAG_COUNTERS: captured=20 dropped=0 corrupt=0 overflowed=0
DIAG_BYTES: payload_max=512 storage=34048
}}
