[1781462950.154] #DEVICE role=bench-12201 port=/dev/cu.usbmodem12401 expected_chip_id=B489A500
[1781462950.154] conf=0.18 lock=0 phase=0.39 beat=0 bstr=0.51 | onset=0 bass=0 ostr=0.00
[1781462950.155] [AP] SSL=354 DC=-1124 max_raw=249 follower=354 peak_scaled=0.000 silent_scale=1.000 silence=0 cal_source=config cal_valid=1 cal_reason=none | bpm=89.0 conf=0.16 lock=0 phase=0.88 beat=0 bstr=0.53 | onset=1 bass=0 ostr=0.00
[1781462950.155] [AP] SSL=354 DC=-1124 max_raw=230 follower=354 peak_scaled=0.000 silent_scale=1.000 silence=0 cal_source=config cal_valid=1 cal_reason=none | bpm=89.0 conf=0.14 lock=0 phase=0.39 beat=0 bstr=0.40 | onset=0 bass=0 ostr=0.00
[1781462950.156] [AP] SSL=354 DC=-1124 max_raw=403 follower=354 peak_scaled=0.135 silent_scale=1.000 silence=0 cal_source=config cal_valid=1 cal_reason=none | bpm=89.0 conf=0.32 lock=0 phase=0.86 beat=0 bstr=0.76 | onset=0 bass=1 ostr=0.05
[1781462950.156] [AP] SSL=354 DC=-1124 max_raw=359 follower=354 peak_scaled=0.026 silent_scale=1.000 silence=0 cal_source=config cal_valid=1 cal_reason=none | bpm=89.0 conf=0.80 lock=0 phase=0.36 beat=0 bstr=0.60 | onset=0 bass=0 ostr=0.00
[1781462950.157] [AP] SSL=354 DC=-1124 max_raw=248 follower=354 peak_scaled=0.000 silent_scale=1.000 silence=0 cal_source=config cal_valid=1 cal_reason=none | bpm=94.0 conf=0.14 lock=0 phase=0.89 beat=0 bstr=0.02 | onset=1 bass=0 ostr=0.00
[1781462950.157] [AP] SSL=354 DC=-1124 max_raw=257 follower=354 peak_scaled=0.017 silent_scale=1.000 silence=0 cal_source=config cal_valid=1 cal_reason=none | bpm=94.0 conf=0.07 lock=0 phase=0.43 beat=0 bstr=0.04 | onset=1 bass=0 ostr=0.00
[1781462950.158] [AP] SSL=354 DC=-1124 max_raw=200 follower=354 peak_scaled=0.000 silent_scale=1.000 silence=0 cal_source=config cal_valid=1 cal_reason=none | bpm=94.0 conf=0.06 lock=0 phase=0.01 beat=0 bstr=0.24 | onset=0 bass=0 ostr=0.00
[1781462950.158] [AP] SSL=354 DC=-1124 max_raw=234 follower=354 peak_scaled=0.000 silent_scale=1.000 silence=0 cal_source=config cal_valid=1 cal_reason=none | bpm=94.0 conf=0.06 lock=0 phase=0.60 beat=0 bstr=0.27 | onset=0 bass=0 ostr=0.00
[1781462950.159] [AP] SSL=354 DC=-1124 max_raw=296 follower=354 peak_scaled=0.000 silent_scale=1.000 silence=0 cal_source=config cal_valid=1 cal_reason=none | bpm=94.0 conf=0.01 lock=0 phase=0.16 beat=0 bstr=0.17 | onset=0 bass=1 ostr=0.02
[1781462950.159] [AP] SSL=354 DC=-1124 max_raw=175 follower=354 peak_scaled=0.000 silent_scale=1.000 silence=0 cal_source=config cal_valid=1 cal_reason=none | bpm=94.0 conf=0.00 lock=0 phase=0.74 beat=0 bstr=0.16 | onset=1 bass=0 ostr=0.00
[1781462950.160] [AP] SSL=354 DC=-1124 max_raw=267 follower=354 peak_scaled=0.147 silent_scale=1.000 silence=0 cal_source=config cal_valid=1 cal_reason=none | bpm=99.0 conf=0.00 lock=0 phase=0.34 beat=0 bstr=0.04 | onset=0 bass=0 ostr=0.00
[1781462950.160] [AP] SSL=354 DC=-1124 max_raw=296 follower=354 peak_scaled=0.016 silent_scale=1.000 silence=0 cal_source=config cal_valid=1 cal_reason=none | bpm=99.0 conf=0.00 lock=0 phase=0.96 beat=0 bstr=0.14 | onset=0 bass=0 ostr=0.00
[1781462950.160] [AP] SSL=354 DC=-1124 max_raw=340 follower=354 peak_scaled=0.013 silent_scale=1.000 silence=0 cal_source=config cal_valid=1 cal_reason=none | bpm=99.0 conf=0.00 lock=0 phase=0.63 beat=0 bstr=0.15 | onset=0 bass=0 ostr=0.00
[1781462950.161] [AP] SSL=354 DC=-1124 max_raw=319 follower=354 peak_scaled=0.050 silent_scale=1.000 silence=0 cal_source=config cal_valid=1 cal_reason=none | bpm=99.0 conf=0.06 lock=0 phase=0.31 beat=0 bstr=0.14 | onset=0 bass=0 ostr=0.00
[1781462950.161] [AP] SSL=354 DC=-1124 max_raw=345 follower=354 peak_scaled=0.115 silent_scale=1.000 silence=0 cal_source=config cal_valid=1 cal_reason=none | bpm=99.0 conf=0.06 lock=0 phase=0.94 beat=0 bstr=0.13 | onset=0 bass=0 ostr=0.00
[1781462950.162] [AP] SSL=354 DC=-1124 max_raw=609 follower=399 peak_scaled=0.573 silent_scale=1.000 silence=0 cal_source=config cal_valid=1 cal_reason=none | bpm=89.0 conf=0.16 lock=0 phase=0.59 beat=0 bstr=0.05 | onset=0 bass=0 ostr=0.00
[1781462950.793] [AP] SSL=354 DC=-1124 max_raw=509 follower=1799 peak_scaled=0.378 silent_scale=1.000 silence=0 cal_source=config cal_valid=1 cal_reason=none | bpm=90.0 conf=0.30 lock=0 phase=0.11 beat=0 bstr=0.06 | onset=0 bass=1 ostr=0.01
[1781462951.796] [AP] SSL=354 DC=-1124 max_raw=533 follower=1221 peak_scaled=0.191 silent_scale=1.000 silence=0 cal_source=config cal_valid=1 cal_reason=none | bpm=123.0 conf=0.54 lock=1 phase=0.18 beat=0 bstr=0.12 | onset=0 bass=0 ostr=0.00
[1781462952.693] >>> :version
[1781462952.704] sbr{{
[1781462952.704] VERSION: 40103
[1781462952.704] }}
[1781462952.802] [AP] SSL=354 DC=-1124 max_raw=432 follower=1054 peak_scaled=0.219 silent_scale=1.000 silence=0 cal_source=config cal_valid=1 cal_reason=none | bpm=70.0 conf=0.77 lock=1 phase=0.78 beat=0 bstr=0.29 | onset=1 bass=0 ostr=0.00
[1781462953.534] >>> :chip_id
[1781462953.559] sbr{{
[1781462953.559] B489A500
[1781462953.559] }}
[1781462953.808] [AP] SSL=354 DC=-1124 max_raw=630 follower=1713 peak_scaled=0.196 silent_scale=1.000 silence=0 cal_source=config cal_valid=1 cal_reason=none | bpm=92.0 conf=0.61 lock=1 phase=0.30 beat=0 bstr=0.16 | onset=0 bass=1 ostr=0.04
[1781462954.373] >>> :event_status
[1781462954.389] sbr{{
[1781462954.392] EVENT_STATUS,t=28943,frame_ms=28933,age=113,onset=0,bass=0,beat=0,ostr=0.000,bstr=0.000,phase=0.000,conf=0.000,kick=0,snare=0,hihat=0,tid=161,kid=97,sid=109,hid=163,tlvl=0.012,klvl=0.004,slvl=0.000,hlvl=0.000,tstr=0.000,kstr=0.000,sstr=0.000,hstr=0.000,energy=0.157,nov=0.048,sil=0
[1781462954.392] }}
[1781462954.811] [AP] SSL=354 DC=-1124 max_raw=271 follower=932 peak_scaled=0.048 silent_scale=1.000 silence=0 cal_source=config cal_valid=1 cal_reason=none | bpm=92.0 conf=0.55 lock=1 phase=0.66 beat=0 bstr=0.21 | onset=1 bass=0 ostr=0.00
[1781462954.982] >>> :slot_list
[1781462955.000] sbr{{
[1781462955.000] PRESET SLOTS (/PRESETS_V1.BIN)
[1781462955.024] SLOT 1: mode=8 (WAVEFORM) palette=41 palette_mode=on
[1781462955.024] SLOT 2: mode=8 (WAVEFORM) palette=41 palette_mode=on
[1781462955.024] SLOT 3: EMPTY
[1781462955.025] SLOT 4: EMPTY
[1781462955.025] SLOT 5: EMPTY
[1781462955.025] SLOT 6: EMPTY
[1781462955.025] SLOT 7: EMPTY
[1781462955.025] SLOT 8: EMPTY
[1781462955.025] SLOT 9: EMPTY
[1781462955.025] SLOT 10: EMPTY
[1781462955.026] queue_mode=off transition_style=dip dip_ms=120 xfade_ms=400 commit_quantise=off
[1781462955.026] }}
[1781462955.816] [AP] SSL=354 DC=-1124 max_raw=710 follower=1524 peak_scaled=0.215 silent_scale=1.000 silence=0 cal_source=config cal_valid=1 cal_reason=none | bpm=87.0 conf=0.32 lock=0 phase=0.07 beat=0 bstr=0.28 | onset=0 bass=1 ostr=0.03
[1781462956.207] >>> :get_num_modes
[1781462956.214] sbr{{
[1781462956.214] NUM_MODES: 30
[1781462956.214] }}
[1781462956.712] >>> :get_mode
[1781462956.729] sbr{{
[1781462956.729] MODE: 8
[1781462956.729] }}
[1781462956.823] [AP] SSL=354 DC=-1124 max_raw=508 follower=1266 peak_scaled=0.462 silent_scale=1.000 silence=0 cal_source=config cal_valid=1 cal_reason=none | bpm=110.0 conf=0.37 lock=0 phase=0.34 beat=0 bstr=0.47 | onset=0 bass=1 ostr=0.07
[1781462957.259] >>> :queue_mode=off
[1781462957.269] sbr{{
[1781462957.269] QUEUE_MODE: off
[1781462957.269] }}
[1781462957.827] [AP] SSL=354 DC=-1124 max_raw=336 follower=673 peak_scaled=0.017 silent_scale=1.000 silence=0 cal_source=config cal_valid=1 cal_reason=none | bpm=62.0 conf=0.51 lock=0 phase=0.12 beat=0 bstr=0.29 | onset=0 bass=0 ostr=0.00
[1781462957.882] >>> :transition_style=dip
[1781462957.901] sbr{{
[1781462957.901] TRANSITION_STYLE: dip
[1781462957.901] }}
[1781462958.535] >>> :transition_dip_ms=120
[1781462958.555] sbr{{
[1781462958.555] TRANSITION_DIP_MS: 120
[1781462958.555] }}
[1781462958.832] [AP] SSL=354 DC=-1124 max_raw=556 follower=630 peak_scaled=1.012 silent_scale=1.000 silence=0 cal_source=config cal_valid=1 cal_reason=none | bpm=62.0 conf=0.48 lock=0 phase=0.17 beat=0 bstr=0.30 | onset=1 bass=0 ostr=0.00
[1781462959.179] >>> :commit_quantise=off
[1781462959.184] sbr{{
[1781462959.184] COMMIT_QUANTISE: off
[1781462959.184] }}
[1781462959.797] >>> :slot_save=3,primary
[1781462959.800] sbr{{
[1781462959.972] SLOT 3 SAVED (from PRIMARY)
[1781462959.972] }}
[1781462959.974] [AP] SSL=354 DC=-1124 max_raw=460 follower=1256 peak_scaled=0.192 silent_scale=1.000 silence=0 cal_source=config cal_valid=1 cal_reason=none | bpm=108.0 conf=0.46 lock=1 phase=0.73 beat=0 bstr=0.74 | onset=1 bass=0 ostr=0.00
[1781462960.430] >>> :set_mode=9
[1781462960.436] sbr{{
[1781462960.437] CONFIG.LIGHTSHOW_MODE: 9
[1781462960.437] }}
[1781462960.977] [AP] SSL=354 DC=-1124 max_raw=639 follower=1823 peak_scaled=0.583 silent_scale=1.000 silence=0 cal_source=config cal_valid=1 cal_reason=none | bpm=108.0 conf=0.51 lock=0 phase=0.96 beat=0 bstr=0.74 | onset=0 bass=1 ostr=0.02
[1781462962.075] >>> :get_mode
[1781462962.076] [AP] SSL=354 DC=-1124 max_raw=653 follower=6196 peak_scaled=0.149 silent_scale=1.000 silence=0 cal_source=config cal_valid=1 cal_reason=none | bpm=69.0 conf=0.47 lock=0 phase=0.80 beat=0 bstr=0.01 | onset=1 bass=0 ostr=0.00
[1781462962.080] sbr{{
[1781462962.080] MODE: 9
[1781462962.080] }}
[1781462962.587] >>> :queue_mode=on
[1781462962.595] sbr{{
[1781462962.595] QUEUE_MODE: on
[1781462962.595] }}
[1781462962.987] [AP] SSL=354 DC=-1124 max_raw=354 follower=3372 peak_scaled=0.023 silent_scale=1.000 silence=0 cal_source=config cal_valid=1 cal_reason=none | bpm=123.0 conf=0.52 lock=1 phase=0.05 beat=0 bstr=0.06 | onset=0 bass=0 ostr=0.00
[1781462963.330] >>> :slot_load=3,primary
[1781462963.340] sbr{{
[1781462963.340] QUEUE: ARMED SLOT 3 -> PRIMARY - press \ to commit
[1781462963.340] }}
[1781462963.993] [AP] SSL=354 DC=-1124 max_raw=1567 follower=1940 peak_scaled=0.518 silent_scale=1.000 silence=0 cal_source=config cal_valid=1 cal_reason=none | bpm=123.0 conf=0.63 lock=1 phase=0.16 beat=0 bstr=0.23 | onset=1 bass=1 ostr=0.06
[1781462964.049] >>> :commit
[1781462964.060] COMMIT
[1781462965.783] >>> :get_mode
[1781462965.784] [AP] SSL=354 DC=-1124 max_raw=455 follower=1147 peak_scaled=0.085 silent_scale=1.000 silence=0 cal_source=config cal_valid=1 cal_reason=none | bpm=123.0 conf=0.67 lock=1 phase=0.10 beat=0 bstr=0.41 | onset=0 bass=0 ostr=0.00
[1781462965.791] sbr{{
[1781462965.791] MODE: 8
[1781462965.791] }}
[1781462966.001] [AP] SSL=354 DC=-1124 max_raw=522 follower=1632 peak_scaled=0.103 silent_scale=1.000 silence=0 cal_source=config cal_valid=1 cal_reason=none | bpm=123.0 conf=0.76 lock=1 phase=0.30 beat=0 bstr=0.74 | onset=0 bass=0 ostr=0.00
[1781462966.288] >>> :slot_list
[1781462966.310] sbr{{
[1781462966.310] PRESET SLOTS (/PRESETS_V1.BIN)
[1781462966.311] SLOT 1: mode=8 (WAVEFORM) palette=41 palette_mode=on
[1781462966.311] SLOT 2: mode=8 (WAVEFORM) palette=41 palette_mode=on
[1781462966.311] SLOT 3: mode=8 (WAVEFORM) palette=41 palette_mode=on
[1781462966.311] SLOT 4: EMPTY
[1781462966.311] SLOT 5: EMPTY
[1781462966.311] SLOT 6: EMPTY
[1781462966.312] SLOT 7: EMPTY
[1781462966.312] SLOT 8: EMPTY
[1781462966.312] SLOT 9: EMPTY
[1781462966.312] SLOT 10: EMPTY
[1781462966.312] queue_mode=on transition_style=dip dip_ms=120 xfade_ms=400 commit_quantise=off
[1781462966.312] }}
[1781462967.008] [AP] SSL=354 DC=-1124 max_raw=3695 follower=4803 peak_scaled=0.625 silent_scale=1.000 silence=0 cal_source=config cal_valid=1 cal_reason=none | bpm=123.0 conf=0.82 lock=1 phase=0.29 beat=0 bstr=0.69 | onset=0 bass=1 ostr=0.21
[1781462967.520] >>> :event_status
[1781462967.524] sbr{{
[1781462967.527] EVENT_STATUS,t=42078,frame_ms=42063,age=120,onset=0,bass=0,beat=0,ostr=0.000,bstr=0.000,phase=0.000,conf=0.000,kick=0,snare=0,hihat=0,tid=249,kid=148,sid=169,hid=228,tlvl=0.013,klvl=0.002,slvl=0.006,hlvl=0.005,tstr=0.000,kstr=0.000,sstr=0.000,hstr=0.000,energy=0.169,nov=0.008,sil=0
[1781462967.527] }}
[1781462968.012] [AP] SSL=354 DC=-1124 max_raw=934 follower=4834 peak_scaled=0.235 silent_scale=1.000 silence=0 cal_source=config cal_valid=1 cal_reason=none | bpm=132.0 conf=0.76 lock=1 phase=0.19 beat=0 bstr=0.25 | onset=1 bass=0 ostr=0.00
[1781462968.125] >>> :queue_mode=off
[1781462968.130] sbr{{
[1781462968.130] QUEUE_MODE: off
[1781462968.131] }}
