[1781481399.925] #DEVICE role=main-k1 name=main-1401 port=/dev/cu.usbmodem12201 expected_chip_id=F887A500 env=k1_hardware
[1781481399.927] >>> :version
[1781481399.940] sbr{{
[1781481399.941] VERSION: 40103
[1781481399.941] }}
[1781481400.728] >>> :chip_id
[1781481400.736] sbr{{
[1781481400.737] F887A500
[1781481400.737] }}
[1781481405.150] >>> :stop
[1781481405.164] SBOK
[1781481406.073] >>> :vp_stream=off
[1781481406.094] sbr{{
[1781481406.094] VP_STREAM: off
[1781481406.094] }}
[1781481406.981] >>> :ap_stream=off
[1781481406.991] sbr{{
[1781481406.991] AP_STREAM: off
[1781481406.991] }}
[1781481407.891] >>> :response_gain=1.000
[1781481407.912] sbr{{
[1781481407.912] AUDIO_RESPONSE_GAIN: 1.000000
[1781481407.912] }}
[1781481408.809] >>> :dump
[1781481408.815] sbr{{
[1781481408.817] FIRMWARE_VERSION: 40103
[1781481408.829] CHIP ID: F887A500
[1781481408.830] noise_button.pressed: 0
[1781481408.833] noise_button.last_down: 0
[1781481408.833] noise_button.last_up: 0
[1781481408.833] noise_button.pin: 255
[1781481408.833] mode_button.pressed: 0
[1781481408.834] mode_button.last_down: 0
[1781481408.834] mode_button.last_up: 0
[1781481408.834] mode_button.pin: 255
[1781481408.834] CONFIG.PHOTONS: 0.650000
[1781481408.841] CONFIG.CHROMA: 0.000000
[1781481408.841] CONFIG.MOOD: 0.150000
[1781481408.841] CONFIG.LIGHTSHOW_MODE: 8
[1781481408.847] CONFIG.MIRROR_ENABLED: 1
[1781481408.849] CONFIG.CHROMAGRAM_RANGE: 60
[1781481408.850] CONFIG.SAMPLE_RATE: 12800
[1781481408.850] CONFIG.NOTE_OFFSET: 12
[1781481408.850] CONFIG.SQUARE_ITER: 1.00
[1781481408.851] CONFIG.LED_TYPE: 0
[1781481408.856] CONFIG.LED_COUNT: 160
[1781481408.857] CONFIG.LED_COLOR_ORDER: 66
[1781481408.857] CONFIG.SAMPLES_PER_CHUNK: 96
[1781481408.857] CONFIG.SENSITIVITY: 2.400000
[1781481408.857] AUDIO_RESPONSE_GAIN: 1.000000
[1781481408.858] CONFIG.BOOT_ANIMATION: 1
[1781481408.858] CONFIG.SWEET_SPOT_MIN_LEVEL: 176
[1781481408.859] CONFIG.SWEET_SPOT_MAX_LEVEL: 30000
[1781481408.859] CONFIG.DC_OFFSET: -4698
[1781481408.859] CAL_SOURCE: config
[1781481408.859] CAL_VALID: 1
[1781481408.859] CAL_PROFILE_LOADED: 0
[1781481408.859] NOISE_CAL_REASON: none
[1781481408.859] NOISE_CAL_DC_SAMPLES: 0
[1781481408.859] NOISE_CAL_SSL_P50: 0.0
[1781481408.859] NOISE_CAL_SSL_P90: 0.0
[1781481408.859] CONFIG.STANDBY_DIMMING: 0
[1781481408.859] CONFIG.REVERSE_ORDER: 0
[1781481408.860] CONFIG.MAX_CURRENT_MA: 1500
[1781481408.860] CONFIG.TEMPORAL_DITHERING: 1
[1781481408.862] CONFIG.AUTO_COLOR_SHIFT: 0
[1781481408.862] CONFIG.INCANDESCENT_FILTER: 0.00
[1781481408.862] CONFIG.INCANDESCENT_MODE: 0
[1781481408.862] CONFIG.BULB_OPACITY: 0.00
[1781481408.863] CONFIG.SATURATION: 1.00
[1781481408.863] CONFIG.PRISM_COUNT: 1.00
[1781481408.866] CONFIG.BASE_COAT: 0
[1781481408.867] CONFIG.BASE_COAT_INTENSITY: 0.000
[1781481408.867] MASTER_BRIGHTNESS: 1.00
[1781481408.867] stream_audio: 0
[1781481408.881] stream_fps: 0
[1781481408.881] stream_max_mags: 0
[1781481408.881] stream_max_mags_followers: 0
[1781481408.881] stream_magnitudes: 0
[1781481408.881] stream_spectrogram: 0
[1781481408.881] stream_chromagram: 0
[1781481408.881] debug_mode: 0
[1781481408.882] noise_complete: 1
[1781481408.882] noise_iterations: 0
[1781481408.882] next_save_time: 0
[1781481408.882] settings_updated: 0
[1781481408.882] I2S_PORT: 0
[1781481408.882] SAMPLE_HISTORY_LENGTH: 4096
[1781481408.882] silence: 0
[1781481408.882] mode_destination: -1
[1781481408.882] SYSTEM_FPS: 163.99
[1781481408.882] LED_FPS: 201.19
[1781481408.882] }}
[1781481409.781] >>> :smart_status
[1781481410.016] sbr{{
[1781481410.016] SMART_ASSIST: off
[1781481410.016] SMART_SWITCHING: off
[1781481410.016] SMART_DIRECTOR_AUTONOMY: off
[1781481410.016] SMART_HOOKS: off
[1781481410.016] SMART_CONFIDENCE_FLOOR: 0.080
[1781481410.016] SMART_APPLIED_MODE: 3
[1781481410.017] SMART_LAST_REQUESTED_MODE: 3
[1781481410.017] SMART_SWITCHES_IN_WINDOW: 0
[1781481410.017] SMART_MANUAL_OWNER_ACTIVE: 0
[1781481410.027] SMART_LAST_REASON: 0
[1781481410.028] SMART_STATE: 0
[1781481410.029] SMART_INTENT_MODE: 3
[1781481410.029] SMART_INTENT_CONFIDENCE: 0.000
[1781481410.029] SMART_INTENT_WANTS_SWITCH: 0
[1781481410.029] SMART_SCALAR_PHOTONS: 1.000
[1781481410.029] SMART_SCALAR_CHROMA: 1.000
[1781481410.030] SMART_SCALAR_MOOD: 1.000
[1781481410.030] SMART_SCALAR_SATURATION: 1.000
[1781481410.030] SMART_PALETTE_OVERLAY: 0
[1781481410.030] SMART_PALETTE_INDEX: 0
[1781481410.030] SMART_AUTO_COLOUR_SHIFT: 0
[1781481410.033] SMART_MIN_DWELL_MS: 8000
[1781481410.035] SMART_COOLDOWN_MS: 20000
[1781481410.035] SMART_SWITCH_WINDOW_MS: 60000
[1781481410.036] SMART_MAX_SWITCHES: 2
[1781481410.036] SMART_AUDIO_NOVELTY: 0.0368
[1781481410.036] SMART_AUDIO_ENERGY: 0.2385
[1781481410.036] SMART_EVENT_ID: 8660
[1781481410.036] SMART_EVENT_AGE_MS: 45
[1781481410.036] SMART_ONSET: 0
[1781481410.036] SMART_BASS_ONSET: 1
[1781481410.037] SMART_BEAT_CONFIDENCE: 0.000
[1781481410.037] SMART_TRANSIENT: 0
[1781481410.037] SMART_KICK: 0
[1781481410.037] SMART_SNARE: 0
[1781481410.037] SMART_HIHAT: 0
[1781481410.037] SMART_TRANSIENT_LEVEL: 0.052
[1781481410.037] SMART_KICK_LEVEL: 0.008
[1781481410.037] SMART_SNARE_LEVEL: 0.000
[1781481410.037] SMART_HIHAT_LEVEL: 0.042
[1781481410.037] SMART_SNARE_EVENT_ID: 3134
[1781481410.038] SMART_HIHAT_EVENT_ID: 10674
[1781481410.038] }}
[1781481410.799] >>> :vp_status
[1781481410.814] sbr{{
[1781481410.814] VP_PROFILE: candidate
[1781481410.816] VP_FIXES: agc_soft=on chroma_gate=on prism_off=on bloom_decay=off hsv_source_sat=on secondary_clean=on
[1781481410.817] VP_STREAM: off
[1781481410.817] AP_STREAM: off
[1781481410.817] VP_BLOOM: alpha=0.9900 shift=1.0000 force_sat=on
[1781481410.818] VP_WAVEFORM: idle_fade=0.9850 raw_margin=1.1000 peak_floor=0.0800 active_fade=0.0400 blend_gain=2.0000 fallback=1.0000 vu_floor=0.0200 shift_rate=120.0000
[1781481410.821] VP_CHROMA: seq=181215 range=60 profile=0 gate_gain=0.0000 pre_max=0.1848 pre_mean=0.1670 norm_max=0.4084 norm_mean=0.3691 flatness=0.0393 final_max=0.0000 final_mean=0.0000
[1781481410.824] VP_AGC: gain=0.7954 envelope=0.2900 floor=0.0010 gated=false
[1781481410.827] VP_RENDER_US: last=626 avg=601 max=1037
[1781481410.828] }}
[1781481411.715] >>> :vp_perf=status
[1781481411.742] sbr{{
[1781481411.744] VP_PERF: disabled (compile with ENABLE_VP_PERF_AUDIT=1)
[1781481411.745] }}
[1781481412.622] >>> :ap_stream=on
[1781481412.637] sbr{{
[1781481412.637] AP_STREAM: on
[1781481412.637] }}
[1781481412.638] [AP] SSL=176 DC=-4698 max_raw=116 follower=403 peak_scaled=0.105 response_gain=1.000 silent_scale=1.000 silence=0 cal_source=config cal_valid=1 cal_reason=none | bpm=98.0 conf=0.26 lock=0 phase=0.22 beat=0 bstr=0.45 | onset=0 bass=0 ostr=0.00
[1781481413.331] >>> :vp_stream=on
[1781481413.340] sbr{{
[1781481413.340] VP_STREAM: on
[1781481413.340] }}
[1781481413.343] [VP] profile=candidate fix=111011 chroma_seq=181721 chroma_flatness=0.0459 chroma_norm_max=0.9348 chroma_norm_mean=0.8775 chroma_final_max=0.0000 chroma_final_mean=0.0000 agc_gain=1.2619 bloom_alpha=0.9900 bloom_shift=1.0000 wave_idle=0.9850 wave_raw_margin=1.1000 wave_peak_floor=0.0800 wave_vu_floor=0.0200 wave_shift=120.0000 render_us=665 render_avg=641 render_max=1037
[1781481413.647] [AP] SSL=176 DC=-4698 max_raw=193 follower=232 peak_scaled=0.274 response_gain=1.000 silent_scale=1.000 silence=0 cal_source=config cal_valid=1 cal_reason=none | bpm=98.0 conf=0.00 lock=0 phase=0.84 beat=0 bstr=0.20 | onset=0 bass=0 ostr=0.00
[1781481414.044] >>> :smart_status
[1781481414.054] sbr{{
[1781481414.055] SMART_ASSIST: off
[1781481414.055] SMART_SWITCHING: off
[1781481414.055] SMART_DIRECTOR_AUTONOMY: off
[1781481414.055] SMART_HOOKS: off
[1781481414.055] SMART_CONFIDENCE_FLOOR: 0.080
[1781481414.055] SMART_APPLIED_MODE: 3
[1781481414.055] SMART_LAST_REQUESTED_MODE: 3
[1781481414.055] SMART_SWITCHES_IN_WINDOW: 0
[1781481414.055] SMART_MANUAL_OWNER_ACTIVE: 0
[1781481414.056] SMART_LAST_REASON: 0
[1781481414.056] SMART_STATE: 0
[1781481414.056] SMART_INTENT_MODE: 3
[1781481414.056] SMART_INTENT_CONFIDENCE: 0.000
[1781481414.056] SMART_INTENT_WANTS_SWITCH: 0
[1781481414.056] SMART_SCALAR_PHOTONS: 1.000
[1781481414.056] SMART_SCALAR_CHROMA: 1.000
[1781481414.057] SMART_SCALAR_MOOD: 1.000
[1781481414.057] SMART_SCALAR_SATURATION: 1.000
[1781481414.057] SMART_PALETTE_OVERLAY: 0
[1781481414.058] SMART_PALETTE_INDEX: 0
[1781481414.058] SMART_AUTO_COLOUR_SHIFT: 0
[1781481414.058] SMART_MIN_DWELL_MS: 8000
[1781481414.058] SMART_COOLDOWN_MS: 20000
[1781481414.058] SMART_SWITCH_WINDOW_MS: 60000
[1781481414.058] SMART_MAX_SWITCHES: 2
[1781481414.058] SMART_AUDIO_NOVELTY: 0.0421
[1781481414.058] SMART_AUDIO_ENERGY: 0.2355
[1781481414.059] SMART_EVENT_ID: 8695
[1781481414.059] SMART_EVENT_AGE_MS: 70
[1781481414.059] SMART_ONSET: 1
[1781481414.059] SMART_BASS_ONSET: 0
[1781481414.060] SMART_BEAT_CONFIDENCE: 0.000
[1781481414.060] SMART_TRANSIENT: 0
[1781481414.060] SMART_KICK: 0
[1781481414.060] SMART_SNARE: 0
[1781481414.060] SMART_HIHAT: 0
[1781481414.060] SMART_TRANSIENT_LEVEL: 0.020
[1781481414.060] SMART_KICK_LEVEL: 0.000
[1781481414.060] SMART_SNARE_LEVEL: 0.000
[1781481414.060] SMART_HIHAT_LEVEL: 0.003
[1781481414.060] SMART_SNARE_EVENT_ID: 3145
[1781481414.061] SMART_HIHAT_EVENT_ID: 10722
[1781481414.061] }}
[1781481414.346] [VP] profile=candidate fix=111011 chroma_seq=181922 chroma_flatness=0.0814 chroma_norm_max=1.0002 chroma_norm_mean=0.9188 chroma_final_max=0.0064 chroma_final_mean=0.0058 agc_gain=1.2827 bloom_alpha=0.9900 bloom_shift=1.0000 wave_idle=0.9850 wave_raw_margin=1.1000 wave_peak_floor=0.0800 wave_vu_floor=0.0200 wave_shift=120.0000 render_us=644 render_avg=604 render_max=1037
[1781481414.648] [AP] SSL=176 DC=-4698 max_raw=284 follower=176 peak_scaled=0.545 response_gain=1.000 silent_scale=1.000 silence=0 cal_source=config cal_valid=1 cal_reason=none | bpm=98.0 conf=0.00 lock=0 phase=0.49 beat=0 bstr=0.42 | onset=0 bass=1 ostr=0.02
[1781481415.341] [VP] profile=candidate fix=111011 chroma_seq=182123 chroma_flatness=0.1097 chroma_norm_max=1.0391 chroma_norm_mean=0.9294 chroma_final_max=0.1393 chroma_final_mean=0.1230 agc_gain=1.3171 bloom_alpha=0.9900 bloom_shift=1.0000 wave_idle=0.9850 wave_raw_margin=1.1000 wave_peak_floor=0.0800 wave_vu_floor=0.0200 wave_shift=120.0000 render_us=653 render_avg=617 render_max=1037
[1781481415.655] [AP] SSL=176 DC=-4698 max_raw=267 follower=176 peak_scaled=0.405 response_gain=1.000 silent_scale=1.000 silence=0 cal_source=config cal_valid=1 cal_reason=none | bpm=98.0 conf=0.00 lock=0 phase=0.14 beat=0 bstr=0.67 | onset=0 bass=0 ostr=0.00
[1781481416.355] [VP] profile=candidate fix=111011 chroma_seq=182325 chroma_flatness=0.1308 chroma_norm_max=1.0003 chroma_norm_mean=0.8695 chroma_final_max=0.2288 chroma_final_mean=0.1955 agc_gain=1.2813 bloom_alpha=0.9900 bloom_shift=1.0000 wave_idle=0.9850 wave_raw_margin=1.1000 wave_peak_floor=0.0800 wave_vu_floor=0.0200 wave_shift=120.0000 render_us=694 render_avg=695 render_max=1037
[1781481416.657] [AP] SSL=176 DC=-4698 max_raw=193 follower=176 peak_scaled=0.441 response_gain=1.000 silent_scale=1.000 silence=0 cal_source=config cal_valid=1 cal_reason=none | bpm=98.0 conf=0.00 lock=0 phase=0.76 beat=0 bstr=0.87 | onset=0 bass=1 ostr=0.02
[1781481417.345] [VP] profile=candidate fix=111011 chroma_seq=182526 chroma_flatness=0.1225 chroma_norm_max=1.0390 chroma_norm_mean=0.9166 chroma_final_max=0.1994 chroma_final_mean=0.1734 agc_gain=1.3012 bloom_alpha=0.9900 bloom_shift=1.0000 wave_idle=0.9850 wave_raw_margin=1.1000 wave_peak_floor=0.0800 wave_vu_floor=0.0200 wave_shift=120.0000 render_us=699 render_avg=647 render_max=1037
[1781481417.664] [AP] SSL=176 DC=-4698 max_raw=262 follower=176 peak_scaled=0.552 response_gain=1.000 silent_scale=1.000 silence=0 cal_source=config cal_valid=1 cal_reason=none | bpm=98.0 conf=0.00 lock=0 phase=0.41 beat=0 bstr=0.46 | onset=1 bass=0 ostr=0.00
[1781481418.346] [VP] profile=candidate fix=111011 chroma_seq=182727 chroma_flatness=0.0568 chroma_norm_max=0.9180 chroma_norm_mean=0.8611 chroma_final_max=0.0000 chroma_final_mean=0.0000 agc_gain=1.3212 bloom_alpha=0.9900 bloom_shift=1.0000 wave_idle=0.9850 wave_raw_margin=1.1000 wave_peak_floor=0.0800 wave_vu_floor=0.0200 wave_shift=120.0000 render_us=644 render_avg=611 render_max=1037
[1781481418.682] [AP] SSL=176 DC=-4698 max_raw=609 follower=780 peak_scaled=0.616 response_gain=1.000 silent_scale=1.000 silence=0 cal_source=config cal_valid=1 cal_reason=none | bpm=98.0 conf=0.04 lock=0 phase=0.07 beat=0 bstr=0.19 | onset=0 bass=0 ostr=0.00
[1781481419.359] [VP] profile=candidate fix=111011 chroma_seq=182928 chroma_flatness=0.0686 chroma_norm_max=0.4473 chroma_norm_mean=0.3787 chroma_final_max=0.0000 chroma_final_mean=0.0000 agc_gain=0.7428 bloom_alpha=0.9900 bloom_shift=1.0000 wave_idle=0.9850 wave_raw_margin=1.1000 wave_peak_floor=0.0800 wave_vu_floor=0.0200 wave_shift=120.0000 render_us=647 render_avg=599 render_max=1037
[1781481419.735] [AP] SSL=176 DC=-4698 max_raw=212 follower=490 peak_scaled=0.204 response_gain=1.000 silent_scale=1.000 silence=0 cal_source=config cal_valid=1 cal_reason=none | bpm=78.0 conf=0.18 lock=0 phase=0.68 beat=0 bstr=0.04 | onset=0 bass=0 ostr=0.00
[1781481420.410] [VP] profile=candidate fix=111011 chroma_seq=183129 chroma_flatness=0.0565 chroma_norm_max=0.6655 chroma_norm_mean=0.6090 chroma_final_max=0.0000 chroma_final_mean=0.0000 agc_gain=1.2334 bloom_alpha=0.9900 bloom_shift=1.0000 wave_idle=0.9850 wave_raw_margin=1.1000 wave_peak_floor=0.0800 wave_vu_floor=0.0200 wave_shift=120.0000 render_us=603 render_avg=620 render_max=1037
[1781481420.679] [AP] SSL=176 DC=-4698 max_raw=248 follower=269 peak_scaled=0.234 response_gain=1.000 silent_scale=1.000 silence=0 cal_source=config cal_valid=1 cal_reason=none | bpm=78.0 conf=0.23 lock=0 phase=0.00 beat=0 bstr=0.03 | onset=0 bass=0 ostr=0.00
[1781481421.394] [VP] profile=candidate fix=111011 chroma_seq=183330 chroma_flatness=0.0663 chroma_norm_max=0.7779 chroma_norm_mean=0.7116 chroma_final_max=0.0000 chroma_final_mean=0.0000 agc_gain=1.1740 bloom_alpha=0.9900 bloom_shift=1.0000 wave_idle=0.9850 wave_raw_margin=1.1000 wave_peak_floor=0.0800 wave_vu_floor=0.0200 wave_shift=120.0000 render_us=616 render_avg=621 render_max=1037
[1781481421.714] [AP] SSL=176 DC=-4698 max_raw=258 follower=183 peak_scaled=0.686 response_gain=1.000 silent_scale=1.000 silence=0 cal_source=config cal_valid=1 cal_reason=none | bpm=74.0 conf=0.16 lock=0 phase=0.29 beat=0 bstr=0.61 | onset=1 bass=0 ostr=0.00
[1781481422.361] [VP] profile=candidate fix=111011 chroma_seq=183533 chroma_flatness=0.1037 chroma_norm_max=1.0025 chroma_norm_mean=0.8988 chroma_final_max=0.1070 chroma_final_mean=0.0947 agc_gain=1.2935 bloom_alpha=0.9900 bloom_shift=1.0000 wave_idle=0.9850 wave_raw_margin=1.1000 wave_peak_floor=0.0800 wave_vu_floor=0.0200 wave_shift=120.0000 render_us=657 render_avg=654 render_max=1037
[1781481422.688] [AP] SSL=176 DC=-4698 max_raw=174 follower=186 peak_scaled=0.300 response_gain=1.000 silent_scale=1.000 silence=0 cal_source=config cal_valid=1 cal_reason=none | bpm=111.0 conf=0.01 lock=0 phase=0.75 beat=0 bstr=0.02 | onset=0 bass=1 ostr=0.03
[1781481422.794] >>> :smart_status
[1781481422.811] sbr{{
[1781481422.811] SMART_ASSIST: off
[1781481422.811] SMART_SWITCHING: off
[1781481422.811] SMART_DIRECTOR_AUTONOMY: off
[1781481422.811] SMART_HOOKS: off
[1781481422.811] SMART_CONFIDENCE_FLOOR: 0.080
[1781481422.811] SMART_APPLIED_MODE: 3
[1781481422.812] SMART_LAST_REQUESTED_MODE: 3
[1781481422.812] SMART_SWITCHES_IN_WINDOW: 0
[1781481422.812] SMART_MANUAL_OWNER_ACTIVE: 0
[1781481422.812] SMART_LAST_REASON: 0
[1781481422.812] SMART_STATE: 0
[1781481422.812] SMART_INTENT_MODE: 3
[1781481422.812] SMART_INTENT_CONFIDENCE: 0.000
[1781481422.813] SMART_INTENT_WANTS_SWITCH: 0
[1781481422.813] SMART_SCALAR_PHOTONS: 1.000
[1781481422.813] SMART_SCALAR_CHROMA: 1.000
[1781481422.813] SMART_SCALAR_MOOD: 1.000
[1781481422.813] SMART_SCALAR_SATURATION: 1.000
[1781481422.813] SMART_PALETTE_OVERLAY: 0
[1781481422.813] SMART_PALETTE_INDEX: 0
[1781481422.814] SMART_AUTO_COLOUR_SHIFT: 0
[1781481422.814] SMART_MIN_DWELL_MS: 8000
[1781481422.814] SMART_COOLDOWN_MS: 20000
[1781481422.814] SMART_SWITCH_WINDOW_MS: 60000
[1781481422.814] SMART_MAX_SWITCHES: 2
[1781481422.814] SMART_AUDIO_NOVELTY: 0.0412
[1781481422.814] SMART_AUDIO_ENERGY: 0.2352
[1781481422.814] SMART_EVENT_ID: 8753
[1781481422.814] SMART_EVENT_AGE_MS: 135
[1781481422.815] SMART_ONSET: 0
[1781481422.815] SMART_BASS_ONSET: 0
[1781481422.815] SMART_BEAT_CONFIDENCE: 0.000
[1781481422.815] SMART_TRANSIENT: 0
[1781481422.815] SMART_KICK: 0
[1781481422.815] SMART_SNARE: 0
[1781481422.815] SMART_HIHAT: 0
[1781481422.816] SMART_TRANSIENT_LEVEL: 0.000
[1781481422.816] SMART_KICK_LEVEL: 0.002
[1781481422.816] SMART_SNARE_LEVEL: 0.000
[1781481422.816] SMART_HIHAT_LEVEL: 0.024
[1781481422.816] SMART_SNARE_EVENT_ID: 3166
[1781481422.816] SMART_HIHAT_EVENT_ID: 10829
[1781481422.816] }}
[1781481423.366] [VP] profile=candidate fix=111011 chroma_seq=183735 chroma_flatness=0.1546 chroma_norm_max=1.0639 chroma_norm_mean=0.9092 chroma_final_max=0.3598 chroma_final_mean=0.3020 agc_gain=1.3873 bloom_alpha=0.9900 bloom_shift=1.0000 wave_idle=0.9850 wave_raw_margin=1.1000 wave_peak_floor=0.0800 wave_vu_floor=0.0200 wave_shift=120.0000 render_us=637 render_avg=665 render_max=1037
[1781481423.507] >>> :dump
[1781481423.525] sbr{{
[1781481423.525] FIRMWARE_VERSION: 40103
[1781481423.525] CHIP ID: F887A500
[1781481423.525] noise_button.pressed: 0
[1781481423.525] noise_button.last_down: 0
[1781481423.525] noise_button.last_up: 0
[1781481423.525] noise_button.pin: 255
[1781481423.525] mode_button.pressed: 0
[1781481423.526] mode_button.last_down: 0
[1781481423.526] mode_button.last_up: 0
[1781481423.526] mode_button.pin: 255
[1781481423.526] CONFIG.PHOTONS: 0.650000
[1781481423.526] CONFIG.CHROMA: 0.000000
[1781481423.526] CONFIG.MOOD: 0.150000
[1781481423.526] CONFIG.LIGHTSHOW_MODE: 8
[1781481423.526] CONFIG.MIRROR_ENABLED: 1
[1781481423.528] CONFIG.CHROMAGRAM_RANGE: 60
[1781481423.528] CONFIG.SAMPLE_RATE: 12800
[1781481423.528] CONFIG.NOTE_OFFSET: 12
[1781481423.528] CONFIG.SQUARE_ITER: 1.00
[1781481423.528] CONFIG.LED_TYPE: 0
[1781481423.528] CONFIG.LED_COUNT: 160
[1781481423.528] CONFIG.LED_COLOR_ORDER: 66
[1781481423.528] CONFIG.SAMPLES_PER_CHUNK: 96
[1781481423.529] CONFIG.SENSITIVITY: 2.400000
[1781481423.529] AUDIO_RESPONSE_GAIN: 1.000000
[1781481423.529] CONFIG.BOOT_ANIMATION: 1
[1781481423.529] CONFIG.SWEET_SPOT_MIN_LEVEL: 176
[1781481423.529] CONFIG.SWEET_SPOT_MAX_LEVEL: 30000
[1781481423.529] CONFIG.DC_OFFSET: -4698
[1781481423.529] CAL_SOURCE: config
[1781481423.529] CAL_VALID: 1
[1781481423.529] CAL_PROFILE_LOADED: 0
[1781481423.530] NOISE_CAL_REASON: none
[1781481423.530] NOISE_CAL_DC_SAMPLES: 0
[1781481423.530] NOISE_CAL_SSL_P50: 0.0
[1781481423.530] NOISE_CAL_SSL_P90: 0.0
[1781481423.530] CONFIG.STANDBY_DIMMING: 0
[1781481423.530] CONFIG.REVERSE_ORDER: 0
[1781481423.530] CONFIG.MAX_CURRENT_MA: 1500
[1781481423.530] CONFIG.TEMPORAL_DITHERING: 1
[1781481423.530] CONFIG.AUTO_COLOR_SHIFT: 0
[1781481423.530] CONFIG.INCANDESCENT_FILTER: 0.00
[1781481423.531] CONFIG.INCANDESCENT_MODE: 0
[1781481423.531] CONFIG.BULB_OPACITY: 0.00
[1781481423.531] CONFIG.SATURATION: 1.00
[1781481423.531] CONFIG.PRISM_COUNT: 1.00
[1781481423.531] CONFIG.BASE_COAT: 0
[1781481423.531] CONFIG.BASE_COAT_INTENSITY: 0.000
[1781481423.531] MASTER_BRIGHTNESS: 1.00
[1781481423.531] stream_audio: 0
[1781481423.531] stream_fps: 0
[1781481423.531] stream_max_mags: 0
[1781481423.531] stream_max_mags_followers: 0
[1781481423.532] stream_magnitudes: 0
[1781481423.532] stream_spectrogram: 0
[1781481423.532] stream_chromagram: 0
[1781481423.532] debug_mode: 0
[1781481423.532] noise_complete: 1
[1781481423.532] noise_iterations: 0
[1781481423.532] next_save_time: 0
[1781481423.532] settings_updated: 0
[1781481423.532] I2S_PORT: 0
[1781481423.532] SAMPLE_HISTORY_LENGTH: 4096
[1781481423.532] silence: 0
[1781481423.532] mode_destination: -1
[1781481423.532] SYSTEM_FPS: 165.51
[1781481423.533] LED_FPS: 201.66
[1781481423.533] }}
[1781481423.694] [AP] SSL=176 DC=-4698 max_raw=157 follower=176 peak_scaled=0.325 response_gain=1.000 silent_scale=1.000 silence=0 cal_source=config cal_valid=1 cal_reason=none | bpm=111.0 conf=0.01 lock=0 phase=0.62 beat=0 bstr=0.02 | onset=0 bass=1 ostr=0.02
[1781481424.232] >>> :ap_stream=off
[1781481424.245] sbr{{
[1781481424.245] AP_STREAM: off
[1781481424.245] }}
[1781481424.367] [VP] profile=candidate fix=111011 chroma_seq=183937 chroma_flatness=0.0969 chroma_norm_max=1.0185 chroma_norm_mean=0.9216 chroma_final_max=0.0776 chroma_final_mean=0.0694 agc_gain=1.3713 bloom_alpha=0.9900 bloom_shift=1.0000 wave_idle=0.9850 wave_raw_margin=1.1000 wave_peak_floor=0.0800 wave_vu_floor=0.0200 wave_shift=120.0000 render_us=699 render_avg=658 render_max=1037
[1781481424.939] >>> :vp_stream=off
[1781481424.945] sbr{{
[1781481424.945] VP_STREAM: off
[1781481424.945] }}
[1781481425.650] >>> :ap_stream=off
[1781481425.664] sbr{{
[1781481425.665] AP_STREAM: off
[1781481425.665] }}
[1781481425.805] >>> :vp_stream=off
[1781481425.820] sbr{{
[1781481425.820] VP_STREAM: off
[1781481425.820] }}
[1781481425.974] >>> :vp_perf=stop
[1781481425.996] sbr{{
[1781481425.997] VP_PERF: disabled (compile with ENABLE_VP_PERF_AUDIT=1)
[1781481425.997] }}
[1781481426.127] >>> :stop
[1781481426.138] SBOK
