[1781490308.259] #DEVICE role=bench-reference name=bench-12201 port=/dev/cu.usbmodem12401 expected_chip_id=B489A500 env=k1_bench_reference
[1781490308.259] >>> :version
[1781490308.278] sbr{{
[1781490308.278] VERSION: 40103
[1781490308.278] }}
[1781490309.062] >>> :chip_id
[1781490309.064] sbr{{
[1781490309.064] B489A500
[1781490309.064] }}
[1781490310.318] >>> :stop
[1781490310.323] SBOK
[1781490311.225] >>> :vp_stream=off
[1781490311.248] sbr{{
[1781490311.248] VP_STREAM: off
[1781490311.248] }}
[1781490312.133] >>> :ap_stream=off
[1781490312.148] sbr{{
[1781490312.148] AP_STREAM: off
[1781490312.148] }}
[1781490313.036] >>> :dump
[1781490313.048] sbr{{
[1781490313.048] FIRMWARE_VERSION: 40103
[1781490313.049] CHIP ID: B489A500
[1781490313.049] noise_button.pressed: 0
[1781490313.049] noise_button.last_down: 0
[1781490313.049] noise_button.last_up: 0
[1781490313.049] noise_button.pin: 255
[1781490313.049] mode_button.pressed: 0
[1781490313.049] mode_button.last_down: 0
[1781490313.049] mode_button.last_up: 0
[1781490313.049] mode_button.pin: 255
[1781490313.050] CONFIG.PHOTONS: 0.480000
[1781490313.050] CONFIG.CHROMA: 0.400000
[1781490313.050] CONFIG.MOOD: 0.100000
[1781490313.050] CONFIG.LIGHTSHOW_MODE: 8
[1781490313.050] CONFIG.MIRROR_ENABLED: 1
[1781490313.050] CONFIG.CHROMAGRAM_RANGE: 60
[1781490313.051] CONFIG.SAMPLE_RATE: 12800
[1781490313.051] CONFIG.NOTE_OFFSET: 12
[1781490313.051] CONFIG.SQUARE_ITER: 0.00
[1781490313.051] CONFIG.LED_TYPE: 0
[1781490313.051] CONFIG.LED_COUNT: 160
[1781490313.051] CONFIG.LED_COLOR_ORDER: 66
[1781490313.051] CONFIG.SAMPLES_PER_CHUNK: 96
[1781490313.051] CONFIG.SENSITIVITY: 2.300000
[1781490313.051] AUDIO_RESPONSE_GAIN: 1.000000
[1781490313.051] CONFIG.BOOT_ANIMATION: 1
[1781490313.052] CONFIG.SWEET_SPOT_MIN_LEVEL: 180
[1781490313.052] CONFIG.SWEET_SPOT_MAX_LEVEL: 30000
[1781490313.052] CONFIG.DC_OFFSET: -828
[1781490313.052] CAL_SOURCE: config
[1781490313.052] CAL_VALID: 1
[1781490313.052] CAL_PROFILE_LOADED: 0
[1781490313.052] NOISE_CAL_REASON: none
[1781490313.052] NOISE_CAL_DC_SAMPLES: 0
[1781490313.052] NOISE_CAL_SSL_P50: 0.0
[1781490313.052] NOISE_CAL_SSL_P90: 0.0
[1781490313.052] CONFIG.STANDBY_DIMMING: 0
[1781490313.052] CONFIG.REVERSE_ORDER: 0
[1781490313.052] CONFIG.MAX_CURRENT_MA: 1500
[1781490313.052] CONFIG.TEMPORAL_DITHERING: 1
[1781490313.053] CONFIG.AUTO_COLOR_SHIFT: 1
[1781490313.053] CONFIG.INCANDESCENT_FILTER: 0.00
[1781490313.053] CONFIG.INCANDESCENT_MODE: 0
[1781490313.053] CONFIG.BULB_OPACITY: 0.00
[1781490313.053] CONFIG.SATURATION: 1.00
[1781490313.053] CONFIG.PRISM_COUNT: 1.00
[1781490313.053] CONFIG.BASE_COAT: 1
[1781490313.054] CONFIG.BASE_COAT_INTENSITY: 0.000
[1781490313.054] MASTER_BRIGHTNESS: 1.00
[1781490313.054] stream_audio: 0
[1781490313.054] stream_fps: 0
[1781490313.054] stream_max_mags: 0
[1781490313.054] stream_max_mags_followers: 0
[1781490313.054] stream_magnitudes: 0
[1781490313.054] stream_spectrogram: 0
[1781490313.054] stream_chromagram: 0
[1781490313.054] debug_mode: 0
[1781490313.054] noise_complete: 1
[1781490313.055] noise_iterations: 0
[1781490313.055] next_save_time: 0
[1781490313.055] settings_updated: 0
[1781490313.055] I2S_PORT: 0
[1781490313.055] SAMPLE_HISTORY_LENGTH: 4096
[1781490313.055] silence: 0
[1781490313.055] mode_destination: -1
[1781490313.055] SYSTEM_FPS: 162.78
[1781490313.055] LED_FPS: 201.24
[1781490313.055] }}
[1781490313.941] >>> :smart_status
[1781490313.948] sbr{{
[1781490313.948] SMART_ASSIST: off
[1781490313.948] SMART_SWITCHING: off
[1781490313.948] SMART_DIRECTOR_AUTONOMY: off
[1781490313.948] SMART_HOOKS: off
[1781490313.948] SMART_CONFIDENCE_FLOOR: 0.080
[1781490313.948] SMART_APPLIED_MODE: 3
[1781490313.948] SMART_LAST_REQUESTED_MODE: 3
[1781490313.948] SMART_SWITCHES_IN_WINDOW: 0
[1781490313.948] SMART_MANUAL_OWNER_ACTIVE: 0
[1781490313.948] SMART_LAST_REASON: 0
[1781490313.948] SMART_STATE: 0
[1781490313.948] SMART_INTENT_MODE: 3
[1781490313.949] SMART_INTENT_CONFIDENCE: 0.000
[1781490313.949] SMART_INTENT_WANTS_SWITCH: 0
[1781490313.949] SMART_SCALAR_PHOTONS: 1.000
[1781490313.949] SMART_SCALAR_CHROMA: 1.000
[1781490313.949] SMART_SCALAR_MOOD: 1.000
[1781490313.949] SMART_SCALAR_SATURATION: 1.000
[1781490313.950] SMART_PALETTE_OVERLAY: 0
[1781490313.950] SMART_PALETTE_INDEX: 0
[1781490313.950] SMART_AUTO_COLOUR_SHIFT: 0
[1781490313.950] SMART_MIN_DWELL_MS: 8000
[1781490313.950] SMART_COOLDOWN_MS: 20000
[1781490313.950] SMART_SWITCH_WINDOW_MS: 60000
[1781490313.950] SMART_MAX_SWITCHES: 2
[1781490313.950] SMART_AUDIO_NOVELTY: 0.0214
[1781490313.950] SMART_AUDIO_ENERGY: 0.2484
[1781490313.951] SMART_EVENT_ID: 6886
[1781490313.951] SMART_EVENT_AGE_MS: 156
[1781490313.951] SMART_ONSET: 0
[1781490313.951] SMART_BASS_ONSET: 0
[1781490313.951] SMART_BEAT_CONFIDENCE: 0.000
[1781490313.951] SMART_TRANSIENT: 0
[1781490313.951] SMART_KICK: 0
[1781490313.951] SMART_SNARE: 0
[1781490313.951] SMART_HIHAT: 0
[1781490313.951] SMART_TRANSIENT_LEVEL: 0.000
[1781490313.952] SMART_KICK_LEVEL: 0.001
[1781490313.952] SMART_SNARE_LEVEL: 0.001
[1781490313.952] SMART_HIHAT_LEVEL: 0.000
[1781490313.952] SMART_SNARE_EVENT_ID: 2486
[1781490313.952] SMART_HIHAT_EVENT_ID: 7194
[1781490313.952] }}
[1781490314.848] >>> :vp_status
[1781490314.869] sbr{{
[1781490314.869] VP_PROFILE: candidate
[1781490314.869] VP_FIXES: agc_soft=on chroma_gate=on prism_off=on bloom_decay=off hsv_source_sat=on secondary_clean=on
[1781490314.869] VP_STREAM: off
[1781490314.869] AP_STREAM: off
[1781490314.869] VP_BLOOM: alpha=0.9900 shift=1.0000 force_sat=on
[1781490314.871] VP_WAVEFORM: idle_fade=0.9850 raw_margin=1.1000 peak_floor=0.0800 active_fade=0.0400 blend_gain=2.0000 fallback=1.0000 vu_floor=0.0200 shift_rate=120.0000
[1781490314.872] VP_CHROMA: seq=131476 range=60 profile=0 gate_gain=0.0750 pre_max=0.4098 pre_mean=0.3645 norm_max=0.8594 norm_mean=0.7644 flatness=0.0950 final_max=0.0569 final_mean=0.0498
[1781490314.873] VP_AGC: gain=0.7063 envelope=0.5560 floor=0.0010 gated=false
[1781490314.873] VP_RENDER_US: last=752 avg=707 max=1059
[1781490314.873] }}
[1781490315.757] >>> :vp_perf=status
[1781490315.768] sbr{{
[1781490315.768] VP_PERF: disabled (compile with ENABLE_VP_PERF_AUDIT=1)
[1781490315.768] }}
[1781490316.558] >>> :ap_stream=on
[1781490316.578] sbr{{
[1781490316.578] AP_STREAM: on
[1781490316.578] }}
[1781490316.581] [AP] SSL=180 DC=-828 max_raw=401 follower=2396 peak_scaled=0.084 response_gain=1.000 silent_scale=1.000 silence=0 cal_source=config cal_valid=1 cal_reason=none | bpm=82.0 conf=0.55 lock=1 phase=0.68 beat=0 bstr=0.13 | onset=1 bass=0 ostr=0.00
[1781490317.262] >>> :vp_stream=on
[1781490317.278] sbr{{
[1781490317.278] VP_STREAM: on
[1781490317.278] }}
[1781490317.284] [VP] profile=candidate fix=111011 chroma_seq=131959 chroma_flatness=0.0635 chroma_norm_max=0.5918 chroma_norm_mean=0.5283 chroma_final_max=0.0000 chroma_final_mean=0.0000 agc_gain=0.8163 bloom_alpha=0.9900 bloom_shift=1.0000 wave_idle=0.9850 wave_raw_margin=1.1000 wave_peak_floor=0.0800 wave_vu_floor=0.0200 wave_shift=120.0000 render_us=614 render_avg=593 render_max=1059
[1781490317.585] [AP] SSL=180 DC=-828 max_raw=313 follower=1310 peak_scaled=0.097 response_gain=1.000 silent_scale=1.000 silence=0 cal_source=config cal_valid=1 cal_reason=none | bpm=83.0 conf=0.19 lock=0 phase=0.05 beat=0 bstr=0.21 | onset=1 bass=0 ostr=0.00
[1781490317.972] >>> :smart_status
[1781490317.973] sbr{{
[1781490317.973] SMART_ASSIST: off
[1781490317.973] SMART_SWITCHING: off
[1781490317.973] SMART_DIRECTOR_AUTONOMY: off
[1781490317.973] SMART_HOOKS: off
[1781490317.973] SMART_CONFIDENCE_FLOOR: 0.080
[1781490317.974] SMART_APPLIED_MODE: 3
[1781490317.974] SMART_LAST_REQUESTED_MODE: 3
[1781490317.974] SMART_SWITCHES_IN_WINDOW: 0
[1781490317.974] SMART_MANUAL_OWNER_ACTIVE: 0
[1781490317.974] SMART_LAST_REASON: 0
[1781490317.974] SMART_STATE: 0
[1781490317.974] SMART_INTENT_MODE: 3
[1781490317.974] SMART_INTENT_CONFIDENCE: 0.000
[1781490317.975] SMART_INTENT_WANTS_SWITCH: 0
[1781490317.975] SMART_SCALAR_PHOTONS: 1.000
[1781490317.975] SMART_SCALAR_CHROMA: 1.000
[1781490317.975] SMART_SCALAR_MOOD: 1.000
[1781490317.975] SMART_SCALAR_SATURATION: 1.000
[1781490317.975] SMART_PALETTE_OVERLAY: 0
[1781490317.976] SMART_PALETTE_INDEX: 0
[1781490317.976] SMART_AUTO_COLOUR_SHIFT: 0
[1781490317.976] SMART_MIN_DWELL_MS: 8000
[1781490317.976] SMART_COOLDOWN_MS: 20000
[1781490317.976] SMART_SWITCH_WINDOW_MS: 60000
[1781490317.976] SMART_MAX_SWITCHES: 2
[1781490317.976] SMART_AUDIO_NOVELTY: 0.0310
[1781490317.976] SMART_AUDIO_ENERGY: 0.2159
[1781490317.976] SMART_EVENT_ID: 6923
[1781490317.976] SMART_EVENT_AGE_MS: 34
[1781490317.977] SMART_ONSET: 1
[1781490317.977] SMART_BASS_ONSET: 0
[1781490317.977] SMART_BEAT_CONFIDENCE: 0.000
[1781490317.977] SMART_TRANSIENT: 0
[1781490317.977] SMART_KICK: 0
[1781490317.977] SMART_SNARE: 0
[1781490317.977] SMART_HIHAT: 0
[1781490317.977] SMART_TRANSIENT_LEVEL: 0.310
[1781490317.977] SMART_KICK_LEVEL: 0.000
[1781490317.977] SMART_SNARE_LEVEL: 0.000
[1781490317.978] SMART_HIHAT_LEVEL: 0.000
[1781490317.978] SMART_SNARE_EVENT_ID: 2496
[1781490317.978] SMART_HIHAT_EVENT_ID: 7224
[1781490317.978] }}
[1781490318.284] [VP] profile=candidate fix=111011 chroma_seq=132159 chroma_flatness=0.0500 chroma_norm_max=0.6086 chroma_norm_mean=0.5585 chroma_final_max=0.0000 chroma_final_mean=0.0000 agc_gain=0.9568 bloom_alpha=0.9900 bloom_shift=1.0000 wave_idle=0.9850 wave_raw_margin=1.1000 wave_peak_floor=0.0800 wave_vu_floor=0.0200 wave_shift=120.0000 render_us=594 render_avg=591 render_max=1059
[1781490318.590] [AP] SSL=180 DC=-828 max_raw=247 follower=737 peak_scaled=0.162 response_gain=1.000 silent_scale=1.000 silence=0 cal_source=config cal_valid=1 cal_reason=none | bpm=83.0 conf=0.23 lock=0 phase=0.44 beat=0 bstr=0.17 | onset=0 bass=1 ostr=0.02
[1781490319.285] [VP] profile=candidate fix=111011 chroma_seq=132361 chroma_flatness=0.0970 chroma_norm_max=0.7833 chroma_norm_mean=0.6863 chroma_final_max=0.0583 chroma_final_mean=0.0500 agc_gain=0.8764 bloom_alpha=0.9900 bloom_shift=1.0000 wave_idle=0.9850 wave_raw_margin=1.1000 wave_peak_floor=0.0800 wave_vu_floor=0.0200 wave_shift=120.0000 render_us=706 render_avg=733 render_max=1059
[1781490319.596] [AP] SSL=180 DC=-828 max_raw=510 follower=726 peak_scaled=0.826 response_gain=1.000 silent_scale=1.000 silence=0 cal_source=config cal_valid=1 cal_reason=none | bpm=83.0 conf=0.24 lock=0 phase=0.85 beat=0 bstr=0.18 | onset=0 bass=1 ostr=0.03
[1781490320.299] [VP] profile=candidate fix=111011 chroma_seq=132565 chroma_flatness=0.0457 chroma_norm_max=0.4660 chroma_norm_mean=0.4204 chroma_final_max=0.0000 chroma_final_mean=0.0000 agc_gain=0.4914 bloom_alpha=0.9900 bloom_shift=1.0000 wave_idle=0.9850 wave_raw_margin=1.1000 wave_peak_floor=0.0800 wave_vu_floor=0.0200 wave_shift=120.0000 render_us=609 render_avg=614 render_max=1059
[1781490320.600] [AP] SSL=180 DC=-828 max_raw=352 follower=589 peak_scaled=0.292 response_gain=1.000 silent_scale=1.000 silence=0 cal_source=config cal_valid=1 cal_reason=none | bpm=93.0 conf=0.20 lock=0 phase=0.30 beat=0 bstr=0.04 | onset=0 bass=0 ostr=0.00
[1781490321.299] [VP] profile=candidate fix=111011 chroma_seq=132765 chroma_flatness=0.1693 chroma_norm_max=1.1240 chroma_norm_mean=0.9548 chroma_final_max=0.4571 chroma_final_mean=0.3815 agc_gain=0.8211 bloom_alpha=0.9900 bloom_shift=1.0000 wave_idle=0.9850 wave_raw_margin=1.1000 wave_peak_floor=0.0800 wave_vu_floor=0.0200 wave_shift=120.0000 render_us=697 render_avg=640 render_max=1059
[1781490321.605] [AP] SSL=180 DC=-828 max_raw=968 follower=687 peak_scaled=1.170 response_gain=1.000 silent_scale=1.000 silence=0 cal_source=config cal_valid=1 cal_reason=none | bpm=92.0 conf=0.35 lock=0 phase=0.72 beat=0 bstr=0.02 | onset=1 bass=0 ostr=0.00
[1781490322.300] [VP] profile=candidate fix=111011 chroma_seq=132966 chroma_flatness=0.1332 chroma_norm_max=0.7020 chroma_norm_mean=0.5688 chroma_final_max=0.1602 chroma_final_mean=0.1248 agc_gain=0.8016 bloom_alpha=0.9900 bloom_shift=1.0000 wave_idle=0.9850 wave_raw_margin=1.1000 wave_peak_floor=0.0800 wave_vu_floor=0.0200 wave_shift=120.0000 render_us=747 render_avg=658 render_max=1059
[1781490322.611] [AP] SSL=180 DC=-828 max_raw=163 follower=468 peak_scaled=0.328 response_gain=1.000 silent_scale=1.000 silence=0 cal_source=config cal_valid=1 cal_reason=none | bpm=89.0 conf=0.18 lock=0 phase=0.23 beat=0 bstr=0.17 | onset=0 bass=0 ostr=0.00
[1781490323.304] [VP] profile=candidate fix=111011 chroma_seq=133168 chroma_flatness=0.1882 chroma_norm_max=1.1692 chroma_norm_mean=0.9810 chroma_final_max=0.5785 chroma_final_mean=0.4767 agc_gain=1.1185 bloom_alpha=0.9900 bloom_shift=1.0000 wave_idle=0.9850 wave_raw_margin=1.1000 wave_peak_floor=0.0800 wave_vu_floor=0.0200 wave_shift=120.0000 render_us=651 render_avg=685 render_max=1059
[1781490323.615] [AP] SSL=180 DC=-828 max_raw=241 follower=351 peak_scaled=0.370 response_gain=1.000 silent_scale=1.000 silence=0 cal_source=config cal_valid=1 cal_reason=none | bpm=89.0 conf=0.23 lock=0 phase=0.70 beat=0 bstr=0.09 | onset=1 bass=0 ostr=0.00
[1781490324.304] [VP] profile=candidate fix=111011 chroma_seq=133369 chroma_flatness=0.0480 chroma_norm_max=0.5985 chroma_norm_mean=0.5506 chroma_final_max=0.0000 chroma_final_mean=0.0000 agc_gain=0.6440 bloom_alpha=0.9900 bloom_shift=1.0000 wave_idle=0.9850 wave_raw_margin=1.1000 wave_peak_floor=0.0800 wave_vu_floor=0.0200 wave_shift=120.0000 render_us=602 render_avg=596 render_max=1059
[1781490324.620] [AP] SSL=180 DC=-828 max_raw=501 follower=644 peak_scaled=0.425 response_gain=1.000 silent_scale=1.000 silence=0 cal_source=config cal_valid=1 cal_reason=none | bpm=114.0 conf=0.35 lock=0 phase=0.33 beat=0 bstr=0.71 | onset=1 bass=0 ostr=0.00
[1781490325.304] [VP] profile=candidate fix=111011 chroma_seq=133569 chroma_flatness=0.1102 chroma_norm_max=1.0837 chroma_norm_mean=0.9735 chroma_final_max=0.1486 chroma_final_mean=0.1319 agc_gain=0.3372 bloom_alpha=0.9900 bloom_shift=1.0000 wave_idle=0.9850 wave_raw_margin=1.1000 wave_peak_floor=0.0800 wave_vu_floor=0.0200 wave_shift=120.0000 render_us=703 render_avg=658 render_max=1059
[1781490325.626] [AP] SSL=180 DC=-828 max_raw=1292 follower=3586 peak_scaled=0.302 response_gain=1.000 silent_scale=1.000 silence=0 cal_source=config cal_valid=1 cal_reason=none | bpm=115.0 conf=0.64 lock=1 phase=0.36 beat=0 bstr=0.82 | onset=0 bass=0 ostr=0.00
[1781490326.305] [VP] profile=candidate fix=111011 chroma_seq=133770 chroma_flatness=0.0382 chroma_norm_max=0.2373 chroma_norm_mean=0.1991 chroma_final_max=0.0000 chroma_final_mean=0.0000 agc_gain=0.1927 bloom_alpha=0.9900 bloom_shift=1.0000 wave_idle=0.9850 wave_raw_margin=1.1000 wave_peak_floor=0.0800 wave_vu_floor=0.0200 wave_shift=120.0000 render_us=606 render_avg=605 render_max=1059
[1781490326.630] [AP] SSL=180 DC=-828 max_raw=299 follower=1995 peak_scaled=0.059 response_gain=1.000 silent_scale=1.000 silence=0 cal_source=config cal_valid=1 cal_reason=none | bpm=121.0 conf=0.61 lock=1 phase=0.22 beat=0 bstr=0.17 | onset=0 bass=0 ostr=0.00
[1781490327.320] [VP] profile=candidate fix=111011 chroma_seq=133973 chroma_flatness=0.1109 chroma_norm_max=0.6876 chroma_norm_mean=0.5818 chroma_final_max=0.0757 chroma_final_mean=0.0621 agc_gain=0.6224 bloom_alpha=0.9900 bloom_shift=1.0000 wave_idle=0.9850 wave_raw_margin=1.1000 wave_peak_floor=0.0800 wave_vu_floor=0.0200 wave_shift=120.0000 render_us=735 render_avg=709 render_max=1059
[1781490327.635] [AP] SSL=180 DC=-828 max_raw=333 follower=2719 peak_scaled=0.272 response_gain=1.000 silent_scale=1.000 silence=0 cal_source=config cal_valid=1 cal_reason=none | bpm=86.0 conf=0.51 lock=1 phase=0.15 beat=0 bstr=0.37 | onset=0 bass=0 ostr=0.00
[1781490328.330] [VP] profile=candidate fix=111011 chroma_seq=134176 chroma_flatness=0.1278 chroma_norm_max=0.2736 chroma_norm_mean=0.1458 chroma_final_max=0.0415 chroma_final_mean=0.0109 agc_gain=0.3924 bloom_alpha=0.9900 bloom_shift=1.0000 wave_idle=0.9850 wave_raw_margin=1.1000 wave_peak_floor=0.0800 wave_vu_floor=0.0200 wave_shift=120.0000 render_us=713 render_avg=649 render_max=1059
[1781490328.641] [AP] SSL=180 DC=-828 max_raw=251 follower=1437 peak_scaled=0.097 response_gain=1.000 silent_scale=1.000 silence=0 cal_source=config cal_valid=1 cal_reason=none | bpm=86.0 conf=0.25 lock=0 phase=0.62 beat=0 bstr=0.62 | onset=1 bass=0 ostr=0.00
[1781490329.335] [VP] profile=candidate fix=111011 chroma_seq=134379 chroma_flatness=0.2496 chroma_norm_max=0.7117 chroma_norm_mean=0.4621 chroma_final_max=0.5188 chroma_final_mean=0.3071 agc_gain=1.1156 bloom_alpha=0.9900 bloom_shift=1.0000 wave_idle=0.9850 wave_raw_margin=1.1000 wave_peak_floor=0.0800 wave_vu_floor=0.0200 wave_shift=120.0000 render_us=732 render_avg=728 render_max=1059
[1781490329.645] [AP] SSL=180 DC=-828 max_raw=247 follower=770 peak_scaled=0.163 response_gain=1.000 silent_scale=1.000 silence=0 cal_source=config cal_valid=1 cal_reason=none | bpm=86.0 conf=0.25 lock=0 phase=0.04 beat=0 bstr=0.67 | onset=1 bass=0 ostr=0.00
[1781490330.334] [VP] profile=candidate fix=111011 chroma_seq=134582 chroma_flatness=0.0493 chroma_norm_max=0.6091 chroma_norm_mean=0.5598 chroma_final_max=0.0000 chroma_final_mean=0.0000 agc_gain=1.3453 bloom_alpha=0.9900 bloom_shift=1.0000 wave_idle=0.9850 wave_raw_margin=1.1000 wave_peak_floor=0.0800 wave_vu_floor=0.0200 wave_shift=120.0000 render_us=650 render_avg=605 render_max=1059
[1781490330.650] [AP] SSL=180 DC=-828 max_raw=598 follower=526 peak_scaled=0.778 response_gain=1.000 silent_scale=1.000 silence=0 cal_source=config cal_valid=1 cal_reason=none | bpm=86.0 conf=0.25 lock=0 phase=0.49 beat=0 bstr=0.59 | onset=0 bass=0 ostr=0.00
[1781490331.335] [VP] profile=candidate fix=111011 chroma_seq=134782 chroma_flatness=0.0693 chroma_norm_max=0.6694 chroma_norm_mean=0.6001 chroma_final_max=0.0000 chroma_final_mean=0.0000 agc_gain=1.1479 bloom_alpha=0.9900 bloom_shift=1.0000 wave_idle=0.9850 wave_raw_margin=1.1000 wave_peak_floor=0.0800 wave_vu_floor=0.0200 wave_shift=120.0000 render_us=648 render_avg=596 render_max=1059
[1781490331.656] [AP] SSL=180 DC=-828 max_raw=193 follower=305 peak_scaled=0.357 response_gain=1.000 silent_scale=1.000 silence=0 cal_source=config cal_valid=1 cal_reason=none | bpm=82.0 conf=0.21 lock=0 phase=0.92 beat=0 bstr=0.20 | onset=0 bass=0 ostr=0.00
[1781490332.335] [VP] profile=candidate fix=111011 chroma_seq=134983 chroma_flatness=0.0822 chroma_norm_max=1.1138 chroma_norm_mean=1.0316 chroma_final_max=0.0110 chroma_final_mean=0.0101 agc_gain=1.0428 bloom_alpha=0.9900 bloom_shift=1.0000 wave_idle=0.9850 wave_raw_margin=1.1000 wave_peak_floor=0.0800 wave_vu_floor=0.0200 wave_shift=120.0000 render_us=703 render_avg=647 render_max=1059
[1781490332.660] [AP] SSL=180 DC=-828 max_raw=163 follower=859 peak_scaled=0.269 response_gain=1.000 silent_scale=1.000 silence=0 cal_source=config cal_valid=1 cal_reason=none | bpm=82.0 conf=0.25 lock=0 phase=0.27 beat=0 bstr=0.31 | onset=1 bass=0 ostr=0.00
[1781490333.340] [VP] profile=candidate fix=111011 chroma_seq=135184 chroma_flatness=0.0755 chroma_norm_max=0.5309 chroma_norm_mean=0.4554 chroma_final_max=0.0000 chroma_final_mean=0.0000 agc_gain=0.8928 bloom_alpha=0.9900 bloom_shift=1.0000 wave_idle=0.9850 wave_raw_margin=1.1000 wave_peak_floor=0.0800 wave_vu_floor=0.0200 wave_shift=120.0000 render_us=612 render_avg=627 render_max=1059
[1781490333.666] [AP] SSL=180 DC=-828 max_raw=230 follower=505 peak_scaled=0.301 response_gain=1.000 silent_scale=1.000 silence=0 cal_source=config cal_valid=1 cal_reason=none | bpm=82.0 conf=0.25 lock=0 phase=0.65 beat=0 bstr=0.27 | onset=1 bass=0 ostr=0.00
[1781490334.339] [VP] profile=candidate fix=111011 chroma_seq=135385 chroma_flatness=0.0488 chroma_norm_max=0.3942 chroma_norm_mean=0.3454 chroma_final_max=0.0000 chroma_final_mean=0.0000 agc_gain=0.7127 bloom_alpha=0.9900 bloom_shift=1.0000 wave_idle=0.9850 wave_raw_margin=1.1000 wave_peak_floor=0.0800 wave_vu_floor=0.0200 wave_shift=120.0000 render_us=607 render_avg=596 render_max=1059
[1781490334.671] [AP] SSL=180 DC=-828 max_raw=796 follower=1167 peak_scaled=0.491 response_gain=1.000 silent_scale=1.000 silence=0 cal_source=config cal_valid=1 cal_reason=none | bpm=82.0 conf=0.27 lock=0 phase=0.04 beat=0 bstr=0.16 | onset=0 bass=0 ostr=0.00
[1781490335.342] [VP] profile=candidate fix=111011 chroma_seq=135586 chroma_flatness=0.1353 chroma_norm_max=0.4408 chroma_norm_mean=0.3055 chroma_final_max=0.0942 chroma_final_mean=0.0568 agc_gain=0.2927 bloom_alpha=0.9900 bloom_shift=1.0000 wave_idle=0.9850 wave_raw_margin=1.1000 wave_peak_floor=0.0800 wave_vu_floor=0.0200 wave_shift=120.0000 render_us=761 render_avg=732 render_max=1059
[1781490335.675] [AP] SSL=180 DC=-828 max_raw=670 follower=4370 peak_scaled=0.190 response_gain=1.000 silent_scale=1.000 silence=0 cal_source=config cal_valid=1 cal_reason=none | bpm=86.0 conf=0.36 lock=0 phase=0.41 beat=0 bstr=0.71 | onset=1 bass=0 ostr=0.00
[1781490336.345] [VP] profile=candidate fix=111011 chroma_seq=135787 chroma_flatness=0.0186 chroma_norm_max=0.2012 chroma_norm_mean=0.1826 chroma_final_max=0.0000 chroma_final_mean=0.0000 agc_gain=0.4895 bloom_alpha=0.9900 bloom_shift=1.0000 wave_idle=0.9850 wave_raw_margin=1.1000 wave_peak_floor=0.0800 wave_vu_floor=0.0200 wave_shift=120.0000 render_us=613 render_avg=603 render_max=1059
[1781490336.681] [AP] SSL=180 DC=-828 max_raw=207 follower=2331 peak_scaled=0.037 response_gain=1.000 silent_scale=1.000 silence=0 cal_source=config cal_valid=1 cal_reason=none | bpm=86.0 conf=0.58 lock=0 phase=0.86 beat=0 bstr=0.75 | onset=0 bass=0 ostr=0.00
[1781490337.354] [VP] profile=candidate fix=111011 chroma_seq=135989 chroma_flatness=0.0224 chroma_norm_max=0.1107 chroma_norm_mean=0.0883 chroma_final_max=0.0000 chroma_final_mean=0.0000 agc_gain=0.1732 bloom_alpha=0.9900 bloom_shift=1.0000 wave_idle=0.9850 wave_raw_margin=1.1000 wave_peak_floor=0.0800 wave_vu_floor=0.0200 wave_shift=120.0000 render_us=603 render_avg=602 render_max=1059
[1781490337.687] [AP] SSL=180 DC=-828 max_raw=501 follower=2464 peak_scaled=0.400 response_gain=1.000 silent_scale=1.000 silence=0 cal_source=config cal_valid=1 cal_reason=none | bpm=99.0 conf=0.97 lock=1 phase=0.37 beat=0 bstr=0.02 | onset=0 bass=1 ostr=0.19
[1781490338.355] [VP] profile=candidate fix=111011 chroma_seq=136189 chroma_flatness=0.0599 chroma_norm_max=0.5736 chroma_norm_mean=0.5136 chroma_final_max=0.0000 chroma_final_mean=0.0000 agc_gain=0.5798 bloom_alpha=0.9900 bloom_shift=1.0000 wave_idle=0.9850 wave_raw_margin=1.1000 wave_peak_floor=0.0800 wave_vu_floor=0.0200 wave_shift=120.0000 render_us=650 render_avg=607 render_max=1059
[1781490338.690] [AP] SSL=180 DC=-828 max_raw=276 follower=1773 peak_scaled=0.169 response_gain=1.000 silent_scale=1.000 silence=0 cal_source=config cal_valid=1 cal_reason=none | bpm=99.0 conf=0.97 lock=1 phase=0.93 beat=0 bstr=0.07 | onset=1 bass=0 ostr=0.00
[1781490339.357] [VP] profile=candidate fix=111011 chroma_seq=136390 chroma_flatness=0.0333 chroma_norm_max=0.1646 chroma_norm_mean=0.1313 chroma_final_max=0.0000 chroma_final_mean=0.0000 agc_gain=0.2014 bloom_alpha=0.9900 bloom_shift=1.0000 wave_idle=0.9850 wave_raw_margin=1.1000 wave_peak_floor=0.0800 wave_vu_floor=0.0200 wave_shift=120.0000 render_us=616 render_avg=637 render_max=1059
[1781490339.696] [AP] SSL=180 DC=-828 max_raw=546 follower=3849 peak_scaled=0.290 response_gain=1.000 silent_scale=1.000 silence=0 cal_source=config cal_valid=1 cal_reason=none | bpm=99.0 conf=0.97 lock=1 phase=0.65 beat=0 bstr=0.13 | onset=0 bass=1 ostr=0.05
[1781490340.370] [VP] profile=candidate fix=111011 chroma_seq=136593 chroma_flatness=0.0437 chroma_norm_max=0.3802 chroma_norm_mean=0.3365 chroma_final_max=0.0000 chroma_final_mean=0.0000 agc_gain=0.5390 bloom_alpha=0.9900 bloom_shift=1.0000 wave_idle=0.9850 wave_raw_margin=1.1000 wave_peak_floor=0.0800 wave_vu_floor=0.0200 wave_shift=120.0000 render_us=613 render_avg=613 render_max=1059
[1781490340.702] [AP] SSL=180 DC=-828 max_raw=286 follower=2090 peak_scaled=0.164 response_gain=1.000 silent_scale=1.000 silence=0 cal_source=config cal_valid=1 cal_reason=none | bpm=99.0 conf=0.96 lock=1 phase=0.42 beat=0 bstr=0.28 | onset=0 bass=0 ostr=0.00
[1781490341.370] [VP] profile=candidate fix=111011 chroma_seq=136793 chroma_flatness=0.0936 chroma_norm_max=0.7652 chroma_norm_mean=0.6716 chroma_final_max=0.0451 chroma_final_mean=0.0387 agc_gain=0.7608 bloom_alpha=0.9900 bloom_shift=1.0000 wave_idle=0.9850 wave_raw_margin=1.1000 wave_peak_floor=0.0800 wave_vu_floor=0.0200 wave_shift=120.0000 render_us=667 render_avg=628 render_max=1059
[1781490341.706] [AP] SSL=180 DC=-828 max_raw=391 follower=1740 peak_scaled=0.307 response_gain=1.000 silent_scale=1.000 silence=0 cal_source=config cal_valid=1 cal_reason=none | bpm=99.0 conf=0.95 lock=1 phase=0.03 beat=0 bstr=0.34 | onset=0 bass=0 ostr=0.00
[1781490342.370] [VP] profile=candidate fix=111011 chroma_seq=136993 chroma_flatness=0.0303 chroma_norm_max=0.2154 chroma_norm_mean=0.1852 chroma_final_max=0.0000 chroma_final_mean=0.0000 agc_gain=0.4842 bloom_alpha=0.9900 bloom_shift=1.0000 wave_idle=0.9850 wave_raw_margin=1.1000 wave_peak_floor=0.0800 wave_vu_floor=0.0200 wave_shift=120.0000 render_us=616 render_avg=601 render_max=1059
[1781490342.712] [AP] SSL=180 DC=-828 max_raw=1377 follower=1354 peak_scaled=1.173 response_gain=1.000 silent_scale=1.000 silence=0 cal_source=config cal_valid=1 cal_reason=none | bpm=99.0 conf=0.95 lock=1 phase=0.64 beat=0 bstr=0.25 | onset=1 bass=0 ostr=0.00
[1781490343.374] [VP] profile=candidate fix=111011 chroma_seq=137194 chroma_flatness=0.0400 chroma_norm_max=0.2724 chroma_norm_mean=0.2324 chroma_final_max=0.0000 chroma_final_mean=0.0000 agc_gain=0.4253 bloom_alpha=0.9900 bloom_shift=1.0000 wave_idle=0.9850 wave_raw_margin=1.1000 wave_peak_floor=0.0800 wave_vu_floor=0.0200 wave_shift=120.0000 render_us=565 render_avg=595 render_max=1079
[1781490343.716] [AP] SSL=180 DC=-828 max_raw=449 follower=876 peak_scaled=0.732 response_gain=1.000 silent_scale=1.000 silence=0 cal_source=config cal_valid=1 cal_reason=none | bpm=99.0 conf=0.93 lock=1 phase=0.34 beat=0 bstr=0.12 | onset=0 bass=1 ostr=0.03
[1781490344.375] [VP] profile=candidate fix=111011 chroma_seq=137395 chroma_flatness=0.0930 chroma_norm_max=0.7708 chroma_norm_mean=0.6778 chroma_final_max=0.0436 chroma_final_mean=0.0376 agc_gain=0.8474 bloom_alpha=0.9900 bloom_shift=1.0000 wave_idle=0.9850 wave_raw_margin=1.1000 wave_peak_floor=0.0800 wave_vu_floor=0.0200 wave_shift=120.0000 render_us=696 render_avg=628 render_max=1079
[1781490344.720] [AP] SSL=180 DC=-828 max_raw=299 follower=1034 peak_scaled=0.195 response_gain=1.000 silent_scale=1.000 silence=0 cal_source=config cal_valid=1 cal_reason=none | bpm=71.0 conf=0.91 lock=1 phase=0.70 beat=0 bstr=0.06 | onset=0 bass=0 ostr=0.00
[1781490345.375] [VP] profile=candidate fix=111011 chroma_seq=137595 chroma_flatness=0.0422 chroma_norm_max=0.3237 chroma_norm_mean=0.2815 chroma_final_max=0.0000 chroma_final_mean=0.0000 agc_gain=0.6711 bloom_alpha=0.9900 bloom_shift=1.0000 wave_idle=0.9850 wave_raw_margin=1.1000 wave_peak_floor=0.0800 wave_vu_floor=0.0200 wave_shift=120.0000 render_us=607 render_avg=597 render_max=1079
[1781490345.726] [AP] SSL=180 DC=-828 max_raw=164 follower=598 peak_scaled=0.205 response_gain=1.000 silent_scale=1.000 silence=0 cal_source=config cal_valid=1 cal_reason=none | bpm=105.0 conf=0.96 lock=1 phase=0.12 beat=0 bstr=0.06 | onset=0 bass=0 ostr=0.00
[1781490346.376] [VP] profile=candidate fix=111011 chroma_seq=137795 chroma_flatness=0.1169 chroma_norm_max=0.7360 chroma_norm_mean=0.6191 chroma_final_max=0.1173 chroma_final_mean=0.0957 agc_gain=1.1723 bloom_alpha=0.9900 bloom_shift=1.0000 wave_idle=0.9850 wave_raw_margin=1.1000 wave_peak_floor=0.0800 wave_vu_floor=0.0200 wave_shift=120.0000 render_us=775 render_avg=667 render_max=1079
[1781490346.731] [AP] SSL=180 DC=-828 max_raw=327 follower=347 peak_scaled=0.380 response_gain=1.000 silent_scale=1.000 silence=0 cal_source=config cal_valid=1 cal_reason=none | bpm=62.0 conf=0.67 lock=1 phase=0.65 beat=0 bstr=0.54 | onset=0 bass=1 ostr=0.02
[1781490347.380] [VP] profile=candidate fix=111011 chroma_seq=137998 chroma_flatness=0.1401 chroma_norm_max=0.8782 chroma_norm_mean=0.7381 chroma_final_max=0.2337 chroma_final_mean=0.1917 agc_gain=1.2580 bloom_alpha=0.9900 bloom_shift=1.0000 wave_idle=0.9850 wave_raw_margin=1.1000 wave_peak_floor=0.0800 wave_vu_floor=0.0200 wave_shift=120.0000 render_us=657 render_avg=699 render_max=1079
[1781490347.736] [AP] SSL=180 DC=-828 max_raw=150 follower=239 peak_scaled=0.424 response_gain=1.000 silent_scale=1.000 silence=0 cal_source=config cal_valid=1 cal_reason=none | bpm=88.0 conf=0.30 lock=0 phase=0.97 beat=0 bstr=0.16 | onset=0 bass=1 ostr=0.02
[1781490348.381] [VP] profile=candidate fix=111011 chroma_seq=138200 chroma_flatness=0.0293 chroma_norm_max=0.6850 chroma_norm_mean=0.6557 chroma_final_max=0.0000 chroma_final_mean=0.0000 agc_gain=0.2430 bloom_alpha=0.9900 bloom_shift=1.0000 wave_idle=0.9850 wave_raw_margin=1.1000 wave_peak_floor=0.0800 wave_vu_floor=0.0200 wave_shift=120.0000 render_us=610 render_avg=647 render_max=1079
[1781490348.741] [AP] SSL=180 DC=-828 max_raw=401 follower=2942 peak_scaled=0.107 response_gain=1.000 silent_scale=1.000 silence=0 cal_source=config cal_valid=1 cal_reason=none | bpm=67.0 conf=0.71 lock=1 phase=0.42 beat=0 bstr=0.03 | onset=0 bass=0 ostr=0.00
[1781490349.380] [VP] profile=candidate fix=111011 chroma_seq=138400 chroma_flatness=0.0267 chroma_norm_max=0.2259 chroma_norm_mean=0.1992 chroma_final_max=0.0000 chroma_final_mean=0.0000 agc_gain=0.4585 bloom_alpha=0.9900 bloom_shift=1.0000 wave_idle=0.9850 wave_raw_margin=1.1000 wave_peak_floor=0.0800 wave_vu_floor=0.0200 wave_shift=120.0000 render_us=612 render_avg=597 render_max=1079
[1781490349.747] [AP] SSL=180 DC=-828 max_raw=241 follower=1599 peak_scaled=0.099 response_gain=1.000 silent_scale=1.000 silence=0 cal_source=config cal_valid=1 cal_reason=none | bpm=67.0 conf=0.98 lock=1 phase=0.46 beat=0 bstr=0.07 | onset=1 bass=0 ostr=0.00
[1781490350.381] [VP] profile=candidate fix=111011 chroma_seq=138601 chroma_flatness=0.0473 chroma_norm_max=0.7306 chroma_norm_mean=0.6833 chroma_final_max=0.0000 chroma_final_mean=0.0000 agc_gain=0.6517 bloom_alpha=0.9900 bloom_shift=1.0000 wave_idle=0.9850 wave_raw_margin=1.1000 wave_peak_floor=0.0800 wave_vu_floor=0.0200 wave_shift=120.0000 render_us=653 render_avg=648 render_max=1079
[1781490350.750] [AP] SSL=180 DC=-828 max_raw=771 follower=1299 peak_scaled=0.825 response_gain=1.000 silent_scale=1.000 silence=0 cal_source=config cal_valid=1 cal_reason=none | bpm=86.0 conf=0.33 lock=0 phase=0.72 beat=0 bstr=0.02 | onset=1 bass=0 ostr=0.00
[1781490351.395] [VP] profile=candidate fix=111011 chroma_seq=138804 chroma_flatness=0.0726 chroma_norm_max=0.3585 chroma_norm_mean=0.2859 chroma_final_max=0.0000 chroma_final_mean=0.0000 agc_gain=0.5552 bloom_alpha=0.9900 bloom_shift=1.0000 wave_idle=0.9850 wave_raw_margin=1.1000 wave_peak_floor=0.0800 wave_vu_floor=0.0200 wave_shift=120.0000 render_us=602 render_avg=597 render_max=1079
[1781490351.756] [AP] SSL=180 DC=-828 max_raw=319 follower=747 peak_scaled=0.179 response_gain=1.000 silent_scale=1.000 silence=0 cal_source=config cal_valid=1 cal_reason=none | bpm=67.0 conf=0.26 lock=0 phase=0.88 beat=0 bstr=0.12 | onset=0 bass=0 ostr=0.00
[1781490352.396] [VP] profile=candidate fix=111011 chroma_seq=139005 chroma_flatness=0.0827 chroma_norm_max=0.5957 chroma_norm_mean=0.5130 chroma_final_max=0.0067 chroma_final_mean=0.0056 agc_gain=0.7754 bloom_alpha=0.9900 bloom_shift=1.0000 wave_idle=0.9850 wave_raw_margin=1.1000 wave_peak_floor=0.0800 wave_vu_floor=0.0200 wave_shift=120.0000 render_us=652 render_avg=637 render_max=1079
[1781490352.762] [AP] SSL=180 DC=-828 max_raw=352 follower=475 peak_scaled=0.427 response_gain=1.000 silent_scale=1.000 silence=0 cal_source=config cal_valid=1 cal_reason=none | bpm=67.0 conf=0.25 lock=0 phase=0.01 beat=1 bstr=0.23 | onset=1 bass=0 ostr=0.00
[1781490353.397] [VP] profile=candidate fix=111011 chroma_seq=139206 chroma_flatness=0.1740 chroma_norm_max=1.1255 chroma_norm_mean=0.9515 chroma_final_max=0.4820 chroma_final_mean=0.3910 agc_gain=0.9685 bloom_alpha=0.9900 bloom_shift=1.0000 wave_idle=0.9850 wave_raw_margin=1.1000 wave_peak_floor=0.0800 wave_vu_floor=0.0200 wave_shift=120.0000 render_us=726 render_avg=698 render_max=1079
[1781490353.766] [AP] SSL=180 DC=-828 max_raw=189 follower=359 peak_scaled=0.654 response_gain=1.000 silent_scale=1.000 silence=0 cal_source=config cal_valid=1 cal_reason=none | bpm=67.0 conf=0.92 lock=1 phase=0.12 beat=0 bstr=0.28 | onset=0 bass=1 ostr=0.02
[1781490354.400] [VP] profile=candidate fix=111011 chroma_seq=139409 chroma_flatness=0.0826 chroma_norm_max=1.0287 chroma_norm_mean=0.9462 chroma_final_max=0.0119 chroma_final_mean=0.0108 agc_gain=0.2605 bloom_alpha=0.9900 bloom_shift=1.0000 wave_idle=0.9850 wave_raw_margin=1.1000 wave_peak_floor=0.0800 wave_vu_floor=0.0200 wave_shift=120.0000 render_us=636 render_avg=686 render_max=1079
[1781490354.771] [AP] SSL=180 DC=-828 max_raw=1191 follower=2472 peak_scaled=0.655 response_gain=1.000 silent_scale=1.000 silence=0 cal_source=config cal_valid=1 cal_reason=none | bpm=67.0 conf=0.25 lock=0 phase=0.10 beat=0 bstr=0.58 | onset=1 bass=0 ostr=0.00
[1781490355.400] [VP] profile=candidate fix=111011 chroma_seq=139609 chroma_flatness=0.0102 chroma_norm_max=0.1880 chroma_norm_mean=0.1778 chroma_final_max=0.0000 chroma_final_mean=0.0000 agc_gain=0.2809 bloom_alpha=0.9900 bloom_shift=1.0000 wave_idle=0.9850 wave_raw_margin=1.1000 wave_peak_floor=0.0800 wave_vu_floor=0.0200 wave_shift=120.0000 render_us=611 render_avg=596 render_max=1079
[1781490355.777] [AP] SSL=180 DC=-828 max_raw=594 follower=1642 peak_scaled=0.494 response_gain=1.000 silent_scale=1.000 silence=0 cal_source=config cal_valid=1 cal_reason=none | bpm=67.0 conf=0.24 lock=0 phase=0.23 beat=0 bstr=0.40 | onset=0 bass=1 ostr=0.07
[1781490356.400] [VP] profile=candidate fix=111011 chroma_seq=139810 chroma_flatness=0.0609 chroma_norm_max=0.5160 chroma_norm_mean=0.4551 chroma_final_max=0.0000 chroma_final_mean=0.0000 agc_gain=0.4315 bloom_alpha=0.9900 bloom_shift=1.0000 wave_idle=0.9850 wave_raw_margin=1.1000 wave_peak_floor=0.0800 wave_vu_floor=0.0200 wave_shift=120.0000 render_us=616 render_avg=661 render_max=1079
[1781490356.781] [AP] SSL=180 DC=-828 max_raw=309 follower=959 peak_scaled=0.262 response_gain=1.000 silent_scale=1.000 silence=0 cal_source=config cal_valid=1 cal_reason=none | bpm=66.0 conf=0.23 lock=0 phase=0.33 beat=0 bstr=0.31 | onset=1 bass=0 ostr=0.00
[1781490357.402] [VP] profile=candidate fix=111011 chroma_seq=140011 chroma_flatness=0.0794 chroma_norm_max=0.5390 chroma_norm_mean=0.4596 chroma_final_max=0.0000 chroma_final_mean=0.0000 agc_gain=0.4202 bloom_alpha=0.9900 bloom_shift=1.0000 wave_idle=0.9850 wave_raw_margin=1.1000 wave_peak_floor=0.0800 wave_vu_floor=0.0200 wave_shift=120.0000 render_us=613 render_avg=698 render_max=1079
[1781490357.786] [AP] SSL=180 DC=-828 max_raw=614 follower=1641 peak_scaled=0.477 response_gain=1.000 silent_scale=1.000 silence=0 cal_source=config cal_valid=1 cal_reason=none | bpm=66.0 conf=0.25 lock=0 phase=0.45 beat=0 bstr=0.18 | onset=1 bass=0 ostr=0.00
[1781490358.406] [VP] profile=candidate fix=111011 chroma_seq=140212 chroma_flatness=0.0392 chroma_norm_max=0.2810 chroma_norm_mean=0.2417 chroma_final_max=0.0000 chroma_final_mean=0.0000 agc_gain=0.4087 bloom_alpha=0.9900 bloom_shift=1.0000 wave_idle=0.9850 wave_raw_margin=1.1000 wave_peak_floor=0.0800 wave_vu_floor=0.0200 wave_shift=120.0000 render_us=648 render_avg=631 render_max=1079
[1781490358.792] [AP] SSL=180 DC=-828 max_raw=837 follower=1045 peak_scaled=0.576 response_gain=1.000 silent_scale=1.000 silence=0 cal_source=config cal_valid=1 cal_reason=none | bpm=66.0 conf=0.32 lock=0 phase=0.56 beat=0 bstr=0.19 | onset=1 bass=0 ostr=0.00
[1781490359.405] [VP] profile=candidate fix=111011 chroma_seq=140413 chroma_flatness=0.0204 chroma_norm_max=0.2185 chroma_norm_mean=0.1988 chroma_final_max=0.0000 chroma_final_mean=0.0000 agc_gain=0.3622 bloom_alpha=0.9900 bloom_shift=1.0000 wave_idle=0.9850 wave_raw_margin=1.1000 wave_peak_floor=0.0800 wave_vu_floor=0.0200 wave_shift=120.0000 render_us=646 render_avg=644 render_max=1079
[1781490359.796] [AP] SSL=180 DC=-828 max_raw=2431 follower=2267 peak_scaled=0.993 response_gain=1.000 silent_scale=1.000 silence=0 cal_source=config cal_valid=1 cal_reason=none | bpm=66.0 conf=0.19 lock=0 phase=0.65 beat=0 bstr=0.28 | onset=0 bass=0 ostr=0.00
[1781490360.405] [VP] profile=candidate fix=111011 chroma_seq=140614 chroma_flatness=0.0535 chroma_norm_max=0.3217 chroma_norm_mean=0.2682 chroma_final_max=0.0000 chroma_final_mean=0.0000 agc_gain=0.1629 bloom_alpha=0.9900 bloom_shift=1.0000 wave_idle=0.9850 wave_raw_margin=1.1000 wave_peak_floor=0.0800 wave_vu_floor=0.0200 wave_shift=120.0000 render_us=615 render_avg=610 render_max=1079
[1781490360.802] [AP] SSL=180 DC=-828 max_raw=787 follower=2142 peak_scaled=0.572 response_gain=1.000 silent_scale=1.000 silence=0 cal_source=config cal_valid=1 cal_reason=none | bpm=66.0 conf=0.48 lock=0 phase=0.76 beat=0 bstr=0.22 | onset=1 bass=0 ostr=0.00
[1781490361.406] [VP] profile=candidate fix=111011 chroma_seq=140815 chroma_flatness=0.1152 chroma_norm_max=0.5178 chroma_norm_mean=0.4025 chroma_final_max=0.0736 chroma_final_mean=0.0533 agc_gain=0.3152 bloom_alpha=0.9900 bloom_shift=1.0000 wave_idle=0.9850 wave_raw_margin=1.1000 wave_peak_floor=0.0800 wave_vu_floor=0.0200 wave_shift=120.0000 render_us=696 render_avg=696 render_max=1079
[1781490361.807] [AP] SSL=180 DC=-828 max_raw=184 follower=1548 peak_scaled=0.110 response_gain=1.000 silent_scale=1.000 silence=0 cal_source=config cal_valid=1 cal_reason=none | bpm=66.0 conf=0.53 lock=0 phase=0.88 beat=0 bstr=0.24 | onset=0 bass=0 ostr=0.00
[1781490362.410] [VP] profile=candidate fix=111011 chroma_seq=141017 chroma_flatness=0.0694 chroma_norm_max=0.6748 chroma_norm_mean=0.6055 chroma_final_max=0.0000 chroma_final_mean=0.0000 agc_gain=0.1609 bloom_alpha=0.9900 bloom_shift=1.0000 wave_idle=0.9850 wave_raw_margin=1.1000 wave_peak_floor=0.0800 wave_vu_floor=0.0200 wave_shift=120.0000 render_us=614 render_avg=634 render_max=1079
[1781490362.811] [AP] SSL=180 DC=-828 max_raw=2546 follower=4171 peak_scaled=0.379 response_gain=1.000 silent_scale=1.000 silence=0 cal_source=config cal_valid=1 cal_reason=none | bpm=75.0 conf=0.25 lock=0 phase=0.05 beat=0 bstr=0.18 | onset=0 bass=0 ostr=0.00
[1781490363.411] [VP] profile=candidate fix=111011 chroma_seq=141218 chroma_flatness=0.0938 chroma_norm_max=0.6069 chroma_norm_mean=0.5131 chroma_final_max=0.0350 chroma_final_mean=0.0285 agc_gain=0.1041 bloom_alpha=0.9900 bloom_shift=1.0000 wave_idle=0.9850 wave_raw_margin=1.1000 wave_peak_floor=0.0800 wave_vu_floor=0.0200 wave_shift=120.0000 render_us=663 render_avg=729 render_max=1079
[1781490363.817] [AP] SSL=180 DC=-828 max_raw=1754 follower=7441 peak_scaled=0.464 response_gain=1.000 silent_scale=1.000 silence=0 cal_source=config cal_valid=1 cal_reason=none | bpm=75.0 conf=0.95 lock=1 phase=0.21 beat=0 bstr=0.17 | onset=0 bass=0 ostr=0.00
[1781490364.410] [VP] profile=candidate fix=111011 chroma_seq=141419 chroma_flatness=0.1410 chroma_norm_max=0.4800 chroma_norm_mean=0.3390 chroma_final_max=0.1159 chroma_final_mean=0.0729 agc_gain=0.1031 bloom_alpha=0.9900 bloom_shift=1.0000 wave_idle=0.9850 wave_raw_margin=1.1000 wave_peak_floor=0.0800 wave_vu_floor=0.0200 wave_shift=120.0000 render_us=741 render_avg=694 render_max=1079
[1781490364.821] [AP] SSL=180 DC=-828 max_raw=1062 follower=5165 peak_scaled=0.190 response_gain=1.000 silent_scale=1.000 silence=0 cal_source=config cal_valid=1 cal_reason=none | bpm=75.0 conf=0.95 lock=1 phase=0.36 beat=0 bstr=0.27 | onset=0 bass=1 ostr=0.04
[1781490365.411] [VP] profile=candidate fix=111011 chroma_seq=141620 chroma_flatness=0.0318 chroma_norm_max=0.3508 chroma_norm_mean=0.3189 chroma_final_max=0.0000 chroma_final_mean=0.0000 agc_gain=0.3859 bloom_alpha=0.9900 bloom_shift=1.0000 wave_idle=0.9850 wave_raw_margin=1.1000 wave_peak_floor=0.0800 wave_vu_floor=0.0200 wave_shift=120.0000 render_us=621 render_avg=604 render_max=1079
[1781490365.826] [AP] SSL=180 DC=-828 max_raw=880 follower=3950 peak_scaled=0.323 response_gain=1.000 silent_scale=1.000 silence=0 cal_source=config cal_valid=1 cal_reason=none | bpm=75.0 conf=0.96 lock=1 phase=0.54 beat=0 bstr=0.31 | onset=1 bass=0 ostr=0.00
[1781490366.415] [VP] profile=candidate fix=111011 chroma_seq=141822 chroma_flatness=0.0321 chroma_norm_max=0.3116 chroma_norm_mean=0.2795 chroma_final_max=0.0000 chroma_final_mean=0.0000 agc_gain=0.2166 bloom_alpha=0.9900 bloom_shift=1.0000 wave_idle=0.9850 wave_raw_margin=1.1000 wave_peak_floor=0.0800 wave_vu_floor=0.0200 wave_shift=120.0000 render_us=589 render_avg=606 render_max=1079
[1781490366.831] [AP] SSL=180 DC=-828 max_raw=569 follower=2558 peak_scaled=0.293 response_gain=1.000 silent_scale=1.000 silence=0 cal_source=config cal_valid=1 cal_reason=none | bpm=75.0 conf=0.96 lock=1 phase=0.91 beat=0 bstr=0.16 | onset=0 bass=0 ostr=0.00
[1781490367.414] [VP] profile=candidate fix=111011 chroma_seq=142022 chroma_flatness=0.0206 chroma_norm_max=0.2592 chroma_norm_mean=0.2386 chroma_final_max=0.0000 chroma_final_mean=0.0000 agc_gain=0.1213 bloom_alpha=0.9900 bloom_shift=1.0000 wave_idle=0.9850 wave_raw_margin=1.1000 wave_peak_floor=0.0800 wave_vu_floor=0.0200 wave_shift=120.0000 render_us=623 render_avg=650 render_max=1079
[1781490367.835] [AP] SSL=180 DC=-828 max_raw=270 follower=3850 peak_scaled=0.055 response_gain=1.000 silent_scale=1.000 silence=0 cal_source=config cal_valid=1 cal_reason=none | bpm=75.0 conf=0.26 lock=0 phase=0.06 beat=0 bstr=0.28 | onset=0 bass=0 ostr=0.00
[1781490368.414] [VP] profile=candidate fix=111011 chroma_seq=142223 chroma_flatness=0.1148 chroma_norm_max=0.8226 chroma_norm_mean=0.7078 chroma_final_max=0.1259 chroma_final_mean=0.1059 agc_gain=0.3174 bloom_alpha=0.9900 bloom_shift=1.0000 wave_idle=0.9850 wave_raw_margin=1.1000 wave_peak_floor=0.0800 wave_vu_floor=0.0200 wave_shift=120.0000 render_us=706 render_avg=692 render_max=1079
[1781490368.839] [AP] SSL=180 DC=-828 max_raw=405 follower=2188 peak_scaled=0.140 response_gain=1.000 silent_scale=1.000 silence=0 cal_source=config cal_valid=1 cal_reason=none | bpm=75.0 conf=0.25 lock=0 phase=0.30 beat=0 bstr=0.32 | onset=0 bass=1 ostr=0.05
[1781490369.413] [VP] profile=candidate fix=111011 chroma_seq=142424 chroma_flatness=0.0266 chroma_norm_max=0.3756 chroma_norm_mean=0.3490 chroma_final_max=0.0000 chroma_final_mean=0.0000 agc_gain=0.3505 bloom_alpha=0.9900 bloom_shift=1.0000 wave_idle=0.9850 wave_raw_margin=1.1000 wave_peak_floor=0.0800 wave_vu_floor=0.0200 wave_shift=120.0000 render_us=612 render_avg=610 render_max=1079
[1781490369.845] [AP] SSL=180 DC=-828 max_raw=232 follower=4552 peak_scaled=0.039 response_gain=1.000 silent_scale=1.000 silence=0 cal_source=config cal_valid=1 cal_reason=none | bpm=75.0 conf=0.29 lock=0 phase=0.56 beat=0 bstr=0.21 | onset=0 bass=0 ostr=0.00
[1781490370.417] [VP] profile=candidate fix=111011 chroma_seq=142625 chroma_flatness=0.0099 chroma_norm_max=0.0710 chroma_norm_mean=0.0613 chroma_final_max=0.0000 chroma_final_mean=0.0000 agc_gain=0.2237 bloom_alpha=0.9900 bloom_shift=1.0000 wave_idle=0.9850 wave_raw_margin=1.1000 wave_peak_floor=0.0800 wave_vu_floor=0.0200 wave_shift=120.0000 render_us=598 render_avg=634 render_max=1079
[1781490370.849] [AP] SSL=180 DC=-828 max_raw=184 follower=2350 peak_scaled=0.024 response_gain=1.000 silent_scale=1.000 silence=0 cal_source=config cal_valid=1 cal_reason=none | bpm=75.0 conf=0.25 lock=0 phase=0.83 beat=0 bstr=0.14 | onset=0 bass=0 ostr=0.00
[1781490371.417] [VP] profile=candidate fix=111011 chroma_seq=142827 chroma_flatness=0.1073 chroma_norm_max=0.5173 chroma_norm_mean=0.4100 chroma_final_max=0.0570 chroma_final_mean=0.0424 agc_gain=0.9903 bloom_alpha=0.9900 bloom_shift=1.0000 wave_idle=0.9850 wave_raw_margin=1.1000 wave_peak_floor=0.0800 wave_vu_floor=0.0200 wave_shift=120.0000 render_us=702 render_avg=719 render_max=1079
[1781490371.852] [AP] SSL=180 DC=-828 max_raw=212 follower=1226 peak_scaled=0.039 response_gain=1.000 silent_scale=1.000 silence=0 cal_source=config cal_valid=1 cal_reason=none | bpm=75.0 conf=0.25 lock=0 phase=0.07 beat=0 bstr=0.33 | onset=1 bass=0 ostr=0.00
[1781490372.417] [VP] profile=candidate fix=111011 chroma_seq=143029 chroma_flatness=0.0806 chroma_norm_max=0.6194 chroma_norm_mean=0.5388 chroma_final_max=0.0015 chroma_final_mean=0.0013 agc_gain=1.2516 bloom_alpha=0.9900 bloom_shift=1.0000 wave_idle=0.9850 wave_raw_margin=1.1000 wave_peak_floor=0.0800 wave_vu_floor=0.0200 wave_shift=120.0000 render_us=656 render_avg=701 render_max=1079
[1781490372.857] [AP] SSL=180 DC=-828 max_raw=260 follower=647 peak_scaled=0.156 response_gain=1.000 silent_scale=1.000 silence=0 cal_source=config cal_valid=1 cal_reason=none | bpm=75.0 conf=0.25 lock=0 phase=0.33 beat=0 bstr=0.31 | onset=0 bass=0 ostr=0.00
[1781490373.417] [VP] profile=candidate fix=111011 chroma_seq=143232 chroma_flatness=0.1588 chroma_norm_max=0.9457 chroma_norm_mean=0.7869 chroma_final_max=0.3332 chroma_final_mean=0.2706 agc_gain=1.6123 bloom_alpha=0.9900 bloom_shift=1.0000 wave_idle=0.9850 wave_raw_margin=1.1000 wave_peak_floor=0.0800 wave_vu_floor=0.0200 wave_shift=120.0000 render_us=703 render_avg=716 render_max=1079
[1781490373.863] [AP] SSL=180 DC=-828 max_raw=621 follower=379 peak_scaled=1.043 response_gain=1.000 silent_scale=1.000 silence=0 cal_source=config cal_valid=1 cal_reason=none | bpm=75.0 conf=0.18 lock=0 phase=0.60 beat=0 bstr=0.19 | onset=1 bass=0 ostr=0.00
[1781490374.431] [VP] profile=candidate fix=111011 chroma_seq=143438 chroma_flatness=0.1240 chroma_norm_max=0.9188 chroma_norm_mean=0.7948 chroma_final_max=0.1801 chroma_final_mean=0.1528 agc_gain=1.3579 bloom_alpha=0.9900 bloom_shift=1.0000 wave_idle=0.9850 wave_raw_margin=1.1000 wave_peak_floor=0.0800 wave_vu_floor=0.0200 wave_shift=120.0000 render_us=697 render_avg=711 render_max=1079
[1781490374.867] [AP] SSL=180 DC=-828 max_raw=188 follower=289 peak_scaled=0.211 response_gain=1.000 silent_scale=1.000 silence=0 cal_source=config cal_valid=1 cal_reason=none | bpm=100.0 conf=0.34 lock=0 phase=0.93 beat=0 bstr=0.19 | onset=0 bass=1 ostr=0.01
[1781490375.431] [VP] profile=candidate fix=111011 chroma_seq=143641 chroma_flatness=0.1024 chroma_norm_max=0.6788 chroma_norm_mean=0.5764 chroma_final_max=0.0649 chroma_final_mean=0.0534 agc_gain=0.6614 bloom_alpha=0.9900 bloom_shift=1.0000 wave_idle=0.9850 wave_raw_margin=1.1000 wave_peak_floor=0.0800 wave_vu_floor=0.0200 wave_shift=120.0000 render_us=748 render_avg=682 render_max=1079
[1781490375.871] [AP] SSL=180 DC=-828 max_raw=290 follower=1304 peak_scaled=0.082 response_gain=1.000 silent_scale=1.000 silence=0 cal_source=config cal_valid=1 cal_reason=none | bpm=100.0 conf=0.52 lock=0 phase=0.61 beat=0 bstr=0.19 | onset=0 bass=0 ostr=0.00
[1781490376.431] [VP] profile=candidate fix=111011 chroma_seq=143841 chroma_flatness=0.1238 chroma_norm_max=0.5611 chroma_norm_mean=0.4397 chroma_final_max=0.0955 chroma_final_mean=0.0703 agc_gain=1.0361 bloom_alpha=0.9900 bloom_shift=1.0000 wave_idle=0.9850 wave_raw_margin=1.1000 wave_peak_floor=0.0800 wave_vu_floor=0.0200 wave_shift=120.0000 render_us=735 render_avg=693 render_max=1079
[1781490376.877] [AP] SSL=180 DC=-828 max_raw=230 follower=713 peak_scaled=0.161 response_gain=1.000 silent_scale=1.000 silence=0 cal_source=config cal_valid=1 cal_reason=none | bpm=100.0 conf=0.23 lock=0 phase=0.30 beat=0 bstr=0.13 | onset=1 bass=0 ostr=0.00
[1781490377.435] [VP] profile=candidate fix=111011 chroma_seq=144045 chroma_flatness=0.0891 chroma_norm_max=0.7001 chroma_norm_mean=0.6110 chroma_final_max=0.0274 chroma_final_mean=0.0233 agc_gain=1.1635 bloom_alpha=0.9900 bloom_shift=1.0000 wave_idle=0.9850 wave_raw_margin=1.1000 wave_peak_floor=0.0800 wave_vu_floor=0.0200 wave_shift=120.0000 render_us=674 render_avg=683 render_max=1079
[1781490377.880] [AP] SSL=180 DC=-828 max_raw=242 follower=579 peak_scaled=0.208 response_gain=1.000 silent_scale=1.000 silence=0 cal_source=config cal_valid=1 cal_reason=none | bpm=100.0 conf=0.25 lock=0 phase=0.95 beat=0 bstr=0.15 | onset=0 bass=0 ostr=0.00
[1781490378.436] [VP] profile=candidate fix=111011 chroma_seq=144245 chroma_flatness=0.1292 chroma_norm_max=0.8417 chroma_norm_mean=0.7153 chroma_final_max=0.1721 chroma_final_mean=0.1428 agc_gain=1.2298 bloom_alpha=0.9900 bloom_shift=1.0000 wave_idle=0.9850 wave_raw_margin=1.1000 wave_peak_floor=0.0800 wave_vu_floor=0.0200 wave_shift=120.0000 render_us=733 render_avg=719 render_max=1079
[1781490378.885] [AP] SSL=180 DC=-828 max_raw=627 follower=2798 peak_scaled=0.157 response_gain=1.000 silent_scale=1.000 silence=0 cal_source=config cal_valid=1 cal_reason=none | bpm=100.0 conf=0.22 lock=0 phase=0.64 beat=0 bstr=0.13 | onset=0 bass=0 ostr=0.00
[1781490379.444] [VP] profile=candidate fix=111011 chroma_seq=144448 chroma_flatness=0.0213 chroma_norm_max=0.1514 chroma_norm_mean=0.1300 chroma_final_max=0.0000 chroma_final_mean=0.0000 agc_gain=0.3484 bloom_alpha=0.9900 bloom_shift=1.0000 wave_idle=0.9850 wave_raw_margin=1.1000 wave_peak_floor=0.0800 wave_vu_floor=0.0200 wave_shift=120.0000 render_us=606 render_avg=601 render_max=1079
[1781490379.891] [AP] SSL=180 DC=-828 max_raw=309 follower=1635 peak_scaled=0.122 response_gain=1.000 silent_scale=1.000 silence=0 cal_source=config cal_valid=1 cal_reason=none | bpm=73.0 conf=0.25 lock=0 phase=0.89 beat=0 bstr=0.27 | onset=1 bass=0 ostr=0.00
[1781490380.448] [VP] profile=candidate fix=111011 chroma_seq=144649 chroma_flatness=0.0487 chroma_norm_max=0.5126 chroma_norm_mean=0.4639 chroma_final_max=0.0000 chroma_final_mean=0.0000 agc_gain=0.5211 bloom_alpha=0.9900 bloom_shift=1.0000 wave_idle=0.9850 wave_raw_margin=1.1000 wave_peak_floor=0.0800 wave_vu_floor=0.0200 wave_shift=120.0000 render_us=545 render_avg=595 render_max=1079
[1781490380.895] [AP] SSL=180 DC=-828 max_raw=319 follower=1078 peak_scaled=0.179 response_gain=1.000 silent_scale=1.000 silence=0 cal_source=config cal_valid=1 cal_reason=none | bpm=73.0 conf=0.25 lock=0 phase=0.10 beat=0 bstr=0.51 | onset=0 bass=0 ostr=0.00
[1781490381.448] [VP] profile=candidate fix=111011 chroma_seq=144849 chroma_flatness=0.0995 chroma_norm_max=0.4293 chroma_norm_mean=0.3298 chroma_final_max=0.0321 chroma_final_mean=0.0224 agc_gain=0.8386 bloom_alpha=0.9900 bloom_shift=1.0000 wave_idle=0.9850 wave_raw_margin=1.1000 wave_peak_floor=0.0800 wave_vu_floor=0.0200 wave_shift=120.0000 render_us=652 render_avg=636 render_max=1079
[1781490381.900] [AP] SSL=180 DC=-828 max_raw=343 follower=979 peak_scaled=0.146 response_gain=1.000 silent_scale=1.000 silence=0 cal_source=config cal_valid=1 cal_reason=none | bpm=73.0 conf=0.25 lock=0 phase=0.33 beat=0 bstr=0.84 | onset=1 bass=0 ostr=0.00
[1781490382.457] [VP] profile=candidate fix=111011 chroma_seq=145050 chroma_flatness=0.0952 chroma_norm_max=0.4606 chroma_norm_mean=0.3654 chroma_final_max=0.0275 chroma_final_mean=0.0202 agc_gain=0.2947 bloom_alpha=0.9900 bloom_shift=1.0000 wave_idle=0.9850 wave_raw_margin=1.1000 wave_peak_floor=0.0800 wave_vu_floor=0.0200 wave_shift=120.0000 render_us=691 render_avg=674 render_max=1079
[1781490382.905] [AP] SSL=180 DC=-828 max_raw=401 follower=1717 peak_scaled=0.116 response_gain=1.000 silent_scale=1.000 silence=0 cal_source=config cal_valid=1 cal_reason=none | bpm=118.0 conf=0.80 lock=1 phase=0.97 beat=0 bstr=0.40 | onset=0 bass=0 ostr=0.00
[1781490383.449] [VP] profile=candidate fix=111011 chroma_seq=145251 chroma_flatness=0.0650 chroma_norm_max=0.3828 chroma_norm_mean=0.3177 chroma_final_max=0.0000 chroma_final_mean=0.0000 agc_gain=0.8378 bloom_alpha=0.9900 bloom_shift=1.0000 wave_idle=0.9850 wave_raw_margin=1.1000 wave_peak_floor=0.0800 wave_vu_floor=0.0200 wave_shift=120.0000 render_us=614 render_avg=639 render_max=1079
[1781490383.909] [AP] SSL=180 DC=-828 max_raw=391 follower=968 peak_scaled=0.284 response_gain=1.000 silent_scale=1.000 silence=0 cal_source=config cal_valid=1 cal_reason=none | bpm=66.0 conf=0.34 lock=0 phase=0.54 beat=0 bstr=0.06 | onset=0 bass=0 ostr=0.00
[1781490384.462] [VP] profile=candidate fix=111011 chroma_seq=145455 chroma_flatness=0.1003 chroma_norm_max=0.5992 chroma_norm_mean=0.4989 chroma_final_max=0.0507 chroma_final_mean=0.0405 agc_gain=0.9426 bloom_alpha=0.9900 bloom_shift=1.0000 wave_idle=0.9850 wave_raw_margin=1.1000 wave_peak_floor=0.0800 wave_vu_floor=0.0200 wave_shift=120.0000 render_us=694 render_avg=649 render_max=1079
[1781490384.914] [AP] SSL=180 DC=-828 max_raw=1619 follower=1325 peak_scaled=1.078 response_gain=1.000 silent_scale=1.000 silence=0 cal_source=config cal_valid=1 cal_reason=none | bpm=78.0 conf=0.24 lock=0 phase=0.70 beat=0 bstr=0.24 | onset=0 bass=1 ostr=0.03
[1781490385.463] [VP] profile=candidate fix=111011 chroma_seq=145656 chroma_flatness=0.0333 chroma_norm_max=0.2349 chroma_norm_mean=0.2016 chroma_final_max=0.0000 chroma_final_mean=0.0000 agc_gain=0.2096 bloom_alpha=0.9900 bloom_shift=1.0000 wave_idle=0.9850 wave_raw_margin=1.1000 wave_peak_floor=0.0800 wave_vu_floor=0.0200 wave_shift=120.0000 render_us=610 render_avg=625 render_max=1079
[1781490385.919] [AP] SSL=180 DC=-828 max_raw=477 follower=2462 peak_scaled=0.193 response_gain=1.000 silent_scale=1.000 silence=0 cal_source=config cal_valid=1 cal_reason=none | bpm=78.0 conf=0.42 lock=0 phase=0.36 beat=0 bstr=0.25 | onset=0 bass=0 ostr=0.00
[1781490386.464] [VP] profile=candidate fix=111011 chroma_seq=145857 chroma_flatness=0.0941 chroma_norm_max=0.9881 chroma_norm_mean=0.8939 chroma_final_max=0.0629 chroma_final_mean=0.0562 agc_gain=0.2127 bloom_alpha=0.9900 bloom_shift=1.0000 wave_idle=0.9850 wave_raw_margin=1.1000 wave_peak_floor=0.0800 wave_vu_floor=0.0200 wave_shift=120.0000 render_us=707 render_avg=703 render_max=1079
[1781490386.923] [AP] SSL=180 DC=-828 max_raw=327 follower=9474 peak_scaled=0.051 response_gain=1.000 silent_scale=1.000 silence=0 cal_source=config cal_valid=1 cal_reason=none | bpm=98.0 conf=0.74 lock=1 phase=0.68 beat=0 bstr=0.13 | onset=0 bass=0 ostr=0.00
[1781490387.477] [VP] profile=candidate fix=111011 chroma_seq=146060 chroma_flatness=0.0802 chroma_norm_max=0.3925 chroma_norm_mean=0.3124 chroma_final_max=0.0003 chroma_final_mean=0.0002 agc_gain=0.1664 bloom_alpha=0.9900 bloom_shift=1.0000 wave_idle=0.9850 wave_raw_margin=1.1000 wave_peak_floor=0.0800 wave_vu_floor=0.0200 wave_shift=120.0000 render_us=654 render_avg=594 render_max=1079
[1781490387.929] [AP] SSL=180 DC=-828 max_raw=322 follower=5021 peak_scaled=0.039 response_gain=1.000 silent_scale=1.000 silence=0 cal_source=config cal_valid=1 cal_reason=none | bpm=78.0 conf=0.25 lock=0 phase=0.07 beat=0 bstr=0.14 | onset=1 bass=0 ostr=0.00
[1781490388.477] [VP] profile=candidate fix=111011 chroma_seq=146261 chroma_flatness=0.0516 chroma_norm_max=0.3457 chroma_norm_mean=0.2941 chroma_final_max=0.0000 chroma_final_mean=0.0000 agc_gain=0.5671 bloom_alpha=0.9900 bloom_shift=1.0000 wave_idle=0.9850 wave_raw_margin=1.1000 wave_peak_floor=0.0800 wave_vu_floor=0.0200 wave_shift=120.0000 render_us=611 render_avg=599 render_max=1079
[1781490388.934] [AP] SSL=180 DC=-828 max_raw=178 follower=2617 peak_scaled=0.046 response_gain=1.000 silent_scale=1.000 silence=0 cal_source=config cal_valid=1 cal_reason=none | bpm=78.0 conf=0.25 lock=0 phase=0.39 beat=0 bstr=0.07 | onset=0 bass=0 ostr=0.00
[1781490389.478] [VP] profile=candidate fix=111011 chroma_seq=146463 chroma_flatness=0.0924 chroma_norm_max=0.6880 chroma_norm_mean=0.5956 chroma_final_max=0.0365 chroma_final_mean=0.0307 agc_gain=1.0668 bloom_alpha=0.9900 bloom_shift=1.0000 wave_idle=0.9850 wave_raw_margin=1.1000 wave_peak_floor=0.0800 wave_vu_floor=0.0200 wave_shift=120.0000 render_us=652 render_avg=682 render_max=1079
[1781490389.938] [AP] SSL=180 DC=-828 max_raw=352 follower=1384 peak_scaled=0.104 response_gain=1.000 silent_scale=1.000 silence=0 cal_source=config cal_valid=1 cal_reason=none | bpm=78.0 conf=0.25 lock=0 phase=0.68 beat=0 bstr=0.05 | onset=1 bass=0 ostr=0.00
[1781490390.492] [VP] profile=candidate fix=111011 chroma_seq=146668 chroma_flatness=0.1151 chroma_norm_max=0.6937 chroma_norm_mean=0.5785 chroma_final_max=0.1043 chroma_final_mean=0.0841 agc_gain=0.9679 bloom_alpha=0.9900 bloom_shift=1.0000 wave_idle=0.9850 wave_raw_margin=1.1000 wave_peak_floor=0.0800 wave_vu_floor=0.0200 wave_shift=120.0000 render_us=695 render_avg=689 render_max=1079
[1781490390.944] [AP] SSL=180 DC=-828 max_raw=232 follower=798 peak_scaled=0.190 response_gain=1.000 silent_scale=1.000 silence=0 cal_source=config cal_valid=1 cal_reason=none | bpm=78.0 conf=0.24 lock=0 phase=1.00 beat=0 bstr=0.06 | onset=0 bass=1 ostr=0.05
[1781490391.493] [VP] profile=candidate fix=111011 chroma_seq=146870 chroma_flatness=0.1672 chroma_norm_max=0.7886 chroma_norm_mean=0.6214 chroma_final_max=0.3004 chroma_final_mean=0.2274 agc_gain=0.8905 bloom_alpha=0.9900 bloom_shift=1.0000 wave_idle=0.9850 wave_raw_margin=1.1000 wave_peak_floor=0.0800 wave_vu_floor=0.0200 wave_shift=120.0000 render_us=742 render_avg=662 render_max=1079
[1781490391.949] [AP] SSL=180 DC=-828 max_raw=748 follower=517 peak_scaled=0.825 response_gain=1.000 silent_scale=1.000 silence=0 cal_source=config cal_valid=1 cal_reason=none | bpm=99.0 conf=0.91 lock=1 phase=0.42 beat=0 bstr=0.01 | onset=0 bass=0 ostr=0.00
[1781490392.493] [VP] profile=candidate fix=111011 chroma_seq=147071 chroma_flatness=0.1211 chroma_norm_max=0.6927 chroma_norm_mean=0.5716 chroma_final_max=0.1217 chroma_final_mean=0.0968 agc_gain=0.9027 bloom_alpha=0.9900 bloom_shift=1.0000 wave_idle=0.9850 wave_raw_margin=1.1000 wave_peak_floor=0.0800 wave_vu_floor=0.0200 wave_shift=120.0000 render_us=699 render_avg=707 render_max=1079
[1781490392.953] [AP] SSL=180 DC=-828 max_raw=387 follower=322 peak_scaled=0.536 response_gain=1.000 silent_scale=1.000 silence=0 cal_source=config cal_valid=1 cal_reason=none | bpm=100.0 conf=0.94 lock=1 phase=0.20 beat=0 bstr=0.03 | onset=0 bass=0 ostr=0.00
[1781490393.497] [VP] profile=candidate fix=111011 chroma_seq=147273 chroma_flatness=0.0778 chroma_norm_max=0.5355 chroma_norm_mean=0.4577 chroma_final_max=0.0000 chroma_final_mean=0.0000 agc_gain=0.8531 bloom_alpha=0.9900 bloom_shift=1.0000 wave_idle=0.9850 wave_raw_margin=1.1000 wave_peak_floor=0.0800 wave_vu_floor=0.0200 wave_shift=120.0000 render_us=588 render_avg=723 render_max=1079
[1781490393.700] >>> :smart_status
[1781490393.702] sbr{{
[1781490393.702] SMART_ASSIST: off
[1781490393.702] SMART_SWITCHING: off
[1781490393.702] SMART_DIRECTOR_AUTONOMY: off
[1781490393.702] SMART_HOOKS: off
[1781490393.702] SMART_CONFIDENCE_FLOOR: 0.080
[1781490393.702] SMART_APPLIED_MODE: 3
[1781490393.702] SMART_LAST_REQUESTED_MODE: 3
[1781490393.702] SMART_SWITCHES_IN_WINDOW: 0
[1781490393.702] SMART_MANUAL_OWNER_ACTIVE: 0
[1781490393.702] SMART_LAST_REASON: 0
[1781490393.702] SMART_STATE: 0
[1781490393.702] SMART_INTENT_MODE: 3
[1781490393.703] SMART_INTENT_CONFIDENCE: 0.000
[1781490393.703] SMART_INTENT_WANTS_SWITCH: 0
[1781490393.703] SMART_SCALAR_PHOTONS: 1.000
[1781490393.703] SMART_SCALAR_CHROMA: 1.000
[1781490393.703] SMART_SCALAR_MOOD: 1.000
[1781490393.703] SMART_SCALAR_SATURATION: 1.000
[1781490393.703] SMART_PALETTE_OVERLAY: 0
[1781490393.703] SMART_PALETTE_INDEX: 0
[1781490393.703] SMART_AUTO_COLOUR_SHIFT: 0
[1781490393.703] SMART_MIN_DWELL_MS: 8000
[1781490393.703] SMART_COOLDOWN_MS: 20000
[1781490393.704] SMART_SWITCH_WINDOW_MS: 60000
[1781490393.704] SMART_MAX_SWITCHES: 2
[1781490393.704] SMART_AUDIO_NOVELTY: 0.0130
[1781490393.704] SMART_AUDIO_ENERGY: 0.1531
[1781490393.704] SMART_EVENT_ID: 7688
[1781490393.704] SMART_EVENT_AGE_MS: 74
[1781490393.704] SMART_ONSET: 0
[1781490393.704] SMART_BASS_ONSET: 1
[1781490393.705] SMART_BEAT_CONFIDENCE: 0.000
[1781490393.705] SMART_TRANSIENT: 0
[1781490393.705] SMART_KICK: 0
[1781490393.705] SMART_SNARE: 0
[1781490393.705] SMART_HIHAT: 0
[1781490393.705] SMART_TRANSIENT_LEVEL: 0.031
[1781490393.705] SMART_KICK_LEVEL: 0.004
[1781490393.706] SMART_SNARE_LEVEL: 0.001
[1781490393.706] SMART_HIHAT_LEVEL: 0.012
[1781490393.706] SMART_SNARE_EVENT_ID: 2751
[1781490393.706] SMART_HIHAT_EVENT_ID: 7893
[1781490393.706] }}
[1781490393.957] [AP] SSL=180 DC=-828 max_raw=218 follower=684 peak_scaled=0.087 response_gain=1.000 silent_scale=1.000 silence=0 cal_source=config cal_valid=1 cal_reason=none | bpm=80.0 conf=0.28 lock=0 phase=0.81 beat=0 bstr=0.18 | onset=0 bass=1 ostr=0.02
[1781490394.409] >>> :dump
[1781490394.421] sbr{{
[1781490394.421] FIRMWARE_VERSION: 40103
[1781490394.421] CHIP ID: B489A500
[1781490394.421] noise_button.pressed: 0
[1781490394.421] noise_button.last_down: 0
[1781490394.422] noise_button.last_up: 0
[1781490394.422] noise_button.pin: 255
[1781490394.422] mode_button.pressed: 0
[1781490394.422] mode_button.last_down: 0
[1781490394.422] mode_button.last_up: 0
[1781490394.422] mode_button.pin: 255
[1781490394.422] CONFIG.PHOTONS: 0.480000
[1781490394.423] CONFIG.CHROMA: 0.400000
[1781490394.423] CONFIG.MOOD: 0.100000
[1781490394.423] CONFIG.LIGHTSHOW_MODE: 8
[1781490394.423] CONFIG.MIRROR_ENABLED: 1
[1781490394.423] CONFIG.CHROMAGRAM_RANGE: 60
[1781490394.423] CONFIG.SAMPLE_RATE: 12800
[1781490394.423] CONFIG.NOTE_OFFSET: 12
[1781490394.423] CONFIG.SQUARE_ITER: 0.00
[1781490394.423] CONFIG.LED_TYPE: 0
[1781490394.424] CONFIG.LED_COUNT: 160
[1781490394.424] CONFIG.LED_COLOR_ORDER: 66
[1781490394.424] CONFIG.SAMPLES_PER_CHUNK: 96
[1781490394.424] CONFIG.SENSITIVITY: 2.300000
[1781490394.424] AUDIO_RESPONSE_GAIN: 1.000000
[1781490394.424] CONFIG.BOOT_ANIMATION: 1
[1781490394.424] CONFIG.SWEET_SPOT_MIN_LEVEL: 180
[1781490394.424] CONFIG.SWEET_SPOT_MAX_LEVEL: 30000
[1781490394.425] CONFIG.DC_OFFSET: -828
[1781490394.425] CAL_SOURCE: config
[1781490394.425] CAL_VALID: 1
[1781490394.425] CAL_PROFILE_LOADED: 0
[1781490394.425] NOISE_CAL_REASON: none
[1781490394.425] NOISE_CAL_DC_SAMPLES: 0
[1781490394.425] NOISE_CAL_SSL_P50: 0.0
[1781490394.425] NOISE_CAL_SSL_P90: 0.0
[1781490394.425] CONFIG.STANDBY_DIMMING: 0
[1781490394.425] CONFIG.REVERSE_ORDER: 0
[1781490394.425] CONFIG.MAX_CURRENT_MA: 1500
[1781490394.425] CONFIG.TEMPORAL_DITHERING: 1
[1781490394.425] CONFIG.AUTO_COLOR_SHIFT: 1
[1781490394.425] CONFIG.INCANDESCENT_FILTER: 0.00
[1781490394.425] CONFIG.INCANDESCENT_MODE: 0
[1781490394.426] CONFIG.BULB_OPACITY: 0.00
[1781490394.426] CONFIG.SATURATION: 1.00
[1781490394.426] CONFIG.PRISM_COUNT: 1.00
[1781490394.426] CONFIG.BASE_COAT: 1
[1781490394.426] CONFIG.BASE_COAT_INTENSITY: 0.000
[1781490394.426] MASTER_BRIGHTNESS: 1.00
[1781490394.426] stream_audio: 0
[1781490394.426] stream_fps: 0
[1781490394.426] stream_max_mags: 0
[1781490394.427] stream_max_mags_followers: 0
[1781490394.427] stream_magnitudes: 0
[1781490394.427] stream_spectrogram: 0
[1781490394.427] stream_chromagram: 0
[1781490394.427] debug_mode: 0
[1781490394.427] noise_complete: 1
[1781490394.427] noise_iterations: 0
[1781490394.427] next_save_time: 0
[1781490394.427] settings_updated: 0
[1781490394.427] I2S_PORT: 0
[1781490394.427] SAMPLE_HISTORY_LENGTH: 4096
[1781490394.427] silence: 0
[1781490394.427] mode_destination: -1
[1781490394.428] SYSTEM_FPS: 160.89
[1781490394.428] LED_FPS: 201.04
[1781490394.428] }}
[1781490394.498] [VP] profile=candidate fix=111011 chroma_seq=147474 chroma_flatness=0.0902 chroma_norm_max=0.7466 chroma_norm_mean=0.6564 chroma_final_max=0.0330 chroma_final_mean=0.0284 agc_gain=0.8911 bloom_alpha=0.9900 bloom_shift=1.0000 wave_idle=0.9850 wave_raw_margin=1.1000 wave_peak_floor=0.0800 wave_vu_floor=0.0200 wave_shift=120.0000 render_us=666 render_avg=675 render_max=1079
[1781490394.963] [AP] SSL=180 DC=-828 max_raw=516 follower=450 peak_scaled=0.627 response_gain=1.000 silent_scale=1.000 silence=0 cal_source=config cal_valid=1 cal_reason=none | bpm=99.0 conf=0.75 lock=1 phase=0.37 beat=0 bstr=0.03 | onset=0 bass=1 ostr=0.02
[1781490395.119] >>> :ap_stream=off
[1781490395.121] sbr{{
[1781490395.121] AP_STREAM: off
[1781490395.121] }}
[1781490395.497] [VP] profile=candidate fix=111011 chroma_seq=147675 chroma_flatness=0.1456 chroma_norm_max=0.8303 chroma_norm_mean=0.6847 chroma_final_max=0.2394 chroma_final_mean=0.1917 agc_gain=1.2810 bloom_alpha=0.9900 bloom_shift=1.0000 wave_idle=0.9850 wave_raw_margin=1.1000 wave_peak_floor=0.0800 wave_vu_floor=0.0200 wave_shift=120.0000 render_us=719 render_avg=700 render_max=1079
[1781490395.829] >>> :vp_stream=off
[1781490395.841] sbr{{
[1781490395.841] VP_STREAM: off
[1781490395.841] }}
[1781490396.823] >>> :ap_stream=off
[1781490396.830] sbr{{
[1781490396.830] AP_STREAM: off
[1781490396.830] }}
[1781490396.976] >>> :vp_stream=off
[1781490396.985] sbr{{
[1781490396.986] VP_STREAM: off
[1781490396.986] }}
[1781490397.128] >>> :vp_perf=stop
[1781490397.145] sbr{{
[1781490397.145] VP_PERF: disabled (compile with ENABLE_VP_PERF_AUDIT=1)
[1781490397.145] }}
[1781490397.288] >>> :stop
[1781490397.300] SBOK
