# role=l1-reference name=main-k1v2 port=/dev/tty.usbmodem12201 scene=l1
[1780315414.449] >>> :version
[1780315414.449] 30927 peak_scaled=1.000 silent_scale=1.000 silence=0 cal_source=config cal_valid=1
[1780315414.449] [AP] SSL=471 DC=-870 max_raw=31398 follower=30927 peak_scaled=1.000 silent_scale=1.000 silence=0 cal_source=config cal_valid=1
[1780315414.449] [AP] SSL=471 DC=-870 max_raw=31398 follower=30927 peak_scaled=1.000 silent_scale=1.000 silence=0 cal_source=config cal_valid=1
[1780315414.450] [AP] SSL=471 DC=-870 max_raw=31398 follower=30927 peak_scaled=1.000 silent_scale=1.000 silence=0 cal_source=config cal_valid=1
[1780315414.450] [AP] SSL=471 DC=-870 max_raw=31398 follower=30927 peak_scaled=1.000 silent_scale=1.000 silence=0 cal_source=config cal_valid=1
[1780315414.450] [AP] SSL=471 DC=-870 max_raw=31398 follower=30927 peak_scaled=1.000 silent_scale=1.000 silence=0 cal_source=config cal_valid=1
[1780315414.450] [AP] SSL=471 DC=-870 max_raw=31398 follower=30927 peak_scaled=1.000 silent_scale=1.000 silence=0 cal_source=config cal_valid=1
[1780315414.450] [AP] SSL=471 DC=-870 max_raw=31398 follower=30927 peak_scaled=1.000 silent_scale=1.000 silence=0 cal_source=config cal_valid=1
[1780315414.451] [AP] SSL=471 DC=-870 max_raw=31398 follower=30927 peak_scaled=1.000 silent_scale=1.000 silence=0 cal_source=config cal_valid=1
[1780315414.451] [AP] SSL=471 DC=-870 max_raw=31398 follower=30927 peak_scaled=1.000 silent_scale=1.000 silence=0 cal_source=config cal_valid=1
[1780315414.451] [AP] SSL=471 DC=-870 max_raw=31398 follower=30927 peak_scaled=1.000 silent_scale=1.000 silence=0 cal_source=config cal_valid=1
[1780315414.451] [AP] SSL=471 DC=-870 max_raw=31398 follower=30927 peak_scaled=1.000 silent_scale=1.000 silence=0 cal_source=config cal_valid=1
[1780315414.451] [AP] SSL=471 DC=-870 max_raw=31398 follower=30927 peak_scaled=1.000 silent_scale=1.000 silence=0 cal_source=config cal_valid=1
[1780315414.452] [AP] SSL=471 DC=-870 max_raw=31398 follower=30927 peak_scaled=1.000 silent_scale=1.000 silence=0 cal_source=config cal_valid=1
[1780315414.452] [AP] SSL=471 DC=-870 max_raw=31398 follower=30927 peak_scaled=1.000 silent_scale=1.000 silence=0 cal_source=config cal_valid=1
[1780315414.452] [AP] SSL=471 DC=-870 max_raw=31398 follower=30927 peak_scaled=1.000 silent_scale=1.000 silence=0 cal_source=config cal_valid=1
[1780315414.452] [AP] SSL=471 DC=-870 max_raw=31398 follower=30927 peak_scaled=1.000 silent_scale=1.000 silence=0 cal_source=config cal_valid=1
[1780315414.452] [AP] SSL=471 DC=-870 max_raw=31398 follower=30927 peak_scaled=1.000 silent_scale=1.000 silence=0 cal_source=config cal_valid=1
[1780315414.453] [AP] SSL=471 DC=-870 max_raw=31398 follower=30927 peak_scaled=1.000 silent_scale=1.000 silence=0 cal_source=config cal_valid=1
[1780315414.453] [AP] SSL=471 DC=-870 max_raw=31398 follower=30927 peak_scaled=1.000 silent_scale=1.000 silence=0 cal_source=config cal_valid=1
[1780315414.457] sbr{{
[1780315414.457] VERSION: 40103
[1780315414.457] }}
[1780315414.631] [AP] SSL=471 DC=-870 max_raw=31398 follower=30927 peak_scaled=1.000 silent_scale=1.000 silence=0 cal_source=config cal_valid=1
[1780315415.254] >>> :chip_id
[1780315415.266] sbr{{
[1780315415.268] B489A500
[1780315415.268] }}
[1780315415.637] [AP] SSL=471 DC=-870 max_raw=31398 follower=30927 peak_scaled=1.000 silent_scale=1.000 silence=0 cal_source=config cal_valid=1
[1780315416.059] >>> :ap_stream=on
[1780315416.077] sbr{{
[1780315416.077] AP_STREAM: on
[1780315416.077] }}
[1780315416.609] >>> :vp_stream=on
[1780315416.617] sbr{{
[1780315416.617] VP_STREAM: on
[1780315416.617] }}
[1780315416.627] [VP] profile=candidate fix=111011 chroma_seq=8045 chroma_flatness=0.7160 chroma_norm_max=1.0192 chroma_norm_mean=0.3033 chroma_final_max=0.9192 chroma_final_mean=0.2520 agc_gain=0.1000 bloom_alpha=0.9900 bloom_shift=1.0000 wave_idle=0.9850 wave_raw_margin=1.1000 wave_peak_floor=0.0800 wave_vu_floor=0.0200 wave_shift=120.0000 render_us=2174 render_avg=1799 render_max=3169
[1780315416.643] [AP] SSL=471 DC=-870 max_raw=31398 follower=30927 peak_scaled=1.000 silent_scale=1.000 silence=0 cal_source=config cal_valid=1
[1780315417.162] >>> :vp_perf=start
[1780315417.169] sbr{{
[1780315417.169] VP_PERF: disabled (compile with ENABLE_VP_PERF_AUDIT=1)
[1780315417.169] }}
[1780315417.631] [VP] profile=candidate fix=111011 chroma_seq=8232 chroma_flatness=0.7160 chroma_norm_max=1.0192 chroma_norm_mean=0.3033 chroma_final_max=0.9192 chroma_final_mean=0.2520 agc_gain=0.1000 bloom_alpha=0.9900 bloom_shift=1.0000 wave_idle=0.9850 wave_raw_margin=1.1000 wave_peak_floor=0.0800 wave_vu_floor=0.0200 wave_shift=120.0000 render_us=2157 render_avg=1802 render_max=3169
[1780315417.647] [AP] SSL=471 DC=-870 max_raw=31398 follower=30927 peak_scaled=1.000 silent_scale=1.000 silence=0 cal_source=config cal_valid=1
[1780315417.717] >>> :smart_scene=l1
[1780315417.724] sbr{{
[1780315417.724] SMART_ASSIST: on
[1780315417.724] SMART_SWITCHING: on
[1780315417.724] SMART_DIRECTOR_AUTONOMY: off
[1780315417.724] SMART_HOOKS: on
[1780315417.725] SMART_CONFIDENCE_FLOOR: 0.080
[1780315417.725] SMART_APPLIED_MODE: 3
[1780315417.725] SMART_LAST_REQUESTED_MODE: 3
[1780315417.725] SMART_SWITCHES_IN_WINDOW: 0
[1780315417.725] SMART_MANUAL_OWNER_ACTIVE: 0
[1780315417.725] SMART_LAST_REASON: 0
[1780315417.725] SMART_STATE: 0
[1780315417.725] SMART_INTENT_MODE: 3
[1780315417.725] SMART_INTENT_CONFIDENCE: 0.000
[1780315417.725] SMART_INTENT_WANTS_SWITCH: 0
[1780315417.725] SMART_SCALAR_PHOTONS: 1.000
[1780315417.726] SMART_SCALAR_CHROMA: 1.000
[1780315417.727] SMART_SCALAR_MOOD: 1.000
[1780315417.727] SMART_SCALAR_SATURATION: 1.000
[1780315417.727] SMART_PALETTE_OVERLAY: 0
[1780315417.727] SMART_PALETTE_INDEX: 0
[1780315417.727] SMART_AUTO_COLOUR_SHIFT: 0
[1780315417.727] SMART_MIN_DWELL_MS: 8000
[1780315417.727] SMART_COOLDOWN_MS: 20000
[1780315417.727] SMART_SWITCH_WINDOW_MS: 60000
[1780315417.727] SMART_MAX_SWITCHES: 2
[1780315417.727] SMART_AUDIO_NOVELTY: 0.0000
[1780315417.729] SMART_AUDIO_ENERGY: 0.0000
[1780315417.729] SMART_EVENT_ID: 0
[1780315417.729] SMART_EVENT_AGE_MS: 0
[1780315417.729] SMART_ONSET: 0
[1780315417.729] SMART_BASS_ONSET: 0
[1780315417.729] SMART_BEAT_CONFIDENCE: 0.000
[1780315417.729] }}
[1780315417.729] sbr{{
[1780315417.729] EDGE_ENABLED: on
[1780315417.729] EDGE_MODE: complementary
[1780315417.729] EDGE_STRENGTH: 0.350
[1780315417.729] }}
[1780315418.269] >>> :smart_status
[1780315418.282] sbr{{
[1780315418.282] SMART_ASSIST: on
[1780315418.282] SMART_SWITCHING: on
[1780315418.282] SMART_DIRECTOR_AUTONOMY: off
[1780315418.282] SMART_HOOKS: on
[1780315418.282] SMART_CONFIDENCE_FLOOR: 0.080
[1780315418.282] SMART_APPLIED_MODE: 3
[1780315418.282] SMART_LAST_REQUESTED_MODE: 3
[1780315418.282] SMART_SWITCHES_IN_WINDOW: 0
[1780315418.282] SMART_MANUAL_OWNER_ACTIVE: 0
[1780315418.283] SMART_LAST_REASON: 0
[1780315418.283] SMART_STATE: 2
[1780315418.283] SMART_INTENT_MODE: 8
[1780315418.283] SMART_INTENT_CONFIDENCE: 0.030
[1780315418.283] SMART_INTENT_WANTS_SWITCH: 0
[1780315418.283] SMART_SCALAR_PHOTONS: 1.000
[1780315418.283] SMART_SCALAR_CHROMA: 1.000
[1780315418.283] SMART_SCALAR_MOOD: 1.000
[1780315418.285] SMART_SCALAR_SATURATION: 1.000
[1780315418.285] SMART_PALETTE_OVERLAY: 0
[1780315418.285] SMART_PALETTE_INDEX: 29
[1780315418.285] SMART_AUTO_COLOUR_SHIFT: 0
[1780315418.285] SMART_MIN_DWELL_MS: 8000
[1780315418.285] SMART_COOLDOWN_MS: 20000
[1780315418.285] SMART_SWITCH_WINDOW_MS: 60000
[1780315418.285] SMART_MAX_SWITCHES: 2
[1780315418.285] SMART_AUDIO_NOVELTY: 0.0000
[1780315418.285] SMART_AUDIO_ENERGY: 0.0893
[1780315418.285] SMART_EVENT_ID: 0
[1780315418.287] SMART_EVENT_AGE_MS: 4294967295
[1780315418.287] SMART_ONSET: 0
[1780315418.287] SMART_BASS_ONSET: 0
[1780315418.287] SMART_BEAT_CONFIDENCE: 0.000
[1780315418.287] }}
[1780315418.637] [VP] profile=candidate fix=111011 chroma_seq=8411 chroma_flatness=0.7160 chroma_norm_max=1.0192 chroma_norm_mean=0.3033 chroma_final_max=0.9192 chroma_final_mean=0.2520 agc_gain=0.1000 bloom_alpha=0.9900 bloom_shift=1.0000 wave_idle=0.9850 wave_raw_margin=1.1000 wave_peak_floor=0.0800 wave_vu_floor=0.0200 wave_shift=120.0000 render_us=2513 render_avg=2234 render_max=3451
[1780315418.653] [AP] SSL=471 DC=-870 max_raw=31398 follower=30927 peak_scaled=1.000 silent_scale=1.000 silence=0 cal_source=config cal_valid=1
[1780315418.824] >>> :edge_status
[1780315418.838] sbr{{
[1780315418.838] EDGE_ENABLED: on
[1780315418.838] EDGE_MODE: complementary
[1780315418.838] EDGE_STRENGTH: 0.350
[1780315418.838] }}
[1780315419.379] >>> :vp_status
[1780315419.392] sbr{{
[1780315419.392] VP_PROFILE: candidate
[1780315419.392] VP_FIXES: agc_soft=on chroma_gate=on prism_off=on bloom_decay=off hsv_source_sat=on secondary_clean=on
[1780315419.392] VP_STREAM: on
[1780315419.392] AP_STREAM: on
[1780315419.394] VP_BLOOM: alpha=0.9900 shift=1.0000 force_sat=on
[1780315419.394] VP_WAVEFORM: idle_fade=0.9850 raw_margin=1.1000 peak_floor=0.0800 active_fade=0.0400 blend_gain=2.0000 fallback=1.0000 vu_floor=0.0200 shift_rate=120.0000
[1780315419.397] VP_CHROMA: seq=8546 range=60 profile=0 gate_gain=1.0000 pre_max=0.4000 pre_mean=0.1190 norm_max=1.0192 norm_mean=0.3033 flatness=0.7160 final_max=0.9192 final_mean=0.2520
[1780315419.399] VP_AGC: gain=0.1000 envelope=7.1343 floor=0.0010 gated=false
[1780315419.399] VP_RENDER_US: last=3455 avg=2308 max=3465
[1780315419.399] }}
[1780315419.641] [VP] profile=candidate fix=111011 chroma_seq=8588 chroma_flatness=0.7160 chroma_norm_max=1.0192 chroma_norm_mean=0.3033 chroma_final_max=0.9192 chroma_final_mean=0.2520 agc_gain=0.1000 bloom_alpha=0.9900 bloom_shift=1.0000 wave_idle=0.9850 wave_raw_margin=1.1000 wave_peak_floor=0.0800 wave_vu_floor=0.0200 wave_shift=120.0000 render_us=2427 render_avg=2278 render_max=3465
[1780315419.658] [AP] SSL=471 DC=-870 max_raw=31398 follower=30927 peak_scaled=1.000 silent_scale=1.000 silence=0 cal_source=config cal_valid=1
[1780315420.646] [VP] profile=candidate fix=111011 chroma_seq=8766 chroma_flatness=0.7160 chroma_norm_max=1.0192 chroma_norm_mean=0.3033 chroma_final_max=0.9192 chroma_final_mean=0.2520 agc_gain=0.1000 bloom_alpha=0.9900 bloom_shift=1.0000 wave_idle=0.9850 wave_raw_margin=1.1000 wave_peak_floor=0.0800 wave_vu_floor=0.0200 wave_shift=120.0000 render_us=2454 render_avg=2319 render_max=3465
[1780315421.647] [AP] SSL=471 DC=-870 max_raw=31398 follower=30927 peak_scaled=1.000 silent_scale=1.000 silence=0 cal_source=config cal_valid=1
[1780315421.651] [VP] profile=candidate fix=111011 chroma_seq=8945 chroma_flatness=0.7160 chroma_norm_max=1.0192 chroma_norm_mean=0.3033 chroma_final_max=0.9192 chroma_final_mean=0.2520 agc_gain=0.1000 bloom_alpha=0.9900 bloom_shift=1.0000 wave_idle=0.9850 wave_raw_margin=1.1000 wave_peak_floor=0.0800 wave_vu_floor=0.0200 wave_shift=120.0000 render_us=2444 render_avg=2291 render_max=3465
[1780315421.666] [AP] SSL=471 DC=-870 max_raw=31398 follower=30927 peak_scaled=1.000 silent_scale=1.000 silence=0 cal_source=config cal_valid=1
[1780315422.655] [VP] profile=candidate fix=111011 chroma_seq=9123 chroma_flatness=0.7160 chroma_norm_max=1.0192 chroma_norm_mean=0.3033 chroma_final_max=0.9192 chroma_final_mean=0.2520 agc_gain=0.1000 bloom_alpha=0.9900 bloom_shift=1.0000 wave_idle=0.9850 wave_raw_margin=1.1000 wave_peak_floor=0.0800 wave_vu_floor=0.0200 wave_shift=120.0000 render_us=2355 render_avg=2264 render_max=3465
[1780315422.673] [AP] SSL=471 DC=-870 max_raw=31398 follower=30927 peak_scaled=1.000 silent_scale=1.000 silence=0 cal_source=config cal_valid=1
[1780315423.660] [VP] profile=candidate fix=111011 chroma_seq=9301 chroma_flatness=0.7160 chroma_norm_max=1.0192 chroma_norm_mean=0.3033 chroma_final_max=0.9192 chroma_final_mean=0.2520 agc_gain=0.1000 bloom_alpha=0.9900 bloom_shift=1.0000 wave_idle=0.9850 wave_raw_margin=1.1000 wave_peak_floor=0.0800 wave_vu_floor=0.0200 wave_shift=120.0000 render_us=2348 render_avg=2192 render_max=3520
[1780315423.678] [AP] SSL=471 DC=-870 max_raw=31398 follower=30927 peak_scaled=1.000 silent_scale=1.000 silence=0 cal_source=config cal_valid=1
[1780315424.665] [VP] profile=candidate fix=111011 chroma_seq=9479 chroma_flatness=0.7160 chroma_norm_max=1.0192 chroma_norm_mean=0.3033 chroma_final_max=0.9192 chroma_final_mean=0.2520 agc_gain=0.1000 bloom_alpha=0.9900 bloom_shift=1.0000 wave_idle=0.9850 wave_raw_margin=1.1000 wave_peak_floor=0.0800 wave_vu_floor=0.0200 wave_shift=120.0000 render_us=2347 render_avg=2269 render_max=3520
[1780315424.683] [AP] SSL=471 DC=-870 max_raw=31398 follower=30927 peak_scaled=1.000 silent_scale=1.000 silence=0 cal_source=config cal_valid=1
[1780315425.671] [VP] profile=candidate fix=111011 chroma_seq=9658 chroma_flatness=0.7160 chroma_norm_max=1.0192 chroma_norm_mean=0.3033 chroma_final_max=0.9192 chroma_final_mean=0.2520 agc_gain=0.1000 bloom_alpha=0.9900 bloom_shift=1.0000 wave_idle=0.9850 wave_raw_margin=1.1000 wave_peak_floor=0.0800 wave_vu_floor=0.0200 wave_shift=120.0000 render_us=2477 render_avg=2327 render_max=3520
[1780315425.688] [AP] SSL=471 DC=-870 max_raw=31398 follower=30927 peak_scaled=1.000 silent_scale=1.000 silence=0 cal_source=config cal_valid=1
[1780315426.676] [VP] profile=candidate fix=111011 chroma_seq=9837 chroma_flatness=0.7160 chroma_norm_max=1.0192 chroma_norm_mean=0.3033 chroma_final_max=0.9192 chroma_final_mean=0.2520 agc_gain=0.1000 bloom_alpha=0.9900 bloom_shift=1.0000 wave_idle=0.9850 wave_raw_margin=1.1000 wave_peak_floor=0.0800 wave_vu_floor=0.0200 wave_shift=120.0000 render_us=2280 render_avg=2262 render_max=3551
[1780315426.693] [AP] SSL=471 DC=-870 max_raw=31398 follower=30927 peak_scaled=1.000 silent_scale=1.000 silence=0 cal_source=config cal_valid=1
[1780315427.422] ### CLIP_START id=steady-groove track=Regard_Ride_It.mp3 start=125 duration=25
[1780315427.425] >>> :smart_status
[1780315427.431] sbr{{
[1780315427.431] SMART_ASSIST: on
[1780315427.431] SMART_SWITCHING: on
[1780315427.431] SMART_DIRECTOR_AUTONOMY: off
[1780315427.431] SMART_HOOKS: on
[1780315427.431] SMART_CONFIDENCE_FLOOR: 0.080
[1780315427.431] SMART_APPLIED_MODE: 3
[1780315427.432] SMART_LAST_REQUESTED_MODE: 3
[1780315427.432] SMART_SWITCHES_IN_WINDOW: 0
[1780315427.433] SMART_MANUAL_OWNER_ACTIVE: 0
[1780315427.433] SMART_LAST_REASON: 0
[1780315427.433] SMART_STATE: 2
[1780315427.433] SMART_INTENT_MODE: 8
[1780315427.433] SMART_INTENT_CONFIDENCE: 0.031
[1780315427.433] SMART_INTENT_WANTS_SWITCH: 0
[1780315427.433] SMART_SCALAR_PHOTONS: 1.000
[1780315427.433] SMART_SCALAR_CHROMA: 1.000
[1780315427.433] SMART_SCALAR_MOOD: 1.000
[1780315427.434] SMART_SCALAR_SATURATION: 1.000
[1780315427.434] SMART_PALETTE_OVERLAY: 0
[1780315427.434] SMART_PALETTE_INDEX: 29
[1780315427.434] SMART_AUTO_COLOUR_SHIFT: 0
[1780315427.434] SMART_MIN_DWELL_MS: 8000
[1780315427.434] SMART_COOLDOWN_MS: 20000
[1780315427.434] SMART_SWITCH_WINDOW_MS: 60000
[1780315427.435] SMART_MAX_SWITCHES: 2
[1780315427.435] SMART_AUDIO_NOVELTY: 0.0000
[1780315427.435] SMART_AUDIO_ENERGY: 0.0893
[1780315427.435] SMART_EVENT_ID: 0
[1780315427.435] SMART_EVENT_AGE_MS: 4294967295
[1780315427.435] SMART_ONSET: 0
[1780315427.435] SMART_BASS_ONSET: 0
[1780315427.435] SMART_BEAT_CONFIDENCE: 0.000
[1780315427.435] }}
[1780315427.480] >>> :vp_status
[1780315427.484] sbr{{
[1780315427.484] VP_PROFILE: candidate
[1780315427.484] VP_FIXES: agc_soft=on chroma_gate=on prism_off=on bloom_decay=off hsv_source_sat=on secondary_clean=on
[1780315427.484] VP_STREAM: on
[1780315427.485] AP_STREAM: on
[1780315427.486] VP_BLOOM: alpha=0.9900 shift=1.0000 force_sat=on
[1780315427.487] VP_WAVEFORM: idle_fade=0.9850 raw_margin=1.1000 peak_floor=0.0800 active_fade=0.0400 blend_gain=2.0000 fallback=1.0000 vu_floor=0.0200 shift_rate=120.0000
[1780315427.489] VP_CHROMA: seq=9980 range=60 profile=0 gate_gain=1.0000 pre_max=0.4000 pre_mean=0.1190 norm_max=1.0192 norm_mean=0.3033 flatness=0.7160 final_max=0.9192 final_mean=0.2520
[1780315427.491] VP_AGC: gain=0.1000 envelope=7.1343 floor=0.0010 gated=false
[1780315427.491] VP_RENDER_US: last=2468 avg=2356 max=3551
[1780315427.491] }}
[1780315427.680] [VP] profile=candidate fix=111011 chroma_seq=10013 chroma_flatness=0.7160 chroma_norm_max=1.0192 chroma_norm_mean=0.3033 chroma_final_max=0.9192 chroma_final_mean=0.2520 agc_gain=0.1000 bloom_alpha=0.9900 bloom_shift=1.0000 wave_idle=0.9850 wave_raw_margin=1.1000 wave_peak_floor=0.0800 wave_vu_floor=0.0200 wave_shift=120.0000 render_us=2351 render_avg=2161 render_max=3551
[1780315427.699] [AP] SSL=471 DC=-870 max_raw=31398 follower=30927 peak_scaled=1.000 silent_scale=1.000 silence=0 cal_source=config cal_valid=1
[1780315428.685] [VP] profile=candidate fix=111011 chroma_seq=10191 chroma_flatness=0.7160 chroma_norm_max=1.0192 chroma_norm_mean=0.3033 chroma_final_max=0.9192 chroma_final_mean=0.2520 agc_gain=0.1000 bloom_alpha=0.9900 bloom_shift=1.0000 wave_idle=0.9850 wave_raw_margin=1.1000 wave_peak_floor=0.0800 wave_vu_floor=0.0200 wave_shift=120.0000 render_us=2348 render_avg=2259 render_max=3551
[1780315429.687] [AP] SSL=471 DC=-870 max_raw=31398 follower=30927 peak_scaled=1.000 silent_scale=1.000 silence=0 cal_source=config cal_valid=1
[1780315429.691] [VP] profile=candidate fix=111011 chroma_seq=10370 chroma_flatness=0.7160 chroma_norm_max=1.0192 chroma_norm_mean=0.3033 chroma_final_max=0.9192 chroma_final_mean=0.2520 agc_gain=0.1000 bloom_alpha=0.9900 bloom_shift=1.0000 wave_idle=0.9850 wave_raw_margin=1.1000 wave_peak_floor=0.0800 wave_vu_floor=0.0200 wave_shift=120.0000 render_us=2469 render_avg=2324 render_max=3551
[1780315429.708] [AP] SSL=471 DC=-870 max_raw=31398 follower=30927 peak_scaled=1.000 silent_scale=1.000 silence=0 cal_source=config cal_valid=1
[1780315430.696] [VP] profile=candidate fix=111011 chroma_seq=10548 chroma_flatness=0.7160 chroma_norm_max=1.0192 chroma_norm_mean=0.3033 chroma_final_max=0.9192 chroma_final_mean=0.2520 agc_gain=0.1000 bloom_alpha=0.9900 bloom_shift=1.0000 wave_idle=0.9850 wave_raw_margin=1.1000 wave_peak_floor=0.0800 wave_vu_floor=0.0200 wave_shift=120.0000 render_us=2439 render_avg=2180 render_max=3551
[1780315430.714] [AP] SSL=471 DC=-870 max_raw=31398 follower=30927 peak_scaled=1.000 silent_scale=1.000 silence=0 cal_source=config cal_valid=1
[1780315431.701] [VP] profile=candidate fix=111011 chroma_seq=10726 chroma_flatness=0.7160 chroma_norm_max=1.0192 chroma_norm_mean=0.3033 chroma_final_max=0.9192 chroma_final_mean=0.2520 agc_gain=0.1000 bloom_alpha=0.9900 bloom_shift=1.0000 wave_idle=0.9850 wave_raw_margin=1.1000 wave_peak_floor=0.0800 wave_vu_floor=0.0200 wave_shift=120.0000 render_us=2473 render_avg=2330 render_max=3551
[1780315431.718] [AP] SSL=471 DC=-870 max_raw=31398 follower=30927 peak_scaled=1.000 silent_scale=1.000 silence=0 cal_source=config cal_valid=1
[1780315432.449] >>> :smart_status
[1780315432.457] sbr{{
[1780315432.457] SMART_ASSIST: on
[1780315432.457] SMART_SWITCHING: on
[1780315432.457] SMART_DIRECTOR_AUTONOMY: off
[1780315432.457] SMART_HOOKS: on
[1780315432.458] SMART_CONFIDENCE_FLOOR: 0.080
[1780315432.458] SMART_APPLIED_MODE: 3
[1780315432.458] SMART_LAST_REQUESTED_MODE: 3
[1780315432.459] SMART_SWITCHES_IN_WINDOW: 0
[1780315432.459] SMART_MANUAL_OWNER_ACTIVE: 0
[1780315432.459] SMART_LAST_REASON: 0
[1780315432.459] SMART_STATE: 2
[1780315432.459] SMART_INTENT_MODE: 8
[1780315432.459] SMART_INTENT_CONFIDENCE: 0.031
[1780315432.459] SMART_INTENT_WANTS_SWITCH: 0
[1780315432.459] SMART_SCALAR_PHOTONS: 1.000
[1780315432.459] SMART_SCALAR_CHROMA: 1.000
[1780315432.459] SMART_SCALAR_MOOD: 1.000
[1780315432.459] SMART_SCALAR_SATURATION: 1.000
[1780315432.459] SMART_PALETTE_OVERLAY: 0
[1780315432.459] SMART_PALETTE_INDEX: 29
[1780315432.459] SMART_AUTO_COLOUR_SHIFT: 0
[1780315432.460] SMART_MIN_DWELL_MS: 8000
[1780315432.460] SMART_COOLDOWN_MS: 20000
[1780315432.460] SMART_SWITCH_WINDOW_MS: 60000
[1780315432.460] SMART_MAX_SWITCHES: 2
[1780315432.461] SMART_AUDIO_NOVELTY: 0.0000
[1780315432.461] SMART_AUDIO_ENERGY: 0.0893
[1780315432.461] SMART_EVENT_ID: 0
[1780315432.461] SMART_EVENT_AGE_MS: 4294967295
[1780315432.461] SMART_ONSET: 0
[1780315432.461] SMART_BASS_ONSET: 0
[1780315432.461] SMART_BEAT_CONFIDENCE: 0.000
[1780315432.461] }}
[1780315432.504] >>> :vp_status
[1780315432.517] sbr{{
[1780315432.517] VP_PROFILE: candidate
[1780315432.517] VP_FIXES: agc_soft=on chroma_gate=on prism_off=on bloom_decay=off hsv_source_sat=on secondary_clean=on
[1780315432.517] VP_STREAM: on
[1780315432.517] AP_STREAM: on
[1780315432.518] VP_BLOOM: alpha=0.9900 shift=1.0000 force_sat=on
[1780315432.520] VP_WAVEFORM: idle_fade=0.9850 raw_margin=1.1000 peak_floor=0.0800 active_fade=0.0400 blend_gain=2.0000 fallback=1.0000 vu_floor=0.0200 shift_rate=120.0000
[1780315432.523] VP_CHROMA: seq=10872 range=60 profile=0 gate_gain=1.0000 pre_max=0.4000 pre_mean=0.1190 norm_max=1.0192 norm_mean=0.3033 flatness=0.7160 final_max=0.9192 final_mean=0.2520
[1780315432.524] VP_AGC: gain=0.1000 envelope=7.1343 floor=0.0010 gated=false
[1780315432.524] VP_RENDER_US: last=2480 avg=2328 max=3551
[1780315432.524] }}
[1780315432.705] [VP] profile=candidate fix=111011 chroma_seq=10904 chroma_flatness=0.7160 chroma_norm_max=1.0192 chroma_norm_mean=0.3033 chroma_final_max=0.9192 chroma_final_mean=0.2520 agc_gain=0.1000 bloom_alpha=0.9900 bloom_shift=1.0000 wave_idle=0.9850 wave_raw_margin=1.1000 wave_peak_floor=0.0800 wave_vu_floor=0.0200 wave_shift=120.0000 render_us=2347 render_avg=2155 render_max=3551
[1780315432.724] [AP] SSL=471 DC=-870 max_raw=31398 follower=30927 peak_scaled=1.000 silent_scale=1.000 silence=0 cal_source=config cal_valid=1
[1780315433.711] [VP] profile=candidate fix=111011 chroma_seq=11082 chroma_flatness=0.7160 chroma_norm_max=1.0192 chroma_norm_mean=0.3033 chroma_final_max=0.9192 chroma_final_mean=0.2520 agc_gain=0.1000 bloom_alpha=0.9900 bloom_shift=1.0000 wave_idle=0.9850 wave_raw_margin=1.1000 wave_peak_floor=0.0800 wave_vu_floor=0.0200 wave_shift=120.0000 render_us=2480 render_avg=2323 render_max=3551
[1780315433.728] [AP] SSL=471 DC=-870 max_raw=31398 follower=30927 peak_scaled=1.000 silent_scale=1.000 silence=0 cal_source=config cal_valid=1
[1780315434.716] [VP] profile=candidate fix=111011 chroma_seq=11261 chroma_flatness=0.7160 chroma_norm_max=1.0192 chroma_norm_mean=0.3033 chroma_final_max=0.9192 chroma_final_mean=0.2520 agc_gain=0.1000 bloom_alpha=0.9900 bloom_shift=1.0000 wave_idle=0.9850 wave_raw_margin=1.1000 wave_peak_floor=0.0800 wave_vu_floor=0.0200 wave_shift=120.0000 render_us=2409 render_avg=2215 render_max=3551
[1780315434.733] [AP] SSL=471 DC=-870 max_raw=31398 follower=30927 peak_scaled=1.000 silent_scale=1.000 silence=0 cal_source=config cal_valid=1
[1780315435.721] [VP] profile=candidate fix=111011 chroma_seq=11439 chroma_flatness=0.7160 chroma_norm_max=1.0192 chroma_norm_mean=0.3033 chroma_final_max=0.9192 chroma_final_mean=0.2520 agc_gain=0.1000 bloom_alpha=0.9900 bloom_shift=1.0000 wave_idle=0.9850 wave_raw_margin=1.1000 wave_peak_floor=0.0800 wave_vu_floor=0.0200 wave_shift=120.0000 render_us=2427 render_avg=2287 render_max=3551
[1780315435.738] [AP] SSL=471 DC=-870 max_raw=31398 follower=30927 peak_scaled=1.000 silent_scale=1.000 silence=0 cal_source=config cal_valid=1
[1780315436.724] [VP] profile=candidate fix=111011 chroma_seq=11619 chroma_flatness=0.7160 chroma_norm_max=1.0192 chroma_norm_mean=0.3033 chroma_final_max=0.9192 chroma_final_mean=0.2520 agc_gain=0.1000 bloom_alpha=0.9900 bloom_shift=1.0000 wave_idle=0.9850 wave_raw_margin=1.1000 wave_peak_floor=0.0800 wave_vu_floor=0.0200 wave_shift=120.0000 render_us=2360 render_avg=2224 render_max=3551
[1780315436.742] [AP] SSL=471 DC=-870 max_raw=31398 follower=30927 peak_scaled=1.000 silent_scale=1.000 silence=0 cal_source=config cal_valid=1
[1780315437.472] >>> :smart_status
[1780315437.481] sbr{{
[1780315437.481] SMART_ASSIST: on
[1780315437.481] SMART_SWITCHING: on
[1780315437.481] SMART_DIRECTOR_AUTONOMY: off
[1780315437.481] SMART_HOOKS: on
[1780315437.481] SMART_CONFIDENCE_FLOOR: 0.080
[1780315437.482] SMART_APPLIED_MODE: 3
[1780315437.482] SMART_LAST_REQUESTED_MODE: 3
[1780315437.482] SMART_SWITCHES_IN_WINDOW: 0
[1780315437.482] SMART_MANUAL_OWNER_ACTIVE: 0
[1780315437.483] SMART_LAST_REASON: 0
[1780315437.483] SMART_STATE: 2
[1780315437.483] SMART_INTENT_MODE: 8
[1780315437.483] SMART_INTENT_CONFIDENCE: 0.031
[1780315437.483] SMART_INTENT_WANTS_SWITCH: 0
[1780315437.483] SMART_SCALAR_PHOTONS: 1.000
[1780315437.484] SMART_SCALAR_CHROMA: 1.000
[1780315437.484] SMART_SCALAR_MOOD: 1.000
[1780315437.484] SMART_SCALAR_SATURATION: 1.000
[1780315437.484] SMART_PALETTE_OVERLAY: 0
[1780315437.484] SMART_PALETTE_INDEX: 29
[1780315437.484] SMART_AUTO_COLOUR_SHIFT: 0
[1780315437.484] SMART_MIN_DWELL_MS: 8000
[1780315437.484] SMART_COOLDOWN_MS: 20000
[1780315437.485] SMART_SWITCH_WINDOW_MS: 60000
[1780315437.485] SMART_MAX_SWITCHES: 2
[1780315437.485] SMART_AUDIO_NOVELTY: 0.0000
[1780315437.485] SMART_AUDIO_ENERGY: 0.0893
[1780315437.485] SMART_EVENT_ID: 0
[1780315437.485] SMART_EVENT_AGE_MS: 4294967295
[1780315437.485] SMART_ONSET: 0
[1780315437.485] SMART_BASS_ONSET: 0
[1780315437.485] SMART_BEAT_CONFIDENCE: 0.000
[1780315437.486] }}
[1780315437.527] >>> :vp_status
[1780315437.528] sbr{{
[1780315437.528] VP_PROFILE: candidate
[1780315437.529] VP_FIXES: agc_soft=on chroma_gate=on prism_off=on bloom_decay=off hsv_source_sat=on secondary_clean=on
[1780315437.529] VP_STREAM: on
[1780315437.529] AP_STREAM: on
[1780315437.530] VP_BLOOM: alpha=0.9900 shift=1.0000 force_sat=on
[1780315437.531] VP_WAVEFORM: idle_fade=0.9850 raw_margin=1.1000 peak_floor=0.0800 active_fade=0.0400 blend_gain=2.0000 fallback=1.0000 vu_floor=0.0200 shift_rate=120.0000
[1780315437.533] VP_CHROMA: seq=11763 range=60 profile=0 gate_gain=1.0000 pre_max=0.4000 pre_mean=0.1190 norm_max=1.0192 norm_mean=0.3033 flatness=0.7160 final_max=0.9192 final_mean=0.2520
[1780315437.533] VP_AGC: gain=0.1000 envelope=7.1343 floor=0.0010 gated=false
[1780315437.534] VP_RENDER_US: last=2511 avg=2287 max=3551
[1780315437.534] }}
[1780315437.730] [VP] profile=candidate fix=111011 chroma_seq=11797 chroma_flatness=0.7160 chroma_norm_max=1.0192 chroma_norm_mean=0.3033 chroma_final_max=0.9192 chroma_final_mean=0.2520 agc_gain=0.1000 bloom_alpha=0.9900 bloom_shift=1.0000 wave_idle=0.9850 wave_raw_margin=1.1000 wave_peak_floor=0.0800 wave_vu_floor=0.0200 wave_shift=120.0000 render_us=2342 render_avg=2267 render_max=3551
[1780315437.748] [AP] SSL=471 DC=-870 max_raw=31398 follower=30927 peak_scaled=1.000 silent_scale=1.000 silence=0 cal_source=config cal_valid=1
[1780315438.735] [VP] profile=candidate fix=111011 chroma_seq=11975 chroma_flatness=0.7160 chroma_norm_max=1.0192 chroma_norm_mean=0.3033 chroma_final_max=0.9192 chroma_final_mean=0.2520 agc_gain=0.1000 bloom_alpha=0.9900 bloom_shift=1.0000 wave_idle=0.9850 wave_raw_margin=1.1000 wave_peak_floor=0.0800 wave_vu_floor=0.0200 wave_shift=120.0000 render_us=2348 render_avg=2271 render_max=3551
[1780315439.732] [AP] SSL=471 DC=-870 max_raw=31398 follower=30927 peak_scaled=1.000 silent_scale=1.000 silence=0 cal_source=config cal_valid=1
[1780315439.736] [VP] profile=candidate fix=111011 chroma_seq=12153 chroma_flatness=0.7160 chroma_norm_max=1.0192 chroma_norm_mean=0.3033 chroma_final_max=0.9192 chroma_final_mean=0.2520 agc_gain=0.1000 bloom_alpha=0.9900 bloom_shift=1.0000 wave_idle=0.9850 wave_raw_margin=1.1000 wave_peak_floor=0.0800 wave_vu_floor=0.0200 wave_shift=120.0000 render_us=2337 render_avg=2248 render_max=3551
[1780315439.759] [AP] SSL=471 DC=-870 max_raw=31398 follower=30927 peak_scaled=1.000 silent_scale=1.000 silence=0 cal_source=config cal_valid=1
[1780315440.739] [VP] profile=candidate fix=111011 chroma_seq=12332 chroma_flatness=0.7160 chroma_norm_max=1.0192 chroma_norm_mean=0.3033 chroma_final_max=0.9192 chroma_final_mean=0.2520 agc_gain=0.1000 bloom_alpha=0.9900 bloom_shift=1.0000 wave_idle=0.9850 wave_raw_margin=1.1000 wave_peak_floor=0.0800 wave_vu_floor=0.0200 wave_shift=120.0000 render_us=2505 render_avg=2203 render_max=3554
[1780315440.762] [AP] SSL=471 DC=-870 max_raw=31398 follower=30927 peak_scaled=1.000 silent_scale=1.000 silence=0 cal_source=config cal_valid=1
[1780315441.744] [VP] profile=candidate fix=111011 chroma_seq=12510 chroma_flatness=0.7160 chroma_norm_max=1.0192 chroma_norm_mean=0.3033 chroma_final_max=0.9192 chroma_final_mean=0.2520 agc_gain=0.1000 bloom_alpha=0.9900 bloom_shift=1.0000 wave_idle=0.9850 wave_raw_margin=1.1000 wave_peak_floor=0.0800 wave_vu_floor=0.0200 wave_shift=120.0000 render_us=2533 render_avg=2261 render_max=3554
[1780315441.768] [AP] SSL=471 DC=-870 max_raw=31398 follower=30927 peak_scaled=1.000 silent_scale=1.000 silence=0 cal_source=config cal_valid=1
[1780315442.442] >>> :smart_status
[1780315442.448] sbr{{
[1780315442.448] SMART_ASSIST: on
[1780315442.448] SMART_SWITCHING: on
[1780315442.448] SMART_DIRECTOR_AUTONOMY: off
[1780315442.449] SMART_HOOKS: on
[1780315442.449] SMART_CONFIDENCE_FLOOR: 0.080
[1780315442.449] SMART_APPLIED_MODE: 3
[1780315442.449] SMART_LAST_REQUESTED_MODE: 3
[1780315442.449] SMART_SWITCHES_IN_WINDOW: 0
[1780315442.449] SMART_MANUAL_OWNER_ACTIVE: 0
[1780315442.450] SMART_LAST_REASON: 0
[1780315442.450] SMART_STATE: 2
[1780315442.450] SMART_INTENT_MODE: 8
[1780315442.450] SMART_INTENT_CONFIDENCE: 0.031
[1780315442.450] SMART_INTENT_WANTS_SWITCH: 0
[1780315442.451] SMART_SCALAR_PHOTONS: 1.000
[1780315442.451] SMART_SCALAR_CHROMA: 1.000
[1780315442.451] SMART_SCALAR_MOOD: 1.000
[1780315442.451] SMART_SCALAR_SATURATION: 1.000
[1780315442.451] SMART_PALETTE_OVERLAY: 0
[1780315442.451] SMART_PALETTE_INDEX: 29
[1780315442.451] SMART_AUTO_COLOUR_SHIFT: 0
[1780315442.451] SMART_MIN_DWELL_MS: 8000
[1780315442.452] SMART_COOLDOWN_MS: 20000
[1780315442.452] SMART_SWITCH_WINDOW_MS: 60000
[1780315442.452] SMART_MAX_SWITCHES: 2
[1780315442.452] SMART_AUDIO_NOVELTY: 0.0000
[1780315442.452] SMART_AUDIO_ENERGY: 0.0893
[1780315442.452] SMART_EVENT_ID: 0
[1780315442.452] SMART_EVENT_AGE_MS: 4294967295
[1780315442.452] SMART_ONSET: 0
[1780315442.452] SMART_BASS_ONSET: 0
[1780315442.452] SMART_BEAT_CONFIDENCE: 0.000
[1780315442.452] }}
[1780315442.492] >>> :vp_status
[1780315442.506] sbr{{
[1780315442.506] VP_PROFILE: candidate
[1780315442.507] VP_FIXES: agc_soft=on chroma_gate=on prism_off=on bloom_decay=off hsv_source_sat=on secondary_clean=on
[1780315442.507] VP_STREAM: on
[1780315442.507] AP_STREAM: on
[1780315442.508] VP_BLOOM: alpha=0.9900 shift=1.0000 force_sat=on
[1780315442.510] VP_WAVEFORM: idle_fade=0.9850 raw_margin=1.1000 peak_floor=0.0800 active_fade=0.0400 blend_gain=2.0000 fallback=1.0000 vu_floor=0.0200 shift_rate=120.0000
[1780315442.511] VP_CHROMA: seq=12646 range=60 profile=0 gate_gain=1.0000 pre_max=0.4000 pre_mean=0.1190 norm_max=1.0192 norm_mean=0.3033 flatness=0.7160 final_max=0.9192 final_mean=0.2520
[1780315442.512] VP_AGC: gain=0.1000 envelope=7.1343 floor=0.0010 gated=false
[1780315442.513] VP_RENDER_US: last=2524 avg=2296 max=3554
[1780315442.513] }}
[1780315442.749] [VP] profile=candidate fix=111011 chroma_seq=12687 chroma_flatness=0.7160 chroma_norm_max=1.0192 chroma_norm_mean=0.3033 chroma_final_max=0.9192 chroma_final_mean=0.2520 agc_gain=0.1000 bloom_alpha=0.9900 bloom_shift=1.0000 wave_idle=0.9850 wave_raw_margin=1.1000 wave_peak_floor=0.0800 wave_vu_floor=0.0200 wave_shift=120.0000 render_us=2503 render_avg=2187 render_max=3554
[1780315442.773] [AP] SSL=471 DC=-870 max_raw=31398 follower=30927 peak_scaled=1.000 silent_scale=1.000 silence=0 cal_source=config cal_valid=1
[1780315443.756] [VP] profile=candidate fix=111011 chroma_seq=12867 chroma_flatness=0.7160 chroma_norm_max=1.0192 chroma_norm_mean=0.3033 chroma_final_max=0.9192 chroma_final_mean=0.2520 agc_gain=0.1000 bloom_alpha=0.9900 bloom_shift=1.0000 wave_idle=0.9850 wave_raw_margin=1.1000 wave_peak_floor=0.0800 wave_vu_floor=0.0200 wave_shift=120.0000 render_us=2484 render_avg=2165 render_max=3562
[1780315443.779] [AP] SSL=471 DC=-870 max_raw=31398 follower=30927 peak_scaled=1.000 silent_scale=1.000 silence=0 cal_source=config cal_valid=1
[1780315444.759] [VP] profile=candidate fix=111011 chroma_seq=13045 chroma_flatness=0.7160 chroma_norm_max=1.0192 chroma_norm_mean=0.3033 chroma_final_max=0.9192 chroma_final_mean=0.2520 agc_gain=0.1000 bloom_alpha=0.9900 bloom_shift=1.0000 wave_idle=0.9850 wave_raw_margin=1.1000 wave_peak_floor=0.0800 wave_vu_floor=0.0200 wave_shift=120.0000 render_us=2502 render_avg=2180 render_max=3562
[1780315444.782] [AP] SSL=471 DC=-870 max_raw=31398 follower=30927 peak_scaled=1.000 silent_scale=1.000 silence=0 cal_source=config cal_valid=1
[1780315445.764] [VP] profile=candidate fix=111011 chroma_seq=13223 chroma_flatness=0.7160 chroma_norm_max=1.0192 chroma_norm_mean=0.3033 chroma_final_max=0.9192 chroma_final_mean=0.2520 agc_gain=0.1000 bloom_alpha=0.9900 bloom_shift=1.0000 wave_idle=0.9850 wave_raw_margin=1.1000 wave_peak_floor=0.0800 wave_vu_floor=0.0200 wave_shift=120.0000 render_us=2512 render_avg=2238 render_max=3562
[1780315445.788] [AP] SSL=471 DC=-870 max_raw=31398 follower=30927 peak_scaled=1.000 silent_scale=1.000 silence=0 cal_source=config cal_valid=1
[1780315446.769] [VP] profile=candidate fix=111011 chroma_seq=13402 chroma_flatness=0.7160 chroma_norm_max=1.0192 chroma_norm_mean=0.3033 chroma_final_max=0.9192 chroma_final_mean=0.2520 agc_gain=0.1000 bloom_alpha=0.9900 bloom_shift=1.0000 wave_idle=0.9850 wave_raw_margin=1.1000 wave_peak_floor=0.0800 wave_vu_floor=0.0200 wave_shift=120.0000 render_us=2372 render_avg=2228 render_max=3562
[1780315446.794] [AP] SSL=471 DC=-870 max_raw=31398 follower=30927 peak_scaled=1.000 silent_scale=1.000 silence=0 cal_source=config cal_valid=1
[1780315447.466] >>> :smart_status
[1780315447.472] sbr{{
[1780315447.472] SMART_ASSIST: on
[1780315447.472] SMART_SWITCHING: on
[1780315447.473] SMART_DIRECTOR_AUTONOMY: off
[1780315447.473] SMART_HOOKS: on
[1780315447.473] SMART_CONFIDENCE_FLOOR: 0.080
[1780315447.473] SMART_APPLIED_MODE: 3
[1780315447.473] SMART_LAST_REQUESTED_MODE: 3
[1780315447.474] SMART_SWITCHES_IN_WINDOW: 0
[1780315447.474] SMART_MANUAL_OWNER_ACTIVE: 0
[1780315447.474] SMART_LAST_REASON: 0
[1780315447.474] SMART_STATE: 2
[1780315447.474] SMART_INTENT_MODE: 8
[1780315447.474] SMART_INTENT_CONFIDENCE: 0.031
[1780315447.474] SMART_INTENT_WANTS_SWITCH: 0
[1780315447.474] SMART_SCALAR_PHOTONS: 1.000
[1780315447.474] SMART_SCALAR_CHROMA: 1.000
[1780315447.475] SMART_SCALAR_MOOD: 1.000
[1780315447.475] SMART_SCALAR_SATURATION: 1.000
[1780315447.475] SMART_PALETTE_OVERLAY: 0
[1780315447.475] SMART_PALETTE_INDEX: 29
[1780315447.475] SMART_AUTO_COLOUR_SHIFT: 0
[1780315447.475] SMART_MIN_DWELL_MS: 8000
[1780315447.475] SMART_COOLDOWN_MS: 20000
[1780315447.475] SMART_SWITCH_WINDOW_MS: 60000
[1780315447.475] SMART_MAX_SWITCHES: 2
[1780315447.476] SMART_AUDIO_NOVELTY: 0.0000
[1780315447.476] SMART_AUDIO_ENERGY: 0.0893
[1780315447.476] SMART_EVENT_ID: 0
[1780315447.476] SMART_EVENT_AGE_MS: 4294967295
[1780315447.476] SMART_ONSET: 0
[1780315447.477] SMART_BASS_ONSET: 0
[1780315447.477] SMART_BEAT_CONFIDENCE: 0.000
[1780315447.477] }}
[1780315447.519] >>> :vp_status
[1780315447.532] sbr{{
[1780315447.532] VP_PROFILE: candidate
[1780315447.533] VP_FIXES: agc_soft=on chroma_gate=on prism_off=on bloom_decay=off hsv_source_sat=on secondary_clean=on
[1780315447.533] VP_STREAM: on
[1780315447.533] AP_STREAM: on
[1780315447.533] VP_BLOOM: alpha=0.9900 shift=1.0000 force_sat=on
[1780315447.535] VP_WAVEFORM: idle_fade=0.9850 raw_margin=1.1000 peak_floor=0.0800 active_fade=0.0400 blend_gain=2.0000 fallback=1.0000 vu_floor=0.0200 shift_rate=120.0000
[1780315447.538] VP_CHROMA: seq=13538 range=60 profile=0 gate_gain=1.0000 pre_max=0.4000 pre_mean=0.1190 norm_max=1.0192 norm_mean=0.3033 flatness=0.7160 final_max=0.9192 final_mean=0.2520
[1780315447.539] VP_AGC: gain=0.1000 envelope=7.1343 floor=0.0010 gated=false
[1780315447.539] VP_RENDER_US: last=2479 avg=2219 max=3586
[1780315447.539] }}
[1780315447.774] [VP] profile=candidate fix=111011 chroma_seq=13579 chroma_flatness=0.7160 chroma_norm_max=1.0192 chroma_norm_mean=0.3033 chroma_final_max=0.9192 chroma_final_mean=0.2520 agc_gain=0.1000 bloom_alpha=0.9900 bloom_shift=1.0000 wave_idle=0.9850 wave_raw_margin=1.1000 wave_peak_floor=0.0800 wave_vu_floor=0.0200 wave_shift=120.0000 render_us=2525 render_avg=2180 render_max=3586
[1780315447.798] [AP] SSL=471 DC=-870 max_raw=31398 follower=30927 peak_scaled=1.000 silent_scale=1.000 silence=0 cal_source=config cal_valid=1
[1780315448.772] [VP] profile=candidate fix=111011 chroma_seq=13756 chroma_flatness=0.7160 chroma_norm_max=1.0192 chroma_norm_mean=0.3033 chroma_final_max=0.9192 chroma_final_mean=0.2520 agc_gain=0.1000 bloom_alpha=0.9900 bloom_shift=1.0000 wave_idle=0.9850 wave_raw_margin=1.1000 wave_peak_floor=0.0800 wave_vu_floor=0.0200 wave_shift=120.0000 render_us=2434 render_avg=2209 render_max=3586
[1780315448.802] [AP] SSL=471 DC=-870 max_raw=31398 follower=30927 peak_scaled=1.000 silent_scale=1.000 silence=0 cal_source=config cal_valid=1
[1780315449.777] [VP] profile=candidate fix=111011 chroma_seq=13934 chroma_flatness=0.7160 chroma_norm_max=1.0192 chroma_norm_mean=0.3033 chroma_final_max=0.9192 chroma_final_mean=0.2520 agc_gain=0.1000 bloom_alpha=0.9900 bloom_shift=1.0000 wave_idle=0.9850 wave_raw_margin=1.1000 wave_peak_floor=0.0800 wave_vu_floor=0.0200 wave_shift=120.0000 render_us=2464 render_avg=2331 render_max=3586
[1780315449.807] [AP] SSL=471 DC=-870 max_raw=31398 follower=30927 peak_scaled=1.000 silent_scale=1.000 silence=0 cal_source=config cal_valid=1
[1780315450.782] [VP] profile=candidate fix=111011 chroma_seq=14114 chroma_flatness=0.7160 chroma_norm_max=1.0192 chroma_norm_mean=0.3033 chroma_final_max=0.9192 chroma_final_mean=0.2520 agc_gain=0.1000 bloom_alpha=0.9900 bloom_shift=1.0000 wave_idle=0.9850 wave_raw_margin=1.1000 wave_peak_floor=0.0800 wave_vu_floor=0.0200 wave_shift=120.0000 render_us=2446 render_avg=2176 render_max=3586
[1780315450.813] [AP] SSL=471 DC=-870 max_raw=31398 follower=30927 peak_scaled=1.000 silent_scale=1.000 silence=0 cal_source=config cal_valid=1
[1780315451.786] [VP] profile=candidate fix=111011 chroma_seq=14291 chroma_flatness=0.7160 chroma_norm_max=1.0192 chroma_norm_mean=0.3033 chroma_final_max=0.9192 chroma_final_mean=0.2520 agc_gain=0.1000 bloom_alpha=0.9900 bloom_shift=1.0000 wave_idle=0.9850 wave_raw_margin=1.1000 wave_peak_floor=0.0800 wave_vu_floor=0.0200 wave_shift=120.0000 render_us=2346 render_avg=2271 render_max=3586
[1780315451.818] [AP] SSL=471 DC=-870 max_raw=31398 follower=30927 peak_scaled=1.000 silent_scale=1.000 silence=0 cal_source=config cal_valid=1
[1780315452.435] >>> :smart_status
[1780315452.437] sbr{{
[1780315452.437] SMART_ASSIST: on
[1780315452.437] SMART_SWITCHING: on
[1780315452.437] SMART_DIRECTOR_AUTONOMY: off
[1780315452.438] SMART_HOOKS: on
[1780315452.438] SMART_CONFIDENCE_FLOOR: 0.080
[1780315452.438] SMART_APPLIED_MODE: 3
[1780315452.438] SMART_LAST_REQUESTED_MODE: 3
[1780315452.438] SMART_SWITCHES_IN_WINDOW: 0
[1780315452.438] SMART_MANUAL_OWNER_ACTIVE: 0
[1780315452.438] SMART_LAST_REASON: 0
[1780315452.438] SMART_STATE: 2
[1780315452.438] SMART_INTENT_MODE: 8
[1780315452.438] SMART_INTENT_CONFIDENCE: 0.031
[1780315452.438] SMART_INTENT_WANTS_SWITCH: 0
[1780315452.438] SMART_SCALAR_PHOTONS: 1.000
[1780315452.439] SMART_SCALAR_CHROMA: 1.000
[1780315452.439] SMART_SCALAR_MOOD: 1.000
[1780315452.440] SMART_SCALAR_SATURATION: 1.000
[1780315452.440] SMART_PALETTE_OVERLAY: 0
[1780315452.440] SMART_PALETTE_INDEX: 29
[1780315452.440] SMART_AUTO_COLOUR_SHIFT: 0
[1780315452.440] SMART_MIN_DWELL_MS: 8000
[1780315452.440] SMART_COOLDOWN_MS: 20000
[1780315452.440] SMART_SWITCH_WINDOW_MS: 60000
[1780315452.440] SMART_MAX_SWITCHES: 2
[1780315452.440] SMART_AUDIO_NOVELTY: 0.0000
[1780315452.441] SMART_AUDIO_ENERGY: 0.0893
[1780315452.441] SMART_EVENT_ID: 0
[1780315452.441] SMART_EVENT_AGE_MS: 4294967295
[1780315452.441] SMART_ONSET: 0
[1780315452.441] SMART_BASS_ONSET: 0
[1780315452.441] SMART_BEAT_CONFIDENCE: 0.000
[1780315452.441] }}
[1780315452.489] >>> :vp_status
[1780315452.497] sbr{{
[1780315452.497] VP_PROFILE: candidate
[1780315452.498] VP_FIXES: agc_soft=on chroma_gate=on prism_off=on bloom_decay=off hsv_source_sat=on secondary_clean=on
[1780315452.498] VP_STREAM: on
[1780315452.498] AP_STREAM: on
[1780315452.498] VP_BLOOM: alpha=0.9900 shift=1.0000 force_sat=on
[1780315452.500] VP_WAVEFORM: idle_fade=0.9850 raw_margin=1.1000 peak_floor=0.0800 active_fade=0.0400 blend_gain=2.0000 fallback=1.0000 vu_floor=0.0200 shift_rate=120.0000
[1780315452.502] VP_CHROMA: seq=14418 range=60 profile=0 gate_gain=1.0000 pre_max=0.4000 pre_mean=0.1190 norm_max=1.0192 norm_mean=0.3033 flatness=0.7160 final_max=0.9192 final_mean=0.2520
[1780315452.503] VP_AGC: gain=0.1000 envelope=7.1343 floor=0.0010 gated=false
[1780315452.503] VP_RENDER_US: last=3190 avg=2199 max=3586
[1780315452.504] }}
[1780315452.760] ### CLIP_END id=steady-groove ffplay_rc=0 video_rc=None
[1780315452.760] ### CLIP_START id=kick-drop-heavy track=Shelter-Mix-Cut-Yoel-Lewis-Remix.mp3 start=75 duration=25
[1780315452.762] >>> :smart_status
[1780315452.767] sbr{{
[1780315452.767] SMART_ASSIST: on
[1780315452.767] SMART_SWITCHING: on
[1780315452.767] SMART_DIRECTOR_AUTONOMY: off
[1780315452.767] SMART_HOOKS: on
[1780315452.768] SMART_CONFIDENCE_FLOOR: 0.080
[1780315452.768] SMART_APPLIED_MODE: 3
[1780315452.768] SMART_LAST_REQUESTED_MODE: 3
[1780315452.768] SMART_SWITCHES_IN_WINDOW: 0
[1780315452.768] SMART_MANUAL_OWNER_ACTIVE: 0
[1780315452.768] SMART_LAST_REASON: 0
[1780315452.768] SMART_STATE: 2
[1780315452.768] SMART_INTENT_MODE: 8
[1780315452.768] SMART_INTENT_CONFIDENCE: 0.031
[1780315452.768] SMART_INTENT_WANTS_SWITCH: 0
[1780315452.768] SMART_SCALAR_PHOTONS: 1.000
[1780315452.769] SMART_SCALAR_CHROMA: 1.000
[1780315452.769] SMART_SCALAR_MOOD: 1.000
[1780315452.769] SMART_SCALAR_SATURATION: 1.000
[1780315452.769] SMART_PALETTE_OVERLAY: 0
[1780315452.770] SMART_PALETTE_INDEX: 29
[1780315452.770] SMART_AUTO_COLOUR_SHIFT: 0
[1780315452.770] SMART_MIN_DWELL_MS: 8000
[1780315452.770] SMART_COOLDOWN_MS: 20000
[1780315452.770] SMART_SWITCH_WINDOW_MS: 60000
[1780315452.771] SMART_MAX_SWITCHES: 2
[1780315452.771] SMART_AUDIO_NOVELTY: 0.0000
[1780315452.771] SMART_AUDIO_ENERGY: 0.0893
[1780315452.771] SMART_EVENT_ID: 0
[1780315452.771] SMART_EVENT_AGE_MS: 4294967295
[1780315452.771] SMART_ONSET: 0
[1780315452.772] SMART_BASS_ONSET: 0
[1780315452.772] SMART_BEAT_CONFIDENCE: 0.000
[1780315452.772] }}
[1780315452.787] [VP] profile=candidate fix=111011 chroma_seq=14468 chroma_flatness=0.7160 chroma_norm_max=1.0192 chroma_norm_mean=0.3033 chroma_final_max=0.9192 chroma_final_mean=0.2520 agc_gain=0.1000 bloom_alpha=0.9900 bloom_shift=1.0000 wave_idle=0.9850 wave_raw_margin=1.1000 wave_peak_floor=0.0800 wave_vu_floor=0.0200 wave_shift=120.0000 render_us=2341 render_avg=2253 render_max=3586
[1780315452.816] >>> :vp_status
[1780315452.818] sbr{{
[1780315452.819] VP_PROFILE: candidate
[1780315452.819] VP_FIXES: agc_soft=on chroma_gate=on prism_off=on bloom_decay=off hsv_source_sat=on secondary_clean=on
[1780315452.819] VP_STREAM: on
[1780315452.819] AP_STREAM: on
[1780315452.820] VP_BLOOM: alpha=0.9900 shift=1.0000 force_sat=on
[1780315452.821] VP_WAVEFORM: idle_fade=0.9850 raw_margin=1.1000 peak_floor=0.0800 active_fade=0.0400 blend_gain=2.0000 fallback=1.0000 vu_floor=0.0200 shift_rate=120.0000
[1780315452.823] VP_CHROMA: seq=14474 range=60 profile=0 gate_gain=1.0000 pre_max=0.4000 pre_mean=0.1190 norm_max=1.0192 norm_mean=0.3033 flatness=0.7160 final_max=0.9192 final_mean=0.2520
[1780315452.824] VP_AGC: gain=0.1000 envelope=7.1343 floor=0.0010 gated=false
[1780315452.825] VP_RENDER_US: last=2431 avg=2341 max=3586
[1780315452.825] }}
[1780315452.828] [AP] SSL=471 DC=-870 max_raw=31398 follower=30927 peak_scaled=1.000 silent_scale=1.000 silence=0 cal_source=config cal_valid=1
[1780315453.797] [VP] profile=candidate fix=111011 chroma_seq=14646 chroma_flatness=0.7160 chroma_norm_max=1.0192 chroma_norm_mean=0.3033 chroma_final_max=0.9192 chroma_final_mean=0.2520 agc_gain=0.1000 bloom_alpha=0.9900 bloom_shift=1.0000 wave_idle=0.9850 wave_raw_margin=1.1000 wave_peak_floor=0.0800 wave_vu_floor=0.0200 wave_shift=120.0000 render_us=2467 render_avg=2327 render_max=3586
[1780315453.834] [AP] SSL=471 DC=-870 max_raw=31398 follower=30927 peak_scaled=1.000 silent_scale=1.000 silence=0 cal_source=config cal_valid=1
[1780315454.801] [VP] profile=candidate fix=111011 chroma_seq=14825 chroma_flatness=0.7160 chroma_norm_max=1.0192 chroma_norm_mean=0.3033 chroma_final_max=0.9192 chroma_final_mean=0.2520 agc_gain=0.1000 bloom_alpha=0.9900 bloom_shift=1.0000 wave_idle=0.9850 wave_raw_margin=1.1000 wave_peak_floor=0.0800 wave_vu_floor=0.0200 wave_shift=120.0000 render_us=2436 render_avg=2297 render_max=3586
[1780315454.839] [AP] SSL=471 DC=-870 max_raw=31398 follower=30927 peak_scaled=1.000 silent_scale=1.000 silence=0 cal_source=config cal_valid=1
[1780315455.805] [VP] profile=candidate fix=111011 chroma_seq=15003 chroma_flatness=0.7160 chroma_norm_max=1.0192 chroma_norm_mean=0.3033 chroma_final_max=0.9192 chroma_final_mean=0.2520 agc_gain=0.1000 bloom_alpha=0.9900 bloom_shift=1.0000 wave_idle=0.9850 wave_raw_margin=1.1000 wave_peak_floor=0.0800 wave_vu_floor=0.0200 wave_shift=120.0000 render_us=2362 render_avg=2118 render_max=3586
[1780315455.844] [AP] SSL=471 DC=-870 max_raw=31398 follower=30927 peak_scaled=1.000 silent_scale=1.000 silence=0 cal_source=config cal_valid=1
[1780315456.812] [VP] profile=candidate fix=111011 chroma_seq=15182 chroma_flatness=0.7160 chroma_norm_max=1.0192 chroma_norm_mean=0.3033 chroma_final_max=0.9192 chroma_final_mean=0.2520 agc_gain=0.1000 bloom_alpha=0.9900 bloom_shift=1.0000 wave_idle=0.9850 wave_raw_margin=1.1000 wave_peak_floor=0.0800 wave_vu_floor=0.0200 wave_shift=120.0000 render_us=2470 render_avg=2326 render_max=3586
[1780315456.848] [AP] SSL=471 DC=-870 max_raw=31398 follower=30927 peak_scaled=1.000 silent_scale=1.000 silence=0 cal_source=config cal_valid=1
[1780315457.800] >>> :smart_status
[1780315457.807] sbr{{
[1780315457.808] SMART_ASSIST: on
[1780315457.808] SMART_SWITCHING: on
[1780315457.808] SMART_DIRECTOR_AUTONOMY: off
[1780315457.808] SMART_HOOKS: on
[1780315457.808] SMART_CONFIDENCE_FLOOR: 0.080
[1780315457.808] SMART_APPLIED_MODE: 3
[1780315457.808] SMART_LAST_REQUESTED_MODE: 3
[1780315457.808] SMART_SWITCHES_IN_WINDOW: 0
[1780315457.808] SMART_MANUAL_OWNER_ACTIVE: 0
[1780315457.808] SMART_LAST_REASON: 0
[1780315457.808] SMART_STATE: 2
[1780315457.808] SMART_INTENT_MODE: 8
[1780315457.809] SMART_INTENT_CONFIDENCE: 0.031
[1780315457.809] SMART_INTENT_WANTS_SWITCH: 0
[1780315457.809] SMART_SCALAR_PHOTONS: 1.000
[1780315457.809] SMART_SCALAR_CHROMA: 1.000
[1780315457.809] SMART_SCALAR_MOOD: 1.000
[1780315457.810] SMART_SCALAR_SATURATION: 1.000
[1780315457.811] SMART_PALETTE_OVERLAY: 0
[1780315457.811] SMART_PALETTE_INDEX: 29
[1780315457.811] SMART_AUTO_COLOUR_SHIFT: 0
[1780315457.811] SMART_MIN_DWELL_MS: 8000
[1780315457.811] SMART_COOLDOWN_MS: 20000
[1780315457.811] SMART_SWITCH_WINDOW_MS: 60000
[1780315457.811] SMART_MAX_SWITCHES: 2
[1780315457.811] SMART_AUDIO_NOVELTY: 0.0000
[1780315457.811] SMART_AUDIO_ENERGY: 0.0893
[1780315457.811] SMART_EVENT_ID: 0
[1780315457.811] SMART_EVENT_AGE_MS: 4294967295
[1780315457.812] SMART_ONSET: 0
[1780315457.812] SMART_BASS_ONSET: 0
[1780315457.812] SMART_BEAT_CONFIDENCE: 0.000
[1780315457.812] }}
[1780315457.821] [VP] profile=candidate fix=111011 chroma_seq=15362 chroma_flatness=0.7160 chroma_norm_max=1.0192 chroma_norm_mean=0.3033 chroma_final_max=0.9192 chroma_final_mean=0.2520 agc_gain=0.1000 bloom_alpha=0.9900 bloom_shift=1.0000 wave_idle=0.9850 wave_raw_margin=1.1000 wave_peak_floor=0.0800 wave_vu_floor=0.0200 wave_shift=120.0000 render_us=2485 render_avg=2232 render_max=3586
[1780315457.855] >>> :vp_status
[1780315457.861] [AP] SSL=471 DC=-870 max_raw=31398 follower=30927 peak_scaled=1.000 silent_scale=1.000 silence=0 cal_source=config cal_valid=1
[1780315457.861] sbr{{
[1780315457.861] VP_PROFILE: candidate
[1780315457.861] VP_FIXES: agc_soft=on chroma_gate=on prism_off=on bloom_decay=off hsv_source_sat=on secondary_clean=on
[1780315457.861] VP_STREAM: on
[1780315457.861] AP_STREAM: on
[1780315457.861] VP_BLOOM: alpha=0.9900 shift=1.0000 force_sat=on
[1780315457.863] VP_WAVEFORM: idle_fade=0.9850 raw_margin=1.1000 peak_floor=0.0800 active_fade=0.0400 blend_gain=2.0000 fallback=1.0000 vu_floor=0.0200 shift_rate=120.0000
[1780315457.866] VP_CHROMA: seq=15369 range=60 profile=0 gate_gain=1.0000 pre_max=0.4000 pre_mean=0.1190 norm_max=1.0192 norm_mean=0.3033 flatness=0.7160 final_max=0.9192 final_mean=0.2520
[1780315457.866] VP_AGC: gain=0.1000 envelope=7.1343 floor=0.0010 gated=false
[1780315457.867] VP_RENDER_US: last=1941 avg=2334 max=3586
[1780315457.867] }}
[1780315458.822] [VP] profile=candidate fix=111011 chroma_seq=15538 chroma_flatness=0.7160 chroma_norm_max=1.0192 chroma_norm_mean=0.3033 chroma_final_max=0.9192 chroma_final_mean=0.2520 agc_gain=0.1000 bloom_alpha=0.9900 bloom_shift=1.0000 wave_idle=0.9850 wave_raw_margin=1.1000 wave_peak_floor=0.0800 wave_vu_floor=0.0200 wave_shift=120.0000 render_us=2472 render_avg=2322 render_max=3586
[1780315458.858] [AP] SSL=471 DC=-870 max_raw=31398 follower=30927 peak_scaled=1.000 silent_scale=1.000 silence=0 cal_source=config cal_valid=1
[1780315459.826] [VP] profile=candidate fix=111011 chroma_seq=15717 chroma_flatness=0.7160 chroma_norm_max=1.0192 chroma_norm_mean=0.3033 chroma_final_max=0.9192 chroma_final_mean=0.2520 agc_gain=0.1000 bloom_alpha=0.9900 bloom_shift=1.0000 wave_idle=0.9850 wave_raw_margin=1.1000 wave_peak_floor=0.0800 wave_vu_floor=0.0200 wave_shift=120.0000 render_us=2430 render_avg=2228 render_max=3586
[1780315459.864] [AP] SSL=471 DC=-870 max_raw=31398 follower=30927 peak_scaled=1.000 silent_scale=1.000 silence=0 cal_source=config cal_valid=1
[1780315460.831] [VP] profile=candidate fix=111011 chroma_seq=15895 chroma_flatness=0.7160 chroma_norm_max=1.0192 chroma_norm_mean=0.3033 chroma_final_max=0.9192 chroma_final_mean=0.2520 agc_gain=0.1000 bloom_alpha=0.9900 bloom_shift=1.0000 wave_idle=0.9850 wave_raw_margin=1.1000 wave_peak_floor=0.0800 wave_vu_floor=0.0200 wave_shift=120.0000 render_us=2346 render_avg=2256 render_max=3586
[1780315460.871] [AP] SSL=471 DC=-870 max_raw=31398 follower=30927 peak_scaled=1.000 silent_scale=1.000 silence=0 cal_source=config cal_valid=1
[1780315461.836] [VP] profile=candidate fix=111011 chroma_seq=16074 chroma_flatness=0.7160 chroma_norm_max=1.0192 chroma_norm_mean=0.3033 chroma_final_max=0.9192 chroma_final_mean=0.2520 agc_gain=0.1000 bloom_alpha=0.9900 bloom_shift=1.0000 wave_idle=0.9850 wave_raw_margin=1.1000 wave_peak_floor=0.0800 wave_vu_floor=0.0200 wave_shift=120.0000 render_us=2511 render_avg=2242 render_max=3586
[1780315461.876] [AP] SSL=471 DC=-870 max_raw=31398 follower=30927 peak_scaled=1.000 silent_scale=1.000 silence=0 cal_source=config cal_valid=1
[1780315462.811] >>> :smart_status
[1780315462.818] sbr{{
[1780315462.818] SMART_ASSIST: on
[1780315462.818] SMART_SWITCHING: on
[1780315462.818] SMART_DIRECTOR_AUTONOMY: off
[1780315462.818] SMART_HOOKS: on
[1780315462.818] SMART_CONFIDENCE_FLOOR: 0.080
[1780315462.818] SMART_APPLIED_MODE: 3
[1780315462.818] SMART_LAST_REQUESTED_MODE: 3
[1780315462.819] SMART_SWITCHES_IN_WINDOW: 0
[1780315462.819] SMART_MANUAL_OWNER_ACTIVE: 0
[1780315462.819] SMART_LAST_REASON: 0
[1780315462.819] SMART_STATE: 2
[1780315462.820] SMART_INTENT_MODE: 8
[1780315462.820] SMART_INTENT_CONFIDENCE: 0.031
[1780315462.820] SMART_INTENT_WANTS_SWITCH: 0
[1780315462.820] SMART_SCALAR_PHOTONS: 1.000
[1780315462.820] SMART_SCALAR_CHROMA: 1.000
[1780315462.820] SMART_SCALAR_MOOD: 1.000
[1780315462.820] SMART_SCALAR_SATURATION: 1.000
[1780315462.820] SMART_PALETTE_OVERLAY: 0
[1780315462.820] SMART_PALETTE_INDEX: 29
[1780315462.820] SMART_AUTO_COLOUR_SHIFT: 0
[1780315462.820] SMART_MIN_DWELL_MS: 8000
[1780315462.820] SMART_COOLDOWN_MS: 20000
[1780315462.820] SMART_SWITCH_WINDOW_MS: 60000
[1780315462.820] SMART_MAX_SWITCHES: 2
[1780315462.821] SMART_AUDIO_NOVELTY: 0.0000
[1780315462.821] SMART_AUDIO_ENERGY: 0.0893
[1780315462.822] SMART_EVENT_ID: 0
[1780315462.822] SMART_EVENT_AGE_MS: 4294967295
[1780315462.822] SMART_ONSET: 0
[1780315462.822] SMART_BASS_ONSET: 0
[1780315462.822] SMART_BEAT_CONFIDENCE: 0.000
[1780315462.822] }}
[1780315462.839] [VP] profile=candidate fix=111011 chroma_seq=16252 chroma_flatness=0.7160 chroma_norm_max=1.0192 chroma_norm_mean=0.3033 chroma_final_max=0.9192 chroma_final_mean=0.2520 agc_gain=0.1000 bloom_alpha=0.9900 bloom_shift=1.0000 wave_idle=0.9850 wave_raw_margin=1.1000 wave_peak_floor=0.0800 wave_vu_floor=0.0200 wave_shift=120.0000 render_us=2365 render_avg=2344 render_max=3586
[1780315462.865] >>> :vp_status
[1780315462.878] sbr{{
[1780315462.878] VP_PROFILE: candidate
[1780315462.878] VP_FIXES: agc_soft=on chroma_gate=on prism_off=on bloom_decay=off hsv_source_sat=on secondary_clean=on
[1780315462.878] VP_STREAM: on
[1780315462.878] AP_STREAM: on
[1780315462.880] VP_BLOOM: alpha=0.9900 shift=1.0000 force_sat=on
[1780315462.880] VP_WAVEFORM: idle_fade=0.9850 raw_margin=1.1000 peak_floor=0.0800 active_fade=0.0400 blend_gain=2.0000 fallback=1.0000 vu_floor=0.0200 shift_rate=120.0000
[1780315462.883] VP_CHROMA: seq=16260 range=60 profile=0 gate_gain=1.0000 pre_max=0.4000 pre_mean=0.1190 norm_max=1.0192 norm_mean=0.3033 flatness=0.7160 final_max=0.9192 final_mean=0.2520
[1780315462.883] VP_AGC: gain=0.1000 envelope=7.1343 floor=0.0010 gated=false
[1780315462.883] VP_RENDER_US: last=2482 avg=2378 max=3586
[1780315462.884] }}
[1780315462.887] [AP] SSL=471 DC=-870 max_raw=31398 follower=30927 peak_scaled=1.000 silent_scale=1.000 silence=0 cal_source=config cal_valid=1
[1780315463.839] [VP] profile=candidate fix=111011 chroma_seq=16430 chroma_flatness=0.7160 chroma_norm_max=1.0192 chroma_norm_mean=0.3033 chroma_final_max=0.9192 chroma_final_mean=0.2520 agc_gain=0.1000 bloom_alpha=0.9900 bloom_shift=1.0000 wave_idle=0.9850 wave_raw_margin=1.1000 wave_peak_floor=0.0800 wave_vu_floor=0.0200 wave_shift=120.0000 render_us=2349 render_avg=2187 render_max=3586
[1780315463.893] [AP] SSL=471 DC=-870 max_raw=31398 follower=30927 peak_scaled=1.000 silent_scale=1.000 silence=0 cal_source=config cal_valid=1
[1780315464.845] [VP] profile=candidate fix=111011 chroma_seq=16608 chroma_flatness=0.7160 chroma_norm_max=1.0192 chroma_norm_mean=0.3033 chroma_final_max=0.9192 chroma_final_mean=0.2520 agc_gain=0.1000 bloom_alpha=0.9900 bloom_shift=1.0000 wave_idle=0.9850 wave_raw_margin=1.1000 wave_peak_floor=0.0800 wave_vu_floor=0.0200 wave_shift=120.0000 render_us=2426 render_avg=2296 render_max=3586
[1780315464.899] [AP] SSL=471 DC=-870 max_raw=31398 follower=30927 peak_scaled=1.000 silent_scale=1.000 silence=0 cal_source=config cal_valid=1
[1780315465.850] [VP] profile=candidate fix=111011 chroma_seq=16786 chroma_flatness=0.7160 chroma_norm_max=1.0192 chroma_norm_mean=0.3033 chroma_final_max=0.9192 chroma_final_mean=0.2520 agc_gain=0.1000 bloom_alpha=0.9900 bloom_shift=1.0000 wave_idle=0.9850 wave_raw_margin=1.1000 wave_peak_floor=0.0800 wave_vu_floor=0.0200 wave_shift=120.0000 render_us=2532 render_avg=2228 render_max=3586
[1780315465.905] [AP] SSL=471 DC=-870 max_raw=31398 follower=30927 peak_scaled=1.000 silent_scale=1.000 silence=0 cal_source=config cal_valid=1
[1780315466.852] [VP] profile=candidate fix=111011 chroma_seq=16965 chroma_flatness=0.7160 chroma_norm_max=1.0192 chroma_norm_mean=0.3033 chroma_final_max=0.9192 chroma_final_mean=0.2520 agc_gain=0.1000 bloom_alpha=0.9900 bloom_shift=1.0000 wave_idle=0.9850 wave_raw_margin=1.1000 wave_peak_floor=0.0800 wave_vu_floor=0.0200 wave_shift=120.0000 render_us=1407 render_avg=2128 render_max=3586
[1780315466.910] [AP] SSL=471 DC=-870 max_raw=31398 follower=30927 peak_scaled=1.000 silent_scale=1.000 silence=0 cal_source=config cal_valid=1
[1780315467.781] >>> :smart_status
[1780315467.784] sbr{{
[1780315467.784] SMART_ASSIST: on
[1780315467.784] SMART_SWITCHING: on
[1780315467.784] SMART_DIRECTOR_AUTONOMY: off
[1780315467.784] SMART_HOOKS: on
[1780315467.784] SMART_CONFIDENCE_FLOOR: 0.080
[1780315467.784] SMART_APPLIED_MODE: 3
[1780315467.784] SMART_LAST_REQUESTED_MODE: 3
[1780315467.784] SMART_SWITCHES_IN_WINDOW: 0
[1780315467.784] SMART_MANUAL_OWNER_ACTIVE: 0
[1780315467.784] SMART_LAST_REASON: 0
[1780315467.785] SMART_STATE: 2
[1780315467.785] SMART_INTENT_MODE: 8
[1780315467.785] SMART_INTENT_CONFIDENCE: 0.031
[1780315467.785] SMART_INTENT_WANTS_SWITCH: 0
[1780315467.786] SMART_SCALAR_PHOTONS: 1.000
[1780315467.786] SMART_SCALAR_CHROMA: 1.000
[1780315467.786] SMART_SCALAR_MOOD: 1.000
[1780315467.786] SMART_SCALAR_SATURATION: 1.000
[1780315467.786] SMART_PALETTE_OVERLAY: 0
[1780315467.786] SMART_PALETTE_INDEX: 29
[1780315467.786] SMART_AUTO_COLOUR_SHIFT: 0
[1780315467.786] SMART_MIN_DWELL_MS: 8000
[1780315467.787] SMART_COOLDOWN_MS: 20000
[1780315467.787] SMART_SWITCH_WINDOW_MS: 60000
[1780315467.787] SMART_MAX_SWITCHES: 2
[1780315467.787] SMART_AUDIO_NOVELTY: 0.0000
[1780315467.787] SMART_AUDIO_ENERGY: 0.0893
[1780315467.787] SMART_EVENT_ID: 0
[1780315467.787] SMART_EVENT_AGE_MS: 4294967295
[1780315467.787] SMART_ONSET: 0
[1780315467.787] SMART_BASS_ONSET: 0
[1780315467.789] SMART_BEAT_CONFIDENCE: 0.000
[1780315467.789] }}
[1780315467.836] >>> :vp_status
[1780315467.841] sbr{{
[1780315467.842] VP_PROFILE: candidate
[1780315467.842] VP_FIXES: agc_soft=on chroma_gate=on prism_off=on bloom_decay=off hsv_source_sat=on secondary_clean=on
[1780315467.842] VP_STREAM: on
[1780315467.842] AP_STREAM: on
[1780315467.844] VP_BLOOM: alpha=0.9900 shift=1.0000 force_sat=on
[1780315467.845] VP_WAVEFORM: idle_fade=0.9850 raw_margin=1.1000 peak_floor=0.0800 active_fade=0.0400 blend_gain=2.0000 fallback=1.0000 vu_floor=0.0200 shift_rate=120.0000
[1780315467.847] VP_CHROMA: seq=17142 range=60 profile=0 gate_gain=1.0000 pre_max=0.4000 pre_mean=0.1190 norm_max=1.0192 norm_mean=0.3033 flatness=0.7160 final_max=0.9192 final_mean=0.2520
[1780315467.848] VP_AGC: gain=0.1000 envelope=7.1343 floor=0.0010 gated=false
[1780315467.849] VP_RENDER_US: last=2543 avg=2303 max=3586
[1780315467.849] }}
[1780315467.864] [VP] profile=candidate fix=111011 chroma_seq=17145 chroma_flatness=0.7160 chroma_norm_max=1.0192 chroma_norm_mean=0.3033 chroma_final_max=0.9192 chroma_final_mean=0.2520 agc_gain=0.1000 bloom_alpha=0.9900 bloom_shift=1.0000 wave_idle=0.9850 wave_raw_margin=1.1000 wave_peak_floor=0.0800 wave_vu_floor=0.0200 wave_shift=120.0000 render_us=2374 render_avg=2269 render_max=3586
[1780315467.914] [AP] SSL=471 DC=-870 max_raw=31398 follower=30927 peak_scaled=1.000 silent_scale=1.000 silence=0 cal_source=config cal_valid=1
[1780315468.871] [VP] profile=candidate fix=111011 chroma_seq=17323 chroma_flatness=0.7160 chroma_norm_max=1.0192 chroma_norm_mean=0.3033 chroma_final_max=0.9192 chroma_final_mean=0.2520 agc_gain=0.1000 bloom_alpha=0.9900 bloom_shift=1.0000 wave_idle=0.9850 wave_raw_margin=1.1000 wave_peak_floor=0.0800 wave_vu_floor=0.0200 wave_shift=120.0000 render_us=2423 render_avg=2254 render_max=3586
[1780315468.919] [AP] SSL=471 DC=-870 max_raw=31398 follower=30927 peak_scaled=1.000 silent_scale=1.000 silence=0 cal_source=config cal_valid=1
[1780315469.877] [VP] profile=candidate fix=111011 chroma_seq=17501 chroma_flatness=0.7160 chroma_norm_max=1.0192 chroma_norm_mean=0.3033 chroma_final_max=0.9192 chroma_final_mean=0.2520 agc_gain=0.1000 bloom_alpha=0.9900 bloom_shift=1.0000 wave_idle=0.9850 wave_raw_margin=1.1000 wave_peak_floor=0.0800 wave_vu_floor=0.0200 wave_shift=120.0000 render_us=2439 render_avg=2290 render_max=3586
[1780315470.877] [AP] SSL=471 DC=-870 max_raw=31398 follower=30927 peak_scaled=1.000 silent_scale=1.000 silence=0 cal_source=config cal_valid=1
[1780315470.881] [VP] profile=candidate fix=111011 chroma_seq=17679 chroma_flatness=0.7160 chroma_norm_max=1.0192 chroma_norm_mean=0.3033 chroma_final_max=0.9192 chroma_final_mean=0.2520 agc_gain=0.1000 bloom_alpha=0.9900 bloom_shift=1.0000 wave_idle=0.9850 wave_raw_margin=1.1000 wave_peak_floor=0.0800 wave_vu_floor=0.0200 wave_shift=120.0000 render_us=2350 render_avg=2261 render_max=3586
[1780315471.883] [AP] SSL=471 DC=-870 max_raw=31398 follower=30927 peak_scaled=1.000 silent_scale=1.000 silence=0 cal_source=config cal_valid=1
[1780315471.887] [VP] profile=candidate fix=111011 chroma_seq=17858 chroma_flatness=0.7160 chroma_norm_max=1.0192 chroma_norm_mean=0.3033 chroma_final_max=0.9192 chroma_final_mean=0.2520 agc_gain=0.1000 bloom_alpha=0.9900 bloom_shift=1.0000 wave_idle=0.9850 wave_raw_margin=1.1000 wave_peak_floor=0.0800 wave_vu_floor=0.0200 wave_shift=120.0000 render_us=2458 render_avg=2263 render_max=3586
[1780315471.934] [AP] SSL=471 DC=-870 max_raw=31398 follower=30927 peak_scaled=1.000 silent_scale=1.000 silence=0 cal_source=config cal_valid=1
[1780315472.814] >>> :smart_status
[1780315472.824] sbr{{
[1780315472.824] SMART_ASSIST: on
[1780315472.824] SMART_SWITCHING: on
[1780315472.824] SMART_DIRECTOR_AUTONOMY: off
[1780315472.824] SMART_HOOKS: on
[1780315472.824] SMART_CONFIDENCE_FLOOR: 0.080
[1780315472.824] SMART_APPLIED_MODE: 3
[1780315472.824] SMART_LAST_REQUESTED_MODE: 3
[1780315472.824] SMART_SWITCHES_IN_WINDOW: 0
[1780315472.824] SMART_MANUAL_OWNER_ACTIVE: 0
[1780315472.825] SMART_LAST_REASON: 0
[1780315472.826] SMART_STATE: 2
[1780315472.826] SMART_INTENT_MODE: 8
[1780315472.826] SMART_INTENT_CONFIDENCE: 0.031
[1780315472.826] SMART_INTENT_WANTS_SWITCH: 0
[1780315472.826] SMART_SCALAR_PHOTONS: 1.000
[1780315472.826] SMART_SCALAR_CHROMA: 1.000
[1780315472.826] SMART_SCALAR_MOOD: 1.000
[1780315472.827] SMART_SCALAR_SATURATION: 1.000
[1780315472.827] SMART_PALETTE_OVERLAY: 0
[1780315472.827] SMART_PALETTE_INDEX: 29
[1780315472.827] SMART_AUTO_COLOUR_SHIFT: 0
[1780315472.827] SMART_MIN_DWELL_MS: 8000
[1780315472.827] SMART_COOLDOWN_MS: 20000
[1780315472.827] SMART_SWITCH_WINDOW_MS: 60000
[1780315472.827] SMART_MAX_SWITCHES: 2
[1780315472.827] SMART_AUDIO_NOVELTY: 0.0000
[1780315472.827] SMART_AUDIO_ENERGY: 0.0893
[1780315472.827] SMART_EVENT_ID: 0
[1780315472.828] SMART_EVENT_AGE_MS: 4294967295
[1780315472.828] SMART_ONSET: 0
[1780315472.828] SMART_BASS_ONSET: 0
[1780315472.828] SMART_BEAT_CONFIDENCE: 0.000
[1780315472.828] }}
[1780315472.866] >>> :vp_status
[1780315472.867] sbr{{
[1780315472.868] VP_PROFILE: candidate
[1780315472.868] VP_FIXES: agc_soft=on chroma_gate=on prism_off=on bloom_decay=off hsv_source_sat=on secondary_clean=on
[1780315472.868] VP_STREAM: on
[1780315472.868] AP_STREAM: on
[1780315472.869] VP_BLOOM: alpha=0.9900 shift=1.0000 force_sat=on
[1780315472.871] VP_WAVEFORM: idle_fade=0.9850 raw_margin=1.1000 peak_floor=0.0800 active_fade=0.0400 blend_gain=2.0000 fallback=1.0000 vu_floor=0.0200 shift_rate=120.0000
[1780315472.873] VP_CHROMA: seq=18034 range=60 profile=0 gate_gain=1.0000 pre_max=0.4000 pre_mean=0.1190 norm_max=1.0192 norm_mean=0.3033 flatness=0.7160 final_max=0.9192 final_mean=0.2520
[1780315472.873] VP_AGC: gain=0.1000 envelope=7.1343 floor=0.0010 gated=false
[1780315472.873] VP_RENDER_US: last=2436 avg=2242 max=3586
[1780315472.873] }}
[1780315472.887] [VP] profile=candidate fix=111011 chroma_seq=18036 chroma_flatness=0.7160 chroma_norm_max=1.0192 chroma_norm_mean=0.3033 chroma_final_max=0.9192 chroma_final_mean=0.2520 agc_gain=0.1000 bloom_alpha=0.9900 bloom_shift=1.0000 wave_idle=0.9850 wave_raw_margin=1.1000 wave_peak_floor=0.0800 wave_vu_floor=0.0200 wave_shift=120.0000 render_us=2521 render_avg=2273 render_max=3586
[1780315472.939] [AP] SSL=471 DC=-870 max_raw=31398 follower=30927 peak_scaled=1.000 silent_scale=1.000 silence=0 cal_source=config cal_valid=1
[1780315473.893] [VP] profile=candidate fix=111011 chroma_seq=18214 chroma_flatness=0.7160 chroma_norm_max=1.0192 chroma_norm_mean=0.3033 chroma_final_max=0.9192 chroma_final_mean=0.2520 agc_gain=0.1000 bloom_alpha=0.9900 bloom_shift=1.0000 wave_idle=0.9850 wave_raw_margin=1.1000 wave_peak_floor=0.0800 wave_vu_floor=0.0200 wave_shift=120.0000 render_us=2398 render_avg=2166 render_max=3586
[1780315473.942] [AP] SSL=471 DC=-870 max_raw=31398 follower=30927 peak_scaled=1.000 silent_scale=1.000 silence=0 cal_source=config cal_valid=1
[1780315474.900] [VP] profile=candidate fix=111011 chroma_seq=18393 chroma_flatness=0.7160 chroma_norm_max=1.0192 chroma_norm_mean=0.3033 chroma_final_max=0.9192 chroma_final_mean=0.2520 agc_gain=0.1000 bloom_alpha=0.9900 bloom_shift=1.0000 wave_idle=0.9850 wave_raw_margin=1.1000 wave_peak_floor=0.0800 wave_vu_floor=0.0200 wave_shift=120.0000 render_us=2428 render_avg=2290 render_max=3586
[1780315475.903] [AP] SSL=471 DC=-870 max_raw=31398 follower=30927 peak_scaled=1.000 silent_scale=1.000 silence=0 cal_source=config cal_valid=1
[1780315475.907] [VP] profile=candidate fix=111011 chroma_seq=18571 chroma_flatness=0.7160 chroma_norm_max=1.0192 chroma_norm_mean=0.3033 chroma_final_max=0.9192 chroma_final_mean=0.2520 agc_gain=0.1000 bloom_alpha=0.9900 bloom_shift=1.0000 wave_idle=0.9850 wave_raw_margin=1.1000 wave_peak_floor=0.0800 wave_vu_floor=0.0200 wave_shift=120.0000 render_us=2442 render_avg=2256 render_max=3586
[1780315475.953] [AP] SSL=471 DC=-870 max_raw=31398 follower=30927 peak_scaled=1.000 silent_scale=1.000 silence=0 cal_source=config cal_valid=1
[1780315476.912] [VP] profile=candidate fix=111011 chroma_seq=18749 chroma_flatness=0.7160 chroma_norm_max=1.0192 chroma_norm_mean=0.3033 chroma_final_max=0.9192 chroma_final_mean=0.2520 agc_gain=0.1000 bloom_alpha=0.9900 bloom_shift=1.0000 wave_idle=0.9850 wave_raw_margin=1.1000 wave_peak_floor=0.0800 wave_vu_floor=0.0200 wave_shift=120.0000 render_us=2440 render_avg=2299 render_max=3586
[1780315476.959] [AP] SSL=471 DC=-870 max_raw=31398 follower=30927 peak_scaled=1.000 silent_scale=1.000 silence=0 cal_source=config cal_valid=1
[1780315477.767] >>> :smart_status
[1780315477.773] sbr{{
[1780315477.773] SMART_ASSIST: on
[1780315477.773] SMART_SWITCHING: on
[1780315477.773] SMART_DIRECTOR_AUTONOMY: off
[1780315477.773] SMART_HOOKS: on
[1780315477.773] SMART_CONFIDENCE_FLOOR: 0.080
[1780315477.773] SMART_APPLIED_MODE: 3
[1780315477.773] SMART_LAST_REQUESTED_MODE: 3
[1780315477.773] SMART_SWITCHES_IN_WINDOW: 0
[1780315477.773] SMART_MANUAL_OWNER_ACTIVE: 0
[1780315477.773] SMART_LAST_REASON: 0
[1780315477.773] SMART_STATE: 2
[1780315477.774] SMART_INTENT_MODE: 8
[1780315477.774] SMART_INTENT_CONFIDENCE: 0.031
[1780315477.774] SMART_INTENT_WANTS_SWITCH: 0
[1780315477.774] SMART_SCALAR_PHOTONS: 1.000
[1780315477.774] SMART_SCALAR_CHROMA: 1.000
[1780315477.774] SMART_SCALAR_MOOD: 1.000
[1780315477.774] SMART_SCALAR_SATURATION: 1.000
[1780315477.774] SMART_PALETTE_OVERLAY: 0
[1780315477.774] SMART_PALETTE_INDEX: 29
[1780315477.776] SMART_AUTO_COLOUR_SHIFT: 0
[1780315477.776] SMART_MIN_DWELL_MS: 8000
[1780315477.776] SMART_COOLDOWN_MS: 20000
[1780315477.776] SMART_SWITCH_WINDOW_MS: 60000
[1780315477.776] SMART_MAX_SWITCHES: 2
[1780315477.776] SMART_AUDIO_NOVELTY: 0.0000
[1780315477.776] SMART_AUDIO_ENERGY: 0.0893
[1780315477.776] SMART_EVENT_ID: 0
[1780315477.776] SMART_EVENT_AGE_MS: 4294967295
[1780315477.776] SMART_ONSET: 0
[1780315477.776] SMART_BASS_ONSET: 0
[1780315477.778] SMART_BEAT_CONFIDENCE: 0.000
[1780315477.778] }}
[1780315477.822] >>> :vp_status
[1780315477.823] sbr{{
[1780315477.823] VP_PROFILE: candidate
[1780315477.823] VP_FIXES: agc_soft=on chroma_gate=on prism_off=on bloom_decay=off hsv_source_sat=on secondary_clean=on
[1780315477.823] VP_STREAM: on
[1780315477.823] AP_STREAM: on
[1780315477.825] VP_BLOOM: alpha=0.9900 shift=1.0000 force_sat=on
[1780315477.825] VP_WAVEFORM: idle_fade=0.9850 raw_margin=1.1000 peak_floor=0.0800 active_fade=0.0400 blend_gain=2.0000 fallback=1.0000 vu_floor=0.0200 shift_rate=120.0000
[1780315477.828] VP_CHROMA: seq=18912 range=60 profile=0 gate_gain=1.0000 pre_max=0.4000 pre_mean=0.1190 norm_max=1.0192 norm_mean=0.3033 flatness=0.7160 final_max=0.9192 final_mean=0.2520
[1780315477.828] VP_AGC: gain=0.1000 envelope=7.1343 floor=0.0010 gated=false
[1780315477.828] VP_RENDER_US: last=2519 avg=2235 max=3586
[1780315477.829] }}
[1780315477.918] [VP] profile=candidate fix=111011 chroma_seq=18927 chroma_flatness=0.7160 chroma_norm_max=1.0192 chroma_norm_mean=0.3033 chroma_final_max=0.9192 chroma_final_mean=0.2520 agc_gain=0.1000 bloom_alpha=0.9900 bloom_shift=1.0000 wave_idle=0.9850 wave_raw_margin=1.1000 wave_peak_floor=0.0800 wave_vu_floor=0.0200 wave_shift=120.0000 render_us=2406 render_avg=2283 render_max=3586
[1780315477.964] [AP] SSL=471 DC=-870 max_raw=31398 follower=30927 peak_scaled=1.000 silent_scale=1.000 silence=0 cal_source=config cal_valid=1
[1780315478.246] ### CLIP_END id=kick-drop-heavy ffplay_rc=0 video_rc=None
[1780315478.246] ### CLIP_START id=sparse-breakdown-build track=Carte-Blanche-Mixed.mp3 start=20 duration=25
[1780315478.247] >>> :smart_status
[1780315478.251] sbr{{
[1780315478.251] SMART_ASSIST: on
[1780315478.251] SMART_SWITCHING: on
[1780315478.251] SMART_DIRECTOR_AUTONOMY: off
[1780315478.251] SMART_HOOKS: on
[1780315478.251] SMART_CONFIDENCE_FLOOR: 0.080
[1780315478.251] SMART_APPLIED_MODE: 3
[1780315478.253] SMART_LAST_REQUESTED_MODE: 3
[1780315478.253] SMART_SWITCHES_IN_WINDOW: 0
[1780315478.253] SMART_MANUAL_OWNER_ACTIVE: 0
[1780315478.253] SMART_LAST_REASON: 0
[1780315478.253] SMART_STATE: 2
[1780315478.253] SMART_INTENT_MODE: 8
[1780315478.253] SMART_INTENT_CONFIDENCE: 0.031
[1780315478.253] SMART_INTENT_WANTS_SWITCH: 0
[1780315478.253] SMART_SCALAR_PHOTONS: 1.000
[1780315478.253] SMART_SCALAR_CHROMA: 1.000
[1780315478.253] SMART_SCALAR_MOOD: 1.000
[1780315478.253] SMART_SCALAR_SATURATION: 1.000
[1780315478.254] SMART_PALETTE_OVERLAY: 0
[1780315478.254] SMART_PALETTE_INDEX: 29
[1780315478.254] SMART_AUTO_COLOUR_SHIFT: 0
[1780315478.255] SMART_MIN_DWELL_MS: 8000
[1780315478.255] SMART_COOLDOWN_MS: 20000
[1780315478.255] SMART_SWITCH_WINDOW_MS: 60000
[1780315478.255] SMART_MAX_SWITCHES: 2
[1780315478.255] SMART_AUDIO_NOVELTY: 0.0000
[1780315478.255] SMART_AUDIO_ENERGY: 0.0893
[1780315478.255] SMART_EVENT_ID: 0
[1780315478.255] SMART_EVENT_AGE_MS: 4294967295
[1780315478.255] SMART_ONSET: 0
[1780315478.255] SMART_BASS_ONSET: 0
[1780315478.256] SMART_BEAT_CONFIDENCE: 0.000
[1780315478.256] }}
[1780315478.299] >>> :vp_status
[1780315478.312] sbr{{
[1780315478.313] VP_PROFILE: candidate
[1780315478.313] VP_FIXES: agc_soft=on chroma_gate=on prism_off=on bloom_decay=off hsv_source_sat=on secondary_clean=on
[1780315478.313] VP_STREAM: on
[1780315478.313] AP_STREAM: on
[1780315478.314] VP_BLOOM: alpha=0.9900 shift=1.0000 force_sat=on
[1780315478.316] VP_WAVEFORM: idle_fade=0.9850 raw_margin=1.1000 peak_floor=0.0800 active_fade=0.0400 blend_gain=2.0000 fallback=1.0000 vu_floor=0.0200 shift_rate=120.0000
[1780315478.318] VP_CHROMA: seq=18998 range=60 profile=0 gate_gain=1.0000 pre_max=0.4000 pre_mean=0.1190 norm_max=1.0192 norm_mean=0.3033 flatness=0.7160 final_max=0.9192 final_mean=0.2520
[1780315478.318] VP_AGC: gain=0.1000 envelope=7.1343 floor=0.0010 gated=false
[1780315478.318] VP_RENDER_US: last=2399 avg=2280 max=3586
[1780315478.318] }}
[1780315478.920] [VP] profile=candidate fix=111011 chroma_seq=19104 chroma_flatness=0.7160 chroma_norm_max=1.0192 chroma_norm_mean=0.3033 chroma_final_max=0.9192 chroma_final_mean=0.2520 agc_gain=0.1000 bloom_alpha=0.9900 bloom_shift=1.0000 wave_idle=0.9850 wave_raw_margin=1.1000 wave_peak_floor=0.0800 wave_vu_floor=0.0200 wave_shift=120.0000 render_us=2391 render_avg=2174 render_max=3586
[1780315478.969] [AP] SSL=471 DC=-870 max_raw=31398 follower=30927 peak_scaled=1.000 silent_scale=1.000 silence=0 cal_source=config cal_valid=1
[1780315479.928] [VP] profile=candidate fix=111011 chroma_seq=19283 chroma_flatness=0.7160 chroma_norm_max=1.0192 chroma_norm_mean=0.3033 chroma_final_max=0.9192 chroma_final_mean=0.2520 agc_gain=0.1000 bloom_alpha=0.9900 bloom_shift=1.0000 wave_idle=0.9850 wave_raw_margin=1.1000 wave_peak_floor=0.0800 wave_vu_floor=0.0200 wave_shift=120.0000 render_us=2513 render_avg=2277 render_max=3586
[1780315479.974] [AP] SSL=471 DC=-870 max_raw=31398 follower=30927 peak_scaled=1.000 silent_scale=1.000 silence=0 cal_source=config cal_valid=1
[1780315480.934] [VP] profile=candidate fix=111011 chroma_seq=19461 chroma_flatness=0.7160 chroma_norm_max=1.0192 chroma_norm_mean=0.3033 chroma_final_max=0.9192 chroma_final_mean=0.2520 agc_gain=0.1000 bloom_alpha=0.9900 bloom_shift=1.0000 wave_idle=0.9850 wave_raw_margin=1.1000 wave_peak_floor=0.0800 wave_vu_floor=0.0200 wave_shift=120.0000 render_us=2450 render_avg=2298 render_max=3586
[1780315480.982] [AP] SSL=471 DC=-870 max_raw=31398 follower=30927 peak_scaled=1.000 silent_scale=1.000 silence=0 cal_source=config cal_valid=1
[1780315481.941] [VP] profile=candidate fix=111011 chroma_seq=19639 chroma_flatness=0.7160 chroma_norm_max=1.0192 chroma_norm_mean=0.3033 chroma_final_max=0.9192 chroma_final_mean=0.2520 agc_gain=0.1000 bloom_alpha=0.9900 bloom_shift=1.0000 wave_idle=0.9850 wave_raw_margin=1.1000 wave_peak_floor=0.0800 wave_vu_floor=0.0200 wave_shift=120.0000 render_us=2347 render_avg=2265 render_max=3586
[1780315481.988] [AP] SSL=471 DC=-870 max_raw=31398 follower=30927 peak_scaled=1.000 silent_scale=1.000 silence=0 cal_source=config cal_valid=1
[1780315482.950] [VP] profile=candidate fix=111011 chroma_seq=19818 chroma_flatness=0.7160 chroma_norm_max=1.0192 chroma_norm_mean=0.3033 chroma_final_max=0.9192 chroma_final_mean=0.2520 agc_gain=0.1000 bloom_alpha=0.9900 bloom_shift=1.0000 wave_idle=0.9850 wave_raw_margin=1.1000 wave_peak_floor=0.0800 wave_vu_floor=0.0200 wave_shift=120.0000 render_us=2459 render_avg=2306 render_max=3586
[1780315482.996] [AP] SSL=471 DC=-870 max_raw=31398 follower=30927 peak_scaled=1.000 silent_scale=1.000 silence=0 cal_source=config cal_valid=1
[1780315483.279] >>> :smart_status
[1780315483.287] sbr{{
[1780315483.287] SMART_ASSIST: on
[1780315483.287] SMART_SWITCHING: on
[1780315483.288] SMART_DIRECTOR_AUTONOMY: off
[1780315483.288] SMART_HOOKS: on
[1780315483.288] SMART_CONFIDENCE_FLOOR: 0.080
[1780315483.288] SMART_APPLIED_MODE: 3
[1780315483.288] SMART_LAST_REQUESTED_MODE: 3
[1780315483.288] SMART_SWITCHES_IN_WINDOW: 0
[1780315483.288] SMART_MANUAL_OWNER_ACTIVE: 0
[1780315483.289] SMART_LAST_REASON: 0
[1780315483.289] SMART_STATE: 2
[1780315483.289] SMART_INTENT_MODE: 8
[1780315483.289] SMART_INTENT_CONFIDENCE: 0.031
[1780315483.290] SMART_INTENT_WANTS_SWITCH: 0
[1780315483.290] SMART_SCALAR_PHOTONS: 1.000
[1780315483.290] SMART_SCALAR_CHROMA: 1.000
[1780315483.290] SMART_SCALAR_MOOD: 1.000
[1780315483.290] SMART_SCALAR_SATURATION: 1.000
[1780315483.290] SMART_PALETTE_OVERLAY: 0
[1780315483.290] SMART_PALETTE_INDEX: 29
[1780315483.291] SMART_AUTO_COLOUR_SHIFT: 0
[1780315483.291] SMART_MIN_DWELL_MS: 8000
[1780315483.291] SMART_COOLDOWN_MS: 20000
[1780315483.291] SMART_SWITCH_WINDOW_MS: 60000
[1780315483.291] SMART_MAX_SWITCHES: 2
[1780315483.291] SMART_AUDIO_NOVELTY: 0.0000
[1780315483.291] SMART_AUDIO_ENERGY: 0.0893
[1780315483.291] SMART_EVENT_ID: 0
[1780315483.291] SMART_EVENT_AGE_MS: 4294967295
[1780315483.291] SMART_ONSET: 0
[1780315483.291] SMART_BASS_ONSET: 0
[1780315483.292] SMART_BEAT_CONFIDENCE: 0.000
[1780315483.292] }}
[1780315483.334] >>> :vp_status
[1780315483.345] sbr{{
[1780315483.345] VP_PROFILE: candidate
[1780315483.346] VP_FIXES: agc_soft=on chroma_gate=on prism_off=on bloom_decay=off hsv_source_sat=on secondary_clean=on
[1780315483.346] VP_STREAM: on
[1780315483.346] AP_STREAM: on
[1780315483.347] VP_BLOOM: alpha=0.9900 shift=1.0000 force_sat=on
[1780315483.349] VP_WAVEFORM: idle_fade=0.9850 raw_margin=1.1000 peak_floor=0.0800 active_fade=0.0400 blend_gain=2.0000 fallback=1.0000 vu_floor=0.0200 shift_rate=120.0000
[1780315483.351] VP_CHROMA: seq=19889 range=60 profile=0 gate_gain=1.0000 pre_max=0.4000 pre_mean=0.1190 norm_max=1.0192 norm_mean=0.3033 flatness=0.7160 final_max=0.9192 final_mean=0.2520
[1780315483.352] VP_AGC: gain=0.1000 envelope=7.1343 floor=0.0010 gated=false
[1780315483.352] VP_RENDER_US: last=2522 avg=2265 max=3586
[1780315483.352] }}
[1780315483.956] [VP] profile=candidate fix=111011 chroma_seq=19995 chroma_flatness=0.7160 chroma_norm_max=1.0192 chroma_norm_mean=0.3033 chroma_final_max=0.9192 chroma_final_mean=0.2520 agc_gain=0.1000 bloom_alpha=0.9900 bloom_shift=1.0000 wave_idle=0.9850 wave_raw_margin=1.1000 wave_peak_floor=0.0800 wave_vu_floor=0.0200 wave_shift=120.0000 render_us=2350 render_avg=2273 render_max=3586
[1780315484.004] [AP] SSL=471 DC=-870 max_raw=31398 follower=30927 peak_scaled=1.000 silent_scale=1.000 silence=0 cal_source=config cal_valid=1
[1780315484.964] [VP] profile=candidate fix=111011 chroma_seq=20174 chroma_flatness=0.7160 chroma_norm_max=1.0192 chroma_norm_mean=0.3033 chroma_final_max=0.9192 chroma_final_mean=0.2520 agc_gain=0.1000 bloom_alpha=0.9900 bloom_shift=1.0000 wave_idle=0.9850 wave_raw_margin=1.1000 wave_peak_floor=0.0800 wave_vu_floor=0.0200 wave_shift=120.0000 render_us=2461 render_avg=2318 render_max=3586
[1780315485.011] [AP] SSL=471 DC=-870 max_raw=31398 follower=30927 peak_scaled=1.000 silent_scale=1.000 silence=0 cal_source=config cal_valid=1
[1780315485.968] [VP] profile=candidate fix=111011 chroma_seq=20352 chroma_flatness=0.7160 chroma_norm_max=1.0192 chroma_norm_mean=0.3033 chroma_final_max=0.9192 chroma_final_mean=0.2520 agc_gain=0.1000 bloom_alpha=0.9900 bloom_shift=1.0000 wave_idle=0.9850 wave_raw_margin=1.1000 wave_peak_floor=0.0800 wave_vu_floor=0.0200 wave_shift=120.0000 render_us=2383 render_avg=2154 render_max=3586
[1780315486.018] [AP] SSL=471 DC=-870 max_raw=31398 follower=30927 peak_scaled=1.000 silent_scale=1.000 silence=0 cal_source=config cal_valid=1
[1780315486.977] [VP] profile=candidate fix=111011 chroma_seq=20531 chroma_flatness=0.7160 chroma_norm_max=1.0192 chroma_norm_mean=0.3033 chroma_final_max=0.9192 chroma_final_mean=0.2520 agc_gain=0.1000 bloom_alpha=0.9900 bloom_shift=1.0000 wave_idle=0.9850 wave_raw_margin=1.1000 wave_peak_floor=0.0800 wave_vu_floor=0.0200 wave_shift=120.0000 render_us=2388 render_avg=2233 render_max=3586
[1780315487.025] [AP] SSL=471 DC=-870 max_raw=31398 follower=30927 peak_scaled=1.000 silent_scale=1.000 silence=0 cal_source=config cal_valid=1
[1780315487.985] [VP] profile=candidate fix=111011 chroma_seq=20709 chroma_flatness=0.7160 chroma_norm_max=1.0192 chroma_norm_mean=0.3033 chroma_final_max=0.9192 chroma_final_mean=0.2520 agc_gain=0.1000 bloom_alpha=0.9900 bloom_shift=1.0000 wave_idle=0.9850 wave_raw_margin=1.1000 wave_peak_floor=0.0800 wave_vu_floor=0.0200 wave_shift=120.0000 render_us=2469 render_avg=2309 render_max=3586
[1780315488.032] [AP] SSL=471 DC=-870 max_raw=31398 follower=30927 peak_scaled=1.000 silent_scale=1.000 silence=0 cal_source=config cal_valid=1
[1780315488.258] >>> :smart_status
[1780315488.261] sbr{{
[1780315488.261] SMART_ASSIST: on
[1780315488.261] SMART_SWITCHING: on
[1780315488.261] SMART_DIRECTOR_AUTONOMY: off
[1780315488.261] SMART_HOOKS: on
[1780315488.261] SMART_CONFIDENCE_FLOOR: 0.080
[1780315488.261] SMART_APPLIED_MODE: 3
[1780315488.261] SMART_LAST_REQUESTED_MODE: 3
[1780315488.261] SMART_SWITCHES_IN_WINDOW: 0
[1780315488.261] SMART_MANUAL_OWNER_ACTIVE: 0
[1780315488.262] SMART_LAST_REASON: 0
[1780315488.262] SMART_STATE: 2
[1780315488.262] SMART_INTENT_MODE: 8
[1780315488.262] SMART_INTENT_CONFIDENCE: 0.031
[1780315488.262] SMART_INTENT_WANTS_SWITCH: 0
[1780315488.262] SMART_SCALAR_PHOTONS: 1.000
[1780315488.262] SMART_SCALAR_CHROMA: 1.000
[1780315488.262] SMART_SCALAR_MOOD: 1.000
[1780315488.262] SMART_SCALAR_SATURATION: 1.000
[1780315488.263] SMART_PALETTE_OVERLAY: 0
[1780315488.263] SMART_PALETTE_INDEX: 29
[1780315488.263] SMART_AUTO_COLOUR_SHIFT: 0
[1780315488.264] SMART_MIN_DWELL_MS: 8000
[1780315488.264] SMART_COOLDOWN_MS: 20000
[1780315488.264] SMART_SWITCH_WINDOW_MS: 60000
[1780315488.264] SMART_MAX_SWITCHES: 2
[1780315488.264] SMART_AUDIO_NOVELTY: 0.0000
[1780315488.264] SMART_AUDIO_ENERGY: 0.0893
[1780315488.264] SMART_EVENT_ID: 0
[1780315488.265] SMART_EVENT_AGE_MS: 4294967295
[1780315488.265] SMART_ONSET: 0
[1780315488.265] SMART_BASS_ONSET: 0
[1780315488.266] SMART_BEAT_CONFIDENCE: 0.000
[1780315488.266] }}
[1780315488.310] >>> :vp_status
[1780315488.311] sbr{{
[1780315488.311] VP_PROFILE: candidate
[1780315488.312] VP_FIXES: agc_soft=on chroma_gate=on prism_off=on bloom_decay=off hsv_source_sat=on secondary_clean=on
[1780315488.312] VP_STREAM: on
[1780315488.312] AP_STREAM: on
[1780315488.313] VP_BLOOM: alpha=0.9900 shift=1.0000 force_sat=on
[1780315488.314] VP_WAVEFORM: idle_fade=0.9850 raw_margin=1.1000 peak_floor=0.0800 active_fade=0.0400 blend_gain=2.0000 fallback=1.0000 vu_floor=0.0200 shift_rate=120.0000
[1780315488.316] VP_CHROMA: seq=20767 range=60 profile=0 gate_gain=1.0000 pre_max=0.4000 pre_mean=0.1190 norm_max=1.0192 norm_mean=0.3033 flatness=0.7160 final_max=0.9192 final_mean=0.2520
[1780315488.317] VP_AGC: gain=0.1000 envelope=7.1343 floor=0.0010 gated=false
[1780315488.318] VP_RENDER_US: last=2489 avg=2295 max=3586
[1780315488.318] }}
[1780315488.992] [VP] profile=candidate fix=111011 chroma_seq=20886 chroma_flatness=0.7160 chroma_norm_max=1.0192 chroma_norm_mean=0.3033 chroma_final_max=0.9192 chroma_final_mean=0.2520 agc_gain=0.1000 bloom_alpha=0.9900 bloom_shift=1.0000 wave_idle=0.9850 wave_raw_margin=1.1000 wave_peak_floor=0.0800 wave_vu_floor=0.0200 wave_shift=120.0000 render_us=2455 render_avg=2323 render_max=3586
[1780315489.038] [AP] SSL=471 DC=-870 max_raw=31398 follower=30927 peak_scaled=1.000 silent_scale=1.000 silence=0 cal_source=config cal_valid=1
[1780315489.998] [VP] profile=candidate fix=111011 chroma_seq=21065 chroma_flatness=0.7160 chroma_norm_max=1.0192 chroma_norm_mean=0.3033 chroma_final_max=0.9192 chroma_final_mean=0.2520 agc_gain=0.1000 bloom_alpha=0.9900 bloom_shift=1.0000 wave_idle=0.9850 wave_raw_margin=1.1000 wave_peak_floor=0.0800 wave_vu_floor=0.0200 wave_shift=120.0000 render_us=2447 render_avg=2277 render_max=3586
[1780315490.045] [AP] SSL=471 DC=-870 max_raw=31398 follower=30927 peak_scaled=1.000 silent_scale=1.000 silence=0 cal_source=config cal_valid=1
[1780315491.003] [VP] profile=candidate fix=111011 chroma_seq=21243 chroma_flatness=0.7160 chroma_norm_max=1.0192 chroma_norm_mean=0.3033 chroma_final_max=0.9192 chroma_final_mean=0.2520 agc_gain=0.1000 bloom_alpha=0.9900 bloom_shift=1.0000 wave_idle=0.9850 wave_raw_margin=1.1000 wave_peak_floor=0.0800 wave_vu_floor=0.0200 wave_shift=120.0000 render_us=2354 render_avg=2265 render_max=3586
[1780315491.053] [AP] SSL=471 DC=-870 max_raw=31398 follower=30927 peak_scaled=1.000 silent_scale=1.000 silence=0 cal_source=config cal_valid=1
[1780315492.010] [VP] profile=candidate fix=111011 chroma_seq=21422 chroma_flatness=0.7160 chroma_norm_max=1.0192 chroma_norm_mean=0.3033 chroma_final_max=0.9192 chroma_final_mean=0.2520 agc_gain=0.1000 bloom_alpha=0.9900 bloom_shift=1.0000 wave_idle=0.9850 wave_raw_margin=1.1000 wave_peak_floor=0.0800 wave_vu_floor=0.0200 wave_shift=120.0000 render_us=2522 render_avg=2266 render_max=3586
[1780315492.056] [AP] SSL=471 DC=-870 max_raw=31398 follower=30927 peak_scaled=1.000 silent_scale=1.000 silence=0 cal_source=config cal_valid=1
[1780315493.015] [VP] profile=candidate fix=111011 chroma_seq=21601 chroma_flatness=0.7160 chroma_norm_max=1.0192 chroma_norm_mean=0.3033 chroma_final_max=0.9192 chroma_final_mean=0.2520 agc_gain=0.1000 bloom_alpha=0.9900 bloom_shift=1.0000 wave_idle=0.9850 wave_raw_margin=1.1000 wave_peak_floor=0.0800 wave_vu_floor=0.0200 wave_shift=120.0000 render_us=2290 render_avg=2242 render_max=3586
[1780315493.063] [AP] SSL=471 DC=-870 max_raw=31398 follower=30927 peak_scaled=1.000 silent_scale=1.000 silence=0 cal_source=config cal_valid=1
[1780315493.287] >>> :smart_status
[1780315493.293] sbr{{
[1780315493.293] SMART_ASSIST: on
[1780315493.293] SMART_SWITCHING: on
[1780315493.293] SMART_DIRECTOR_AUTONOMY: off
[1780315493.293] SMART_HOOKS: on
[1780315493.293] SMART_CONFIDENCE_FLOOR: 0.080
[1780315493.294] SMART_APPLIED_MODE: 3
[1780315493.294] SMART_LAST_REQUESTED_MODE: 3
[1780315493.294] SMART_SWITCHES_IN_WINDOW: 0
[1780315493.294] SMART_MANUAL_OWNER_ACTIVE: 0
[1780315493.294] SMART_LAST_REASON: 0
[1780315493.294] SMART_STATE: 2
[1780315493.294] SMART_INTENT_MODE: 8
[1780315493.294] SMART_INTENT_CONFIDENCE: 0.031
[1780315493.294] SMART_INTENT_WANTS_SWITCH: 0
[1780315493.294] SMART_SCALAR_PHOTONS: 1.000
[1780315493.295] SMART_SCALAR_CHROMA: 1.000
[1780315493.295] SMART_SCALAR_MOOD: 1.000
[1780315493.295] SMART_SCALAR_SATURATION: 1.000
[1780315493.296] SMART_PALETTE_OVERLAY: 0
[1780315493.296] SMART_PALETTE_INDEX: 29
[1780315493.296] SMART_AUTO_COLOUR_SHIFT: 0
[1780315493.296] SMART_MIN_DWELL_MS: 8000
[1780315493.296] SMART_COOLDOWN_MS: 20000
[1780315493.296] SMART_SWITCH_WINDOW_MS: 60000
[1780315493.296] SMART_MAX_SWITCHES: 2
[1780315493.296] SMART_AUDIO_NOVELTY: 0.0000
[1780315493.296] SMART_AUDIO_ENERGY: 0.0893
[1780315493.297] SMART_EVENT_ID: 0
[1780315493.297] SMART_EVENT_AGE_MS: 4294967295
[1780315493.297] SMART_ONSET: 0
[1780315493.297] SMART_BASS_ONSET: 0
[1780315493.297] SMART_BEAT_CONFIDENCE: 0.000
[1780315493.297] }}
[1780315493.341] >>> :vp_status
[1780315493.352] sbr{{
[1780315493.352] VP_PROFILE: candidate
[1780315493.352] VP_FIXES: agc_soft=on chroma_gate=on prism_off=on bloom_decay=off hsv_source_sat=on secondary_clean=on
[1780315493.352] VP_STREAM: on
[1780315493.353] AP_STREAM: on
[1780315493.354] VP_BLOOM: alpha=0.9900 shift=1.0000 force_sat=on
[1780315493.356] VP_WAVEFORM: idle_fade=0.9850 raw_margin=1.1000 peak_floor=0.0800 active_fade=0.0400 blend_gain=2.0000 fallback=1.0000 vu_floor=0.0200 shift_rate=120.0000
[1780315493.357] VP_CHROMA: seq=21660 range=60 profile=0 gate_gain=1.0000 pre_max=0.4000 pre_mean=0.1190 norm_max=1.0192 norm_mean=0.3033 flatness=0.7160 final_max=0.9192 final_mean=0.2520
[1780315493.358] VP_AGC: gain=0.1000 envelope=7.1343 floor=0.0010 gated=false
[1780315493.359] VP_RENDER_US: last=2537 avg=2184 max=3586
[1780315493.359] }}
[1780315494.022] [VP] profile=candidate fix=111011 chroma_seq=21778 chroma_flatness=0.7160 chroma_norm_max=1.0192 chroma_norm_mean=0.3033 chroma_final_max=0.9192 chroma_final_mean=0.2520 agc_gain=0.1000 bloom_alpha=0.9900 bloom_shift=1.0000 wave_idle=0.9850 wave_raw_margin=1.1000 wave_peak_floor=0.0800 wave_vu_floor=0.0200 wave_shift=120.0000 render_us=2512 render_avg=2272 render_max=3586
[1780315494.070] [AP] SSL=471 DC=-870 max_raw=31398 follower=30927 peak_scaled=1.000 silent_scale=1.000 silence=0 cal_source=config cal_valid=1
[1780315495.030] [VP] profile=candidate fix=111011 chroma_seq=21957 chroma_flatness=0.7160 chroma_norm_max=1.0192 chroma_norm_mean=0.3033 chroma_final_max=0.9192 chroma_final_mean=0.2520 agc_gain=0.1000 bloom_alpha=0.9900 bloom_shift=1.0000 wave_idle=0.9850 wave_raw_margin=1.1000 wave_peak_floor=0.0800 wave_vu_floor=0.0200 wave_shift=120.0000 render_us=2491 render_avg=2242 render_max=3586
[1780315496.032] [AP] SSL=471 DC=-870 max_raw=31398 follower=30927 peak_scaled=1.000 silent_scale=1.000 silence=0 cal_source=config cal_valid=1
[1780315496.036] [VP] profile=candidate fix=111011 chroma_seq=22134 chroma_flatness=0.7160 chroma_norm_max=1.0192 chroma_norm_mean=0.3033 chroma_final_max=0.9192 chroma_final_mean=0.2520 agc_gain=0.1000 bloom_alpha=0.9900 bloom_shift=1.0000 wave_idle=0.9850 wave_raw_margin=1.1000 wave_peak_floor=0.0800 wave_vu_floor=0.0200 wave_shift=120.0000 render_us=2485 render_avg=2329 render_max=3586
[1780315496.081] [AP] SSL=471 DC=-870 max_raw=31398 follower=30927 peak_scaled=1.000 silent_scale=1.000 silence=0 cal_source=config cal_valid=1
[1780315497.041] [VP] profile=candidate fix=111011 chroma_seq=22313 chroma_flatness=0.7160 chroma_norm_max=1.0192 chroma_norm_mean=0.3033 chroma_final_max=0.9192 chroma_final_mean=0.2520 agc_gain=0.1000 bloom_alpha=0.9900 bloom_shift=1.0000 wave_idle=0.9850 wave_raw_margin=1.1000 wave_peak_floor=0.0800 wave_vu_floor=0.0200 wave_shift=120.0000 render_us=2454 render_avg=2299 render_max=3586
[1780315497.089] [AP] SSL=471 DC=-870 max_raw=31398 follower=30927 peak_scaled=1.000 silent_scale=1.000 silence=0 cal_source=config cal_valid=1
[1780315498.046] [VP] profile=candidate fix=111011 chroma_seq=22491 chroma_flatness=0.7160 chroma_norm_max=1.0192 chroma_norm_mean=0.3033 chroma_final_max=0.9192 chroma_final_mean=0.2520 agc_gain=0.1000 bloom_alpha=0.9900 bloom_shift=1.0000 wave_idle=0.9850 wave_raw_margin=1.1000 wave_peak_floor=0.0800 wave_vu_floor=0.0200 wave_shift=120.0000 render_us=2356 render_avg=2266 render_max=3586
[1780315498.270] >>> :smart_status
[1780315498.277] [AP] SSL=471 DC=-870 max_raw=31398 follower=30927 peak_scaled=1.000 silent_scale=1.000 silence=0 cal_source=config cal_valid=1
[1780315498.277] sbr{{
[1780315498.277] SMART_ASSIST: on
[1780315498.278] SMART_SWITCHING: on
[1780315498.278] SMART_DIRECTOR_AUTONOMY: off
[1780315498.278] SMART_HOOKS: on
[1780315498.278] SMART_CONFIDENCE_FLOOR: 0.080
[1780315498.278] SMART_APPLIED_MODE: 3
[1780315498.278] SMART_LAST_REQUESTED_MODE: 3
[1780315498.278] SMART_SWITCHES_IN_WINDOW: 0
[1780315498.278] SMART_MANUAL_OWNER_ACTIVE: 0
[1780315498.279] SMART_LAST_REASON: 0
[1780315498.279] SMART_STATE: 2
[1780315498.279] SMART_INTENT_MODE: 8
[1780315498.279] SMART_INTENT_CONFIDENCE: 0.031
[1780315498.279] SMART_INTENT_WANTS_SWITCH: 0
[1780315498.280] SMART_SCALAR_PHOTONS: 1.000
[1780315498.280] SMART_SCALAR_CHROMA: 1.000
[1780315498.280] SMART_SCALAR_MOOD: 1.000
[1780315498.280] SMART_SCALAR_SATURATION: 1.000
[1780315498.280] SMART_PALETTE_OVERLAY: 0
[1780315498.280] SMART_PALETTE_INDEX: 29
[1780315498.280] SMART_AUTO_COLOUR_SHIFT: 0
[1780315498.280] SMART_MIN_DWELL_MS: 8000
[1780315498.281] SMART_COOLDOWN_MS: 20000
[1780315498.281] SMART_SWITCH_WINDOW_MS: 60000
[1780315498.281] SMART_MAX_SWITCHES: 2
[1780315498.281] SMART_AUDIO_NOVELTY: 0.0000
[1780315498.281] SMART_AUDIO_ENERGY: 0.0893
[1780315498.281] SMART_EVENT_ID: 0
[1780315498.281] SMART_EVENT_AGE_MS: 4294967295
[1780315498.282] SMART_ONSET: 0
[1780315498.282] SMART_BASS_ONSET: 0
[1780315498.282] SMART_BEAT_CONFIDENCE: 0.000
[1780315498.282] }}
[1780315498.326] >>> :vp_status
[1780315498.330] sbr{{
[1780315498.331] VP_PROFILE: candidate
[1780315498.331] VP_FIXES: agc_soft=on chroma_gate=on prism_off=on bloom_decay=off hsv_source_sat=on secondary_clean=on
[1780315498.331] VP_STREAM: on
[1780315498.331] AP_STREAM: on
[1780315498.333] VP_BLOOM: alpha=0.9900 shift=1.0000 force_sat=on
[1780315498.334] VP_WAVEFORM: idle_fade=0.9850 raw_margin=1.1000 peak_floor=0.0800 active_fade=0.0400 blend_gain=2.0000 fallback=1.0000 vu_floor=0.0200 shift_rate=120.0000
[1780315498.336] VP_CHROMA: seq=22542 range=60 profile=0 gate_gain=1.0000 pre_max=0.4000 pre_mean=0.1190 norm_max=1.0192 norm_mean=0.3033 flatness=0.7160 final_max=0.9192 final_mean=0.2520
[1780315498.337] VP_AGC: gain=0.1000 envelope=7.1343 floor=0.0010 gated=false
[1780315498.337] VP_RENDER_US: last=2490 avg=2254 max=3586
[1780315498.337] }}
[1780315499.053] [VP] profile=candidate fix=111011 chroma_seq=22669 chroma_flatness=0.7160 chroma_norm_max=1.0192 chroma_norm_mean=0.3033 chroma_final_max=0.9192 chroma_final_mean=0.2520 agc_gain=0.1000 bloom_alpha=0.9900 bloom_shift=1.0000 wave_idle=0.9850 wave_raw_margin=1.1000 wave_peak_floor=0.0800 wave_vu_floor=0.0200 wave_shift=120.0000 render_us=2454 render_avg=2297 render_max=3586
[1780315499.101] [AP] SSL=471 DC=-870 max_raw=31398 follower=30927 peak_scaled=1.000 silent_scale=1.000 silence=0 cal_source=config cal_valid=1
[1780315500.060] [VP] profile=candidate fix=111011 chroma_seq=22847 chroma_flatness=0.7160 chroma_norm_max=1.0192 chroma_norm_mean=0.3033 chroma_final_max=0.9192 chroma_final_mean=0.2520 agc_gain=0.1000 bloom_alpha=0.9900 bloom_shift=1.0000 wave_idle=0.9850 wave_raw_margin=1.1000 wave_peak_floor=0.0800 wave_vu_floor=0.0200 wave_shift=120.0000 render_us=2381 render_avg=2245 render_max=3586
[1780315500.106] [AP] SSL=471 DC=-870 max_raw=31398 follower=30927 peak_scaled=1.000 silent_scale=1.000 silence=0 cal_source=config cal_valid=1
[1780315501.065] [VP] profile=candidate fix=111011 chroma_seq=23025 chroma_flatness=0.7160 chroma_norm_max=1.0192 chroma_norm_mean=0.3033 chroma_final_max=0.9192 chroma_final_mean=0.2520 agc_gain=0.1000 bloom_alpha=0.9900 bloom_shift=1.0000 wave_idle=0.9850 wave_raw_margin=1.1000 wave_peak_floor=0.0800 wave_vu_floor=0.0200 wave_shift=120.0000 render_us=2451 render_avg=2301 render_max=3586
[1780315501.112] [AP] SSL=471 DC=-870 max_raw=31398 follower=30927 peak_scaled=1.000 silent_scale=1.000 silence=0 cal_source=config cal_valid=1
[1780315502.070] [VP] profile=candidate fix=111011 chroma_seq=23203 chroma_flatness=0.7160 chroma_norm_max=1.0192 chroma_norm_mean=0.3033 chroma_final_max=0.9192 chroma_final_mean=0.2520 agc_gain=0.1000 bloom_alpha=0.9900 bloom_shift=1.0000 wave_idle=0.9850 wave_raw_margin=1.1000 wave_peak_floor=0.0800 wave_vu_floor=0.0200 wave_shift=120.0000 render_us=2371 render_avg=2266 render_max=3586
[1780315502.116] [AP] SSL=471 DC=-870 max_raw=31398 follower=30927 peak_scaled=1.000 silent_scale=1.000 silence=0 cal_source=config cal_valid=1
[1780315503.076] [VP] profile=candidate fix=111011 chroma_seq=23382 chroma_flatness=0.7160 chroma_norm_max=1.0192 chroma_norm_mean=0.3033 chroma_final_max=0.9192 chroma_final_mean=0.2520 agc_gain=0.1000 bloom_alpha=0.9900 bloom_shift=1.0000 wave_idle=0.9850 wave_raw_margin=1.1000 wave_peak_floor=0.0800 wave_vu_floor=0.0200 wave_shift=120.0000 render_us=2474 render_avg=2317 render_max=3586
[1780315503.122] [AP] SSL=471 DC=-870 max_raw=31398 follower=30927 peak_scaled=1.000 silent_scale=1.000 silence=0 cal_source=config cal_valid=1
[1780315503.254] >>> :smart_status
[1780315503.261] sbr{{
[1780315503.261] SMART_ASSIST: on
[1780315503.261] SMART_SWITCHING: on
[1780315503.262] SMART_DIRECTOR_AUTONOMY: off
[1780315503.262] SMART_HOOKS: on
[1780315503.262] SMART_CONFIDENCE_FLOOR: 0.080
[1780315503.262] SMART_APPLIED_MODE: 3
[1780315503.262] SMART_LAST_REQUESTED_MODE: 3
[1780315503.262] SMART_SWITCHES_IN_WINDOW: 0
[1780315503.263] SMART_MANUAL_OWNER_ACTIVE: 0
[1780315503.263] SMART_LAST_REASON: 0
[1780315503.263] SMART_STATE: 2
[1780315503.263] SMART_INTENT_MODE: 8
[1780315503.263] SMART_INTENT_CONFIDENCE: 0.031
[1780315503.263] SMART_INTENT_WANTS_SWITCH: 0
[1780315503.263] SMART_SCALAR_PHOTONS: 1.000
[1780315503.264] SMART_SCALAR_CHROMA: 1.000
[1780315503.264] SMART_SCALAR_MOOD: 1.000
[1780315503.264] SMART_SCALAR_SATURATION: 1.000
[1780315503.264] SMART_PALETTE_OVERLAY: 0
[1780315503.264] SMART_PALETTE_INDEX: 29
[1780315503.264] SMART_AUTO_COLOUR_SHIFT: 0
[1780315503.264] SMART_MIN_DWELL_MS: 8000
[1780315503.264] SMART_COOLDOWN_MS: 20000
[1780315503.265] SMART_SWITCH_WINDOW_MS: 60000
[1780315503.265] SMART_MAX_SWITCHES: 2
[1780315503.265] SMART_AUDIO_NOVELTY: 0.0000
[1780315503.265] SMART_AUDIO_ENERGY: 0.0893
[1780315503.265] SMART_EVENT_ID: 0
[1780315503.265] SMART_EVENT_AGE_MS: 4294967295
[1780315503.265] SMART_ONSET: 0
[1780315503.265] SMART_BASS_ONSET: 0
[1780315503.266] SMART_BEAT_CONFIDENCE: 0.000
[1780315503.266] }}
[1780315503.304] >>> :vp_status
[1780315503.308] sbr{{
[1780315503.308] VP_PROFILE: candidate
[1780315503.309] VP_FIXES: agc_soft=on chroma_gate=on prism_off=on bloom_decay=off hsv_source_sat=on secondary_clean=on
[1780315503.309] VP_STREAM: on
[1780315503.309] AP_STREAM: on
[1780315503.310] VP_BLOOM: alpha=0.9900 shift=1.0000 force_sat=on
[1780315503.311] VP_WAVEFORM: idle_fade=0.9850 raw_margin=1.1000 peak_floor=0.0800 active_fade=0.0400 blend_gain=2.0000 fallback=1.0000 vu_floor=0.0200 shift_rate=120.0000
[1780315503.313] VP_CHROMA: seq=23424 range=60 profile=0 gate_gain=1.0000 pre_max=0.4000 pre_mean=0.1190 norm_max=1.0192 norm_mean=0.3033 flatness=0.7160 final_max=0.9192 final_mean=0.2520
[1780315503.314] VP_AGC: gain=0.1000 envelope=7.1343 floor=0.0010 gated=false
[1780315503.314] VP_RENDER_US: last=2458 avg=2236 max=3586
[1780315503.314] }}
[1780315503.776] ### CLIP_END id=sparse-breakdown-build ffplay_rc=0 video_rc=None
[1780315503.776] >>> :ap_stream=off
[1780315503.788] sbr{{
[1780315503.788] AP_STREAM: off
[1780315503.788] }}
[1780315503.980] >>> :vp_stream=off
[1780315503.984] sbr{{
[1780315503.984] VP_STREAM: off
[1780315503.984] }}
[1780315504.185] >>> :vp_perf=stop
[1780315504.192] sbr{{
[1780315504.192] VP_PERF: disabled (compile with ENABLE_VP_PERF_AUDIT=1)
[1780315504.192] }}
[1780315504.390] >>> :smart_status
[1780315504.401] sbr{{
[1780315504.401] SMART_ASSIST: on
[1780315504.401] SMART_SWITCHING: on
[1780315504.401] SMART_DIRECTOR_AUTONOMY: off
[1780315504.401] SMART_HOOKS: on
[1780315504.401] SMART_CONFIDENCE_FLOOR: 0.080
[1780315504.401] SMART_APPLIED_MODE: 3
[1780315504.401] SMART_LAST_REQUESTED_MODE: 3
[1780315504.402] SMART_SWITCHES_IN_WINDOW: 0
[1780315504.402] SMART_MANUAL_OWNER_ACTIVE: 0
[1780315504.402] SMART_LAST_REASON: 0
[1780315504.402] SMART_STATE: 2
[1780315504.402] SMART_INTENT_MODE: 8
[1780315504.402] SMART_INTENT_CONFIDENCE: 0.031
[1780315504.402] SMART_INTENT_WANTS_SWITCH: 0
[1780315504.402] SMART_SCALAR_PHOTONS: 1.000
[1780315504.402] SMART_SCALAR_CHROMA: 1.000
[1780315504.402] SMART_SCALAR_MOOD: 1.000
[1780315504.403] SMART_SCALAR_SATURATION: 1.000
[1780315504.404] SMART_PALETTE_OVERLAY: 0
[1780315504.404] SMART_PALETTE_INDEX: 29
[1780315504.404] SMART_AUTO_COLOUR_SHIFT: 0
[1780315504.404] SMART_MIN_DWELL_MS: 8000
[1780315504.404] SMART_COOLDOWN_MS: 20000
[1780315504.404] SMART_SWITCH_WINDOW_MS: 60000
[1780315504.404] SMART_MAX_SWITCHES: 2
[1780315504.404] SMART_AUDIO_NOVELTY: 0.0000
[1780315504.405] SMART_AUDIO_ENERGY: 0.0893
[1780315504.405] SMART_EVENT_ID: 0
[1780315504.406] SMART_EVENT_AGE_MS: 4294967295
[1780315504.406] SMART_ONSET: 0
[1780315504.406] SMART_BASS_ONSET: 0
[1780315504.406] SMART_BEAT_CONFIDENCE: 0.000
[1780315504.406] }}
[1780315504.596] >>> :edge_status
[1780315504.603] sbr{{
[1780315504.603] EDGE_ENABLED: on
[1780315504.603] EDGE_MODE: complementary
[1780315504.603] EDGE_STRENGTH: 0.350
[1780315504.603] }}
[1780315504.798] >>> :vp_status
[1780315504.808] sbr{{
[1780315504.808] VP_PROFILE: candidate
[1780315504.808] VP_FIXES: agc_soft=on chroma_gate=on prism_off=on bloom_decay=off hsv_source_sat=on secondary_clean=on
[1780315504.808] VP_STREAM: off
[1780315504.808] AP_STREAM: off
[1780315504.809] VP_BLOOM: alpha=0.9900 shift=1.0000 force_sat=on
[1780315504.811] VP_WAVEFORM: idle_fade=0.9850 raw_margin=1.1000 peak_floor=0.0800 active_fade=0.0400 blend_gain=2.0000 fallback=1.0000 vu_floor=0.0200 shift_rate=120.0000
[1780315504.812] VP_CHROMA: seq=23690 range=60 profile=0 gate_gain=1.0000 pre_max=0.4000 pre_mean=0.1190 norm_max=1.0192 norm_mean=0.3033 flatness=0.7160 final_max=0.9192 final_mean=0.2520
[1780315504.814] VP_AGC: gain=0.1000 envelope=7.1343 floor=0.0010 gated=false
[1780315504.814] VP_RENDER_US: last=3173 avg=2192 max=3586
[1780315504.814] }}
