#PORT /dev/tty.usbmodem2101
#ROLE production_bench_reference
#CMD :stop
ource=config cal_valid=1
[AP] SSL=522 DC=-912 max_raw=1920 follower=2438 peak_scaled=0.618 silent_scale=1.000 silence=0 cal_source=config cal_valid=1
[AP] SSL=522 DC=-912 max_raw=4310 follower=3668 peak_scaled=0.991 silent_scale=1.000 silence=0 cal_source=config cal_valid=1
[AP] SSL=522 DC=-912 max_raw=2800 follower=4012 peak_scaled=0.632 silent_scale=1.000 silence=0 cal_source=config cal_valid=1
[AP] SSL=522 DC=-912 max_raw=3602 follower=3719 peak_scaled=0.776 silent_scale=1.000 silence=0 cal_source=config cal_valid=1
[AP] SSL=522 DC=-912 max_raw=4833 follower=4139 peak_scaled=0.841 silent_scale=1.000 silence=0 cal_source=config cal_valid=1
[AP] SSL=522 DC=-912 max_raw=3741 follower=4266 peak_scaled=0.719 silent_scale=1.000 silence=0 cal_source=config cal_valid=1
[AP] SSL=522 DC=-912 max_raw=3033 follower=4273 peak_scaled=0.574 silent_scale=1.000 silence=0 cal_source=config cal_valid=1
[AP] SSL=522 DC=-912 max_raw=2162 follower=3237 peak_scaled=0.549 silent_scale=1.000 silence=0 cal_source=config cal_valid=1
[AP] SSL=522 DC=-912 max_raw=4406 follower=3968 peak_scaled=0.887 silent_scale=1.000 silence=0 cal_source=config cal_valid=1
SBOK
#CMD :ap_stream=off
sbr{{
AP_STREAM: off
}}
#CMD :vp_stream=off
sbr{{
VP_STREAM: off
}}
#CMD :set_mode=3
sbr{{
CONFIG.LIGHTSHOW_MODE: 3
}}
#CMD :mood=0.250
sbr{{
CONFIG.MOOD: 0.250000
}}
#CMD :palette_mode=on
sbr{{
PALETTE_MODE: on
}}
#CMD :palette_index=29
sbr{{
PALETTE: 29 (BlacK_Blue_Magenta_White_gp)
}}
#CMD :secondary_enabled=true
sbr{{
SECONDARY_ENABLED: 1
}}
#CMD :secondary_control=false
sbr{{
SECONDARY_CONTROL: DISABLED (encoders control primary channel)
}}
#CMD :secondary_mode=7
sbr{{
SECONDARY_MODE: 7 (WAVEFORM-FAST)
}}
#CMD :secondary_palette_mode=true
sbr{{
SECONDARY_PALETTE_MODE_ENABLED: true
}}
#CMD :secondary_palette_index=24
sbr{{
SECONDARY_PALETTE_INDEX: 24 (fire_gp)
}}
#CMD :edge_mode=off
sbr{{
EDGE_ENABLED: off
EDGE_MODE: off
EDGE_STRENGTH: 0.000
}}
#CMD :edge_enabled=off
sbr{{
EDGE_ENABLED: off
EDGE_MODE: off
EDGE_STRENGTH: 0.000
}}
#CMD :edge_strength=0
sbr{{
EDGE_ENABLED: off
EDGE_MODE: off
EDGE_STRENGTH: 0.000
}}
#CMD :smart_hooks=off
sbr{{
SMART_ASSIST: off
SMART_SWITCHING: off
SMART_DIRECTOR_AUTONOMY: off
SMART_HOOKS: off
SMART_CONFIDENCE_FLOOR: 0.080
SMART_APPLIED_MODE: 3
SMART_LAST_REQUESTED_MODE: 3
SMART_SWITCHES_IN_WINDOW: 0
SMART_MANUAL_OWNER_ACTIVE: 1
SMART_LAST_REASON: 0
SMART_STATE: 0
SMART_INTENT_MODE: 0
SMART_INTENT_CONFIDENCE: 0.000
SMART_INTENT_WANTS_SWITCH: 0
SMART_SCALAR_PHOTONS: 0.000
SMART_SCALAR_CHROMA: 0.000
SMART_SCALAR_MOOD: 0.000
SMART_AUDIO_NOVELTY: 0.0000
SMART_AUDIO_ENERGY: 0.0000
SMART_EVENT_ID: 0
SMART_EVENT_AGE_MS: 0
SMART_ONSET: 0
SMART_BASS_ONSET: 0
SMART_BEAT_CONFIDENCE: 0.000
}}
#CMD :smart_switching=off
sbr{{
SMART_ASSIST: off
SMART_SWITCHING: off
SMART_DIRECTOR_AUTONOMY: off
SMART_HOOKS: off
SMART_CONFIDENCE_FLOOR: 0.080
SMART_APPLIED_MODE: 3
SMART_LAST_REQUESTED_MODE: 3
SMART_SWITCHES_IN_WINDOW: 0
SMART_MANUAL_OWNER_ACTIVE: 1
SMART_LAST_REASON: 0
SMART_STATE: 0
SMART_INTENT_MODE: 0
SMART_INTENT_CONFIDENCE: 0.000
SMART_INTENT_WANTS_SWITCH: 0
SMART_SCALAR_PHOTONS: 0.000
SMART_SCALAR_CHROMA: 0.000
SMART_SCALAR_MOOD: 0.000
SMART_AUDIO_NOVELTY: 0.0000
SMART_AUDIO_ENERGY: 0.0000
SMART_EVENT_ID: 0
SMART_EVENT_AGE_MS: 0
SMART_ONSET: 0
SMART_BASS_ONSET: 0
SMART_BEAT_CONFIDENCE: 0.000
}}
#CMD :smart_assist=off
sbr{{
SMART_ASSIST: off
SMART_SWITCHING: off
SMART_DIRECTOR_AUTONOMY: off
SMART_HOOKS: off
SMART_CONFIDENCE_FLOOR: 0.080
SMART_APPLIED_MODE: 3
SMART_LAST_REQUESTED_MODE: 3
SMART_SWITCHES_IN_WINDOW: 0
SMART_MANUAL_OWNER_ACTIVE: 1
SMART_LAST_REASON: 0
SMART_STATE: 0
SMART_INTENT_MODE: 0
SMART_INTENT_CONFIDENCE: 0.000
SMART_INTENT_WANTS_SWITCH: 0
SMART_SCALAR_PHOTONS: 0.000
SMART_SCALAR_CHROMA: 0.000
SMART_SCALAR_MOOD: 0.000
SMART_AUDIO_NOVELTY: 0.0000
SMART_AUDIO_ENERGY: 0.0000
SMART_EVENT_ID: 0
SMART_EVENT_AGE_MS: 0
SMART_ONSET: 0
SMART_BASS_ONSET: 0
SMART_BEAT_CONFIDENCE: 0.000
}}
#CMD :smart_confidence_floor=0.080
sbr{{
SMART_ASSIST: off
SMART_SWITCHING: off
SMART_DIRECTOR_AUTONOMY: off
SMART_HOOKS: off
SMART_CONFIDENCE_FLOOR: 0.080
SMART_APPLIED_MODE: 3
SMART_LAST_REQUESTED_MODE: 3
SMART_SWITCHES_IN_WINDOW: 0
SMART_MANUAL_OWNER_ACTIVE: 1
SMART_LAST_REASON: 0
SMART_STATE: 0
SMART_INTENT_MODE: 0
SMART_INTENT_CONFIDENCE: 0.000
SMART_INTENT_WANTS_SWITCH: 0
SMART_SCALAR_PHOTONS: 0.000
SMART_SCALAR_CHROMA: 0.000
SMART_SCALAR_MOOD: 0.000
SMART_AUDIO_NOVELTY: 0.0000
SMART_AUDIO_ENERGY: 0.0000
SMART_EVENT_ID: 0
SMART_EVENT_AGE_MS: 0
SMART_ONSET: 0
SMART_BASS_ONSET: 0
SMART_BEAT_CONFIDENCE: 0.000
}}
#CMD :smart_status
sbr{{
SMART_ASSIST: off
SMART_SWITCHING: off
SMART_DIRECTOR_AUTONOMY: off
SMART_HOOKS: off
SMART_CONFIDENCE_FLOOR: 0.080
SMART_APPLIED_MODE: 3
SMART_LAST_REQUESTED_MODE: 3
SMART_SWITCHES_IN_WINDOW: 0
SMART_MANUAL_OWNER_ACTIVE: 1
SMART_LAST_REASON: 0
SMART_STATE: 0
SMART_INTENT_MODE: 0
SMART_INTENT_CONFIDENCE: 0.000
SMART_INTENT_WANTS_SWITCH: 0
SMART_SCALAR_PHOTONS: 0.000
SMART_SCALAR_CHROMA: 0.000
SMART_SCALAR_MOOD: 0.000
SMART_AUDIO_NOVELTY: 0.0000
SMART_AUDIO_ENERGY: 0.0000
SMART_EVENT_ID: 0
SMART_EVENT_AGE_MS: 0
SMART_ONSET: 0
SMART_BASS_ONSET: 0
SMART_BEAT_CONFIDENCE: 0.000
}}
#CMD :edge_status
sbr{{
EDGE_ENABLED: off
EDGE_MODE: off
EDGE_STRENGTH: 0.000
}}
#CMD :ap_stream=on
sbr{{
AP_STREAM: on
}}
[AP] SSL=522 DC=-912 max_raw=3571 follower=4616 peak_scaled=0.723 silent_scale=1.000 silence=0 cal_source=config cal_valid=1
#CMD :smart_status
sbr{{
SMART_ASSIST: off
SMART_SWITCHING: off
SMART_DIRECTOR_AUTONOMY: off
SMART_HOOKS: off
SMART_CONFIDENCE_FLOOR: 0.080
SMART_APPLIED_MODE: 3
SMART_LAST_REQUESTED_MODE: 3
SMART_SWITCHES_IN_WINDOW: 0
SMART_MANUAL_OWNER_ACTIVE: 1
SMART_LAST_REASON: 0
SMART_STATE: 0
SMART_INTENT_MODE: 0
SMART_INTENT_CONFIDENCE: 0.000
SMART_INTENT_WANTS_SWITCH: 0
SMART_SCALAR_PHOTONS: 0.000
SMART_SCALAR_CHROMA: 0.000
SMART_SCALAR_MOOD: 0.000
SMART_AUDIO_NOVELTY: 0.0000
SMART_AUDIO_ENERGY: 0.0000
SMART_EVENT_ID: 0
SMART_EVENT_AGE_MS: 0
SMART_ONSET: 0
SMART_BASS_ONSET: 0
SMART_BEAT_CONFIDENCE: 0.000
}}
[AP] SSL=522 DC=-912 max_raw=2923 follower=4687 peak_scaled=0.639 silent_scale=1.000 silence=0 cal_source=config cal_valid=1
#CMD :edge_status
sbr{{
EDGE_ENABLED: off
EDGE_MODE: off
EDGE_STRENGTH: 0.000
}}
[AP] SSL=522 DC=-912 max_raw=4447 follower=4436 peak_scaled=0.785 silent_scale=1.000 silence=0 cal_source=config cal_valid=1
#WAIT ap_stream_music 8.00s
[AP] SSL=522 DC=-912 max_raw=2764 follower=5266 peak_scaled=0.592 silent_scale=1.000 silence=0 cal_source=config cal_valid=1
[AP] SSL=522 DC=-912 max_raw=4238 follower=4694 peak_scaled=0.776 silent_scale=1.000 silence=0 cal_source=config cal_valid=1
[AP] SSL=522 DC=-912 max_raw=3403 follower=4446 peak_scaled=0.798 silent_scale=1.000 silence=0 cal_source=config cal_valid=1
[AP] SSL=522 DC=-912 max_raw=3103 follower=4235 peak_scaled=0.596 silent_scale=1.000 silence=0 cal_source=config cal_valid=1
[AP] SSL=522 DC=-912 max_raw=3328 follower=4556 peak_scaled=0.802 silent_scale=1.000 silence=0 cal_source=config cal_valid=1
[AP] SSL=522 DC=-912 max_raw=3770 follower=4794 peak_scaled=0.719 silent_scale=1.000 silence=0 cal_source=config cal_valid=1
[AP] SSL=522 DC=-912 max_raw=4053 follower=4805 peak_scaled=0.849 silent_scale=1.000 silence=0 cal_source=config cal_valid=1
[AP] SSL=522 DC=-912 max_raw=4044 follower=4480 peak_scaled=0.668 silent_scale=1.000 silence=0 cal_source=config cal_valid=1
#CMD :ap_stream=off
sbr{{
AP_STREAM: off
}}
#CMD :smart_assist=on
sbr{{
SMART_ASSIST: on
SMART_SWITCHING: off
SMART_DIRECTOR_AUTONOMY: off
SMART_HOOKS: off
SMART_CONFIDENCE_FLOOR: 0.080
SMART_APPLIED_MODE: 3
SMART_LAST_REQUESTED_MODE: 3
SMART_SWITCHES_IN_WINDOW: 0
SMART_MANUAL_OWNER_ACTIVE: 1
SMART_LAST_REASON: 0
SMART_STATE: 0
SMART_INTENT_MODE: 0
SMART_INTENT_CONFIDENCE: 0.000
SMART_INTENT_WANTS_SWITCH: 0
SMART_SCALAR_PHOTONS: 0.000
SMART_SCALAR_CHROMA: 0.000
SMART_SCALAR_MOOD: 0.000
SMART_AUDIO_NOVELTY: 0.0000
SMART_AUDIO_ENERGY: 0.0000
SMART_EVENT_ID: 0
SMART_EVENT_AGE_MS: 0
SMART_ONSET: 0
SMART_BASS_ONSET: 0
SMART_BEAT_CONFIDENCE: 0.000
}}
#CMD :smart_hooks=on
sbr{{
SMART_ASSIST: on
SMART_SWITCHING: off
SMART_DIRECTOR_AUTONOMY: off
SMART_HOOKS: on
SMART_CONFIDENCE_FLOOR: 0.080
SMART_APPLIED_MODE: 3
SMART_LAST_REQUESTED_MODE: 3
SMART_SWITCHES_IN_WINDOW: 0
SMART_MANUAL_OWNER_ACTIVE: 1
SMART_LAST_REASON: 0
SMART_STATE: 2
SMART_INTENT_MODE: 8
SMART_INTENT_CONFIDENCE: 0.128
SMART_INTENT_WANTS_SWITCH: 0
SMART_SCALAR_PHOTONS: 1.000
SMART_SCALAR_CHROMA: 1.000
SMART_SCALAR_MOOD: 1.000
SMART_AUDIO_NOVELTY: 0.1122
SMART_AUDIO_ENERGY: 0.2723
SMART_EVENT_ID: 0
SMART_EVENT_AGE_MS: 4294967295
SMART_ONSET: 0
SMART_BASS_ONSET: 0
SMART_BEAT_CONFIDENCE: 0.000
}}
#CMD :smart_switching=on
sbr{{
SMART_ASSIST: on
SMART_SWITCHING: on
SMART_DIRECTOR_AUTONOMY: off
SMART_HOOKS: on
SMART_CONFIDENCE_FLOOR: 0.080
SMART_APPLIED_MODE: 3
SMART_LAST_REQUESTED_MODE: 3
SMART_SWITCHES_IN_WINDOW: 0
SMART_MANUAL_OWNER_ACTIVE: 1
SMART_LAST_REASON: 0
SMART_STATE: 2
SMART_INTENT_MODE: 8
SMART_INTENT_CONFIDENCE: 0.166
SMART_INTENT_WANTS_SWITCH: 0
SMART_SCALAR_PHOTONS: 1.000
SMART_SCALAR_CHROMA: 1.000
SMART_SCALAR_MOOD: 1.000
SMART_AUDIO_NOVELTY: 0.1155
SMART_AUDIO_ENERGY: 0.3659
SMART_EVENT_ID: 0
SMART_EVENT_AGE_MS: 4294967295
SMART_ONSET: 0
SMART_BASS_ONSET: 0
SMART_BEAT_CONFIDENCE: 0.000
}}
#CMD :smart_confidence_floor=0.080
sbr{{
SMART_ASSIST: on
SMART_SWITCHING: on
SMART_DIRECTOR_AUTONOMY: off
SMART_HOOKS: on
SMART_CONFIDENCE_FLOOR: 0.080
SMART_APPLIED_MODE: 3
SMART_LAST_REQUESTED_MODE: 3
SMART_SWITCHES_IN_WINDOW: 0
SMART_MANUAL_OWNER_ACTIVE: 1
SMART_LAST_REASON: 8
SMART_STATE: 2
SMART_INTENT_MODE: 8
SMART_INTENT_CONFIDENCE: 0.157
SMART_INTENT_WANTS_SWITCH: 1
SMART_SCALAR_PHOTONS: 1.000
SMART_SCALAR_CHROMA: 1.000
SMART_SCALAR_MOOD: 1.000
SMART_AUDIO_NOVELTY: 0.1204
SMART_AUDIO_ENERGY: 0.3162
SMART_EVENT_ID: 0
SMART_EVENT_AGE_MS: 4294967295
SMART_ONSET: 0
SMART_BASS_ONSET: 0
SMART_BEAT_CONFIDENCE: 0.000
}}
#CMD :edge_mode=complementary
sbr{{
EDGE_ENABLED: off
EDGE_MODE: complementary
EDGE_STRENGTH: 0.000
}}
#CMD :edge_strength=0.350
sbr{{
EDGE_ENABLED: off
EDGE_MODE: complementary
EDGE_STRENGTH: 0.350
}}
#CMD :edge_enabled=on
sbr{{
EDGE_ENABLED: on
EDGE_MODE: complementary
EDGE_STRENGTH: 0.350
}}
#WAIT smart_music 30.00s
#CMD :smart_status
sbr{{
SMART_ASSIST: on
SMART_SWITCHING: on
SMART_DIRECTOR_AUTONOMY: off
SMART_HOOKS: on
SMART_CONFIDENCE_FLOOR: 0.080
SMART_APPLIED_MODE: 3
SMART_LAST_REQUESTED_MODE: 3
SMART_SWITCHES_IN_WINDOW: 0
SMART_MANUAL_OWNER_ACTIVE: 0
SMART_LAST_REASON: 0
SMART_STATE: 2
SMART_INTENT_MODE: 8
SMART_INTENT_CONFIDENCE: 0.182
SMART_INTENT_WANTS_SWITCH: 1
SMART_SCALAR_PHOTONS: 1.000
SMART_SCALAR_CHROMA: 1.000
SMART_SCALAR_MOOD: 1.000
SMART_AUDIO_NOVELTY: 0.1089
SMART_AUDIO_ENERGY: 0.3055
SMART_EVENT_ID: 0
SMART_EVENT_AGE_MS: 4294967295
SMART_ONSET: 0
SMART_BASS_ONSET: 0
SMART_BEAT_CONFIDENCE: 0.000
}}
#CMD :edge_status
sbr{{
EDGE_ENABLED: on
EDGE_MODE: complementary
EDGE_STRENGTH: 0.350
}}
#CMD :ap_stream=off
sbr{{
AP_STREAM: off
}}
#RESTORE safe_runtime_state
#CMD :ap_stream=off
sbr{{
AP_STREAM: off
}}
#CMD :vp_stream=off
sbr{{
VP_STREAM: off
}}
#CMD :vpab=stop
sberr[[
Bad command: vpab=stop
]]
#CMD :vp_perf=stop
sbr{{
VP_PERF: disabled (compile with ENABLE_VP_PERF_AUDIT=1)
}}
#CMD :set_mode=3
sbr{{
CONFIG.LIGHTSHOW_MODE: 3
}}
#CMD :mood=0.250
sbr{{
CONFIG.MOOD: 0.250000
}}
#CMD :palette_mode=on
sbr{{
PALETTE_MODE: on
}}
#CMD :palette_index=29
sbr{{
PALETTE: 29 (BlacK_Blue_Magenta_White_gp)
}}
#CMD :secondary_enabled=true
sbr{{
SECONDARY_ENABLED: 1
}}
#CMD :secondary_control=false
sbr{{
SECONDARY_CONTROL: DISABLED (encoders control primary channel)
}}
#CMD :secondary_mode=7
sbr{{
SECONDARY_MODE: 7 (WAVEFORM-FAST)
}}
#CMD :secondary_palette_mode=true
sbr{{
SECONDARY_PALETTE_MODE_ENABLED: true
}}
#CMD :secondary_palette_index=24
sbr{{
SECONDARY_PALETTE_INDEX: 24 (fire_gp)
}}
#CMD :edge_enabled=off
sbr{{
EDGE_ENABLED: off
EDGE_MODE: complementary
EDGE_STRENGTH: 0.350
}}
#CMD :edge_mode=off
sbr{{
EDGE_ENABLED: off
EDGE_MODE: off
EDGE_STRENGTH: 0.350
}}
#CMD :edge_strength=0
sbr{{
EDGE_ENABLED: off
EDGE_MODE: off
EDGE_STRENGTH: 0.000
}}
#CMD :smart_hooks=off
sbr{{
SMART_ASSIST: on
SMART_SWITCHING: on
SMART_DIRECTOR_AUTONOMY: off
SMART_HOOKS: off
SMART_CONFIDENCE_FLOOR: 0.080
SMART_APPLIED_MODE: 3
SMART_LAST_REQUESTED_MODE: 3
SMART_SWITCHES_IN_WINDOW: 0
SMART_MANUAL_OWNER_ACTIVE: 1
SMART_LAST_REASON: 8
SMART_STATE: 2
SMART_INTENT_MODE: 8
SMART_INTENT_CONFIDENCE: 0.126
SMART_INTENT_WANTS_SWITCH: 1
SMART_SCALAR_PHOTONS: 1.000
SMART_SCALAR_CHROMA: 1.000
SMART_SCALAR_MOOD: 1.000
SMART_AUDIO_NOVELTY: 0.1082
SMART_AUDIO_ENERGY: 0.2621
SMART_EVENT_ID: 0
SMART_EVENT_AGE_MS: 4294967295
SMART_ONSET: 0
SMART_BASS_ONSET: 0
SMART_BEAT_CONFIDENCE: 0.000
}}
#CMD :smart_switching=off
sbr{{
SMART_ASSIST: on
SMART_SWITCHING: off
SMART_DIRECTOR_AUTONOMY: off
SMART_HOOKS: off
SMART_CONFIDENCE_FLOOR: 0.080
SMART_APPLIED_MODE: 3
SMART_LAST_REQUESTED_MODE: 3
SMART_SWITCHES_IN_WINDOW: 0
SMART_MANUAL_OWNER_ACTIVE: 1
SMART_LAST_REASON: 0
SMART_STATE: 2
SMART_INTENT_MODE: 8
SMART_INTENT_CONFIDENCE: 0.139
SMART_INTENT_WANTS_SWITCH: 1
SMART_SCALAR_PHOTONS: 1.000
SMART_SCALAR_CHROMA: 1.000
SMART_SCALAR_MOOD: 1.000
SMART_AUDIO_NOVELTY: 0.0907
SMART_AUDIO_ENERGY: 0.2147
SMART_EVENT_ID: 0
SMART_EVENT_AGE_MS: 4294967295
SMART_ONSET: 0
SMART_BASS_ONSET: 0
SMART_BEAT_CONFIDENCE: 0.000
}}
#CMD :smart_assist=off
sbr{{
SMART_ASSIST: off
SMART_SWITCHING: off
SMART_DIRECTOR_AUTONOMY: off
SMART_HOOKS: off
SMART_CONFIDENCE_FLOOR: 0.080
SMART_APPLIED_MODE: 3
SMART_LAST_REQUESTED_MODE: 3
SMART_SWITCHES_IN_WINDOW: 0
SMART_MANUAL_OWNER_ACTIVE: 1
SMART_LAST_REASON: 0
SMART_STATE: 2
SMART_INTENT_MODE: 8
SMART_INTENT_CONFIDENCE: 0.137
SMART_INTENT_WANTS_SWITCH: 0
SMART_SCALAR_PHOTONS: 1.000
SMART_SCALAR_CHROMA: 1.000
SMART_SCALAR_MOOD: 1.000
SMART_AUDIO_NOVELTY: 0.0633
SMART_AUDIO_ENERGY: 0.1834
SMART_EVENT_ID: 0
SMART_EVENT_AGE_MS: 4294967295
SMART_ONSET: 0
SMART_BASS_ONSET: 0
SMART_BEAT_CONFIDENCE: 0.000
}}
#CMD :smart_confidence_floor=0.080
sbr{{
SMART_ASSIST: off
SMART_SWITCHING: off
SMART_DIRECTOR_AUTONOMY: off
SMART_HOOKS: off
SMART_CONFIDENCE_FLOOR: 0.080
SMART_APPLIED_MODE: 3
SMART_LAST_REQUESTED_MODE: 3
SMART_SWITCHES_IN_WINDOW: 0
SMART_MANUAL_OWNER_ACTIVE: 1
SMART_LAST_REASON: 0
SMART_STATE: 2
SMART_INTENT_MODE: 8
SMART_INTENT_CONFIDENCE: 0.137
SMART_INTENT_WANTS_SWITCH: 0
SMART_SCALAR_PHOTONS: 1.000
SMART_SCALAR_CHROMA: 1.000
SMART_SCALAR_MOOD: 1.000
SMART_AUDIO_NOVELTY: 0.0633
SMART_AUDIO_ENERGY: 0.1834
SMART_EVENT_ID: 0
SMART_EVENT_AGE_MS: 4294967295
SMART_ONSET: 0
SMART_BASS_ONSET: 0
SMART_BEAT_CONFIDENCE: 0.000
}}
#CMD :smart_status
sbr{{
SMART_ASSIST: off
SMART_SWITCHING: off
SMART_DIRECTOR_AUTONOMY: off
SMART_HOOKS: off
SMART_CONFIDENCE_FLOOR: 0.080
SMART_APPLIED_MODE: 3
SMART_LAST_REQUESTED_MODE: 3
SMART_SWITCHES_IN_WINDOW: 0
SMART_MANUAL_OWNER_ACTIVE: 1
SMART_LAST_REASON: 0
SMART_STATE: 2
SMART_INTENT_MODE: 8
SMART_INTENT_CONFIDENCE: 0.137
SMART_INTENT_WANTS_SWITCH: 0
SMART_SCALAR_PHOTONS: 1.000
SMART_SCALAR_CHROMA: 1.000
SMART_SCALAR_MOOD: 1.000
SMART_AUDIO_NOVELTY: 0.0633
SMART_AUDIO_ENERGY: 0.1834
SMART_EVENT_ID: 0
SMART_EVENT_AGE_MS: 4294967295
SMART_ONSET: 0
SMART_BASS_ONSET: 0
SMART_BEAT_CONFIDENCE: 0.000
}}
#CMD :edge_status
sbr{{
EDGE_ENABLED: off
EDGE_MODE: off
EDGE_STRENGTH: 0.000
}}
