# SEND :stop
SBOK
# HOTKEY 'N'
NOISE_CAL: armed - confirm silence, press Y within 5s
# HOTKEY 'Y'
NOISE_CAL: queued
STARTING NOISE CAL
NOISE CAL COMPLETE
# SEND :dump
sbr{{
FIRMWARE_VERSION: 40103
CHIP ID: F887A500
noise_button.pressed: 0
noise_button.last_down: 0
noise_button.last_up: 0
noise_button.pin: 255
mode_button.pressed: 0
mode_button.last_down: 0
mode_button.last_up: 0
mode_button.pin: 255
CONFIG.PHOTONS: 1.000000
CONFIG.CHROMA: 0.050000
CONFIG.MOOD: 0.250000
CONFIG.LIGHTSHOW_MODE: 3
CONFIG.MIRROR_ENABLED: 1
CONFIG.CHROMAGRAM_RANGE: 60
CONFIG.SAMPLE_RATE: 12800
CONFIG.NOTE_OFFSET: 12
CONFIG.SQUARE_ITER: 1.00
CONFIG.LED_TYPE: 0
CONFIG.LED_COUNT: 160
CONFIG.LED_COLOR_ORDER: 66
CONFIG.SAMPLES_PER_CHUNK: 96
CONFIG.SENSITIVITY: 2.400000
CONFIG.BOOT_ANIMATION: 1
CONFIG.SWEET_SPOT_MIN_LEVEL: 203
CONFIG.SWEET_SPOT_MAX_LEVEL: 30000
CONFIG.DC_OFFSET: -4805
CONFIG.STANDBY_DIMMING: 0
CONFIG.REVERSE_ORDER: 0
CONFIG.MAX_CURRENT_MA: 1500
CONFIG.TEMPORAL_DITHERING: 1
CONFIG.AUTO_COLOR_SHIFT: 1
CONFIG.INCANDESCENT_FILTER: 0.00
CONFIG.INCANDESCENT_MODE: 0
CONFIG.BULB_OPACITY: 0.00
CONFIG.SATURATION: 1.00
CONFIG.PRISM_COUNT: 1.00
CONFIG.BASE_COAT: 0
CONFIG.BASE_COAT_INTENSITY: 0.000
MASTER_BRIGHTNESS: 1.00
stream_audio: 0
stream_fps: 0
stream_max_mags: 0
stream_max_mags_followers: 0
stream_magnitudes: 0
stream_spectrogram: 0
stream_chromagram: 0
debug_mode: 0
noise_complete: 1
noise_iterations: 256
next_save_time: 485172
settings_updated: 0
I2S_PORT: 0
SAMPLE_HISTORY_LENGTH: 4096
silence: 0
mode_destination: -1
SYSTEM_FPS: 141.95
LED_FPS: 180.39
}}
# SEND :ap_capture=1200
sbr{{
AP_CAPTURE: armed 1200 ms
}}
# SEND :diag=status
[APCAP] frames=161 max_raw=106/397 peak_scaled=-0.260/0.490 follower_mean=203.0 spec_argmax=32 chroma_mean=0.1249 silence=0 SSL=203
sbr{{
DIAG: frozen
DIAG_RECORDS: count=20 capacity=64 high_water=20
DIAG_COUNTERS: captured=20 dropped=0 corrupt=0 overflowed=0
DIAG_BYTES: payload_max=512 storage=34048
}}
