#PORT /dev/tty.usbmodem101
#ROLE production_bench_reference
#CMD :stop
ed=0.537 silent_scale=1.000 silence=0 cal_source=config cal_valid=1
[AP] SSL=903 DC=-4795 max_raw=11753 follower=8787 peak_scaled=1.000 silent_scale=1.000 silence=0 cal_source=config cal_valid=1
[AP] SSL=903 DC=-4795 max_raw=3307 follower=7866 peak_scaled=0.395 silent_scale=1.000 silence=0 cal_source=config cal_valid=1
[AP] SSL=903 DC=-4795 max_raw=6653 follower=9066 peak_scaled=0.655 silent_scale=1.000 silence=0 cal_source=config cal_valid=1
[AP] SSL=903 DC=-4795 max_raw=3482 follower=8685 peak_scaled=0.423 silent_scale=1.000 silence=0 cal_source=config cal_valid=1
[AP] SSL=903 DC=-4795 max_raw=8510 follower=7432 peak_scaled=0.831 silent_scale=1.000 silence=0 cal_source=config cal_valid=1
SBOK
#CMD :ap_stream=off
sbr{{
AP_STREAM: off
}}
#CMD :vp_stream=off
sbr{{
VP_STREAM: off
}}
#CMD :set_mode=3
sbr{{
CONFIG.LIGHTSHOW_MODE: 3
}}
#CMD :mood=0.250
sbr{{
CONFIG.MOOD: 0.250000
}}
#CMD :palette_mode=on
sbr{{
PALETTE_MODE: on
}}
#CMD :palette_index=29
sbr{{
PALETTE: 29 (BlacK_Blue_Magenta_White_gp)
}}
#CMD :secondary_enabled=true
sbr{{
SECONDARY_ENABLED: 1
}}
#CMD :secondary_control=false
sbr{{
SECONDARY_CONTROL: DISABLED (encoders control primary channel)
}}
#CMD :secondary_mode=7
sbr{{
SECONDARY_MODE: 7 (WAVEFORM-FAST)
}}
#CMD :secondary_palette_mode=true
sbr{{
SECONDARY_PALETTE_MODE_ENABLED: true
}}
#CMD :secondary_palette_index=24
sbr{{
SECONDARY_PALETTE_INDEX: 24 (fire_gp)
}}
#CMD :edge_mode=off
sbr{{
EDGE_ENABLED: off
EDGE_MODE: off
EDGE_STRENGTH: 0.000
}}
#CMD :edge_enabled=off
sbr{{
EDGE_ENABLED: off
EDGE_MODE: off
EDGE_STRENGTH: 0.000
}}
#CMD :edge_strength=0
sbr{{
EDGE_ENABLED: off
EDGE_MODE: off
EDGE_STRENGTH: 0.000
}}
#CMD :smart_hooks=off
sbr{{
SMART_ASSIST: off
SMART_SWITCHING: off
SMART_DIRECTOR_AUTONOMY: off
SMART_HOOKS: off
SMART_CONFIDENCE_FLOOR: 0.080
SMART_APPLIED_MODE: 3
SMART_LAST_REQUESTED_MODE: 3
SMART_SWITCHES_IN_WINDOW: 0
SMART_MANUAL_OWNER_ACTIVE: 1
SMART_LAST_REASON: 0
SMART_STATE: 0
SMART_INTENT_MODE: 0
SMART_INTENT_CONFIDENCE: 0.000
SMART_INTENT_WANTS_SWITCH: 0
SMART_SCALAR_PHOTONS: 0.000
SMART_SCALAR_CHROMA: 0.000
SMART_SCALAR_MOOD: 0.000
SMART_AUDIO_NOVELTY: 0.0000
SMART_AUDIO_ENERGY: 0.0000
SMART_EVENT_ID: 0
SMART_EVENT_AGE_MS: 0
SMART_ONSET: 0
SMART_BASS_ONSET: 0
SMART_BEAT_CONFIDENCE: 0.000
}}
#CMD :smart_switching=off
sbr{{
SMART_ASSIST: off
SMART_SWITCHING: off
SMART_DIRECTOR_AUTONOMY: off
SMART_HOOKS: off
SMART_CONFIDENCE_FLOOR: 0.080
SMART_APPLIED_MODE: 3
SMART_LAST_REQUESTED_MODE: 3
SMART_SWITCHES_IN_WINDOW: 0
SMART_MANUAL_OWNER_ACTIVE: 1
SMART_LAST_REASON: 0
SMART_STATE: 0
SMART_INTENT_MODE: 0
SMART_INTENT_CONFIDENCE: 0.000
SMART_INTENT_WANTS_SWITCH: 0
SMART_SCALAR_PHOTONS: 0.000
SMART_SCALAR_CHROMA: 0.000
SMART_SCALAR_MOOD: 0.000
SMART_AUDIO_NOVELTY: 0.0000
SMART_AUDIO_ENERGY: 0.0000
SMART_EVENT_ID: 0
SMART_EVENT_AGE_MS: 0
SMART_ONSET: 0
SMART_BASS_ONSET: 0
SMART_BEAT_CONFIDENCE: 0.000
}}
#CMD :smart_assist=off
sbr{{
SMART_ASSIST: off
SMART_SWITCHING: off
SMART_DIRECTOR_AUTONOMY: off
SMART_HOOKS: off
SMART_CONFIDENCE_FLOOR: 0.080
SMART_APPLIED_MODE: 3
SMART_LAST_REQUESTED_MODE: 3
SMART_SWITCHES_IN_WINDOW: 0
SMART_MANUAL_OWNER_ACTIVE: 1
SMART_LAST_REASON: 0
SMART_STATE: 0
SMART_INTENT_MODE: 0
SMART_INTENT_CONFIDENCE: 0.000
SMART_INTENT_WANTS_SWITCH: 0
SMART_SCALAR_PHOTONS: 0.000
SMART_SCALAR_CHROMA: 0.000
SMART_SCALAR_MOOD: 0.000
SMART_AUDIO_NOVELTY: 0.0000
SMART_AUDIO_ENERGY: 0.0000
SMART_EVENT_ID: 0
SMART_EVENT_AGE_MS: 0
SMART_ONSET: 0
SMART_BASS_ONSET: 0
SMART_BEAT_CONFIDENCE: 0.000
}}
#CMD :smart_confidence_floor=0.080
sbr{{
SMART_ASSIST: off
SMART_SWITCHING: off
SMART_DIRECTOR_AUTONOMY: off
SMART_HOOKS: off
SMART_CONFIDENCE_FLOOR: 0.080
SMART_APPLIED_MODE: 3
SMART_LAST_REQUESTED_MODE: 3
SMART_SWITCHES_IN_WINDOW: 0
SMART_MANUAL_OWNER_ACTIVE: 1
SMART_LAST_REASON: 0
SMART_STATE: 0
SMART_INTENT_MODE: 0
SMART_INTENT_CONFIDENCE: 0.000
SMART_INTENT_WANTS_SWITCH: 0
SMART_SCALAR_PHOTONS: 0.000
SMART_SCALAR_CHROMA: 0.000
SMART_SCALAR_MOOD: 0.000
SMART_AUDIO_NOVELTY: 0.0000
SMART_AUDIO_ENERGY: 0.0000
SMART_EVENT_ID: 0
SMART_EVENT_AGE_MS: 0
SMART_ONSET: 0
SMART_BASS_ONSET: 0
SMART_BEAT_CONFIDENCE: 0.000
}}
#CMD :smart_status
sbr{{
SMART_ASSIST: off
SMART_SWITCHING: off
SMART_DIRECTOR_AUTONOMY: off
SMART_HOOKS: off
SMART_CONFIDENCE_FLOOR: 0.080
SMART_APPLIED_MODE: 3
SMART_LAST_REQUESTED_MODE: 3
SMART_SWITCHES_IN_WINDOW: 0
SMART_MANUAL_OWNER_ACTIVE: 1
SMART_LAST_REASON: 0
SMART_STATE: 0
SMART_INTENT_MODE: 0
SMART_INTENT_CONFIDENCE: 0.000
SMART_INTENT_WANTS_SWITCH: 0
SMART_SCALAR_PHOTONS: 0.000
SMART_SCALAR_CHROMA: 0.000
SMART_SCALAR_MOOD: 0.000
SMART_AUDIO_NOVELTY: 0.0000
SMART_AUDIO_ENERGY: 0.0000
SMART_EVENT_ID: 0
SMART_EVENT_AGE_MS: 0
SMART_ONSET: 0
SMART_BASS_ONSET: 0
SMART_BEAT_CONFIDENCE: 0.000
}}
#CMD :edge_status
sbr{{
EDGE_ENABLED: off
EDGE_MODE: off
EDGE_STRENGTH: 0.000
}}
#CMD :ap_stream=on
sbr{{
AP_STREAM: on
}}
[AP] SSL=903 DC=-4795 max_raw=4363 follower=7555 peak_scaled=0.508 silent_scale=1.000 silence=0 cal_source=config cal_valid=1
#CMD :smart_status
sbr{{
SMART_ASSIST: off
SMART_SWITCHING: off
SMART_DIRECTOR_AUTONOMY: off
SMART_HOOKS: off
SMART_CONFIDENCE_FLOOR: 0.080
SMART_APPLIED_MODE: 3
SMART_LAST_REQUESTED_MODE: 3
SMART_SWITCHES_IN_WINDOW: 0
SMART_MANUAL_OWNER_ACTIVE: 1
SMART_LAST_REASON: 0
SMART_STATE: 0
SMART_INTENT_MODE: 0
SMART_INTENT_CONFIDENCE: 0.000
SMART_INTENT_WANTS_SWITCH: 0
SMART_SCALAR_PHOTONS: 0.000
SMART_SCALAR_CHROMA: 0.000
SMART_SCALAR_MOOD: 0.000
SMART_AUDIO_NOVELTY: 0.0000
SMART_AUDIO_ENERGY: 0.0000
SMART_EVENT_ID: 0
SMART_EVENT_AGE_MS: 0
SMART_ONSET: 0
SMART_BASS_ONSET: 0
SMART_BEAT_CONFIDENCE: 0.000
}}
[AP] SSL=903 DC=-4795 max_raw=2935 follower=6752 peak_scaled=0.340 silent_scale=1.000 silence=0 cal_source=config cal_valid=1
#CMD :edge_status
sbr{{
EDGE_ENABLED: off
EDGE_MODE: off
EDGE_STRENGTH: 0.000
}}
[AP] SSL=903 DC=-4795 max_raw=5217 follower=6302 peak_scaled=0.748 silent_scale=1.000 silence=0 cal_source=config cal_valid=1
#WAIT ap_stream_music 8.00s
[AP] SSL=903 DC=-4795 max_raw=4641 follower=7195 peak_scaled=0.668 silent_scale=1.000 silence=0 cal_source=config cal_valid=1
[AP] SSL=903 DC=-4795 max_raw=5731 follower=7591 peak_scaled=0.535 silent_scale=1.000 silence=0 cal_source=config cal_valid=1
[AP] SSL=903 DC=-4795 max_raw=4605 follower=8223 peak_scaled=0.433 silent_scale=1.000 silence=0 cal_source=config cal_valid=1
[AP] SSL=903 DC=-4795 max_raw=4881 follower=8455 peak_scaled=0.643 silent_scale=1.000 silence=0 cal_source=config cal_valid=1
[AP] SSL=903 DC=-4795 max_raw=6739 follower=8490 peak_scaled=0.809 silent_scale=1.000 silence=0 cal_source=config cal_valid=1
[AP] SSL=903 DC=-4795 max_raw=3187 follower=8514 peak_scaled=0.280 silent_scale=1.000 silence=0 cal_source=config cal_valid=1
[AP] SSL=903 DC=-4795 max_raw=6909 follower=10152 peak_scaled=0.621 silent_scale=1.000 silence=0 cal_source=config cal_valid=1
[AP] SSL=903 DC=-4795 max_raw=4524 follower=7594 peak_scaled=0.494 silent_scale=1.000 silence=0 cal_source=config cal_valid=1
#CMD :ap_stream=off
sbr{{
AP_STREAM: off
}}
#CMD :smart_assist=on
sbr{{
SMART_ASSIST: on
SMART_SWITCHING: off
SMART_DIRECTOR_AUTONOMY: off
SMART_HOOKS: off
SMART_CONFIDENCE_FLOOR: 0.080
SMART_APPLIED_MODE: 3
SMART_LAST_REQUESTED_MODE: 3
SMART_SWITCHES_IN_WINDOW: 0
SMART_MANUAL_OWNER_ACTIVE: 1
SMART_LAST_REASON: 0
SMART_STATE: 0
SMART_INTENT_MODE: 0
SMART_INTENT_CONFIDENCE: 0.000
SMART_INTENT_WANTS_SWITCH: 0
SMART_SCALAR_PHOTONS: 0.000
SMART_SCALAR_CHROMA: 0.000
SMART_SCALAR_MOOD: 0.000
SMART_AUDIO_NOVELTY: 0.0000
SMART_AUDIO_ENERGY: 0.0000
SMART_EVENT_ID: 0
SMART_EVENT_AGE_MS: 0
SMART_ONSET: 0
SMART_BASS_ONSET: 0
SMART_BEAT_CONFIDENCE: 0.000
}}
#CMD :smart_hooks=on
sbr{{
SMART_ASSIST: on
SMART_SWITCHING: off
SMART_DIRECTOR_AUTONOMY: off
SMART_HOOKS: on
SMART_CONFIDENCE_FLOOR: 0.080
SMART_APPLIED_MODE: 3
SMART_LAST_REQUESTED_MODE: 3
SMART_SWITCHES_IN_WINDOW: 0
SMART_MANUAL_OWNER_ACTIVE: 1
SMART_LAST_REASON: 0
SMART_STATE: 2
SMART_INTENT_MODE: 8
SMART_INTENT_CONFIDENCE: 0.137
SMART_INTENT_WANTS_SWITCH: 0
SMART_SCALAR_PHOTONS: 1.000
SMART_SCALAR_CHROMA: 1.000
SMART_SCALAR_MOOD: 1.000
SMART_AUDIO_NOVELTY: 0.1290
SMART_AUDIO_ENERGY: 0.3397
SMART_EVENT_ID: 0
SMART_EVENT_AGE_MS: 4294967295
SMART_ONSET: 0
SMART_BASS_ONSET: 0
SMART_BEAT_CONFIDENCE: 0.000
}}
#CMD :smart_switching=on
sbr{{
SMART_ASSIST: on
SMART_SWITCHING: on
SMART_DIRECTOR_AUTONOMY: off
SMART_HOOKS: on
SMART_CONFIDENCE_FLOOR: 0.080
SMART_APPLIED_MODE: 3
SMART_LAST_REQUESTED_MODE: 3
SMART_SWITCHES_IN_WINDOW: 0
SMART_MANUAL_OWNER_ACTIVE: 1
SMART_LAST_REASON: 0
SMART_STATE: 2
SMART_INTENT_MODE: 8
SMART_INTENT_CONFIDENCE: 0.176
SMART_INTENT_WANTS_SWITCH: 0
SMART_SCALAR_PHOTONS: 1.000
SMART_SCALAR_CHROMA: 1.000
SMART_SCALAR_MOOD: 1.000
SMART_AUDIO_NOVELTY: 0.0846
SMART_AUDIO_ENERGY: 0.4086
SMART_EVENT_ID: 0
SMART_EVENT_AGE_MS: 4294967295
SMART_ONSET: 0
SMART_BASS_ONSET: 0
SMART_BEAT_CONFIDENCE: 0.000
}}
#CMD :smart_confidence_floor=0.080
sbr{{
SMART_ASSIST: on
SMART_SWITCHING: on
SMART_DIRECTOR_AUTONOMY: off
SMART_HOOKS: on
SMART_CONFIDENCE_FLOOR: 0.080
SMART_APPLIED_MODE: 3
SMART_LAST_REQUESTED_MODE: 3
SMART_SWITCHES_IN_WINDOW: 0
SMART_MANUAL_OWNER_ACTIVE: 1
SMART_LAST_REASON: 8
SMART_STATE: 2
SMART_INTENT_MODE: 8
SMART_INTENT_CONFIDENCE: 0.170
SMART_INTENT_WANTS_SWITCH: 1
SMART_SCALAR_PHOTONS: 1.000
SMART_SCALAR_CHROMA: 1.000
SMART_SCALAR_MOOD: 1.000
SMART_AUDIO_NOVELTY: 0.0998
SMART_AUDIO_ENERGY: 0.3561
SMART_EVENT_ID: 1
SMART_EVENT_AGE_MS: 336
SMART_ONSET: 0
SMART_BASS_ONSET: 0
SMART_BEAT_CONFIDENCE: 0.000
}}
#CMD :edge_mode=complementary
sbr{{
EDGE_ENABLED: off
EDGE_MODE: complementary
EDGE_STRENGTH: 0.000
}}
#CMD :edge_strength=0.350
sbr{{
EDGE_ENABLED: off
EDGE_MODE: complementary
EDGE_STRENGTH: 0.350
}}
#CMD :edge_enabled=on
sbr{{
EDGE_ENABLED: on
EDGE_MODE: complementary
EDGE_STRENGTH: 0.350
}}
#LEG smart_music
#WAIT smart_music 30.00s
#TS_MS 0
#CMD :smart_status
sbr{{
SMART_ASSIST: on
SMART_SWITCHING: on
SMART_DIRECTOR_AUTONOMY: off
SMART_HOOKS: on
SMART_CONFIDENCE_FLOOR: 0.080
SMART_APPLIED_MODE: 3
SMART_LAST_REQUESTED_MODE: 3
SMART_SWITCHES_IN_WINDOW: 0
SMART_MANUAL_OWNER_ACTIVE: 1
SMART_LAST_REASON: 8
SMART_STATE: 2
SMART_INTENT_MODE: 8
SMART_INTENT_CONFIDENCE: 0.177
SMART_INTENT_WANTS_SWITCH: 1
SMART_SCALAR_PHOTONS: 1.000
SMART_SCALAR_CHROMA: 1.000
SMART_SCALAR_MOOD: 1.000
SMART_AUDIO_NOVELTY: 0.0889
SMART_AUDIO_ENERGY: 0.3897
SMART_EVENT_ID: 3
SMART_EVENT_AGE_MS: 1207
SMART_ONSET: 0
SMART_BASS_ONSET: 0
SMART_BEAT_CONFIDENCE: 0.000
}}
#TS_MS 2013
#CMD :smart_status
sbr{{
SMART_ASSIST: on
SMART_SWITCHING: on
SMART_DIRECTOR_AUTONOMY: off
SMART_HOOKS: on
SMART_CONFIDENCE_FLOOR: 0.080
SMART_APPLIED_MODE: 3
SMART_LAST_REQUESTED_MODE: 3
SMART_SWITCHES_IN_WINDOW: 0
SMART_MANUAL_OWNER_ACTIVE: 1
SMART_LAST_REASON: 8
SMART_STATE: 2
SMART_INTENT_MODE: 8
SMART_INTENT_CONFIDENCE: 0.187
SMART_INTENT_WANTS_SWITCH: 1
SMART_SCALAR_PHOTONS: 1.000
SMART_SCALAR_CHROMA: 1.000
SMART_SCALAR_MOOD: 1.000
SMART_AUDIO_NOVELTY: 0.0787
SMART_AUDIO_ENERGY: 0.4085
SMART_EVENT_ID: 6
SMART_EVENT_AGE_MS: 359
SMART_ONSET: 0
SMART_BASS_ONSET: 0
SMART_BEAT_CONFIDENCE: 0.000
}}
#TS_MS 4056
#CMD :smart_status
sbr{{
SMART_ASSIST: on
SMART_SWITCHING: on
SMART_DIRECTOR_AUTONOMY: off
SMART_HOOKS: on
SMART_CONFIDENCE_FLOOR: 0.080
SMART_APPLIED_MODE: 3
SMART_LAST_REQUESTED_MODE: 3
SMART_SWITCHES_IN_WINDOW: 0
SMART_MANUAL_OWNER_ACTIVE: 1
SMART_LAST_REASON: 8
SMART_STATE: 2
SMART_INTENT_MODE: 8
SMART_INTENT_CONFIDENCE: 0.185
SMART_INTENT_WANTS_SWITCH: 1
SMART_SCALAR_PHOTONS: 1.000
SMART_SCALAR_CHROMA: 1.000
SMART_SCALAR_MOOD: 1.000
SMART_AUDIO_NOVELTY: 0.0526
SMART_AUDIO_ENERGY: 0.3596
SMART_EVENT_ID: 8
SMART_EVENT_AGE_MS: 932
SMART_ONSET: 0
SMART_BASS_ONSET: 0
SMART_BEAT_CONFIDENCE: 0.000
}}
#TS_MS 6018
#CMD :smart_status
sbr{{
SMART_ASSIST: on
SMART_SWITCHING: on
SMART_DIRECTOR_AUTONOMY: off
SMART_HOOKS: on
SMART_CONFIDENCE_FLOOR: 0.080
SMART_APPLIED_MODE: 3
SMART_LAST_REQUESTED_MODE: 3
SMART_SWITCHES_IN_WINDOW: 0
SMART_MANUAL_OWNER_ACTIVE: 1
SMART_LAST_REASON: 8
SMART_STATE: 2
SMART_INTENT_MODE: 8
SMART_INTENT_CONFIDENCE: 0.176
SMART_INTENT_WANTS_SWITCH: 1
SMART_SCALAR_PHOTONS: 1.000
SMART_SCALAR_CHROMA: 1.000
SMART_SCALAR_MOOD: 1.000
SMART_AUDIO_NOVELTY: 0.0916
SMART_AUDIO_ENERGY: 0.3552
SMART_EVENT_ID: 9
SMART_EVENT_AGE_MS: 1148
SMART_ONSET: 0
SMART_BASS_ONSET: 0
SMART_BEAT_CONFIDENCE: 0.000
}}
#TS_MS 8011
#CMD :smart_status
sbr{{
SMART_ASSIST: on
SMART_SWITCHING: on
SMART_DIRECTOR_AUTONOMY: off
SMART_HOOKS: on
SMART_CONFIDENCE_FLOOR: 0.080
SMART_APPLIED_MODE: 3
SMART_LAST_REQUESTED_MODE: 8
SMART_SWITCHES_IN_WINDOW: 0
SMART_MANUAL_OWNER_ACTIVE: 0
SMART_LAST_REASON: 9
SMART_STATE: 2
SMART_INTENT_MODE: 8
SMART_INTENT_CONFIDENCE: 0.181
SMART_INTENT_WANTS_SWITCH: 1
SMART_SCALAR_PHOTONS: 1.000
SMART_SCALAR_CHROMA: 1.000
SMART_SCALAR_MOOD: 1.000
SMART_AUDIO_NOVELTY: 0.0813
SMART_AUDIO_ENERGY: 0.3703
SMART_EVENT_ID: 11
SMART_EVENT_AGE_MS: 65
SMART_ONSET: 1
SMART_BASS_ONSET: 0
SMART_BEAT_CONFIDENCE: 0.000
}}
#TS_MS 10051
#CMD :smart_status
sbr{{
SMART_ASSIST: on
SMART_SWITCHING: on
SMART_DIRECTOR_AUTONOMY: off
SMART_HOOKS: on
SMART_CONFIDENCE_FLOOR: 0.080
SMART_APPLIED_MODE: 3
SMART_LAST_REQUESTED_MODE: 8
SMART_SWITCHES_IN_WINDOW: 0
SMART_MANUAL_OWNER_ACTIVE: 0
SMART_LAST_REASON: 0
SMART_STATE: 2
SMART_INTENT_MODE: 8
SMART_INTENT_CONFIDENCE: 0.195
SMART_INTENT_WANTS_SWITCH: 1
SMART_SCALAR_PHOTONS: 1.000
SMART_SCALAR_CHROMA: 1.000
SMART_SCALAR_MOOD: 1.000
SMART_AUDIO_NOVELTY: 0.1816
SMART_AUDIO_ENERGY: 0.4092
SMART_EVENT_ID: 16
SMART_EVENT_AGE_MS: 237
SMART_ONSET: 0
SMART_BASS_ONSET: 0
SMART_BEAT_CONFIDENCE: 0.000
}}
#TS_MS 12028
#CMD :smart_status
sbr{{
SMART_ASSIST: on
SMART_SWITCHING: on
SMART_DIRECTOR_AUTONOMY: off
SMART_HOOKS: on
SMART_CONFIDENCE_FLOOR: 0.080
SMART_APPLIED_MODE: 3
SMART_LAST_REQUESTED_MODE: 8
SMART_SWITCHES_IN_WINDOW: 0
SMART_MANUAL_OWNER_ACTIVE: 0
SMART_LAST_REASON: 0
SMART_STATE: 2
SMART_INTENT_MODE: 8
SMART_INTENT_CONFIDENCE: 0.183
SMART_INTENT_WANTS_SWITCH: 1
SMART_SCALAR_PHOTONS: 1.000
SMART_SCALAR_CHROMA: 1.000
SMART_SCALAR_MOOD: 1.000
SMART_AUDIO_NOVELTY: 0.1398
SMART_AUDIO_ENERGY: 0.2711
SMART_EVENT_ID: 21
SMART_EVENT_AGE_MS: 88
SMART_ONSET: 0
SMART_BASS_ONSET: 0
SMART_BEAT_CONFIDENCE: 0.000
}}
#TS_MS 14011
#CMD :smart_status
sbr{{
SMART_ASSIST: on
SMART_SWITCHING: on
SMART_DIRECTOR_AUTONOMY: off
SMART_HOOKS: on
SMART_CONFIDENCE_FLOOR: 0.080
SMART_APPLIED_MODE: 3
SMART_LAST_REQUESTED_MODE: 8
SMART_SWITCHES_IN_WINDOW: 0
SMART_MANUAL_OWNER_ACTIVE: 0
SMART_LAST_REASON: 0
SMART_STATE: 2
SMART_INTENT_MODE: 8
SMART_INTENT_CONFIDENCE: 0.185
SMART_INTENT_WANTS_SWITCH: 1
SMART_SCALAR_PHOTONS: 1.000
SMART_SCALAR_CHROMA: 1.000
SMART_SCALAR_MOOD: 1.000
SMART_AUDIO_NOVELTY: 0.1029
SMART_AUDIO_ENERGY: 0.2737
SMART_EVENT_ID: 24
SMART_EVENT_AGE_MS: 742
SMART_ONSET: 0
SMART_BASS_ONSET: 0
SMART_BEAT_CONFIDENCE: 1.000
}}
#TS_MS 16001
#CMD :smart_status
sbr{{
SMART_ASSIST: on
SMART_SWITCHING: on
SMART_DIRECTOR_AUTONOMY: off
SMART_HOOKS: on
SMART_CONFIDENCE_FLOOR: 0.080
SMART_APPLIED_MODE: 3
SMART_LAST_REQUESTED_MODE: 8
SMART_SWITCHES_IN_WINDOW: 0
SMART_MANUAL_OWNER_ACTIVE: 0
SMART_LAST_REASON: 0
SMART_STATE: 2
SMART_INTENT_MODE: 8
SMART_INTENT_CONFIDENCE: 0.173
SMART_INTENT_WANTS_SWITCH: 1
SMART_SCALAR_PHOTONS: 1.000
SMART_SCALAR_CHROMA: 1.000
SMART_SCALAR_MOOD: 1.000
SMART_AUDIO_NOVELTY: 0.1060
SMART_AUDIO_ENERGY: 0.2515
SMART_EVENT_ID: 27
SMART_EVENT_AGE_MS: 470
SMART_ONSET: 0
SMART_BASS_ONSET: 0
SMART_BEAT_CONFIDENCE: 0.000
}}
#TS_MS 18000
#CMD :smart_status
sbr{{
SMART_ASSIST: on
SMART_SWITCHING: on
SMART_DIRECTOR_AUTONOMY: off
SMART_HOOKS: on
SMART_CONFIDENCE_FLOOR: 0.080
SMART_APPLIED_MODE: 3
SMART_LAST_REQUESTED_MODE: 8
SMART_SWITCHES_IN_WINDOW: 0
SMART_MANUAL_OWNER_ACTIVE: 0
SMART_LAST_REASON: 0
SMART_STATE: 2
SMART_INTENT_MODE: 8
SMART_INTENT_CONFIDENCE: 0.189
SMART_INTENT_WANTS_SWITCH: 1
SMART_SCALAR_PHOTONS: 1.000
SMART_SCALAR_CHROMA: 1.000
SMART_SCALAR_MOOD: 1.000
SMART_AUDIO_NOVELTY: 0.0916
SMART_AUDIO_ENERGY: 0.2882
SMART_EVENT_ID: 32
SMART_EVENT_AGE_MS: 97
SMART_ONSET: 0
SMART_BASS_ONSET: 0
SMART_BEAT_CONFIDENCE: 0.000
}}
#TS_MS 20043
#CMD :smart_status
sbr{{
SMART_ASSIST: on
SMART_SWITCHING: on
SMART_DIRECTOR_AUTONOMY: off
SMART_HOOKS: on
SMART_CONFIDENCE_FLOOR: 0.080
SMART_APPLIED_MODE: 8
SMART_LAST_REQUESTED_MODE: 8
SMART_SWITCHES_IN_WINDOW: 1
SMART_MANUAL_OWNER_ACTIVE: 0
SMART_LAST_REASON: 0
SMART_STATE: 2
SMART_INTENT_MODE: 8
SMART_INTENT_CONFIDENCE: 0.193
SMART_INTENT_WANTS_SWITCH: 1
SMART_SCALAR_PHOTONS: 1.000
SMART_SCALAR_CHROMA: 1.000
SMART_SCALAR_MOOD: 1.000
SMART_AUDIO_NOVELTY: 0.0957
SMART_AUDIO_ENERGY: 0.3678
SMART_EVENT_ID: 37
SMART_EVENT_AGE_MS: 128
SMART_ONSET: 0
SMART_BASS_ONSET: 0
SMART_BEAT_CONFIDENCE: 0.500
}}
#TS_MS 22051
#CMD :smart_status
sbr{{
SMART_ASSIST: on
SMART_SWITCHING: on
SMART_DIRECTOR_AUTONOMY: off
SMART_HOOKS: on
SMART_CONFIDENCE_FLOOR: 0.080
SMART_APPLIED_MODE: 8
SMART_LAST_REQUESTED_MODE: 11
SMART_SWITCHES_IN_WINDOW: 1
SMART_MANUAL_OWNER_ACTIVE: 0
SMART_LAST_REASON: 0
SMART_STATE: 2
SMART_INTENT_MODE: 8
SMART_INTENT_CONFIDENCE: 0.185
SMART_INTENT_WANTS_SWITCH: 1
SMART_SCALAR_PHOTONS: 1.000
SMART_SCALAR_CHROMA: 1.000
SMART_SCALAR_MOOD: 1.000
SMART_AUDIO_NOVELTY: 0.1666
SMART_AUDIO_ENERGY: 0.3100
SMART_EVENT_ID: 41
SMART_EVENT_AGE_MS: 801
SMART_ONSET: 0
SMART_BASS_ONSET: 0
SMART_BEAT_CONFIDENCE: 0.000
}}
#TS_MS 24036
#CMD :smart_status
sbr{{
SMART_ASSIST: on
SMART_SWITCHING: on
SMART_DIRECTOR_AUTONOMY: off
SMART_HOOKS: on
SMART_CONFIDENCE_FLOOR: 0.080
SMART_APPLIED_MODE: 8
SMART_LAST_REQUESTED_MODE: 8
SMART_SWITCHES_IN_WINDOW: 1
SMART_MANUAL_OWNER_ACTIVE: 0
SMART_LAST_REASON: 0
SMART_STATE: 2
SMART_INTENT_MODE: 8
SMART_INTENT_CONFIDENCE: 0.187
SMART_INTENT_WANTS_SWITCH: 1
SMART_SCALAR_PHOTONS: 1.000
SMART_SCALAR_CHROMA: 1.000
SMART_SCALAR_MOOD: 1.000
SMART_AUDIO_NOVELTY: 0.1121
SMART_AUDIO_ENERGY: 0.3092
SMART_EVENT_ID: 44
SMART_EVENT_AGE_MS: 156
SMART_ONSET: 0
SMART_BASS_ONSET: 0
SMART_BEAT_CONFIDENCE: 0.000
}}
#TS_MS 26040
#CMD :smart_status
sbr{{
SMART_ASSIST: on
SMART_SWITCHING: on
SMART_DIRECTOR_AUTONOMY: off
SMART_HOOKS: on
SMART_CONFIDENCE_FLOOR: 0.080
SMART_APPLIED_MODE: 8
SMART_LAST_REQUESTED_MODE: 8
SMART_SWITCHES_IN_WINDOW: 1
SMART_MANUAL_OWNER_ACTIVE: 0
SMART_LAST_REASON: 0
SMART_STATE: 2
SMART_INTENT_MODE: 8
SMART_INTENT_CONFIDENCE: 0.176
SMART_INTENT_WANTS_SWITCH: 1
SMART_SCALAR_PHOTONS: 1.000
SMART_SCALAR_CHROMA: 1.000
SMART_SCALAR_MOOD: 1.000
SMART_AUDIO_NOVELTY: 0.2163
SMART_AUDIO_ENERGY: 0.2946
SMART_EVENT_ID: 47
SMART_EVENT_AGE_MS: 632
SMART_ONSET: 0
SMART_BASS_ONSET: 0
SMART_BEAT_CONFIDENCE: 0.000
}}
#TS_MS 28042
#CMD :smart_status
sbr{{
SMART_ASSIST: on
SMART_SWITCHING: on
SMART_DIRECTOR_AUTONOMY: off
SMART_HOOKS: on
SMART_CONFIDENCE_FLOOR: 0.080
SMART_APPLIED_MODE: 8
SMART_LAST_REQUESTED_MODE: 11
SMART_SWITCHES_IN_WINDOW: 1
SMART_MANUAL_OWNER_ACTIVE: 0
SMART_LAST_REASON: 0
SMART_STATE: 2
SMART_INTENT_MODE: 8
SMART_INTENT_CONFIDENCE: 0.184
SMART_INTENT_WANTS_SWITCH: 1
SMART_SCALAR_PHOTONS: 1.000
SMART_SCALAR_CHROMA: 1.000
SMART_SCALAR_MOOD: 1.000
SMART_AUDIO_NOVELTY: 0.1339
SMART_AUDIO_ENERGY: 0.3290
SMART_EVENT_ID: 52
SMART_EVENT_AGE_MS: 375
SMART_ONSET: 0
SMART_BASS_ONSET: 0
SMART_BEAT_CONFIDENCE: 0.000
}}
#CMD :smart_status
sbr{{
SMART_ASSIST: on
SMART_SWITCHING: on
SMART_DIRECTOR_AUTONOMY: off
SMART_HOOKS: on
SMART_CONFIDENCE_FLOOR: 0.080
SMART_APPLIED_MODE: 8
SMART_LAST_REQUESTED_MODE: 8
SMART_SWITCHES_IN_WINDOW: 1
SMART_MANUAL_OWNER_ACTIVE: 0
SMART_LAST_REASON: 0
SMART_STATE: 2
SMART_INTENT_MODE: 8
SMART_INTENT_CONFIDENCE: 0.185
SMART_INTENT_WANTS_SWITCH: 1
SMART_SCALAR_PHOTONS: 1.000
SMART_SCALAR_CHROMA: 1.000
SMART_SCALAR_MOOD: 1.000
SMART_AUDIO_NOVELTY: 0.2022
SMART_AUDIO_ENERGY: 0.3191
SMART_EVENT_ID: 56
SMART_EVENT_AGE_MS: 285
SMART_ONSET: 0
SMART_BASS_ONSET: 0
SMART_BEAT_CONFIDENCE: 0.000
}}
#CMD :edge_status
sbr{{
EDGE_ENABLED: on
EDGE_MODE: complementary
EDGE_STRENGTH: 0.350
}}
#CMD :ap_stream=off
sbr{{
AP_STREAM: off
}}
#RESTORE safe_runtime_state
#CMD :ap_stream=off
sbr{{
AP_STREAM: off
}}
#CMD :vp_stream=off
sbr{{
VP_STREAM: off
}}
#CMD :vpab=stop
sberr[[
Bad command: vpab=stop
]]
#CMD :vp_perf=stop
sbr{{
VP_PERF: disabled (compile with ENABLE_VP_PERF_AUDIT=1)
}}
#CMD :set_mode=3
sbr{{
CONFIG.LIGHTSHOW_MODE: 3
}}
#CMD :mood=0.250
sbr{{
CONFIG.MOOD: 0.250000
}}
#CMD :palette_mode=on
sbr{{
PALETTE_MODE: on
}}
#CMD :palette_index=29
sbr{{
PALETTE: 29 (BlacK_Blue_Magenta_White_gp)
}}
#CMD :secondary_enabled=true
sbr{{
SECONDARY_ENABLED: 1
}}
#CMD :secondary_control=false
sbr{{
SECONDARY_CONTROL: DISABLED (encoders control primary channel)
}}
#CMD :secondary_mode=7
sbr{{
SECONDARY_MODE: 7 (WAVEFORM-FAST)
}}
#CMD :secondary_palette_mode=true
sbr{{
SECONDARY_PALETTE_MODE_ENABLED: true
}}
#CMD :secondary_palette_index=24
sbr{{
SECONDARY_PALETTE_INDEX: 24 (fire_gp)
}}
#CMD :edge_enabled=off
sbr{{
EDGE_ENABLED: off
EDGE_MODE: complementary
EDGE_STRENGTH: 0.350
}}
#CMD :edge_mode=off
sbr{{
EDGE_ENABLED: off
EDGE_MODE: off
EDGE_STRENGTH: 0.350
}}
#CMD :edge_strength=0
sbr{{
EDGE_ENABLED: off
EDGE_MODE: off
EDGE_STRENGTH: 0.000
}}
#CMD :smart_hooks=off
sbr{{
SMART_ASSIST: on
SMART_SWITCHING: on
SMART_DIRECTOR_AUTONOMY: off
SMART_HOOKS: off
SMART_CONFIDENCE_FLOOR: 0.080
SMART_APPLIED_MODE: 3
SMART_LAST_REQUESTED_MODE: 8
SMART_SWITCHES_IN_WINDOW: 1
SMART_MANUAL_OWNER_ACTIVE: 1
SMART_LAST_REASON: 8
SMART_STATE: 2
SMART_INTENT_MODE: 8
SMART_INTENT_CONFIDENCE: 0.123
SMART_INTENT_WANTS_SWITCH: 1
SMART_SCALAR_PHOTONS: 1.000
SMART_SCALAR_CHROMA: 1.000
SMART_SCALAR_MOOD: 1.000
SMART_AUDIO_NOVELTY: 0.0459
SMART_AUDIO_ENERGY: 0.2031
SMART_EVENT_ID: 67
SMART_EVENT_AGE_MS: 106
SMART_ONSET: 0
SMART_BASS_ONSET: 0
SMART_BEAT_CONFIDENCE: 0.000
}}
#CMD :smart_switching=off
sbr{{
SMART_ASSIST: on
SMART_SWITCHING: off
SMART_DIRECTOR_AUTONOMY: off
SMART_HOOKS: off
SMART_CONFIDENCE_FLOOR: 0.080
SMART_APPLIED_MODE: 3
SMART_LAST_REQUESTED_MODE: 3
SMART_SWITCHES_IN_WINDOW: 0
SMART_MANUAL_OWNER_ACTIVE: 1
SMART_LAST_REASON: 0
SMART_STATE: 1
SMART_INTENT_MODE: 3
SMART_INTENT_CONFIDENCE: 0.063
SMART_INTENT_WANTS_SWITCH: 0
SMART_SCALAR_PHOTONS: 0.860
SMART_SCALAR_CHROMA: 0.920
SMART_SCALAR_MOOD: 1.000
SMART_AUDIO_NOVELTY: 0.0454
SMART_AUDIO_ENERGY: 0.0690
SMART_EVENT_ID: 67
SMART_EVENT_AGE_MS: 496
SMART_ONSET: 0
SMART_BASS_ONSET: 0
SMART_BEAT_CONFIDENCE: 0.000
}}
#CMD :smart_assist=off
sbr{{
SMART_ASSIST: off
SMART_SWITCHING: off
SMART_DIRECTOR_AUTONOMY: off
SMART_HOOKS: off
SMART_CONFIDENCE_FLOOR: 0.080
SMART_APPLIED_MODE: 3
SMART_LAST_REQUESTED_MODE: 3
SMART_SWITCHES_IN_WINDOW: 0
SMART_MANUAL_OWNER_ACTIVE: 1
SMART_LAST_REASON: 0
SMART_STATE: 2
SMART_INTENT_MODE: 8
SMART_INTENT_CONFIDENCE: 0.078
SMART_INTENT_WANTS_SWITCH: 0
SMART_SCALAR_PHOTONS: 1.000
SMART_SCALAR_CHROMA: 1.000
SMART_SCALAR_MOOD: 1.000
SMART_AUDIO_NOVELTY: 0.0699
SMART_AUDIO_ENERGY: 0.1109
SMART_EVENT_ID: 67
SMART_EVENT_AGE_MS: 898
SMART_ONSET: 0
SMART_BASS_ONSET: 0
SMART_BEAT_CONFIDENCE: 0.000
}}
#CMD :smart_confidence_floor=0.080
sbr{{
SMART_ASSIST: off
SMART_SWITCHING: off
SMART_DIRECTOR_AUTONOMY: off
SMART_HOOKS: off
SMART_CONFIDENCE_FLOOR: 0.080
SMART_APPLIED_MODE: 3
SMART_LAST_REQUESTED_MODE: 3
SMART_SWITCHES_IN_WINDOW: 0
SMART_MANUAL_OWNER_ACTIVE: 1
SMART_LAST_REASON: 0
SMART_STATE: 2
SMART_INTENT_MODE: 8
SMART_INTENT_CONFIDENCE: 0.078
SMART_INTENT_WANTS_SWITCH: 0
SMART_SCALAR_PHOTONS: 1.000
SMART_SCALAR_CHROMA: 1.000
SMART_SCALAR_MOOD: 1.000
SMART_AUDIO_NOVELTY: 0.0699
SMART_AUDIO_ENERGY: 0.1109
SMART_EVENT_ID: 67
SMART_EVENT_AGE_MS: 898
SMART_ONSET: 0
SMART_BASS_ONSET: 0
SMART_BEAT_CONFIDENCE: 0.000
}}
#CMD :smart_status
sbr{{
SMART_ASSIST: off
SMART_SWITCHING: off
SMART_DIRECTOR_AUTONOMY: off
SMART_HOOKS: off
SMART_CONFIDENCE_FLOOR: 0.080
SMART_APPLIED_MODE: 3
SMART_LAST_REQUESTED_MODE: 3
SMART_SWITCHES_IN_WINDOW: 0
SMART_MANUAL_OWNER_ACTIVE: 1
SMART_LAST_REASON: 0
SMART_STATE: 2
SMART_INTENT_MODE: 8
SMART_INTENT_CONFIDENCE: 0.078
SMART_INTENT_WANTS_SWITCH: 0
SMART_SCALAR_PHOTONS: 1.000
SMART_SCALAR_CHROMA: 1.000
SMART_SCALAR_MOOD: 1.000
SMART_AUDIO_NOVELTY: 0.0699
SMART_AUDIO_ENERGY: 0.1109
SMART_EVENT_ID: 67
SMART_EVENT_AGE_MS: 898
SMART_ONSET: 0
SMART_BASS_ONSET: 0
SMART_BEAT_CONFIDENCE: 0.000
}}
#CMD :edge_status
sbr{{
EDGE_ENABLED: off
EDGE_MODE: off
EDGE_STRENGTH: 0.000
}}
