[1781095641.792] #DEVICE role=main-k1 name=main-1401 port=/dev/cu.usbmodem1401 expected_chip_id=F887A500 env=k1_hardware
[1781095641.792] >>> :version
[1781095641.793] sbr{{
[1781095641.793] VERSION: 40103
[1781095641.793] }}
[1781095642.595] >>> :chip_id
[1781095642.603] sbr{{
[1781095642.603] F887A500
[1781095642.603] }}
[1781095644.277] [K1WS] client 0 state.get id=107
[1781095647.009] >>> :stop
[1781095647.014] SBOK
[1781095647.913] >>> :vp_stream=off
[1781095647.923] sbr{{
[1781095647.923] VP_STREAM: off
[1781095647.923] }}
[1781095648.821] >>> :ap_stream=off
[1781095648.824] sbr{{
[1781095648.824] AP_STREAM: off
[1781095648.825] }}
[1781095649.330] [K1WS] client 0 state.get id=108
[1781095649.726] >>> :set_mode=18
[1781095649.734] sbr{{
[1781095649.734] CONFIG.LIGHTSHOW_MODE: 18
[1781095649.734] }}
[1781095650.631] >>> :smart_scene=off
[1781095650.633] sbr{{
[1781095650.633] SMART_ASSIST: off
[1781095650.633] SMART_SWITCHING: off
[1781095650.633] SMART_DIRECTOR_AUTONOMY: off
[1781095650.633] SMART_HOOKS: off
[1781095650.633] SMART_CONFIDENCE_FLOOR: 0.080
[1781095650.634] SMART_APPLIED_MODE: 18
[1781095650.634] SMART_LAST_REQUESTED_MODE: 18
[1781095650.634] SMART_SWITCHES_IN_WINDOW: 0
[1781095650.634] SMART_MANUAL_OWNER_ACTIVE: 0
[1781095650.634] SMART_LAST_REASON: 0
[1781095650.634] SMART_STATE: 2
[1781095650.634] SMART_INTENT_MODE: 14
[1781095650.634] SMART_INTENT_CONFIDENCE: 0.104
[1781095650.634] SMART_INTENT_WANTS_SWITCH: 1
[1781095650.634] SMART_SCALAR_PHOTONS: 1.000
[1781095650.634] SMART_SCALAR_CHROMA: 1.000
[1781095650.635] SMART_SCALAR_MOOD: 1.000
[1781095650.635] SMART_SCALAR_SATURATION: 1.000
[1781095650.635] SMART_PALETTE_OVERLAY: 0
[1781095650.635] SMART_PALETTE_INDEX: 29
[1781095650.635] SMART_AUTO_COLOUR_SHIFT: 0
[1781095650.635] SMART_MIN_DWELL_MS: 8000
[1781095650.635] SMART_COOLDOWN_MS: 20000
[1781095650.635] SMART_SWITCH_WINDOW_MS: 60000
[1781095650.635] SMART_MAX_SWITCHES: 2
[1781095650.636] SMART_AUDIO_NOVELTY: 0.0748
[1781095650.636] SMART_AUDIO_ENERGY: 0.1738
[1781095650.636] SMART_EVENT_ID: 758
[1781095650.636] SMART_EVENT_AGE_MS: 39739
[1781095650.636] SMART_ONSET: 0
[1781095650.636] SMART_BASS_ONSET: 0
[1781095650.636] SMART_BEAT_CONFIDENCE: 0.000
[1781095650.637] }}
[1781095650.637] sbr{{
[1781095650.637] EDGE_ENABLED: off
[1781095650.637] EDGE_MODE: off
[1781095650.637] EDGE_STRENGTH: 0.000
[1781095650.637] }}
[1781095651.539] >>> :dump
[1781095651.549] sbr{{
[1781095651.549] FIRMWARE_VERSION: 40103
[1781095651.549] CHIP ID: F887A500
[1781095651.549] noise_button.pressed: 0
[1781095651.549] noise_button.last_down: 0
[1781095651.549] noise_button.last_up: 0
[1781095651.549] noise_button.pin: 255
[1781095651.549] mode_button.pressed: 0
[1781095651.549] mode_button.last_down: 0
[1781095651.550] mode_button.last_up: 0
[1781095651.550] mode_button.pin: 255
[1781095651.550] CONFIG.PHOTONS: 0.960000
[1781095651.550] CONFIG.CHROMA: 0.610000
[1781095651.551] CONFIG.MOOD: 0.640000
[1781095651.551] CONFIG.LIGHTSHOW_MODE: 18
[1781095651.551] CONFIG.MIRROR_ENABLED: 1
[1781095651.551] CONFIG.CHROMAGRAM_RANGE: 60
[1781095651.551] CONFIG.SAMPLE_RATE: 12800
[1781095651.551] CONFIG.NOTE_OFFSET: 12
[1781095651.551] CONFIG.SQUARE_ITER: 1.00
[1781095651.551] CONFIG.LED_TYPE: 0
[1781095651.551] CONFIG.LED_COUNT: 160
[1781095651.552] CONFIG.LED_COLOR_ORDER: 66
[1781095651.552] CONFIG.SAMPLES_PER_CHUNK: 96
[1781095651.552] CONFIG.SENSITIVITY: 2.400000
[1781095651.552] CONFIG.BOOT_ANIMATION: 1
[1781095651.552] CONFIG.SWEET_SPOT_MIN_LEVEL: 259
[1781095651.552] CONFIG.SWEET_SPOT_MAX_LEVEL: 30000
[1781095651.552] CONFIG.DC_OFFSET: -4994
[1781095651.552] CAL_SOURCE: config
[1781095651.552] CAL_VALID: 1
[1781095651.552] CAL_PROFILE_LOADED: 0
[1781095651.552] CONFIG.STANDBY_DIMMING: 0
[1781095651.552] CONFIG.REVERSE_ORDER: 0
[1781095651.553] CONFIG.MAX_CURRENT_MA: 1500
[1781095651.553] CONFIG.TEMPORAL_DITHERING: 1
[1781095651.553] CONFIG.AUTO_COLOR_SHIFT: 0
[1781095651.553] CONFIG.INCANDESCENT_FILTER: 0.00
[1781095651.553] CONFIG.INCANDESCENT_MODE: 0
[1781095651.553] CONFIG.BULB_OPACITY: 0.00
[1781095651.553] CONFIG.SATURATION: 1.00
[1781095651.553] CONFIG.PRISM_COUNT: 1.00
[1781095651.553] CONFIG.BASE_COAT: 1
[1781095651.553] CONFIG.BASE_COAT_INTENSITY: 0.100
[1781095651.553] MASTER_BRIGHTNESS: 1.00
[1781095651.553] stream_audio: 0
[1781095651.554] stream_fps: 0
[1781095651.554] stream_max_mags: 0
[1781095651.554] stream_max_mags_followers: 0
[1781095651.554] stream_magnitudes: 0
[1781095651.554] stream_spectrogram: 0
[1781095651.554] stream_chromagram: 0
[1781095651.554] debug_mode: 0
[1781095651.554] noise_complete: 1
[1781095651.554] noise_iterations: 0
[1781095651.554] next_save_time: 1033439
[1781095651.554] settings_updated: 1
[1781095651.554] I2S_PORT: 0
[1781095651.554] SAMPLE_HISTORY_LENGTH: 4096
[1781095651.554] silence: 0
[1781095651.554] mode_destination: -1
[1781095651.555] SYSTEM_FPS: 148.24
[1781095651.555] LED_FPS: 201.75
[1781095651.555] }}
[1781095652.445] >>> :smart_status
[1781095652.446] sbr{{
[1781095652.446] SMART_ASSIST: off
[1781095652.446] SMART_SWITCHING: off
[1781095652.446] SMART_DIRECTOR_AUTONOMY: off
[1781095652.446] SMART_HOOKS: off
[1781095652.446] SMART_CONFIDENCE_FLOOR: 0.080
[1781095652.446] SMART_APPLIED_MODE: 18
[1781095652.447] SMART_LAST_REQUESTED_MODE: 18
[1781095652.447] SMART_SWITCHES_IN_WINDOW: 0
[1781095652.447] SMART_MANUAL_OWNER_ACTIVE: 0
[1781095652.447] SMART_LAST_REASON: 0
[1781095652.447] SMART_STATE: 2
[1781095652.447] SMART_INTENT_MODE: 14
[1781095652.447] SMART_INTENT_CONFIDENCE: 0.104
[1781095652.447] SMART_INTENT_WANTS_SWITCH: 1
[1781095652.447] SMART_SCALAR_PHOTONS: 1.000
[1781095652.447] SMART_SCALAR_CHROMA: 1.000
[1781095652.448] SMART_SCALAR_MOOD: 1.000
[1781095652.448] SMART_SCALAR_SATURATION: 1.000
[1781095652.448] SMART_PALETTE_OVERLAY: 0
[1781095652.448] SMART_PALETTE_INDEX: 29
[1781095652.448] SMART_AUTO_COLOUR_SHIFT: 0
[1781095652.448] SMART_MIN_DWELL_MS: 8000
[1781095652.448] SMART_COOLDOWN_MS: 20000
[1781095652.448] SMART_SWITCH_WINDOW_MS: 60000
[1781095652.448] SMART_MAX_SWITCHES: 2
[1781095652.448] SMART_AUDIO_NOVELTY: 0.0103
[1781095652.448] SMART_AUDIO_ENERGY: 0.0188
[1781095652.449] SMART_EVENT_ID: 758
[1781095652.449] SMART_EVENT_AGE_MS: 41552
[1781095652.449] SMART_ONSET: 0
[1781095652.449] SMART_BASS_ONSET: 0
[1781095652.449] SMART_BEAT_CONFIDENCE: 0.000
[1781095652.449] }}
[1781095653.352] >>> :vp_status
[1781095653.363] sbr{{
[1781095653.363] VP_PROFILE: candidate
[1781095653.363] VP_FIXES: agc_soft=on chroma_gate=on prism_off=on bloom_decay=off hsv_source_sat=on secondary_clean=on
[1781095653.363] VP_STREAM: off
[1781095653.363] AP_STREAM: off
[1781095653.363] VP_BLOOM: alpha=0.9900 shift=1.0000 force_sat=on
[1781095653.365] VP_WAVEFORM: idle_fade=0.9850 raw_margin=1.1000 peak_floor=0.0800 active_fade=0.0400 blend_gain=2.0000 fallback=1.0000 vu_floor=0.0200 shift_rate=120.0000
[1781095653.367] VP_CHROMA: seq=207405 range=60 profile=0 gate_gain=1.0000 pre_max=0.3035 pre_mean=0.1644 norm_max=0.6203 norm_mean=0.3361 flatness=0.2841 final_max=0.5203 final_mean=0.2361
[1781095653.367] VP_AGC: gain=0.2641 envelope=1.0159 floor=0.0010 gated=false
[1781095653.367] VP_RENDER_US: last=626 avg=597 max=2292
[1781095653.367] }}
[1781095654.261] >>> :vp_perf=status
[1781095654.266] sbr{{
[1781095654.266] VP_PERF: disabled (compile with ENABLE_VP_PERF_AUDIT=1)
[1781095654.266] }}
[1781095655.162] >>> :ap_stream=on
[1781095655.168] [K1WS] client 0 state.get id=109
[1781095655.168] sbr{{
[1781095655.168] AP_STREAM: on
[1781095655.168] }}
[1781095655.765] >>> :vp_stream=on
[1781095655.767] [AP] SSL=259 DC=-4994 max_raw=914 follower=1392 peak_scaled=0.371 silent_scale=1.000 silence=0 cal_source=config cal_valid=1 | bpm=107.0 conf=0.00 lock=0 phase=0.97 beat=0 bstr=0.00 | onset=0 bass=0 ostr=0.00
[1781095655.767] sbr{{
[1781095655.767] VP_STREAM: on
[1781095655.767] }}
[1781095655.775] [VP] profile=candidate fix=111011 chroma_seq=207881 chroma_flatness=0.5024 chroma_norm_max=1.0943 chroma_norm_mean=0.5919 chroma_final_max=0.9943 chroma_final_mean=0.4919 agc_gain=0.4566 bloom_alpha=0.9900 bloom_shift=1.0000 wave_idle=0.9850 wave_raw_margin=1.1000 wave_peak_floor=0.0800 wave_vu_floor=0.0200 wave_shift=120.0000 render_us=585 render_avg=600 render_max=2292
[1781095656.174] [AP] SSL=259 DC=-4994 max_raw=1282 follower=1598 peak_scaled=0.689 silent_scale=1.000 silence=0 cal_source=config cal_valid=1 | bpm=107.0 conf=0.00 lock=0 phase=0.78 beat=0 bstr=0.00 | onset=0 bass=0 ostr=0.00
[1781095656.368] >>> :vp_perf=reset
[1781095656.375] sbr{{
[1781095656.375] VP_PERF: disabled (compile with ENABLE_VP_PERF_AUDIT=1)
[1781095656.375] }}
[1781095656.780] [VP] profile=candidate fix=111011 chroma_seq=208083 chroma_flatness=0.3861 chroma_norm_max=1.1480 chroma_norm_mean=0.7619 chroma_final_max=1.0000 chroma_final_mean=0.6579 agc_gain=0.4971 bloom_alpha=0.9900 bloom_shift=1.0000 wave_idle=0.9850 wave_raw_margin=1.1000 wave_peak_floor=0.0800 wave_vu_floor=0.0200 wave_shift=120.0000 render_us=678 render_avg=618 render_max=2292
[1781095656.975] >>> :vp_perf=start
[1781095656.978] sbr{{
[1781095656.978] VP_PERF: disabled (compile with ENABLE_VP_PERF_AUDIT=1)
[1781095656.978] }}
[1781095657.187] [AP] SSL=259 DC=-4994 max_raw=1039 follower=1669 peak_scaled=0.594 silent_scale=1.000 silence=0 cal_source=config cal_valid=1 | bpm=107.0 conf=0.00 lock=0 phase=0.58 beat=0 bstr=0.00 | onset=0 bass=0 ostr=0.00
[1781095657.581] >>> :smart_status
[1781095657.587] sbr{{
[1781095657.587] SMART_ASSIST: off
[1781095657.587] SMART_SWITCHING: off
[1781095657.588] SMART_DIRECTOR_AUTONOMY: off
[1781095657.588] SMART_HOOKS: off
[1781095657.588] SMART_CONFIDENCE_FLOOR: 0.080
[1781095657.588] SMART_APPLIED_MODE: 18
[1781095657.588] SMART_LAST_REQUESTED_MODE: 18
[1781095657.588] SMART_SWITCHES_IN_WINDOW: 0
[1781095657.588] SMART_MANUAL_OWNER_ACTIVE: 0
[1781095657.588] SMART_LAST_REASON: 0
[1781095657.588] SMART_STATE: 2
[1781095657.588] SMART_INTENT_MODE: 14
[1781095657.588] SMART_INTENT_CONFIDENCE: 0.104
[1781095657.588] SMART_INTENT_WANTS_SWITCH: 1
[1781095657.589] SMART_SCALAR_PHOTONS: 1.000
[1781095657.589] SMART_SCALAR_CHROMA: 1.000
[1781095657.589] SMART_SCALAR_MOOD: 1.000
[1781095657.589] SMART_SCALAR_SATURATION: 1.000
[1781095657.589] SMART_PALETTE_OVERLAY: 0
[1781095657.590] SMART_PALETTE_INDEX: 29
[1781095657.590] SMART_AUTO_COLOUR_SHIFT: 0
[1781095657.590] SMART_MIN_DWELL_MS: 8000
[1781095657.590] SMART_COOLDOWN_MS: 20000
[1781095657.590] SMART_SWITCH_WINDOW_MS: 60000
[1781095657.590] SMART_MAX_SWITCHES: 2
[1781095657.590] SMART_AUDIO_NOVELTY: 0.1436
[1781095657.591] SMART_AUDIO_ENERGY: 0.1953
[1781095657.591] SMART_EVENT_ID: 758
[1781095657.591] SMART_EVENT_AGE_MS: 46699
[1781095657.591] SMART_ONSET: 0
[1781095657.591] SMART_BASS_ONSET: 0
[1781095657.591] SMART_BEAT_CONFIDENCE: 0.000
[1781095657.591] }}
[1781095657.782] [VP] profile=candidate fix=111011 chroma_seq=208284 chroma_flatness=0.5683 chroma_norm_max=0.9142 chroma_norm_mean=0.3459 chroma_final_max=0.8142 chroma_final_mean=0.2635 agc_gain=0.4647 bloom_alpha=0.9900 bloom_shift=1.0000 wave_idle=0.9850 wave_raw_margin=1.1000 wave_peak_floor=0.0800 wave_vu_floor=0.0200 wave_shift=120.0000 render_us=625 render_avg=599 render_max=2292
[1781095658.194] [AP] SSL=259 DC=-4994 max_raw=1301 follower=1813 peak_scaled=0.604 silent_scale=1.000 silence=0 cal_source=config cal_valid=1 | bpm=107.0 conf=0.00 lock=0 phase=0.36 beat=0 bstr=0.00 | onset=0 bass=0 ostr=0.00
[1781095658.787] [VP] profile=candidate fix=111011 chroma_seq=208486 chroma_flatness=0.5668 chroma_norm_max=0.9963 chroma_norm_mean=0.4295 chroma_final_max=0.8963 chroma_final_mean=0.3471 agc_gain=0.4203 bloom_alpha=0.9900 bloom_shift=1.0000 wave_idle=0.9850 wave_raw_margin=1.1000 wave_peak_floor=0.0800 wave_vu_floor=0.0200 wave_shift=120.0000 render_us=575 render_avg=609 render_max=2292
[1781095659.199] [AP] SSL=259 DC=-4994 max_raw=1080 follower=1361 peak_scaled=0.470 silent_scale=1.000 silence=0 cal_source=config cal_valid=1 | bpm=107.0 conf=0.00 lock=0 phase=0.15 beat=0 bstr=0.00 | onset=0 bass=0 ostr=0.00
[1781095659.414] [K1WS] client 0 state.get id=110
[1781095659.785] [VP] profile=candidate fix=111011 chroma_seq=208687 chroma_flatness=0.6526 chroma_norm_max=0.9839 chroma_norm_mean=0.3313 chroma_final_max=0.8840 chroma_final_mean=0.2507 agc_gain=0.6823 bloom_alpha=0.9900 bloom_shift=1.0000 wave_idle=0.9850 wave_raw_margin=1.1000 wave_peak_floor=0.0800 wave_vu_floor=0.0200 wave_shift=120.0000 render_us=565 render_avg=602 render_max=2292
[1781095660.207] [AP] SSL=259 DC=-4994 max_raw=1140 follower=1082 peak_scaled=0.692 silent_scale=1.000 silence=0 cal_source=config cal_valid=1 | bpm=107.0 conf=0.00 lock=0 phase=0.97 beat=0 bstr=0.00 | onset=0 bass=0 ostr=0.00
[1781095660.790] [VP] profile=candidate fix=111011 chroma_seq=208889 chroma_flatness=0.3758 chroma_norm_max=1.0968 chroma_norm_mean=0.7210 chroma_final_max=0.9968 chroma_final_mean=0.6210 agc_gain=0.8989 bloom_alpha=0.9900 bloom_shift=1.0000 wave_idle=0.9850 wave_raw_margin=1.1000 wave_peak_floor=0.0800 wave_vu_floor=0.0200 wave_shift=120.0000 render_us=552 render_avg=582 render_max=2292
[1781095661.210] [AP] SSL=259 DC=-4994 max_raw=838 follower=984 peak_scaled=0.472 silent_scale=1.000 silence=0 cal_source=config cal_valid=1 | bpm=107.0 conf=0.00 lock=0 phase=0.75 beat=0 bstr=0.00 | onset=0 bass=0 ostr=0.00
[1781095661.798] [VP] profile=candidate fix=111011 chroma_seq=209092 chroma_flatness=0.3442 chroma_norm_max=0.4597 chroma_norm_mean=0.1155 chroma_final_max=0.3597 chroma_final_mean=0.0843 agc_gain=1.0806 bloom_alpha=0.9900 bloom_shift=1.0000 wave_idle=0.9850 wave_raw_margin=1.1000 wave_peak_floor=0.0800 wave_vu_floor=0.0200 wave_shift=120.0000 render_us=578 render_avg=599 render_max=2292
[1781095662.223] [AP] SSL=259 DC=-4994 max_raw=288 follower=1009 peak_scaled=0.068 silent_scale=1.000 silence=0 cal_source=config cal_valid=1 | bpm=107.0 conf=0.00 lock=0 phase=0.56 beat=0 bstr=0.00 | onset=0 bass=0 ostr=0.00
[1781095662.802] [VP] profile=candidate fix=111011 chroma_seq=209294 chroma_flatness=0.2718 chroma_norm_max=0.6460 chroma_norm_mean=0.3742 chroma_final_max=0.5236 chroma_final_mean=0.2752 agc_gain=0.8881 bloom_alpha=0.9900 bloom_shift=1.0000 wave_idle=0.9850 wave_raw_margin=1.1000 wave_peak_floor=0.0800 wave_vu_floor=0.0200 wave_shift=120.0000 render_us=641 render_avg=607 render_max=2292
[1781095663.204] >>> :smart_status
[1781095663.213] sbr{{
[1781095663.214] SMART_ASSIST: off
[1781095663.214] SMART_SWITCHING: off
[1781095663.214] SMART_DIRECTOR_AUTONOMY: off
[1781095663.214] SMART_HOOKS: off
[1781095663.214] SMART_CONFIDENCE_FLOOR: 0.080
[1781095663.214] SMART_APPLIED_MODE: 18
[1781095663.214] SMART_LAST_REQUESTED_MODE: 18
[1781095663.214] SMART_SWITCHES_IN_WINDOW: 0
[1781095663.214] SMART_MANUAL_OWNER_ACTIVE: 0
[1781095663.214] SMART_LAST_REASON: 0
[1781095663.215] SMART_STATE: 2
[1781095663.215] SMART_INTENT_MODE: 14
[1781095663.215] SMART_INTENT_CONFIDENCE: 0.104
[1781095663.215] SMART_INTENT_WANTS_SWITCH: 1
[1781095663.215] SMART_SCALAR_PHOTONS: 1.000
[1781095663.215] SMART_SCALAR_CHROMA: 1.000
[1781095663.215] SMART_SCALAR_MOOD: 1.000
[1781095663.216] SMART_SCALAR_SATURATION: 1.000
[1781095663.216] SMART_PALETTE_OVERLAY: 0
[1781095663.216] SMART_PALETTE_INDEX: 29
[1781095663.216] SMART_AUTO_COLOUR_SHIFT: 0
[1781095663.216] SMART_MIN_DWELL_MS: 8000
[1781095663.216] SMART_COOLDOWN_MS: 20000
[1781095663.216] SMART_SWITCH_WINDOW_MS: 60000
[1781095663.216] SMART_MAX_SWITCHES: 2
[1781095663.216] SMART_AUDIO_NOVELTY: 0.0752
[1781095663.217] SMART_AUDIO_ENERGY: 0.1692
[1781095663.217] SMART_EVENT_ID: 758
[1781095663.217] SMART_EVENT_AGE_MS: 52319
[1781095663.217] SMART_ONSET: 0
[1781095663.217] SMART_BASS_ONSET: 0
[1781095663.217] SMART_BEAT_CONFIDENCE: 0.000
[1781095663.217] }}
[1781095663.226] [AP] SSL=259 DC=-4994 max_raw=713 follower=1151 peak_scaled=0.435 silent_scale=1.000 silence=0 cal_source=config cal_valid=1 | bpm=107.0 conf=0.00 lock=0 phase=0.33 beat=0 bstr=0.00 | onset=0 bass=0 ostr=0.00
[1781095663.803] [VP] profile=candidate fix=111011 chroma_seq=209495 chroma_flatness=0.4926 chroma_norm_max=0.8743 chroma_norm_mean=0.3817 chroma_final_max=0.7743 chroma_final_mean=0.2931 agc_gain=0.6581 bloom_alpha=0.9900 bloom_shift=1.0000 wave_idle=0.9850 wave_raw_margin=1.1000 wave_peak_floor=0.0800 wave_vu_floor=0.0200 wave_shift=120.0000 render_us=593 render_avg=595 render_max=2292
[1781095664.229] [AP] SSL=259 DC=-4994 max_raw=1034 follower=1131 peak_scaled=0.815 silent_scale=1.000 silence=0 cal_source=config cal_valid=1 | bpm=107.0 conf=0.00 lock=0 phase=0.14 beat=0 bstr=0.00 | onset=0 bass=0 ostr=0.00
[1781095664.452] [K1WS] client 0 state.get id=111
[1781095664.807] [VP] profile=candidate fix=111011 chroma_seq=209697 chroma_flatness=0.1401 chroma_norm_max=0.3093 chroma_norm_mean=0.1692 chroma_final_max=0.0629 chroma_final_mean=0.0537 agc_gain=0.3787 bloom_alpha=0.9900 bloom_shift=1.0000 wave_idle=0.9850 wave_raw_margin=1.1000 wave_peak_floor=0.0800 wave_vu_floor=0.0200 wave_shift=120.0000 render_us=601 render_avg=592 render_max=2292
[1781095665.233] [AP] SSL=259 DC=-4994 max_raw=1186 follower=1055 peak_scaled=0.694 silent_scale=1.000 silence=0 cal_source=config cal_valid=1 | bpm=107.0 conf=0.00 lock=0 phase=0.92 beat=0 bstr=0.00 | onset=0 bass=0 ostr=0.00
[1781095665.809] [VP] profile=candidate fix=111011 chroma_seq=209899 chroma_flatness=0.3028 chroma_norm_max=0.4025 chroma_norm_mean=0.0996 chroma_final_max=0.3025 chroma_final_mean=0.0557 agc_gain=0.9075 bloom_alpha=0.9900 bloom_shift=1.0000 wave_idle=0.9850 wave_raw_margin=1.1000 wave_peak_floor=0.0800 wave_vu_floor=0.0200 wave_shift=120.0000 render_us=572 render_avg=605 render_max=2292
[1781095666.236] [AP] SSL=259 DC=-4994 max_raw=314 follower=1031 peak_scaled=0.059 silent_scale=1.000 silence=0 cal_source=config cal_valid=1 | bpm=107.0 conf=0.00 lock=0 phase=0.71 beat=0 bstr=0.00 | onset=0 bass=0 ostr=0.00
[1781095666.811] [VP] profile=candidate fix=111011 chroma_seq=210101 chroma_flatness=0.3100 chroma_norm_max=0.6019 chroma_norm_mean=0.2919 chroma_final_max=0.5019 chroma_final_mean=0.2094 agc_gain=0.6249 bloom_alpha=0.9900 bloom_shift=1.0000 wave_idle=0.9850 wave_raw_margin=1.1000 wave_peak_floor=0.0800 wave_vu_floor=0.0200 wave_shift=120.0000 render_us=552 render_avg=597 render_max=2292
[1781095667.243] [AP] SSL=259 DC=-4994 max_raw=1694 follower=1478 peak_scaled=0.800 silent_scale=1.000 silence=0 cal_source=config cal_valid=1 | bpm=107.0 conf=0.00 lock=0 phase=0.51 beat=0 bstr=0.00 | onset=0 bass=0 ostr=0.00
[1781095667.818] [VP] profile=candidate fix=111011 chroma_seq=210304 chroma_flatness=0.6855 chroma_norm_max=1.1211 chroma_norm_mean=0.4356 chroma_final_max=1.0000 chroma_final_mean=0.3395 agc_gain=0.4839 bloom_alpha=0.9900 bloom_shift=1.0000 wave_idle=0.9850 wave_raw_margin=1.1000 wave_peak_floor=0.0800 wave_vu_floor=0.0200 wave_shift=120.0000 render_us=597 render_avg=595 render_max=2292
[1781095668.218] >>> :smart_status
[1781095668.228] sbr{{
[1781095668.228] SMART_ASSIST: off
[1781095668.228] SMART_SWITCHING: off
[1781095668.229] SMART_DIRECTOR_AUTONOMY: off
[1781095668.229] SMART_HOOKS: off
[1781095668.229] SMART_CONFIDENCE_FLOOR: 0.080
[1781095668.229] SMART_APPLIED_MODE: 18
[1781095668.229] SMART_LAST_REQUESTED_MODE: 18
[1781095668.229] SMART_SWITCHES_IN_WINDOW: 0
[1781095668.229] SMART_MANUAL_OWNER_ACTIVE: 0
[1781095668.229] SMART_LAST_REASON: 0
[1781095668.229] SMART_STATE: 2
[1781095668.229] SMART_INTENT_MODE: 14
[1781095668.229] SMART_INTENT_CONFIDENCE: 0.104
[1781095668.229] SMART_INTENT_WANTS_SWITCH: 1
[1781095668.230] SMART_SCALAR_PHOTONS: 1.000
[1781095668.230] SMART_SCALAR_CHROMA: 1.000
[1781095668.230] SMART_SCALAR_MOOD: 1.000
[1781095668.230] SMART_SCALAR_SATURATION: 1.000
[1781095668.230] SMART_PALETTE_OVERLAY: 0
[1781095668.230] SMART_PALETTE_INDEX: 29
[1781095668.231] SMART_AUTO_COLOUR_SHIFT: 0
[1781095668.231] SMART_MIN_DWELL_MS: 8000
[1781095668.231] SMART_COOLDOWN_MS: 20000
[1781095668.231] SMART_SWITCH_WINDOW_MS: 60000
[1781095668.231] SMART_MAX_SWITCHES: 2
[1781095668.231] SMART_AUDIO_NOVELTY: 0.0965
[1781095668.231] SMART_AUDIO_ENERGY: 0.1561
[1781095668.231] SMART_EVENT_ID: 758
[1781095668.232] SMART_EVENT_AGE_MS: 57333
[1781095668.232] SMART_ONSET: 0
[1781095668.232] SMART_BASS_ONSET: 0
[1781095668.232] SMART_BEAT_CONFIDENCE: 0.000
[1781095668.232] }}
[1781095668.246] [AP] SSL=259 DC=-4994 max_raw=701 follower=1200 peak_scaled=0.649 silent_scale=1.000 silence=0 cal_source=config cal_valid=1 | bpm=107.0 conf=0.00 lock=0 phase=0.28 beat=0 bstr=0.00 | onset=0 bass=0 ostr=0.00
[1781095668.270] >>> :ap_stream=off
[1781095668.279] sbr{{
[1781095668.279] AP_STREAM: off
[1781095668.279] }}
[1781095668.425] >>> :vp_stream=off
[1781095668.428] sbr{{
[1781095668.429] VP_STREAM: off
[1781095668.429] }}
[1781095668.579] >>> :vp_perf=stop
[1781095668.586] sbr{{
[1781095668.587] VP_PERF: disabled (compile with ENABLE_VP_PERF_AUDIT=1)
[1781095668.587] }}
[1781095668.734] >>> :stop
[1781095668.735] SBOK
