[1781106652.531] #DEVICE role=main-k1 name=main-1401 port=/dev/tty.usbmodem1401 expected_chip_id=F887A500 env=k1_hardware
[1781106652.531] >>> :version
[1781106652.532] =0 bass=0 ostr=0.00
[1781106652.532] [AP] SSL=259 DC=-4994 max_raw=461 follower=279 peak_scaled=0.779 silent_scale=1.000 silence=0 cal_source=config cal_valid=1 | bpm=108.0 conf=0.00 lock=0 phase=0.56 beat=0 bstr=0.00 | onset=0 bass=0 ostr=0.00
[1781106652.532] [AP] SSL=259 DC=-4994 max_raw=461 follower=259 peak_scaled=0.738 silent_scale=1.000 silence=0 cal_source=config cal_valid=1 | bpm=108.0 conf=0.00 lock=0 phase=0.39 beat=0 bstr=0.00 | onset=0 bass=0 ostr=0.00
[1781106652.533] [AP] SSL=259 DC=-4994 max_raw=502 follower=260 peak_scaled=0.876 silent_scale=1.000 silence=0 cal_source=config cal_valid=1 | bpm=108.0 conf=0.00 lock=0 phase=0.21 beat=0 bstr=0.00 | onset=0 bass=0 ostr=0.00
[1781106652.533] [AP] SSL=259 DC=-4994 max_raw=406 follower=267 peak_scaled=0.722 silent_scale=1.000 silence=0 cal_source=config cal_valid=1 | bpm=108.0 conf=0.00 lock=0 phase=0.99 beat=0 bstr=0.00 | onset=0 bass=0 ostr=0.00
[1781106652.533] [AP] SSL=259 DC=-4994 max_raw=406 follower=259 peak_scaled=0.557 silent_scale=1.000 silence=0 cal_source=config cal_valid=1 | bpm=108.0 conf=0.00 lock=0 phase=0.81 beat=0 bstr=0.00 | onset=0 bass=0 ostr=0.00
[1781106652.534] [AP] SSL=259 DC=-4994 max_raw=430 follower=259 peak_scaled=0.521 silent_scale=1.000 silence=0 cal_source=config cal_valid=1 | bpm=108.0 conf=0.00 lock=0 phase=0.64 beat=0 bstr=0.00 | onset=0 bass=0 ostr=0.00
[1781106652.534] [AP] SSL=259 DC=-4994 max_raw=439 follower=259 peak_scaled=0.517 silent_scale=1.000 silence=0 cal_source=config cal_valid=1 | bpm=108.0 conf=0.00 lock=0 phase=0.42 beat=0 bstr=0.00 | onset=0 bass=0 ostr=0.00
[1781106652.534] [AP] SSL=259 DC=-4994 max_raw=334 follower=259 peak_scaled=0.355 silent_scale=1.000 silence=0 cal_source=config cal_valid=1 | bpm=108.0 conf=0.00 lock=0 phase=0.24 beat=0 bstr=0.00 | onset=0 bass=0 ostr=0.00
[1781106652.535] [AP] SSL=259 DC=-4994 max_raw=259 follower=259 peak_scaled=0.200 silent_scale=1.000 silence=0 cal_source=config cal_valid=1 | bpm=108.0 conf=0.00 lock=0 phase=0.06 beat=0 bstr=0.00 | onset=0 bass=0 ostr=0.00
[1781106652.535] sbr{{
[1781106652.535] VERSION: 40103
[1781106652.535] }}
[1781106653.201] [AP] SSL=259 DC=-4994 max_raw=439 follower=259 peak_scaled=0.460 silent_scale=1.000 silence=0 cal_source=config cal_valid=1 | bpm=108.0 conf=0.00 lock=0 phase=0.84 beat=0 bstr=0.00 | onset=0 bass=0 ostr=0.00
[1781106653.334] >>> :chip_id
[1781106653.345] sbr{{
[1781106653.345] F887A500
[1781106653.345] }}
[1781106654.207] [AP] SSL=259 DC=-4994 max_raw=379 follower=259 peak_scaled=0.408 silent_scale=1.000 silence=0 cal_source=config cal_valid=1 | bpm=108.0 conf=0.00 lock=0 phase=0.66 beat=0 bstr=0.00 | onset=0 bass=0 ostr=0.00
[1781106655.214] [AP] SSL=259 DC=-4994 max_raw=410 follower=259 peak_scaled=0.404 silent_scale=1.000 silence=0 cal_source=config cal_valid=1 | bpm=108.0 conf=0.00 lock=0 phase=0.49 beat=0 bstr=0.00 | onset=0 bass=0 ostr=0.00
[1781106656.216] [AP] SSL=259 DC=-4994 max_raw=370 follower=259 peak_scaled=0.344 silent_scale=1.000 silence=0 cal_source=config cal_valid=1 | bpm=108.0 conf=0.00 lock=0 phase=0.27 beat=0 bstr=0.00 | onset=0 bass=0 ostr=0.00
[1781106657.222] [AP] SSL=259 DC=-4994 max_raw=283 follower=259 peak_scaled=0.207 silent_scale=1.000 silence=0 cal_source=config cal_valid=1 | bpm=108.0 conf=0.00 lock=0 phase=0.09 beat=0 bstr=0.00 | onset=0 bass=0 ostr=0.00
[1781106657.749] >>> :stop
[1781106657.754] SBOK
[1781106658.656] >>> :vp_stream=off
[1781106658.666] sbr{{
[1781106658.666] VP_STREAM: off
[1781106658.666] }}
[1781106659.562] >>> :ap_stream=off
[1781106659.575] sbr{{
[1781106659.575] AP_STREAM: off
[1781106659.575] }}
[1781106660.467] >>> :dump
[1781106660.478] sbr{{
[1781106660.478] FIRMWARE_VERSION: 40103
[1781106660.478] CHIP ID: F887A500
[1781106660.479] noise_button.pressed: 0
[1781106660.479] noise_button.last_down: 0
[1781106660.479] noise_button.last_up: 0
[1781106660.479] noise_button.pin: 255
[1781106660.479] mode_button.pressed: 0
[1781106660.479] mode_button.last_down: 0
[1781106660.479] mode_button.last_up: 0
[1781106660.479] mode_button.pin: 255
[1781106660.479] CONFIG.PHOTONS: 0.960000
[1781106660.479] CONFIG.CHROMA: 0.610000
[1781106660.480] CONFIG.MOOD: 0.640000
[1781106660.480] CONFIG.LIGHTSHOW_MODE: 23
[1781106660.480] CONFIG.MIRROR_ENABLED: 1
[1781106660.480] CONFIG.CHROMAGRAM_RANGE: 60
[1781106660.480] CONFIG.SAMPLE_RATE: 12800
[1781106660.480] CONFIG.NOTE_OFFSET: 12
[1781106660.480] CONFIG.SQUARE_ITER: 1.00
[1781106660.480] CONFIG.LED_TYPE: 0
[1781106660.480] CONFIG.LED_COUNT: 160
[1781106660.480] CONFIG.LED_COLOR_ORDER: 66
[1781106660.481] CONFIG.SAMPLES_PER_CHUNK: 96
[1781106660.481] CONFIG.SENSITIVITY: 2.400000
[1781106660.481] CONFIG.BOOT_ANIMATION: 1
[1781106660.481] CONFIG.SWEET_SPOT_MIN_LEVEL: 259
[1781106660.481] CONFIG.SWEET_SPOT_MAX_LEVEL: 30000
[1781106660.481] CONFIG.DC_OFFSET: -4994
[1781106660.481] CAL_SOURCE: config
[1781106660.481] CAL_VALID: 1
[1781106660.481] CAL_PROFILE_LOADED: 0
[1781106660.481] CONFIG.STANDBY_DIMMING: 0
[1781106660.482] CONFIG.REVERSE_ORDER: 0
[1781106660.482] CONFIG.MAX_CURRENT_MA: 1500
[1781106660.482] CONFIG.TEMPORAL_DITHERING: 1
[1781106660.482] CONFIG.AUTO_COLOR_SHIFT: 0
[1781106660.482] CONFIG.INCANDESCENT_FILTER: 0.00
[1781106660.482] CONFIG.INCANDESCENT_MODE: 0
[1781106660.482] CONFIG.BULB_OPACITY: 0.00
[1781106660.483] CONFIG.SATURATION: 1.00
[1781106660.483] CONFIG.PRISM_COUNT: 1.00
[1781106660.483] CONFIG.BASE_COAT: 1
[1781106660.483] CONFIG.BASE_COAT_INTENSITY: 0.100
[1781106660.483] MASTER_BRIGHTNESS: 1.00
[1781106660.483] stream_audio: 0
[1781106660.483] stream_fps: 0
[1781106660.483] stream_max_mags: 0
[1781106660.483] stream_max_mags_followers: 0
[1781106660.483] stream_magnitudes: 0
[1781106660.483] stream_spectrogram: 0
[1781106660.484] stream_chromagram: 0
[1781106660.484] debug_mode: 0
[1781106660.484] noise_complete: 1
[1781106660.484] noise_iterations: 0
[1781106660.484] next_save_time: 13759
[1781106660.484] settings_updated: 0
[1781106660.484] I2S_PORT: 0
[1781106660.484] SAMPLE_HISTORY_LENGTH: 4096
[1781106660.484] silence: 0
[1781106660.484] mode_destination: -1
[1781106660.484] SYSTEM_FPS: 152.33
[1781106660.484] LED_FPS: 200.87
[1781106660.484] }}
[1781106661.372] >>> :smart_status
[1781106661.376] sbr{{
[1781106661.376] SMART_ASSIST: off
[1781106661.377] SMART_SWITCHING: off
[1781106661.377] SMART_DIRECTOR_AUTONOMY: off
[1781106661.377] SMART_HOOKS: off
[1781106661.377] SMART_CONFIDENCE_FLOOR: 0.080
[1781106661.377] SMART_APPLIED_MODE: 23
[1781106661.377] SMART_LAST_REQUESTED_MODE: 23
[1781106661.377] SMART_SWITCHES_IN_WINDOW: 0
[1781106661.377] SMART_MANUAL_OWNER_ACTIVE: 0
[1781106661.377] SMART_LAST_REASON: 0
[1781106661.377] SMART_STATE: 0
[1781106661.377] SMART_INTENT_MODE: 3
[1781106661.378] SMART_INTENT_CONFIDENCE: 0.000
[1781106661.378] SMART_INTENT_WANTS_SWITCH: 0
[1781106661.378] SMART_SCALAR_PHOTONS: 1.000
[1781106661.378] SMART_SCALAR_CHROMA: 1.000
[1781106661.378] SMART_SCALAR_MOOD: 1.000
[1781106661.378] SMART_SCALAR_SATURATION: 1.000
[1781106661.378] SMART_PALETTE_OVERLAY: 0
[1781106661.379] SMART_PALETTE_INDEX: 0
[1781106661.379] SMART_AUTO_COLOUR_SHIFT: 0
[1781106661.379] SMART_MIN_DWELL_MS: 8000
[1781106661.379] SMART_COOLDOWN_MS: 20000
[1781106661.379] SMART_SWITCH_WINDOW_MS: 60000
[1781106661.379] SMART_MAX_SWITCHES: 2
[1781106661.379] SMART_AUDIO_NOVELTY: 0.0391
[1781106661.379] SMART_AUDIO_ENERGY: 0.0430
[1781106661.379] SMART_EVENT_ID: 0
[1781106661.380] SMART_EVENT_AGE_MS: 4294967295
[1781106661.380] SMART_ONSET: 0
[1781106661.380] SMART_BASS_ONSET: 0
[1781106661.380] SMART_BEAT_CONFIDENCE: 0.000
[1781106661.380] SMART_TRANSIENT: 0
[1781106661.380] SMART_KICK: 0
[1781106661.380] SMART_SNARE: 0
[1781106661.380] SMART_HIHAT: 0
[1781106661.380] SMART_TRANSIENT_LEVEL: 0.000
[1781106661.381] SMART_KICK_LEVEL: 0.000
[1781106661.381] SMART_SNARE_LEVEL: 0.000
[1781106661.381] SMART_HIHAT_LEVEL: 0.000
[1781106661.381] SMART_SNARE_EVENT_ID: 0
[1781106661.381] SMART_HIHAT_EVENT_ID: 0
[1781106661.381] }}
[1781106662.275] >>> :vp_status
[1781106662.287] sbr{{
[1781106662.287] VP_PROFILE: candidate
[1781106662.288] VP_FIXES: agc_soft=on chroma_gate=on prism_off=on bloom_decay=off hsv_source_sat=on secondary_clean=on
[1781106662.288] VP_STREAM: off
[1781106662.288] AP_STREAM: off
[1781106662.288] VP_BLOOM: alpha=0.9900 shift=1.0000 force_sat=on
[1781106662.289] VP_WAVEFORM: idle_fade=0.9850 raw_margin=1.1000 peak_floor=0.0800 active_fade=0.0400 blend_gain=2.0000 fallback=1.0000 vu_floor=0.0200 shift_rate=120.0000
[1781106662.291] VP_CHROMA: seq=7271 range=60 profile=0 gate_gain=1.0000 pre_max=0.1528 pre_mean=0.0146 norm_max=0.9276 norm_mean=0.0887 flatness=0.8388 final_max=0.8276 final_mean=0.0671
[1781106662.292] VP_AGC: gain=9.9997 envelope=0.0081 floor=0.0010 gated=false
[1781106662.292] VP_RENDER_US: last=618 avg=604 max=1535
[1781106662.292] }}
[1781106663.183] >>> :vp_perf=status
[1781106663.187] sbr{{
[1781106663.187] VP_PERF: disabled (compile with ENABLE_VP_PERF_AUDIT=1)
[1781106663.187] }}
[1781106664.090] >>> :ap_stream=on
[1781106664.099] sbr{{
[1781106664.099] AP_STREAM: on
[1781106664.099] }}
[1781106664.101] [AP] SSL=259 DC=-4994 max_raw=370 follower=259 peak_scaled=0.299 silent_scale=1.000 silence=0 cal_source=config cal_valid=1 | bpm=108.0 conf=0.00 lock=0 phase=0.49 beat=0 bstr=0.00 | onset=0 bass=0 ostr=0.00
[1781106664.692] >>> :vp_stream=on
[1781106664.694] sbr{{
[1781106664.694] VP_STREAM: on
[1781106664.694] }}
[1781106664.701] [VP] profile=candidate fix=111011 chroma_seq=7754 chroma_flatness=0.6842 chroma_norm_max=0.8112 chroma_norm_mean=0.1270 chroma_final_max=0.7112 chroma_final_mean=0.0956 agc_gain=9.9997 bloom_alpha=0.9900 bloom_shift=1.0000 wave_idle=0.9850 wave_raw_margin=1.1000 wave_peak_floor=0.0800 wave_vu_floor=0.0200 wave_shift=120.0000 render_us=632 render_avg=600 render_max=1535
[1781106665.112] [AP] SSL=259 DC=-4994 max_raw=283 follower=259 peak_scaled=0.221 silent_scale=1.000 silence=0 cal_source=config cal_valid=1 | bpm=108.0 conf=0.00 lock=0 phase=0.31 beat=0 bstr=0.00 | onset=0 bass=0 ostr=0.00
[1781106665.297] >>> :smart_status
[1781106665.302] sbr{{
[1781106665.302] SMART_ASSIST: off
[1781106665.302] SMART_SWITCHING: off
[1781106665.302] SMART_DIRECTOR_AUTONOMY: off
[1781106665.302] SMART_HOOKS: off
[1781106665.302] SMART_CONFIDENCE_FLOOR: 0.080
[1781106665.302] SMART_APPLIED_MODE: 23
[1781106665.302] SMART_LAST_REQUESTED_MODE: 23
[1781106665.302] SMART_SWITCHES_IN_WINDOW: 0
[1781106665.302] SMART_MANUAL_OWNER_ACTIVE: 0
[1781106665.303] SMART_LAST_REASON: 0
[1781106665.303] SMART_STATE: 0
[1781106665.303] SMART_INTENT_MODE: 3
[1781106665.303] SMART_INTENT_CONFIDENCE: 0.000
[1781106665.303] SMART_INTENT_WANTS_SWITCH: 0
[1781106665.303] SMART_SCALAR_PHOTONS: 1.000
[1781106665.303] SMART_SCALAR_CHROMA: 1.000
[1781106665.303] SMART_SCALAR_MOOD: 1.000
[1781106665.303] SMART_SCALAR_SATURATION: 1.000
[1781106665.303] SMART_PALETTE_OVERLAY: 0
[1781106665.303] SMART_PALETTE_INDEX: 0
[1781106665.304] SMART_AUTO_COLOUR_SHIFT: 0
[1781106665.304] SMART_MIN_DWELL_MS: 8000
[1781106665.304] SMART_COOLDOWN_MS: 20000
[1781106665.304] SMART_SWITCH_WINDOW_MS: 60000
[1781106665.304] SMART_MAX_SWITCHES: 2
[1781106665.304] SMART_AUDIO_NOVELTY: 0.0055
[1781106665.305] SMART_AUDIO_ENERGY: 0.0454
[1781106665.305] SMART_EVENT_ID: 0
[1781106665.305] SMART_EVENT_AGE_MS: 4294967295
[1781106665.305] SMART_ONSET: 0
[1781106665.305] SMART_BASS_ONSET: 0
[1781106665.305] SMART_BEAT_CONFIDENCE: 0.000
[1781106665.305] SMART_TRANSIENT: 0
[1781106665.305] SMART_KICK: 0
[1781106665.305] SMART_SNARE: 0
[1781106665.305] SMART_HIHAT: 0
[1781106665.305] SMART_TRANSIENT_LEVEL: 0.000
[1781106665.306] SMART_KICK_LEVEL: 0.000
[1781106665.306] SMART_SNARE_LEVEL: 0.000
[1781106665.306] SMART_HIHAT_LEVEL: 0.000
[1781106665.306] SMART_SNARE_EVENT_ID: 0
[1781106665.306] SMART_HIHAT_EVENT_ID: 0
[1781106665.306] }}
[1781106665.703] [VP] profile=candidate fix=111011 chroma_seq=7955 chroma_flatness=0.8964 chroma_norm_max=1.0168 chroma_norm_mean=0.1204 chroma_final_max=0.9169 chroma_final_mean=0.0908 agc_gain=9.9997 bloom_alpha=0.9900 bloom_shift=1.0000 wave_idle=0.9850 wave_raw_margin=1.1000 wave_peak_floor=0.0800 wave_vu_floor=0.0200 wave_shift=120.0000 render_us=616 render_avg=603 render_max=1535
[1781106666.114] [AP] SSL=259 DC=-4994 max_raw=300 follower=259 peak_scaled=0.193 silent_scale=1.000 silence=0 cal_source=config cal_valid=1 | bpm=108.0 conf=0.00 lock=0 phase=0.09 beat=0 bstr=0.00 | onset=0 bass=0 ostr=0.00
[1781106666.715] [VP] profile=candidate fix=111011 chroma_seq=8158 chroma_flatness=0.5815 chroma_norm_max=0.6851 chroma_norm_mean=0.1035 chroma_final_max=0.5851 chroma_final_mean=0.0672 agc_gain=9.9997 bloom_alpha=0.9900 bloom_shift=1.0000 wave_idle=0.9850 wave_raw_margin=1.1000 wave_peak_floor=0.0800 wave_vu_floor=0.0200 wave_shift=120.0000 render_us=661 render_avg=660 render_max=1535
[1781106667.122] [AP] SSL=259 DC=-4994 max_raw=310 follower=259 peak_scaled=0.133 silent_scale=1.000 silence=0 cal_source=config cal_valid=1 | bpm=108.0 conf=0.00 lock=0 phase=0.91 beat=0 bstr=0.00 | onset=0 bass=0 ostr=0.00
[1781106667.715] [VP] profile=candidate fix=111011 chroma_seq=8358 chroma_flatness=0.4668 chroma_norm_max=0.5408 chroma_norm_mean=0.0740 chroma_final_max=0.4408 chroma_final_mean=0.0485 agc_gain=9.9997 bloom_alpha=0.9900 bloom_shift=1.0000 wave_idle=0.9850 wave_raw_margin=1.1000 wave_peak_floor=0.0800 wave_vu_floor=0.0200 wave_shift=120.0000 render_us=567 render_avg=615 render_max=1535
[1781106668.456] >>> :smart_status
[1781106668.463] [AP] SSL=259 DC=-4994 max_raw=305 follower=511 peak_scaled=0.470 silent_scale=1.000 silence=0 cal_source=config cal_valid=1 | bpm=108.0 conf=0.00 lock=0 phase=0.74 beat=0 bstr=0.00 | onset=0 bass=0 ostr=0.00
[1781106668.463] sbr{{
[1781106668.463] SMART_ASSIST: off
[1781106668.463] SMART_SWITCHING: off
[1781106668.463] SMART_DIRECTOR_AUTONOMY: off
[1781106668.463] SMART_HOOKS: off
[1781106668.463] SMART_CONFIDENCE_FLOOR: 0.080
[1781106668.463] SMART_APPLIED_MODE: 23
[1781106668.463] SMART_LAST_REQUESTED_MODE: 23
[1781106668.464] SMART_SWITCHES_IN_WINDOW: 0
[1781106668.464] SMART_MANUAL_OWNER_ACTIVE: 0
[1781106668.464] SMART_LAST_REASON: 0
[1781106668.464] SMART_STATE: 0
[1781106668.464] SMART_INTENT_MODE: 3
[1781106668.464] SMART_INTENT_CONFIDENCE: 0.000
[1781106668.464] SMART_INTENT_WANTS_SWITCH: 0
[1781106668.464] SMART_SCALAR_PHOTONS: 1.000
[1781106668.464] SMART_SCALAR_CHROMA: 1.000
[1781106668.464] SMART_SCALAR_MOOD: 1.000
[1781106668.465] SMART_SCALAR_SATURATION: 1.000
[1781106668.465] SMART_PALETTE_OVERLAY: 0
[1781106668.465] SMART_PALETTE_INDEX: 0
[1781106668.465] SMART_AUTO_COLOUR_SHIFT: 0
[1781106668.465] SMART_MIN_DWELL_MS: 8000
[1781106668.465] SMART_COOLDOWN_MS: 20000
[1781106668.465] SMART_SWITCH_WINDOW_MS: 60000
[1781106668.465] SMART_MAX_SWITCHES: 2
[1781106668.465] SMART_AUDIO_NOVELTY: 0.0354
[1781106668.465] SMART_AUDIO_ENERGY: 0.0311
[1781106668.465] SMART_EVENT_ID: 0
[1781106668.465] SMART_EVENT_AGE_MS: 4294967295
[1781106668.466] SMART_ONSET: 0
[1781106668.466] SMART_BASS_ONSET: 0
[1781106668.466] SMART_BEAT_CONFIDENCE: 0.000
[1781106668.466] SMART_TRANSIENT: 0
[1781106668.466] SMART_KICK: 0
[1781106668.466] SMART_SNARE: 0
[1781106668.466] SMART_HIHAT: 0
[1781106668.467] SMART_TRANSIENT_LEVEL: 0.000
[1781106668.467] SMART_KICK_LEVEL: 0.000
[1781106668.467] SMART_SNARE_LEVEL: 0.000
[1781106668.467] SMART_HIHAT_LEVEL: 0.000
[1781106668.467] SMART_SNARE_EVENT_ID: 0
[1781106668.467] SMART_HIHAT_EVENT_ID: 0
[1781106668.467] }}
[1781106668.715] [VP] profile=candidate fix=111011 chroma_seq=8559 chroma_flatness=0.2671 chroma_norm_max=0.5708 chroma_norm_mean=0.3037 chroma_final_max=0.4405 chroma_final_mean=0.1906 agc_gain=2.4924 bloom_alpha=0.9900 bloom_shift=1.0000 wave_idle=0.9850 wave_raw_margin=1.1000 wave_peak_floor=0.0800 wave_vu_floor=0.0200 wave_shift=120.0000 render_us=655 render_avg=664 render_max=1535
[1781106669.128] [AP] SSL=259 DC=-4994 max_raw=259 follower=1214 peak_scaled=0.008 silent_scale=1.000 silence=0 cal_source=config cal_valid=1 | bpm=108.0 conf=0.00 lock=0 phase=0.52 beat=0 bstr=0.00 | onset=0 bass=0 ostr=0.00
[1781106669.718] [VP] profile=candidate fix=111011 chroma_seq=8760 chroma_flatness=0.0352 chroma_norm_max=0.0396 chroma_norm_mean=0.0044 chroma_final_max=0.0000 chroma_final_mean=0.0000 agc_gain=3.7934 bloom_alpha=0.9900 bloom_shift=1.0000 wave_idle=0.9850 wave_raw_margin=1.1000 wave_peak_floor=0.0800 wave_vu_floor=0.0200 wave_shift=120.0000 render_us=602 render_avg=630 render_max=1535
[1781106670.717] [AP] SSL=259 DC=-4994 max_raw=314 follower=629 peak_scaled=0.105 silent_scale=1.000 silence=0 cal_source=config cal_valid=1 | bpm=108.0 conf=0.00 lock=0 phase=0.34 beat=0 bstr=0.00 | onset=0 bass=0 ostr=0.00
[1781106670.719] [VP] profile=candidate fix=111011 chroma_seq=8961 chroma_flatness=0.2568 chroma_norm_max=0.5856 chroma_norm_mean=0.3288 chroma_final_max=0.4292 chroma_final_mean=0.2054 agc_gain=8.7665 bloom_alpha=0.9900 bloom_shift=1.0000 wave_idle=0.9850 wave_raw_margin=1.1000 wave_peak_floor=0.0800 wave_vu_floor=0.0200 wave_shift=120.0000 render_us=697 render_avg=670 render_max=1535
[1781106670.937] >>> :smart_status
[1781106670.947] sbr{{
[1781106670.947] SMART_ASSIST: off
[1781106670.947] SMART_SWITCHING: off
[1781106670.947] SMART_DIRECTOR_AUTONOMY: off
[1781106670.947] SMART_HOOKS: off
[1781106670.948] SMART_CONFIDENCE_FLOOR: 0.080
[1781106670.948] SMART_APPLIED_MODE: 23
[1781106670.948] SMART_LAST_REQUESTED_MODE: 23
[1781106670.948] SMART_SWITCHES_IN_WINDOW: 0
[1781106670.948] SMART_MANUAL_OWNER_ACTIVE: 0
[1781106670.948] SMART_LAST_REASON: 0
[1781106670.948] SMART_STATE: 0
[1781106670.948] SMART_INTENT_MODE: 3
[1781106670.948] SMART_INTENT_CONFIDENCE: 0.000
[1781106670.948] SMART_INTENT_WANTS_SWITCH: 0
[1781106670.948] SMART_SCALAR_PHOTONS: 1.000
[1781106670.948] SMART_SCALAR_CHROMA: 1.000
[1781106670.948] SMART_SCALAR_MOOD: 1.000
[1781106670.949] SMART_SCALAR_SATURATION: 1.000
[1781106670.949] SMART_PALETTE_OVERLAY: 0
[1781106670.949] SMART_PALETTE_INDEX: 0
[1781106670.949] SMART_AUTO_COLOUR_SHIFT: 0
[1781106670.949] SMART_MIN_DWELL_MS: 8000
[1781106670.949] SMART_COOLDOWN_MS: 20000
[1781106670.949] SMART_SWITCH_WINDOW_MS: 60000
[1781106670.949] SMART_MAX_SWITCHES: 2
[1781106670.949] SMART_AUDIO_NOVELTY: 0.0228
[1781106670.950] SMART_AUDIO_ENERGY: 0.1405
[1781106670.950] SMART_EVENT_ID: 0
[1781106670.950] SMART_EVENT_AGE_MS: 4294967295
[1781106670.950] SMART_ONSET: 0
[1781106670.950] SMART_BASS_ONSET: 0
[1781106670.950] SMART_BEAT_CONFIDENCE: 0.000
[1781106670.950] SMART_TRANSIENT: 0
[1781106670.950] SMART_KICK: 0
[1781106670.950] SMART_SNARE: 0
[1781106670.951] SMART_HIHAT: 0
[1781106670.951] SMART_TRANSIENT_LEVEL: 0.000
[1781106670.951] SMART_KICK_LEVEL: 0.000
[1781106670.951] SMART_SNARE_LEVEL: 0.000
[1781106670.951] SMART_HIHAT_LEVEL: 0.000
[1781106670.951] SMART_SNARE_EVENT_ID: 0
[1781106670.951] SMART_HIHAT_EVENT_ID: 0
[1781106670.951] }}
[1781106671.140] [AP] SSL=259 DC=-4994 max_raw=708 follower=1014 peak_scaled=0.565 silent_scale=1.000 silence=0 cal_source=config cal_valid=1 | bpm=108.0 conf=0.00 lock=0 phase=0.16 beat=0 bstr=0.00 | onset=0 bass=0 ostr=0.00
[1781106671.719] [VP] profile=candidate fix=111011 chroma_seq=9161 chroma_flatness=0.1646 chroma_norm_max=0.1962 chroma_norm_mean=0.0316 chroma_final_max=0.0478 chroma_final_mean=0.0040 agc_gain=2.6629 bloom_alpha=0.9900 bloom_shift=1.0000 wave_idle=0.9850 wave_raw_margin=1.1000 wave_peak_floor=0.0800 wave_vu_floor=0.0200 wave_shift=120.0000 render_us=674 render_avg=701 render_max=1535
[1781106672.143] [AP] SSL=259 DC=-4994 max_raw=305 follower=579 peak_scaled=0.048 silent_scale=1.000 silence=0 cal_source=config cal_valid=1 | bpm=108.0 conf=0.00 lock=0 phase=0.95 beat=0 bstr=0.00 | onset=0 bass=0 ostr=0.00
[1781106672.719] [VP] profile=candidate fix=111011 chroma_seq=9362 chroma_flatness=0.1607 chroma_norm_max=0.1798 chroma_norm_mean=0.0191 chroma_final_max=0.0322 chroma_final_mean=0.0027 agc_gain=9.8801 bloom_alpha=0.9900 bloom_shift=1.0000 wave_idle=0.9850 wave_raw_margin=1.1000 wave_peak_floor=0.0800 wave_vu_floor=0.0200 wave_shift=120.0000 render_us=645 render_avg=657 render_max=1535
[1781106673.149] [AP] SSL=259 DC=-4994 max_raw=178 follower=311 peak_scaled=0.029 silent_scale=1.000 silence=0 cal_source=config cal_valid=1 | bpm=108.0 conf=0.00 lock=0 phase=0.76 beat=0 bstr=0.00 | onset=0 bass=0 ostr=0.00
[1781106673.451] >>> :smart_status
[1781106673.456] sbr{{
[1781106673.456] SMART_ASSIST: off
[1781106673.456] SMART_SWITCHING: off
[1781106673.456] SMART_DIRECTOR_AUTONOMY: off
[1781106673.456] SMART_HOOKS: off
[1781106673.456] SMART_CONFIDENCE_FLOOR: 0.080
[1781106673.456] SMART_APPLIED_MODE: 23
[1781106673.456] SMART_LAST_REQUESTED_MODE: 23
[1781106673.456] SMART_SWITCHES_IN_WINDOW: 0
[1781106673.457] SMART_MANUAL_OWNER_ACTIVE: 0
[1781106673.457] SMART_LAST_REASON: 0
[1781106673.457] SMART_STATE: 0
[1781106673.457] SMART_INTENT_MODE: 3
[1781106673.457] SMART_INTENT_CONFIDENCE: 0.000
[1781106673.457] SMART_INTENT_WANTS_SWITCH: 0
[1781106673.457] SMART_SCALAR_PHOTONS: 1.000
[1781106673.458] SMART_SCALAR_CHROMA: 1.000
[1781106673.458] SMART_SCALAR_MOOD: 1.000
[1781106673.458] SMART_SCALAR_SATURATION: 1.000
[1781106673.458] SMART_PALETTE_OVERLAY: 0
[1781106673.458] SMART_PALETTE_INDEX: 0
[1781106673.458] SMART_AUTO_COLOUR_SHIFT: 0
[1781106673.458] SMART_MIN_DWELL_MS: 8000
[1781106673.458] SMART_COOLDOWN_MS: 20000
[1781106673.458] SMART_SWITCH_WINDOW_MS: 60000
[1781106673.458] SMART_MAX_SWITCHES: 2
[1781106673.459] SMART_AUDIO_NOVELTY: 0.0210
[1781106673.459] SMART_AUDIO_ENERGY: 0.0377
[1781106673.459] SMART_EVENT_ID: 0
[1781106673.459] SMART_EVENT_AGE_MS: 4294967295
[1781106673.459] SMART_ONSET: 0
[1781106673.459] SMART_BASS_ONSET: 0
[1781106673.459] SMART_BEAT_CONFIDENCE: 0.000
[1781106673.459] SMART_TRANSIENT: 0
[1781106673.460] SMART_KICK: 0
[1781106673.460] SMART_SNARE: 0
[1781106673.460] SMART_HIHAT: 0
[1781106673.460] SMART_TRANSIENT_LEVEL: 0.000
[1781106673.460] SMART_KICK_LEVEL: 0.000
[1781106673.460] SMART_SNARE_LEVEL: 0.000
[1781106673.460] SMART_HIHAT_LEVEL: 0.000
[1781106673.460] SMART_SNARE_EVENT_ID: 0
[1781106673.460] SMART_HIHAT_EVENT_ID: 0
[1781106673.461] }}
[1781106673.722] [VP] profile=candidate fix=111011 chroma_seq=9563 chroma_flatness=0.4735 chroma_norm_max=0.7101 chroma_norm_mean=0.2366 chroma_final_max=0.6101 chroma_final_mean=0.1628 agc_gain=4.8569 bloom_alpha=0.9900 bloom_shift=1.0000 wave_idle=0.9850 wave_raw_margin=1.1000 wave_peak_floor=0.0800 wave_vu_floor=0.0200 wave_shift=120.0000 render_us=649 render_avg=691 render_max=1535
[1781106674.154] [AP] SSL=259 DC=-4994 max_raw=384 follower=521 peak_scaled=0.445 silent_scale=1.000 silence=0 cal_source=config cal_valid=1 | bpm=108.0 conf=0.00 lock=0 phase=0.59 beat=0 bstr=0.00 | onset=0 bass=0 ostr=0.00
[1781106674.722] [VP] profile=candidate fix=111011 chroma_seq=9764 chroma_flatness=0.3364 chroma_norm_max=0.5919 chroma_norm_mean=0.2555 chroma_final_max=0.4919 chroma_final_mean=0.1846 agc_gain=3.5139 bloom_alpha=0.9900 bloom_shift=1.0000 wave_idle=0.9850 wave_raw_margin=1.1000 wave_peak_floor=0.0800 wave_vu_floor=0.0200 wave_shift=120.0000 render_us=651 render_avg=681 render_max=1535
[1781106675.158] [AP] SSL=259 DC=-4994 max_raw=204 follower=418 peak_scaled=0.025 silent_scale=1.000 silence=0 cal_source=config cal_valid=1 | bpm=108.0 conf=0.00 lock=0 phase=0.37 beat=0 bstr=0.00 | onset=0 bass=0 ostr=0.00
[1781106675.724] [VP] profile=candidate fix=111011 chroma_seq=9965 chroma_flatness=0.1365 chroma_norm_max=0.1572 chroma_norm_mean=0.0207 chroma_final_max=0.0162 chroma_final_mean=0.0013 agc_gain=9.7592 bloom_alpha=0.9900 bloom_shift=1.0000 wave_idle=0.9850 wave_raw_margin=1.1000 wave_peak_floor=0.0800 wave_vu_floor=0.0200 wave_shift=120.0000 render_us=736 render_avg=664 render_max=1535
[1781106675.957] >>> :smart_status
[1781106675.963] sbr{{
[1781106675.964] SMART_ASSIST: off
[1781106675.964] SMART_SWITCHING: off
[1781106675.964] SMART_DIRECTOR_AUTONOMY: off
[1781106675.964] SMART_HOOKS: off
[1781106675.964] SMART_CONFIDENCE_FLOOR: 0.080
[1781106675.964] SMART_APPLIED_MODE: 23
[1781106675.964] SMART_LAST_REQUESTED_MODE: 23
[1781106675.964] SMART_SWITCHES_IN_WINDOW: 0
[1781106675.964] SMART_MANUAL_OWNER_ACTIVE: 0
[1781106675.964] SMART_LAST_REASON: 0
[1781106675.964] SMART_STATE: 0
[1781106675.964] SMART_INTENT_MODE: 3
[1781106675.964] SMART_INTENT_CONFIDENCE: 0.000
[1781106675.964] SMART_INTENT_WANTS_SWITCH: 0
[1781106675.965] SMART_SCALAR_PHOTONS: 1.000
[1781106675.965] SMART_SCALAR_CHROMA: 1.000
[1781106675.965] SMART_SCALAR_MOOD: 1.000
[1781106675.965] SMART_SCALAR_SATURATION: 1.000
[1781106675.965] SMART_PALETTE_OVERLAY: 0
[1781106675.966] SMART_PALETTE_INDEX: 0
[1781106675.966] SMART_AUTO_COLOUR_SHIFT: 0
[1781106675.966] SMART_MIN_DWELL_MS: 8000
[1781106675.966] SMART_COOLDOWN_MS: 20000
[1781106675.966] SMART_SWITCH_WINDOW_MS: 60000
[1781106675.966] SMART_MAX_SWITCHES: 2
[1781106675.966] SMART_AUDIO_NOVELTY: 0.0692
[1781106675.966] SMART_AUDIO_ENERGY: 0.0574
[1781106675.966] SMART_EVENT_ID: 0
[1781106675.967] SMART_EVENT_AGE_MS: 4294967295
[1781106675.967] SMART_ONSET: 0
[1781106675.967] SMART_BASS_ONSET: 0
[1781106675.967] SMART_BEAT_CONFIDENCE: 0.000
[1781106675.967] SMART_TRANSIENT: 0
[1781106675.967] SMART_KICK: 0
[1781106675.967] SMART_SNARE: 0
[1781106675.967] SMART_HIHAT: 0
[1781106675.967] SMART_TRANSIENT_LEVEL: 0.000
[1781106675.967] SMART_KICK_LEVEL: 0.000
[1781106675.968] SMART_SNARE_LEVEL: 0.000
[1781106675.968] SMART_HIHAT_LEVEL: 0.000
[1781106675.968] SMART_SNARE_EVENT_ID: 0
[1781106675.968] SMART_HIHAT_EVENT_ID: 0
[1781106675.968] }}
[1781106676.163] [AP] SSL=259 DC=-4994 max_raw=581 follower=321 peak_scaled=0.403 silent_scale=1.000 silence=0 cal_source=config cal_valid=1 | bpm=108.0 conf=0.00 lock=0 phase=0.19 beat=0 bstr=0.00 | onset=0 bass=0 ostr=0.00
[1781106676.667] >>> :dump
[1781106676.673] sbr{{
[1781106676.673] FIRMWARE_VERSION: 40103
[1781106676.673] CHIP ID: F887A500
[1781106676.673] noise_button.pressed: 0
[1781106676.673] noise_button.last_down: 0
[1781106676.673] noise_button.last_up: 0
[1781106676.673] noise_button.pin: 255
[1781106676.673] mode_button.pressed: 0
[1781106676.674] mode_button.last_down: 0
[1781106676.674] mode_button.last_up: 0
[1781106676.674] mode_button.pin: 255
[1781106676.674] CONFIG.PHOTONS: 0.960000
[1781106676.674] CONFIG.CHROMA: 0.610000
[1781106676.674] CONFIG.MOOD: 0.640000
[1781106676.675] CONFIG.LIGHTSHOW_MODE: 23
[1781106676.675] CONFIG.MIRROR_ENABLED: 1
[1781106676.675] CONFIG.CHROMAGRAM_RANGE: 60
[1781106676.675] CONFIG.SAMPLE_RATE: 12800
[1781106676.675] CONFIG.NOTE_OFFSET: 12
[1781106676.675] CONFIG.SQUARE_ITER: 1.00
[1781106676.675] CONFIG.LED_TYPE: 0
[1781106676.675] CONFIG.LED_COUNT: 160
[1781106676.675] CONFIG.LED_COLOR_ORDER: 66
[1781106676.675] CONFIG.SAMPLES_PER_CHUNK: 96
[1781106676.676] CONFIG.SENSITIVITY: 2.400000
[1781106676.676] CONFIG.BOOT_ANIMATION: 1
[1781106676.676] CONFIG.SWEET_SPOT_MIN_LEVEL: 259
[1781106676.676] CONFIG.SWEET_SPOT_MAX_LEVEL: 30000
[1781106676.676] CONFIG.DC_OFFSET: -4994
[1781106676.676] CAL_SOURCE: config
[1781106676.676] CAL_VALID: 1
[1781106676.676] CAL_PROFILE_LOADED: 0
[1781106676.676] CONFIG.STANDBY_DIMMING: 0
[1781106676.676] CONFIG.REVERSE_ORDER: 0
[1781106676.676] CONFIG.MAX_CURRENT_MA: 1500
[1781106676.676] CONFIG.TEMPORAL_DITHERING: 1
[1781106676.676] CONFIG.AUTO_COLOR_SHIFT: 0
[1781106676.676] CONFIG.INCANDESCENT_FILTER: 0.00
[1781106676.676] CONFIG.INCANDESCENT_MODE: 0
[1781106676.676] CONFIG.BULB_OPACITY: 0.00
[1781106676.677] CONFIG.SATURATION: 1.00
[1781106676.677] CONFIG.PRISM_COUNT: 1.00
[1781106676.677] CONFIG.BASE_COAT: 1
[1781106676.677] CONFIG.BASE_COAT_INTENSITY: 0.100
[1781106676.677] MASTER_BRIGHTNESS: 1.00
[1781106676.677] stream_audio: 0
[1781106676.677] stream_fps: 0
[1781106676.677] stream_max_mags: 0
[1781106676.678] stream_max_mags_followers: 0
[1781106676.678] stream_magnitudes: 0
[1781106676.678] stream_spectrogram: 0
[1781106676.678] stream_chromagram: 0
[1781106676.678] debug_mode: 0
[1781106676.678] noise_complete: 1
[1781106676.678] noise_iterations: 0
[1781106676.678] next_save_time: 13759
[1781106676.678] settings_updated: 0
[1781106676.678] I2S_PORT: 0
[1781106676.678] SAMPLE_HISTORY_LENGTH: 4096
[1781106676.678] silence: 0
[1781106676.679] mode_destination: -1
[1781106676.679] SYSTEM_FPS: 154.76
[1781106676.679] LED_FPS: 200.79
[1781106676.679] }}
[1781106676.728] [VP] profile=candidate fix=111011 chroma_seq=10166 chroma_flatness=0.2956 chroma_norm_max=0.3593 chroma_norm_mean=0.0637 chroma_final_max=0.2593 chroma_final_mean=0.0302 agc_gain=9.4512 bloom_alpha=0.9900 bloom_shift=1.0000 wave_idle=0.9850 wave_raw_margin=1.1000 wave_peak_floor=0.0800 wave_vu_floor=0.0200 wave_shift=120.0000 render_us=674 render_avg=673 render_max=1535
[1781106677.172] [AP] SSL=259 DC=-4994 max_raw=113 follower=259 peak_scaled=0.147 silent_scale=1.000 silence=0 cal_source=config cal_valid=1 | bpm=108.0 conf=0.00 lock=0 phase=0.02 beat=0 bstr=0.00 | onset=0 bass=0 ostr=0.00
[1781106677.376] >>> :ap_stream=off
[1781106677.392] sbr{{
[1781106677.393] AP_STREAM: off
[1781106677.393] }}
[1781106677.738] [VP] profile=candidate fix=111011 chroma_seq=10369 chroma_flatness=0.6735 chroma_norm_max=0.9100 chroma_norm_mean=0.2365 chroma_final_max=0.8100 chroma_final_mean=0.1823 agc_gain=9.9993 bloom_alpha=0.9900 bloom_shift=1.0000 wave_idle=0.9850 wave_raw_margin=1.1000 wave_peak_floor=0.0800 wave_vu_floor=0.0200 wave_shift=120.0000 render_us=672 render_avg=679 render_max=1535
[1781106678.085] >>> :vp_stream=off
[1781106678.091] sbr{{
[1781106678.091] VP_STREAM: off
[1781106678.091] }}
[1781106678.794] >>> :ap_stream=off
[1781106678.799] sbr{{
[1781106678.799] AP_STREAM: off
[1781106678.799] }}
[1781106678.944] >>> :vp_stream=off
[1781106678.946] sbr{{
[1781106678.946] VP_STREAM: off
[1781106678.946] }}
[1781106679.099] >>> :vp_perf=stop
[1781106679.103] sbr{{
[1781106679.103] VP_PERF: disabled (compile with ENABLE_VP_PERF_AUDIT=1)
[1781106679.103] }}
[1781106679.252] >>> :stop
[1781106679.260] SBOK
