[1781490998.467] #DEVICE role=main-k1 name=main-1401 port=/dev/cu.usbmodem12201 expected_chip_id=F887A500 env=k1_hardware
[1781490998.468] >>> :version
[1781490998.468] 0 silence=0 cal_source=config cal_valid=1 cal_reason=none | bpm=99.0 conf=0.16 lock=0 phase=0.82 beat=0 bstr=0.02 | onset=1 bass=0 ostr=0.00
[1781490998.469] [AP] SSL=176 DC=-4698 max_raw=178 follower=524 peak_scaled=0.245 response_gain=3.000 silent_scale=1.000 silence=0 cal_source=config cal_valid=1 cal_reason=none | bpm=99.0 conf=0.12 lock=0 phase=0.49 beat=0 bstr=0.02 | onset=0 bass=1 ostr=0.04
[1781490998.469] [AP] SSL=176 DC=-4698 max_raw=385 follower=578 peak_scaled=0.834 response_gain=3.000 silent_scale=1.000 silence=0 cal_source=config cal_valid=1 cal_reason=none | bpm=99.0 conf=0.00 lock=0 phase=0.17 beat=0 bstr=0.05 | onset=0 bass=1 ostr=0.02
[1781490998.470] [AP] SSL=176 DC=-4698 max_raw=183 follower=492 peak_scaled=0.389 response_gain=3.000 silent_scale=1.000 silence=0 cal_source=config cal_valid=1 cal_reason=none | bpm=99.0 conf=0.00 lock=0 phase=0.80 beat=0 bstr=0.12 | onset=0 bass=1 ostr=0.02
[1781490998.470] [AP] SSL=176 DC=-4698 max_raw=207 follower=554 peak_scaled=0.657 response_gain=3.000 silent_scale=1.000 silence=0 cal_source=config cal_valid=1 cal_reason=none | bpm=99.0 conf=0.00 lock=0 phase=0.46 beat=0 bstr=0.06 | onset=0 bass=1 ostr=0.03
[1781490998.471] [AP] SSL=176 DC=-4698 max_raw=248 follower=513 peak_scaled=0.577 response_gain=3.000 silent_scale=1.000 silence=0 cal_source=config cal_valid=1 cal_reason=none | bpm=99.0 conf=0.04 lock=0 phase=0.14 beat=0 bstr=0.03 | onset=0 bass=1 ostr=0.02
[1781490998.471] [AP] SSL=176 DC=-4698 max_raw=217 follower=536 peak_scaled=0.848 response_gain=3.000 silent_scale=1.000 silence=0 cal_source=config cal_valid=1 cal_reason=none | bpm=99.0 conf=0.03 lock=0 phase=0.77 beat=0 bstr=0.02 | onset=1 bass=0 ostr=0.00
[1781490998.471] [AP] SSL=176 DC=-4698 max_raw=212 follower=448 peak_scaled=0.515 response_gain=3.000 silent_scale=1.000 silence=0 cal_source=config cal_valid=1 cal_reason=none | bpm=68.0 conf=0.03 lock=0 phase=0.99 beat=0 bstr=0.41 | onset=0 bass=0 ostr=0.00
[1781490998.472] [AP] SSL=176 DC=-4698 max_raw=222 follower=379 peak_scaled=0.592 response_gain=3.000 silent_scale=1.000 silence=0 cal_source=config cal_valid=1 cal_reason=none | bpm=68.0 conf=0.00 lock=0 phase=0.15 beat=0 bstr=0.47 | onset=0 bass=1 ostr=0.05
[1781490998.472] [AP] SSL=176 DC=-4698 max_raw=119 follower=347 peak_scaled=0.438 response_gain=3.000 silent_scale=1.000 silence=0 cal_source=config cal_valid=1 cal_reason=none | bpm=102.0 conf=0.00 lock=0 phase=0.77 beat=0 bstr=0.01 | onset=0 bass=0 ostr=0.00
[1781490998.472] [AP] SSL=176 DC=-4698 max_raw=212 follower=379 peak_scaled=0.504 response_gain=3.000 silent_scale=1.000 silence=0 cal_source=config cal_valid=1 cal_reason=none | bpm=102.0 conf=0.00 lock=0 phase=0.48 beat=0 bstr=0.02 | onset=0 bass=0 ostr=0.00
[1781490998.473] [AP] SSL=176 DC=-4698 max_raw=147 follower=483 peak_scaled=0.261 response_gain=3.000 silent_scale=1.000 silence=0 cal_source=config cal_valid=1 cal_reason=none | bpm=102.0 conf=0.00 lock=0 phase=0.89 beat=0 bstr=0.04 | onset=0 bass=0 ostr=0.00
[1781490998.473] [AP] SSL=176 DC=-4698 max_raw=183 follower=326 peak_scaled=0.593 response_gain=3.000 silent_scale=1.000 silence=0 cal_source=config cal_valid=1 cal_reason=none | bpm=102.0 conf=0.00 lock=0 phase=0.61 beat=0 bstr=0.22 | onset=0 bass=0 ostr=0.00
[1781490998.474] [AP] SSL=176 DC=-4698 max_raw=188 follower=391 peak_scaled=0.514 response_gain=3.000 silent_scale=1.000 silence=0 cal_source=config cal_valid=1 cal_reason=none | bpm=126.0 conf=0.00 lock=0 phase=0.36 beat=0 bstr=0.01 | onset=0 bass=1 ostr=0.03
[1781490998.474] [AP] SSL=176 DC=-4698 max_raw=294 follower=356 peak_scaled=1.012 response_gain=3.000 silent_scale=1.000 silence=0 cal_source=config cal_valid=1 cal_reason=none | bpm=126.0 conf=0.00 lock=0 phase=0.42 beat=0 bstr=0.03 | onset=0 bass=1 ostr=0.05
[1781490998.492] sbr{{
[1781490998.492] VERSION: 40103
[1781490998.492] }}
[1781490999.265] [AP] SSL=176 DC=-4698 max_raw=222 follower=308 peak_scaled=0.407 response_gain=3.000 silent_scale=1.000 silence=0 cal_source=config cal_valid=1 cal_reason=none | bpm=126.0 conf=0.00 lock=0 phase=0.54 beat=0 bstr=0.02 | onset=1 bass=0 ostr=0.00
[1781490999.271] >>> :chip_id
[1781490999.284] sbr{{
[1781490999.284] F887A500
[1781490999.284] }}
[1781491000.269] [AP] SSL=176 DC=-4698 max_raw=128 follower=261 peak_scaled=0.140 response_gain=3.000 silent_scale=1.000 silence=0 cal_source=config cal_valid=1 cal_reason=none | bpm=126.0 conf=0.00 lock=0 phase=0.68 beat=0 bstr=0.02 | onset=0 bass=0 ostr=0.00
[1781491001.275] [AP] SSL=176 DC=-4698 max_raw=279 follower=660 peak_scaled=0.359 response_gain=3.000 silent_scale=1.000 silence=0 cal_source=config cal_valid=1 cal_reason=none | bpm=84.0 conf=0.42 lock=0 phase=0.18 beat=0 bstr=0.02 | onset=0 bass=0 ostr=0.00
[1781491002.280] [AP] SSL=176 DC=-4698 max_raw=212 follower=423 peak_scaled=0.327 response_gain=3.000 silent_scale=1.000 silence=0 cal_source=config cal_valid=1 cal_reason=none | bpm=84.0 conf=0.42 lock=0 phase=0.60 beat=0 bstr=0.08 | onset=1 bass=0 ostr=0.00
[1781491003.286] [AP] SSL=176 DC=-4698 max_raw=150 follower=553 peak_scaled=0.417 response_gain=3.000 silent_scale=1.000 silence=0 cal_source=config cal_valid=1 cal_reason=none | bpm=84.0 conf=0.39 lock=0 phase=0.02 beat=0 bstr=0.08 | onset=0 bass=0 ostr=0.00
[1781491003.690] >>> :stop
[1781491003.713] SBOK
[1781491004.596] >>> :vp_stream=off
[1781491004.599] sbr{{
[1781491004.599] VP_STREAM: off
[1781491004.599] }}
[1781491005.505] >>> :ap_stream=off
[1781491005.513] sbr{{
[1781491005.513] AP_STREAM: off
[1781491005.513] }}
[1781491006.414] >>> :dump
[1781491006.432] sbr{{
[1781491006.432] FIRMWARE_VERSION: 40103
[1781491006.432] CHIP ID: F887A500
[1781491006.433] noise_button.pressed: 0
[1781491006.433] noise_button.last_down: 0
[1781491006.433] noise_button.last_up: 0
[1781491006.433] noise_button.pin: 255
[1781491006.433] mode_button.pressed: 0
[1781491006.433] mode_button.last_down: 0
[1781491006.433] mode_button.last_up: 0
[1781491006.433] mode_button.pin: 255
[1781491006.433] CONFIG.PHOTONS: 0.650000
[1781491006.434] CONFIG.CHROMA: 0.000000
[1781491006.434] CONFIG.MOOD: 0.150000
[1781491006.434] CONFIG.LIGHTSHOW_MODE: 8
[1781491006.434] CONFIG.MIRROR_ENABLED: 1
[1781491006.434] CONFIG.CHROMAGRAM_RANGE: 60
[1781491006.434] CONFIG.SAMPLE_RATE: 12800
[1781491006.434] CONFIG.NOTE_OFFSET: 12
[1781491006.435] CONFIG.SQUARE_ITER: 1.00
[1781491006.435] CONFIG.LED_TYPE: 0
[1781491006.435] CONFIG.LED_COUNT: 160
[1781491006.435] CONFIG.LED_COLOR_ORDER: 66
[1781491006.435] CONFIG.SAMPLES_PER_CHUNK: 96
[1781491006.435] CONFIG.SENSITIVITY: 2.400000
[1781491006.435] AUDIO_RESPONSE_GAIN: 3.000000
[1781491006.436] CONFIG.BOOT_ANIMATION: 1
[1781491006.436] CONFIG.SWEET_SPOT_MIN_LEVEL: 176
[1781491006.436] CONFIG.SWEET_SPOT_MAX_LEVEL: 30000
[1781491006.436] CONFIG.DC_OFFSET: -4698
[1781491006.436] CAL_SOURCE: config
[1781491006.436] CAL_VALID: 1
[1781491006.436] CAL_PROFILE_LOADED: 0
[1781491006.436] NOISE_CAL_REASON: none
[1781491006.436] NOISE_CAL_DC_SAMPLES: 0
[1781491006.436] NOISE_CAL_SSL_P50: 0.0
[1781491006.436] NOISE_CAL_SSL_P90: 0.0
[1781491006.436] CONFIG.STANDBY_DIMMING: 0
[1781491006.436] CONFIG.REVERSE_ORDER: 0
[1781491006.437] CONFIG.MAX_CURRENT_MA: 1500
[1781491006.437] CONFIG.TEMPORAL_DITHERING: 1
[1781491006.437] CONFIG.AUTO_COLOR_SHIFT: 0
[1781491006.437] CONFIG.INCANDESCENT_FILTER: 0.00
[1781491006.437] CONFIG.INCANDESCENT_MODE: 0
[1781491006.437] CONFIG.BULB_OPACITY: 0.00
[1781491006.437] CONFIG.SATURATION: 1.00
[1781491006.437] CONFIG.PRISM_COUNT: 1.00
[1781491006.437] CONFIG.BASE_COAT: 0
[1781491006.437] CONFIG.BASE_COAT_INTENSITY: 0.000
[1781491006.437] MASTER_BRIGHTNESS: 1.00
[1781491006.437] stream_audio: 0
[1781491006.438] stream_fps: 0
[1781491006.438] stream_max_mags: 0
[1781491006.438] stream_max_mags_followers: 0
[1781491006.438] stream_magnitudes: 0
[1781491006.438] stream_spectrogram: 0
[1781491006.438] stream_chromagram: 0
[1781491006.438] debug_mode: 0
[1781491006.438] noise_complete: 1
[1781491006.438] noise_iterations: 0
[1781491006.438] next_save_time: 0
[1781491006.438] settings_updated: 0
[1781491006.438] I2S_PORT: 0
[1781491006.438] SAMPLE_HISTORY_LENGTH: 4096
[1781491006.438] silence: 0
[1781491006.438] mode_destination: -1
[1781491006.439] SYSTEM_FPS: 163.49
[1781491006.439] LED_FPS: 200.36
[1781491006.439] }}
[1781491007.319] >>> :smart_status
[1781491007.333] sbr{{
[1781491007.333] SMART_ASSIST: off
[1781491007.333] SMART_SWITCHING: off
[1781491007.333] SMART_DIRECTOR_AUTONOMY: off
[1781491007.333] SMART_HOOKS: off
[1781491007.333] SMART_CONFIDENCE_FLOOR: 0.080
[1781491007.333] SMART_APPLIED_MODE: 3
[1781491007.334] SMART_LAST_REQUESTED_MODE: 3
[1781491007.334] SMART_SWITCHES_IN_WINDOW: 0
[1781491007.334] SMART_MANUAL_OWNER_ACTIVE: 0
[1781491007.334] SMART_LAST_REASON: 0
[1781491007.334] SMART_STATE: 0
[1781491007.334] SMART_INTENT_MODE: 3
[1781491007.334] SMART_INTENT_CONFIDENCE: 0.000
[1781491007.334] SMART_INTENT_WANTS_SWITCH: 0
[1781491007.334] SMART_SCALAR_PHOTONS: 1.000
[1781491007.334] SMART_SCALAR_CHROMA: 1.000
[1781491007.334] SMART_SCALAR_MOOD: 1.000
[1781491007.334] SMART_SCALAR_SATURATION: 1.000
[1781491007.335] SMART_PALETTE_OVERLAY: 0
[1781491007.335] SMART_PALETTE_INDEX: 0
[1781491007.335] SMART_AUTO_COLOUR_SHIFT: 0
[1781491007.335] SMART_MIN_DWELL_MS: 8000
[1781491007.335] SMART_COOLDOWN_MS: 20000
[1781491007.335] SMART_SWITCH_WINDOW_MS: 60000
[1781491007.335] SMART_MAX_SWITCHES: 2
[1781491007.335] SMART_AUDIO_NOVELTY: 0.0480
[1781491007.335] SMART_AUDIO_ENERGY: 0.2314
[1781491007.336] SMART_EVENT_ID: 397
[1781491007.336] SMART_EVENT_AGE_MS: 124
[1781491007.336] SMART_ONSET: 0
[1781491007.336] SMART_BASS_ONSET: 0
[1781491007.336] SMART_BEAT_CONFIDENCE: 0.000
[1781491007.336] SMART_TRANSIENT: 0
[1781491007.336] SMART_KICK: 0
[1781491007.336] SMART_SNARE: 0
[1781491007.336] SMART_HIHAT: 0
[1781491007.336] SMART_TRANSIENT_LEVEL: 0.000
[1781491007.337] SMART_KICK_LEVEL: 0.002
[1781491007.337] SMART_SNARE_LEVEL: 0.000
[1781491007.337] SMART_HIHAT_LEVEL: 0.018
[1781491007.337] SMART_SNARE_EVENT_ID: 161
[1781491007.337] SMART_HIHAT_EVENT_ID: 518
[1781491007.337] }}
[1781491008.224] >>> :vp_status
[1781491008.234] sbr{{
[1781491008.234] VP_PROFILE: candidate
[1781491008.234] VP_FIXES: agc_soft=on chroma_gate=on prism_off=on bloom_decay=off hsv_source_sat=on secondary_clean=on
[1781491008.234] VP_STREAM: off
[1781491008.234] AP_STREAM: off
[1781491008.235] VP_BLOOM: alpha=0.9900 shift=1.0000 force_sat=on
[1781491008.236] VP_WAVEFORM: idle_fade=0.9850 raw_margin=1.1000 peak_floor=0.0800 active_fade=0.0400 blend_gain=2.0000 fallback=1.0000 vu_floor=0.0200 shift_rate=120.0000
[1781491008.237] VP_CHROMA: seq=8868 range=60 profile=0 gate_gain=1.0000 pre_max=0.4188 pre_mean=0.2856 norm_max=1.0256 norm_mean=0.6993 flatness=0.3263 final_max=0.9256 final_mean=0.5993
[1781491008.238] VP_AGC: gain=0.4422 envelope=0.5953 floor=0.0010 gated=false
[1781491008.238] VP_RENDER_US: last=733 avg=732 max=1038
[1781491008.238] }}
[1781491009.126] >>> :vp_perf=status
[1781491009.133] sbr{{
[1781491009.133] VP_PERF: disabled (compile with ENABLE_VP_PERF_AUDIT=1)
[1781491009.133] }}
[1781491010.032] >>> :ap_stream=on
[1781491010.034] sbr{{
[1781491010.034] AP_STREAM: on
[1781491010.034] }}
[1781491010.036] [AP] SSL=176 DC=-4698 max_raw=234 follower=584 peak_scaled=0.249 response_gain=3.000 silent_scale=1.000 silence=0 cal_source=config cal_valid=1 cal_reason=none | bpm=84.0 conf=0.18 lock=0 phase=0.47 beat=0 bstr=0.13 | onset=1 bass=0 ostr=0.00
[1781491010.739] >>> :vp_stream=on
[1781491010.753] sbr{{
[1781491010.753] VP_STREAM: on
[1781491010.753] }}
[1781491010.760] [VP] profile=candidate fix=111011 chroma_seq=9375 chroma_flatness=0.0874 chroma_norm_max=1.0326 chroma_norm_mean=0.9451 chroma_final_max=0.0348 chroma_final_mean=0.0315 agc_gain=0.5179 bloom_alpha=0.9900 bloom_shift=1.0000 wave_idle=0.9850 wave_raw_margin=1.1000 wave_peak_floor=0.0800 wave_vu_floor=0.0200 wave_shift=120.0000 render_us=673 render_avg=679 render_max=1038
[1781491011.040] [AP] SSL=176 DC=-4698 max_raw=178 follower=390 peak_scaled=0.375 response_gain=3.000 silent_scale=1.000 silence=0 cal_source=config cal_valid=1 cal_reason=none | bpm=89.0 conf=0.28 lock=0 phase=0.92 beat=0 bstr=0.07 | onset=0 bass=1 ostr=0.03
[1781491011.443] >>> :smart_status
[1781491011.453] sbr{{
[1781491011.453] SMART_ASSIST: off
[1781491011.453] SMART_SWITCHING: off
[1781491011.453] SMART_DIRECTOR_AUTONOMY: off
[1781491011.453] SMART_HOOKS: off
[1781491011.453] SMART_CONFIDENCE_FLOOR: 0.080
[1781491011.453] SMART_APPLIED_MODE: 3
[1781491011.453] SMART_LAST_REQUESTED_MODE: 3
[1781491011.453] SMART_SWITCHES_IN_WINDOW: 0
[1781491011.453] SMART_MANUAL_OWNER_ACTIVE: 0
[1781491011.453] SMART_LAST_REASON: 0
[1781491011.453] SMART_STATE: 0
[1781491011.453] SMART_INTENT_MODE: 3
[1781491011.453] SMART_INTENT_CONFIDENCE: 0.000
[1781491011.454] SMART_INTENT_WANTS_SWITCH: 0
[1781491011.454] SMART_SCALAR_PHOTONS: 1.000
[1781491011.454] SMART_SCALAR_CHROMA: 1.000
[1781491011.454] SMART_SCALAR_MOOD: 1.000
[1781491011.454] SMART_SCALAR_SATURATION: 1.000
[1781491011.454] SMART_PALETTE_OVERLAY: 0
[1781491011.454] SMART_PALETTE_INDEX: 0
[1781491011.454] SMART_AUTO_COLOUR_SHIFT: 0
[1781491011.455] SMART_MIN_DWELL_MS: 8000
[1781491011.455] SMART_COOLDOWN_MS: 20000
[1781491011.455] SMART_SWITCH_WINDOW_MS: 60000
[1781491011.455] SMART_MAX_SWITCHES: 2
[1781491011.455] SMART_AUDIO_NOVELTY: 0.0543
[1781491011.455] SMART_AUDIO_ENERGY: 0.2190
[1781491011.455] SMART_EVENT_ID: 439
[1781491011.455] SMART_EVENT_AGE_MS: 0
[1781491011.455] SMART_ONSET: 1
[1781491011.456] SMART_BASS_ONSET: 0
[1781491011.456] SMART_BEAT_CONFIDENCE: 0.000
[1781491011.456] SMART_TRANSIENT: 1
[1781491011.456] SMART_KICK: 0
[1781491011.456] SMART_SNARE: 0
[1781491011.456] SMART_HIHAT: 0
[1781491011.456] SMART_TRANSIENT_LEVEL: 0.219
[1781491011.456] SMART_KICK_LEVEL: 0.001
[1781491011.456] SMART_SNARE_LEVEL: 0.000
[1781491011.457] SMART_HIHAT_LEVEL: 0.030
[1781491011.457] SMART_SNARE_EVENT_ID: 173
[1781491011.457] SMART_HIHAT_EVENT_ID: 574
[1781491011.457] }}
[1781491011.764] [VP] profile=candidate fix=111011 chroma_seq=9577 chroma_flatness=0.1369 chroma_norm_max=0.9852 chroma_norm_mean=0.8483 chroma_final_max=0.2520 chroma_final_mean=0.2130 agc_gain=0.4953 bloom_alpha=0.9900 bloom_shift=1.0000 wave_idle=0.9850 wave_raw_margin=1.1000 wave_peak_floor=0.0800 wave_vu_floor=0.0200 wave_shift=120.0000 render_us=725 render_avg=679 render_max=1038
[1781491012.045] [AP] SSL=176 DC=-4698 max_raw=207 follower=254 peak_scaled=0.594 response_gain=3.000 silent_scale=1.000 silence=0 cal_source=config cal_valid=1 cal_reason=none | bpm=89.0 conf=0.00 lock=0 phase=0.42 beat=0 bstr=0.13 | onset=0 bass=1 ostr=0.03
[1781491012.764] [VP] profile=candidate fix=111011 chroma_seq=9778 chroma_flatness=0.0965 chroma_norm_max=0.9690 chroma_norm_mean=0.8725 chroma_final_max=0.0715 chroma_final_mean=0.0636 agc_gain=0.5353 bloom_alpha=0.9900 bloom_shift=1.0000 wave_idle=0.9850 wave_raw_margin=1.1000 wave_peak_floor=0.0800 wave_vu_floor=0.0200 wave_shift=120.0000 render_us=654 render_avg=672 render_max=1038
[1781491013.050] [AP] SSL=176 DC=-4698 max_raw=178 follower=322 peak_scaled=0.932 response_gain=3.000 silent_scale=1.000 silence=0 cal_source=config cal_valid=1 cal_reason=none | bpm=89.0 conf=0.00 lock=0 phase=0.92 beat=0 bstr=0.22 | onset=1 bass=0 ostr=0.00
[1781491013.764] [VP] profile=candidate fix=111011 chroma_seq=9979 chroma_flatness=0.0709 chroma_norm_max=0.8247 chroma_norm_mean=0.7538 chroma_final_max=0.0000 chroma_final_mean=0.0000 agc_gain=0.4708 bloom_alpha=0.9900 bloom_shift=1.0000 wave_idle=0.9850 wave_raw_margin=1.1000 wave_peak_floor=0.0800 wave_vu_floor=0.0200 wave_shift=120.0000 render_us=598 render_avg=612 render_max=1038
[1781491014.056] [AP] SSL=176 DC=-4698 max_raw=275 follower=447 peak_scaled=1.091 response_gain=3.000 silent_scale=1.000 silence=0 cal_source=config cal_valid=1 cal_reason=none | bpm=87.0 conf=0.00 lock=0 phase=0.39 beat=0 bstr=0.43 | onset=0 bass=1 ostr=0.04
[1781491014.764] [VP] profile=candidate fix=111011 chroma_seq=10180 chroma_flatness=0.1016 chroma_norm_max=1.0134 chroma_norm_mean=0.9118 chroma_final_max=0.0986 chroma_final_mean=0.0877 agc_gain=0.5188 bloom_alpha=0.9900 bloom_shift=1.0000 wave_idle=0.9850 wave_raw_margin=1.1000 wave_peak_floor=0.0800 wave_vu_floor=0.0200 wave_shift=120.0000 render_us=663 render_avg=641 render_max=1038
[1781491015.060] [AP] SSL=176 DC=-4698 max_raw=229 follower=303 peak_scaled=0.957 response_gain=3.000 silent_scale=1.000 silence=0 cal_source=config cal_valid=1 cal_reason=none | bpm=87.0 conf=0.00 lock=0 phase=0.85 beat=0 bstr=0.44 | onset=0 bass=0 ostr=0.00
[1781491015.769] [VP] profile=candidate fix=111011 chroma_seq=10382 chroma_flatness=0.1429 chroma_norm_max=1.0623 chroma_norm_mean=0.9194 chroma_final_max=0.3027 chroma_final_mean=0.2578 agc_gain=0.5114 bloom_alpha=0.9900 bloom_shift=1.0000 wave_idle=0.9850 wave_raw_margin=1.1000 wave_peak_floor=0.0800 wave_vu_floor=0.0200 wave_shift=120.0000 render_us=753 render_avg=705 render_max=1038
[1781491016.066] [AP] SSL=176 DC=-4698 max_raw=111 follower=294 peak_scaled=0.274 response_gain=3.000 silent_scale=1.000 silence=0 cal_source=config cal_valid=1 cal_reason=none | bpm=87.0 conf=0.00 lock=0 phase=0.33 beat=0 bstr=0.18 | onset=0 bass=0 ostr=0.00
[1781491016.773] [VP] profile=candidate fix=111011 chroma_seq=10583 chroma_flatness=0.1353 chroma_norm_max=1.0221 chroma_norm_mean=0.8868 chroma_final_max=0.2548 chroma_final_mean=0.2174 agc_gain=0.5305 bloom_alpha=0.9900 bloom_shift=1.0000 wave_idle=0.9850 wave_raw_margin=1.1000 wave_peak_floor=0.0800 wave_vu_floor=0.0200 wave_shift=120.0000 render_us=720 render_avg=690 render_max=1038
[1781491017.070] [AP] SSL=176 DC=-4698 max_raw=198 follower=305 peak_scaled=0.405 response_gain=3.000 silent_scale=1.000 silence=0 cal_source=config cal_valid=1 cal_reason=none | bpm=87.0 conf=0.00 lock=0 phase=0.76 beat=0 bstr=0.56 | onset=0 bass=1 ostr=0.02
[1781491017.770] [VP] profile=candidate fix=111011 chroma_seq=10784 chroma_flatness=0.1133 chroma_norm_max=0.9426 chroma_norm_mean=0.8293 chroma_final_max=0.1405 chroma_final_mean=0.1216 agc_gain=0.4551 bloom_alpha=0.9900 bloom_shift=1.0000 wave_idle=0.9850 wave_raw_margin=1.1000 wave_peak_floor=0.0800 wave_vu_floor=0.0200 wave_shift=120.0000 render_us=739 render_avg=679 render_max=1038
[1781491018.076] [AP] SSL=176 DC=-4698 max_raw=188 follower=478 peak_scaled=0.191 response_gain=3.000 silent_scale=1.000 silence=0 cal_source=config cal_valid=1 cal_reason=none | bpm=87.0 conf=0.12 lock=0 phase=0.23 beat=0 bstr=0.26 | onset=0 bass=0 ostr=0.00
[1781491018.774] [VP] profile=candidate fix=111011 chroma_seq=10986 chroma_flatness=0.1444 chroma_norm_max=0.9396 chroma_norm_mean=0.7951 chroma_final_max=0.2705 chroma_final_mean=0.2240 agc_gain=0.5140 bloom_alpha=0.9900 bloom_shift=1.0000 wave_idle=0.9850 wave_raw_margin=1.1000 wave_peak_floor=0.0800 wave_vu_floor=0.0200 wave_shift=120.0000 render_us=700 render_avg=660 render_max=1038
[1781491019.083] [AP] SSL=176 DC=-4698 max_raw=385 follower=541 peak_scaled=1.371 response_gain=3.000 silent_scale=1.000 silence=0 cal_source=config cal_valid=1 cal_reason=none | bpm=87.0 conf=0.16 lock=0 phase=0.70 beat=0 bstr=0.43 | onset=1 bass=0 ostr=0.00
[1781491019.785] [VP] profile=candidate fix=111011 chroma_seq=11189 chroma_flatness=0.0952 chroma_norm_max=0.6714 chroma_norm_mean=0.5762 chroma_final_max=0.0435 chroma_final_mean=0.0362 agc_gain=0.4185 bloom_alpha=0.9900 bloom_shift=1.0000 wave_idle=0.9850 wave_raw_margin=1.1000 wave_peak_floor=0.0800 wave_vu_floor=0.0200 wave_shift=120.0000 render_us=649 render_avg=626 render_max=1038
[1781491020.085] [AP] SSL=176 DC=-4698 max_raw=201 follower=966 peak_scaled=0.533 response_gain=3.000 silent_scale=1.000 silence=0 cal_source=config cal_valid=1 cal_reason=none | bpm=87.0 conf=0.14 lock=0 phase=0.14 beat=0 bstr=0.44 | onset=0 bass=1 ostr=0.11
[1781491020.794] [VP] profile=candidate fix=111011 chroma_seq=11391 chroma_flatness=0.0556 chroma_norm_max=0.6591 chroma_norm_mean=0.6034 chroma_final_max=0.0000 chroma_final_mean=0.0000 agc_gain=0.4201 bloom_alpha=0.9900 bloom_shift=1.0000 wave_idle=0.9850 wave_raw_margin=1.1000 wave_peak_floor=0.0800 wave_vu_floor=0.0200 wave_shift=120.0000 render_us=607 render_avg=600 render_max=1038
[1781491021.091] [AP] SSL=176 DC=-4698 max_raw=179 follower=528 peak_scaled=0.115 response_gain=3.000 silent_scale=1.000 silence=0 cal_source=config cal_valid=1 cal_reason=none | bpm=80.0 conf=0.14 lock=0 phase=0.51 beat=0 bstr=0.13 | onset=0 bass=0 ostr=0.00
[1781491021.799] [VP] profile=candidate fix=111011 chroma_seq=11593 chroma_flatness=0.0720 chroma_norm_max=0.9000 chroma_norm_mean=0.8280 chroma_final_max=0.0000 chroma_final_mean=0.0000 agc_gain=0.5054 bloom_alpha=0.9900 bloom_shift=1.0000 wave_idle=0.9850 wave_raw_margin=1.1000 wave_peak_floor=0.0800 wave_vu_floor=0.0200 wave_shift=120.0000 render_us=539 render_avg=611 render_max=1038
[1781491022.096] [AP] SSL=176 DC=-4698 max_raw=189 follower=350 peak_scaled=0.247 response_gain=3.000 silent_scale=1.000 silence=0 cal_source=config cal_valid=1 cal_reason=none | bpm=80.0 conf=0.14 lock=0 phase=0.86 beat=0 bstr=0.39 | onset=0 bass=1 ostr=0.03
[1781491022.800] [VP] profile=candidate fix=111011 chroma_seq=11794 chroma_flatness=0.1204 chroma_norm_max=1.0571 chroma_norm_mean=0.9366 chroma_final_max=0.1936 chroma_final_mean=0.1692 agc_gain=0.5241 bloom_alpha=0.9900 bloom_shift=1.0000 wave_idle=0.9850 wave_raw_margin=1.1000 wave_peak_floor=0.0800 wave_vu_floor=0.0200 wave_shift=120.0000 render_us=658 render_avg=669 render_max=1038
[1781491023.100] [AP] SSL=176 DC=-4698 max_raw=321 follower=443 peak_scaled=0.742 response_gain=3.000 silent_scale=1.000 silence=0 cal_source=config cal_valid=1 cal_reason=none | bpm=64.0 conf=0.30 lock=0 phase=0.15 beat=0 bstr=0.03 | onset=1 bass=0 ostr=0.00
[1781491023.800] [VP] profile=candidate fix=111011 chroma_seq=11994 chroma_flatness=0.0672 chroma_norm_max=0.7642 chroma_norm_mean=0.6970 chroma_final_max=0.0000 chroma_final_mean=0.0000 agc_gain=0.5014 bloom_alpha=0.9900 bloom_shift=1.0000 wave_idle=0.9850 wave_raw_margin=1.1000 wave_peak_floor=0.0800 wave_vu_floor=0.0200 wave_shift=120.0000 render_us=599 render_avg=599 render_max=1038
[1781491024.106] [AP] SSL=176 DC=-4698 max_raw=133 follower=286 peak_scaled=0.482 response_gain=3.000 silent_scale=1.000 silence=0 cal_source=config cal_valid=1 cal_reason=none | bpm=64.0 conf=0.53 lock=0 phase=0.23 beat=0 bstr=0.04 | onset=0 bass=1 ostr=0.02
[1781491024.804] [VP] profile=candidate fix=111011 chroma_seq=12196 chroma_flatness=0.1103 chroma_norm_max=1.0307 chroma_norm_mean=0.9204 chroma_final_max=0.1409 chroma_final_mean=0.1242 agc_gain=0.5301 bloom_alpha=0.9900 bloom_shift=1.0000 wave_idle=0.9850 wave_raw_margin=1.1000 wave_peak_floor=0.0800 wave_vu_floor=0.0200 wave_shift=120.0000 render_us=677 render_avg=670 render_max=1038
[1781491025.110] [AP] SSL=176 DC=-4698 max_raw=119 follower=251 peak_scaled=0.100 response_gain=3.000 silent_scale=1.000 silence=0 cal_source=config cal_valid=1 cal_reason=none | bpm=64.0 conf=0.50 lock=0 phase=0.31 beat=0 bstr=0.17 | onset=1 bass=0 ostr=0.00
[1781491025.814] [VP] profile=candidate fix=111011 chroma_seq=12399 chroma_flatness=0.0768 chroma_norm_max=0.5455 chroma_norm_mean=0.4686 chroma_final_max=0.0000 chroma_final_mean=0.0000 agc_gain=0.3751 bloom_alpha=0.9900 bloom_shift=1.0000 wave_idle=0.9850 wave_raw_margin=1.1000 wave_peak_floor=0.0800 wave_vu_floor=0.0200 wave_shift=120.0000 render_us=637 render_avg=645 render_max=1038
[1781491026.115] [AP] SSL=176 DC=-4698 max_raw=239 follower=463 peak_scaled=0.500 response_gain=3.000 silent_scale=1.000 silence=0 cal_source=config cal_valid=1 cal_reason=none | bpm=64.0 conf=0.34 lock=0 phase=0.37 beat=0 bstr=0.31 | onset=0 bass=1 ostr=0.03
[1781491026.814] [VP] profile=candidate fix=111011 chroma_seq=12599 chroma_flatness=0.1334 chroma_norm_max=0.8617 chroma_norm_mean=0.7283 chroma_final_max=0.2034 chroma_final_mean=0.1678 agc_gain=0.5124 bloom_alpha=0.9900 bloom_shift=1.0000 wave_idle=0.9850 wave_raw_margin=1.1000 wave_peak_floor=0.0800 wave_vu_floor=0.0200 wave_shift=120.0000 render_us=721 render_avg=642 render_max=1038
[1781491027.121] [AP] SSL=176 DC=-4698 max_raw=290 follower=321 peak_scaled=0.919 response_gain=3.000 silent_scale=1.000 silence=0 cal_source=config cal_valid=1 cal_reason=none | bpm=64.0 conf=0.38 lock=0 phase=0.45 beat=0 bstr=0.38 | onset=0 bass=0 ostr=0.00
[1781491027.815] [VP] profile=candidate fix=111011 chroma_seq=12800 chroma_flatness=0.1070 chroma_norm_max=0.7768 chroma_norm_mean=0.6698 chroma_final_max=0.0915 chroma_final_mean=0.0770 agc_gain=0.4594 bloom_alpha=0.9900 bloom_shift=1.0000 wave_idle=0.9850 wave_raw_margin=1.1000 wave_peak_floor=0.0800 wave_vu_floor=0.0200 wave_shift=120.0000 render_us=650 render_avg=637 render_max=1038
[1781491028.126] [AP] SSL=176 DC=-4698 max_raw=215 follower=330 peak_scaled=0.326 response_gain=3.000 silent_scale=1.000 silence=0 cal_source=config cal_valid=1 cal_reason=none | bpm=96.0 conf=0.21 lock=0 phase=0.62 beat=0 bstr=0.03 | onset=0 bass=1 ostr=0.03
[1781491028.830] [VP] profile=candidate fix=111011 chroma_seq=13004 chroma_flatness=0.0941 chroma_norm_max=1.0109 chroma_norm_mean=0.9168 chroma_final_max=0.0645 chroma_final_mean=0.0578 agc_gain=0.5242 bloom_alpha=0.9900 bloom_shift=1.0000 wave_idle=0.9850 wave_raw_margin=1.1000 wave_peak_floor=0.0800 wave_vu_floor=0.0200 wave_shift=120.0000 render_us=704 render_avg=659 render_max=1038
[1781491029.130] [AP] SSL=176 DC=-4698 max_raw=316 follower=328 peak_scaled=1.106 response_gain=3.000 silent_scale=1.000 silence=0 cal_source=config cal_valid=1 cal_reason=none | bpm=96.0 conf=0.08 lock=0 phase=0.20 beat=0 bstr=0.02 | onset=1 bass=0 ostr=0.00
[1781491029.830] [VP] profile=candidate fix=111011 chroma_seq=13205 chroma_flatness=0.0938 chroma_norm_max=0.8689 chroma_norm_mean=0.7751 chroma_final_max=0.0533 chroma_final_mean=0.0467 agc_gain=0.4622 bloom_alpha=0.9900 bloom_shift=1.0000 wave_idle=0.9850 wave_raw_margin=1.1000 wave_peak_floor=0.0800 wave_vu_floor=0.0200 wave_shift=120.0000 render_us=657 render_avg=652 render_max=1038
[1781491030.135] [AP] SSL=176 DC=-4698 max_raw=184 follower=395 peak_scaled=0.241 response_gain=3.000 silent_scale=1.000 silence=0 cal_source=config cal_valid=1 cal_reason=none | bpm=96.0 conf=0.08 lock=0 phase=0.82 beat=0 bstr=0.14 | onset=0 bass=0 ostr=0.00
[1781491030.830] [VP] profile=candidate fix=111011 chroma_seq=13405 chroma_flatness=0.0665 chroma_norm_max=1.0501 chroma_norm_mean=0.9836 chroma_final_max=0.0000 chroma_final_mean=0.0000 agc_gain=0.5147 bloom_alpha=0.9900 bloom_shift=1.0000 wave_idle=0.9850 wave_raw_margin=1.1000 wave_peak_floor=0.0800 wave_vu_floor=0.0200 wave_shift=120.0000 render_us=604 render_avg=620 render_max=1038
[1781491031.141] [AP] SSL=176 DC=-4698 max_raw=450 follower=751 peak_scaled=1.344 response_gain=3.000 silent_scale=1.000 silence=0 cal_source=config cal_valid=1 cal_reason=none | bpm=96.0 conf=0.03 lock=0 phase=0.44 beat=0 bstr=0.22 | onset=1 bass=0 ostr=0.00
[1781491031.835] [VP] profile=candidate fix=111011 chroma_seq=13607 chroma_flatness=0.1856 chroma_norm_max=0.9682 chroma_norm_mean=0.7826 chroma_final_max=0.4585 chroma_final_mean=0.3605 agc_gain=0.3459 bloom_alpha=0.9900 bloom_shift=1.0000 wave_idle=0.9850 wave_raw_margin=1.1000 wave_peak_floor=0.0800 wave_vu_floor=0.0200 wave_shift=120.0000 render_us=636 render_avg=677 render_max=1038
[1781491032.146] [AP] SSL=176 DC=-4698 max_raw=267 follower=793 peak_scaled=0.434 response_gain=3.000 silent_scale=1.000 silence=0 cal_source=config cal_valid=1 cal_reason=none | bpm=96.0 conf=0.23 lock=0 phase=0.02 beat=0 bstr=0.18 | onset=0 bass=1 ostr=0.10
[1781491032.835] [VP] profile=candidate fix=111011 chroma_seq=13808 chroma_flatness=0.2174 chroma_norm_max=1.0137 chroma_norm_mean=0.7964 chroma_final_max=0.6277 chroma_final_mean=0.4783 agc_gain=0.4330 bloom_alpha=0.9900 bloom_shift=1.0000 wave_idle=0.9850 wave_raw_margin=1.1000 wave_peak_floor=0.0800 wave_vu_floor=0.0200 wave_shift=120.0000 render_us=771 render_avg=698 render_max=1038
[1781491033.150] [AP] SSL=176 DC=-4698 max_raw=234 follower=500 peak_scaled=0.322 response_gain=3.000 silent_scale=1.000 silence=0 cal_source=config cal_valid=1 cal_reason=none | bpm=96.0 conf=0.29 lock=0 phase=0.64 beat=0 bstr=0.10 | onset=1 bass=0 ostr=0.00
[1781491033.845] [VP] profile=candidate fix=111011 chroma_seq=14011 chroma_flatness=0.1237 chroma_norm_max=1.0249 chroma_norm_mean=0.9011 chroma_final_max=0.2023 chroma_final_mean=0.1752 agc_gain=0.4742 bloom_alpha=0.9900 bloom_shift=1.0000 wave_idle=0.9850 wave_raw_margin=1.1000 wave_peak_floor=0.0800 wave_vu_floor=0.0200 wave_shift=120.0000 render_us=648 render_avg=645 render_max=1038
[1781491034.156] [AP] SSL=176 DC=-4698 max_raw=129 follower=384 peak_scaled=0.211 response_gain=3.000 silent_scale=1.000 silence=0 cal_source=config cal_valid=1 cal_reason=none | bpm=96.0 conf=0.28 lock=0 phase=0.26 beat=0 bstr=0.41 | onset=0 bass=0 ostr=0.00
[1781491034.860] [VP] profile=candidate fix=111011 chroma_seq=14215 chroma_flatness=0.1171 chroma_norm_max=1.0295 chroma_norm_mean=0.9124 chroma_final_max=0.1724 chroma_final_mean=0.1507 agc_gain=0.5143 bloom_alpha=0.9900 bloom_shift=1.0000 wave_idle=0.9850 wave_raw_margin=1.1000 wave_peak_floor=0.0800 wave_vu_floor=0.0200 wave_shift=120.0000 render_us=708 render_avg=692 render_max=1038
[1781491035.161] [AP] SSL=176 DC=-4698 max_raw=128 follower=340 peak_scaled=0.585 response_gain=3.000 silent_scale=1.000 silence=0 cal_source=config cal_valid=1 cal_reason=none | bpm=96.0 conf=0.02 lock=0 phase=0.85 beat=0 bstr=0.49 | onset=0 bass=0 ostr=0.00
[1781491035.870] [VP] profile=candidate fix=111011 chroma_seq=14417 chroma_flatness=0.1211 chroma_norm_max=1.0153 chroma_norm_mean=0.8941 chroma_final_max=0.1882 chroma_final_mean=0.1633 agc_gain=0.5251 bloom_alpha=0.9900 bloom_shift=1.0000 wave_idle=0.9850 wave_raw_margin=1.1000 wave_peak_floor=0.0800 wave_vu_floor=0.0200 wave_shift=120.0000 render_us=709 render_avg=649 render_max=1038
[1781491036.166] [AP] SSL=176 DC=-4698 max_raw=344 follower=339 peak_scaled=1.244 response_gain=3.000 silent_scale=1.000 silence=0 cal_source=config cal_valid=1 cal_reason=none | bpm=92.0 conf=0.01 lock=0 phase=0.44 beat=0 bstr=0.06 | onset=1 bass=0 ostr=0.00
[1781491036.874] [VP] profile=candidate fix=111011 chroma_seq=14619 chroma_flatness=0.1276 chroma_norm_max=1.0280 chroma_norm_mean=0.9004 chroma_final_max=0.2208 chroma_final_mean=0.1904 agc_gain=0.5232 bloom_alpha=0.9900 bloom_shift=1.0000 wave_idle=0.9850 wave_raw_margin=1.1000 wave_peak_floor=0.0800 wave_vu_floor=0.0200 wave_shift=120.0000 render_us=599 render_avg=673 render_max=1038
[1781491037.171] [AP] SSL=176 DC=-4698 max_raw=225 follower=245 peak_scaled=0.470 response_gain=3.000 silent_scale=1.000 silence=0 cal_source=config cal_valid=1 cal_reason=none | bpm=92.0 conf=0.00 lock=0 phase=1.00 beat=0 bstr=0.04 | onset=0 bass=0 ostr=0.00
[1781491037.875] [VP] profile=candidate fix=111011 chroma_seq=14820 chroma_flatness=0.0652 chroma_norm_max=0.9123 chroma_norm_mean=0.8471 chroma_final_max=0.0000 chroma_final_mean=0.0000 agc_gain=0.4934 bloom_alpha=0.9900 bloom_shift=1.0000 wave_idle=0.9850 wave_raw_margin=1.1000 wave_peak_floor=0.0800 wave_vu_floor=0.0200 wave_shift=120.0000 render_us=635 render_avg=610 render_max=1038
[1781491038.176] [AP] SSL=176 DC=-4698 max_raw=134 follower=295 peak_scaled=0.337 response_gain=3.000 silent_scale=1.000 silence=0 cal_source=config cal_valid=1 cal_reason=none | bpm=97.0 conf=0.00 lock=0 phase=0.58 beat=0 bstr=0.04 | onset=0 bass=1 ostr=0.03
[1781491038.875] [VP] profile=candidate fix=111011 chroma_seq=15021 chroma_flatness=0.1951 chroma_norm_max=1.0477 chroma_norm_mean=0.8526 chroma_final_max=0.5453 chroma_final_mean=0.4331 agc_gain=0.5179 bloom_alpha=0.9900 bloom_shift=1.0000 wave_idle=0.9850 wave_raw_margin=1.1000 wave_peak_floor=0.0800 wave_vu_floor=0.0200 wave_shift=120.0000 render_us=722 render_avg=729 render_max=1038
[1781491039.180] [AP] SSL=176 DC=-4698 max_raw=284 follower=497 peak_scaled=0.736 response_gain=3.000 silent_scale=1.000 silence=0 cal_source=config cal_valid=1 cal_reason=none | bpm=97.0 conf=0.00 lock=0 phase=0.21 beat=0 bstr=0.03 | onset=0 bass=0 ostr=0.00
[1781491039.880] [VP] profile=candidate fix=111011 chroma_seq=15222 chroma_flatness=0.0612 chroma_norm_max=0.9350 chroma_norm_mean=0.8737 chroma_final_max=0.0000 chroma_final_mean=0.0000 agc_gain=0.5067 bloom_alpha=0.9900 bloom_shift=1.0000 wave_idle=0.9850 wave_raw_margin=1.1000 wave_peak_floor=0.0800 wave_vu_floor=0.0200 wave_shift=120.0000 render_us=602 render_avg=620 render_max=1038
[1781491040.186] [AP] SSL=176 DC=-4698 max_raw=147 follower=308 peak_scaled=0.155 response_gain=3.000 silent_scale=1.000 silence=0 cal_source=config cal_valid=1 cal_reason=none | bpm=97.0 conf=0.00 lock=0 phase=0.85 beat=0 bstr=0.02 | onset=0 bass=0 ostr=0.00
[1781491040.890] [VP] profile=candidate fix=111011 chroma_seq=15425 chroma_flatness=0.1246 chroma_norm_max=0.9848 chroma_norm_mean=0.8601 chroma_final_max=0.1976 chroma_final_mean=0.1697 agc_gain=0.4953 bloom_alpha=0.9900 bloom_shift=1.0000 wave_idle=0.9850 wave_raw_margin=1.1000 wave_peak_floor=0.0800 wave_vu_floor=0.0200 wave_shift=120.0000 render_us=682 render_avg=679 render_max=1038
[1781491041.191] [AP] SSL=176 DC=-4698 max_raw=275 follower=456 peak_scaled=0.795 response_gain=3.000 silent_scale=1.000 silence=0 cal_source=config cal_valid=1 cal_reason=none | bpm=97.0 conf=0.00 lock=0 phase=0.46 beat=0 bstr=0.02 | onset=1 bass=0 ostr=0.00
[1781491041.890] [VP] profile=candidate fix=111011 chroma_seq=15626 chroma_flatness=0.0681 chroma_norm_max=0.8714 chroma_norm_mean=0.8033 chroma_final_max=0.0000 chroma_final_mean=0.0000 agc_gain=0.4928 bloom_alpha=0.9900 bloom_shift=1.0000 wave_idle=0.9850 wave_raw_margin=1.1000 wave_peak_floor=0.0800 wave_vu_floor=0.0200 wave_shift=120.0000 render_us=605 render_avg=630 render_max=1038
[1781491042.197] [AP] SSL=176 DC=-4698 max_raw=123 follower=462 peak_scaled=0.269 response_gain=3.000 silent_scale=1.000 silence=0 cal_source=config cal_valid=1 cal_reason=none | bpm=97.0 conf=0.00 lock=0 phase=0.09 beat=0 bstr=0.02 | onset=0 bass=1 ostr=0.03
[1781491042.890] [VP] profile=candidate fix=111011 chroma_seq=15827 chroma_flatness=0.0810 chroma_norm_max=0.9432 chroma_norm_mean=0.8622 chroma_final_max=0.0041 chroma_final_mean=0.0037 agc_gain=0.4988 bloom_alpha=0.9900 bloom_shift=1.0000 wave_idle=0.9850 wave_raw_margin=1.1000 wave_peak_floor=0.0800 wave_vu_floor=0.0200 wave_shift=120.0000 render_us=652 render_avg=662 render_max=1038
[1781491043.202] [AP] SSL=176 DC=-4698 max_raw=184 follower=293 peak_scaled=0.432 response_gain=3.000 silent_scale=1.000 silence=0 cal_source=config cal_valid=1 cal_reason=none | bpm=90.0 conf=0.00 lock=0 phase=0.68 beat=0 bstr=0.22 | onset=0 bass=0 ostr=0.00
[1781491043.895] [VP] profile=candidate fix=111011 chroma_seq=16029 chroma_flatness=0.0708 chroma_norm_max=0.9251 chroma_norm_mean=0.8543 chroma_final_max=0.0000 chroma_final_mean=0.0000 agc_gain=0.5130 bloom_alpha=0.9900 bloom_shift=1.0000 wave_idle=0.9850 wave_raw_margin=1.1000 wave_peak_floor=0.0800 wave_vu_floor=0.0200 wave_shift=120.0000 render_us=582 render_avg=657 render_max=1038
[1781491044.205] [AP] SSL=176 DC=-4698 max_raw=248 follower=296 peak_scaled=0.556 response_gain=3.000 silent_scale=1.000 silence=0 cal_source=config cal_valid=1 cal_reason=none | bpm=90.0 conf=0.00 lock=0 phase=0.17 beat=0 bstr=0.18 | onset=0 bass=0 ostr=0.00
[1781491044.895] [VP] profile=candidate fix=111011 chroma_seq=16230 chroma_flatness=0.1174 chroma_norm_max=1.0160 chroma_norm_mean=0.8986 chroma_final_max=0.1715 chroma_final_mean=0.1495 agc_gain=0.5140 bloom_alpha=0.9900 bloom_shift=1.0000 wave_idle=0.9850 wave_raw_margin=1.1000 wave_peak_floor=0.0800 wave_vu_floor=0.0200 wave_shift=120.0000 render_us=714 render_avg=715 render_max=1038
[1781491045.211] [AP] SSL=176 DC=-4698 max_raw=138 follower=299 peak_scaled=0.292 response_gain=3.000 silent_scale=1.000 silence=0 cal_source=config cal_valid=1 cal_reason=none | bpm=90.0 conf=0.00 lock=0 phase=0.68 beat=0 bstr=0.11 | onset=0 bass=1 ostr=0.03
[1781491045.905] [VP] profile=candidate fix=111011 chroma_seq=16433 chroma_flatness=0.0552 chroma_norm_max=0.6389 chroma_norm_mean=0.5836 chroma_final_max=0.0000 chroma_final_mean=0.0000 agc_gain=0.4513 bloom_alpha=0.9900 bloom_shift=1.0000 wave_idle=0.9850 wave_raw_margin=1.1000 wave_peak_floor=0.0800 wave_vu_floor=0.0200 wave_shift=120.0000 render_us=692 render_avg=664 render_max=1038
[1781491046.216] [AP] SSL=176 DC=-4698 max_raw=253 follower=450 peak_scaled=0.403 response_gain=3.000 silent_scale=1.000 silence=0 cal_source=config cal_valid=1 cal_reason=none | bpm=85.0 conf=0.11 lock=0 phase=0.10 beat=0 bstr=0.09 | onset=0 bass=0 ostr=0.00
[1781491046.910] [VP] profile=candidate fix=111011 chroma_seq=16634 chroma_flatness=0.1054 chroma_norm_max=0.9826 chroma_norm_mean=0.8771 chroma_final_max=0.1123 chroma_final_mean=0.0989 agc_gain=0.5292 bloom_alpha=0.9900 bloom_shift=1.0000 wave_idle=0.9850 wave_raw_margin=1.1000 wave_peak_floor=0.0800 wave_vu_floor=0.0200 wave_shift=120.0000 render_us=597 render_avg=601 render_max=1038
[1781491047.221] [AP] SSL=176 DC=-4698 max_raw=170 follower=464 peak_scaled=0.465 response_gain=3.000 silent_scale=1.000 silence=0 cal_source=config cal_valid=1 cal_reason=none | bpm=85.0 conf=0.10 lock=0 phase=0.50 beat=0 bstr=0.08 | onset=1 bass=1 ostr=0.09
[1781491047.910] [VP] profile=candidate fix=111011 chroma_seq=16835 chroma_flatness=0.0870 chroma_norm_max=0.7548 chroma_norm_mean=0.6678 chroma_final_max=0.0230 chroma_final_mean=0.0199 agc_gain=0.4718 bloom_alpha=0.9900 bloom_shift=1.0000 wave_idle=0.9850 wave_raw_margin=1.1000 wave_peak_floor=0.0800 wave_vu_floor=0.0200 wave_shift=120.0000 render_us=657 render_avg=614 render_max=1038
[1781491048.227] [AP] SSL=176 DC=-4698 max_raw=248 follower=353 peak_scaled=0.484 response_gain=3.000 silent_scale=1.000 silence=0 cal_source=config cal_valid=1 cal_reason=none | bpm=107.0 conf=0.14 lock=0 phase=0.27 beat=0 bstr=0.46 | onset=0 bass=0 ostr=0.00
[1781491048.910] [VP] profile=candidate fix=111011 chroma_seq=17036 chroma_flatness=0.0904 chroma_norm_max=0.9761 chroma_norm_mean=0.8857 chroma_final_max=0.0457 chroma_final_mean=0.0410 agc_gain=0.5266 bloom_alpha=0.9900 bloom_shift=1.0000 wave_idle=0.9850 wave_raw_margin=1.1000 wave_peak_floor=0.0800 wave_vu_floor=0.0200 wave_shift=120.0000 render_us=691 render_avg=691 render_max=1038
[1781491049.233] [AP] SSL=176 DC=-4698 max_raw=95 follower=281 peak_scaled=0.746 response_gain=3.000 silent_scale=1.000 silence=0 cal_source=config cal_valid=1 cal_reason=none | bpm=107.0 conf=0.11 lock=0 phase=0.08 beat=0 bstr=0.75 | onset=1 bass=0 ostr=0.00
[1781491049.910] [VP] profile=candidate fix=111011 chroma_seq=17237 chroma_flatness=0.0765 chroma_norm_max=0.9179 chroma_norm_mean=0.8415 chroma_final_max=0.0000 chroma_final_mean=0.0000 agc_gain=0.5189 bloom_alpha=0.9900 bloom_shift=1.0000 wave_idle=0.9850 wave_raw_margin=1.1000 wave_peak_floor=0.0800 wave_vu_floor=0.0200 wave_shift=120.0000 render_us=603 render_avg=626 render_max=1038
[1781491050.236] [AP] SSL=176 DC=-4698 max_raw=189 follower=220 peak_scaled=0.434 response_gain=3.000 silent_scale=1.000 silence=0 cal_source=config cal_valid=1 cal_reason=none | bpm=107.0 conf=0.00 lock=0 phase=0.85 beat=0 bstr=0.77 | onset=1 bass=0 ostr=0.00
[1781491050.915] [VP] profile=candidate fix=111011 chroma_seq=17439 chroma_flatness=0.1212 chroma_norm_max=1.0356 chroma_norm_mean=0.9144 chroma_final_max=0.1927 chroma_final_mean=0.1677 agc_gain=0.5151 bloom_alpha=0.9900 bloom_shift=1.0000 wave_idle=0.9850 wave_raw_margin=1.1000 wave_peak_floor=0.0800 wave_vu_floor=0.0200 wave_shift=120.0000 render_us=590 render_avg=684 render_max=1038
[1781491051.241] [AP] SSL=176 DC=-4698 max_raw=102 follower=271 peak_scaled=0.279 response_gain=3.000 silent_scale=1.000 silence=0 cal_source=config cal_valid=1 cal_reason=none | bpm=107.0 conf=0.00 lock=0 phase=0.65 beat=0 bstr=0.56 | onset=0 bass=1 ostr=0.02
[1781491051.916] [VP] profile=candidate fix=111011 chroma_seq=17640 chroma_flatness=0.0851 chroma_norm_max=0.8700 chroma_norm_mean=0.7849 chroma_final_max=0.0198 chroma_final_mean=0.0176 agc_gain=0.4936 bloom_alpha=0.9900 bloom_shift=1.0000 wave_idle=0.9850 wave_raw_margin=1.1000 wave_peak_floor=0.0800 wave_vu_floor=0.0200 wave_shift=120.0000 render_us=655 render_avg=677 render_max=1038
[1781491052.248] [AP] SSL=176 DC=-4698 max_raw=256 follower=229 peak_scaled=0.994 response_gain=3.000 silent_scale=1.000 silence=0 cal_source=config cal_valid=1 cal_reason=none | bpm=107.0 conf=0.00 lock=0 phase=0.46 beat=0 bstr=0.45 | onset=0 bass=1 ostr=0.03
[1781491052.916] [VP] profile=candidate fix=111011 chroma_seq=17841 chroma_flatness=0.1490 chroma_norm_max=1.0251 chroma_norm_mean=0.8761 chroma_final_max=0.3194 chroma_final_mean=0.2679 agc_gain=0.5353 bloom_alpha=0.9900 bloom_shift=1.0000 wave_idle=0.9850 wave_raw_margin=1.1000 wave_peak_floor=0.0800 wave_vu_floor=0.0200 wave_shift=120.0000 render_us=750 render_avg=749 render_max=1038
[1781491053.251] [AP] SSL=176 DC=-4698 max_raw=147 follower=230 peak_scaled=0.221 response_gain=3.000 silent_scale=1.000 silence=0 cal_source=config cal_valid=1 cal_reason=none | bpm=107.0 conf=0.00 lock=0 phase=0.22 beat=0 bstr=0.32 | onset=0 bass=0 ostr=0.00
[1781491053.916] [VP] profile=candidate fix=111011 chroma_seq=18041 chroma_flatness=0.1494 chroma_norm_max=0.9943 chroma_norm_mean=0.8393 chroma_final_max=0.3354 chroma_final_mean=0.2773 agc_gain=0.5102 bloom_alpha=0.9900 bloom_shift=1.0000 wave_idle=0.9850 wave_raw_margin=1.1000 wave_peak_floor=0.0800 wave_vu_floor=0.0200 wave_shift=120.0000 render_us=721 render_avg=660 render_max=1038
[1781491054.256] [AP] SSL=176 DC=-4698 max_raw=188 follower=321 peak_scaled=0.526 response_gain=3.000 silent_scale=1.000 silence=0 cal_source=config cal_valid=1 cal_reason=none | bpm=107.0 conf=0.00 lock=0 phase=0.03 beat=0 bstr=0.18 | onset=1 bass=0 ostr=0.00
[1781491054.930] [VP] profile=candidate fix=111011 chroma_seq=18246 chroma_flatness=0.1474 chroma_norm_max=0.9870 chroma_norm_mean=0.8395 chroma_final_max=0.2991 chroma_final_mean=0.2494 agc_gain=0.4913 bloom_alpha=0.9900 bloom_shift=1.0000 wave_idle=0.9850 wave_raw_margin=1.1000 wave_peak_floor=0.0800 wave_vu_floor=0.0200 wave_shift=120.0000 render_us=700 render_avg=654 render_max=1038
[1781491055.262] [AP] SSL=176 DC=-4698 max_raw=253 follower=450 peak_scaled=0.578 response_gain=3.000 silent_scale=1.000 silence=0 cal_source=config cal_valid=1 cal_reason=none | bpm=107.0 conf=0.00 lock=0 phase=0.84 beat=0 bstr=0.10 | onset=0 bass=0 ostr=0.00
[1781491055.931] [VP] profile=candidate fix=111011 chroma_seq=18447 chroma_flatness=0.0538 chroma_norm_max=0.4851 chroma_norm_mean=0.4314 chroma_final_max=0.0000 chroma_final_mean=0.0000 agc_gain=0.3283 bloom_alpha=0.9900 bloom_shift=1.0000 wave_idle=0.9850 wave_raw_margin=1.1000 wave_peak_floor=0.0800 wave_vu_floor=0.0200 wave_shift=120.0000 render_us=604 render_avg=604 render_max=1038
[1781491056.266] [AP] SSL=176 DC=-4698 max_raw=239 follower=582 peak_scaled=0.287 response_gain=3.000 silent_scale=1.000 silence=0 cal_source=config cal_valid=1 cal_reason=none | bpm=89.0 conf=0.32 lock=0 phase=0.42 beat=0 bstr=0.41 | onset=0 bass=0 ostr=0.00
[1781491056.931] [VP] profile=candidate fix=111011 chroma_seq=18647 chroma_flatness=0.1733 chroma_norm_max=0.9594 chroma_norm_mean=0.7861 chroma_final_max=0.4009 chroma_final_mean=0.3201 agc_gain=0.4988 bloom_alpha=0.9900 bloom_shift=1.0000 wave_idle=0.9850 wave_raw_margin=1.1000 wave_peak_floor=0.0800 wave_vu_floor=0.0200 wave_shift=120.0000 render_us=727 render_avg=687 render_max=1038
[1781491057.272] [AP] SSL=176 DC=-4698 max_raw=150 follower=352 peak_scaled=0.278 response_gain=3.000 silent_scale=1.000 silence=0 cal_source=config cal_valid=1 cal_reason=none | bpm=89.0 conf=0.23 lock=0 phase=0.92 beat=0 bstr=0.33 | onset=0 bass=1 ostr=0.02
[1781491057.936] [VP] profile=candidate fix=111011 chroma_seq=18849 chroma_flatness=0.1159 chroma_norm_max=1.0297 chroma_norm_mean=0.9138 chroma_final_max=0.1339 chroma_final_mean=0.1181 agc_gain=0.5270 bloom_alpha=0.9900 bloom_shift=1.0000 wave_idle=0.9850 wave_raw_margin=1.1000 wave_peak_floor=0.0800 wave_vu_floor=0.0200 wave_shift=120.0000 render_us=684 render_avg=693 render_max=1038
[1781491058.277] [AP] SSL=176 DC=-4698 max_raw=326 follower=361 peak_scaled=0.910 response_gain=3.000 silent_scale=1.000 silence=0 cal_source=config cal_valid=1 cal_reason=none | bpm=89.0 conf=0.20 lock=0 phase=0.43 beat=0 bstr=0.13 | onset=0 bass=1 ostr=0.02
[1781491058.935] [VP] profile=candidate fix=111011 chroma_seq=19050 chroma_flatness=0.0932 chroma_norm_max=0.9564 chroma_norm_mean=0.8632 chroma_final_max=0.0566 chroma_final_mean=0.0505 agc_gain=0.5395 bloom_alpha=0.9900 bloom_shift=1.0000 wave_idle=0.9850 wave_raw_margin=1.1000 wave_peak_floor=0.0800 wave_vu_floor=0.0200 wave_shift=120.0000 render_us=661 render_avg=665 render_max=1038
[1781491059.282] [AP] SSL=176 DC=-4698 max_raw=202 follower=337 peak_scaled=0.872 response_gain=3.000 silent_scale=1.000 silence=0 cal_source=config cal_valid=1 cal_reason=none | bpm=105.0 conf=0.07 lock=0 phase=0.14 beat=0 bstr=0.04 | onset=1 bass=0 ostr=0.00
[1781491059.936] [VP] profile=candidate fix=111011 chroma_seq=19251 chroma_flatness=0.0983 chroma_norm_max=1.0103 chroma_norm_mean=0.9119 chroma_final_max=0.0834 chroma_final_mean=0.0744 agc_gain=0.5532 bloom_alpha=0.9900 bloom_shift=1.0000 wave_idle=0.9850 wave_raw_margin=1.1000 wave_peak_floor=0.0800 wave_vu_floor=0.0200 wave_shift=120.0000 render_us=700 render_avg=657 render_max=1038
[1781491060.286] [AP] SSL=176 DC=-4698 max_raw=174 follower=321 peak_scaled=0.850 response_gain=3.000 silent_scale=1.000 silence=0 cal_source=config cal_valid=1 cal_reason=none | bpm=105.0 conf=0.04 lock=0 phase=0.91 beat=0 bstr=0.03 | onset=0 bass=1 ostr=0.02
[1781491060.936] [VP] profile=candidate fix=111011 chroma_seq=19452 chroma_flatness=0.0842 chroma_norm_max=0.9206 chroma_norm_mean=0.8364 chroma_final_max=0.0173 chroma_final_mean=0.0155 agc_gain=0.5001 bloom_alpha=0.9900 bloom_shift=1.0000 wave_idle=0.9850 wave_raw_margin=1.1000 wave_peak_floor=0.0800 wave_vu_floor=0.0200 wave_shift=120.0000 render_us=635 render_avg=648 render_max=1038
[1781491061.292] [AP] SSL=176 DC=-4698 max_raw=146 follower=222 peak_scaled=0.309 response_gain=3.000 silent_scale=1.000 silence=0 cal_source=config cal_valid=1 cal_reason=none | bpm=105.0 conf=0.05 lock=0 phase=0.68 beat=0 bstr=0.02 | onset=1 bass=0 ostr=0.00
[1781491061.950] [VP] profile=candidate fix=111011 chroma_seq=19656 chroma_flatness=0.0831 chroma_norm_max=1.0112 chroma_norm_mean=0.9281 chroma_final_max=0.0142 chroma_final_mean=0.0129 agc_gain=0.5313 bloom_alpha=0.9900 bloom_shift=1.0000 wave_idle=0.9850 wave_raw_margin=1.1000 wave_peak_floor=0.0800 wave_vu_floor=0.0200 wave_shift=120.0000 render_us=660 render_avg=653 render_max=1038
[1781491062.297] [AP] SSL=176 DC=-4698 max_raw=280 follower=299 peak_scaled=0.868 response_gain=3.000 silent_scale=1.000 silence=0 cal_source=config cal_valid=1 cal_reason=none | bpm=105.0 conf=0.05 lock=0 phase=0.42 beat=0 bstr=0.02 | onset=0 bass=0 ostr=0.00
[1781491062.951] [VP] profile=candidate fix=111011 chroma_seq=19857 chroma_flatness=0.0733 chroma_norm_max=0.9449 chroma_norm_mean=0.8716 chroma_final_max=0.0000 chroma_final_mean=0.0000 agc_gain=0.5264 bloom_alpha=0.9900 bloom_shift=1.0000 wave_idle=0.9850 wave_raw_margin=1.1000 wave_peak_floor=0.0800 wave_vu_floor=0.0200 wave_shift=120.0000 render_us=595 render_avg=620 render_max=1038
[1781491063.302] [AP] SSL=176 DC=-4698 max_raw=210 follower=239 peak_scaled=0.413 response_gain=3.000 silent_scale=1.000 silence=0 cal_source=config cal_valid=1 cal_reason=none | bpm=105.0 conf=0.05 lock=0 phase=0.19 beat=0 bstr=0.01 | onset=0 bass=0 ostr=0.00
[1781491063.955] [VP] profile=candidate fix=111011 chroma_seq=20059 chroma_flatness=0.1342 chroma_norm_max=0.9437 chroma_norm_mean=0.8095 chroma_final_max=0.2285 chroma_final_mean=0.1922 agc_gain=0.5181 bloom_alpha=0.9900 bloom_shift=1.0000 wave_idle=0.9850 wave_raw_margin=1.1000 wave_peak_floor=0.0800 wave_vu_floor=0.0200 wave_shift=120.0000 render_us=693 render_avg=681 render_max=1038
[1781491064.306] [AP] SSL=176 DC=-4698 max_raw=178 follower=396 peak_scaled=0.647 response_gain=3.000 silent_scale=1.000 silence=0 cal_source=config cal_valid=1 cal_reason=none | bpm=105.0 conf=0.00 lock=0 phase=0.96 beat=0 bstr=0.01 | onset=0 bass=1 ostr=0.02
[1781491064.967] [VP] profile=candidate fix=111011 chroma_seq=20262 chroma_flatness=0.1360 chroma_norm_max=1.0097 chroma_norm_mean=0.8737 chroma_final_max=0.2550 chroma_final_mean=0.2168 agc_gain=0.5266 bloom_alpha=0.9900 bloom_shift=1.0000 wave_idle=0.9850 wave_raw_margin=1.1000 wave_peak_floor=0.0800 wave_vu_floor=0.0200 wave_shift=120.0000 render_us=735 render_avg=671 render_max=1038
[1781491065.311] [AP] SSL=176 DC=-4698 max_raw=138 follower=399 peak_scaled=0.257 response_gain=3.000 silent_scale=1.000 silence=0 cal_source=config cal_valid=1 cal_reason=none | bpm=105.0 conf=0.00 lock=0 phase=0.69 beat=0 bstr=0.01 | onset=0 bass=0 ostr=0.00
[1781491065.966] [VP] profile=candidate fix=111011 chroma_seq=20463 chroma_flatness=0.0990 chroma_norm_max=0.9377 chroma_norm_mean=0.8387 chroma_final_max=0.0795 chroma_final_mean=0.0701 agc_gain=0.4936 bloom_alpha=0.9900 bloom_shift=1.0000 wave_idle=0.9850 wave_raw_margin=1.1000 wave_peak_floor=0.0800 wave_vu_floor=0.0200 wave_shift=120.0000 render_us=658 render_avg=630 render_max=1038
[1781491066.317] [AP] SSL=176 DC=-4698 max_raw=220 follower=267 peak_scaled=0.506 response_gain=3.000 silent_scale=1.000 silence=0 cal_source=config cal_valid=1 cal_reason=none | bpm=105.0 conf=0.00 lock=0 phase=0.46 beat=0 bstr=0.02 | onset=0 bass=0 ostr=0.00
[1781491066.970] [VP] profile=candidate fix=111011 chroma_seq=20665 chroma_flatness=0.0802 chroma_norm_max=0.9508 chroma_norm_mean=0.8706 chroma_final_max=0.0009 chroma_final_mean=0.0009 agc_gain=0.5345 bloom_alpha=0.9900 bloom_shift=1.0000 wave_idle=0.9850 wave_raw_margin=1.1000 wave_peak_floor=0.0800 wave_vu_floor=0.0200 wave_shift=120.0000 render_us=693 render_avg=695 render_max=1038
[1781491067.322] [AP] SSL=176 DC=-4698 max_raw=201 follower=528 peak_scaled=1.149 response_gain=3.000 silent_scale=1.000 silence=0 cal_source=config cal_valid=1 cal_reason=none | bpm=105.0 conf=0.00 lock=0 phase=0.24 beat=0 bstr=0.02 | onset=0 bass=1 ostr=0.04
[1781491067.980] [VP] profile=candidate fix=111011 chroma_seq=20868 chroma_flatness=0.0834 chroma_norm_max=0.7931 chroma_norm_mean=0.7098 chroma_final_max=0.0117 chroma_final_mean=0.0103 agc_gain=0.4506 bloom_alpha=0.9900 bloom_shift=1.0000 wave_idle=0.9850 wave_raw_margin=1.1000 wave_peak_floor=0.0800 wave_vu_floor=0.0200 wave_shift=120.0000 render_us=652 render_avg=610 render_max=1038
[1781491068.327] [AP] SSL=176 DC=-4698 max_raw=234 follower=606 peak_scaled=0.260 response_gain=3.000 silent_scale=1.000 silence=0 cal_source=config cal_valid=1 cal_reason=none | bpm=97.0 conf=0.05 lock=0 phase=1.00 beat=0 bstr=0.15 | onset=1 bass=0 ostr=0.00
[1781491068.980] [VP] profile=candidate fix=111011 chroma_seq=21069 chroma_flatness=0.1435 chroma_norm_max=0.9766 chroma_norm_mean=0.8331 chroma_final_max=0.2783 chroma_final_mean=0.2328 agc_gain=0.4884 bloom_alpha=0.9900 bloom_shift=1.0000 wave_idle=0.9850 wave_raw_margin=1.1000 wave_peak_floor=0.0800 wave_vu_floor=0.0200 wave_shift=120.0000 render_us=684 render_avg=665 render_max=1038
[1781491069.332] [AP] SSL=176 DC=-4698 max_raw=128 follower=490 peak_scaled=0.208 response_gain=3.000 silent_scale=1.000 silence=0 cal_source=config cal_valid=1 cal_reason=none | bpm=97.0 conf=0.06 lock=0 phase=0.64 beat=0 bstr=0.51 | onset=0 bass=1 ostr=0.02
[1781491069.981] [VP] profile=candidate fix=111011 chroma_seq=21270 chroma_flatness=0.1015 chroma_norm_max=1.0176 chroma_norm_mean=0.9160 chroma_final_max=0.0988 chroma_final_mean=0.0879 agc_gain=0.5040 bloom_alpha=0.9900 bloom_shift=1.0000 wave_idle=0.9850 wave_raw_margin=1.1000 wave_peak_floor=0.0800 wave_vu_floor=0.0200 wave_shift=120.0000 render_us=647 render_avg=646 render_max=1038
[1781491070.337] [AP] SSL=176 DC=-4698 max_raw=90 follower=367 peak_scaled=0.233 response_gain=3.000 silent_scale=1.000 silence=0 cal_source=config cal_valid=1 cal_reason=none | bpm=97.0 conf=0.06 lock=0 phase=0.28 beat=0 bstr=0.26 | onset=0 bass=0 ostr=0.00
[1781491070.996] [VP] profile=candidate fix=111011 chroma_seq=21473 chroma_flatness=0.1177 chroma_norm_max=0.9671 chroma_norm_mean=0.8494 chroma_final_max=0.1636 chroma_final_mean=0.1414 agc_gain=0.4693 bloom_alpha=0.9900 bloom_shift=1.0000 wave_idle=0.9850 wave_raw_margin=1.1000 wave_peak_floor=0.0800 wave_vu_floor=0.0200 wave_shift=120.0000 render_us=670 render_avg=636 render_max=1038
[1781491071.341] [AP] SSL=176 DC=-4698 max_raw=174 follower=382 peak_scaled=0.217 response_gain=3.000 silent_scale=1.000 silence=0 cal_source=config cal_valid=1 cal_reason=none | bpm=97.0 conf=0.12 lock=0 phase=0.88 beat=0 bstr=0.21 | onset=0 bass=0 ostr=0.00
[1781491071.996] [VP] profile=candidate fix=111011 chroma_seq=21674 chroma_flatness=0.0891 chroma_norm_max=0.9077 chroma_norm_mean=0.8185 chroma_final_max=0.0369 chroma_final_mean=0.0328 agc_gain=0.5224 bloom_alpha=0.9900 bloom_shift=1.0000 wave_idle=0.9850 wave_raw_margin=1.1000 wave_peak_floor=0.0800 wave_vu_floor=0.0200 wave_shift=120.0000 render_us=650 render_avg=656 render_max=1038
[1781491072.347] [AP] SSL=176 DC=-4698 max_raw=166 follower=304 peak_scaled=0.431 response_gain=3.000 silent_scale=1.000 silence=0 cal_source=config cal_valid=1 cal_reason=none | bpm=97.0 conf=0.12 lock=0 phase=0.51 beat=0 bstr=0.31 | onset=1 bass=0 ostr=0.00
[1781491072.997] [VP] profile=candidate fix=111011 chroma_seq=21875 chroma_flatness=0.1098 chroma_norm_max=0.5145 chroma_norm_mean=0.4047 chroma_final_max=0.0618 chroma_final_mean=0.0454 agc_gain=0.2540 bloom_alpha=0.9900 bloom_shift=1.0000 wave_idle=0.9850 wave_raw_margin=1.1000 wave_peak_floor=0.0800 wave_vu_floor=0.0200 wave_shift=120.0000 render_us=738 render_avg=680 render_max=1038
[1781491073.352] [AP] SSL=176 DC=-4698 max_raw=289 follower=1013 peak_scaled=0.694 response_gain=3.000 silent_scale=1.000 silence=0 cal_source=config cal_valid=1 cal_reason=none | bpm=85.0 conf=0.29 lock=0 phase=0.09 beat=0 bstr=0.04 | onset=0 bass=0 ostr=0.00
[1781491074.011] [VP] profile=candidate fix=111011 chroma_seq=22078 chroma_flatness=0.0662 chroma_norm_max=0.5346 chroma_norm_mean=0.4684 chroma_final_max=0.0000 chroma_final_mean=0.0000 agc_gain=0.4182 bloom_alpha=0.9900 bloom_shift=1.0000 wave_idle=0.9850 wave_raw_margin=1.1000 wave_peak_floor=0.0800 wave_vu_floor=0.0200 wave_shift=120.0000 render_us=612 render_avg=597 render_max=1038
[1781491074.357] [AP] SSL=176 DC=-4698 max_raw=275 follower=567 peak_scaled=0.381 response_gain=3.000 silent_scale=1.000 silence=0 cal_source=config cal_valid=1 cal_reason=none | bpm=85.0 conf=0.30 lock=0 phase=0.50 beat=0 bstr=0.05 | onset=0 bass=1 ostr=0.02
[1781491075.011] [VP] profile=candidate fix=111011 chroma_seq=22279 chroma_flatness=0.0854 chroma_norm_max=0.8758 chroma_norm_mean=0.7904 chroma_final_max=0.0211 chroma_final_mean=0.0188 agc_gain=0.5486 bloom_alpha=0.9900 bloom_shift=1.0000 wave_idle=0.9850 wave_raw_margin=1.1000 wave_peak_floor=0.0800 wave_vu_floor=0.0200 wave_shift=120.0000 render_us=664 render_avg=648 render_max=1038
[1781491075.362] [AP] SSL=176 DC=-4698 max_raw=124 follower=311 peak_scaled=0.232 response_gain=3.000 silent_scale=1.000 silence=0 cal_source=config cal_valid=1 cal_reason=none | bpm=85.0 conf=0.29 lock=0 phase=0.93 beat=0 bstr=0.04 | onset=0 bass=1 ostr=0.02
[1781491076.011] [VP] profile=candidate fix=111011 chroma_seq=22480 chroma_flatness=0.0830 chroma_norm_max=0.9480 chroma_norm_mean=0.8650 chroma_final_max=0.0127 chroma_final_mean=0.0114 agc_gain=0.5447 bloom_alpha=0.9900 bloom_shift=1.0000 wave_idle=0.9850 wave_raw_margin=1.1000 wave_peak_floor=0.0800 wave_vu_floor=0.0200 wave_shift=120.0000 render_us=643 render_avg=675 render_max=1038
[1781491076.367] [AP] SSL=176 DC=-4698 max_raw=90 follower=256 peak_scaled=0.160 response_gain=3.000 silent_scale=1.000 silence=0 cal_source=config cal_valid=1 cal_reason=none | bpm=85.0 conf=0.07 lock=0 phase=0.37 beat=0 bstr=0.12 | onset=0 bass=0 ostr=0.00
[1781491077.026] [VP] profile=candidate fix=111011 chroma_seq=22684 chroma_flatness=0.1260 chroma_norm_max=1.0426 chroma_norm_mean=0.9166 chroma_final_max=0.2170 chroma_final_mean=0.1880 agc_gain=0.5577 bloom_alpha=0.9900 bloom_shift=1.0000 wave_idle=0.9850 wave_raw_margin=1.1000 wave_peak_floor=0.0800 wave_vu_floor=0.0200 wave_shift=120.0000 render_us=690 render_avg=654 render_max=1038
[1781491077.372] [AP] SSL=176 DC=-4698 max_raw=111 follower=306 peak_scaled=0.479 response_gain=3.000 silent_scale=1.000 silence=0 cal_source=config cal_valid=1 cal_reason=none | bpm=85.0 conf=0.00 lock=0 phase=0.77 beat=0 bstr=0.11 | onset=0 bass=0 ostr=0.00
[1781491078.036] [VP] profile=candidate fix=111011 chroma_seq=22887 chroma_flatness=0.2137 chroma_norm_max=1.1090 chroma_norm_mean=0.8952 chroma_final_max=0.6747 chroma_final_mean=0.5317 agc_gain=0.5492 bloom_alpha=0.9900 bloom_shift=1.0000 wave_idle=0.9850 wave_raw_margin=1.1000 wave_peak_floor=0.0800 wave_vu_floor=0.0200 wave_shift=120.0000 render_us=688 render_avg=703 render_max=1038
[1781491078.377] [AP] SSL=176 DC=-4698 max_raw=129 follower=242 peak_scaled=0.301 response_gain=3.000 silent_scale=1.000 silence=0 cal_source=config cal_valid=1 cal_reason=none | bpm=85.0 conf=0.00 lock=0 phase=0.20 beat=0 bstr=0.18 | onset=0 bass=0 ostr=0.00
[1781491079.041] [VP] profile=candidate fix=111011 chroma_seq=23089 chroma_flatness=0.0581 chroma_norm_max=0.9816 chroma_norm_mean=0.9236 chroma_final_max=0.0000 chroma_final_mean=0.0000 agc_gain=0.5531 bloom_alpha=0.9900 bloom_shift=1.0000 wave_idle=0.9850 wave_raw_margin=1.1000 wave_peak_floor=0.0800 wave_vu_floor=0.0200 wave_shift=120.0000 render_us=603 render_avg=640 render_max=1038
[1781491079.382] [AP] SSL=176 DC=-4698 max_raw=256 follower=393 peak_scaled=0.494 response_gain=3.000 silent_scale=1.000 silence=0 cal_source=config cal_valid=1 cal_reason=none | bpm=85.0 conf=0.00 lock=0 phase=0.64 beat=0 bstr=0.18 | onset=0 bass=0 ostr=0.00
[1781491080.041] [VP] profile=candidate fix=111011 chroma_seq=23289 chroma_flatness=0.1239 chroma_norm_max=1.0011 chroma_norm_mean=0.8800 chroma_final_max=0.2324 chroma_final_mean=0.1990 agc_gain=0.5445 bloom_alpha=0.9900 bloom_shift=1.0000 wave_idle=0.9850 wave_raw_margin=1.1000 wave_peak_floor=0.0800 wave_vu_floor=0.0200 wave_shift=120.0000 render_us=712 render_avg=645 render_max=1038
[1781491080.387] [AP] SSL=176 DC=-4698 max_raw=225 follower=331 peak_scaled=0.350 response_gain=3.000 silent_scale=1.000 silence=0 cal_source=config cal_valid=1 cal_reason=none | bpm=85.0 conf=0.00 lock=0 phase=0.04 beat=0 bstr=0.46 | onset=0 bass=0 ostr=0.00
[1781491081.052] [VP] profile=candidate fix=111011 chroma_seq=23492 chroma_flatness=0.1478 chroma_norm_max=1.0666 chroma_norm_mean=0.9187 chroma_final_max=0.3278 chroma_final_mean=0.2776 agc_gain=0.5540 bloom_alpha=0.9900 bloom_shift=1.0000 wave_idle=0.9850 wave_raw_margin=1.1000 wave_peak_floor=0.0800 wave_vu_floor=0.0200 wave_shift=120.0000 render_us=735 render_avg=673 render_max=1038
[1781491081.392] [AP] SSL=176 DC=-4698 max_raw=230 follower=504 peak_scaled=0.259 response_gain=3.000 silent_scale=1.000 silence=0 cal_source=config cal_valid=1 cal_reason=none | bpm=85.0 conf=0.10 lock=0 phase=0.47 beat=0 bstr=0.45 | onset=1 bass=0 ostr=0.00
[1781491082.056] [VP] profile=candidate fix=111011 chroma_seq=23694 chroma_flatness=0.0963 chroma_norm_max=0.8501 chroma_norm_mean=0.7537 chroma_final_max=0.0613 chroma_final_mean=0.0534 agc_gain=0.5204 bloom_alpha=0.9900 bloom_shift=1.0000 wave_idle=0.9850 wave_raw_margin=1.1000 wave_peak_floor=0.0800 wave_vu_floor=0.0200 wave_shift=120.0000 render_us=592 render_avg=636 render_max=1038
[1781491082.397] [AP] SSL=176 DC=-4698 max_raw=111 follower=301 peak_scaled=0.362 response_gain=3.000 silent_scale=1.000 silence=0 cal_source=config cal_valid=1 cal_reason=none | bpm=93.0 conf=0.13 lock=0 phase=1.00 beat=0 bstr=0.05 | onset=0 bass=0 ostr=0.00
[1781491083.056] [VP] profile=candidate fix=111011 chroma_seq=23895 chroma_flatness=0.1051 chroma_norm_max=1.0221 chroma_norm_mean=0.9170 chroma_final_max=0.1160 chroma_final_mean=0.1028 agc_gain=0.5656 bloom_alpha=0.9900 bloom_shift=1.0000 wave_idle=0.9850 wave_raw_margin=1.1000 wave_peak_floor=0.0800 wave_vu_floor=0.0200 wave_shift=120.0000 render_us=651 render_avg=666 render_max=1038
[1781491083.402] [AP] SSL=176 DC=-4698 max_raw=170 follower=402 peak_scaled=0.519 response_gain=3.000 silent_scale=1.000 silence=0 cal_source=config cal_valid=1 cal_reason=none | bpm=93.0 conf=0.11 lock=0 phase=0.53 beat=0 bstr=0.04 | onset=0 bass=0 ostr=0.00
[1781491084.056] [VP] profile=candidate fix=111011 chroma_seq=24095 chroma_flatness=0.0799 chroma_norm_max=0.9279 chroma_norm_mean=0.8479 chroma_final_max=0.0000 chroma_final_mean=0.0000 agc_gain=0.5144 bloom_alpha=0.9900 bloom_shift=1.0000 wave_idle=0.9850 wave_raw_margin=1.1000 wave_peak_floor=0.0800 wave_vu_floor=0.0200 wave_shift=120.0000 render_us=597 render_avg=638 render_max=1038
[1781491084.407] [AP] SSL=176 DC=-4698 max_raw=193 follower=732 peak_scaled=0.346 response_gain=3.000 silent_scale=1.000 silence=0 cal_source=config cal_valid=1 cal_reason=none | bpm=93.0 conf=0.05 lock=0 phase=0.10 beat=0 bstr=0.10 | onset=0 bass=0 ostr=0.00
[1781491085.057] [VP] profile=candidate fix=111011 chroma_seq=24296 chroma_flatness=0.0803 chroma_norm_max=0.6220 chroma_norm_mean=0.5417 chroma_final_max=0.0009 chroma_final_mean=0.0007 agc_gain=0.4377 bloom_alpha=0.9900 bloom_shift=1.0000 wave_idle=0.9850 wave_raw_margin=1.1000 wave_peak_floor=0.0800 wave_vu_floor=0.0200 wave_shift=120.0000 render_us=644 render_avg=623 render_max=1038
[1781491085.413] [AP] SSL=176 DC=-4698 max_raw=100 follower=507 peak_scaled=0.267 response_gain=3.000 silent_scale=1.000 silence=0 cal_source=config cal_valid=1 cal_reason=none | bpm=75.0 conf=0.37 lock=0 phase=0.63 beat=0 bstr=0.25 | onset=0 bass=1 ostr=0.04
[1781491086.061] [VP] profile=candidate fix=111011 chroma_seq=24498 chroma_flatness=0.0527 chroma_norm_max=0.7112 chroma_norm_mean=0.6585 chroma_final_max=0.0000 chroma_final_mean=0.0000 agc_gain=0.4098 bloom_alpha=0.9900 bloom_shift=1.0000 wave_idle=0.9850 wave_raw_margin=1.1000 wave_peak_floor=0.0800 wave_vu_floor=0.0200 wave_shift=120.0000 render_us=541 render_avg=640 render_max=1038
[1781491086.417] [AP] SSL=176 DC=-4698 max_raw=1038 follower=1174 peak_scaled=1.917 response_gain=3.000 silent_scale=1.000 silence=0 cal_source=config cal_valid=1 cal_reason=none | bpm=94.0 conf=0.49 lock=0 phase=0.08 beat=0 bstr=0.06 | onset=1 bass=0 ostr=0.00
[1781491087.061] [VP] profile=candidate fix=111011 chroma_seq=24698 chroma_flatness=0.0334 chroma_norm_max=0.3280 chroma_norm_mean=0.2946 chroma_final_max=0.0000 chroma_final_mean=0.0000 agc_gain=0.2960 bloom_alpha=0.9900 bloom_shift=1.0000 wave_idle=0.9850 wave_raw_margin=1.1000 wave_peak_floor=0.0800 wave_vu_floor=0.0200 wave_shift=120.0000 render_us=597 render_avg=595 render_max=1038
[1781491087.151] >>> :smart_status
[1781491087.165] sbr{{
[1781491087.165] SMART_ASSIST: off
[1781491087.165] SMART_SWITCHING: off
[1781491087.165] SMART_DIRECTOR_AUTONOMY: off
[1781491087.165] SMART_HOOKS: off
[1781491087.165] SMART_CONFIDENCE_FLOOR: 0.080
[1781491087.165] SMART_APPLIED_MODE: 3
[1781491087.165] SMART_LAST_REQUESTED_MODE: 3
[1781491087.166] SMART_SWITCHES_IN_WINDOW: 0
[1781491087.166] SMART_MANUAL_OWNER_ACTIVE: 0
[1781491087.166] SMART_LAST_REASON: 0
[1781491087.166] SMART_STATE: 0
[1781491087.166] SMART_INTENT_MODE: 3
[1781491087.166] SMART_INTENT_CONFIDENCE: 0.000
[1781491087.166] SMART_INTENT_WANTS_SWITCH: 0
[1781491087.166] SMART_SCALAR_PHOTONS: 1.000
[1781491087.166] SMART_SCALAR_CHROMA: 1.000
[1781491087.167] SMART_SCALAR_MOOD: 1.000
[1781491087.167] SMART_SCALAR_SATURATION: 1.000
[1781491087.167] SMART_PALETTE_OVERLAY: 0
[1781491087.167] SMART_PALETTE_INDEX: 0
[1781491087.167] SMART_AUTO_COLOUR_SHIFT: 0
[1781491087.167] SMART_MIN_DWELL_MS: 8000
[1781491087.167] SMART_COOLDOWN_MS: 20000
[1781491087.167] SMART_SWITCH_WINDOW_MS: 60000
[1781491087.167] SMART_MAX_SWITCHES: 2
[1781491087.167] SMART_AUDIO_NOVELTY: 0.0340
[1781491087.168] SMART_AUDIO_ENERGY: 0.1393
[1781491087.168] SMART_EVENT_ID: 1149
[1781491087.168] SMART_EVENT_AGE_MS: 230
[1781491087.168] SMART_ONSET: 0
[1781491087.168] SMART_BASS_ONSET: 0
[1781491087.168] SMART_BEAT_CONFIDENCE: 0.000
[1781491087.168] SMART_TRANSIENT: 0
[1781491087.168] SMART_KICK: 0
[1781491087.168] SMART_SNARE: 0
[1781491087.168] SMART_HIHAT: 0
[1781491087.168] SMART_TRANSIENT_LEVEL: 0.001
[1781491087.169] SMART_KICK_LEVEL: 0.000
[1781491087.169] SMART_SNARE_LEVEL: 0.000
[1781491087.169] SMART_HIHAT_LEVEL: 0.005
[1781491087.169] SMART_SNARE_EVENT_ID: 411
[1781491087.169] SMART_HIHAT_EVENT_ID: 1454
[1781491087.169] }}
[1781491087.422] [AP] SSL=176 DC=-4698 max_raw=165 follower=908 peak_scaled=0.100 response_gain=3.000 silent_scale=1.000 silence=0 cal_source=config cal_valid=1 cal_reason=none | bpm=75.0 conf=0.71 lock=1 phase=0.30 beat=0 bstr=0.21 | onset=0 bass=1 ostr=0.03
[1781491087.858] >>> :dump
[1781491087.865] sbr{{
[1781491087.865] FIRMWARE_VERSION: 40103
[1781491087.865] CHIP ID: F887A500
[1781491087.865] noise_button.pressed: 0
[1781491087.865] noise_button.last_down: 0
[1781491087.865] noise_button.last_up: 0
[1781491087.865] noise_button.pin: 255
[1781491087.865] mode_button.pressed: 0
[1781491087.866] mode_button.last_down: 0
[1781491087.866] mode_button.last_up: 0
[1781491087.866] mode_button.pin: 255
[1781491087.866] CONFIG.PHOTONS: 0.650000
[1781491087.866] CONFIG.CHROMA: 0.000000
[1781491087.866] CONFIG.MOOD: 0.150000
[1781491087.866] CONFIG.LIGHTSHOW_MODE: 8
[1781491087.866] CONFIG.MIRROR_ENABLED: 1
[1781491087.866] CONFIG.CHROMAGRAM_RANGE: 60
[1781491087.866] CONFIG.SAMPLE_RATE: 12800
[1781491087.867] CONFIG.NOTE_OFFSET: 12
[1781491087.867] CONFIG.SQUARE_ITER: 1.00
[1781491087.867] CONFIG.LED_TYPE: 0
[1781491087.867] CONFIG.LED_COUNT: 160
[1781491087.867] CONFIG.LED_COLOR_ORDER: 66
[1781491087.867] CONFIG.SAMPLES_PER_CHUNK: 96
[1781491087.867] CONFIG.SENSITIVITY: 2.400000
[1781491087.868] AUDIO_RESPONSE_GAIN: 3.000000
[1781491087.868] CONFIG.BOOT_ANIMATION: 1
[1781491087.868] CONFIG.SWEET_SPOT_MIN_LEVEL: 176
[1781491087.868] CONFIG.SWEET_SPOT_MAX_LEVEL: 30000
[1781491087.868] CONFIG.DC_OFFSET: -4698
[1781491087.868] CAL_SOURCE: config
[1781491087.868] CAL_VALID: 1
[1781491087.868] CAL_PROFILE_LOADED: 0
[1781491087.868] NOISE_CAL_REASON: none
[1781491087.868] NOISE_CAL_DC_SAMPLES: 0
[1781491087.869] NOISE_CAL_SSL_P50: 0.0
[1781491087.869] NOISE_CAL_SSL_P90: 0.0
[1781491087.869] CONFIG.STANDBY_DIMMING: 0
[1781491087.869] CONFIG.REVERSE_ORDER: 0
[1781491087.869] CONFIG.MAX_CURRENT_MA: 1500
[1781491087.869] CONFIG.TEMPORAL_DITHERING: 1
[1781491087.869] CONFIG.AUTO_COLOR_SHIFT: 0
[1781491087.869] CONFIG.INCANDESCENT_FILTER: 0.00
[1781491087.869] CONFIG.INCANDESCENT_MODE: 0
[1781491087.869] CONFIG.BULB_OPACITY: 0.00
[1781491087.870] CONFIG.SATURATION: 1.00
[1781491087.870] CONFIG.PRISM_COUNT: 1.00
[1781491087.870] CONFIG.BASE_COAT: 0
[1781491087.870] CONFIG.BASE_COAT_INTENSITY: 0.000
[1781491087.870] MASTER_BRIGHTNESS: 1.00
[1781491087.870] stream_audio: 0
[1781491087.870] stream_fps: 0
[1781491087.870] stream_max_mags: 0
[1781491087.870] stream_max_mags_followers: 0
[1781491087.870] stream_magnitudes: 0
[1781491087.870] stream_spectrogram: 0
[1781491087.870] stream_chromagram: 0
[1781491087.871] debug_mode: 0
[1781491087.871] noise_complete: 1
[1781491087.871] noise_iterations: 0
[1781491087.871] next_save_time: 0
[1781491087.871] settings_updated: 0
[1781491087.871] I2S_PORT: 0
[1781491087.871] SAMPLE_HISTORY_LENGTH: 4096
[1781491087.871] silence: 0
[1781491087.871] mode_destination: -1
[1781491087.871] SYSTEM_FPS: 167.75
[1781491087.871] LED_FPS: 201.28
[1781491087.871] }}
[1781491088.061] [VP] profile=candidate fix=111011 chroma_seq=24899 chroma_flatness=0.0434 chroma_norm_max=0.5331 chroma_norm_mean=0.4897 chroma_final_max=0.0000 chroma_final_mean=0.0000 agc_gain=0.4298 bloom_alpha=0.9900 bloom_shift=1.0000 wave_idle=0.9850 wave_raw_margin=1.1000 wave_peak_floor=0.0800 wave_vu_floor=0.0200 wave_shift=120.0000 render_us=606 render_avg=621 render_max=1038
[1781491088.429] [AP] SSL=176 DC=-4698 max_raw=100 follower=560 peak_scaled=0.268 response_gain=3.000 silent_scale=1.000 silence=0 cal_source=config cal_valid=1 cal_reason=none | bpm=73.0 conf=0.80 lock=1 phase=0.75 beat=0 bstr=0.08 | onset=0 bass=0 ostr=0.00
[1781491088.568] >>> :ap_stream=off
[1781491088.585] sbr{{
[1781491088.585] AP_STREAM: off
[1781491088.585] }}
[1781491089.061] [VP] profile=candidate fix=111011 chroma_seq=25099 chroma_flatness=0.0983 chroma_norm_max=0.8970 chroma_norm_mean=0.7986 chroma_final_max=0.0731 chroma_final_mean=0.0641 agc_gain=0.5469 bloom_alpha=0.9900 bloom_shift=1.0000 wave_idle=0.9850 wave_raw_margin=1.1000 wave_peak_floor=0.0800 wave_vu_floor=0.0200 wave_shift=120.0000 render_us=679 render_avg=654 render_max=1038
[1781491089.278] >>> :vp_stream=off
[1781491089.280] sbr{{
[1781491089.280] VP_STREAM: off
[1781491089.280] }}
[1781491089.984] >>> :ap_stream=off
[1781491090.000] sbr{{
[1781491090.000] AP_STREAM: off
[1781491090.000] }}
[1781491090.139] >>> :vp_stream=off
[1781491090.145] sbr{{
[1781491090.145] VP_STREAM: off
[1781491090.145] }}
[1781491090.294] >>> :vp_perf=stop
[1781491090.295] sbr{{
[1781491090.295] VP_PERF: disabled (compile with ENABLE_VP_PERF_AUDIT=1)
[1781491090.295] }}
[1781491090.449] >>> :stop
[1781491090.450] SBOK
