[1781095543.847] #DEVICE role=main-k1 name=main-1401 port=/dev/cu.usbmodem1401 expected_chip_id=F887A500 env=k1_hardware
[1781095543.847] >>> :version
[1781095543.847] t=0 bstr=0.93 | onset=0 bass=0 ostr=0.00
[1781095543.848] [AP] SSL=259 DC=-4994 max_raw=1075 follower=3009 peak_scaled=0.342 silent_scale=1.000 silence=0 cal_source=config cal_valid=1 | bpm=124.0 conf=0.00 lock=0 phase=0.70 beat=0 bstr=0.97 | onset=0 bass=0 ostr=0.00
[1781095543.848] [K1WS] client 0 state.get id=84
[1781095543.848] [AP] SSL=259 DC=-4994 max_raw=883 follower=2659 peak_scaled=0.337 silent_scale=1.000 silence=0 cal_source=config cal_valid=1 | bpm=124.0 conf=0.00 lock=0 phase=0.79 beat=0 bstr=0.99 | onset=0 bass=0 ostr=0.00
[1781095543.848] [AP] SSL=259 DC=-4994 max_raw=1200 follower=2557 peak_scaled=0.374 silent_scale=1.000 silence=0 cal_source=config cal_valid=1 | bpm=124.0 conf=0.00 lock=0 phase=0.85 beat=0 bstr=1.00 | onset=0 bass=0 ostr=0.00
[1781095543.849] [AP] SSL=259 DC=-4994 max_raw=2287 follower=9148 peak_scaled=0.191 silent_scale=1.000 silence=0 cal_source=config cal_valid=1 | bpm=124.0 conf=0.00 lock=0 phase=0.92 beat=0 bstr=0.99 | onset=0 bass=0 ostr=0.00
[1781095543.849] [AP] SSL=259 DC=-4994 max_raw=2866 follower=5513 peak_scaled=0.409 silent_scale=1.000 silence=0 cal_source=config cal_valid=1 | bpm=124.0 conf=0.00 lock=0 phase=0.02 beat=0 bstr=0.98 | onset=0 bass=0 ostr=0.00
[1781095543.849] [AP] SSL=259 DC=-4994 max_raw=2981 follower=3586 peak_scaled=0.780 silent_scale=1.000 silence=0 cal_source=config cal_valid=1 | bpm=124.0 conf=0.25 lock=0 phase=0.09 beat=0 bstr=0.99 | onset=0 bass=0 ostr=0.00
[1781095543.849] [K1WS] client 0 state.get id=85
[1781095543.850] [AP] SSL=259 DC=-4994 max_raw=1639 follower=4741 peak_scaled=0.430 silent_scale=1.000 silence=0 cal_source=config cal_valid=1 | bpm=124.0 conf=0.00 lock=0 phase=0.16 beat=0 bstr=1.00 | onset=0 bass=0 ostr=0.00
[1781095543.850] [AP] SSL=259 DC=-4994 max_raw=1054 follower=3212 peak_scaled=0.394 silent_scale=1.000 silence=0 cal_source=config cal_valid=1 | bpm=124.0 conf=0.00 lock=0 phase=0.26 beat=0 bstr=0.96 | onset=0 bass=0 ostr=0.00
[1781095543.850] [AP] SSL=259 DC=-4994 max_raw=1104 follower=3010 peak_scaled=0.249 silent_scale=1.000 silence=0 cal_source=config cal_valid=1 | bpm=124.0 conf=0.00 lock=0 phase=0.34 beat=0 bstr=0.87 | onset=0 bass=0 ostr=0.00
[1781095543.851] [AP] SSL=259 DC=-4994 max_raw=1502 follower=3154 peak_scaled=0.360 silent_scale=1.000 silence=0 cal_source=config cal_valid=1 | bpm=125.0 conf=0.00 lock=0 phase=0.41 beat=0 bstr=0.99 | onset=0 bass=0 ostr=0.00
[1781095543.851] [K1WS] client 0 state.get id=86
[1781095543.851] [AP] SSL=259 DC=-4994 max_raw=1805 follower=3472 peak_scaled=0.456 silent_scale=1.000 silence=0 cal_source=config cal_valid=1 | bpm=125.0 conf=0.00 lock=0 phase=0.61 beat=0 bstr=1.00 | onset=0 bass=0 ostr=0.00
[1781095543.852] [AP] SSL=259 DC=-4994 max_raw=2126 follower=2725 peak_scaled=0.429 silent_scale=1.000 silence=0 cal_source=config cal_valid=1 | bpm=125.0 conf=0.00 lock=0 phase=0.68 beat=0 bstr=0.95 | onset=0 bass=0 ostr=0.00
[1781095543.852] [AP] SSL=259 DC=-4994 max_raw=1301 follower=2656 peak_scaled=0.326 silent_scale=1.000 silence=0 cal_source=config cal_valid=1 | bpm=125.0 conf=0.00 lock=0 phase=0.77 beat=0 bstr=0.89 | onset=0 bass=0 ostr=0.00
[1781095543.852] [AP] SSL=259 DC=-4994 max_raw=1094 follower=2666 peak_scaled=0.307 silent_scale=1.000 silence=0 cal_source=config cal_valid=1 | bpm=125.0 conf=0.00 lock=0 phase=0.86 beat=0 bstr=0.84 | onset=0 bass=0 ostr=0.00
[1781095543.852] [AP] SSL=259 DC=-4994 max_raw=1099 follower=2666 peak_scaled=0.316 silent_scale=1.000 silence=0 cal_source=config cal_valid=1 | bpm=125.0 conf=0.00 lock=0 phase=0.98 beat=0 bstr=0.81 | onset=0 bass=0 ostr=0.00
[1781095543.853] [K1WS] client 0 state.get id=87
[1781095543.853] [AP] SSL=259 DC=-4994 max_raw=1891 follower=2468 peak_scaled=0.548 silent_scale=1.000 silence=0 cal_source=config cal_valid=1 | bpm=125.0 conf=0.00 lock=0 phase=0.05 beat=0 bstr=0.91 | onset=0 bass=0 ostr=0.00
[1781095543.853] sbr{{
[1781095543.853] VERSION: 40103
[1781095543.853] }}
[1781095544.651] [AP] SSL=259 DC=-4994 max_raw=3607 follower=2981 peak_scaled=0.971 silent_scale=1.000 silence=0 cal_source=config cal_valid=1 | bpm=125.0 conf=0.00 lock=0 phase=0.14 beat=0 bstr=0.97 | onset=1 bass=0 ostr=0.00
[1781095544.652] >>> :chip_id
[1781095544.661] sbr{{
[1781095544.661] F887A500
[1781095544.661] }}
[1781095545.662] [AP] SSL=259 DC=-4994 max_raw=2508 follower=3049 peak_scaled=0.888 silent_scale=1.000 silence=0 cal_source=config cal_valid=1 | bpm=125.0 conf=0.00 lock=0 phase=0.27 beat=0 bstr=0.99 | onset=0 bass=0 ostr=0.00
[1781095546.665] [AP] SSL=259 DC=-4994 max_raw=1488 follower=2988 peak_scaled=0.599 silent_scale=1.000 silence=0 cal_source=config cal_valid=1 | bpm=125.0 conf=0.00 lock=0 phase=0.35 beat=0 bstr=1.00 | onset=0 bass=0 ostr=0.00
[1781095547.667] [AP] SSL=259 DC=-4994 max_raw=158 follower=1618 peak_scaled=0.001 silent_scale=1.000 silence=0 cal_source=config cal_valid=1 | bpm=125.0 conf=0.00 lock=0 phase=0.42 beat=0 bstr=1.00 | onset=0 bass=0 ostr=0.00
[1781095548.327] [K1WS] client 0 state.get id=88
[1781095548.675] [AP] SSL=259 DC=-4994 max_raw=199 follower=835 peak_scaled=0.000 silent_scale=1.000 silence=0 cal_source=config cal_valid=1 | bpm=125.0 conf=0.00 lock=0 phase=0.55 beat=0 bstr=1.00 | onset=0 bass=0 ostr=0.00
[1781095549.064] >>> :stop
[1781095549.071] SBOK
[1781095549.968] >>> :vp_stream=off
[1781095549.985] sbr{{
[1781095549.985] VP_STREAM: off
[1781095549.985] }}
[1781095550.876] >>> :ap_stream=off
[1781095550.883] sbr{{
[1781095550.883] AP_STREAM: off
[1781095550.883] }}
[1781095551.787] >>> :set_mode=22
[1781095551.798] sbr{{
[1781095551.798] CONFIG.LIGHTSHOW_MODE: 22
[1781095551.798] }}
[1781095552.693] >>> :smart_scene=l1
[1781095552.697] sbr{{
[1781095552.697] SMART_ASSIST: on
[1781095552.698] SMART_SWITCHING: on
[1781095552.698] SMART_DIRECTOR_AUTONOMY: off
[1781095552.698] SMART_HOOKS: on
[1781095552.698] SMART_CONFIDENCE_FLOOR: 0.080
[1781095552.698] SMART_APPLIED_MODE: 22
[1781095552.698] SMART_LAST_REQUESTED_MODE: 22
[1781095552.698] SMART_SWITCHES_IN_WINDOW: 0
[1781095552.698] SMART_MANUAL_OWNER_ACTIVE: 0
[1781095552.698] SMART_LAST_REASON: 0
[1781095552.698] SMART_STATE: 0
[1781095552.698] SMART_INTENT_MODE: 3
[1781095552.699] SMART_INTENT_CONFIDENCE: 0.000
[1781095552.699] SMART_INTENT_WANTS_SWITCH: 0
[1781095552.699] SMART_SCALAR_PHOTONS: 1.000
[1781095552.699] SMART_SCALAR_CHROMA: 1.000
[1781095552.700] SMART_SCALAR_MOOD: 1.000
[1781095552.700] SMART_SCALAR_SATURATION: 1.000
[1781095552.700] SMART_PALETTE_OVERLAY: 0
[1781095552.700] SMART_PALETTE_INDEX: 0
[1781095552.700] SMART_AUTO_COLOUR_SHIFT: 0
[1781095552.700] SMART_MIN_DWELL_MS: 8000
[1781095552.700] SMART_COOLDOWN_MS: 20000
[1781095552.700] SMART_SWITCH_WINDOW_MS: 60000
[1781095552.700] SMART_MAX_SWITCHES: 2
[1781095552.701] SMART_AUDIO_NOVELTY: 0.1221
[1781095552.701] SMART_AUDIO_ENERGY: 0.6661
[1781095552.701] SMART_EVENT_ID: 689
[1781095552.701] SMART_EVENT_AGE_MS: 6594
[1781095552.701] SMART_ONSET: 0
[1781095552.701] SMART_BASS_ONSET: 0
[1781095552.701] SMART_BEAT_CONFIDENCE: 0.000
[1781095552.701] }}
[1781095552.701] sbr{{
[1781095552.701] EDGE_ENABLED: on
[1781095552.702] EDGE_MODE: complementary
[1781095552.702] EDGE_STRENGTH: 0.350
[1781095552.702] }}
[1781095553.373] [K1WS] client 0 state.get id=89
[1781095553.598] >>> :dump
[1781095553.618] sbr{{
[1781095553.619] FIRMWARE_VERSION: 40103
[1781095553.619] CHIP ID: F887A500
[1781095553.619] noise_button.pressed: 0
[1781095553.619] noise_button.last_down: 0
[1781095553.619] noise_button.last_up: 0
[1781095553.619] noise_button.pin: 255
[1781095553.620] mode_button.pressed: 0
[1781095553.620] mode_button.last_down: 0
[1781095553.620] mode_button.last_up: 0
[1781095553.620] mode_button.pin: 255
[1781095553.620] CONFIG.PHOTONS: 0.960000
[1781095553.620] CONFIG.CHROMA: 0.610000
[1781095553.621] CONFIG.MOOD: 0.640000
[1781095553.621] CONFIG.LIGHTSHOW_MODE: 22
[1781095553.621] CONFIG.MIRROR_ENABLED: 1
[1781095553.621] CONFIG.CHROMAGRAM_RANGE: 60
[1781095553.621] CONFIG.SAMPLE_RATE: 12800
[1781095553.621] CONFIG.NOTE_OFFSET: 12
[1781095553.621] CONFIG.SQUARE_ITER: 1.00
[1781095553.621] CONFIG.LED_TYPE: 0
[1781095553.621] CONFIG.LED_COUNT: 160
[1781095553.621] CONFIG.LED_COLOR_ORDER: 66
[1781095553.621] CONFIG.SAMPLES_PER_CHUNK: 96
[1781095553.622] CONFIG.SENSITIVITY: 2.400000
[1781095553.622] CONFIG.BOOT_ANIMATION: 1
[1781095553.622] CONFIG.SWEET_SPOT_MIN_LEVEL: 259
[1781095553.622] CONFIG.SWEET_SPOT_MAX_LEVEL: 30000
[1781095553.622] CONFIG.DC_OFFSET: -4994
[1781095553.622] CAL_SOURCE: config
[1781095553.622] CAL_VALID: 1
[1781095553.622] CAL_PROFILE_LOADED: 0
[1781095553.622] CONFIG.STANDBY_DIMMING: 0
[1781095553.622] CONFIG.REVERSE_ORDER: 0
[1781095553.622] CONFIG.MAX_CURRENT_MA: 1500
[1781095553.622] CONFIG.TEMPORAL_DITHERING: 1
[1781095553.622] CONFIG.AUTO_COLOR_SHIFT: 0
[1781095553.622] CONFIG.INCANDESCENT_FILTER: 0.00
[1781095553.622] CONFIG.INCANDESCENT_MODE: 0
[1781095553.622] CONFIG.BULB_OPACITY: 0.00
[1781095553.623] CONFIG.SATURATION: 1.00
[1781095553.623] CONFIG.PRISM_COUNT: 1.00
[1781095553.623] CONFIG.BASE_COAT: 1
[1781095553.623] CONFIG.BASE_COAT_INTENSITY: 0.100
[1781095553.623] MASTER_BRIGHTNESS: 1.00
[1781095553.623] stream_audio: 0
[1781095553.623] stream_fps: 0
[1781095553.623] stream_max_mags: 0
[1781095553.623] stream_max_mags_followers: 0
[1781095553.623] stream_magnitudes: 0
[1781095553.623] stream_spectrogram: 0
[1781095553.624] stream_chromagram: 0
[1781095553.624] debug_mode: 0
[1781095553.624] noise_complete: 1
[1781095553.624] noise_iterations: 0
[1781095553.624] next_save_time: 935506
[1781095553.624] settings_updated: 1
[1781095553.624] I2S_PORT: 0
[1781095553.624] SAMPLE_HISTORY_LENGTH: 4096
[1781095553.624] silence: 0
[1781095553.625] mode_destination: -1
[1781095553.625] SYSTEM_FPS: 159.29
[1781095553.625] LED_FPS: 201.44
[1781095553.625] }}
[1781095554.502] >>> :smart_status
[1781095554.506] sbr{{
[1781095554.506] SMART_ASSIST: on
[1781095554.506] SMART_SWITCHING: on
[1781095554.506] SMART_DIRECTOR_AUTONOMY: off
[1781095554.506] SMART_HOOKS: on
[1781095554.506] SMART_CONFIDENCE_FLOOR: 0.080
[1781095554.506] SMART_APPLIED_MODE: 22
[1781095554.506] SMART_LAST_REQUESTED_MODE: 22
[1781095554.506] SMART_SWITCHES_IN_WINDOW: 0
[1781095554.507] SMART_MANUAL_OWNER_ACTIVE: 0
[1781095554.507] SMART_LAST_REASON: 0
[1781095554.507] SMART_STATE: 2
[1781095554.507] SMART_INTENT_MODE: 14
[1781095554.507] SMART_INTENT_CONFIDENCE: 0.145
[1781095554.507] SMART_INTENT_WANTS_SWITCH: 1
[1781095554.507] SMART_SCALAR_PHOTONS: 1.000
[1781095554.508] SMART_SCALAR_CHROMA: 1.000
[1781095554.508] SMART_SCALAR_MOOD: 1.000
[1781095554.508] SMART_SCALAR_SATURATION: 1.000
[1781095554.508] SMART_PALETTE_OVERLAY: 0
[1781095554.508] SMART_PALETTE_INDEX: 29
[1781095554.508] SMART_AUTO_COLOUR_SHIFT: 0
[1781095554.508] SMART_MIN_DWELL_MS: 8000
[1781095554.508] SMART_COOLDOWN_MS: 20000
[1781095554.508] SMART_SWITCH_WINDOW_MS: 60000
[1781095554.508] SMART_MAX_SWITCHES: 2
[1781095554.509] SMART_AUDIO_NOVELTY: 0.1087
[1781095554.509] SMART_AUDIO_ENERGY: 0.3270
[1781095554.509] SMART_EVENT_ID: 709
[1781095554.509] SMART_EVENT_AGE_MS: 5
[1781095554.509] SMART_ONSET: 1
[1781095554.509] SMART_BASS_ONSET: 0
[1781095554.509] SMART_BEAT_CONFIDENCE: 0.000
[1781095554.509] }}
[1781095555.410] >>> :vp_status
[1781095555.412] sbr{{
[1781095555.412] VP_PROFILE: candidate
[1781095555.412] VP_FIXES: agc_soft=on chroma_gate=on prism_off=on bloom_decay=off hsv_source_sat=on secondary_clean=on
[1781095555.413] VP_STREAM: off
[1781095555.413] AP_STREAM: off
[1781095555.413] VP_BLOOM: alpha=0.9900 shift=1.0000 force_sat=on
[1781095555.415] VP_WAVEFORM: idle_fade=0.9850 raw_margin=1.1000 peak_floor=0.0800 active_fade=0.0400 blend_gain=2.0000 fallback=1.0000 vu_floor=0.0200 shift_rate=120.0000
[1781095555.416] VP_CHROMA: seq=187678 range=60 profile=0 gate_gain=0.3756 pre_max=0.2645 pre_mean=0.1707 norm_max=0.4373 norm_mean=0.2822 flatness=0.1551 final_max=0.1267 final_mean=0.0684
[1781095555.416] VP_AGC: gain=0.1000 envelope=3.0420 floor=0.0010 gated=false
[1781095555.416] VP_RENDER_US: last=1228 avg=1141 max=1538
[1781095555.416] }}
[1781095556.312] >>> :vp_perf=status
[1781095556.313] sbr{{
[1781095556.313] VP_PERF: disabled (compile with ENABLE_VP_PERF_AUDIT=1)
[1781095556.313] }}
[1781095557.216] >>> :ap_stream=on
[1781095557.218] sbr{{
[1781095557.218] AP_STREAM: on
[1781095557.218] }}
[1781095557.221] [AP] SSL=259 DC=-4994 max_raw=3334 follower=3817 peak_scaled=0.762 silent_scale=1.000 silence=0 cal_source=config cal_valid=1 | bpm=118.0 conf=0.00 lock=0 phase=0.30 beat=0 bstr=0.07 | onset=0 bass=0 ostr=0.00
[1781095557.825] >>> :vp_stream=on
[1781095557.828] sbr{{
[1781095557.828] VP_STREAM: on
[1781095557.828] }}
[1781095557.835] [VP] profile=candidate fix=111011 chroma_seq=188163 chroma_flatness=0.3378 chroma_norm_max=1.0089 chroma_norm_mean=0.6711 chroma_final_max=0.9089 chroma_final_mean=0.5711 agc_gain=0.1369 bloom_alpha=0.9900 bloom_shift=1.0000 wave_idle=0.9850 wave_raw_margin=1.1000 wave_peak_floor=0.0800 wave_vu_floor=0.0200 wave_shift=120.0000 render_us=1213 render_avg=1249 render_max=2292
[1781095558.228] [AP] SSL=259 DC=-4994 max_raw=4961 follower=3799 peak_scaled=0.883 silent_scale=1.000 silence=0 cal_source=config cal_valid=1 | bpm=118.0 conf=0.00 lock=0 phase=0.29 beat=0 bstr=0.17 | onset=0 bass=1 ostr=0.10
[1781095558.422] [K1WS] client 0 state.get id=90
[1781095558.432] >>> :vp_perf=reset
[1781095558.440] sbr{{
[1781095558.440] VP_PERF: disabled (compile with ENABLE_VP_PERF_AUDIT=1)
[1781095558.440] }}
[1781095558.837] [VP] profile=candidate fix=111011 chroma_seq=188364 chroma_flatness=0.2475 chroma_norm_max=0.8987 chroma_norm_mean=0.6513 chroma_final_max=0.6687 chroma_final_mean=0.4616 agc_gain=0.1151 bloom_alpha=0.9900 bloom_shift=1.0000 wave_idle=0.9850 wave_raw_margin=1.1000 wave_peak_floor=0.0800 wave_vu_floor=0.0200 wave_shift=120.0000 render_us=1265 render_avg=1216 render_max=2292
[1781095559.040] >>> :vp_perf=start
[1781095559.046] sbr{{
[1781095559.046] VP_PERF: disabled (compile with ENABLE_VP_PERF_AUDIT=1)
[1781095559.046] }}
[1781095559.239] [AP] SSL=259 DC=-4994 max_raw=2599 follower=3711 peak_scaled=0.553 silent_scale=1.000 silence=0 cal_source=config cal_valid=1 | bpm=118.0 conf=0.00 lock=0 phase=0.29 beat=0 bstr=0.37 | onset=0 bass=0 ostr=0.00
[1781095559.644] >>> :smart_status
[1781095559.655] sbr{{
[1781095559.655] SMART_ASSIST: on
[1781095559.655] SMART_SWITCHING: on
[1781095559.656] SMART_DIRECTOR_AUTONOMY: off
[1781095559.656] SMART_HOOKS: on
[1781095559.656] SMART_CONFIDENCE_FLOOR: 0.080
[1781095559.656] SMART_APPLIED_MODE: 22
[1781095559.656] SMART_LAST_REQUESTED_MODE: 22
[1781095559.656] SMART_SWITCHES_IN_WINDOW: 0
[1781095559.657] SMART_MANUAL_OWNER_ACTIVE: 0
[1781095559.657] SMART_LAST_REASON: 0
[1781095559.657] SMART_STATE: 1
[1781095559.657] SMART_INTENT_MODE: 3
[1781095559.657] SMART_INTENT_CONFIDENCE: 0.065
[1781095559.657] SMART_INTENT_WANTS_SWITCH: 0
[1781095559.657] SMART_SCALAR_PHOTONS: 0.860
[1781095559.657] SMART_SCALAR_CHROMA: 0.920
[1781095559.658] SMART_SCALAR_MOOD: 1.000
[1781095559.658] SMART_SCALAR_SATURATION: 0.900
[1781095559.658] SMART_PALETTE_OVERLAY: 0
[1781095559.658] SMART_PALETTE_INDEX: 11
[1781095559.658] SMART_AUTO_COLOUR_SHIFT: 0
[1781095559.658] SMART_MIN_DWELL_MS: 8000
[1781095559.658] SMART_COOLDOWN_MS: 20000
[1781095559.658] SMART_SWITCH_WINDOW_MS: 60000
[1781095559.658] SMART_MAX_SWITCHES: 2
[1781095559.659] SMART_AUDIO_NOVELTY: 0.0442
[1781095559.659] SMART_AUDIO_ENERGY: 0.0444
[1781095559.659] SMART_EVENT_ID: 727
[1781095559.659] SMART_EVENT_AGE_MS: 865
[1781095559.659] SMART_ONSET: 0
[1781095559.659] SMART_BASS_ONSET: 0
[1781095559.659] SMART_BEAT_CONFIDENCE: 0.000
[1781095559.659] }}
[1781095559.839] [VP] profile=candidate fix=111011 chroma_seq=188567 chroma_flatness=0.1906 chroma_norm_max=0.9278 chroma_norm_mean=0.7372 chroma_final_max=0.4577 chroma_final_mean=0.3523 agc_gain=0.1419 bloom_alpha=0.9900 bloom_shift=1.0000 wave_idle=0.9850 wave_raw_margin=1.1000 wave_peak_floor=0.0800 wave_vu_floor=0.0200 wave_shift=120.0000 render_us=1215 render_avg=1136 render_max=2292
[1781095560.244] [AP] SSL=259 DC=-4994 max_raw=1764 follower=3262 peak_scaled=0.419 silent_scale=1.000 silence=0 cal_source=config cal_valid=1 | bpm=118.0 conf=0.00 lock=0 phase=0.25 beat=0 bstr=0.62 | onset=0 bass=0 ostr=0.00
[1781095560.843] [VP] profile=candidate fix=111011 chroma_seq=188769 chroma_flatness=0.2536 chroma_norm_max=1.1564 chroma_norm_mean=0.9028 chroma_final_max=0.9169 chroma_final_mean=0.6968 agc_gain=0.1847 bloom_alpha=0.9900 bloom_shift=1.0000 wave_idle=0.9850 wave_raw_margin=1.1000 wave_peak_floor=0.0800 wave_vu_floor=0.0200 wave_shift=120.0000 render_us=1249 render_avg=1128 render_max=2292
[1781095561.251] [AP] SSL=259 DC=-4994 max_raw=2590 follower=3250 peak_scaled=0.353 silent_scale=1.000 silence=0 cal_source=config cal_valid=1 | bpm=118.0 conf=0.00 lock=0 phase=0.24 beat=0 bstr=0.83 | onset=0 bass=0 ostr=0.00
[1781095561.842] [VP] profile=candidate fix=111011 chroma_seq=188971 chroma_flatness=0.1715 chroma_norm_max=0.7133 chroma_norm_mean=0.5419 chroma_final_max=0.2806 chroma_final_mean=0.2021 agc_gain=0.1501 bloom_alpha=0.9900 bloom_shift=1.0000 wave_idle=0.9850 wave_raw_margin=1.1000 wave_peak_floor=0.0800 wave_vu_floor=0.0200 wave_shift=120.0000 render_us=1237 render_avg=1198 render_max=2292
[1781095562.263] [AP] SSL=259 DC=-4994 max_raw=979 follower=3590 peak_scaled=0.334 silent_scale=1.000 silence=0 cal_source=config cal_valid=1 | bpm=118.0 conf=0.00 lock=0 phase=0.24 beat=0 bstr=0.89 | onset=0 bass=0 ostr=0.00
[1781095562.847] [VP] profile=candidate fix=111011 chroma_seq=189174 chroma_flatness=0.1687 chroma_norm_max=0.6317 chroma_norm_mean=0.4630 chroma_final_max=0.2357 chroma_final_mean=0.1609 agc_gain=0.1035 bloom_alpha=0.9900 bloom_shift=1.0000 wave_idle=0.9850 wave_raw_margin=1.1000 wave_peak_floor=0.0800 wave_vu_floor=0.0200 wave_shift=120.0000 render_us=1173 render_avg=1217 render_max=2292
[1781095563.268] [AP] SSL=259 DC=-4994 max_raw=1034 follower=6463 peak_scaled=0.102 silent_scale=1.000 silence=0 cal_source=config cal_valid=1 | bpm=118.0 conf=0.00 lock=0 phase=0.22 beat=0 bstr=0.96 | onset=0 bass=0 ostr=0.00
[1781095563.475] [K1WS] client 0 state.get id=91
[1781095563.852] [VP] profile=candidate fix=111011 chroma_seq=189375 chroma_flatness=0.2538 chroma_norm_max=0.7277 chroma_norm_mean=0.4740 chroma_final_max=0.5453 chroma_final_mean=0.3249 agc_gain=0.1625 bloom_alpha=0.9900 bloom_shift=1.0000 wave_idle=0.9850 wave_raw_margin=1.1000 wave_peak_floor=0.0800 wave_vu_floor=0.0200 wave_shift=120.0000 render_us=1219 render_avg=1053 render_max=2292
[1781095564.277] [AP] SSL=259 DC=-4994 max_raw=773 follower=3951 peak_scaled=0.129 silent_scale=1.000 silence=0 cal_source=config cal_valid=1 | bpm=118.0 conf=0.00 lock=0 phase=0.20 beat=0 bstr=0.98 | onset=0 bass=0 ostr=0.00
[1781095564.855] [VP] profile=candidate fix=111011 chroma_seq=189578 chroma_flatness=0.1920 chroma_norm_max=0.8162 chroma_norm_mean=0.6242 chroma_final_max=0.4009 chroma_final_mean=0.2935 agc_gain=0.2021 bloom_alpha=0.9900 bloom_shift=1.0000 wave_idle=0.9850 wave_raw_margin=1.1000 wave_peak_floor=0.0800 wave_vu_floor=0.0200 wave_shift=120.0000 render_us=1217 render_avg=1038 render_max=2292
[1781095565.269] >>> :smart_status
[1781095565.280] sbr{{
[1781095565.280] SMART_ASSIST: on
[1781095565.280] SMART_SWITCHING: on
[1781095565.281] SMART_DIRECTOR_AUTONOMY: off
[1781095565.281] SMART_HOOKS: on
[1781095565.281] SMART_CONFIDENCE_FLOOR: 0.080
[1781095565.281] SMART_APPLIED_MODE: 22
[1781095565.281] SMART_LAST_REQUESTED_MODE: 22
[1781095565.281] SMART_SWITCHES_IN_WINDOW: 0
[1781095565.281] SMART_MANUAL_OWNER_ACTIVE: 0
[1781095565.281] SMART_LAST_REASON: 0
[1781095565.281] SMART_STATE: 1
[1781095565.281] SMART_INTENT_MODE: 3
[1781095565.281] SMART_INTENT_CONFIDENCE: 0.073
[1781095565.281] SMART_INTENT_WANTS_SWITCH: 0
[1781095565.282] SMART_SCALAR_PHOTONS: 0.860
[1781095565.282] SMART_SCALAR_CHROMA: 0.920
[1781095565.283] SMART_SCALAR_MOOD: 1.000
[1781095565.283] SMART_SCALAR_SATURATION: 0.900
[1781095565.283] SMART_PALETTE_OVERLAY: 0
[1781095565.283] SMART_PALETTE_INDEX: 11
[1781095565.283] SMART_AUTO_COLOUR_SHIFT: 0
[1781095565.283] SMART_MIN_DWELL_MS: 8000
[1781095565.283] SMART_COOLDOWN_MS: 20000
[1781095565.283] SMART_SWITCH_WINDOW_MS: 60000
[1781095565.283] SMART_MAX_SWITCHES: 2
[1781095565.284] SMART_AUDIO_NOVELTY: 0.0214
[1781095565.284] SMART_AUDIO_ENERGY: 0.0450
[1781095565.284] SMART_EVENT_ID: 735
[1781095565.284] SMART_EVENT_AGE_MS: 931
[1781095565.284] SMART_ONSET: 0
[1781095565.284] SMART_BASS_ONSET: 0
[1781095565.285] SMART_BEAT_CONFIDENCE: 0.000
[1781095565.285] }}
[1781095565.287] [AP] SSL=259 DC=-4994 max_raw=581 follower=3588 peak_scaled=0.097 silent_scale=1.000 silence=0 cal_source=config cal_valid=1 | bpm=118.0 conf=0.00 lock=0 phase=0.16 beat=0 bstr=0.99 | onset=0 bass=0 ostr=0.00
[1781095565.864] [VP] profile=candidate fix=111011 chroma_seq=189782 chroma_flatness=0.1837 chroma_norm_max=0.6563 chroma_norm_mean=0.4727 chroma_final_max=0.2883 chroma_final_mean=0.1931 agc_gain=0.1386 bloom_alpha=0.9900 bloom_shift=1.0000 wave_idle=0.9850 wave_raw_margin=1.1000 wave_peak_floor=0.0800 wave_vu_floor=0.0200 wave_shift=120.0000 render_us=1181 render_avg=1177 render_max=2292
[1781095566.293] [AP] SSL=259 DC=-4994 max_raw=2434 follower=3612 peak_scaled=0.480 silent_scale=1.000 silence=0 cal_source=config cal_valid=1 | bpm=118.0 conf=0.00 lock=0 phase=0.15 beat=0 bstr=0.99 | onset=0 bass=0 ostr=0.00
[1781095566.864] [VP] profile=candidate fix=111011 chroma_seq=189984 chroma_flatness=0.3013 chroma_norm_max=0.5479 chroma_norm_mean=0.2467 chroma_final_max=0.4480 chroma_final_mean=0.1507 agc_gain=0.1139 bloom_alpha=0.9900 bloom_shift=1.0000 wave_idle=0.9850 wave_raw_margin=1.1000 wave_peak_floor=0.0800 wave_vu_floor=0.0200 wave_shift=120.0000 render_us=1095 render_avg=1173 render_max=2292
[1781095567.297] [AP] SSL=259 DC=-4994 max_raw=199 follower=2669 peak_scaled=0.017 silent_scale=1.000 silence=0 cal_source=config cal_valid=1 | bpm=118.0 conf=0.00 lock=0 phase=0.14 beat=0 bstr=1.00 | onset=0 bass=0 ostr=0.00
[1781095567.865] [VP] profile=candidate fix=111011 chroma_seq=190186 chroma_flatness=0.3268 chroma_norm_max=0.4568 chroma_norm_mean=0.1300 chroma_final_max=0.3568 chroma_final_mean=0.0686 agc_gain=0.8784 bloom_alpha=0.9900 bloom_shift=1.0000 wave_idle=0.9850 wave_raw_margin=1.1000 wave_peak_floor=0.0800 wave_vu_floor=0.0200 wave_shift=120.0000 render_us=1067 render_avg=1131 render_max=2292
[1781095568.304] [AP] SSL=259 DC=-4994 max_raw=324 follower=1474 peak_scaled=0.033 silent_scale=1.000 silence=0 cal_source=config cal_valid=1 | bpm=118.0 conf=0.00 lock=0 phase=0.12 beat=0 bstr=1.00 | onset=0 bass=0 ostr=0.00
[1781095568.532] [K1WS] client 0 state.get id=92
[1781095568.871] [VP] profile=candidate fix=111011 chroma_seq=190388 chroma_flatness=0.2589 chroma_norm_max=0.3338 chroma_norm_mean=0.0749 chroma_final_max=0.2091 chroma_final_mean=0.0250 agc_gain=2.4655 bloom_alpha=0.9900 bloom_shift=1.0000 wave_idle=0.9850 wave_raw_margin=1.1000 wave_peak_floor=0.0800 wave_vu_floor=0.0200 wave_shift=120.0000 render_us=1170 render_avg=1123 render_max=2292
[1781095569.312] [AP] SSL=259 DC=-4994 max_raw=314 follower=772 peak_scaled=0.018 silent_scale=1.000 silence=0 cal_source=config cal_valid=1 | bpm=118.0 conf=0.00 lock=0 phase=0.10 beat=0 bstr=1.00 | onset=0 bass=0 ostr=0.00
[1781095569.873] [VP] profile=candidate fix=111011 chroma_seq=190589 chroma_flatness=0.2134 chroma_norm_max=0.7214 chroma_norm_mean=0.5080 chroma_final_max=0.4146 chroma_final_mean=0.2722 agc_gain=1.3198 bloom_alpha=0.9900 bloom_shift=1.0000 wave_idle=0.9850 wave_raw_margin=1.1000 wave_peak_floor=0.0800 wave_vu_floor=0.0200 wave_shift=120.0000 render_us=1182 render_avg=1202 render_max=2292
[1781095570.285] >>> :smart_status
[1781095570.288] sbr{{
[1781095570.289] SMART_ASSIST: on
[1781095570.289] SMART_SWITCHING: on
[1781095570.289] SMART_DIRECTOR_AUTONOMY: off
[1781095570.289] SMART_HOOKS: on
[1781095570.289] SMART_CONFIDENCE_FLOOR: 0.080
[1781095570.289] SMART_APPLIED_MODE: 22
[1781095570.289] SMART_LAST_REQUESTED_MODE: 22
[1781095570.289] SMART_SWITCHES_IN_WINDOW: 0
[1781095570.289] SMART_MANUAL_OWNER_ACTIVE: 0
[1781095570.289] SMART_LAST_REASON: 0
[1781095570.289] SMART_STATE: 2
[1781095570.289] SMART_INTENT_MODE: 14
[1781095570.289] SMART_INTENT_CONFIDENCE: 0.117
[1781095570.290] SMART_INTENT_WANTS_SWITCH: 1
[1781095570.290] SMART_SCALAR_PHOTONS: 1.000
[1781095570.290] SMART_SCALAR_CHROMA: 1.000
[1781095570.290] SMART_SCALAR_MOOD: 1.000
[1781095570.290] SMART_SCALAR_SATURATION: 1.000
[1781095570.290] SMART_PALETTE_OVERLAY: 0
[1781095570.290] SMART_PALETTE_INDEX: 29
[1781095570.290] SMART_AUTO_COLOUR_SHIFT: 0
[1781095570.291] SMART_MIN_DWELL_MS: 8000
[1781095570.291] SMART_COOLDOWN_MS: 20000
[1781095570.291] SMART_SWITCH_WINDOW_MS: 60000
[1781095570.291] SMART_MAX_SWITCHES: 2
[1781095570.291] SMART_AUDIO_NOVELTY: 0.0512
[1781095570.291] SMART_AUDIO_ENERGY: 0.1501
[1781095570.291] SMART_EVENT_ID: 738
[1781095570.291] SMART_EVENT_AGE_MS: 3827
[1781095570.292] SMART_ONSET: 0
[1781095570.292] SMART_BASS_ONSET: 0
[1781095570.292] SMART_BEAT_CONFIDENCE: 0.000
[1781095570.292] }}
[1781095570.317] [AP] SSL=259 DC=-4994 max_raw=948 follower=1068 peak_scaled=0.508 silent_scale=1.000 silence=0 cal_source=config cal_valid=1 | bpm=118.0 conf=0.00 lock=0 phase=0.08 beat=0 bstr=1.00 | onset=0 bass=0 ostr=0.00
[1781095570.880] [VP] profile=candidate fix=111011 chroma_seq=190792 chroma_flatness=0.3293 chroma_norm_max=0.4534 chroma_norm_mean=0.1241 chroma_final_max=0.3535 chroma_final_mean=0.0714 agc_gain=0.9772 bloom_alpha=0.9900 bloom_shift=1.0000 wave_idle=0.9850 wave_raw_margin=1.1000 wave_peak_floor=0.0800 wave_vu_floor=0.0200 wave_shift=120.0000 render_us=1058 render_avg=1154 render_max=2292
[1781095571.328] [AP] SSL=259 DC=-4994 max_raw=708 follower=763 peak_scaled=0.623 silent_scale=1.000 silence=0 cal_source=config cal_valid=1 | bpm=118.0 conf=0.00 lock=0 phase=0.07 beat=0 bstr=1.00 | onset=0 bass=0 ostr=0.00
[1781095571.880] [VP] profile=candidate fix=111011 chroma_seq=190994 chroma_flatness=0.2282 chroma_norm_max=0.5117 chroma_norm_mean=0.2835 chroma_final_max=0.3050 chroma_final_mean=0.1481 agc_gain=1.2821 bloom_alpha=0.9900 bloom_shift=1.0000 wave_idle=0.9850 wave_raw_margin=1.1000 wave_peak_floor=0.0800 wave_vu_floor=0.0200 wave_shift=120.0000 render_us=1125 render_avg=1192 render_max=2292
[1781095572.332] [AP] SSL=259 DC=-4994 max_raw=898 follower=1483 peak_scaled=0.473 silent_scale=1.000 silence=0 cal_source=config cal_valid=1 | bpm=118.0 conf=0.00 lock=0 phase=0.02 beat=0 bstr=1.00 | onset=0 bass=0 ostr=0.00
[1781095572.889] [VP] profile=candidate fix=111011 chroma_seq=191198 chroma_flatness=0.1842 chroma_norm_max=0.6113 chroma_norm_mean=0.4271 chroma_final_max=0.2665 chroma_final_mean=0.1705 agc_gain=0.1752 bloom_alpha=0.9900 bloom_shift=1.0000 wave_idle=0.9850 wave_raw_margin=1.1000 wave_peak_floor=0.0800 wave_vu_floor=0.0200 wave_shift=120.0000 render_us=1122 render_avg=1201 render_max=2292
[1781095573.338] [AP] SSL=259 DC=-4994 max_raw=1447 follower=2225 peak_scaled=0.460 silent_scale=1.000 silence=0 cal_source=config cal_valid=1 | bpm=118.0 conf=0.00 lock=0 phase=0.01 beat=0 bstr=0.99 | onset=0 bass=0 ostr=0.00
[1781095573.587] [K1WS] client 0 state.get id=93
[1781095573.894] [VP] profile=candidate fix=111011 chroma_seq=191401 chroma_flatness=0.3155 chroma_norm_max=0.6999 chroma_norm_mean=0.3843 chroma_final_max=0.5999 chroma_final_mean=0.2843 agc_gain=0.1082 bloom_alpha=0.9900 bloom_shift=1.0000 wave_idle=0.9850 wave_raw_margin=1.1000 wave_peak_floor=0.0800 wave_vu_floor=0.0200 wave_shift=120.0000 render_us=1122 render_avg=1212 render_max=2292
[1781095574.901] [AP] SSL=259 DC=-4994 max_raw=3072 follower=5260 peak_scaled=0.676 silent_scale=1.000 silence=0 cal_source=config cal_valid=1 | bpm=118.0 conf=0.33 lock=0 phase=0.98 beat=0 bstr=0.94 | onset=1 bass=0 ostr=0.00
[1781095574.903] [VP] profile=candidate fix=111011 chroma_seq=191605 chroma_flatness=0.3694 chroma_norm_max=0.8775 chroma_norm_mean=0.5080 chroma_final_max=0.7775 chroma_final_mean=0.4080 agc_gain=0.1000 bloom_alpha=0.9900 bloom_shift=1.0000 wave_idle=0.9850 wave_raw_margin=1.1000 wave_peak_floor=0.0800 wave_vu_floor=0.0200 wave_shift=120.0000 render_us=1149 render_avg=1221 render_max=2292
[1781095575.278] >>> :smart_status
[1781095575.284] sbr{{
[1781095575.284] SMART_ASSIST: on
[1781095575.284] SMART_SWITCHING: on
[1781095575.284] SMART_DIRECTOR_AUTONOMY: off
[1781095575.284] SMART_HOOKS: on
[1781095575.284] SMART_CONFIDENCE_FLOOR: 0.080
[1781095575.285] SMART_APPLIED_MODE: 22
[1781095575.285] SMART_LAST_REQUESTED_MODE: 22
[1781095575.285] SMART_SWITCHES_IN_WINDOW: 0
[1781095575.285] SMART_MANUAL_OWNER_ACTIVE: 0
[1781095575.285] SMART_LAST_REASON: 0
[1781095575.285] SMART_STATE: 2
[1781095575.285] SMART_INTENT_MODE: 14
[1781095575.285] SMART_INTENT_CONFIDENCE: 0.082
[1781095575.285] SMART_INTENT_WANTS_SWITCH: 1
[1781095575.286] SMART_SCALAR_PHOTONS: 1.000
[1781095575.286] SMART_SCALAR_CHROMA: 1.000
[1781095575.286] SMART_SCALAR_MOOD: 1.000
[1781095575.286] SMART_SCALAR_SATURATION: 1.000
[1781095575.286] SMART_PALETTE_OVERLAY: 0
[1781095575.286] SMART_PALETTE_INDEX: 29
[1781095575.286] SMART_AUTO_COLOUR_SHIFT: 0
[1781095575.286] SMART_MIN_DWELL_MS: 8000
[1781095575.286] SMART_COOLDOWN_MS: 20000
[1781095575.287] SMART_SWITCH_WINDOW_MS: 60000
[1781095575.287] SMART_MAX_SWITCHES: 2
[1781095575.287] SMART_AUDIO_NOVELTY: 0.0728
[1781095575.287] SMART_AUDIO_ENERGY: 0.1025
[1781095575.287] SMART_EVENT_ID: 740
[1781095575.287] SMART_EVENT_AGE_MS: 1000
[1781095575.287] SMART_ONSET: 0
[1781095575.287] SMART_BASS_ONSET: 0
[1781095575.287] SMART_BEAT_CONFIDENCE: 0.000
[1781095575.287] }}
[1781095575.355] [AP] SSL=259 DC=-4994 max_raw=1008 follower=3516 peak_scaled=0.342 silent_scale=1.000 silence=0 cal_source=config cal_valid=1 | bpm=118.0 conf=0.00 lock=0 phase=0.99 beat=0 bstr=0.70 | onset=0 bass=0 ostr=0.00
[1781095575.910] [VP] profile=candidate fix=111011 chroma_seq=191807 chroma_flatness=0.2957 chroma_norm_max=0.9279 chroma_norm_mean=0.6322 chroma_final_max=0.8279 chroma_final_mean=0.5322 agc_gain=0.1359 bloom_alpha=0.9900 bloom_shift=1.0000 wave_idle=0.9850 wave_raw_margin=1.1000 wave_peak_floor=0.0800 wave_vu_floor=0.0200 wave_shift=120.0000 render_us=1274 render_avg=1223 render_max=2292
[1781095576.358] [AP] SSL=259 DC=-4994 max_raw=1402 follower=2696 peak_scaled=0.583 silent_scale=1.000 silence=0 cal_source=config cal_valid=1 | bpm=118.0 conf=0.00 lock=0 phase=0.95 beat=0 bstr=0.39 | onset=1 bass=0 ostr=0.00
[1781095576.911] [VP] profile=candidate fix=111011 chroma_seq=192009 chroma_flatness=0.3376 chroma_norm_max=0.9129 chroma_norm_mean=0.5753 chroma_final_max=0.8129 chroma_final_mean=0.4753 agc_gain=0.1478 bloom_alpha=0.9900 bloom_shift=1.0000 wave_idle=0.9850 wave_raw_margin=1.1000 wave_peak_floor=0.0800 wave_vu_floor=0.0200 wave_shift=120.0000 render_us=1279 render_avg=1239 render_max=2292
[1781095577.365] [AP] SSL=259 DC=-4994 max_raw=2100 follower=2253 peak_scaled=0.700 silent_scale=1.000 silence=0 cal_source=config cal_valid=1 | bpm=118.0 conf=0.00 lock=0 phase=0.93 beat=0 bstr=0.15 | onset=0 bass=0 ostr=0.00
[1781095577.911] [VP] profile=candidate fix=111011 chroma_seq=192210 chroma_flatness=0.2810 chroma_norm_max=1.1328 chroma_norm_mean=0.8518 chroma_final_max=1.0000 chroma_final_mean=0.7491 agc_gain=0.1952 bloom_alpha=0.9900 bloom_shift=1.0000 wave_idle=0.9850 wave_raw_margin=1.1000 wave_peak_floor=0.0800 wave_vu_floor=0.0200 wave_shift=120.0000 render_us=1185 render_avg=1230 render_max=2292
[1781095578.369] [AP] SSL=259 DC=-4994 max_raw=1930 follower=2324 peak_scaled=0.718 silent_scale=1.000 silence=0 cal_source=config cal_valid=1 | bpm=106.0 conf=0.00 lock=0 phase=0.75 beat=0 bstr=0.09 | onset=0 bass=0 ostr=0.00
[1781095578.626] [K1WS] client 0 state.get id=94
[1781095578.912] [VP] profile=candidate fix=111011 chroma_seq=192412 chroma_flatness=0.2488 chroma_norm_max=1.0222 chroma_norm_mean=0.7734 chroma_final_max=0.7784 chroma_final_mean=0.5684 agc_gain=0.1023 bloom_alpha=0.9900 bloom_shift=1.0000 wave_idle=0.9850 wave_raw_margin=1.1000 wave_peak_floor=0.0800 wave_vu_floor=0.0200 wave_shift=120.0000 render_us=1158 render_avg=1260 render_max=2292
[1781095579.917] [AP] SSL=259 DC=-4994 max_raw=2172 follower=3932 peak_scaled=0.505 silent_scale=1.000 silence=0 cal_source=config cal_valid=1 | bpm=117.0 conf=0.00 lock=0 phase=0.68 beat=0 bstr=0.21 | onset=0 bass=0 ostr=0.00
[1781095579.919] [VP] profile=candidate fix=111011 chroma_seq=192614 chroma_flatness=0.2992 chroma_norm_max=0.8868 chroma_norm_mean=0.5876 chroma_final_max=0.7868 chroma_final_mean=0.4877 agc_gain=0.1000 bloom_alpha=0.9900 bloom_shift=1.0000 wave_idle=0.9850 wave_raw_margin=1.1000 wave_peak_floor=0.0800 wave_vu_floor=0.0200 wave_shift=120.0000 render_us=1191 render_avg=1221 render_max=2292
[1781095580.285] >>> :smart_status
[1781095580.293] sbr{{
[1781095580.293] SMART_ASSIST: on
[1781095580.294] SMART_SWITCHING: on
[1781095580.294] SMART_DIRECTOR_AUTONOMY: off
[1781095580.294] SMART_HOOKS: on
[1781095580.294] SMART_CONFIDENCE_FLOOR: 0.080
[1781095580.294] SMART_APPLIED_MODE: 22
[1781095580.294] SMART_LAST_REQUESTED_MODE: 22
[1781095580.294] SMART_SWITCHES_IN_WINDOW: 0
[1781095580.294] SMART_MANUAL_OWNER_ACTIVE: 0
[1781095580.294] SMART_LAST_REASON: 0
[1781095580.294] SMART_STATE: 2
[1781095580.294] SMART_INTENT_MODE: 14
[1781095580.294] SMART_INTENT_CONFIDENCE: 0.113
[1781095580.295] SMART_INTENT_WANTS_SWITCH: 1
[1781095580.295] SMART_SCALAR_PHOTONS: 1.000
[1781095580.295] SMART_SCALAR_CHROMA: 1.000
[1781095580.295] SMART_SCALAR_MOOD: 1.000
[1781095580.295] SMART_SCALAR_SATURATION: 1.000
[1781095580.295] SMART_PALETTE_OVERLAY: 0
[1781095580.295] SMART_PALETTE_INDEX: 29
[1781095580.296] SMART_AUTO_COLOUR_SHIFT: 0
[1781095580.296] SMART_MIN_DWELL_MS: 8000
[1781095580.296] SMART_COOLDOWN_MS: 20000
[1781095580.296] SMART_SWITCH_WINDOW_MS: 60000
[1781095580.296] SMART_MAX_SWITCHES: 2
[1781095580.296] SMART_AUDIO_NOVELTY: 0.0882
[1781095580.296] SMART_AUDIO_ENERGY: 0.1991
[1781095580.296] SMART_EVENT_ID: 751
[1781095580.296] SMART_EVENT_AGE_MS: 6
[1781095580.296] SMART_ONSET: 1
[1781095580.297] SMART_BASS_ONSET: 0
[1781095580.297] SMART_BEAT_CONFIDENCE: 0.000
[1781095580.297] }}
[1781095580.376] [AP] SSL=259 DC=-4994 max_raw=6173 follower=6077 peak_scaled=0.909 silent_scale=1.000 silence=0 cal_source=config cal_valid=1 | bpm=117.0 conf=0.26 lock=0 phase=0.61 beat=0 bstr=0.20 | onset=1 bass=0 ostr=0.00
[1781095580.921] [VP] profile=candidate fix=111011 chroma_seq=192814 chroma_flatness=0.1574 chroma_norm_max=0.4396 chroma_norm_mean=0.2822 chroma_final_max=0.1315 chroma_final_mean=0.0502 agc_gain=0.1000 bloom_alpha=0.9900 bloom_shift=1.0000 wave_idle=0.9850 wave_raw_margin=1.1000 wave_peak_floor=0.0800 wave_vu_floor=0.0200 wave_shift=120.0000 render_us=1049 render_avg=1200 render_max=2292
[1781095581.382] [AP] SSL=259 DC=-4994 max_raw=919 follower=3705 peak_scaled=0.215 silent_scale=1.000 silence=0 cal_source=config cal_valid=1 | bpm=92.0 conf=0.00 lock=0 phase=0.22 beat=0 bstr=0.04 | onset=0 bass=0 ostr=0.00
[1781095581.923] [VP] profile=candidate fix=111011 chroma_seq=193015 chroma_flatness=0.3662 chroma_norm_max=0.6334 chroma_norm_mean=0.2671 chroma_final_max=0.5334 chroma_final_mean=0.1888 agc_gain=0.5443 bloom_alpha=0.9900 bloom_shift=1.0000 wave_idle=0.9850 wave_raw_margin=1.1000 wave_peak_floor=0.0800 wave_vu_floor=0.0200 wave_shift=120.0000 render_us=1183 render_avg=1153 render_max=2292
[1781095582.391] [AP] SSL=259 DC=-4994 max_raw=768 follower=2137 peak_scaled=0.237 silent_scale=1.000 silence=0 cal_source=config cal_valid=1 | bpm=121.0 conf=0.00 lock=0 phase=0.18 beat=0 bstr=0.03 | onset=0 bass=0 ostr=0.00
[1781095582.925] [VP] profile=candidate fix=111011 chroma_seq=193217 chroma_flatness=0.4472 chroma_norm_max=0.9802 chroma_norm_mean=0.5330 chroma_final_max=0.8802 chroma_final_mean=0.4330 agc_gain=1.0806 bloom_alpha=0.9900 bloom_shift=1.0000 wave_idle=0.9850 wave_raw_margin=1.1000 wave_peak_floor=0.0800 wave_vu_floor=0.0200 wave_shift=120.0000 render_us=1307 render_avg=1253 render_max=2292
[1781095583.404] [AP] SSL=259 DC=-4994 max_raw=907 follower=1293 peak_scaled=0.311 silent_scale=1.000 silence=0 cal_source=config cal_valid=1 | bpm=121.0 conf=0.00 lock=0 phase=0.22 beat=0 bstr=0.02 | onset=0 bass=0 ostr=0.00
[1781095583.689] [K1WS] client 0 state.get id=95
[1781095583.927] [VP] profile=candidate fix=111011 chroma_seq=193419 chroma_flatness=0.3451 chroma_norm_max=0.8289 chroma_norm_mean=0.4838 chroma_final_max=0.7289 chroma_final_mean=0.3911 agc_gain=1.4581 bloom_alpha=0.9900 bloom_shift=1.0000 wave_idle=0.9850 wave_raw_margin=1.1000 wave_peak_floor=0.0800 wave_vu_floor=0.0200 wave_shift=120.0000 render_us=1192 render_avg=1222 render_max=2292
[1781095584.412] [AP] SSL=259 DC=-4994 max_raw=698 follower=957 peak_scaled=0.495 silent_scale=1.000 silence=0 cal_source=config cal_valid=1 | bpm=121.0 conf=0.00 lock=0 phase=0.25 beat=0 bstr=0.02 | onset=0 bass=0 ostr=0.00
[1781095584.927] [VP] profile=candidate fix=111011 chroma_seq=193621 chroma_flatness=0.5878 chroma_norm_max=1.1440 chroma_norm_mean=0.5562 chroma_final_max=1.0000 chroma_final_mean=0.4552 agc_gain=0.9531 bloom_alpha=0.9900 bloom_shift=1.0000 wave_idle=0.9850 wave_raw_margin=1.1000 wave_peak_floor=0.0800 wave_vu_floor=0.0200 wave_shift=120.0000 render_us=1199 render_avg=1235 render_max=2292
[1781095585.267] >>> :smart_status
[1781095585.277] sbr{{
[1781095585.277] SMART_ASSIST: on
[1781095585.277] SMART_SWITCHING: on
[1781095585.278] SMART_DIRECTOR_AUTONOMY: off
[1781095585.278] SMART_HOOKS: on
[1781095585.278] SMART_CONFIDENCE_FLOOR: 0.080
[1781095585.278] SMART_APPLIED_MODE: 22
[1781095585.278] SMART_LAST_REQUESTED_MODE: 22
[1781095585.278] SMART_SWITCHES_IN_WINDOW: 0
[1781095585.278] SMART_MANUAL_OWNER_ACTIVE: 0
[1781095585.278] SMART_LAST_REASON: 0
[1781095585.278] SMART_STATE: 2
[1781095585.278] SMART_INTENT_MODE: 14
[1781095585.279] SMART_INTENT_CONFIDENCE: 0.113
[1781095585.279] SMART_INTENT_WANTS_SWITCH: 1
[1781095585.279] SMART_SCALAR_PHOTONS: 1.000
[1781095585.279] SMART_SCALAR_CHROMA: 1.000
[1781095585.280] SMART_SCALAR_MOOD: 1.000
[1781095585.280] SMART_SCALAR_SATURATION: 1.000
[1781095585.280] SMART_PALETTE_OVERLAY: 0
[1781095585.280] SMART_PALETTE_INDEX: 29
[1781095585.280] SMART_AUTO_COLOUR_SHIFT: 0
[1781095585.280] SMART_MIN_DWELL_MS: 8000
[1781095585.280] SMART_COOLDOWN_MS: 20000
[1781095585.280] SMART_SWITCH_WINDOW_MS: 60000
[1781095585.280] SMART_MAX_SWITCHES: 2
[1781095585.281] SMART_AUDIO_NOVELTY: 0.0497
[1781095585.281] SMART_AUDIO_ENERGY: 0.2005
[1781095585.281] SMART_EVENT_ID: 754
[1781095585.281] SMART_EVENT_AGE_MS: 4793
[1781095585.281] SMART_ONSET: 0
[1781095585.281] SMART_BASS_ONSET: 0
[1781095585.281] SMART_BEAT_CONFIDENCE: 0.000
[1781095585.281] }}
[1781095585.417] [AP] SSL=259 DC=-4994 max_raw=958 follower=813 peak_scaled=0.533 silent_scale=1.000 silence=0 cal_source=config cal_valid=1 | bpm=121.0 conf=0.00 lock=0 phase=0.27 beat=0 bstr=0.02 | onset=0 bass=0 ostr=0.00
[1781095585.935] [VP] profile=candidate fix=111011 chroma_seq=193824 chroma_flatness=0.3805 chroma_norm_max=0.8264 chroma_norm_mean=0.4459 chroma_final_max=0.7264 chroma_final_mean=0.3468 agc_gain=1.2543 bloom_alpha=0.9900 bloom_shift=1.0000 wave_idle=0.9850 wave_raw_margin=1.1000 wave_peak_floor=0.0800 wave_vu_floor=0.0200 wave_shift=120.0000 render_us=1228 render_avg=1198 render_max=2292
[1781095586.421] [AP] SSL=259 DC=-4994 max_raw=1099 follower=936 peak_scaled=0.501 silent_scale=1.000 silence=0 cal_source=config cal_valid=1 | bpm=121.0 conf=0.00 lock=0 phase=0.30 beat=0 bstr=0.03 | onset=0 bass=0 ostr=0.00
[1781095586.935] [VP] profile=candidate fix=111011 chroma_seq=194025 chroma_flatness=0.3947 chroma_norm_max=0.7894 chroma_norm_mean=0.3947 chroma_final_max=0.6894 chroma_final_mean=0.3057 agc_gain=0.9568 bloom_alpha=0.9900 bloom_shift=1.0000 wave_idle=0.9850 wave_raw_margin=1.1000 wave_peak_floor=0.0800 wave_vu_floor=0.0200 wave_shift=120.0000 render_us=1098 render_avg=1157 render_max=2292
[1781095587.426] [AP] SSL=259 DC=-4994 max_raw=415 follower=640 peak_scaled=0.435 silent_scale=1.000 silence=0 cal_source=config cal_valid=1 | bpm=121.0 conf=0.00 lock=0 phase=0.33 beat=0 bstr=0.11 | onset=0 bass=0 ostr=0.00
[1781095587.945] [VP] profile=candidate fix=111011 chroma_seq=194228 chroma_flatness=0.6810 chroma_norm_max=0.8685 chroma_norm_mean=0.1875 chroma_final_max=0.7685 chroma_final_mean=0.1223 agc_gain=2.1252 bloom_alpha=0.9900 bloom_shift=1.0000 wave_idle=0.9850 wave_raw_margin=1.1000 wave_peak_floor=0.0800 wave_vu_floor=0.0200 wave_shift=120.0000 render_us=1070 render_avg=1120 render_max=2292
[1781095588.435] [AP] SSL=259 DC=-4994 max_raw=456 follower=618 peak_scaled=0.461 silent_scale=1.000 silence=0 cal_source=config cal_valid=1 | bpm=121.0 conf=0.00 lock=0 phase=0.36 beat=0 bstr=0.14 | onset=0 bass=0 ostr=0.00
[1781095588.751] [K1WS] client 0 state.get id=96
[1781095588.946] [VP] profile=candidate fix=111011 chroma_seq=194429 chroma_flatness=0.3766 chroma_norm_max=0.6117 chroma_norm_mean=0.2351 chroma_final_max=0.5117 chroma_final_mean=0.1656 agc_gain=1.8029 bloom_alpha=0.9900 bloom_shift=1.0000 wave_idle=0.9850 wave_raw_margin=1.1000 wave_peak_floor=0.0800 wave_vu_floor=0.0200 wave_shift=120.0000 render_us=1194 render_avg=1153 render_max=2292
[1781095589.437] [AP] SSL=259 DC=-4994 max_raw=838 follower=711 peak_scaled=0.805 silent_scale=1.000 silence=0 cal_source=config cal_valid=1 | bpm=121.0 conf=0.00 lock=0 phase=0.39 beat=0 bstr=0.09 | onset=0 bass=0 ostr=0.00
[1781095589.947] [VP] profile=candidate fix=111011 chroma_seq=194631 chroma_flatness=0.6523 chroma_norm_max=1.1412 chroma_norm_mean=0.4889 chroma_final_max=1.0000 chroma_final_mean=0.3888 agc_gain=0.5471 bloom_alpha=0.9900 bloom_shift=1.0000 wave_idle=0.9850 wave_raw_margin=1.1000 wave_peak_floor=0.0800 wave_vu_floor=0.0200 wave_shift=120.0000 render_us=1177 render_avg=1230 render_max=2292
[1781095590.268] >>> :smart_status
[1781095590.273] sbr{{
[1781095590.273] SMART_ASSIST: on
[1781095590.273] SMART_SWITCHING: on
[1781095590.273] SMART_DIRECTOR_AUTONOMY: off
[1781095590.273] SMART_HOOKS: on
[1781095590.274] SMART_CONFIDENCE_FLOOR: 0.080
[1781095590.274] SMART_APPLIED_MODE: 22
[1781095590.274] SMART_LAST_REQUESTED_MODE: 22
[1781095590.274] SMART_SWITCHES_IN_WINDOW: 0
[1781095590.274] SMART_MANUAL_OWNER_ACTIVE: 0
[1781095590.274] SMART_LAST_REASON: 0
[1781095590.274] SMART_STATE: 2
[1781095590.274] SMART_INTENT_MODE: 14
[1781095590.275] SMART_INTENT_CONFIDENCE: 0.086
[1781095590.275] SMART_INTENT_WANTS_SWITCH: 1
[1781095590.275] SMART_SCALAR_PHOTONS: 1.000
[1781095590.275] SMART_SCALAR_CHROMA: 1.000
[1781095590.275] SMART_SCALAR_MOOD: 1.000
[1781095590.276] SMART_SCALAR_SATURATION: 1.000
[1781095590.276] SMART_PALETTE_OVERLAY: 0
[1781095590.276] SMART_PALETTE_INDEX: 29
[1781095590.276] SMART_AUTO_COLOUR_SHIFT: 0
[1781095590.276] SMART_MIN_DWELL_MS: 8000
[1781095590.276] SMART_COOLDOWN_MS: 20000
[1781095590.276] SMART_SWITCH_WINDOW_MS: 60000
[1781095590.276] SMART_MAX_SWITCHES: 2
[1781095590.276] SMART_AUDIO_NOVELTY: 0.0750
[1781095590.276] SMART_AUDIO_ENERGY: 0.1459
[1781095590.277] SMART_EVENT_ID: 754
[1781095590.277] SMART_EVENT_AGE_MS: 9788
[1781095590.277] SMART_ONSET: 0
[1781095590.277] SMART_BASS_ONSET: 0
[1781095590.277] SMART_BEAT_CONFIDENCE: 0.000
[1781095590.277] }}
[1781095590.447] [AP] SSL=259 DC=-4994 max_raw=379 follower=878 peak_scaled=0.294 silent_scale=1.000 silence=0 cal_source=config cal_valid=1 | bpm=81.0 conf=0.00 lock=0 phase=0.19 beat=0 bstr=0.73 | onset=0 bass=0 ostr=0.00
[1781095590.950] [VP] profile=candidate fix=111011 chroma_seq=194833 chroma_flatness=0.3623 chroma_norm_max=0.6374 chroma_norm_mean=0.2751 chroma_final_max=0.5374 chroma_final_mean=0.1997 agc_gain=1.1954 bloom_alpha=0.9900 bloom_shift=1.0000 wave_idle=0.9850 wave_raw_margin=1.1000 wave_peak_floor=0.0800 wave_vu_floor=0.0200 wave_shift=120.0000 render_us=1074 render_avg=1162 render_max=2292
[1781095590.976] >>> :dump
[1781095590.985] sbr{{
[1781095590.985] FIRMWARE_VERSION: 40103
[1781095590.986] CHIP ID: F887A500
[1781095590.986] noise_button.pressed: 0
[1781095590.986] noise_button.last_down: 0
[1781095590.986] noise_button.last_up: 0
[1781095590.986] noise_button.pin: 255
[1781095590.986] mode_button.pressed: 0
[1781095590.986] mode_button.last_down: 0
[1781095590.986] mode_button.last_up: 0
[1781095590.986] mode_button.pin: 255
[1781095590.987] CONFIG.PHOTONS: 0.960000
[1781095590.988] CONFIG.CHROMA: 0.610000
[1781095590.988] CONFIG.MOOD: 0.640000
[1781095590.988] CONFIG.LIGHTSHOW_MODE: 22
[1781095590.988] CONFIG.MIRROR_ENABLED: 1
[1781095590.988] CONFIG.CHROMAGRAM_RANGE: 60
[1781095590.988] CONFIG.SAMPLE_RATE: 12800
[1781095590.988] CONFIG.NOTE_OFFSET: 12
[1781095590.988] CONFIG.SQUARE_ITER: 1.00
[1781095590.988] CONFIG.LED_TYPE: 0
[1781095590.988] CONFIG.LED_COUNT: 160
[1781095590.988] CONFIG.LED_COLOR_ORDER: 66
[1781095590.989] CONFIG.SAMPLES_PER_CHUNK: 96
[1781095590.989] CONFIG.SENSITIVITY: 2.400000
[1781095590.989] CONFIG.BOOT_ANIMATION: 1
[1781095590.989] CONFIG.SWEET_SPOT_MIN_LEVEL: 259
[1781095590.989] CONFIG.SWEET_SPOT_MAX_LEVEL: 30000
[1781095590.989] CONFIG.DC_OFFSET: -4994
[1781095590.989] CAL_SOURCE: config
[1781095590.989] CAL_VALID: 1
[1781095590.989] CAL_PROFILE_LOADED: 0
[1781095590.989] CONFIG.STANDBY_DIMMING: 0
[1781095590.989] CONFIG.REVERSE_ORDER: 0
[1781095590.989] CONFIG.MAX_CURRENT_MA: 1500
[1781095590.989] CONFIG.TEMPORAL_DITHERING: 1
[1781095590.989] CONFIG.AUTO_COLOR_SHIFT: 0
[1781095590.989] CONFIG.INCANDESCENT_FILTER: 0.00
[1781095590.990] CONFIG.INCANDESCENT_MODE: 0
[1781095590.990] CONFIG.BULB_OPACITY: 0.00
[1781095590.990] CONFIG.SATURATION: 1.00
[1781095590.990] CONFIG.PRISM_COUNT: 1.00
[1781095590.990] CONFIG.BASE_COAT: 1
[1781095590.990] CONFIG.BASE_COAT_INTENSITY: 0.100
[1781095590.990] MASTER_BRIGHTNESS: 1.00
[1781095590.990] stream_audio: 0
[1781095590.991] stream_fps: 0
[1781095590.991] stream_max_mags: 0
[1781095590.991] stream_max_mags_followers: 0
[1781095590.991] stream_magnitudes: 0
[1781095590.991] stream_spectrogram: 0
[1781095590.991] stream_chromagram: 0
[1781095590.991] debug_mode: 0
[1781095590.991] noise_complete: 1
[1781095590.991] noise_iterations: 0
[1781095590.992] next_save_time: 935506
[1781095590.992] settings_updated: 0
[1781095590.992] I2S_PORT: 0
[1781095590.992] SAMPLE_HISTORY_LENGTH: 4096
[1781095590.992] silence: 0
[1781095590.992] mode_destination: -1
[1781095590.992] SYSTEM_FPS: 150.01
[1781095590.992] LED_FPS: 200.50
[1781095590.993] }}
[1781095591.460] [AP] SSL=259 DC=-4994 max_raw=288 follower=539 peak_scaled=0.193 silent_scale=1.000 silence=0 cal_source=config cal_valid=1 | bpm=155.0 conf=0.00 lock=0 phase=0.79 beat=0 bstr=0.00 | onset=0 bass=0 ostr=0.00
[1781095591.678] >>> :vp_perf=stop
[1781095591.683] sbr{{
[1781095591.683] VP_PERF: disabled (compile with ENABLE_VP_PERF_AUDIT=1)
[1781095591.683] }}
[1781095591.953] [VP] profile=candidate fix=111011 chroma_seq=195035 chroma_flatness=0.3168 chroma_norm_max=0.6585 chroma_norm_mean=0.3417 chroma_final_max=0.5585 chroma_final_mean=0.2616 agc_gain=1.0258 bloom_alpha=0.9900 bloom_shift=1.0000 wave_idle=0.9850 wave_raw_margin=1.1000 wave_peak_floor=0.0800 wave_vu_floor=0.0200 wave_shift=120.0000 render_us=1118 render_avg=1157 render_max=2292
[1781095592.385] >>> :ap_stream=off
[1781095592.387] sbr{{
[1781095592.387] AP_STREAM: off
[1781095592.387] }}
[1781095592.954] [VP] profile=candidate fix=111011 chroma_seq=195237 chroma_flatness=0.3042 chroma_norm_max=0.5604 chroma_norm_mean=0.2561 chroma_final_max=0.4604 chroma_final_mean=0.1800 agc_gain=1.4944 bloom_alpha=0.9900 bloom_shift=1.0000 wave_idle=0.9850 wave_raw_margin=1.1000 wave_peak_floor=0.0800 wave_vu_floor=0.0200 wave_shift=120.0000 render_us=1073 render_avg=1177 render_max=2292
[1781095593.092] >>> :vp_stream=off
[1781095593.094] sbr{{
[1781095593.094] VP_STREAM: off
[1781095593.094] }}
[1781095593.797] >>> :ap_stream=off
[1781095593.798] [K1WS] client 0 state.get id=97
[1781095593.803] sbr{{
[1781095593.803] AP_STREAM: off
[1781095593.803] }}
[1781095593.948] >>> :vp_stream=off
[1781095593.949] sbr{{
[1781095593.949] VP_STREAM: off
[1781095593.949] }}
[1781095594.101] >>> :vp_perf=stop
[1781095594.107] sbr{{
[1781095594.107] VP_PERF: disabled (compile with ENABLE_VP_PERF_AUDIT=1)
[1781095594.107] }}
[1781095594.251] >>> :stop
[1781095594.252] SBOK
