[1781462996.874] #DEVICE role=main-k1 name=main-1401 port=/dev/cu.usbmodem12201 expected_chip_id=F887A500 env=k1_hardware
[1781462996.874] >>> :version
[1781462996.874] d=1 cal_reason=none | bpm=96.0 conf=0.95 lock=1 phase=0.45 beat=0 bstr=0.04 | onset=1 bass=0 ostr=0.00
[1781462996.875] [AP] SSL=154 DC=-4746 max_raw=457 follower=1216 peak_scaled=0.526 silent_scale=1.000 silence=0 cal_source=config cal_valid=1 cal_reason=none | bpm=96.0 conf=0.58 lock=1 phase=0.93 beat=0 bstr=0.07 | onset=0 bass=1 ostr=0.07
[1781462996.875] [AP] SSL=154 DC=-4746 max_raw=522 follower=3811 peak_scaled=0.086 silent_scale=1.000 silence=0 cal_source=config cal_valid=1 cal_reason=none | bpm=96.0 conf=0.53 lock=1 phase=0.56 beat=0 bstr=0.17 | onset=0 bass=0 ostr=0.00
[1781462996.876] [AP] SSL=154 DC=-4746 max_raw=361 follower=3330 peak_scaled=0.235 silent_scale=1.000 silence=0 cal_source=config cal_valid=1 cal_reason=none | bpm=96.0 conf=0.62 lock=1 phase=0.21 beat=0 bstr=0.39 | onset=0 bass=0 ostr=0.00
[1781462996.876] [AP] SSL=154 DC=-4746 max_raw=975 follower=1822 peak_scaled=0.430 silent_scale=1.000 silence=0 cal_source=config cal_valid=1 cal_reason=none | bpm=96.0 conf=0.67 lock=1 phase=0.04 beat=0 bstr=0.59 | onset=1 bass=0 ostr=0.00
[1781462996.877] [AP] SSL=154 DC=-4746 max_raw=268 follower=1042 peak_scaled=0.288 silent_scale=1.000 silence=0 cal_source=config cal_valid=1 cal_reason=none | bpm=96.0 conf=0.66 lock=1 phase=0.38 beat=0 bstr=0.80 | onset=0 bass=0 ostr=0.00
[1781462996.877] [AP] SSL=154 DC=-4746 max_raw=237 follower=644 peak_scaled=0.236 silent_scale=1.000 silence=0 cal_source=config cal_valid=1 cal_reason=none | bpm=96.0 conf=0.58 lock=1 phase=0.13 beat=0 bstr=0.87 | onset=0 bass=0 ostr=0.00
[1781462996.878] [AP] SSL=154 DC=-4746 max_raw=224 follower=406 peak_scaled=0.302 silent_scale=1.000 silence=0 cal_source=config cal_valid=1 cal_reason=none | bpm=99.0 conf=0.57 lock=1 phase=0.49 beat=0 bstr=0.74 | onset=0 bass=0 ostr=0.00
[1781462996.878] [AP] SSL=154 DC=-4746 max_raw=282 follower=2591 peak_scaled=0.065 silent_scale=1.000 silence=0 cal_source=config cal_valid=1 cal_reason=none | bpm=99.0 conf=0.49 lock=1 phase=0.90 beat=0 bstr=0.91 | onset=1 bass=0 ostr=0.00
[1781462996.879] [AP] SSL=154 DC=-4746 max_raw=260 follower=789 peak_scaled=0.145 silent_scale=1.000 silence=0 cal_source=config cal_valid=1 cal_reason=none | bpm=99.0 conf=0.25 lock=0 phase=0.24 beat=0 bstr=0.91 | onset=0 bass=0 ostr=0.00
[1781462996.879] [AP] SSL=154 DC=-4746 max_raw=169 follower=453 peak_scaled=0.086 silent_scale=1.000 silence=0 cal_source=config cal_valid=1 cal_reason=none | bpm=99.0 conf=0.24 lock=0 phase=0.87 beat=0 bstr=0.67 | onset=1 bass=0 ostr=0.00
[1781462996.880] [AP] SSL=154 DC=-4746 max_raw=140 follower=298 peak_scaled=0.030 silent_scale=1.000 silence=0 cal_source=config cal_valid=1 cal_reason=none | bpm=99.0 conf=0.29 lock=0 phase=0.54 beat=0 bstr=0.47 | onset=1 bass=0 ostr=0.00
[1781462996.880] [AP] SSL=154 DC=-4746 max_raw=270 follower=294 peak_scaled=0.567 silent_scale=1.000 silence=0 cal_source=config cal_valid=1 cal_reason=none | bpm=124.0 conf=0.77 lock=1 phase=0.61 beat=0 bstr=0.16 | onset=1 bass=0 ostr=0.00
[1781462996.881] [AP] SSL=154 DC=-4746 max_raw=370 follower=299 peak_scaled=0.822 silent_scale=1.000 silence=0 cal_source=config cal_valid=1 cal_reason=none | bpm=124.0 conf=0.80 lock=1 phase=0.78 beat=0 bstr=0.41 | onset=0 bass=1 ostr=0.07
[1781462996.883] sbr{{
[1781462996.883] VERSION: 40103
[1781462996.884] }}
[1781462997.364] [AP] SSL=154 DC=-4746 max_raw=3738 follower=3873 peak_scaled=2.224 silent_scale=1.000 silence=0 cal_source=config cal_valid=1 cal_reason=none | bpm=124.0 conf=0.74 lock=0 phase=0.91 beat=0 bstr=0.60 | onset=0 bass=1 ostr=0.31
[1781462997.682] >>> :chip_id
[1781462997.697] sbr{{
[1781462997.697] F887A500
[1781462997.697] }}
[1781462998.370] [AP] SSL=154 DC=-4746 max_raw=501 follower=2120 peak_scaled=0.155 silent_scale=1.000 silence=0 cal_source=config cal_valid=1 cal_reason=none | bpm=124.0 conf=0.90 lock=1 phase=0.01 beat=1 bstr=0.69 | onset=0 bass=0 ostr=0.00
[1781462999.374] [AP] SSL=154 DC=-4746 max_raw=260 follower=1256 peak_scaled=0.226 silent_scale=1.000 silence=0 cal_source=config cal_valid=1 cal_reason=none | bpm=124.0 conf=0.92 lock=1 phase=0.99 beat=0 bstr=0.72 | onset=0 bass=0 ostr=0.00
[1781463000.379] [AP] SSL=154 DC=-4746 max_raw=237 follower=717 peak_scaled=0.288 silent_scale=1.000 silence=0 cal_source=config cal_valid=1 cal_reason=none | bpm=124.0 conf=0.92 lock=1 phase=0.18 beat=0 bstr=0.71 | onset=0 bass=0 ostr=0.00
[1781463001.385] [AP] SSL=154 DC=-4746 max_raw=186 follower=455 peak_scaled=0.221 silent_scale=1.000 silence=0 cal_source=config cal_valid=1 cal_reason=none | bpm=124.0 conf=0.87 lock=1 phase=0.36 beat=0 bstr=0.76 | onset=0 bass=0 ostr=0.00
[1781463002.111] >>> :stop
[1781463002.127] SBOK
[1781463003.026] >>> :vp_stream=off
[1781463003.028] sbr{{
[1781463003.028] VP_STREAM: off
[1781463003.028] }}
[1781463003.942] >>> :ap_stream=off
[1781463003.948] sbr{{
[1781463003.948] AP_STREAM: off
[1781463003.948] }}
[1781463004.854] >>> :dump
[1781463004.873] sbr{{
[1781463004.873] FIRMWARE_VERSION: 40103
[1781463004.873] CHIP ID: F887A500
[1781463004.873] noise_button.pressed: 0
[1781463004.873] noise_button.last_down: 0
[1781463004.873] noise_button.last_up: 0
[1781463004.873] noise_button.pin: 255
[1781463004.873] mode_button.pressed: 0
[1781463004.873] mode_button.last_down: 0
[1781463004.873] mode_button.last_up: 0
[1781463004.873] mode_button.pin: 255
[1781463004.874] CONFIG.PHOTONS: 0.650000
[1781463004.874] CONFIG.CHROMA: 0.000000
[1781463004.874] CONFIG.MOOD: 0.150000
[1781463004.874] CONFIG.LIGHTSHOW_MODE: 8
[1781463004.874] CONFIG.MIRROR_ENABLED: 1
[1781463004.875] CONFIG.CHROMAGRAM_RANGE: 60
[1781463004.875] CONFIG.SAMPLE_RATE: 12800
[1781463004.875] CONFIG.NOTE_OFFSET: 12
[1781463004.875] CONFIG.SQUARE_ITER: 1.00
[1781463004.875] CONFIG.LED_TYPE: 0
[1781463004.875] CONFIG.LED_COUNT: 160
[1781463004.875] CONFIG.LED_COLOR_ORDER: 66
[1781463004.875] CONFIG.SAMPLES_PER_CHUNK: 96
[1781463004.875] CONFIG.SENSITIVITY: 2.400000
[1781463004.875] CONFIG.BOOT_ANIMATION: 1
[1781463004.876] CONFIG.SWEET_SPOT_MIN_LEVEL: 154
[1781463004.876] CONFIG.SWEET_SPOT_MAX_LEVEL: 30000
[1781463004.876] CONFIG.DC_OFFSET: -4746
[1781463004.876] CAL_SOURCE: config
[1781463004.876] CAL_VALID: 1
[1781463004.876] CAL_PROFILE_LOADED: 0
[1781463004.876] NOISE_CAL_REASON: none
[1781463004.876] NOISE_CAL_DC_SAMPLES: 0
[1781463004.876] NOISE_CAL_SSL_P50: 0.0
[1781463004.876] NOISE_CAL_SSL_P90: 0.0
[1781463004.876] CONFIG.STANDBY_DIMMING: 0
[1781463004.877] CONFIG.REVERSE_ORDER: 0
[1781463004.877] CONFIG.MAX_CURRENT_MA: 1500
[1781463004.877] CONFIG.TEMPORAL_DITHERING: 1
[1781463004.877] CONFIG.AUTO_COLOR_SHIFT: 0
[1781463004.877] CONFIG.INCANDESCENT_FILTER: 0.00
[1781463004.877] CONFIG.INCANDESCENT_MODE: 0
[1781463004.877] CONFIG.BULB_OPACITY: 0.00
[1781463004.877] CONFIG.SATURATION: 1.00
[1781463004.877] CONFIG.PRISM_COUNT: 1.00
[1781463004.877] CONFIG.BASE_COAT: 0
[1781463004.877] CONFIG.BASE_COAT_INTENSITY: 0.000
[1781463004.877] MASTER_BRIGHTNESS: 1.00
[1781463004.878] stream_audio: 0
[1781463004.878] stream_fps: 0
[1781463004.878] stream_max_mags: 0
[1781463004.878] stream_max_mags_followers: 0
[1781463004.878] stream_magnitudes: 0
[1781463004.878] stream_spectrogram: 0
[1781463004.878] stream_chromagram: 0
[1781463004.878] debug_mode: 0
[1781463004.878] noise_complete: 1
[1781463004.878] noise_iterations: 0
[1781463004.878] next_save_time: 41937
[1781463004.878] settings_updated: 0
[1781463004.878] I2S_PORT: 0
[1781463004.878] SAMPLE_HISTORY_LENGTH: 4096
[1781463004.878] silence: 0
[1781463004.879] mode_destination: -1
[1781463004.879] SYSTEM_FPS: 165.45
[1781463004.879] LED_FPS: 200.60
[1781463004.879] }}
[1781463005.766] >>> :smart_status
[1781463005.772] sbr{{
[1781463005.772] SMART_ASSIST: off
[1781463005.772] SMART_SWITCHING: off
[1781463005.773] SMART_DIRECTOR_AUTONOMY: off
[1781463005.773] SMART_HOOKS: off
[1781463005.773] SMART_CONFIDENCE_FLOOR: 0.080
[1781463005.773] SMART_APPLIED_MODE: 3
[1781463005.773] SMART_LAST_REQUESTED_MODE: 3
[1781463005.773] SMART_SWITCHES_IN_WINDOW: 0
[1781463005.773] SMART_MANUAL_OWNER_ACTIVE: 0
[1781463005.773] SMART_LAST_REASON: 0
[1781463005.773] SMART_STATE: 0
[1781463005.773] SMART_INTENT_MODE: 3
[1781463005.773] SMART_INTENT_CONFIDENCE: 0.000
[1781463005.773] SMART_INTENT_WANTS_SWITCH: 0
[1781463005.773] SMART_SCALAR_PHOTONS: 1.000
[1781463005.774] SMART_SCALAR_CHROMA: 1.000
[1781463005.774] SMART_SCALAR_MOOD: 1.000
[1781463005.774] SMART_SCALAR_SATURATION: 1.000
[1781463005.774] SMART_PALETTE_OVERLAY: 0
[1781463005.774] SMART_PALETTE_INDEX: 0
[1781463005.774] SMART_AUTO_COLOUR_SHIFT: 0
[1781463005.774] SMART_MIN_DWELL_MS: 8000
[1781463005.774] SMART_COOLDOWN_MS: 20000
[1781463005.774] SMART_SWITCH_WINDOW_MS: 60000
[1781463005.774] SMART_MAX_SWITCHES: 2
[1781463005.775] SMART_AUDIO_NOVELTY: 0.0055
[1781463005.775] SMART_AUDIO_ENERGY: 0.1756
[1781463005.775] SMART_EVENT_ID: 878
[1781463005.775] SMART_EVENT_AGE_MS: 110
[1781463005.775] SMART_ONSET: 0
[1781463005.775] SMART_BASS_ONSET: 0
[1781463005.775] SMART_BEAT_CONFIDENCE: 0.000
[1781463005.776] SMART_TRANSIENT: 0
[1781463005.776] SMART_KICK: 0
[1781463005.776] SMART_SNARE: 0
[1781463005.776] SMART_HIHAT: 0
[1781463005.776] SMART_TRANSIENT_LEVEL: 0.066
[1781463005.776] SMART_KICK_LEVEL: 0.012
[1781463005.776] SMART_SNARE_LEVEL: 0.019
[1781463005.777] SMART_HIHAT_LEVEL: 0.020
[1781463005.777] SMART_SNARE_EVENT_ID: 367
[1781463005.777] SMART_HIHAT_EVENT_ID: 473
[1781463005.777] }}
[1781463006.682] >>> :vp_status
[1781463006.693] sbr{{
[1781463006.693] VP_PROFILE: candidate
[1781463006.693] VP_FIXES: agc_soft=on chroma_gate=on prism_off=on bloom_decay=off hsv_source_sat=on secondary_clean=on
[1781463006.693] VP_STREAM: off
[1781463006.693] AP_STREAM: off
[1781463006.694] VP_BLOOM: alpha=0.9900 shift=1.0000 force_sat=on
[1781463006.695] VP_WAVEFORM: idle_fade=0.9850 raw_margin=1.1000 peak_floor=0.0800 active_fade=0.0400 blend_gain=2.0000 fallback=1.0000 vu_floor=0.0200 shift_rate=120.0000
[1781463006.697] VP_CHROMA: seq=19483 range=60 profile=0 gate_gain=0.0000 pre_max=0.2107 pre_mean=0.1810 norm_max=0.4146 norm_mean=0.3561 flatness=0.0585 final_max=0.0000 final_mean=0.0000
[1781463006.697] VP_AGC: gain=0.7068 envelope=0.3206 floor=0.0010 gated=false
[1781463006.697] VP_RENDER_US: last=630 avg=587 max=1675
[1781463006.697] }}
[1781463007.588] >>> :vp_perf=status
[1781463007.594] sbr{{
[1781463007.594] VP_PERF: disabled (compile with ENABLE_VP_PERF_AUDIT=1)
[1781463007.594] }}
[1781463008.503] >>> :ap_stream=on
[1781463008.517] sbr{{
[1781463008.517] AP_STREAM: on
[1781463008.517] }}
[1781463008.520] [AP] SSL=154 DC=-4746 max_raw=452 follower=2340 peak_scaled=0.152 silent_scale=1.000 silence=0 cal_source=config cal_valid=1 cal_reason=none | bpm=108.0 conf=0.56 lock=1 phase=0.46 beat=0 bstr=0.00 | onset=0 bass=0 ostr=0.00
[1781463009.117] >>> :vp_stream=on
[1781463009.123] sbr{{
[1781463009.123] VP_STREAM: on
[1781463009.123] }}
[1781463009.130] [VP] profile=candidate fix=111011 chroma_seq=19971 chroma_flatness=0.0660 chroma_norm_max=0.4073 chroma_norm_mean=0.3412 chroma_final_max=0.0000 chroma_final_mean=0.0000 agc_gain=0.4089 bloom_alpha=0.9900 bloom_shift=1.0000 wave_idle=0.9850 wave_raw_margin=1.1000 wave_peak_floor=0.0800 wave_vu_floor=0.0200 wave_shift=120.0000 render_us=612 render_avg=588 render_max=1675
[1781463009.531] [AP] SSL=154 DC=-4746 max_raw=282 follower=1322 peak_scaled=0.249 silent_scale=1.000 silence=0 cal_source=config cal_valid=1 cal_reason=none | bpm=123.0 conf=0.58 lock=1 phase=0.57 beat=0 bstr=0.25 | onset=1 bass=0 ostr=0.00
[1781463009.721] >>> :vp_perf=reset
[1781463009.732] sbr{{
[1781463009.732] VP_PERF: disabled (compile with ENABLE_VP_PERF_AUDIT=1)
[1781463009.732] }}
[1781463010.143] [VP] profile=candidate fix=111011 chroma_seq=20174 chroma_flatness=0.1560 chroma_norm_max=0.4771 chroma_norm_mean=0.3211 chroma_final_max=0.1434 chroma_final_mean=0.0840 agc_gain=0.4807 bloom_alpha=0.9900 bloom_shift=1.0000 wave_idle=0.9850 wave_raw_margin=1.1000 wave_peak_floor=0.0800 wave_vu_floor=0.0200 wave_shift=120.0000 render_us=619 render_avg=635 render_max=1675
[1781463010.332] >>> :vp_perf=start
[1781463010.338] sbr{{
[1781463010.338] VP_PERF: disabled (compile with ENABLE_VP_PERF_AUDIT=1)
[1781463010.338] }}
[1781463010.534] [AP] SSL=154 DC=-4746 max_raw=159 follower=780 peak_scaled=0.148 silent_scale=1.000 silence=0 cal_source=config cal_valid=1 cal_reason=none | bpm=127.0 conf=0.58 lock=1 phase=0.62 beat=0 bstr=0.18 | onset=0 bass=0 ostr=0.00
[1781463010.940] >>> :smart_status
[1781463010.948] sbr{{
[1781463010.948] SMART_ASSIST: off
[1781463010.948] SMART_SWITCHING: off
[1781463010.948] SMART_DIRECTOR_AUTONOMY: off
[1781463010.948] SMART_HOOKS: off
[1781463010.948] SMART_CONFIDENCE_FLOOR: 0.080
[1781463010.948] SMART_APPLIED_MODE: 3
[1781463010.948] SMART_LAST_REQUESTED_MODE: 3
[1781463010.949] SMART_SWITCHES_IN_WINDOW: 0
[1781463010.949] SMART_MANUAL_OWNER_ACTIVE: 0
[1781463010.949] SMART_LAST_REASON: 0
[1781463010.949] SMART_STATE: 0
[1781463010.949] SMART_INTENT_MODE: 3
[1781463010.949] SMART_INTENT_CONFIDENCE: 0.000
[1781463010.949] SMART_INTENT_WANTS_SWITCH: 0
[1781463010.949] SMART_SCALAR_PHOTONS: 1.000
[1781463010.950] SMART_SCALAR_CHROMA: 1.000
[1781463010.950] SMART_SCALAR_MOOD: 1.000
[1781463010.950] SMART_SCALAR_SATURATION: 1.000
[1781463010.950] SMART_PALETTE_OVERLAY: 0
[1781463010.950] SMART_PALETTE_INDEX: 0
[1781463010.950] SMART_AUTO_COLOUR_SHIFT: 0
[1781463010.950] SMART_MIN_DWELL_MS: 8000
[1781463010.950] SMART_COOLDOWN_MS: 20000
[1781463010.951] SMART_SWITCH_WINDOW_MS: 60000
[1781463010.951] SMART_MAX_SWITCHES: 2
[1781463010.951] SMART_AUDIO_NOVELTY: 0.0238
[1781463010.951] SMART_AUDIO_ENERGY: 0.2445
[1781463010.951] SMART_EVENT_ID: 928
[1781463010.951] SMART_EVENT_AGE_MS: 120
[1781463010.951] SMART_ONSET: 0
[1781463010.951] SMART_BASS_ONSET: 0
[1781463010.952] SMART_BEAT_CONFIDENCE: 0.000
[1781463010.952] SMART_TRANSIENT: 0
[1781463010.952] SMART_KICK: 0
[1781463010.952] SMART_SNARE: 0
[1781463010.952] SMART_HIHAT: 0
[1781463010.952] SMART_TRANSIENT_LEVEL: 0.015
[1781463010.952] SMART_KICK_LEVEL: 0.004
[1781463010.952] SMART_SNARE_LEVEL: 0.003
[1781463010.952] SMART_HIHAT_LEVEL: 0.002
[1781463010.953] SMART_SNARE_EVENT_ID: 384
[1781463010.953] SMART_HIHAT_EVENT_ID: 493
[1781463010.953] }}
[1781463011.144] [VP] profile=candidate fix=111011 chroma_seq=20375 chroma_flatness=0.0996 chroma_norm_max=0.7875 chroma_norm_mean=0.6879 chroma_final_max=0.0675 chroma_final_mean=0.0577 agc_gain=0.5510 bloom_alpha=0.9900 bloom_shift=1.0000 wave_idle=0.9850 wave_raw_margin=1.1000 wave_peak_floor=0.0800 wave_vu_floor=0.0200 wave_shift=120.0000 render_us=635 render_avg=638 render_max=1675
[1781463011.541] [AP] SSL=154 DC=-4746 max_raw=213 follower=1326 peak_scaled=0.151 silent_scale=1.000 silence=0 cal_source=config cal_valid=1 cal_reason=none | bpm=127.0 conf=0.55 lock=1 phase=0.76 beat=0 bstr=0.21 | onset=0 bass=0 ostr=0.00
[1781463012.144] [VP] profile=candidate fix=111011 chroma_seq=20576 chroma_flatness=0.2417 chroma_norm_max=0.6662 chroma_norm_mean=0.4245 chroma_final_max=0.4578 chroma_final_mean=0.2624 agc_gain=0.2264 bloom_alpha=0.9900 bloom_shift=1.0000 wave_idle=0.9850 wave_raw_margin=1.1000 wave_peak_floor=0.0800 wave_vu_floor=0.0200 wave_shift=120.0000 render_us=676 render_avg=648 render_max=1675
[1781463012.545] [AP] SSL=154 DC=-4746 max_raw=246 follower=2361 peak_scaled=0.053 silent_scale=1.000 silence=0 cal_source=config cal_valid=1 cal_reason=none | bpm=127.0 conf=0.52 lock=1 phase=0.78 beat=0 bstr=0.26 | onset=0 bass=0 ostr=0.00
[1781463013.149] [VP] profile=candidate fix=111011 chroma_seq=20778 chroma_flatness=0.0451 chroma_norm_max=0.2513 chroma_norm_mean=0.2062 chroma_final_max=0.0000 chroma_final_mean=0.0000 agc_gain=0.2044 bloom_alpha=0.9900 bloom_shift=1.0000 wave_idle=0.9850 wave_raw_margin=1.1000 wave_peak_floor=0.0800 wave_vu_floor=0.0200 wave_shift=120.0000 render_us=553 render_avg=614 render_max=1675
[1781463013.550] [AP] SSL=154 DC=-4746 max_raw=378 follower=1715 peak_scaled=0.131 silent_scale=1.000 silence=0 cal_source=config cal_valid=1 cal_reason=none | bpm=127.0 conf=0.33 lock=0 phase=0.79 beat=0 bstr=0.32 | onset=1 bass=0 ostr=0.00
[1781463014.150] [VP] profile=candidate fix=111011 chroma_seq=20978 chroma_flatness=0.4014 chroma_norm_max=1.1299 chroma_norm_mean=0.7309 chroma_final_max=1.0000 chroma_final_mean=0.6280 agc_gain=0.6867 bloom_alpha=0.9900 bloom_shift=1.0000 wave_idle=0.9850 wave_raw_margin=1.1000 wave_peak_floor=0.0800 wave_vu_floor=0.0200 wave_shift=120.0000 render_us=686 render_avg=709 render_max=1675
[1781463014.555] [AP] SSL=154 DC=-4746 max_raw=429 follower=992 peak_scaled=0.273 silent_scale=1.000 silence=0 cal_source=config cal_valid=1 cal_reason=none | bpm=127.0 conf=0.30 lock=0 phase=0.92 beat=0 bstr=0.37 | onset=1 bass=0 ostr=0.00
[1781463015.150] [VP] profile=candidate fix=111011 chroma_seq=21180 chroma_flatness=0.1034 chroma_norm_max=0.6255 chroma_norm_mean=0.5221 chroma_final_max=0.0614 chroma_final_mean=0.0493 agc_gain=0.4198 bloom_alpha=0.9900 bloom_shift=1.0000 wave_idle=0.9850 wave_raw_margin=1.1000 wave_peak_floor=0.0800 wave_vu_floor=0.0200 wave_shift=120.0000 render_us=687 render_avg=641 render_max=1675
[1781463015.561] [AP] SSL=154 DC=-4746 max_raw=189 follower=731 peak_scaled=0.132 silent_scale=1.000 silence=0 cal_source=config cal_valid=1 cal_reason=none | bpm=127.0 conf=0.37 lock=0 phase=0.08 beat=0 bstr=0.46 | onset=0 bass=0 ostr=0.00
[1781463016.150] [VP] profile=candidate fix=111011 chroma_seq=21381 chroma_flatness=0.1370 chroma_norm_max=0.9415 chroma_norm_mean=0.8046 chroma_final_max=0.2397 chroma_final_mean=0.2007 agc_gain=0.5190 bloom_alpha=0.9900 bloom_shift=1.0000 wave_idle=0.9850 wave_raw_margin=1.1000 wave_peak_floor=0.0800 wave_vu_floor=0.0200 wave_shift=120.0000 render_us=706 render_avg=682 render_max=1675
[1781463016.565] [AP] SSL=154 DC=-4746 max_raw=481 follower=512 peak_scaled=0.585 silent_scale=1.000 silence=0 cal_source=config cal_valid=1 cal_reason=none | bpm=127.0 conf=0.45 lock=0 phase=0.17 beat=0 bstr=0.38 | onset=1 bass=0 ostr=0.00
[1781463017.154] [VP] profile=candidate fix=111011 chroma_seq=21583 chroma_flatness=0.0882 chroma_norm_max=0.6114 chroma_norm_mean=0.5233 chroma_final_max=0.0209 chroma_final_mean=0.0173 agc_gain=0.4731 bloom_alpha=0.9900 bloom_shift=1.0000 wave_idle=0.9850 wave_raw_margin=1.1000 wave_peak_floor=0.0800 wave_vu_floor=0.0200 wave_shift=120.0000 render_us=582 render_avg=646 render_max=1675
[1781463017.570] [AP] SSL=154 DC=-4746 max_raw=310 follower=442 peak_scaled=0.397 silent_scale=1.000 silence=0 cal_source=config cal_valid=1 cal_reason=none | bpm=99.0 conf=0.72 lock=1 phase=0.11 beat=0 bstr=0.05 | onset=1 bass=0 ostr=0.00
[1781463018.155] [VP] profile=candidate fix=111011 chroma_seq=21785 chroma_flatness=0.0844 chroma_norm_max=0.9218 chroma_norm_mean=0.8375 chroma_final_max=0.0180 chroma_final_mean=0.0162 agc_gain=0.5114 bloom_alpha=0.9900 bloom_shift=1.0000 wave_idle=0.9850 wave_raw_margin=1.1000 wave_peak_floor=0.0800 wave_vu_floor=0.0200 wave_shift=120.0000 render_us=660 render_avg=659 render_max=1675
[1781463018.575] [AP] SSL=154 DC=-4746 max_raw=1154 follower=1895 peak_scaled=1.075 silent_scale=1.000 silence=0 cal_source=config cal_valid=1 cal_reason=none | bpm=99.0 conf=0.73 lock=1 phase=0.89 beat=0 bstr=0.03 | onset=0 bass=1 ostr=0.25
[1781463019.154] [VP] profile=candidate fix=111011 chroma_seq=21985 chroma_flatness=0.0522 chroma_norm_max=0.2180 chroma_norm_mean=0.1659 chroma_final_max=0.0000 chroma_final_mean=0.0000 agc_gain=0.3410 bloom_alpha=0.9900 bloom_shift=1.0000 wave_idle=0.9850 wave_raw_margin=1.1000 wave_peak_floor=0.0800 wave_vu_floor=0.0200 wave_shift=120.0000 render_us=595 render_avg=598 render_max=1675
[1781463019.580] [AP] SSL=154 DC=-4746 max_raw=126 follower=1070 peak_scaled=0.036 silent_scale=1.000 silence=0 cal_source=config cal_valid=1 cal_reason=none | bpm=99.0 conf=0.74 lock=1 phase=0.52 beat=0 bstr=0.02 | onset=1 bass=0 ostr=0.00
[1781463020.155] [VP] profile=candidate fix=111011 chroma_seq=22186 chroma_flatness=0.0391 chroma_norm_max=0.2815 chroma_norm_mean=0.2424 chroma_final_max=0.0000 chroma_final_mean=0.0000 agc_gain=0.2372 bloom_alpha=0.9900 bloom_shift=1.0000 wave_idle=0.9850 wave_raw_margin=1.1000 wave_peak_floor=0.0800 wave_vu_floor=0.0200 wave_shift=120.0000 render_us=587 render_avg=615 render_max=1675
[1781463020.584] [AP] SSL=154 DC=-4746 max_raw=471 follower=1424 peak_scaled=0.289 silent_scale=1.000 silence=0 cal_source=config cal_valid=1 cal_reason=none | bpm=94.0 conf=0.94 lock=1 phase=0.19 beat=0 bstr=0.62 | onset=1 bass=0 ostr=0.00
[1781463021.169] [VP] profile=candidate fix=111011 chroma_seq=22389 chroma_flatness=0.0679 chroma_norm_max=0.3958 chroma_norm_mean=0.3279 chroma_final_max=0.0000 chroma_final_mean=0.0000 agc_gain=0.2695 bloom_alpha=0.9900 bloom_shift=1.0000 wave_idle=0.9850 wave_raw_margin=1.1000 wave_peak_floor=0.0800 wave_vu_floor=0.0200 wave_shift=120.0000 render_us=604 render_avg=610 render_max=1675
[1781463021.590] [AP] SSL=154 DC=-4746 max_raw=939 follower=1067 peak_scaled=0.817 silent_scale=1.000 silence=0 cal_source=config cal_valid=1 cal_reason=none | bpm=94.0 conf=0.87 lock=1 phase=0.70 beat=0 bstr=0.88 | onset=0 bass=1 ostr=0.09
[1781463022.170] [VP] profile=candidate fix=111011 chroma_seq=22590 chroma_flatness=0.0305 chroma_norm_max=0.2728 chroma_norm_mean=0.2424 chroma_final_max=0.0000 chroma_final_mean=0.0000 agc_gain=0.1368 bloom_alpha=0.9900 bloom_shift=1.0000 wave_idle=0.9850 wave_raw_margin=1.1000 wave_peak_floor=0.0800 wave_vu_floor=0.0200 wave_shift=120.0000 render_us=590 render_avg=598 render_max=1675
[1781463022.595] [AP] SSL=154 DC=-4746 max_raw=1378 follower=3030 peak_scaled=0.317 silent_scale=1.000 silence=0 cal_source=config cal_valid=1 cal_reason=none | bpm=94.0 conf=0.68 lock=1 phase=0.31 beat=0 bstr=0.69 | onset=1 bass=0 ostr=0.00
[1781463023.174] [VP] profile=candidate fix=111011 chroma_seq=22792 chroma_flatness=0.0198 chroma_norm_max=0.1292 chroma_norm_mean=0.1094 chroma_final_max=0.0000 chroma_final_mean=0.0000 agc_gain=0.1060 bloom_alpha=0.9900 bloom_shift=1.0000 wave_idle=0.9850 wave_raw_margin=1.1000 wave_peak_floor=0.0800 wave_vu_floor=0.0200 wave_shift=120.0000 render_us=590 render_avg=589 render_max=1675
[1781463023.600] [AP] SSL=154 DC=-4746 max_raw=1658 follower=3538 peak_scaled=0.412 silent_scale=1.000 silence=0 cal_source=config cal_valid=1 cal_reason=none | bpm=94.0 conf=0.23 lock=0 phase=0.99 beat=0 bstr=0.61 | onset=1 bass=0 ostr=0.00
[1781463024.184] [VP] profile=candidate fix=111011 chroma_seq=22995 chroma_flatness=0.0322 chroma_norm_max=0.2053 chroma_norm_mean=0.1732 chroma_final_max=0.0000 chroma_final_mean=0.0000 agc_gain=0.1038 bloom_alpha=0.9900 bloom_shift=1.0000 wave_idle=0.9850 wave_raw_margin=1.1000 wave_peak_floor=0.0800 wave_vu_floor=0.0200 wave_shift=120.0000 render_us=587 render_avg=584 render_max=1675
[1781463024.606] [AP] SSL=154 DC=-4746 max_raw=2111 follower=2978 peak_scaled=0.541 silent_scale=1.000 silence=0 cal_source=config cal_valid=1 cal_reason=none | bpm=62.0 conf=0.93 lock=1 phase=0.15 beat=0 bstr=0.09 | onset=1 bass=0 ostr=0.00
[1781463025.195] [VP] profile=candidate fix=111011 chroma_seq=23197 chroma_flatness=0.0766 chroma_norm_max=0.7762 chroma_norm_mean=0.6996 chroma_final_max=0.0000 chroma_final_mean=0.0000 agc_gain=0.1782 bloom_alpha=0.9900 bloom_shift=1.0000 wave_idle=0.9850 wave_raw_margin=1.1000 wave_peak_floor=0.0800 wave_vu_floor=0.0200 wave_shift=120.0000 render_us=574 render_avg=605 render_max=1675
[1781463025.610] [AP] SSL=154 DC=-4746 max_raw=837 follower=2901 peak_scaled=0.548 silent_scale=1.000 silence=0 cal_source=config cal_valid=1 cal_reason=none | bpm=62.0 conf=0.95 lock=1 phase=0.18 beat=0 bstr=0.14 | onset=0 bass=1 ostr=0.06
[1781463026.200] [VP] profile=candidate fix=111011 chroma_seq=23399 chroma_flatness=0.0241 chroma_norm_max=0.1483 chroma_norm_mean=0.1242 chroma_final_max=0.0000 chroma_final_mean=0.0000 agc_gain=0.1099 bloom_alpha=0.9900 bloom_shift=1.0000 wave_idle=0.9850 wave_raw_margin=1.1000 wave_peak_floor=0.0800 wave_vu_floor=0.0200 wave_shift=120.0000 render_us=544 render_avg=592 render_max=1675
[1781463026.594] >>> :smart_status
[1781463026.609] sbr{{
[1781463026.609] SMART_ASSIST: off
[1781463026.609] SMART_SWITCHING: off
[1781463026.609] SMART_DIRECTOR_AUTONOMY: off
[1781463026.609] SMART_HOOKS: off
[1781463026.609] SMART_CONFIDENCE_FLOOR: 0.080
[1781463026.609] SMART_APPLIED_MODE: 3
[1781463026.609] SMART_LAST_REQUESTED_MODE: 3
[1781463026.610] SMART_SWITCHES_IN_WINDOW: 0
[1781463026.610] SMART_MANUAL_OWNER_ACTIVE: 0
[1781463026.610] SMART_LAST_REASON: 0
[1781463026.610] SMART_STATE: 0
[1781463026.610] SMART_INTENT_MODE: 3
[1781463026.610] SMART_INTENT_CONFIDENCE: 0.000
[1781463026.610] SMART_INTENT_WANTS_SWITCH: 0
[1781463026.610] SMART_SCALAR_PHOTONS: 1.000
[1781463026.610] SMART_SCALAR_CHROMA: 1.000
[1781463026.610] SMART_SCALAR_MOOD: 1.000
[1781463026.610] SMART_SCALAR_SATURATION: 1.000
[1781463026.610] SMART_PALETTE_OVERLAY: 0
[1781463026.611] SMART_PALETTE_INDEX: 0
[1781463026.611] SMART_AUTO_COLOUR_SHIFT: 0
[1781463026.611] SMART_MIN_DWELL_MS: 8000
[1781463026.611] SMART_COOLDOWN_MS: 20000
[1781463026.611] SMART_SWITCH_WINDOW_MS: 60000
[1781463026.611] SMART_MAX_SWITCHES: 2
[1781463026.611] SMART_AUDIO_NOVELTY: 0.0210
[1781463026.611] SMART_AUDIO_ENERGY: 0.1343
[1781463026.611] SMART_EVENT_ID: 1086
[1781463026.611] SMART_EVENT_AGE_MS: 207
[1781463026.612] SMART_ONSET: 0
[1781463026.612] SMART_BASS_ONSET: 0
[1781463026.612] SMART_BEAT_CONFIDENCE: 0.000
[1781463026.612] SMART_TRANSIENT: 0
[1781463026.612] SMART_KICK: 0
[1781463026.612] SMART_SNARE: 0
[1781463026.612] SMART_HIHAT: 0
[1781463026.612] SMART_TRANSIENT_LEVEL: 0.003
[1781463026.613] SMART_KICK_LEVEL: 0.000
[1781463026.613] SMART_SNARE_LEVEL: 0.011
[1781463026.613] SMART_HIHAT_LEVEL: 0.001
[1781463026.613] SMART_SNARE_EVENT_ID: 442
[1781463026.613] SMART_HIHAT_EVENT_ID: 575
[1781463026.613] }}
[1781463026.615] [AP] SSL=154 DC=-4746 max_raw=421 follower=2939 peak_scaled=0.144 silent_scale=1.000 silence=0 cal_source=config cal_valid=1 cal_reason=none | bpm=63.0 conf=0.65 lock=1 phase=0.19 beat=0 bstr=0.46 | onset=0 bass=0 ostr=0.00
[1781463027.199] [VP] profile=candidate fix=111011 chroma_seq=23600 chroma_flatness=0.0460 chroma_norm_max=0.3236 chroma_norm_mean=0.2776 chroma_final_max=0.0000 chroma_final_mean=0.0000 agc_gain=0.1531 bloom_alpha=0.9900 bloom_shift=1.0000 wave_idle=0.9850 wave_raw_margin=1.1000 wave_peak_floor=0.0800 wave_vu_floor=0.0200 wave_shift=120.0000 render_us=576 render_avg=583 render_max=1675
[1781463027.622] [AP] SSL=154 DC=-4746 max_raw=342 follower=1942 peak_scaled=0.092 silent_scale=1.000 silence=0 cal_source=config cal_valid=1 cal_reason=none | bpm=63.0 conf=0.63 lock=1 phase=0.08 beat=0 bstr=0.75 | onset=1 bass=0 ostr=0.00
[1781463028.200] [VP] profile=candidate fix=111011 chroma_seq=23800 chroma_flatness=0.0782 chroma_norm_max=0.3630 chroma_norm_mean=0.2849 chroma_final_max=0.0000 chroma_final_mean=0.0000 agc_gain=0.4673 bloom_alpha=0.9900 bloom_shift=1.0000 wave_idle=0.9850 wave_raw_margin=1.1000 wave_peak_floor=0.0800 wave_vu_floor=0.0200 wave_shift=120.0000 render_us=594 render_avg=612 render_max=1675
[1781463028.625] [AP] SSL=154 DC=-4746 max_raw=286 follower=1089 peak_scaled=0.384 silent_scale=1.000 silence=0 cal_source=config cal_valid=1 cal_reason=none | bpm=63.0 conf=0.48 lock=1 phase=0.08 beat=0 bstr=0.67 | onset=0 bass=0 ostr=0.00
[1781463029.204] [VP] profile=candidate fix=111011 chroma_seq=24002 chroma_flatness=0.1466 chroma_norm_max=0.3982 chroma_norm_mean=0.2516 chroma_final_max=0.0993 chroma_final_mean=0.0505 agc_gain=0.6709 bloom_alpha=0.9900 bloom_shift=1.0000 wave_idle=0.9850 wave_raw_margin=1.1000 wave_peak_floor=0.0800 wave_vu_floor=0.0200 wave_shift=120.0000 render_us=631 render_avg=615 render_max=1675
[1781463029.631] [AP] SSL=154 DC=-4746 max_raw=140 follower=824 peak_scaled=0.107 silent_scale=1.000 silence=0 cal_source=config cal_valid=1 cal_reason=none | bpm=64.0 conf=0.82 lock=1 phase=0.19 beat=0 bstr=0.47 | onset=0 bass=0 ostr=0.00
[1781463030.215] [VP] profile=candidate fix=111011 chroma_seq=24205 chroma_flatness=0.1136 chroma_norm_max=0.6418 chroma_norm_mean=0.5281 chroma_final_max=0.0911 chroma_final_mean=0.0720 agc_gain=0.7284 bloom_alpha=0.9900 bloom_shift=1.0000 wave_idle=0.9850 wave_raw_margin=1.1000 wave_peak_floor=0.0800 wave_vu_floor=0.0200 wave_shift=120.0000 render_us=723 render_avg=644 render_max=1675
[1781463030.637] [AP] SSL=154 DC=-4746 max_raw=122 follower=483 peak_scaled=0.103 silent_scale=1.000 silence=0 cal_source=config cal_valid=1 cal_reason=none | bpm=64.0 conf=0.96 lock=1 phase=0.26 beat=0 bstr=0.36 | onset=0 bass=0 ostr=0.00
[1781463031.215] [VP] profile=candidate fix=111011 chroma_seq=24406 chroma_flatness=0.3957 chroma_norm_max=0.9278 chroma_norm_mean=0.5320 chroma_final_max=0.8278 chroma_final_mean=0.4321 agc_gain=1.0201 bloom_alpha=0.9900 bloom_shift=1.0000 wave_idle=0.9850 wave_raw_margin=1.1000 wave_peak_floor=0.0800 wave_vu_floor=0.0200 wave_shift=120.0000 render_us=683 render_avg=714 render_max=1675
[1781463031.640] [AP] SSL=154 DC=-4746 max_raw=1030 follower=1724 peak_scaled=1.201 silent_scale=1.000 silence=0 cal_source=config cal_valid=1 cal_reason=none | bpm=65.0 conf=0.95 lock=1 phase=0.29 beat=0 bstr=0.15 | onset=0 bass=1 ostr=0.35
[1781463032.215] [VP] profile=candidate fix=111011 chroma_seq=24607 chroma_flatness=0.0451 chroma_norm_max=0.1436 chroma_norm_mean=0.0985 chroma_final_max=0.0000 chroma_final_mean=0.0000 agc_gain=0.2837 bloom_alpha=0.9900 bloom_shift=1.0000 wave_idle=0.9850 wave_raw_margin=1.1000 wave_peak_floor=0.0800 wave_vu_floor=0.0200 wave_shift=120.0000 render_us=585 render_avg=588 render_max=1675
[1781463032.646] [AP] SSL=154 DC=-4746 max_raw=143 follower=1223 peak_scaled=0.085 silent_scale=1.000 silence=0 cal_source=config cal_valid=1 cal_reason=none | bpm=112.0 conf=0.35 lock=0 phase=0.55 beat=0 bstr=0.01 | onset=0 bass=0 ostr=0.00
[1781463033.230] [VP] profile=candidate fix=111011 chroma_seq=24810 chroma_flatness=0.1085 chroma_norm_max=0.5666 chroma_norm_mean=0.4583 chroma_final_max=0.0659 chroma_final_mean=0.0506 agc_gain=0.1620 bloom_alpha=0.9900 bloom_shift=1.0000 wave_idle=0.9850 wave_raw_margin=1.1000 wave_peak_floor=0.0800 wave_vu_floor=0.0200 wave_shift=120.0000 render_us=677 render_avg=667 render_max=1675
[1781463033.650] [AP] SSL=154 DC=-4746 max_raw=182 follower=2508 peak_scaled=0.021 silent_scale=1.000 silence=0 cal_source=config cal_valid=1 cal_reason=none | bpm=84.0 conf=0.95 lock=1 phase=0.88 beat=0 bstr=0.16 | onset=0 bass=0 ostr=0.00
[1781463034.230] [VP] profile=candidate fix=111011 chroma_seq=25011 chroma_flatness=0.1159 chroma_norm_max=0.6440 chroma_norm_mean=0.5281 chroma_final_max=0.0976 chroma_final_mean=0.0768 agc_gain=0.1257 bloom_alpha=0.9900 bloom_shift=1.0000 wave_idle=0.9850 wave_raw_margin=1.1000 wave_peak_floor=0.0800 wave_vu_floor=0.0200 wave_shift=120.0000 render_us=624 render_avg=630 render_max=1675
[1781463034.655] [AP] SSL=154 DC=-4746 max_raw=606 follower=2931 peak_scaled=0.135 silent_scale=1.000 silence=0 cal_source=config cal_valid=1 cal_reason=none | bpm=82.0 conf=0.95 lock=1 phase=0.33 beat=0 bstr=0.46 | onset=0 bass=0 ostr=0.00
[1781463035.230] [VP] profile=candidate fix=111011 chroma_seq=25211 chroma_flatness=0.0519 chroma_norm_max=0.3107 chroma_norm_mean=0.2588 chroma_final_max=0.0000 chroma_final_mean=0.0000 agc_gain=0.3475 bloom_alpha=0.9900 bloom_shift=1.0000 wave_idle=0.9850 wave_raw_margin=1.1000 wave_peak_floor=0.0800 wave_vu_floor=0.0200 wave_shift=120.0000 render_us=614 render_avg=584 render_max=1675
[1781463035.661] [AP] SSL=154 DC=-4746 max_raw=172 follower=1579 peak_scaled=0.055 silent_scale=1.000 silence=0 cal_source=config cal_valid=1 cal_reason=none | bpm=82.0 conf=0.96 lock=1 phase=0.91 beat=0 bstr=0.50 | onset=1 bass=0 ostr=0.00
[1781463036.235] [VP] profile=candidate fix=111011 chroma_seq=25413 chroma_flatness=0.0872 chroma_norm_max=0.7473 chroma_norm_mean=0.6601 chroma_final_max=0.0233 chroma_final_mean=0.0201 agc_gain=0.8216 bloom_alpha=0.9900 bloom_shift=1.0000 wave_idle=0.9850 wave_raw_margin=1.1000 wave_peak_floor=0.0800 wave_vu_floor=0.0200 wave_shift=120.0000 render_us=610 render_avg=648 render_max=1675
[1781463036.667] [AP] SSL=154 DC=-4746 max_raw=374 follower=898 peak_scaled=0.283 silent_scale=1.000 silence=0 cal_source=config cal_valid=1 cal_reason=none | bpm=82.0 conf=0.97 lock=1 phase=0.26 beat=0 bstr=0.57 | onset=0 bass=1 ostr=0.04
[1781463037.235] [VP] profile=candidate fix=111011 chroma_seq=25615 chroma_flatness=0.1336 chroma_norm_max=0.9438 chroma_norm_mean=0.8102 chroma_final_max=0.2262 chroma_final_mean=0.1904 agc_gain=0.8239 bloom_alpha=0.9900 bloom_shift=1.0000 wave_idle=0.9850 wave_raw_margin=1.1000 wave_peak_floor=0.0800 wave_vu_floor=0.0200 wave_shift=120.0000 render_us=685 render_avg=658 render_max=1675
[1781463037.671] [AP] SSL=154 DC=-4746 max_raw=474 follower=571 peak_scaled=0.608 silent_scale=1.000 silence=0 cal_source=config cal_valid=1 cal_reason=none | bpm=82.0 conf=0.95 lock=1 phase=0.61 beat=0 bstr=0.68 | onset=1 bass=0 ostr=0.00
[1781463038.235] [VP] profile=candidate fix=111011 chroma_seq=25817 chroma_flatness=0.1142 chroma_norm_max=0.5782 chroma_norm_mean=0.4515 chroma_final_max=0.0878 chroma_final_mean=0.0658 agc_gain=0.6062 bloom_alpha=0.9900 bloom_shift=1.0000 wave_idle=0.9850 wave_raw_margin=1.1000 wave_peak_floor=0.0800 wave_vu_floor=0.0200 wave_shift=120.0000 render_us=639 render_avg=682 render_max=1675
[1781463038.675] [AP] SSL=154 DC=-4746 max_raw=1630 follower=1009 peak_scaled=1.373 silent_scale=1.000 silence=0 cal_source=config cal_valid=1 cal_reason=none | bpm=82.0 conf=0.94 lock=0 phase=0.99 beat=0 bstr=0.72 | onset=0 bass=0 ostr=0.00
[1781463039.236] [VP] profile=candidate fix=111011 chroma_seq=26018 chroma_flatness=0.0492 chroma_norm_max=0.3765 chroma_norm_mean=0.3273 chroma_final_max=0.0000 chroma_final_mean=0.0000 agc_gain=0.3778 bloom_alpha=0.9900 bloom_shift=1.0000 wave_idle=0.9850 wave_raw_margin=1.1000 wave_peak_floor=0.0800 wave_vu_floor=0.0200 wave_shift=120.0000 render_us=614 render_avg=584 render_max=1675
[1781463039.681] [AP] SSL=154 DC=-4746 max_raw=383 follower=813 peak_scaled=0.454 silent_scale=1.000 silence=0 cal_source=config cal_valid=1 cal_reason=none | bpm=82.0 conf=0.96 lock=1 phase=0.41 beat=0 bstr=0.30 | onset=1 bass=0 ostr=0.00
[1781463040.240] [VP] profile=candidate fix=111011 chroma_seq=26220 chroma_flatness=0.1425 chroma_norm_max=0.9461 chroma_norm_mean=0.8036 chroma_final_max=0.2644 chroma_final_mean=0.2198 agc_gain=0.5954 bloom_alpha=0.9900 bloom_shift=1.0000 wave_idle=0.9850 wave_raw_margin=1.1000 wave_peak_floor=0.0800 wave_vu_floor=0.0200 wave_shift=120.0000 render_us=614 render_avg=652 render_max=1675
[1781463040.686] [AP] SSL=154 DC=-4746 max_raw=315 follower=1560 peak_scaled=0.461 silent_scale=1.000 silence=0 cal_source=config cal_valid=1 cal_reason=none | bpm=82.0 conf=0.95 lock=1 phase=0.82 beat=0 bstr=0.15 | onset=0 bass=0 ostr=0.00
[1781463041.241] [VP] profile=candidate fix=111011 chroma_seq=26421 chroma_flatness=0.1974 chroma_norm_max=1.0115 chroma_norm_mean=0.8146 chroma_final_max=0.5017 chroma_final_mean=0.3960 agc_gain=0.2697 bloom_alpha=0.9900 bloom_shift=1.0000 wave_idle=0.9850 wave_raw_margin=1.1000 wave_peak_floor=0.0800 wave_vu_floor=0.0200 wave_shift=120.0000 render_us=708 render_avg=714 render_max=1675
[1781463041.599] >>> :smart_status
[1781463041.614] sbr{{
[1781463041.614] SMART_ASSIST: off
[1781463041.614] SMART_SWITCHING: off
[1781463041.614] SMART_DIRECTOR_AUTONOMY: off
[1781463041.614] SMART_HOOKS: off
[1781463041.615] SMART_CONFIDENCE_FLOOR: 0.080
[1781463041.615] SMART_APPLIED_MODE: 3
[1781463041.615] SMART_LAST_REQUESTED_MODE: 3
[1781463041.615] SMART_SWITCHES_IN_WINDOW: 0
[1781463041.615] SMART_MANUAL_OWNER_ACTIVE: 0
[1781463041.615] SMART_LAST_REASON: 0
[1781463041.615] SMART_STATE: 0
[1781463041.615] SMART_INTENT_MODE: 3
[1781463041.615] SMART_INTENT_CONFIDENCE: 0.000
[1781463041.615] SMART_INTENT_WANTS_SWITCH: 0
[1781463041.615] SMART_SCALAR_PHOTONS: 1.000
[1781463041.616] SMART_SCALAR_CHROMA: 1.000
[1781463041.616] SMART_SCALAR_MOOD: 1.000
[1781463041.616] SMART_SCALAR_SATURATION: 1.000
[1781463041.616] SMART_PALETTE_OVERLAY: 0
[1781463041.616] SMART_PALETTE_INDEX: 0
[1781463041.616] SMART_AUTO_COLOUR_SHIFT: 0
[1781463041.616] SMART_MIN_DWELL_MS: 8000
[1781463041.616] SMART_COOLDOWN_MS: 20000
[1781463041.616] SMART_SWITCH_WINDOW_MS: 60000
[1781463041.616] SMART_MAX_SWITCHES: 2
[1781463041.616] SMART_AUDIO_NOVELTY: 0.0130
[1781463041.617] SMART_AUDIO_ENERGY: 0.0823
[1781463041.617] SMART_EVENT_ID: 1241
[1781463041.617] SMART_EVENT_AGE_MS: 25
[1781463041.617] SMART_ONSET: 1
[1781463041.617] SMART_BASS_ONSET: 0
[1781463041.617] SMART_BEAT_CONFIDENCE: 0.000
[1781463041.617] SMART_TRANSIENT: 0
[1781463041.617] SMART_KICK: 0
[1781463041.617] SMART_SNARE: 0
[1781463041.617] SMART_HIHAT: 0
[1781463041.618] SMART_TRANSIENT_LEVEL: 0.025
[1781463041.618] SMART_KICK_LEVEL: 0.000
[1781463041.618] SMART_SNARE_LEVEL: 0.000
[1781463041.618] SMART_HIHAT_LEVEL: 0.000
[1781463041.618] SMART_SNARE_EVENT_ID: 497
[1781463041.618] SMART_HIHAT_EVENT_ID: 637
[1781463041.618] }}
[1781463041.691] [AP] SSL=154 DC=-4746 max_raw=227 follower=1370 peak_scaled=0.058 silent_scale=1.000 silence=0 cal_source=config cal_valid=1 cal_reason=none | bpm=82.0 conf=0.54 lock=1 phase=0.11 beat=0 bstr=0.11 | onset=0 bass=0 ostr=0.00
[1781463042.250] [VP] profile=candidate fix=111011 chroma_seq=26624 chroma_flatness=0.0898 chroma_norm_max=0.3961 chroma_norm_mean=0.3063 chroma_final_max=0.0146 chroma_final_mean=0.0101 agc_gain=0.4660 bloom_alpha=0.9900 bloom_shift=1.0000 wave_idle=0.9850 wave_raw_margin=1.1000 wave_peak_floor=0.0800 wave_vu_floor=0.0200 wave_shift=120.0000 render_us=670 render_avg=634 render_max=1675
[1781463042.696] [AP] SSL=154 DC=-4746 max_raw=786 follower=792 peak_scaled=0.653 silent_scale=1.000 silence=0 cal_source=config cal_valid=1 cal_reason=none | bpm=81.0 conf=0.75 lock=1 phase=0.41 beat=0 bstr=0.10 | onset=1 bass=0 ostr=0.00
[1781463043.255] [VP] profile=candidate fix=111011 chroma_seq=26826 chroma_flatness=0.1808 chroma_norm_max=0.7793 chroma_norm_mean=0.5986 chroma_final_max=0.3422 chroma_final_mean=0.2512 agc_gain=0.6337 bloom_alpha=0.9900 bloom_shift=1.0000 wave_idle=0.9850 wave_raw_margin=1.1000 wave_peak_floor=0.0800 wave_vu_floor=0.0200 wave_shift=120.0000 render_us=626 render_avg=683 render_max=1675
[1781463043.701] [AP] SSL=154 DC=-4746 max_raw=286 follower=529 peak_scaled=0.346 silent_scale=1.000 silence=0 cal_source=config cal_valid=1 cal_reason=none | bpm=74.0 conf=0.83 lock=1 phase=0.53 beat=0 bstr=0.39 | onset=1 bass=0 ostr=0.00
[1781463044.255] [VP] profile=candidate fix=111011 chroma_seq=27027 chroma_flatness=0.1124 chroma_norm_max=0.9450 chroma_norm_mean=0.8325 chroma_final_max=0.1370 chroma_final_mean=0.1188 agc_gain=0.5421 bloom_alpha=0.9900 bloom_shift=1.0000 wave_idle=0.9850 wave_raw_margin=1.1000 wave_peak_floor=0.0800 wave_vu_floor=0.0200 wave_shift=120.0000 render_us=622 render_avg=665 render_max=1675
[1781463044.707] [AP] SSL=154 DC=-4746 max_raw=1362 follower=1920 peak_scaled=1.206 silent_scale=1.000 silence=0 cal_source=config cal_valid=1 cal_reason=none | bpm=74.0 conf=0.72 lock=1 phase=0.88 beat=0 bstr=0.33 | onset=0 bass=1 ostr=0.19
[1781463045.255] [VP] profile=candidate fix=111011 chroma_seq=27227 chroma_flatness=0.0731 chroma_norm_max=0.6564 chroma_norm_mean=0.5833 chroma_final_max=0.0000 chroma_final_mean=0.0000 agc_gain=0.2033 bloom_alpha=0.9900 bloom_shift=1.0000 wave_idle=0.9850 wave_raw_margin=1.1000 wave_peak_floor=0.0800 wave_vu_floor=0.0200 wave_shift=120.0000 render_us=596 render_avg=581 render_max=1675
[1781463045.712] [AP] SSL=154 DC=-4746 max_raw=1103 follower=1591 peak_scaled=0.626 silent_scale=1.000 silence=0 cal_source=config cal_valid=1 cal_reason=none | bpm=125.0 conf=0.64 lock=1 phase=0.60 beat=0 bstr=0.06 | onset=1 bass=0 ostr=0.00
[1781463046.260] [VP] profile=candidate fix=111011 chroma_seq=27428 chroma_flatness=0.0707 chroma_norm_max=0.5193 chroma_norm_mean=0.4487 chroma_final_max=0.0000 chroma_final_mean=0.0000 agc_gain=0.1740 bloom_alpha=0.9900 bloom_shift=1.0000 wave_idle=0.9850 wave_raw_margin=1.1000 wave_peak_floor=0.0800 wave_vu_floor=0.0200 wave_shift=120.0000 render_us=593 render_avg=627 render_max=1675
[1781463046.716] [AP] SSL=154 DC=-4746 max_raw=1607 follower=1662 peak_scaled=1.041 silent_scale=1.000 silence=0 cal_source=config cal_valid=1 cal_reason=none | bpm=125.0 conf=0.74 lock=1 phase=0.36 beat=0 bstr=0.06 | onset=1 bass=0 ostr=0.00
[1781463047.270] [VP] profile=candidate fix=111011 chroma_seq=27631 chroma_flatness=0.0564 chroma_norm_max=0.5569 chroma_norm_mean=0.5005 chroma_final_max=0.0000 chroma_final_mean=0.0000 agc_gain=0.2250 bloom_alpha=0.9900 bloom_shift=1.0000 wave_idle=0.9850 wave_raw_margin=1.1000 wave_peak_floor=0.0800 wave_vu_floor=0.0200 wave_shift=120.0000 render_us=581 render_avg=611 render_max=1675
[1781463047.722] [AP] SSL=154 DC=-4746 max_raw=1074 follower=1264 peak_scaled=0.859 silent_scale=1.000 silence=0 cal_source=config cal_valid=1 cal_reason=none | bpm=125.0 conf=0.71 lock=1 phase=0.37 beat=0 bstr=0.08 | onset=0 bass=1 ostr=0.04
[1781463048.270] [VP] profile=candidate fix=111011 chroma_seq=27832 chroma_flatness=0.0974 chroma_norm_max=0.7217 chroma_norm_mean=0.6243 chroma_final_max=0.0542 chroma_final_mean=0.0457 agc_gain=0.2465 bloom_alpha=0.9900 bloom_shift=1.0000 wave_idle=0.9850 wave_raw_margin=1.1000 wave_peak_floor=0.0800 wave_vu_floor=0.0200 wave_shift=120.0000 render_us=644 render_avg=622 render_max=1675
[1781463048.727] [AP] SSL=154 DC=-4746 max_raw=676 follower=1029 peak_scaled=0.498 silent_scale=1.000 silence=0 cal_source=config cal_valid=1 cal_reason=none | bpm=125.0 conf=0.68 lock=1 phase=0.32 beat=0 bstr=0.07 | onset=0 bass=0 ostr=0.00
[1781463049.270] [VP] profile=candidate fix=111011 chroma_seq=28033 chroma_flatness=0.0969 chroma_norm_max=0.7315 chroma_norm_mean=0.6346 chroma_final_max=0.0534 chroma_final_mean=0.0452 agc_gain=0.1716 bloom_alpha=0.9900 bloom_shift=1.0000 wave_idle=0.9850 wave_raw_margin=1.1000 wave_peak_floor=0.0800 wave_vu_floor=0.0200 wave_shift=120.0000 render_us=633 render_avg=647 render_max=1675
[1781463049.731] [AP] SSL=154 DC=-4746 max_raw=598 follower=2110 peak_scaled=0.278 silent_scale=1.000 silence=0 cal_source=config cal_valid=1 cal_reason=none | bpm=125.0 conf=0.68 lock=1 phase=0.39 beat=0 bstr=0.11 | onset=0 bass=1 ostr=0.03
[1781463050.275] [VP] profile=candidate fix=111011 chroma_seq=28234 chroma_flatness=0.0630 chroma_norm_max=0.9053 chroma_norm_mean=0.8422 chroma_final_max=0.0000 chroma_final_mean=0.0000 agc_gain=0.1636 bloom_alpha=0.9900 bloom_shift=1.0000 wave_idle=0.9850 wave_raw_margin=1.1000 wave_peak_floor=0.0800 wave_vu_floor=0.0200 wave_shift=120.0000 render_us=539 render_avg=618 render_max=1675
[1781463050.737] [AP] SSL=154 DC=-4746 max_raw=1695 follower=5340 peak_scaled=0.246 silent_scale=1.000 silence=0 cal_source=config cal_valid=1 cal_reason=none | bpm=115.0 conf=0.59 lock=1 phase=0.39 beat=0 bstr=0.02 | onset=0 bass=0 ostr=0.00
[1781463051.276] [VP] profile=candidate fix=111011 chroma_seq=28435 chroma_flatness=0.0389 chroma_norm_max=0.2432 chroma_norm_mean=0.2043 chroma_final_max=0.0000 chroma_final_mean=0.0000 agc_gain=0.1759 bloom_alpha=0.9900 bloom_shift=1.0000 wave_idle=0.9850 wave_raw_margin=1.1000 wave_peak_floor=0.0800 wave_vu_floor=0.0200 wave_shift=120.0000 render_us=581 render_avg=588 render_max=1675
[1781463051.743] [AP] SSL=154 DC=-4746 max_raw=1098 follower=3142 peak_scaled=0.436 silent_scale=1.000 silence=0 cal_source=config cal_valid=1 cal_reason=none | bpm=91.0 conf=0.41 lock=0 phase=0.34 beat=0 bstr=0.04 | onset=1 bass=0 ostr=0.00
[1781463052.286] [VP] profile=candidate fix=111011 chroma_seq=28638 chroma_flatness=0.0894 chroma_norm_max=0.5703 chroma_norm_mean=0.4809 chroma_final_max=0.0221 chroma_final_mean=0.0179 agc_gain=0.1878 bloom_alpha=0.9900 bloom_shift=1.0000 wave_idle=0.9850 wave_raw_margin=1.1000 wave_peak_floor=0.0800 wave_vu_floor=0.0200 wave_shift=120.0000 render_us=629 render_avg=609 render_max=1675
[1781463052.746] [AP] SSL=154 DC=-4746 max_raw=673 follower=2367 peak_scaled=0.555 silent_scale=1.000 silence=0 cal_source=config cal_valid=1 cal_reason=none | bpm=114.0 conf=0.59 lock=0 phase=0.89 beat=0 bstr=0.01 | onset=1 bass=0 ostr=0.00
[1781463053.301] [VP] profile=candidate fix=111011 chroma_seq=28841 chroma_flatness=0.0696 chroma_norm_max=0.4548 chroma_norm_mean=0.3852 chroma_final_max=0.0000 chroma_final_mean=0.0000 agc_gain=0.2477 bloom_alpha=0.9900 bloom_shift=1.0000 wave_idle=0.9850 wave_raw_margin=1.1000 wave_peak_floor=0.0800 wave_vu_floor=0.0200 wave_shift=120.0000 render_us=570 render_avg=614 render_max=1675
[1781463053.752] [AP] SSL=154 DC=-4746 max_raw=1318 follower=1483 peak_scaled=0.777 silent_scale=1.000 silence=0 cal_source=config cal_valid=1 cal_reason=none | bpm=71.0 conf=0.78 lock=1 phase=0.78 beat=0 bstr=0.12 | onset=1 bass=0 ostr=0.00
[1781463054.301] [VP] profile=candidate fix=111011 chroma_seq=29042 chroma_flatness=0.1184 chroma_norm_max=0.6098 chroma_norm_mean=0.4914 chroma_final_max=0.0978 chroma_final_mean=0.0751 agc_gain=0.1969 bloom_alpha=0.9900 bloom_shift=1.0000 wave_idle=0.9850 wave_raw_margin=1.1000 wave_peak_floor=0.0800 wave_vu_floor=0.0200 wave_shift=120.0000 render_us=653 render_avg=647 render_max=1675
[1781463054.757] [AP] SSL=154 DC=-4746 max_raw=1516 follower=1327 peak_scaled=0.895 silent_scale=1.000 silence=0 cal_source=config cal_valid=1 cal_reason=none | bpm=115.0 conf=0.65 lock=1 phase=0.11 beat=0 bstr=0.03 | onset=1 bass=0 ostr=0.00
[1781463055.301] [VP] profile=candidate fix=111011 chroma_seq=29243 chroma_flatness=0.0394 chroma_norm_max=0.2805 chroma_norm_mean=0.2410 chroma_final_max=0.0000 chroma_final_mean=0.0000 agc_gain=0.1145 bloom_alpha=0.9900 bloom_shift=1.0000 wave_idle=0.9850 wave_raw_margin=1.1000 wave_peak_floor=0.0800 wave_vu_floor=0.0200 wave_shift=120.0000 render_us=589 render_avg=600 render_max=1675
[1781463055.761] [AP] SSL=154 DC=-4746 max_raw=577 follower=2015 peak_scaled=0.310 silent_scale=1.000 silence=0 cal_source=config cal_valid=1 cal_reason=none | bpm=115.0 conf=0.90 lock=1 phase=0.77 beat=0 bstr=0.16 | onset=1 bass=0 ostr=0.00
[1781463056.306] [VP] profile=candidate fix=111011 chroma_seq=29444 chroma_flatness=0.0905 chroma_norm_max=0.5583 chroma_norm_mean=0.4813 chroma_final_max=0.0530 chroma_final_mean=0.0418 agc_gain=0.2782 bloom_alpha=0.9900 bloom_shift=1.0000 wave_idle=0.9850 wave_raw_margin=1.1000 wave_peak_floor=0.0800 wave_vu_floor=0.0200 wave_shift=120.0000 render_us=636 render_avg=631 render_max=1675
[1781463056.556] >>> :smart_status
[1781463056.579] sbr{{
[1781463056.580] SMART_ASSIST: off
[1781463056.580] SMART_SWITCHING: off
[1781463056.580] SMART_DIRECTOR_AUTONOMY: off
[1781463056.580] SMART_HOOKS: off
[1781463056.580] SMART_CONFIDENCE_FLOOR: 0.080
[1781463056.580] SMART_APPLIED_MODE: 3
[1781463056.580] SMART_LAST_REQUESTED_MODE: 3
[1781463056.580] SMART_SWITCHES_IN_WINDOW: 0
[1781463056.580] SMART_MANUAL_OWNER_ACTIVE: 0
[1781463056.580] SMART_LAST_REASON: 0
[1781463056.580] SMART_STATE: 0
[1781463056.580] SMART_INTENT_MODE: 3
[1781463056.580] SMART_INTENT_CONFIDENCE: 0.000
[1781463056.581] SMART_INTENT_WANTS_SWITCH: 0
[1781463056.581] SMART_SCALAR_PHOTONS: 1.000
[1781463056.581] SMART_SCALAR_CHROMA: 1.000
[1781463056.581] SMART_SCALAR_MOOD: 1.000
[1781463056.581] SMART_SCALAR_SATURATION: 1.000
[1781463056.581] SMART_PALETTE_OVERLAY: 0
[1781463056.581] SMART_PALETTE_INDEX: 0
[1781463056.581] SMART_AUTO_COLOUR_SHIFT: 0
[1781463056.581] SMART_MIN_DWELL_MS: 8000
[1781463056.581] SMART_COOLDOWN_MS: 20000
[1781463056.581] SMART_SWITCH_WINDOW_MS: 60000
[1781463056.582] SMART_MAX_SWITCHES: 2
[1781463056.582] SMART_AUDIO_NOVELTY: 0.0438
[1781463056.582] SMART_AUDIO_ENERGY: 0.2343
[1781463056.582] SMART_EVENT_ID: 1398
[1781463056.582] SMART_EVENT_AGE_MS: 20
[1781463056.582] SMART_ONSET: 0
[1781463056.582] SMART_BASS_ONSET: 1
[1781463056.583] SMART_BEAT_CONFIDENCE: 0.000
[1781463056.583] SMART_TRANSIENT: 0
[1781463056.583] SMART_KICK: 0
[1781463056.583] SMART_SNARE: 0
[1781463056.583] SMART_HIHAT: 0
[1781463056.583] SMART_TRANSIENT_LEVEL: 0.049
[1781463056.583] SMART_KICK_LEVEL: 0.023
[1781463056.583] SMART_SNARE_LEVEL: 0.000
[1781463056.584] SMART_HIHAT_LEVEL: 0.001
[1781463056.584] SMART_SNARE_EVENT_ID: 571
[1781463056.584] SMART_HIHAT_EVENT_ID: 735
[1781463056.584] }}
[1781463056.766] [AP] SSL=154 DC=-4746 max_raw=393 follower=1300 peak_scaled=0.370 silent_scale=1.000 silence=0 cal_source=config cal_valid=1 cal_reason=none | bpm=77.0 conf=0.24 lock=0 phase=0.13 beat=0 bstr=0.12 | onset=0 bass=0 ostr=0.00
[1781463057.307] [VP] profile=candidate fix=111011 chroma_seq=29645 chroma_flatness=0.1137 chroma_norm_max=0.6220 chroma_norm_mean=0.5083 chroma_final_max=0.0879 chroma_final_mean=0.0511 agc_gain=0.2727 bloom_alpha=0.9900 bloom_shift=1.0000 wave_idle=0.9850 wave_raw_margin=1.1000 wave_peak_floor=0.0800 wave_vu_floor=0.0200 wave_shift=120.0000 render_us=673 render_avg=683 render_max=1675
[1781463057.772] [AP] SSL=154 DC=-4746 max_raw=894 follower=874 peak_scaled=0.708 silent_scale=1.000 silence=0 cal_source=config cal_valid=1 cal_reason=none | bpm=114.0 conf=0.22 lock=0 phase=0.44 beat=0 bstr=0.39 | onset=0 bass=0 ostr=0.00
[1781463058.306] [VP] profile=candidate fix=111011 chroma_seq=29846 chroma_flatness=0.1523 chroma_norm_max=1.0233 chroma_norm_mean=0.8710 chroma_final_max=0.3338 chroma_final_mean=0.2787 agc_gain=0.3421 bloom_alpha=0.9900 bloom_shift=1.0000 wave_idle=0.9850 wave_raw_margin=1.1000 wave_peak_floor=0.0800 wave_vu_floor=0.0200 wave_shift=120.0000 render_us=666 render_avg=652 render_max=1675
[1781463058.776] [AP] SSL=154 DC=-4746 max_raw=1914 follower=1543 peak_scaled=1.221 silent_scale=1.000 silence=0 cal_source=config cal_valid=1 cal_reason=none | bpm=85.0 conf=0.77 lock=1 phase=0.22 beat=0 bstr=0.09 | onset=0 bass=1 ostr=0.05
[1781463059.306] [VP] profile=candidate fix=111011 chroma_seq=30047 chroma_flatness=0.0409 chroma_norm_max=0.2897 chroma_norm_mean=0.2489 chroma_final_max=0.0000 chroma_final_mean=0.0000 agc_gain=0.1769 bloom_alpha=0.9900 bloom_shift=1.0000 wave_idle=0.9850 wave_raw_margin=1.1000 wave_peak_floor=0.0800 wave_vu_floor=0.0200 wave_shift=120.0000 render_us=626 render_avg=594 render_max=1675
[1781463059.781] [AP] SSL=154 DC=-4746 max_raw=572 follower=1081 peak_scaled=0.351 silent_scale=1.000 silence=0 cal_source=config cal_valid=1 cal_reason=none | bpm=104.0 conf=0.93 lock=1 phase=0.79 beat=0 bstr=0.38 | onset=0 bass=0 ostr=0.00
[1781463060.321] [VP] profile=candidate fix=111011 chroma_seq=30250 chroma_flatness=0.1501 chroma_norm_max=0.5151 chroma_norm_mean=0.3650 chroma_final_max=0.1455 chroma_final_mean=0.0929 agc_gain=0.3671 bloom_alpha=0.9900 bloom_shift=1.0000 wave_idle=0.9850 wave_raw_margin=1.1000 wave_peak_floor=0.0800 wave_vu_floor=0.0200 wave_shift=120.0000 render_us=665 render_avg=627 render_max=1675
[1781463060.788] [AP] SSL=154 DC=-4746 max_raw=304 follower=666 peak_scaled=0.221 silent_scale=1.000 silence=0 cal_source=config cal_valid=1 cal_reason=none | bpm=104.0 conf=0.94 lock=1 phase=0.44 beat=0 bstr=0.70 | onset=0 bass=1 ostr=0.06
[1781463061.323] [VP] profile=candidate fix=111011 chroma_seq=30452 chroma_flatness=0.1559 chroma_norm_max=1.0517 chroma_norm_mean=0.8958 chroma_final_max=0.3610 chroma_final_mean=0.3018 agc_gain=0.4163 bloom_alpha=0.9900 bloom_shift=1.0000 wave_idle=0.9850 wave_raw_margin=1.1000 wave_peak_floor=0.0800 wave_vu_floor=0.0200 wave_shift=120.0000 render_us=730 render_avg=705 render_max=1675
[1781463061.791] [AP] SSL=154 DC=-4746 max_raw=378 follower=1618 peak_scaled=0.370 silent_scale=1.000 silence=0 cal_source=config cal_valid=1 cal_reason=none | bpm=104.0 conf=0.91 lock=1 phase=0.15 beat=0 bstr=0.71 | onset=0 bass=1 ostr=0.05
[1781463062.326] [VP] profile=candidate fix=111011 chroma_seq=30653 chroma_flatness=0.0568 chroma_norm_max=0.4504 chroma_norm_mean=0.3935 chroma_final_max=0.0000 chroma_final_mean=0.0000 agc_gain=0.2722 bloom_alpha=0.9900 bloom_shift=1.0000 wave_idle=0.9850 wave_raw_margin=1.1000 wave_peak_floor=0.0800 wave_vu_floor=0.0200 wave_shift=120.0000 render_us=639 render_avg=608 render_max=1675
[1781463062.797] [AP] SSL=154 DC=-4746 max_raw=294 follower=1133 peak_scaled=0.131 silent_scale=1.000 silence=0 cal_source=config cal_valid=1 cal_reason=none | bpm=104.0 conf=0.68 lock=1 phase=0.79 beat=0 bstr=0.78 | onset=0 bass=0 ostr=0.00
[1781463063.336] [VP] profile=candidate fix=111011 chroma_seq=30855 chroma_flatness=0.0514 chroma_norm_max=0.3895 chroma_norm_mean=0.3381 chroma_final_max=0.0000 chroma_final_mean=0.0000 agc_gain=0.6561 bloom_alpha=0.9900 bloom_shift=1.0000 wave_idle=0.9850 wave_raw_margin=1.1000 wave_peak_floor=0.0800 wave_vu_floor=0.0200 wave_shift=120.0000 render_us=606 render_avg=600 render_max=1675
[1781463063.801] [AP] SSL=154 DC=-4746 max_raw=218 follower=3898 peak_scaled=0.032 silent_scale=1.000 silence=0 cal_source=config cal_valid=1 cal_reason=none | bpm=84.0 conf=0.91 lock=1 phase=0.40 beat=0 bstr=0.03 | onset=0 bass=0 ostr=0.00
[1781463064.346] [VP] profile=candidate fix=111011 chroma_seq=31058 chroma_flatness=0.0188 chroma_norm_max=0.2021 chroma_norm_mean=0.1833 chroma_final_max=0.0000 chroma_final_mean=0.0000 agc_gain=0.2636 bloom_alpha=0.9900 bloom_shift=1.0000 wave_idle=0.9850 wave_raw_margin=1.1000 wave_peak_floor=0.0800 wave_vu_floor=0.0200 wave_shift=120.0000 render_us=612 render_avg=591 render_max=1675
[1781463064.807] [AP] SSL=154 DC=-4746 max_raw=383 follower=2110 peak_scaled=0.109 silent_scale=1.000 silence=0 cal_source=config cal_valid=1 cal_reason=none | bpm=112.0 conf=0.25 lock=0 phase=0.20 beat=0 bstr=0.07 | onset=0 bass=0 ostr=0.00
[1781463065.351] [VP] profile=candidate fix=111011 chroma_seq=31260 chroma_flatness=0.0161 chroma_norm_max=0.1811 chroma_norm_mean=0.1650 chroma_final_max=0.0000 chroma_final_mean=0.0000 agc_gain=0.5336 bloom_alpha=0.9900 bloom_shift=1.0000 wave_idle=0.9850 wave_raw_margin=1.1000 wave_peak_floor=0.0800 wave_vu_floor=0.0200 wave_shift=120.0000 render_us=542 render_avg=587 render_max=1675
[1781463065.812] [AP] SSL=154 DC=-4746 max_raw=983 follower=1292 peak_scaled=0.904 silent_scale=1.000 silence=0 cal_source=config cal_valid=1 cal_reason=none | bpm=112.0 conf=0.25 lock=0 phase=0.08 beat=0 bstr=0.14 | onset=0 bass=1 ostr=0.12
[1781463066.352] [VP] profile=candidate fix=111011 chroma_seq=31461 chroma_flatness=0.0464 chroma_norm_max=0.2684 chroma_norm_mean=0.2220 chroma_final_max=0.0000 chroma_final_mean=0.0000 agc_gain=0.1115 bloom_alpha=0.9900 bloom_shift=1.0000 wave_idle=0.9850 wave_raw_margin=1.1000 wave_peak_floor=0.0800 wave_vu_floor=0.0200 wave_shift=120.0000 render_us=613 render_avg=632 render_max=1675
[1781463066.817] [AP] SSL=154 DC=-4746 max_raw=801 follower=4610 peak_scaled=0.140 silent_scale=1.000 silence=0 cal_source=config cal_valid=1 cal_reason=none | bpm=112.0 conf=0.24 lock=0 phase=0.98 beat=0 bstr=0.31 | onset=0 bass=0 ostr=0.00
[1781463067.352] [VP] profile=candidate fix=111011 chroma_seq=31661 chroma_flatness=0.0346 chroma_norm_max=0.3042 chroma_norm_mean=0.2696 chroma_final_max=0.0000 chroma_final_mean=0.0000 agc_gain=0.2948 bloom_alpha=0.9900 bloom_shift=1.0000 wave_idle=0.9850 wave_raw_margin=1.1000 wave_peak_floor=0.0800 wave_vu_floor=0.0200 wave_shift=120.0000 render_us=593 render_avg=587 render_max=1675
[1781463067.822] [AP] SSL=154 DC=-4746 max_raw=704 follower=2629 peak_scaled=0.189 silent_scale=1.000 silence=0 cal_source=config cal_valid=1 cal_reason=none | bpm=112.0 conf=0.25 lock=0 phase=0.83 beat=0 bstr=0.53 | onset=1 bass=0 ostr=0.00
[1781463068.352] [VP] profile=candidate fix=111011 chroma_seq=31861 chroma_flatness=0.1128 chroma_norm_max=0.6289 chroma_norm_mean=0.5161 chroma_final_max=0.0868 chroma_final_mean=0.0683 agc_gain=0.2768 bloom_alpha=0.9900 bloom_shift=1.0000 wave_idle=0.9850 wave_raw_margin=1.1000 wave_peak_floor=0.0800 wave_vu_floor=0.0200 wave_shift=120.0000 render_us=705 render_avg=611 render_max=1675
[1781463068.827] [AP] SSL=154 DC=-4746 max_raw=878 follower=1628 peak_scaled=0.596 silent_scale=1.000 silence=0 cal_source=config cal_valid=1 cal_reason=none | bpm=112.0 conf=0.25 lock=0 phase=0.71 beat=0 bstr=0.43 | onset=0 bass=0 ostr=0.00
[1781463069.356] [VP] profile=candidate fix=111011 chroma_seq=32063 chroma_flatness=0.0436 chroma_norm_max=0.3939 chroma_norm_mean=0.3502 chroma_final_max=0.0000 chroma_final_mean=0.0000 agc_gain=0.3732 bloom_alpha=0.9900 bloom_shift=1.0000 wave_idle=0.9850 wave_raw_margin=1.1000 wave_peak_floor=0.0800 wave_vu_floor=0.0200 wave_shift=120.0000 render_us=610 render_avg=600 render_max=1675
[1781463069.833] [AP] SSL=154 DC=-4746 max_raw=582 follower=1095 peak_scaled=0.504 silent_scale=1.000 silence=0 cal_source=config cal_valid=1 cal_reason=none | bpm=84.0 conf=0.25 lock=0 phase=0.36 beat=0 bstr=0.07 | onset=1 bass=0 ostr=0.00
[1781463070.356] [VP] profile=candidate fix=111011 chroma_seq=32263 chroma_flatness=0.0411 chroma_norm_max=0.3295 chroma_norm_mean=0.2884 chroma_final_max=0.0000 chroma_final_mean=0.0000 agc_gain=0.1820 bloom_alpha=0.9900 bloom_shift=1.0000 wave_idle=0.9850 wave_raw_margin=1.1000 wave_peak_floor=0.0800 wave_vu_floor=0.0200 wave_shift=120.0000 render_us=624 render_avg=603 render_max=1675
[1781463070.837] [AP] SSL=154 DC=-4746 max_raw=1131 follower=1674 peak_scaled=0.642 silent_scale=1.000 silence=0 cal_source=config cal_valid=1 cal_reason=none | bpm=93.0 conf=0.23 lock=0 phase=0.85 beat=0 bstr=0.01 | onset=0 bass=1 ostr=0.07
[1781463071.357] [VP] profile=candidate fix=111011 chroma_seq=32464 chroma_flatness=0.0860 chroma_norm_max=0.7954 chroma_norm_mean=0.7094 chroma_final_max=0.0208 chroma_final_mean=0.0182 agc_gain=0.1488 bloom_alpha=0.9900 bloom_shift=1.0000 wave_idle=0.9850 wave_raw_margin=1.1000 wave_peak_floor=0.0800 wave_vu_floor=0.0200 wave_shift=120.0000 render_us=638 render_avg=639 render_max=1675
[1781463071.552] >>> :smart_status
[1781463071.565] sbr{{
[1781463071.565] SMART_ASSIST: off
[1781463071.565] SMART_SWITCHING: off
[1781463071.565] SMART_DIRECTOR_AUTONOMY: off
[1781463071.565] SMART_HOOKS: off
[1781463071.565] SMART_CONFIDENCE_FLOOR: 0.080
[1781463071.565] SMART_APPLIED_MODE: 3
[1781463071.565] SMART_LAST_REQUESTED_MODE: 3
[1781463071.565] SMART_SWITCHES_IN_WINDOW: 0
[1781463071.565] SMART_MANUAL_OWNER_ACTIVE: 0
[1781463071.565] SMART_LAST_REASON: 0
[1781463071.565] SMART_STATE: 0
[1781463071.565] SMART_INTENT_MODE: 3
[1781463071.566] SMART_INTENT_CONFIDENCE: 0.000
[1781463071.566] SMART_INTENT_WANTS_SWITCH: 0
[1781463071.566] SMART_SCALAR_PHOTONS: 1.000
[1781463071.566] SMART_SCALAR_CHROMA: 1.000
[1781463071.566] SMART_SCALAR_MOOD: 1.000
[1781463071.566] SMART_SCALAR_SATURATION: 1.000
[1781463071.567] SMART_PALETTE_OVERLAY: 0
[1781463071.567] SMART_PALETTE_INDEX: 0
[1781463071.567] SMART_AUTO_COLOUR_SHIFT: 0
[1781463071.567] SMART_MIN_DWELL_MS: 8000
[1781463071.567] SMART_COOLDOWN_MS: 20000
[1781463071.567] SMART_SWITCH_WINDOW_MS: 60000
[1781463071.567] SMART_MAX_SWITCHES: 2
[1781463071.567] SMART_AUDIO_NOVELTY: 0.0187
[1781463071.568] SMART_AUDIO_ENERGY: 0.0809
[1781463071.568] SMART_EVENT_ID: 1554
[1781463071.568] SMART_EVENT_AGE_MS: 5
[1781463071.568] SMART_ONSET: 1
[1781463071.568] SMART_BASS_ONSET: 0
[1781463071.568] SMART_BEAT_CONFIDENCE: 0.000
[1781463071.568] SMART_TRANSIENT: 0
[1781463071.568] SMART_KICK: 0
[1781463071.568] SMART_SNARE: 0
[1781463071.568] SMART_HIHAT: 0
[1781463071.568] SMART_TRANSIENT_LEVEL: 0.070
[1781463071.569] SMART_KICK_LEVEL: 0.000
[1781463071.569] SMART_SNARE_LEVEL: 0.000
[1781463071.569] SMART_HIHAT_LEVEL: 0.000
[1781463071.569] SMART_SNARE_EVENT_ID: 625
[1781463071.569] SMART_HIHAT_EVENT_ID: 823
[1781463071.569] }}
[1781463071.843] [AP] SSL=154 DC=-4746 max_raw=310 follower=3250 peak_scaled=0.102 silent_scale=1.000 silence=0 cal_source=config cal_valid=1 cal_reason=none | bpm=85.0 conf=0.29 lock=0 phase=0.19 beat=0 bstr=0.10 | onset=1 bass=0 ostr=0.00
[1781463072.357] [VP] profile=candidate fix=111011 chroma_seq=32665 chroma_flatness=0.1143 chroma_norm_max=0.5310 chroma_norm_mean=0.4167 chroma_final_max=0.0740 chroma_final_mean=0.0544 agc_gain=0.2729 bloom_alpha=0.9900 bloom_shift=1.0000 wave_idle=0.9850 wave_raw_margin=1.1000 wave_peak_floor=0.0800 wave_vu_floor=0.0200 wave_shift=120.0000 render_us=690 render_avg=638 render_max=1675
[1781463072.847] [AP] SSL=154 DC=-4746 max_raw=393 follower=1818 peak_scaled=0.153 silent_scale=1.000 silence=0 cal_source=config cal_valid=1 cal_reason=none | bpm=85.0 conf=0.22 lock=0 phase=0.63 beat=0 bstr=0.05 | onset=0 bass=0 ostr=0.00
[1781463073.361] [VP] profile=candidate fix=111011 chroma_seq=32866 chroma_flatness=0.0413 chroma_norm_max=0.3283 chroma_norm_mean=0.2870 chroma_final_max=0.0000 chroma_final_mean=0.0000 agc_gain=0.1447 bloom_alpha=0.9900 bloom_shift=1.0000 wave_idle=0.9850 wave_raw_margin=1.1000 wave_peak_floor=0.0800 wave_vu_floor=0.0200 wave_shift=120.0000 render_us=534 render_avg=581 render_max=1675
[1781463073.852] [AP] SSL=154 DC=-4746 max_raw=190 follower=2153 peak_scaled=0.015 silent_scale=1.000 silence=0 cal_source=config cal_valid=1 cal_reason=none | bpm=132.0 conf=0.80 lock=1 phase=0.48 beat=0 bstr=0.01 | onset=0 bass=0 ostr=0.00
[1781463074.361] [VP] profile=candidate fix=111011 chroma_seq=33066 chroma_flatness=0.1224 chroma_norm_max=0.4409 chroma_norm_mean=0.3185 chroma_final_max=0.0723 chroma_final_mean=0.0463 agc_gain=0.5877 bloom_alpha=0.9900 bloom_shift=1.0000 wave_idle=0.9850 wave_raw_margin=1.1000 wave_peak_floor=0.0800 wave_vu_floor=0.0200 wave_shift=120.0000 render_us=620 render_avg=625 render_max=1675
[1781463074.858] [AP] SSL=154 DC=-4746 max_raw=130 follower=1193 peak_scaled=0.118 silent_scale=1.000 silence=0 cal_source=config cal_valid=1 cal_reason=none | bpm=92.0 conf=0.26 lock=0 phase=0.48 beat=0 bstr=0.29 | onset=1 bass=0 ostr=0.00
[1781463075.362] [VP] profile=candidate fix=111011 chroma_seq=33267 chroma_flatness=0.0873 chroma_norm_max=1.0508 chroma_norm_mean=0.9634 chroma_final_max=0.0349 chroma_final_mean=0.0317 agc_gain=0.5778 bloom_alpha=0.9900 bloom_shift=1.0000 wave_idle=0.9850 wave_raw_margin=1.1000 wave_peak_floor=0.0800 wave_vu_floor=0.0200 wave_shift=120.0000 render_us=641 render_avg=665 render_max=1675
[1781463075.863] [AP] SSL=154 DC=-4746 max_raw=310 follower=1216 peak_scaled=0.118 silent_scale=1.000 silence=0 cal_source=config cal_valid=1 cal_reason=none | bpm=124.0 conf=0.81 lock=1 phase=0.36 beat=0 bstr=0.25 | onset=0 bass=0 ostr=0.00
[1781463076.362] [VP] profile=candidate fix=111011 chroma_seq=33467 chroma_flatness=0.1447 chroma_norm_max=0.4494 chroma_norm_mean=0.3046 chroma_final_max=0.1131 chroma_final_mean=0.0662 agc_gain=0.5287 bloom_alpha=0.9900 bloom_shift=1.0000 wave_idle=0.9850 wave_raw_margin=1.1000 wave_peak_floor=0.0800 wave_vu_floor=0.0200 wave_shift=120.0000 render_us=614 render_avg=618 render_max=1675
[1781463076.867] [AP] SSL=154 DC=-4746 max_raw=268 follower=1492 peak_scaled=0.128 silent_scale=1.000 silence=0 cal_source=config cal_valid=1 cal_reason=none | bpm=99.0 conf=0.32 lock=0 phase=0.42 beat=0 bstr=0.14 | onset=1 bass=0 ostr=0.00
[1781463077.377] [VP] profile=candidate fix=111011 chroma_seq=33671 chroma_flatness=0.1564 chroma_norm_max=0.6854 chroma_norm_mean=0.5290 chroma_final_max=0.2236 chroma_final_mean=0.1639 agc_gain=0.7695 bloom_alpha=0.9900 bloom_shift=1.0000 wave_idle=0.9850 wave_raw_margin=1.1000 wave_peak_floor=0.0800 wave_vu_floor=0.0200 wave_shift=120.0000 render_us=660 render_avg=666 render_max=1675
[1781463077.872] [AP] SSL=154 DC=-4746 max_raw=585 follower=1280 peak_scaled=0.543 silent_scale=1.000 silence=0 cal_source=config cal_valid=1 cal_reason=none | bpm=80.0 conf=0.25 lock=0 phase=1.00 beat=0 bstr=0.04 | onset=0 bass=0 ostr=0.00
[1781463078.386] [VP] profile=candidate fix=111011 chroma_seq=33874 chroma_flatness=0.1166 chroma_norm_max=0.5797 chroma_norm_mean=0.4631 chroma_final_max=0.0878 chroma_final_mean=0.0665 agc_gain=0.2799 bloom_alpha=0.9900 bloom_shift=1.0000 wave_idle=0.9850 wave_raw_margin=1.1000 wave_peak_floor=0.0800 wave_vu_floor=0.0200 wave_shift=120.0000 render_us=625 render_avg=637 render_max=1675
[1781463078.878] [AP] SSL=154 DC=-4746 max_raw=270 follower=1186 peak_scaled=0.186 silent_scale=1.000 silence=0 cal_source=config cal_valid=1 cal_reason=none | bpm=80.0 conf=0.95 lock=1 phase=0.41 beat=0 bstr=0.08 | onset=0 bass=0 ostr=0.00
[1781463079.391] [VP] profile=candidate fix=111011 chroma_seq=34076 chroma_flatness=0.2584 chroma_norm_max=0.8578 chroma_norm_mean=0.5994 chroma_final_max=0.6760 chroma_final_mean=0.4455 agc_gain=0.3206 bloom_alpha=0.9900 bloom_shift=1.0000 wave_idle=0.9850 wave_raw_margin=1.1000 wave_peak_floor=0.0800 wave_vu_floor=0.0200 wave_shift=120.0000 render_us=628 render_avg=673 render_max=1675
[1781463079.882] [AP] SSL=154 DC=-4746 max_raw=268 follower=738 peak_scaled=0.246 silent_scale=1.000 silence=0 cal_source=config cal_valid=1 cal_reason=none | bpm=80.0 conf=0.98 lock=1 phase=0.84 beat=0 bstr=0.15 | onset=1 bass=0 ostr=0.00
[1781463080.392] [VP] profile=candidate fix=111011 chroma_seq=34277 chroma_flatness=0.0722 chroma_norm_max=0.9888 chroma_norm_mean=0.9167 chroma_final_max=0.0000 chroma_final_mean=0.0000 agc_gain=0.6642 bloom_alpha=0.9900 bloom_shift=1.0000 wave_idle=0.9850 wave_raw_margin=1.1000 wave_peak_floor=0.0800 wave_vu_floor=0.0200 wave_shift=120.0000 render_us=577 render_avg=619 render_max=1675
[1781463080.888] [AP] SSL=154 DC=-4746 max_raw=282 follower=496 peak_scaled=0.441 silent_scale=1.000 silence=0 cal_source=config cal_valid=1 cal_reason=none | bpm=80.0 conf=0.97 lock=1 phase=0.02 beat=0 bstr=0.39 | onset=0 bass=1 ostr=0.07
[1781463081.392] [VP] profile=candidate fix=111011 chroma_seq=34478 chroma_flatness=0.0385 chroma_norm_max=0.5847 chroma_norm_mean=0.5461 chroma_final_max=0.0000 chroma_final_mean=0.0000 agc_gain=0.3999 bloom_alpha=0.9900 bloom_shift=1.0000 wave_idle=0.9850 wave_raw_margin=1.1000 wave_peak_floor=0.0800 wave_vu_floor=0.0200 wave_shift=120.0000 render_us=595 render_avg=590 render_max=1675
[1781463081.894] [AP] SSL=154 DC=-4746 max_raw=153 follower=778 peak_scaled=0.108 silent_scale=1.000 silence=0 cal_source=config cal_valid=1 cal_reason=none | bpm=64.0 conf=0.92 lock=1 phase=0.14 beat=0 bstr=0.10 | onset=0 bass=0 ostr=0.00
[1781463082.392] [VP] profile=candidate fix=111011 chroma_seq=34679 chroma_flatness=0.1409 chroma_norm_max=0.9038 chroma_norm_mean=0.7629 chroma_final_max=0.2449 chroma_final_mean=0.2020 agc_gain=0.4018 bloom_alpha=0.9900 bloom_shift=1.0000 wave_idle=0.9850 wave_raw_margin=1.1000 wave_peak_floor=0.0800 wave_vu_floor=0.0200 wave_shift=120.0000 render_us=706 render_avg=697 render_max=1675
[1781463082.897] [AP] SSL=154 DC=-4746 max_raw=1007 follower=1313 peak_scaled=0.869 silent_scale=1.000 silence=0 cal_source=config cal_valid=1 cal_reason=none | bpm=64.0 conf=0.87 lock=1 phase=0.04 beat=0 bstr=0.13 | onset=0 bass=1 ostr=0.10
[1781463083.407] [VP] profile=candidate fix=111011 chroma_seq=34882 chroma_flatness=0.0487 chroma_norm_max=0.3215 chroma_norm_mean=0.2729 chroma_final_max=0.0000 chroma_final_mean=0.0000 agc_gain=0.2554 bloom_alpha=0.9900 bloom_shift=1.0000 wave_idle=0.9850 wave_raw_margin=1.1000 wave_peak_floor=0.0800 wave_vu_floor=0.0200 wave_shift=120.0000 render_us=662 render_avg=595 render_max=1675
[1781463083.903] [AP] SSL=154 DC=-4746 max_raw=934 follower=1362 peak_scaled=0.553 silent_scale=1.000 silence=0 cal_source=config cal_valid=1 cal_reason=none | bpm=106.0 conf=0.35 lock=0 phase=0.42 beat=0 bstr=0.43 | onset=0 bass=1 ostr=0.05
[1781463084.407] [VP] profile=candidate fix=111011 chroma_seq=35083 chroma_flatness=0.0766 chroma_norm_max=0.4762 chroma_norm_mean=0.3996 chroma_final_max=0.0000 chroma_final_mean=0.0000 agc_gain=0.3197 bloom_alpha=0.9900 bloom_shift=1.0000 wave_idle=0.9850 wave_raw_margin=1.1000 wave_peak_floor=0.0800 wave_vu_floor=0.0200 wave_shift=120.0000 render_us=589 render_avg=630 render_max=1675
[1781463084.909] [AP] SSL=154 DC=-4746 max_raw=690 follower=1192 peak_scaled=0.588 silent_scale=1.000 silence=0 cal_source=config cal_valid=1 cal_reason=none | bpm=106.0 conf=0.42 lock=0 phase=0.21 beat=0 bstr=0.34 | onset=0 bass=0 ostr=0.00
[1781463085.407] [VP] profile=candidate fix=111011 chroma_seq=35284 chroma_flatness=0.1335 chroma_norm_max=0.8402 chroma_norm_mean=0.7068 chroma_final_max=0.1979 chroma_final_mean=0.1622 agc_gain=0.3460 bloom_alpha=0.9900 bloom_shift=1.0000 wave_idle=0.9850 wave_raw_margin=1.1000 wave_peak_floor=0.0800 wave_vu_floor=0.0200 wave_shift=120.0000 render_us=634 render_avg=638 render_max=1675
[1781463085.913] [AP] SSL=154 DC=-4746 max_raw=1232 follower=1131 peak_scaled=1.082 silent_scale=1.000 silence=0 cal_source=config cal_valid=1 cal_reason=none | bpm=100.0 conf=0.65 lock=1 phase=0.92 beat=0 bstr=0.35 | onset=1 bass=0 ostr=0.00
[1781463086.411] [VP] profile=candidate fix=111011 chroma_seq=35486 chroma_flatness=0.0209 chroma_norm_max=0.3460 chroma_norm_mean=0.3251 chroma_final_max=0.0000 chroma_final_mean=0.0000 agc_gain=0.2605 bloom_alpha=0.9900 bloom_shift=1.0000 wave_idle=0.9850 wave_raw_margin=1.1000 wave_peak_floor=0.0800 wave_vu_floor=0.0200 wave_shift=120.0000 render_us=541 render_avg=593 render_max=1675
[1781463086.595] >>> :smart_status
[1781463086.616] sbr{{
[1781463086.616] SMART_ASSIST: off
[1781463086.616] SMART_SWITCHING: off
[1781463086.616] SMART_DIRECTOR_AUTONOMY: off
[1781463086.616] SMART_HOOKS: off
[1781463086.616] SMART_CONFIDENCE_FLOOR: 0.080
[1781463086.616] SMART_APPLIED_MODE: 3
[1781463086.616] SMART_LAST_REQUESTED_MODE: 3
[1781463086.617] SMART_SWITCHES_IN_WINDOW: 0
[1781463086.617] SMART_MANUAL_OWNER_ACTIVE: 0
[1781463086.617] SMART_LAST_REASON: 0
[1781463086.617] SMART_STATE: 0
[1781463086.617] SMART_INTENT_MODE: 3
[1781463086.617] SMART_INTENT_CONFIDENCE: 0.000
[1781463086.617] SMART_INTENT_WANTS_SWITCH: 0
[1781463086.617] SMART_SCALAR_PHOTONS: 1.000
[1781463086.618] SMART_SCALAR_CHROMA: 1.000
[1781463086.618] SMART_SCALAR_MOOD: 1.000
[1781463086.618] SMART_SCALAR_SATURATION: 1.000
[1781463086.618] SMART_PALETTE_OVERLAY: 0
[1781463086.618] SMART_PALETTE_INDEX: 0
[1781463086.618] SMART_AUTO_COLOUR_SHIFT: 0
[1781463086.618] SMART_MIN_DWELL_MS: 8000
[1781463086.618] SMART_COOLDOWN_MS: 20000
[1781463086.619] SMART_SWITCH_WINDOW_MS: 60000
[1781463086.619] SMART_MAX_SWITCHES: 2
[1781463086.619] SMART_AUDIO_NOVELTY: 0.0575
[1781463086.619] SMART_AUDIO_ENERGY: 0.1342
[1781463086.619] SMART_EVENT_ID: 1709
[1781463086.619] SMART_EVENT_AGE_MS: 0
[1781463086.619] SMART_ONSET: 0
[1781463086.619] SMART_BASS_ONSET: 1
[1781463086.620] SMART_BEAT_CONFIDENCE: 0.000
[1781463086.620] SMART_TRANSIENT: 0
[1781463086.620] SMART_KICK: 1
[1781463086.620] SMART_SNARE: 0
[1781463086.620] SMART_HIHAT: 0
[1781463086.620] SMART_TRANSIENT_LEVEL: 0.058
[1781463086.620] SMART_KICK_LEVEL: 0.032
[1781463086.620] SMART_SNARE_LEVEL: 0.026
[1781463086.621] SMART_HIHAT_LEVEL: 0.005
[1781463086.621] SMART_SNARE_EVENT_ID: 689
[1781463086.621] SMART_HIHAT_EVENT_ID: 909
[1781463086.621] }}
[1781463086.918] [AP] SSL=154 DC=-4746 max_raw=208 follower=783 peak_scaled=0.116 silent_scale=1.000 silence=0 cal_source=config cal_valid=1 cal_reason=none | bpm=100.0 conf=0.91 lock=1 phase=0.63 beat=0 bstr=0.51 | onset=0 bass=0 ostr=0.00
[1781463087.310] >>> :dump
[1781463087.315] sbr{{
[1781463087.316] FIRMWARE_VERSION: 40103
[1781463087.316] CHIP ID: F887A500
[1781463087.316] noise_button.pressed: 0
[1781463087.316] noise_button.last_down: 0
[1781463087.316] noise_button.last_up: 0
[1781463087.316] noise_button.pin: 255
[1781463087.316] mode_button.pressed: 0
[1781463087.316] mode_button.last_down: 0
[1781463087.316] mode_button.last_up: 0
[1781463087.317] mode_button.pin: 255
[1781463087.317] CONFIG.PHOTONS: 0.650000
[1781463087.317] CONFIG.CHROMA: 0.000000
[1781463087.317] CONFIG.MOOD: 0.150000
[1781463087.317] CONFIG.LIGHTSHOW_MODE: 8
[1781463087.318] CONFIG.MIRROR_ENABLED: 1
[1781463087.318] CONFIG.CHROMAGRAM_RANGE: 60
[1781463087.318] CONFIG.SAMPLE_RATE: 12800
[1781463087.318] CONFIG.NOTE_OFFSET: 12
[1781463087.318] CONFIG.SQUARE_ITER: 1.00
[1781463087.318] CONFIG.LED_TYPE: 0
[1781463087.318] CONFIG.LED_COUNT: 160
[1781463087.318] CONFIG.LED_COLOR_ORDER: 66
[1781463087.318] CONFIG.SAMPLES_PER_CHUNK: 96
[1781463087.319] CONFIG.SENSITIVITY: 2.400000
[1781463087.319] CONFIG.BOOT_ANIMATION: 1
[1781463087.319] CONFIG.SWEET_SPOT_MIN_LEVEL: 154
[1781463087.319] CONFIG.SWEET_SPOT_MAX_LEVEL: 30000
[1781463087.319] CONFIG.DC_OFFSET: -4746
[1781463087.319] CAL_SOURCE: config
[1781463087.319] CAL_VALID: 1
[1781463087.319] CAL_PROFILE_LOADED: 0
[1781463087.319] NOISE_CAL_REASON: none
[1781463087.319] NOISE_CAL_DC_SAMPLES: 0
[1781463087.319] NOISE_CAL_SSL_P50: 0.0
[1781463087.319] NOISE_CAL_SSL_P90: 0.0
[1781463087.319] CONFIG.STANDBY_DIMMING: 0
[1781463087.319] CONFIG.REVERSE_ORDER: 0
[1781463087.320] CONFIG.MAX_CURRENT_MA: 1500
[1781463087.320] CONFIG.TEMPORAL_DITHERING: 1
[1781463087.320] CONFIG.AUTO_COLOR_SHIFT: 0
[1781463087.320] CONFIG.INCANDESCENT_FILTER: 0.00
[1781463087.320] CONFIG.INCANDESCENT_MODE: 0
[1781463087.320] CONFIG.BULB_OPACITY: 0.00
[1781463087.320] CONFIG.SATURATION: 1.00
[1781463087.320] CONFIG.PRISM_COUNT: 1.00
[1781463087.320] CONFIG.BASE_COAT: 0
[1781463087.320] CONFIG.BASE_COAT_INTENSITY: 0.000
[1781463087.320] MASTER_BRIGHTNESS: 1.00
[1781463087.321] stream_audio: 0
[1781463087.321] stream_fps: 0
[1781463087.321] stream_max_mags: 0
[1781463087.321] stream_max_mags_followers: 0
[1781463087.321] stream_magnitudes: 0
[1781463087.321] stream_spectrogram: 0
[1781463087.321] stream_chromagram: 0
[1781463087.321] debug_mode: 0
[1781463087.321] noise_complete: 1
[1781463087.321] noise_iterations: 0
[1781463087.321] next_save_time: 41937
[1781463087.321] settings_updated: 0
[1781463087.321] I2S_PORT: 0
[1781463087.322] SAMPLE_HISTORY_LENGTH: 4096
[1781463087.322] silence: 0
[1781463087.322] mode_destination: -1
[1781463087.322] SYSTEM_FPS: 168.95
[1781463087.322] LED_FPS: 200.62
[1781463087.322] }}
[1781463087.412] [VP] profile=candidate fix=111011 chroma_seq=35686 chroma_flatness=0.1446 chroma_norm_max=1.0462 chroma_norm_mean=0.9016 chroma_final_max=0.3058 chroma_final_mean=0.2590 agc_gain=0.6521 bloom_alpha=0.9900 bloom_shift=1.0000 wave_idle=0.9850 wave_raw_margin=1.1000 wave_peak_floor=0.0800 wave_vu_floor=0.0200 wave_shift=120.0000 render_us=739 render_avg=675 render_max=1675
[1781463087.923] [AP] SSL=154 DC=-4746 max_raw=419 follower=515 peak_scaled=0.416 silent_scale=1.000 silence=0 cal_source=config cal_valid=1 cal_reason=none | bpm=100.0 conf=0.96 lock=1 phase=0.27 beat=0 bstr=0.68 | onset=0 bass=0 ostr=0.00
[1781463088.028] >>> :vp_perf=stop
[1781463088.035] sbr{{
[1781463088.035] VP_PERF: disabled (compile with ENABLE_VP_PERF_AUDIT=1)
[1781463088.035] }}
[1781463088.413] [VP] profile=candidate fix=111011 chroma_seq=35888 chroma_flatness=0.0967 chroma_norm_max=0.8934 chroma_norm_mean=0.7967 chroma_final_max=0.0662 chroma_final_mean=0.0581 agc_gain=0.2979 bloom_alpha=0.9900 bloom_shift=1.0000 wave_idle=0.9850 wave_raw_margin=1.1000 wave_peak_floor=0.0800 wave_vu_floor=0.0200 wave_shift=120.0000 render_us=638 render_avg=670 render_max=1675
[1781463088.739] >>> :ap_stream=off
[1781463088.756] sbr{{
[1781463088.756] AP_STREAM: off
[1781463088.756] }}
[1781463089.413] [VP] profile=candidate fix=111011 chroma_seq=36088 chroma_flatness=0.2697 chroma_norm_max=1.0093 chroma_norm_mean=0.7397 chroma_final_max=0.8623 chroma_final_mean=0.6066 agc_gain=0.3020 bloom_alpha=0.9900 bloom_shift=1.0000 wave_idle=0.9850 wave_raw_margin=1.1000 wave_peak_floor=0.0800 wave_vu_floor=0.0200 wave_shift=120.0000 render_us=659 render_avg=634 render_max=1675
[1781463089.450] >>> :vp_stream=off
[1781463089.451] sbr{{
[1781463089.451] VP_STREAM: off
[1781463089.451] }}
[1781463090.161] >>> :ap_stream=off
[1781463090.171] sbr{{
[1781463090.171] AP_STREAM: off
[1781463090.171] }}
[1781463090.321] >>> :vp_stream=off
[1781463090.331] sbr{{
[1781463090.331] VP_STREAM: off
[1781463090.331] }}
[1781463090.476] >>> :vp_perf=stop
[1781463090.486] sbr{{
[1781463090.486] VP_PERF: disabled (compile with ENABLE_VP_PERF_AUDIT=1)
[1781463090.486] }}
[1781463090.635] >>> :stop
[1781463090.646] SBOK
