[1781463000.492] #DEVICE role=bench-reference name=bench-12201 port=/dev/cu.usbmodem12401 expected_chip_id=B489A500 env=k1_bench_reference
[1781463000.492] >>> :version
[1781463000.493] _scale=1.000 silence=0 cal_source=config cal_valid=1 cal_reason=none | bpm=95.0 conf=0.54 lock=1 phase=0.21 beat=0 bstr=0.05 | onset=0 bass=0 ostr=0.00
[1781463000.493] [AP] SSL=354 DC=-1124 max_raw=819 follower=5114 peak_scaled=0.106 silent_scale=1.000 silence=0 cal_source=config cal_valid=1 cal_reason=none | bpm=98.0 conf=0.63 lock=1 phase=0.87 beat=0 bstr=0.93 | onset=0 bass=0 ostr=0.00
[1781463000.494] [AP] SSL=354 DC=-1124 max_raw=802 follower=2800 peak_scaled=0.136 silent_scale=1.000 silence=0 cal_source=config cal_valid=1 cal_reason=none | bpm=98.0 conf=0.71 lock=1 phase=0.51 beat=0 bstr=0.87 | onset=0 bass=1 ostr=0.04
[1781463000.494] [AP] SSL=354 DC=-1124 max_raw=368 follower=1560 peak_scaled=0.140 silent_scale=1.000 silence=0 cal_source=config cal_valid=1 cal_reason=none | bpm=98.0 conf=0.71 lock=1 phase=0.30 beat=0 bstr=0.77 | onset=1 bass=0 ostr=0.00
[1781463000.495] [AP] SSL=354 DC=-1124 max_raw=566 follower=896 peak_scaled=0.331 silent_scale=1.000 silence=0 cal_source=config cal_valid=1 cal_reason=none | bpm=98.0 conf=0.63 lock=1 phase=0.91 beat=0 bstr=0.69 | onset=0 bass=1 ostr=0.03
[1781463000.496] [AP] SSL=354 DC=-1124 max_raw=768 follower=1241 peak_scaled=0.383 silent_scale=1.000 silence=0 cal_source=config cal_valid=1 cal_reason=none | bpm=98.0 conf=0.50 lock=1 phase=0.32 beat=0 bstr=0.78 | onset=0 bass=0 ostr=0.00
[1781463000.496] [AP] SSL=354 DC=-1124 max_raw=667 follower=723 peak_scaled=0.721 silent_scale=1.000 silence=0 cal_source=config cal_valid=1 cal_reason=none | bpm=98.0 conf=0.34 lock=0 phase=0.97 beat=0 bstr=0.70 | onset=0 bass=0 ostr=0.00
[1781463000.496] [AP] SSL=354 DC=-1124 max_raw=363 follower=466 peak_scaled=0.381 silent_scale=1.000 silence=0 cal_source=config cal_valid=1 cal_reason=none | bpm=98.0 conf=0.25 lock=0 phase=0.63 beat=0 bstr=0.66 | onset=0 bass=0 ostr=0.00
[1781463000.497] [AP] SSL=354 DC=-1124 max_raw=310 follower=431 peak_scaled=0.134 silent_scale=1.000 silence=0 cal_source=config cal_valid=1 cal_reason=none | bpm=99.0 conf=0.25 lock=0 phase=0.26 beat=0 bstr=0.76 | onset=0 bass=0 ostr=0.00
[1781463000.497] [AP] SSL=354 DC=-1124 max_raw=446 follower=386 peak_scaled=0.330 silent_scale=1.000 silence=0 cal_source=config cal_valid=1 cal_reason=none | bpm=99.0 conf=0.29 lock=0 phase=0.93 beat=0 bstr=0.72 | onset=1 bass=0 ostr=0.00
[1781463000.498] [AP] SSL=354 DC=-1124 max_raw=393 follower=461 peak_scaled=0.410 silent_scale=1.000 silence=0 cal_source=config cal_valid=1 cal_reason=none | bpm=124.0 conf=0.73 lock=1 phase=0.80 beat=0 bstr=0.45 | onset=0 bass=0 ostr=0.00
[1781463000.498] [AP] SSL=354 DC=-1124 max_raw=490 follower=382 peak_scaled=0.368 silent_scale=1.000 silence=0 cal_source=config cal_valid=1 cal_reason=none | bpm=124.0 conf=0.78 lock=0 phase=0.76 beat=0 bstr=0.63 | onset=0 bass=1 ostr=0.02
[1781463000.499] [AP] SSL=354 DC=-1124 max_raw=310 follower=423 peak_scaled=0.201 silent_scale=1.000 silence=0 cal_source=config cal_valid=1 cal_reason=none | bpm=124.0 conf=0.76 lock=0 phase=0.84 beat=0 bstr=0.79 | onset=0 bass=0 ostr=0.00
[1781463000.499] [AP] SSL=354 DC=-1124 max_raw=283 follower=1269 peak_scaled=0.188 silent_scale=1.000 silence=0 cal_source=config cal_valid=1 cal_reason=none | bpm=124.0 conf=0.84 lock=1 phase=0.94 beat=0 bstr=0.84 | onset=0 bass=0 ostr=0.00
[1781463000.500] [AP] SSL=354 DC=-1124 max_raw=575 follower=1146 peak_scaled=0.250 silent_scale=1.000 silence=0 cal_source=config cal_valid=1 cal_reason=none | bpm=124.0 conf=0.82 lock=1 phase=0.05 beat=0 bstr=0.81 | onset=0 bass=0 ostr=0.00
[1781463000.500] [AP] SSL=354 DC=-1124 max_raw=402 follower=653 peak_scaled=0.349 silent_scale=1.000 silence=0 cal_source=config cal_valid=1 cal_reason=none | bpm=62.0 conf=0.79 lock=1 phase=0.51 beat=0 bstr=0.04 | onset=1 bass=0 ostr=0.00
[1781463000.511] sbr{{
[1781463000.511] VERSION: 40103
[1781463000.511] }}
[1781463001.208] [AP] SSL=354 DC=-1124 max_raw=306 follower=466 peak_scaled=0.404 silent_scale=1.000 silence=0 cal_source=config cal_valid=1 cal_reason=none | bpm=62.0 conf=0.64 lock=1 phase=0.74 beat=0 bstr=0.03 | onset=0 bass=1 ostr=0.04
[1781463001.302] >>> :chip_id
[1781463001.321] sbr{{
[1781463001.321] B489A500
[1781463001.322] }}
[1781463002.213] [AP] SSL=354 DC=-1124 max_raw=934 follower=722 peak_scaled=0.933 silent_scale=1.000 silence=0 cal_source=config cal_valid=1 cal_reason=none | bpm=62.0 conf=0.52 lock=1 phase=0.78 beat=0 bstr=0.03 | onset=0 bass=1 ostr=0.04
[1781463002.570] >>> :stop
[1781463002.581] SBOK
[1781463003.486] >>> :vp_stream=off
[1781463003.503] sbr{{
[1781463003.503] VP_STREAM: off
[1781463003.503] }}
[1781463004.396] >>> :ap_stream=off
[1781463004.401] sbr{{
[1781463004.401] AP_STREAM: off
[1781463004.401] }}
[1781463005.313] >>> :dump
[1781463005.327] sbr{{
[1781463005.327] FIRMWARE_VERSION: 40103
[1781463005.327] CHIP ID: B489A500
[1781463005.327] noise_button.pressed: 0
[1781463005.327] noise_button.last_down: 0
[1781463005.328] noise_button.last_up: 0
[1781463005.328] noise_button.pin: 255
[1781463005.328] mode_button.pressed: 0
[1781463005.328] mode_button.last_down: 0
[1781463005.328] mode_button.last_up: 0
[1781463005.328] mode_button.pin: 255
[1781463005.328] CONFIG.PHOTONS: 0.480000
[1781463005.328] CONFIG.CHROMA: 0.400000
[1781463005.328] CONFIG.MOOD: 0.100000
[1781463005.328] CONFIG.LIGHTSHOW_MODE: 8
[1781463005.328] CONFIG.MIRROR_ENABLED: 1
[1781463005.329] CONFIG.CHROMAGRAM_RANGE: 60
[1781463005.329] CONFIG.SAMPLE_RATE: 12800
[1781463005.329] CONFIG.NOTE_OFFSET: 12
[1781463005.329] CONFIG.SQUARE_ITER: 0.00
[1781463005.329] CONFIG.LED_TYPE: 0
[1781463005.329] CONFIG.LED_COUNT: 160
[1781463005.329] CONFIG.LED_COLOR_ORDER: 66
[1781463005.329] CONFIG.SAMPLES_PER_CHUNK: 96
[1781463005.329] CONFIG.SENSITIVITY: 2.300000
[1781463005.330] CONFIG.BOOT_ANIMATION: 1
[1781463005.330] CONFIG.SWEET_SPOT_MIN_LEVEL: 354
[1781463005.330] CONFIG.SWEET_SPOT_MAX_LEVEL: 30000
[1781463005.330] CONFIG.DC_OFFSET: -1124
[1781463005.330] CAL_SOURCE: config
[1781463005.330] CAL_VALID: 1
[1781463005.330] CAL_PROFILE_LOADED: 0
[1781463005.330] NOISE_CAL_REASON: none
[1781463005.330] NOISE_CAL_DC_SAMPLES: 0
[1781463005.330] NOISE_CAL_SSL_P50: 0.0
[1781463005.331] NOISE_CAL_SSL_P90: 0.0
[1781463005.331] CONFIG.STANDBY_DIMMING: 0
[1781463005.331] CONFIG.REVERSE_ORDER: 0
[1781463005.331] CONFIG.MAX_CURRENT_MA: 1500
[1781463005.331] CONFIG.TEMPORAL_DITHERING: 1
[1781463005.331] CONFIG.AUTO_COLOR_SHIFT: 1
[1781463005.331] CONFIG.INCANDESCENT_FILTER: 0.00
[1781463005.331] CONFIG.INCANDESCENT_MODE: 0
[1781463005.331] CONFIG.BULB_OPACITY: 0.00
[1781463005.332] CONFIG.SATURATION: 1.00
[1781463005.332] CONFIG.PRISM_COUNT: 1.00
[1781463005.332] CONFIG.BASE_COAT: 1
[1781463005.332] CONFIG.BASE_COAT_INTENSITY: 0.000
[1781463005.332] MASTER_BRIGHTNESS: 1.00
[1781463005.332] stream_audio: 0
[1781463005.332] stream_fps: 0
[1781463005.332] stream_max_mags: 0
[1781463005.332] stream_max_mags_followers: 0
[1781463005.332] stream_magnitudes: 0
[1781463005.332] stream_spectrogram: 0
[1781463005.332] stream_chromagram: 0
[1781463005.332] debug_mode: 0
[1781463005.333] noise_complete: 1
[1781463005.333] noise_iterations: 0
[1781463005.333] next_save_time: 43747
[1781463005.333] settings_updated: 0
[1781463005.333] I2S_PORT: 0
[1781463005.333] SAMPLE_HISTORY_LENGTH: 4096
[1781463005.333] silence: 0
[1781463005.333] mode_destination: -1
[1781463005.333] SYSTEM_FPS: 166.67
[1781463005.333] LED_FPS: 201.57
[1781463005.333] }}
[1781463006.222] >>> :smart_status
[1781463006.226] sbr{{
[1781463006.226] SMART_ASSIST: off
[1781463006.227] SMART_SWITCHING: off
[1781463006.227] SMART_DIRECTOR_AUTONOMY: off
[1781463006.227] SMART_HOOKS: off
[1781463006.227] SMART_CONFIDENCE_FLOOR: 0.080
[1781463006.227] SMART_APPLIED_MODE: 3
[1781463006.227] SMART_LAST_REQUESTED_MODE: 3
[1781463006.227] SMART_SWITCHES_IN_WINDOW: 0
[1781463006.227] SMART_MANUAL_OWNER_ACTIVE: 0
[1781463006.227] SMART_LAST_REASON: 0
[1781463006.227] SMART_STATE: 0
[1781463006.227] SMART_INTENT_MODE: 3
[1781463006.227] SMART_INTENT_CONFIDENCE: 0.000
[1781463006.227] SMART_INTENT_WANTS_SWITCH: 0
[1781463006.228] SMART_SCALAR_PHOTONS: 1.000
[1781463006.228] SMART_SCALAR_CHROMA: 1.000
[1781463006.228] SMART_SCALAR_MOOD: 1.000
[1781463006.228] SMART_SCALAR_SATURATION: 1.000
[1781463006.228] SMART_PALETTE_OVERLAY: 0
[1781463006.228] SMART_PALETTE_INDEX: 0
[1781463006.229] SMART_AUTO_COLOUR_SHIFT: 0
[1781463006.229] SMART_MIN_DWELL_MS: 8000
[1781463006.229] SMART_COOLDOWN_MS: 20000
[1781463006.229] SMART_SWITCH_WINDOW_MS: 60000
[1781463006.229] SMART_MAX_SWITCHES: 2
[1781463006.229] SMART_AUDIO_NOVELTY: 0.0354
[1781463006.229] SMART_AUDIO_ENERGY: 0.1299
[1781463006.230] SMART_EVENT_ID: 800
[1781463006.230] SMART_EVENT_AGE_MS: 0
[1781463006.230] SMART_ONSET: 1
[1781463006.230] SMART_BASS_ONSET: 0
[1781463006.230] SMART_BEAT_CONFIDENCE: 0.000
[1781463006.230] SMART_TRANSIENT: 1
[1781463006.230] SMART_KICK: 0
[1781463006.230] SMART_SNARE: 0
[1781463006.230] SMART_HIHAT: 0
[1781463006.230] SMART_TRANSIENT_LEVEL: 0.035
[1781463006.231] SMART_KICK_LEVEL: 0.000
[1781463006.231] SMART_SNARE_LEVEL: 0.001
[1781463006.231] SMART_HIHAT_LEVEL: 0.002
[1781463006.231] SMART_SNARE_EVENT_ID: 358
[1781463006.231] SMART_HIHAT_EVENT_ID: 426
[1781463006.231] }}
[1781463007.135] >>> :vp_status
[1781463007.146] sbr{{
[1781463007.146] VP_PROFILE: candidate
[1781463007.147] VP_FIXES: agc_soft=on chroma_gate=on prism_off=on bloom_decay=off hsv_source_sat=on secondary_clean=on
[1781463007.147] VP_STREAM: off
[1781463007.147] AP_STREAM: off
[1781463007.147] VP_BLOOM: alpha=0.9900 shift=1.0000 force_sat=on
[1781463007.149] VP_WAVEFORM: idle_fade=0.9850 raw_margin=1.1000 peak_floor=0.0800 active_fade=0.0400 blend_gain=2.0000 fallback=1.0000 vu_floor=0.0200 shift_rate=120.0000
[1781463007.150] VP_CHROMA: seq=16257 range=60 profile=0 gate_gain=0.2057 pre_max=0.3582 pre_mean=0.3044 norm_max=0.8062 norm_mean=0.6850 flatness=0.1211 final_max=0.1453 final_mean=0.1204
[1781463007.151] VP_AGC: gain=0.6687 envelope=0.4031 floor=0.0010 gated=false
[1781463007.151] VP_RENDER_US: last=725 avg=650 max=1629
[1781463007.151] }}
[1781463008.046] >>> :vp_perf=status
[1781463008.048] sbr{{
[1781463008.049] VP_PERF: disabled (compile with ENABLE_VP_PERF_AUDIT=1)
[1781463008.049] }}
[1781463008.813] >>> :ap_stream=on
[1781463008.836] sbr{{
[1781463008.836] AP_STREAM: on
[1781463008.836] }}
[1781463008.838] [AP] SSL=354 DC=-1124 max_raw=575 follower=1866 peak_scaled=0.311 silent_scale=1.000 silence=0 cal_source=config cal_valid=1 cal_reason=none | bpm=125.0 conf=0.60 lock=0 phase=0.20 beat=0 bstr=0.28 | onset=0 bass=1 ostr=0.06
[1781463009.421] >>> :vp_stream=on
[1781463009.422] sbr{{
[1781463009.422] VP_STREAM: on
[1781463009.422] }}
[1781463009.428] [VP] profile=candidate fix=111011 chroma_seq=16715 chroma_flatness=0.0949 chroma_norm_max=0.4404 chroma_norm_mean=0.3455 chroma_final_max=0.0254 chroma_final_mean=0.0183 agc_gain=0.4459 bloom_alpha=0.9900 bloom_shift=1.0000 wave_idle=0.9850 wave_raw_margin=1.1000 wave_peak_floor=0.0800 wave_vu_floor=0.0200 wave_shift=120.0000 render_us=647 render_avg=678 render_max=1629
[1781463009.848] [AP] SSL=354 DC=-1124 max_raw=480 follower=1087 peak_scaled=0.389 silent_scale=1.000 silence=0 cal_source=config cal_valid=1 cal_reason=none | bpm=125.0 conf=0.63 lock=1 phase=0.32 beat=0 bstr=0.22 | onset=0 bass=0 ostr=0.00
[1781463010.029] >>> :vp_perf=reset
[1781463010.052] sbr{{
[1781463010.052] VP_PERF: disabled (compile with ENABLE_VP_PERF_AUDIT=1)
[1781463010.052] }}
[1781463010.429] [VP] profile=candidate fix=111011 chroma_seq=16916 chroma_flatness=0.0916 chroma_norm_max=0.6037 chroma_norm_mean=0.5121 chroma_final_max=0.0291 chroma_final_mean=0.0232 agc_gain=0.5997 bloom_alpha=0.9900 bloom_shift=1.0000 wave_idle=0.9850 wave_raw_margin=1.1000 wave_peak_floor=0.0800 wave_vu_floor=0.0200 wave_shift=120.0000 render_us=639 render_avg=660 render_max=1629
[1781463010.639] >>> :vp_perf=start
[1781463010.657] sbr{{
[1781463010.658] VP_PERF: disabled (compile with ENABLE_VP_PERF_AUDIT=1)
[1781463010.658] }}
[1781463010.853] [AP] SSL=354 DC=-1124 max_raw=239 follower=651 peak_scaled=0.458 silent_scale=1.000 silence=0 cal_source=config cal_valid=1 cal_reason=none | bpm=125.0 conf=0.62 lock=1 phase=0.26 beat=0 bstr=0.16 | onset=0 bass=1 ostr=0.05
[1781463011.244] >>> :smart_status
[1781463011.248] sbr{{
[1781463011.248] SMART_ASSIST: off
[1781463011.248] SMART_SWITCHING: off
[1781463011.248] SMART_DIRECTOR_AUTONOMY: off
[1781463011.248] SMART_HOOKS: off
[1781463011.248] SMART_CONFIDENCE_FLOOR: 0.080
[1781463011.249] SMART_APPLIED_MODE: 3
[1781463011.249] SMART_LAST_REQUESTED_MODE: 3
[1781463011.249] SMART_SWITCHES_IN_WINDOW: 0
[1781463011.249] SMART_MANUAL_OWNER_ACTIVE: 0
[1781463011.249] SMART_LAST_REASON: 0
[1781463011.249] SMART_STATE: 0
[1781463011.249] SMART_INTENT_MODE: 3
[1781463011.249] SMART_INTENT_CONFIDENCE: 0.000
[1781463011.249] SMART_INTENT_WANTS_SWITCH: 0
[1781463011.249] SMART_SCALAR_PHOTONS: 1.000
[1781463011.250] SMART_SCALAR_CHROMA: 1.000
[1781463011.250] SMART_SCALAR_MOOD: 1.000
[1781463011.250] SMART_SCALAR_SATURATION: 1.000
[1781463011.250] SMART_PALETTE_OVERLAY: 0
[1781463011.250] SMART_PALETTE_INDEX: 0
[1781463011.250] SMART_AUTO_COLOUR_SHIFT: 0
[1781463011.250] SMART_MIN_DWELL_MS: 8000
[1781463011.250] SMART_COOLDOWN_MS: 20000
[1781463011.250] SMART_SWITCH_WINDOW_MS: 60000
[1781463011.250] SMART_MAX_SWITCHES: 2
[1781463011.250] SMART_AUDIO_NOVELTY: 0.1771
[1781463011.251] SMART_AUDIO_ENERGY: 0.3144
[1781463011.251] SMART_EVENT_ID: 851
[1781463011.251] SMART_EVENT_AGE_MS: 0
[1781463011.251] SMART_ONSET: 0
[1781463011.251] SMART_BASS_ONSET: 1
[1781463011.251] SMART_BEAT_CONFIDENCE: 0.000
[1781463011.251] SMART_TRANSIENT: 0
[1781463011.251] SMART_KICK: 1
[1781463011.251] SMART_SNARE: 0
[1781463011.251] SMART_HIHAT: 0
[1781463011.251] SMART_TRANSIENT_LEVEL: 0.636
[1781463011.252] SMART_KICK_LEVEL: 0.138
[1781463011.252] SMART_SNARE_LEVEL: 0.097
[1781463011.252] SMART_HIHAT_LEVEL: 0.241
[1781463011.252] SMART_SNARE_EVENT_ID: 379
[1781463011.252] SMART_HIHAT_EVENT_ID: 448
[1781463011.252] }}
[1781463011.429] [VP] profile=candidate fix=111011 chroma_seq=17118 chroma_flatness=0.0796 chroma_norm_max=0.9216 chroma_norm_mean=0.8421 chroma_final_max=0.0000 chroma_final_mean=0.0000 agc_gain=0.3745 bloom_alpha=0.9900 bloom_shift=1.0000 wave_idle=0.9850 wave_raw_margin=1.1000 wave_peak_floor=0.0800 wave_vu_floor=0.0200 wave_shift=120.0000 render_us=597 render_avg=682 render_max=1629
[1781463011.859] [AP] SSL=354 DC=-1124 max_raw=1972 follower=1787 peak_scaled=1.317 silent_scale=1.000 silence=0 cal_source=config cal_valid=1 cal_reason=none | bpm=125.0 conf=0.61 lock=1 phase=0.40 beat=0 bstr=0.23 | onset=0 bass=1 ostr=0.18
[1781463012.433] [VP] profile=candidate fix=111011 chroma_seq=17320 chroma_flatness=0.0750 chroma_norm_max=0.4725 chroma_norm_mean=0.3975 chroma_final_max=0.0000 chroma_final_mean=0.0000 agc_gain=0.1794 bloom_alpha=0.9900 bloom_shift=1.0000 wave_idle=0.9850 wave_raw_margin=1.1000 wave_peak_floor=0.0800 wave_vu_floor=0.0200 wave_shift=120.0000 render_us=521 render_avg=664 render_max=1629
[1781463012.865] [AP] SSL=354 DC=-1124 max_raw=1650 follower=2379 peak_scaled=0.694 silent_scale=1.000 silence=0 cal_source=config cal_valid=1 cal_reason=none | bpm=125.0 conf=0.53 lock=1 phase=0.32 beat=0 bstr=0.44 | onset=0 bass=1 ostr=0.22
[1781463013.433] [VP] profile=candidate fix=111011 chroma_seq=17521 chroma_flatness=0.0977 chroma_norm_max=0.4388 chroma_norm_mean=0.3411 chroma_final_max=0.0301 chroma_final_mean=0.0214 agc_gain=0.3150 bloom_alpha=0.9900 bloom_shift=1.0000 wave_idle=0.9850 wave_raw_margin=1.1000 wave_peak_floor=0.0800 wave_vu_floor=0.0200 wave_shift=120.0000 render_us=639 render_avg=649 render_max=1629
[1781463013.868] [AP] SSL=354 DC=-1124 max_raw=543 follower=1332 peak_scaled=0.200 silent_scale=1.000 silence=0 cal_source=config cal_valid=1 cal_reason=none | bpm=125.0 conf=0.46 lock=1 phase=0.35 beat=0 bstr=0.81 | onset=0 bass=0 ostr=0.00
[1781463014.434] [VP] profile=candidate fix=111011 chroma_seq=17724 chroma_flatness=0.1588 chroma_norm_max=0.7122 chroma_norm_mean=0.5534 chroma_final_max=0.2412 chroma_final_mean=0.1786 agc_gain=0.4845 bloom_alpha=0.9900 bloom_shift=1.0000 wave_idle=0.9850 wave_raw_margin=1.1000 wave_peak_floor=0.0800 wave_vu_floor=0.0200 wave_shift=120.0000 render_us=680 render_avg=733 render_max=1629
[1781463014.874] [AP] SSL=354 DC=-1124 max_raw=384 follower=942 peak_scaled=0.380 silent_scale=1.000 silence=0 cal_source=config cal_valid=1 cal_reason=none | bpm=125.0 conf=0.42 lock=0 phase=0.46 beat=0 bstr=0.73 | onset=1 bass=0 ostr=0.00
[1781463015.435] [VP] profile=candidate fix=111011 chroma_seq=17925 chroma_flatness=0.0784 chroma_norm_max=0.8483 chroma_norm_mean=0.7691 chroma_final_max=0.0000 chroma_final_mean=0.0000 agc_gain=0.4941 bloom_alpha=0.9900 bloom_shift=1.0000 wave_idle=0.9850 wave_raw_margin=1.1000 wave_peak_floor=0.0800 wave_vu_floor=0.0200 wave_shift=120.0000 render_us=609 render_avg=637 render_max=1629
[1781463015.879] [AP] SSL=354 DC=-1124 max_raw=543 follower=630 peak_scaled=0.407 silent_scale=1.000 silence=0 cal_source=config cal_valid=1 cal_reason=none | bpm=127.0 conf=0.55 lock=0 phase=0.58 beat=0 bstr=0.53 | onset=0 bass=1 ostr=0.04
[1781463016.448] [VP] profile=candidate fix=111011 chroma_seq=18130 chroma_flatness=0.1907 chroma_norm_max=1.0297 chroma_norm_mean=0.8391 chroma_final_max=0.5146 chroma_final_mean=0.4090 agc_gain=0.5879 bloom_alpha=0.9900 bloom_shift=1.0000 wave_idle=0.9850 wave_raw_margin=1.1000 wave_peak_floor=0.0800 wave_vu_floor=0.0200 wave_shift=120.0000 render_us=693 render_avg=667 render_max=1629
[1781463016.884] [AP] SSL=354 DC=-1124 max_raw=676 follower=552 peak_scaled=0.700 silent_scale=1.000 silence=0 cal_source=config cal_valid=1 cal_reason=none | bpm=127.0 conf=0.59 lock=1 phase=0.64 beat=0 bstr=0.49 | onset=1 bass=0 ostr=0.00
[1781463017.449] [VP] profile=candidate fix=111011 chroma_seq=18333 chroma_flatness=0.1893 chroma_norm_max=0.9080 chroma_norm_mean=0.7187 chroma_final_max=0.4415 chroma_final_mean=0.3381 agc_gain=0.6449 bloom_alpha=0.9900 bloom_shift=1.0000 wave_idle=0.9850 wave_raw_margin=1.1000 wave_peak_floor=0.0800 wave_vu_floor=0.0200 wave_shift=120.0000 render_us=732 render_avg=710 render_max=1629
[1781463017.889] [AP] SSL=354 DC=-1124 max_raw=239 follower=433 peak_scaled=0.511 silent_scale=1.000 silence=0 cal_source=config cal_valid=1 cal_reason=none | bpm=127.0 conf=0.59 lock=1 phase=0.92 beat=0 bstr=0.24 | onset=0 bass=1 ostr=0.04
[1781463018.453] [VP] profile=candidate fix=111011 chroma_seq=18535 chroma_flatness=0.1262 chroma_norm_max=0.4940 chroma_norm_mean=0.3678 chroma_final_max=0.0911 chroma_final_mean=0.0619 agc_gain=0.3915 bloom_alpha=0.9900 bloom_shift=1.0000 wave_idle=0.9850 wave_raw_margin=1.1000 wave_peak_floor=0.0800 wave_vu_floor=0.0200 wave_shift=120.0000 render_us=684 render_avg=671 render_max=1629
[1781463018.895] [AP] SSL=354 DC=-1124 max_raw=474 follower=1691 peak_scaled=0.238 silent_scale=1.000 silence=0 cal_source=config cal_valid=1 cal_reason=none | bpm=127.0 conf=0.48 lock=1 phase=0.95 beat=0 bstr=0.11 | onset=0 bass=0 ostr=0.00
[1781463019.462] [VP] profile=candidate fix=111011 chroma_seq=18738 chroma_flatness=0.0429 chroma_norm_max=0.4214 chroma_norm_mean=0.3785 chroma_final_max=0.0000 chroma_final_mean=0.0000 agc_gain=0.4311 bloom_alpha=0.9900 bloom_shift=1.0000 wave_idle=0.9850 wave_raw_margin=1.1000 wave_peak_floor=0.0800 wave_vu_floor=0.0200 wave_shift=120.0000 render_us=591 render_avg=615 render_max=1629
[1781463019.898] [AP] SSL=354 DC=-1124 max_raw=1853 follower=1691 peak_scaled=1.360 silent_scale=1.000 silence=0 cal_source=config cal_valid=1 cal_reason=none | bpm=62.0 conf=0.28 lock=0 phase=0.54 beat=0 bstr=0.01 | onset=1 bass=0 ostr=0.00
[1781463020.462] [VP] profile=candidate fix=111011 chroma_seq=18939 chroma_flatness=0.0298 chroma_norm_max=0.1953 chroma_norm_mean=0.1681 chroma_final_max=0.0000 chroma_final_mean=0.0000 agc_gain=0.2896 bloom_alpha=0.9900 bloom_shift=1.0000 wave_idle=0.9850 wave_raw_margin=1.1000 wave_peak_floor=0.0800 wave_vu_floor=0.0200 wave_shift=120.0000 render_us=611 render_avg=613 render_max=1629
[1781463020.904] [AP] SSL=354 DC=-1124 max_raw=600 follower=1267 peak_scaled=0.271 silent_scale=1.000 silence=0 cal_source=config cal_valid=1 cal_reason=none | bpm=94.0 conf=0.91 lock=1 phase=0.12 beat=0 bstr=0.52 | onset=0 bass=0 ostr=0.00
[1781463021.464] [VP] profile=candidate fix=111011 chroma_seq=19141 chroma_flatness=0.0670 chroma_norm_max=0.5261 chroma_norm_mean=0.4592 chroma_final_max=0.0000 chroma_final_mean=0.0000 agc_gain=0.3459 bloom_alpha=0.9900 bloom_shift=1.0000 wave_idle=0.9850 wave_raw_margin=1.1000 wave_peak_floor=0.0800 wave_vu_floor=0.0200 wave_shift=120.0000 render_us=591 render_avg=603 render_max=1629
[1781463021.910] [AP] SSL=354 DC=-1124 max_raw=1211 follower=1660 peak_scaled=0.814 silent_scale=1.000 silence=0 cal_source=config cal_valid=1 cal_reason=none | bpm=94.0 conf=0.78 lock=1 phase=0.75 beat=0 bstr=0.83 | onset=0 bass=0 ostr=0.00
[1781463022.478] [VP] profile=candidate fix=111011 chroma_seq=19345 chroma_flatness=0.1019 chroma_norm_max=0.5312 chroma_norm_mean=0.4293 chroma_final_max=0.0472 chroma_final_mean=0.0361 agc_gain=0.1489 bloom_alpha=0.9900 bloom_shift=1.0000 wave_idle=0.9850 wave_raw_margin=1.1000 wave_peak_floor=0.0800 wave_vu_floor=0.0200 wave_shift=120.0000 render_us=637 render_avg=661 render_max=1629
[1781463022.914] [AP] SSL=354 DC=-1124 max_raw=865 follower=3858 peak_scaled=0.177 silent_scale=1.000 silence=0 cal_source=config cal_valid=1 cal_reason=none | bpm=94.0 conf=0.31 lock=0 phase=0.23 beat=0 bstr=0.78 | onset=0 bass=0 ostr=0.00
[1781463023.477] [VP] profile=candidate fix=111011 chroma_seq=19546 chroma_flatness=0.1014 chroma_norm_max=0.3124 chroma_norm_mean=0.2110 chroma_final_max=0.0228 chroma_final_mean=0.0119 agc_gain=0.1803 bloom_alpha=0.9900 bloom_shift=1.0000 wave_idle=0.9850 wave_raw_margin=1.1000 wave_peak_floor=0.0800 wave_vu_floor=0.0200 wave_shift=120.0000 render_us=659 render_avg=644 render_max=1629
[1781463023.919] [AP] SSL=354 DC=-1124 max_raw=658 follower=3172 peak_scaled=0.164 silent_scale=1.000 silence=0 cal_source=config cal_valid=1 cal_reason=none | bpm=63.0 conf=0.71 lock=1 phase=0.21 beat=0 bstr=0.09 | onset=0 bass=0 ostr=0.00
[1781463024.478] [VP] profile=candidate fix=111011 chroma_seq=19747 chroma_flatness=0.0402 chroma_norm_max=0.4889 chroma_norm_mean=0.4487 chroma_final_max=0.0000 chroma_final_mean=0.0000 agc_gain=0.1737 bloom_alpha=0.9900 bloom_shift=1.0000 wave_idle=0.9850 wave_raw_margin=1.1000 wave_peak_floor=0.0800 wave_vu_floor=0.0200 wave_shift=120.0000 render_us=594 render_avg=586 render_max=1629
[1781463024.926] [AP] SSL=354 DC=-1124 max_raw=724 follower=1865 peak_scaled=0.174 silent_scale=1.000 silence=0 cal_source=config cal_valid=1 cal_reason=none | bpm=63.0 conf=0.97 lock=1 phase=0.32 beat=0 bstr=0.13 | onset=1 bass=0 ostr=0.00
[1781463025.483] [VP] profile=candidate fix=111011 chroma_seq=19949 chroma_flatness=0.2025 chroma_norm_max=0.8275 chroma_norm_mean=0.6250 chroma_final_max=0.4456 chroma_final_mean=0.3216 agc_gain=0.1963 bloom_alpha=0.9900 bloom_shift=1.0000 wave_idle=0.9850 wave_raw_margin=1.1000 wave_peak_floor=0.0800 wave_vu_floor=0.0200 wave_shift=120.0000 render_us=608 render_avg=664 render_max=1629
[1781463025.929] [AP] SSL=354 DC=-1124 max_raw=1317 follower=3506 peak_scaled=0.265 silent_scale=1.000 silence=0 cal_source=config cal_valid=1 cal_reason=none | bpm=63.0 conf=0.74 lock=1 phase=0.37 beat=0 bstr=0.30 | onset=0 bass=0 ostr=0.00
[1781463026.484] [VP] profile=candidate fix=111011 chroma_seq=20150 chroma_flatness=0.1512 chroma_norm_max=0.5516 chroma_norm_mean=0.4005 chroma_final_max=0.1607 chroma_final_mean=0.1069 agc_gain=0.1786 bloom_alpha=0.9900 bloom_shift=1.0000 wave_idle=0.9850 wave_raw_margin=1.1000 wave_peak_floor=0.0800 wave_vu_floor=0.0200 wave_shift=120.0000 render_us=698 render_avg=668 render_max=1629
[1781463026.654] >>> :smart_status
[1781463026.658] sbr{{
[1781463026.658] SMART_ASSIST: off
[1781463026.658] SMART_SWITCHING: off
[1781463026.658] SMART_DIRECTOR_AUTONOMY: off
[1781463026.658] SMART_HOOKS: off
[1781463026.659] SMART_CONFIDENCE_FLOOR: 0.080
[1781463026.659] SMART_APPLIED_MODE: 3
[1781463026.659] SMART_LAST_REQUESTED_MODE: 3
[1781463026.659] SMART_SWITCHES_IN_WINDOW: 0
[1781463026.659] SMART_MANUAL_OWNER_ACTIVE: 0
[1781463026.659] SMART_LAST_REASON: 0
[1781463026.659] SMART_STATE: 0
[1781463026.659] SMART_INTENT_MODE: 3
[1781463026.659] SMART_INTENT_CONFIDENCE: 0.000
[1781463026.659] SMART_INTENT_WANTS_SWITCH: 0
[1781463026.659] SMART_SCALAR_PHOTONS: 1.000
[1781463026.659] SMART_SCALAR_CHROMA: 1.000
[1781463026.659] SMART_SCALAR_MOOD: 1.000
[1781463026.659] SMART_SCALAR_SATURATION: 1.000
[1781463026.660] SMART_PALETTE_OVERLAY: 0
[1781463026.660] SMART_PALETTE_INDEX: 0
[1781463026.660] SMART_AUTO_COLOUR_SHIFT: 0
[1781463026.660] SMART_MIN_DWELL_MS: 8000
[1781463026.660] SMART_COOLDOWN_MS: 20000
[1781463026.660] SMART_SWITCH_WINDOW_MS: 60000
[1781463026.660] SMART_MAX_SWITCHES: 2
[1781463026.660] SMART_AUDIO_NOVELTY: 0.0596
[1781463026.660] SMART_AUDIO_ENERGY: 0.1356
[1781463026.660] SMART_EVENT_ID: 1017
[1781463026.660] SMART_EVENT_AGE_MS: 5
[1781463026.661] SMART_ONSET: 1
[1781463026.661] SMART_BASS_ONSET: 0
[1781463026.661] SMART_BEAT_CONFIDENCE: 0.000
[1781463026.661] SMART_TRANSIENT: 0
[1781463026.661] SMART_KICK: 0
[1781463026.661] SMART_SNARE: 0
[1781463026.661] SMART_HIHAT: 0
[1781463026.662] SMART_TRANSIENT_LEVEL: 0.210
[1781463026.662] SMART_KICK_LEVEL: 0.000
[1781463026.662] SMART_SNARE_LEVEL: 0.000
[1781463026.662] SMART_HIHAT_LEVEL: 0.001
[1781463026.662] SMART_SNARE_EVENT_ID: 427
[1781463026.662] SMART_HIHAT_EVENT_ID: 531
[1781463026.662] }}
[1781463026.934] [AP] SSL=354 DC=-1124 max_raw=1083 follower=2234 peak_scaled=0.552 silent_scale=1.000 silence=0 cal_source=config cal_valid=1 cal_reason=none | bpm=63.0 conf=0.69 lock=1 phase=0.33 beat=0 bstr=0.58 | onset=0 bass=1 ostr=0.06
[1781463027.484] [VP] profile=candidate fix=111011 chroma_seq=20352 chroma_flatness=0.0873 chroma_norm_max=0.5659 chroma_norm_mean=0.4785 chroma_final_max=0.0171 chroma_final_mean=0.0139 agc_gain=0.2224 bloom_alpha=0.9900 bloom_shift=1.0000 wave_idle=0.9850 wave_raw_margin=1.1000 wave_peak_floor=0.0800 wave_vu_floor=0.0200 wave_shift=120.0000 render_us=635 render_avg=685 render_max=1629
[1781463027.940] [AP] SSL=354 DC=-1124 max_raw=407 follower=1264 peak_scaled=0.126 silent_scale=1.000 silence=0 cal_source=config cal_valid=1 cal_reason=none | bpm=63.0 conf=0.58 lock=1 phase=0.40 beat=0 bstr=0.82 | onset=1 bass=0 ostr=0.00
[1781463028.489] [VP] profile=candidate fix=111011 chroma_seq=20554 chroma_flatness=0.2875 chroma_norm_max=0.7767 chroma_norm_mean=0.4892 chroma_final_max=0.6767 chroma_final_mean=0.3892 agc_gain=0.6760 bloom_alpha=0.9900 bloom_shift=1.0000 wave_idle=0.9850 wave_raw_margin=1.1000 wave_peak_floor=0.0800 wave_vu_floor=0.0200 wave_shift=120.0000 render_us=681 render_avg=668 render_max=1629
[1781463028.945] [AP] SSL=354 DC=-1124 max_raw=543 follower=992 peak_scaled=0.294 silent_scale=1.000 silence=0 cal_source=config cal_valid=1 cal_reason=none | bpm=64.0 conf=0.52 lock=1 phase=0.44 beat=0 bstr=0.65 | onset=1 bass=0 ostr=0.00
[1781463029.499] [VP] profile=candidate fix=111011 chroma_seq=20758 chroma_flatness=0.1104 chroma_norm_max=0.9699 chroma_norm_mean=0.8595 chroma_final_max=0.1323 chroma_final_mean=0.1155 agc_gain=0.7267 bloom_alpha=0.9900 bloom_shift=1.0000 wave_idle=0.9850 wave_raw_margin=1.1000 wave_peak_floor=0.0800 wave_vu_floor=0.0200 wave_shift=120.0000 render_us=689 render_avg=679 render_max=1629
[1781463029.949] [AP] SSL=354 DC=-1124 max_raw=630 follower=621 peak_scaled=0.436 silent_scale=1.000 silence=0 cal_source=config cal_valid=1 cal_reason=none | bpm=64.0 conf=0.90 lock=1 phase=0.54 beat=0 bstr=0.78 | onset=0 bass=1 ostr=0.02
[1781463030.499] [VP] profile=candidate fix=111011 chroma_seq=20960 chroma_flatness=0.2675 chroma_norm_max=0.8832 chroma_norm_mean=0.6157 chroma_final_max=0.7343 chroma_final_mean=0.4835 agc_gain=0.7339 bloom_alpha=0.9900 bloom_shift=1.0000 wave_idle=0.9850 wave_raw_margin=1.1000 wave_peak_floor=0.0800 wave_vu_floor=0.0200 wave_shift=120.0000 render_us=719 render_avg=695 render_max=1629
[1781463030.954] [AP] SSL=354 DC=-1124 max_raw=460 follower=369 peak_scaled=0.499 silent_scale=1.000 silence=0 cal_source=config cal_valid=1 cal_reason=none | bpm=64.0 conf=0.96 lock=1 phase=0.75 beat=0 bstr=0.70 | onset=0 bass=1 ostr=0.03
[1781463031.499] [VP] profile=candidate fix=111011 chroma_seq=21162 chroma_flatness=0.5189 chroma_norm_max=1.0686 chroma_norm_mean=0.5497 chroma_final_max=0.9686 chroma_final_mean=0.4498 agc_gain=0.9084 bloom_alpha=0.9900 bloom_shift=1.0000 wave_idle=0.9850 wave_raw_margin=1.1000 wave_peak_floor=0.0800 wave_vu_floor=0.0200 wave_shift=120.0000 render_us=662 render_avg=677 render_max=1629
[1781463031.959] [AP] SSL=354 DC=-1124 max_raw=667 follower=1137 peak_scaled=0.595 silent_scale=1.000 silence=0 cal_source=config cal_valid=1 cal_reason=none | bpm=129.0 conf=0.78 lock=1 phase=0.71 beat=0 bstr=0.03 | onset=0 bass=0 ostr=0.00
[1781463032.513] [VP] profile=candidate fix=111011 chroma_seq=21366 chroma_flatness=0.0536 chroma_norm_max=0.5235 chroma_norm_mean=0.4699 chroma_final_max=0.0000 chroma_final_mean=0.0000 agc_gain=0.3486 bloom_alpha=0.9900 bloom_shift=1.0000 wave_idle=0.9850 wave_raw_margin=1.1000 wave_peak_floor=0.0800 wave_vu_floor=0.0200 wave_shift=120.0000 render_us=596 render_avg=615 render_max=1629
[1781463032.965] [AP] SSL=354 DC=-1124 max_raw=1664 follower=1444 peak_scaled=1.121 silent_scale=1.000 silence=0 cal_source=config cal_valid=1 cal_reason=none | bpm=79.0 conf=0.57 lock=1 phase=0.73 beat=0 bstr=0.01 | onset=0 bass=1 ostr=0.11
[1781463033.513] [VP] profile=candidate fix=111011 chroma_seq=21567 chroma_flatness=0.0284 chroma_norm_max=0.2051 chroma_norm_mean=0.1767 chroma_final_max=0.0000 chroma_final_mean=0.0000 agc_gain=0.1587 bloom_alpha=0.9900 bloom_shift=1.0000 wave_idle=0.9850 wave_raw_margin=1.1000 wave_peak_floor=0.0800 wave_vu_floor=0.0200 wave_shift=120.0000 render_us=591 render_avg=592 render_max=1629
[1781463033.970] [AP] SSL=354 DC=-1124 max_raw=1379 follower=2024 peak_scaled=0.790 silent_scale=1.000 silence=0 cal_source=config cal_valid=1 cal_reason=none | bpm=84.0 conf=0.94 lock=1 phase=0.19 beat=0 bstr=0.19 | onset=0 bass=0 ostr=0.00
[1781463034.515] [VP] profile=candidate fix=111011 chroma_seq=21768 chroma_flatness=0.0605 chroma_norm_max=0.3055 chroma_norm_mean=0.2450 chroma_final_max=0.0000 chroma_final_mean=0.0000 agc_gain=0.1613 bloom_alpha=0.9900 bloom_shift=1.0000 wave_idle=0.9850 wave_raw_margin=1.1000 wave_peak_floor=0.0800 wave_vu_floor=0.0200 wave_shift=120.0000 render_us=597 render_avg=644 render_max=1629
[1781463034.974] [AP] SSL=354 DC=-1124 max_raw=692 follower=1559 peak_scaled=0.315 silent_scale=1.000 silence=0 cal_source=config cal_valid=1 cal_reason=none | bpm=82.0 conf=0.95 lock=1 phase=0.41 beat=0 bstr=0.71 | onset=0 bass=0 ostr=0.00
[1781463035.518] [VP] profile=candidate fix=111011 chroma_seq=21969 chroma_flatness=0.1409 chroma_norm_max=0.5214 chroma_norm_mean=0.3804 chroma_final_max=0.1284 chroma_final_mean=0.0854 agc_gain=0.5181 bloom_alpha=0.9900 bloom_shift=1.0000 wave_idle=0.9850 wave_raw_margin=1.1000 wave_peak_floor=0.0800 wave_vu_floor=0.0200 wave_shift=120.0000 render_us=661 render_avg=690 render_max=1629
[1781463035.980] [AP] SSL=354 DC=-1124 max_raw=359 follower=860 peak_scaled=0.163 silent_scale=1.000 silence=0 cal_source=config cal_valid=1 cal_reason=none | bpm=82.0 conf=0.95 lock=1 phase=0.73 beat=0 bstr=0.55 | onset=0 bass=0 ostr=0.00
[1781463036.519] [VP] profile=candidate fix=111011 chroma_seq=22171 chroma_flatness=0.2019 chroma_norm_max=0.9877 chroma_norm_mean=0.7858 chroma_final_max=0.5410 chroma_final_mean=0.4180 agc_gain=0.7506 bloom_alpha=0.9900 bloom_shift=1.0000 wave_idle=0.9850 wave_raw_margin=1.1000 wave_peak_floor=0.0800 wave_vu_floor=0.0200 wave_shift=120.0000 render_us=703 render_avg=688 render_max=1629
[1781463036.985] [AP] SSL=354 DC=-1124 max_raw=451 follower=596 peak_scaled=0.500 silent_scale=1.000 silence=0 cal_source=config cal_valid=1 cal_reason=none | bpm=82.0 conf=0.96 lock=1 phase=0.07 beat=0 bstr=0.77 | onset=0 bass=0 ostr=0.00
[1781463037.520] [VP] profile=candidate fix=111011 chroma_seq=22373 chroma_flatness=0.3187 chroma_norm_max=1.0767 chroma_norm_mean=0.7580 chroma_final_max=0.9767 chroma_final_mean=0.6580 agc_gain=0.7185 bloom_alpha=0.9900 bloom_shift=1.0000 wave_idle=0.9850 wave_raw_margin=1.1000 wave_peak_floor=0.0800 wave_vu_floor=0.0200 wave_shift=120.0000 render_us=729 render_avg=718 render_max=1629
[1781463037.990] [AP] SSL=354 DC=-1124 max_raw=614 follower=464 peak_scaled=0.638 silent_scale=1.000 silence=0 cal_source=config cal_valid=1 cal_reason=none | bpm=82.0 conf=0.80 lock=0 phase=0.53 beat=0 bstr=0.55 | onset=0 bass=1 ostr=0.02
[1781463038.520] [VP] profile=candidate fix=111011 chroma_seq=22574 chroma_flatness=0.1719 chroma_norm_max=1.0222 chroma_norm_mean=0.8504 chroma_final_max=0.4237 chroma_final_mean=0.3447 agc_gain=0.6036 bloom_alpha=0.9900 bloom_shift=1.0000 wave_idle=0.9850 wave_raw_margin=1.1000 wave_peak_floor=0.0800 wave_vu_floor=0.0200 wave_shift=120.0000 render_us=698 render_avg=680 render_max=1629
[1781463038.995] [AP] SSL=354 DC=-1124 max_raw=561 follower=1044 peak_scaled=0.519 silent_scale=1.000 silence=0 cal_source=config cal_valid=1 cal_reason=none | bpm=82.0 conf=0.96 lock=1 phase=0.91 beat=0 bstr=0.55 | onset=1 bass=0 ostr=0.00
[1781463039.524] [VP] profile=candidate fix=111011 chroma_seq=22776 chroma_flatness=0.0447 chroma_norm_max=0.6026 chroma_norm_mean=0.5579 chroma_final_max=0.0000 chroma_final_mean=0.0000 agc_gain=0.4573 bloom_alpha=0.9900 bloom_shift=1.0000 wave_idle=0.9850 wave_raw_margin=1.1000 wave_peak_floor=0.0800 wave_vu_floor=0.0200 wave_shift=120.0000 render_us=519 render_avg=613 render_max=1629
[1781463040.001] [AP] SSL=354 DC=-1124 max_raw=520 follower=717 peak_scaled=0.342 silent_scale=1.000 silence=0 cal_source=config cal_valid=1 cal_reason=none | bpm=82.0 conf=0.95 lock=1 phase=0.17 beat=0 bstr=0.30 | onset=0 bass=1 ostr=0.05
[1781463040.525] [VP] profile=candidate fix=111011 chroma_seq=22978 chroma_flatness=0.1511 chroma_norm_max=0.7461 chroma_norm_mean=0.5950 chroma_final_max=0.2297 chroma_final_mean=0.1760 agc_gain=0.5154 bloom_alpha=0.9900 bloom_shift=1.0000 wave_idle=0.9850 wave_raw_margin=1.1000 wave_peak_floor=0.0800 wave_vu_floor=0.0200 wave_shift=120.0000 render_us=674 render_avg=690 render_max=1629
[1781463041.005] [AP] SSL=354 DC=-1124 max_raw=894 follower=1334 peak_scaled=0.587 silent_scale=1.000 silence=0 cal_source=config cal_valid=1 cal_reason=none | bpm=82.0 conf=0.94 lock=1 phase=0.41 beat=0 bstr=0.15 | onset=0 bass=1 ostr=0.05
[1781463041.536] [VP] profile=candidate fix=111011 chroma_seq=23181 chroma_flatness=0.0452 chroma_norm_max=0.3302 chroma_norm_mean=0.2803 chroma_final_max=0.0000 chroma_final_mean=0.0000 agc_gain=0.2349 bloom_alpha=0.9900 bloom_shift=1.0000 wave_idle=0.9850 wave_raw_margin=1.1000 wave_peak_floor=0.0800 wave_vu_floor=0.0200 wave_shift=120.0000 render_us=618 render_avg=671 render_max=1629
[1781463041.656] >>> :smart_status
[1781463041.664] sbr{{
[1781463041.664] SMART_ASSIST: off
[1781463041.664] SMART_SWITCHING: off
[1781463041.664] SMART_DIRECTOR_AUTONOMY: off
[1781463041.664] SMART_HOOKS: off
[1781463041.664] SMART_CONFIDENCE_FLOOR: 0.080
[1781463041.664] SMART_APPLIED_MODE: 3
[1781463041.664] SMART_LAST_REQUESTED_MODE: 3
[1781463041.664] SMART_SWITCHES_IN_WINDOW: 0
[1781463041.665] SMART_MANUAL_OWNER_ACTIVE: 0
[1781463041.665] SMART_LAST_REASON: 0
[1781463041.665] SMART_STATE: 0
[1781463041.665] SMART_INTENT_MODE: 3
[1781463041.665] SMART_INTENT_CONFIDENCE: 0.000
[1781463041.665] SMART_INTENT_WANTS_SWITCH: 0
[1781463041.665] SMART_SCALAR_PHOTONS: 1.000
[1781463041.665] SMART_SCALAR_CHROMA: 1.000
[1781463041.665] SMART_SCALAR_MOOD: 1.000
[1781463041.665] SMART_SCALAR_SATURATION: 1.000
[1781463041.666] SMART_PALETTE_OVERLAY: 0
[1781463041.666] SMART_PALETTE_INDEX: 0
[1781463041.666] SMART_AUTO_COLOUR_SHIFT: 0
[1781463041.666] SMART_MIN_DWELL_MS: 8000
[1781463041.666] SMART_COOLDOWN_MS: 20000
[1781463041.666] SMART_SWITCH_WINDOW_MS: 60000
[1781463041.666] SMART_MAX_SWITCHES: 2
[1781463041.666] SMART_AUDIO_NOVELTY: 0.0195
[1781463041.666] SMART_AUDIO_ENERGY: 0.0872
[1781463041.666] SMART_EVENT_ID: 1171
[1781463041.666] SMART_EVENT_AGE_MS: 45
[1781463041.666] SMART_ONSET: 1
[1781463041.666] SMART_BASS_ONSET: 0
[1781463041.667] SMART_BEAT_CONFIDENCE: 0.000
[1781463041.667] SMART_TRANSIENT: 0
[1781463041.667] SMART_KICK: 0
[1781463041.667] SMART_SNARE: 0
[1781463041.667] SMART_HIHAT: 0
[1781463041.667] SMART_TRANSIENT_LEVEL: 0.004
[1781463041.667] SMART_KICK_LEVEL: 0.000
[1781463041.667] SMART_SNARE_LEVEL: 0.000
[1781463041.668] SMART_HIHAT_LEVEL: 0.000
[1781463041.668] SMART_SNARE_EVENT_ID: 483
[1781463041.668] SMART_HIHAT_EVENT_ID: 602
[1781463041.668] }}
[1781463042.010] [AP] SSL=354 DC=-1124 max_raw=533 follower=1019 peak_scaled=0.394 silent_scale=1.000 silence=0 cal_source=config cal_valid=1 cal_reason=none | bpm=82.0 conf=0.81 lock=1 phase=0.94 beat=0 bstr=0.14 | onset=0 bass=0 ostr=0.00
[1781463042.539] [VP] profile=candidate fix=111011 chroma_seq=23384 chroma_flatness=0.0891 chroma_norm_max=0.6208 chroma_norm_mean=0.5316 chroma_final_max=0.0238 chroma_final_mean=0.0197 agc_gain=0.5830 bloom_alpha=0.9900 bloom_shift=1.0000 wave_idle=0.9850 wave_raw_margin=1.1000 wave_peak_floor=0.0800 wave_vu_floor=0.0200 wave_shift=120.0000 render_us=637 render_avg=632 render_max=1629
[1781463043.016] [AP] SSL=354 DC=-1124 max_raw=432 follower=779 peak_scaled=0.735 silent_scale=1.000 silence=0 cal_source=config cal_valid=1 cal_reason=none | bpm=75.0 conf=0.93 lock=1 phase=0.25 beat=0 bstr=0.51 | onset=1 bass=0 ostr=0.00
[1781463043.539] [VP] profile=candidate fix=111011 chroma_seq=23585 chroma_flatness=0.1085 chroma_norm_max=0.6964 chroma_norm_mean=0.5879 chroma_final_max=0.0851 chroma_final_mean=0.0696 agc_gain=0.6417 bloom_alpha=0.9900 bloom_shift=1.0000 wave_idle=0.9850 wave_raw_margin=1.1000 wave_peak_floor=0.0800 wave_vu_floor=0.0200 wave_shift=120.0000 render_us=705 render_avg=667 render_max=1629
[1781463044.019] [AP] SSL=354 DC=-1124 max_raw=745 follower=497 peak_scaled=0.664 silent_scale=1.000 silence=0 cal_source=config cal_valid=1 cal_reason=none | bpm=68.0 conf=0.93 lock=1 phase=0.46 beat=0 bstr=0.44 | onset=1 bass=0 ostr=0.00
[1781463044.540] [VP] profile=candidate fix=111011 chroma_seq=23787 chroma_flatness=0.0604 chroma_norm_max=0.4743 chroma_norm_mean=0.4138 chroma_final_max=0.0000 chroma_final_mean=0.0000 agc_gain=0.3751 bloom_alpha=0.9900 bloom_shift=1.0000 wave_idle=0.9850 wave_raw_margin=1.1000 wave_peak_floor=0.0800 wave_vu_floor=0.0200 wave_shift=120.0000 render_us=595 render_avg=614 render_max=1629
[1781463045.024] [AP] SSL=354 DC=-1124 max_raw=556 follower=1665 peak_scaled=0.271 silent_scale=1.000 silence=0 cal_source=config cal_valid=1 cal_reason=none | bpm=125.0 conf=0.56 lock=1 phase=0.96 beat=0 bstr=0.04 | onset=1 bass=0 ostr=0.00
[1781463045.544] [VP] profile=candidate fix=111011 chroma_seq=23988 chroma_flatness=0.0537 chroma_norm_max=0.6479 chroma_norm_mean=0.5941 chroma_final_max=0.0000 chroma_final_mean=0.0000 agc_gain=0.2439 bloom_alpha=0.9900 bloom_shift=1.0000 wave_idle=0.9850 wave_raw_margin=1.1000 wave_peak_floor=0.0800 wave_vu_floor=0.0200 wave_shift=120.0000 render_us=607 render_avg=601 render_max=1629
[1781463046.031] [AP] SSL=354 DC=-1124 max_raw=1035 follower=1508 peak_scaled=0.989 silent_scale=1.000 silence=0 cal_source=config cal_valid=1 cal_reason=none | bpm=125.0 conf=0.66 lock=1 phase=0.07 beat=0 bstr=0.03 | onset=0 bass=1 ostr=0.03
[1781463046.554] [VP] profile=candidate fix=111011 chroma_seq=24191 chroma_flatness=0.0611 chroma_norm_max=0.5975 chroma_norm_mean=0.5364 chroma_final_max=0.0000 chroma_final_mean=0.0000 agc_gain=0.2325 bloom_alpha=0.9900 bloom_shift=1.0000 wave_idle=0.9850 wave_raw_margin=1.1000 wave_peak_floor=0.0800 wave_vu_floor=0.0200 wave_shift=120.0000 render_us=634 render_avg=597 render_max=1629
[1781463047.035] [AP] SSL=354 DC=-1124 max_raw=1216 follower=1340 peak_scaled=0.770 silent_scale=1.000 silence=0 cal_source=config cal_valid=1 cal_reason=none | bpm=125.0 conf=0.72 lock=1 phase=0.22 beat=0 bstr=0.05 | onset=1 bass=0 ostr=0.00
[1781463047.554] [VP] profile=candidate fix=111011 chroma_seq=24392 chroma_flatness=0.1288 chroma_norm_max=0.9519 chroma_norm_mean=0.8231 chroma_final_max=0.2079 chroma_final_mean=0.1765 agc_gain=0.2888 bloom_alpha=0.9900 bloom_shift=1.0000 wave_idle=0.9850 wave_raw_margin=1.1000 wave_peak_floor=0.0800 wave_vu_floor=0.0200 wave_shift=120.0000 render_us=684 render_avg=665 render_max=1629
[1781463048.040] [AP] SSL=354 DC=-1124 max_raw=2393 follower=1225 peak_scaled=1.259 silent_scale=1.000 silence=0 cal_source=config cal_valid=1 cal_reason=none | bpm=125.0 conf=0.68 lock=1 phase=0.41 beat=0 bstr=0.07 | onset=0 bass=1 ostr=0.04
[1781463048.554] [VP] profile=candidate fix=111011 chroma_seq=24594 chroma_flatness=0.1224 chroma_norm_max=0.8952 chroma_norm_mean=0.7728 chroma_final_max=0.1686 chroma_final_mean=0.1427 agc_gain=0.3460 bloom_alpha=0.9900 bloom_shift=1.0000 wave_idle=0.9850 wave_raw_margin=1.1000 wave_peak_floor=0.0800 wave_vu_floor=0.0200 wave_shift=120.0000 render_us=666 render_avg=672 render_max=1629
[1781463049.046] [AP] SSL=354 DC=-1124 max_raw=996 follower=939 peak_scaled=1.004 silent_scale=1.000 silence=0 cal_source=config cal_valid=1 cal_reason=none | bpm=125.0 conf=0.66 lock=1 phase=0.55 beat=0 bstr=0.17 | onset=1 bass=0 ostr=0.00
[1781463049.559] [VP] profile=candidate fix=111011 chroma_seq=24796 chroma_flatness=0.0635 chroma_norm_max=0.4076 chroma_norm_mean=0.3440 chroma_final_max=0.0000 chroma_final_mean=0.0000 agc_gain=0.1944 bloom_alpha=0.9900 bloom_shift=1.0000 wave_idle=0.9850 wave_raw_margin=1.1000 wave_peak_floor=0.0800 wave_vu_floor=0.0200 wave_shift=120.0000 render_us=599 render_avg=624 render_max=1629
[1781463050.050] [AP] SSL=354 DC=-1124 max_raw=1102 follower=1372 peak_scaled=0.590 silent_scale=1.000 silence=0 cal_source=config cal_valid=1 cal_reason=none | bpm=125.0 conf=0.64 lock=1 phase=0.77 beat=0 bstr=0.20 | onset=0 bass=1 ostr=0.03
[1781463050.560] [VP] profile=candidate fix=111011 chroma_seq=24997 chroma_flatness=0.0184 chroma_norm_max=0.1481 chroma_norm_mean=0.1298 chroma_final_max=0.0000 chroma_final_mean=0.0000 agc_gain=0.1140 bloom_alpha=0.9900 bloom_shift=1.0000 wave_idle=0.9850 wave_raw_margin=1.1000 wave_peak_floor=0.0800 wave_vu_floor=0.0200 wave_shift=120.0000 render_us=648 render_avg=627 render_max=1629
[1781463051.056] [AP] SSL=354 DC=-1124 max_raw=327 follower=3662 peak_scaled=0.045 silent_scale=1.000 silence=0 cal_source=config cal_valid=1 cal_reason=none | bpm=115.0 conf=0.69 lock=1 phase=0.84 beat=0 bstr=0.03 | onset=0 bass=0 ostr=0.00
[1781463051.569] [VP] profile=candidate fix=111011 chroma_seq=25200 chroma_flatness=0.1244 chroma_norm_max=0.7404 chroma_norm_mean=0.6161 chroma_final_max=0.1421 chroma_final_mean=0.1145 agc_gain=0.2082 bloom_alpha=0.9900 bloom_shift=1.0000 wave_idle=0.9850 wave_raw_margin=1.1000 wave_peak_floor=0.0800 wave_vu_floor=0.0200 wave_shift=120.0000 render_us=701 render_avg=661 render_max=1629
[1781463052.061] [AP] SSL=354 DC=-1124 max_raw=750 follower=2218 peak_scaled=0.248 silent_scale=1.000 silence=0 cal_source=config cal_valid=1 cal_reason=none | bpm=115.0 conf=0.96 lock=1 phase=0.89 beat=0 bstr=0.02 | onset=0 bass=0 ostr=0.00
[1781463052.574] [VP] profile=candidate fix=111011 chroma_seq=25402 chroma_flatness=0.0543 chroma_norm_max=0.7407 chroma_norm_mean=0.6864 chroma_final_max=0.0000 chroma_final_mean=0.0000 agc_gain=0.2238 bloom_alpha=0.9900 bloom_shift=1.0000 wave_idle=0.9850 wave_raw_margin=1.1000 wave_peak_floor=0.0800 wave_vu_floor=0.0200 wave_shift=120.0000 render_us=518 render_avg=607 render_max=1629
[1781463053.066] [AP] SSL=354 DC=-1124 max_raw=566 follower=1438 peak_scaled=0.208 silent_scale=1.000 silence=0 cal_source=config cal_valid=1 cal_reason=none | bpm=115.0 conf=0.96 lock=1 phase=0.77 beat=0 bstr=0.02 | onset=0 bass=0 ostr=0.00
[1781463053.575] [VP] profile=candidate fix=111011 chroma_seq=25603 chroma_flatness=0.1363 chroma_norm_max=0.8431 chroma_norm_mean=0.7068 chroma_final_max=0.2091 chroma_final_mean=0.1707 agc_gain=0.2973 bloom_alpha=0.9900 bloom_shift=1.0000 wave_idle=0.9850 wave_raw_margin=1.1000 wave_peak_floor=0.0800 wave_vu_floor=0.0200 wave_shift=120.0000 render_us=676 render_avg=685 render_max=1629
[1781463054.070] [AP] SSL=354 DC=-1124 max_raw=1014 follower=1614 peak_scaled=0.416 silent_scale=1.000 silence=0 cal_source=config cal_valid=1 cal_reason=none | bpm=115.0 conf=0.96 lock=1 phase=0.45 beat=0 bstr=0.01 | onset=0 bass=0 ostr=0.00
[1781463054.575] [VP] profile=candidate fix=111011 chroma_seq=25804 chroma_flatness=0.1541 chroma_norm_max=0.8184 chroma_norm_mean=0.6643 chroma_final_max=0.2664 chroma_final_mean=0.2092 agc_gain=0.2550 bloom_alpha=0.9900 bloom_shift=1.0000 wave_idle=0.9850 wave_raw_margin=1.1000 wave_peak_floor=0.0800 wave_vu_floor=0.0200 wave_shift=120.0000 render_us=684 render_avg=691 render_max=1629
[1781463055.077] [AP] SSL=354 DC=-1124 max_raw=1360 follower=2323 peak_scaled=0.608 silent_scale=1.000 silence=0 cal_source=config cal_valid=1 cal_reason=none | bpm=115.0 conf=0.95 lock=1 phase=0.42 beat=0 bstr=0.02 | onset=0 bass=0 ostr=0.00
[1781463055.575] [VP] profile=candidate fix=111011 chroma_seq=26005 chroma_flatness=0.0751 chroma_norm_max=0.3972 chroma_norm_mean=0.3221 chroma_final_max=0.0000 chroma_final_mean=0.0000 agc_gain=0.2007 bloom_alpha=0.9900 bloom_shift=1.0000 wave_idle=0.9850 wave_raw_margin=1.1000 wave_peak_floor=0.0800 wave_vu_floor=0.0200 wave_shift=120.0000 render_us=611 render_avg=637 render_max=1629
[1781463056.080] [AP] SSL=354 DC=-1124 max_raw=421 follower=1381 peak_scaled=0.201 silent_scale=1.000 silence=0 cal_source=config cal_valid=1 cal_reason=none | bpm=115.0 conf=0.34 lock=0 phase=0.34 beat=0 bstr=0.05 | onset=1 bass=0 ostr=0.00
[1781463056.589] [VP] profile=candidate fix=111011 chroma_seq=26209 chroma_flatness=0.1936 chroma_norm_max=1.0303 chroma_norm_mean=0.8367 chroma_final_max=0.5282 chroma_final_mean=0.4183 agc_gain=0.3885 bloom_alpha=0.9900 bloom_shift=1.0000 wave_idle=0.9850 wave_raw_margin=1.1000 wave_peak_floor=0.0800 wave_vu_floor=0.0200 wave_shift=120.0000 render_us=676 render_avg=677 render_max=1629
[1781463056.615] >>> :smart_status
[1781463056.628] sbr{{
[1781463056.628] SMART_ASSIST: off
[1781463056.628] SMART_SWITCHING: off
[1781463056.628] SMART_DIRECTOR_AUTONOMY: off
[1781463056.628] SMART_HOOKS: off
[1781463056.628] SMART_CONFIDENCE_FLOOR: 0.080
[1781463056.628] SMART_APPLIED_MODE: 3
[1781463056.629] SMART_LAST_REQUESTED_MODE: 3
[1781463056.629] SMART_SWITCHES_IN_WINDOW: 0
[1781463056.629] SMART_MANUAL_OWNER_ACTIVE: 0
[1781463056.629] SMART_LAST_REASON: 0
[1781463056.629] SMART_STATE: 0
[1781463056.629] SMART_INTENT_MODE: 3
[1781463056.629] SMART_INTENT_CONFIDENCE: 0.000
[1781463056.629] SMART_INTENT_WANTS_SWITCH: 0
[1781463056.629] SMART_SCALAR_PHOTONS: 1.000
[1781463056.629] SMART_SCALAR_CHROMA: 1.000
[1781463056.630] SMART_SCALAR_MOOD: 1.000
[1781463056.630] SMART_SCALAR_SATURATION: 1.000
[1781463056.630] SMART_PALETTE_OVERLAY: 0
[1781463056.630] SMART_PALETTE_INDEX: 0
[1781463056.630] SMART_AUTO_COLOUR_SHIFT: 0
[1781463056.630] SMART_MIN_DWELL_MS: 8000
[1781463056.630] SMART_COOLDOWN_MS: 20000
[1781463056.630] SMART_SWITCH_WINDOW_MS: 60000
[1781463056.630] SMART_MAX_SWITCHES: 2
[1781463056.631] SMART_AUDIO_NOVELTY: 0.0687
[1781463056.631] SMART_AUDIO_ENERGY: 0.2572
[1781463056.631] SMART_EVENT_ID: 1340
[1781463056.631] SMART_EVENT_AGE_MS: 69
[1781463056.631] SMART_ONSET: 0
[1781463056.631] SMART_BASS_ONSET: 1
[1781463056.631] SMART_BEAT_CONFIDENCE: 0.000
[1781463056.631] SMART_TRANSIENT: 0
[1781463056.631] SMART_KICK: 0
[1781463056.632] SMART_SNARE: 1
[1781463056.632] SMART_HIHAT: 0
[1781463056.632] SMART_TRANSIENT_LEVEL: 0.001
[1781463056.632] SMART_KICK_LEVEL: 0.013
[1781463056.632] SMART_SNARE_LEVEL: 0.037
[1781463056.632] SMART_HIHAT_LEVEL: 0.000
[1781463056.632] SMART_SNARE_EVENT_ID: 556
[1781463056.632] SMART_HIHAT_EVENT_ID: 692
[1781463056.632] }}
[1781463057.085] [AP] SSL=354 DC=-1124 max_raw=1268 follower=905 peak_scaled=0.962 silent_scale=1.000 silence=0 cal_source=config cal_valid=1 cal_reason=none | bpm=77.0 conf=0.60 lock=0 phase=0.14 beat=0 bstr=0.09 | onset=0 bass=1 ostr=0.08
[1781463057.590] [VP] profile=candidate fix=111011 chroma_seq=26411 chroma_flatness=0.0925 chroma_norm_max=0.5216 chroma_norm_mean=0.4291 chroma_final_max=0.0263 chroma_final_mean=0.0205 agc_gain=0.3668 bloom_alpha=0.9900 bloom_shift=1.0000 wave_idle=0.9850 wave_raw_margin=1.1000 wave_peak_floor=0.0800 wave_vu_floor=0.0200 wave_shift=120.0000 render_us=640 render_avg=634 render_max=1629
[1781463058.092] [AP] SSL=354 DC=-1124 max_raw=807 follower=762 peak_scaled=0.620 silent_scale=1.000 silence=0 cal_source=config cal_valid=1 cal_reason=none | bpm=77.0 conf=0.88 lock=1 phase=0.43 beat=0 bstr=0.12 | onset=0 bass=0 ostr=0.00
[1781463058.590] [VP] profile=candidate fix=111011 chroma_seq=26612 chroma_flatness=0.1039 chroma_norm_max=1.0036 chroma_norm_mean=0.8997 chroma_final_max=0.1082 chroma_final_mean=0.0957 agc_gain=0.3218 bloom_alpha=0.9900 bloom_shift=1.0000 wave_idle=0.9850 wave_raw_margin=1.1000 wave_peak_floor=0.0800 wave_vu_floor=0.0200 wave_shift=120.0000 render_us=695 render_avg=670 render_max=1629
[1781463059.095] [AP] SSL=354 DC=-1124 max_raw=630 follower=1527 peak_scaled=0.356 silent_scale=1.000 silence=0 cal_source=config cal_valid=1 cal_reason=none | bpm=114.0 conf=0.35 lock=0 phase=0.81 beat=0 bstr=0.24 | onset=0 bass=0 ostr=0.00
[1781463059.605] [VP] profile=candidate fix=111011 chroma_seq=26816 chroma_flatness=0.0597 chroma_norm_max=0.5869 chroma_norm_mean=0.5272 chroma_final_max=0.0000 chroma_final_mean=0.0000 agc_gain=0.2637 bloom_alpha=0.9900 bloom_shift=1.0000 wave_idle=0.9850 wave_raw_margin=1.1000 wave_peak_floor=0.0800 wave_vu_floor=0.0200 wave_shift=120.0000 render_us=620 render_avg=596 render_max=1629
[1781463060.101] [AP] SSL=354 DC=-1124 max_raw=667 follower=959 peak_scaled=0.343 silent_scale=1.000 silence=0 cal_source=config cal_valid=1 cal_reason=none | bpm=103.0 conf=0.87 lock=1 phase=0.49 beat=0 bstr=0.32 | onset=0 bass=0 ostr=0.00
[1781463060.605] [VP] profile=candidate fix=111011 chroma_seq=27018 chroma_flatness=0.2620 chroma_norm_max=0.7256 chroma_norm_mean=0.4637 chroma_final_max=0.5692 chroma_final_mean=0.3309 agc_gain=0.5131 bloom_alpha=0.9900 bloom_shift=1.0000 wave_idle=0.9850 wave_raw_margin=1.1000 wave_peak_floor=0.0800 wave_vu_floor=0.0200 wave_shift=120.0000 render_us=726 render_avg=711 render_max=1629
[1781463061.105] [AP] SSL=354 DC=-1124 max_raw=586 follower=549 peak_scaled=0.854 silent_scale=1.000 silence=0 cal_source=config cal_valid=1 cal_reason=none | bpm=103.0 conf=0.70 lock=1 phase=0.33 beat=0 bstr=0.43 | onset=1 bass=0 ostr=0.00
[1781463061.610] [VP] profile=candidate fix=111011 chroma_seq=27221 chroma_flatness=0.1211 chroma_norm_max=0.3866 chroma_norm_mean=0.2656 chroma_final_max=0.0589 chroma_final_mean=0.0340 agc_gain=0.2666 bloom_alpha=0.9900 bloom_shift=1.0000 wave_idle=0.9850 wave_raw_margin=1.1000 wave_peak_floor=0.0800 wave_vu_floor=0.0200 wave_shift=120.0000 render_us=689 render_avg=635 render_max=1629
[1781463062.111] [AP] SSL=354 DC=-1124 max_raw=802 follower=1093 peak_scaled=0.447 silent_scale=1.000 silence=0 cal_source=config cal_valid=1 cal_reason=none | bpm=103.0 conf=0.56 lock=1 phase=0.65 beat=0 bstr=0.63 | onset=0 bass=0 ostr=0.00
[1781463062.620] [VP] profile=candidate fix=111011 chroma_seq=27424 chroma_flatness=0.0331 chroma_norm_max=0.3802 chroma_norm_mean=0.3471 chroma_final_max=0.0000 chroma_final_mean=0.0000 agc_gain=0.3448 bloom_alpha=0.9900 bloom_shift=1.0000 wave_idle=0.9850 wave_raw_margin=1.1000 wave_peak_floor=0.0800 wave_vu_floor=0.0200 wave_shift=120.0000 render_us=615 render_avg=613 render_max=1629
[1781463063.115] [AP] SSL=354 DC=-1124 max_raw=407 follower=766 peak_scaled=0.287 silent_scale=1.000 silence=0 cal_source=config cal_valid=1 cal_reason=none | bpm=103.0 conf=0.54 lock=0 phase=0.36 beat=0 bstr=0.43 | onset=1 bass=0 ostr=0.00
[1781463063.621] [VP] profile=candidate fix=111011 chroma_seq=27625 chroma_flatness=0.0846 chroma_norm_max=0.5060 chroma_norm_mean=0.4214 chroma_final_max=0.0094 chroma_final_mean=0.0074 agc_gain=0.2268 bloom_alpha=0.9900 bloom_shift=1.0000 wave_idle=0.9850 wave_raw_margin=1.1000 wave_peak_floor=0.0800 wave_vu_floor=0.0200 wave_shift=120.0000 render_us=671 render_avg=709 render_max=1629
[1781463064.120] [AP] SSL=354 DC=-1124 max_raw=595 follower=2043 peak_scaled=0.260 silent_scale=1.000 silence=0 cal_source=config cal_valid=1 cal_reason=none | bpm=112.0 conf=0.25 lock=0 phase=0.18 beat=0 bstr=0.07 | onset=0 bass=0 ostr=0.00
[1781463064.625] [VP] profile=candidate fix=111011 chroma_seq=27826 chroma_flatness=0.0392 chroma_norm_max=0.2885 chroma_norm_mean=0.2493 chroma_final_max=0.0000 chroma_final_mean=0.0000 agc_gain=0.4509 bloom_alpha=0.9900 bloom_shift=1.0000 wave_idle=0.9850 wave_raw_margin=1.1000 wave_peak_floor=0.0800 wave_vu_floor=0.0200 wave_shift=120.0000 render_us=592 render_avg=593 render_max=1629
[1781463065.126] [AP] SSL=354 DC=-1124 max_raw=437 follower=1145 peak_scaled=0.249 silent_scale=1.000 silence=0 cal_source=config cal_valid=1 cal_reason=none | bpm=112.0 conf=0.25 lock=0 phase=0.03 beat=0 bstr=0.20 | onset=1 bass=0 ostr=0.00
[1781463065.636] [VP] profile=candidate fix=111011 chroma_seq=28029 chroma_flatness=0.0910 chroma_norm_max=0.8814 chroma_norm_mean=0.7904 chroma_final_max=0.0431 chroma_final_mean=0.0381 agc_gain=0.4969 bloom_alpha=0.9900 bloom_shift=1.0000 wave_idle=0.9850 wave_raw_margin=1.1000 wave_peak_floor=0.0800 wave_vu_floor=0.0200 wave_shift=120.0000 render_us=670 render_avg=684 render_max=1629
[1781463066.131] [AP] SSL=354 DC=-1124 max_raw=1229 follower=6431 peak_scaled=0.177 silent_scale=1.000 silence=0 cal_source=config cal_valid=1 cal_reason=none | bpm=112.0 conf=0.27 lock=0 phase=0.92 beat=0 bstr=0.43 | onset=0 bass=0 ostr=0.00
[1781463066.644] [VP] profile=candidate fix=111011 chroma_seq=28232 chroma_flatness=0.0094 chroma_norm_max=0.0920 chroma_norm_mean=0.0826 chroma_final_max=0.0000 chroma_final_mean=0.0000 agc_gain=0.1127 bloom_alpha=0.9900 bloom_shift=1.0000 wave_idle=0.9850 wave_raw_margin=1.1000 wave_peak_floor=0.0800 wave_vu_floor=0.0200 wave_shift=120.0000 render_us=593 render_avg=601 render_max=1629
[1781463067.136] [AP] SSL=354 DC=-1124 max_raw=490 follower=3487 peak_scaled=0.088 silent_scale=1.000 silence=0 cal_source=config cal_valid=1 cal_reason=none | bpm=112.0 conf=0.25 lock=0 phase=0.81 beat=0 bstr=0.49 | onset=0 bass=1 ostr=0.05
[1781463067.650] [VP] profile=candidate fix=111011 chroma_seq=28433 chroma_flatness=0.0814 chroma_norm_max=0.6144 chroma_norm_mean=0.5330 chroma_final_max=0.0035 chroma_final_mean=0.0029 agc_gain=0.3253 bloom_alpha=0.9900 bloom_shift=1.0000 wave_idle=0.9850 wave_raw_margin=1.1000 wave_peak_floor=0.0800 wave_vu_floor=0.0200 wave_shift=120.0000 render_us=563 render_avg=595 render_max=1629
[1781463068.140] [AP] SSL=354 DC=-1124 max_raw=807 follower=2011 peak_scaled=0.263 silent_scale=1.000 silence=0 cal_source=config cal_valid=1 cal_reason=none | bpm=112.0 conf=0.25 lock=0 phase=0.66 beat=0 bstr=0.40 | onset=0 bass=0 ostr=0.00
[1781463068.650] [VP] profile=candidate fix=111011 chroma_seq=28634 chroma_flatness=0.0769 chroma_norm_max=0.4561 chroma_norm_mean=0.3792 chroma_final_max=0.0000 chroma_final_mean=0.0000 agc_gain=0.3678 bloom_alpha=0.9900 bloom_shift=1.0000 wave_idle=0.9850 wave_raw_margin=1.1000 wave_peak_floor=0.0800 wave_vu_floor=0.0200 wave_shift=120.0000 render_us=595 render_avg=588 render_max=1629
[1781463069.146] [AP] SSL=354 DC=-1124 max_raw=508 follower=1240 peak_scaled=0.226 silent_scale=1.000 silence=0 cal_source=config cal_valid=1 cal_reason=none | bpm=112.0 conf=0.27 lock=0 phase=0.55 beat=0 bstr=0.43 | onset=1 bass=0 ostr=0.00
[1781463069.650] [VP] profile=candidate fix=111011 chroma_seq=28834 chroma_flatness=0.0511 chroma_norm_max=0.8453 chroma_norm_mean=0.7941 chroma_final_max=0.0000 chroma_final_mean=0.0000 agc_gain=0.4593 bloom_alpha=0.9900 bloom_shift=1.0000 wave_idle=0.9850 wave_raw_margin=1.1000 wave_peak_floor=0.0800 wave_vu_floor=0.0200 wave_shift=120.0000 render_us=588 render_avg=592 render_max=1629
[1781463070.151] [AP] SSL=354 DC=-1124 max_raw=1163 follower=1833 peak_scaled=0.571 silent_scale=1.000 silence=0 cal_source=config cal_valid=1 cal_reason=none | bpm=93.0 conf=0.43 lock=0 phase=0.42 beat=0 bstr=0.03 | onset=0 bass=0 ostr=0.00
[1781463070.650] [VP] profile=candidate fix=111011 chroma_seq=29035 chroma_flatness=0.1067 chroma_norm_max=0.3765 chroma_norm_mean=0.2698 chroma_final_max=0.0369 chroma_final_mean=0.0226 agc_gain=0.2557 bloom_alpha=0.9900 bloom_shift=1.0000 wave_idle=0.9850 wave_raw_margin=1.1000 wave_peak_floor=0.0800 wave_vu_floor=0.0200 wave_shift=120.0000 render_us=669 render_avg=659 render_max=1629
[1781463071.156] [AP] SSL=354 DC=-1124 max_raw=812 follower=1179 peak_scaled=0.377 silent_scale=1.000 silence=0 cal_source=config cal_valid=1 cal_reason=none | bpm=85.0 conf=0.91 lock=1 phase=0.93 beat=0 bstr=0.16 | onset=0 bass=0 ostr=0.00
[1781463071.609] >>> :smart_status
[1781463071.614] sbr{{
[1781463071.614] SMART_ASSIST: off
[1781463071.614] SMART_SWITCHING: off
[1781463071.615] SMART_DIRECTOR_AUTONOMY: off
[1781463071.615] SMART_HOOKS: off
[1781463071.615] SMART_CONFIDENCE_FLOOR: 0.080
[1781463071.615] SMART_APPLIED_MODE: 3
[1781463071.615] SMART_LAST_REQUESTED_MODE: 3
[1781463071.615] SMART_SWITCHES_IN_WINDOW: 0
[1781463071.615] SMART_MANUAL_OWNER_ACTIVE: 0
[1781463071.615] SMART_LAST_REASON: 0
[1781463071.615] SMART_STATE: 0
[1781463071.616] SMART_INTENT_MODE: 3
[1781463071.616] SMART_INTENT_CONFIDENCE: 0.000
[1781463071.616] SMART_INTENT_WANTS_SWITCH: 0
[1781463071.616] SMART_SCALAR_PHOTONS: 1.000
[1781463071.616] SMART_SCALAR_CHROMA: 1.000
[1781463071.616] SMART_SCALAR_MOOD: 1.000
[1781463071.616] SMART_SCALAR_SATURATION: 1.000
[1781463071.617] SMART_PALETTE_OVERLAY: 0
[1781463071.617] SMART_PALETTE_INDEX: 0
[1781463071.617] SMART_AUTO_COLOUR_SHIFT: 0
[1781463071.617] SMART_MIN_DWELL_MS: 8000
[1781463071.617] SMART_COOLDOWN_MS: 20000
[1781463071.617] SMART_SWITCH_WINDOW_MS: 60000
[1781463071.617] SMART_MAX_SWITCHES: 2
[1781463071.617] SMART_AUDIO_NOVELTY: 0.0547
[1781463071.617] SMART_AUDIO_ENERGY: 0.1022
[1781463071.618] SMART_EVENT_ID: 1496
[1781463071.618] SMART_EVENT_AGE_MS: 26
[1781463071.618] SMART_ONSET: 1
[1781463071.618] SMART_BASS_ONSET: 0
[1781463071.618] SMART_BEAT_CONFIDENCE: 0.000
[1781463071.618] SMART_TRANSIENT: 0
[1781463071.618] SMART_KICK: 0
[1781463071.618] SMART_SNARE: 0
[1781463071.618] SMART_HIHAT: 1
[1781463071.618] SMART_TRANSIENT_LEVEL: 0.547
[1781463071.618] SMART_KICK_LEVEL: 0.000
[1781463071.618] SMART_SNARE_LEVEL: 0.044
[1781463071.619] SMART_HIHAT_LEVEL: 0.056
[1781463071.619] SMART_SNARE_EVENT_ID: 611
[1781463071.619] SMART_HIHAT_EVENT_ID: 769
[1781463071.619] }}
[1781463071.652] [VP] profile=candidate fix=111011 chroma_seq=29237 chroma_flatness=0.0352 chroma_norm_max=0.2413 chroma_norm_mean=0.2061 chroma_final_max=0.0000 chroma_final_mean=0.0000 agc_gain=0.1321 bloom_alpha=0.9900 bloom_shift=1.0000 wave_idle=0.9850 wave_raw_margin=1.1000 wave_peak_floor=0.0800 wave_vu_floor=0.0200 wave_shift=120.0000 render_us=662 render_avg=631 render_max=1629
[1781463072.161] [AP] SSL=354 DC=-1124 max_raw=480 follower=2502 peak_scaled=0.098 silent_scale=1.000 silence=0 cal_source=config cal_valid=1 cal_reason=none | bpm=93.0 conf=0.25 lock=0 phase=0.37 beat=0 bstr=0.07 | onset=0 bass=1 ostr=0.03
[1781463072.656] [VP] profile=candidate fix=111011 chroma_seq=29438 chroma_flatness=0.1039 chroma_norm_max=0.5156 chroma_norm_mean=0.4149 chroma_final_max=0.0429 chroma_final_mean=0.0325 agc_gain=0.3916 bloom_alpha=0.9900 bloom_shift=1.0000 wave_idle=0.9850 wave_raw_margin=1.1000 wave_peak_floor=0.0800 wave_vu_floor=0.0200 wave_shift=120.0000 render_us=667 render_avg=654 render_max=1629
[1781463073.166] [AP] SSL=354 DC=-1124 max_raw=724 follower=3403 peak_scaled=0.273 silent_scale=1.000 silence=0 cal_source=config cal_valid=1 cal_reason=none | bpm=93.0 conf=0.21 lock=0 phase=0.93 beat=0 bstr=0.09 | onset=0 bass=0 ostr=0.00
[1781463073.666] [VP] profile=candidate fix=111011 chroma_seq=29641 chroma_flatness=0.0449 chroma_norm_max=0.1554 chroma_norm_mean=0.1105 chroma_final_max=0.0000 chroma_final_mean=0.0000 agc_gain=0.1893 bloom_alpha=0.9900 bloom_shift=1.0000 wave_idle=0.9850 wave_raw_margin=1.1000 wave_peak_floor=0.0800 wave_vu_floor=0.0200 wave_shift=120.0000 render_us=629 render_avg=594 render_max=1629
[1781463074.171] [AP] SSL=354 DC=-1124 max_raw=253 follower=1815 peak_scaled=0.038 silent_scale=1.000 silence=0 cal_source=config cal_valid=1 cal_reason=none | bpm=132.0 conf=0.85 lock=1 phase=0.94 beat=0 bstr=0.01 | onset=0 bass=0 ostr=0.00
[1781463074.670] [VP] profile=candidate fix=111011 chroma_seq=29843 chroma_flatness=0.1111 chroma_norm_max=0.6523 chroma_norm_mean=0.5412 chroma_final_max=0.0860 chroma_final_mean=0.0687 agc_gain=0.6430 bloom_alpha=0.9900 bloom_shift=1.0000 wave_idle=0.9850 wave_raw_margin=1.1000 wave_peak_floor=0.0800 wave_vu_floor=0.0200 wave_shift=120.0000 render_us=594 render_avg=676 render_max=1629
[1781463075.175] [AP] SSL=354 DC=-1124 max_raw=494 follower=1039 peak_scaled=0.231 silent_scale=1.000 silence=0 cal_source=config cal_valid=1 cal_reason=none | bpm=124.0 conf=0.61 lock=1 phase=0.42 beat=0 bstr=0.11 | onset=1 bass=0 ostr=0.00
[1781463075.671] [VP] profile=candidate fix=111011 chroma_seq=30045 chroma_flatness=0.0417 chroma_norm_max=0.2666 chroma_norm_mean=0.2249 chroma_final_max=0.0000 chroma_final_mean=0.0000 agc_gain=0.2982 bloom_alpha=0.9900 bloom_shift=1.0000 wave_idle=0.9850 wave_raw_margin=1.1000 wave_peak_floor=0.0800 wave_vu_floor=0.0200 wave_shift=120.0000 render_us=598 render_avg=622 render_max=1629
[1781463076.182] [AP] SSL=354 DC=-1124 max_raw=701 follower=922 peak_scaled=0.343 silent_scale=1.000 silence=0 cal_source=config cal_valid=1 cal_reason=none | bpm=79.0 conf=0.23 lock=0 phase=0.13 beat=0 bstr=0.02 | onset=0 bass=1 ostr=0.04
[1781463076.671] [VP] profile=candidate fix=111011 chroma_seq=30246 chroma_flatness=0.1644 chroma_norm_max=0.6764 chroma_norm_mean=0.5119 chroma_final_max=0.2434 chroma_final_mean=0.1739 agc_gain=0.5058 bloom_alpha=0.9900 bloom_shift=1.0000 wave_idle=0.9850 wave_raw_margin=1.1000 wave_peak_floor=0.0800 wave_vu_floor=0.0200 wave_shift=120.0000 render_us=679 render_avg=652 render_max=1629
[1781463077.185] [AP] SSL=354 DC=-1124 max_raw=310 follower=1197 peak_scaled=0.082 silent_scale=1.000 silence=0 cal_source=config cal_valid=1 cal_reason=none | bpm=99.0 conf=0.25 lock=0 phase=0.62 beat=0 bstr=0.06 | onset=0 bass=0 ostr=0.00
[1781463077.671] [VP] profile=candidate fix=111011 chroma_seq=30448 chroma_flatness=0.1528 chroma_norm_max=1.0721 chroma_norm_mean=0.9193 chroma_final_max=0.3541 chroma_final_mean=0.2984 agc_gain=0.4516 bloom_alpha=0.9900 bloom_shift=1.0000 wave_idle=0.9850 wave_raw_margin=1.1000 wave_peak_floor=0.0800 wave_vu_floor=0.0200 wave_shift=120.0000 render_us=725 render_avg=715 render_max=1629
[1781463078.191] [AP] SSL=354 DC=-1124 max_raw=832 follower=976 peak_scaled=0.636 silent_scale=1.000 silence=0 cal_source=config cal_valid=1 cal_reason=none | bpm=80.0 conf=0.63 lock=1 phase=0.11 beat=0 bstr=0.02 | onset=0 bass=0 ostr=0.00
[1781463078.676] [VP] profile=candidate fix=111011 chroma_seq=30649 chroma_flatness=0.1280 chroma_norm_max=0.7543 chroma_norm_mean=0.6263 chroma_final_max=0.1570 chroma_final_mean=0.1071 agc_gain=0.2711 bloom_alpha=0.9900 bloom_shift=1.0000 wave_idle=0.9850 wave_raw_margin=1.1000 wave_peak_floor=0.0800 wave_vu_floor=0.0200 wave_shift=120.0000 render_us=654 render_avg=682 render_max=1629
[1781463079.196] [AP] SSL=354 DC=-1124 max_raw=1268 follower=848 peak_scaled=0.917 silent_scale=1.000 silence=0 cal_source=config cal_valid=1 cal_reason=none | bpm=80.0 conf=0.98 lock=1 phase=0.36 beat=0 bstr=0.10 | onset=0 bass=1 ostr=0.04
[1781463079.675] [VP] profile=candidate fix=111011 chroma_seq=30851 chroma_flatness=0.1909 chroma_norm_max=0.6521 chroma_norm_mean=0.4612 chroma_final_max=0.3062 chroma_final_mean=0.2003 agc_gain=0.4421 bloom_alpha=0.9900 bloom_shift=1.0000 wave_idle=0.9850 wave_raw_margin=1.1000 wave_peak_floor=0.0800 wave_vu_floor=0.0200 wave_shift=120.0000 render_us=668 render_avg=676 render_max=1629
[1781463080.201] [AP] SSL=354 DC=-1124 max_raw=614 follower=540 peak_scaled=0.812 silent_scale=1.000 silence=0 cal_source=config cal_valid=1 cal_reason=none | bpm=80.0 conf=0.98 lock=1 phase=0.30 beat=0 bstr=0.22 | onset=0 bass=0 ostr=0.00
[1781463080.677] [VP] profile=candidate fix=111011 chroma_seq=31053 chroma_flatness=0.0546 chroma_norm_max=0.7816 chroma_norm_mean=0.7270 chroma_final_max=0.0000 chroma_final_mean=0.0000 agc_gain=0.6245 bloom_alpha=0.9900 bloom_shift=1.0000 wave_idle=0.9850 wave_raw_margin=1.1000 wave_peak_floor=0.0800 wave_vu_floor=0.0200 wave_shift=120.0000 render_us=594 render_avg=654 render_max=1629
[1781463081.207] [AP] SSL=354 DC=-1124 max_raw=1171 follower=684 peak_scaled=1.205 silent_scale=1.000 silence=0 cal_source=config cal_valid=1 cal_reason=none | bpm=80.0 conf=0.95 lock=1 phase=0.45 beat=0 bstr=0.23 | onset=1 bass=0 ostr=0.00
[1781463081.677] [VP] profile=candidate fix=111011 chroma_seq=31255 chroma_flatness=0.0703 chroma_norm_max=0.6085 chroma_norm_mean=0.5382 chroma_final_max=0.0000 chroma_final_mean=0.0000 agc_gain=0.3755 bloom_alpha=0.9900 bloom_shift=1.0000 wave_idle=0.9850 wave_raw_margin=1.1000 wave_peak_floor=0.0800 wave_vu_floor=0.0200 wave_shift=120.0000 render_us=612 render_avg=633 render_max=1629
[1781463082.212] [AP] SSL=354 DC=-1124 max_raw=929 follower=753 peak_scaled=0.639 silent_scale=1.000 silence=0 cal_source=config cal_valid=1 cal_reason=none | bpm=64.0 conf=0.67 lock=1 phase=0.62 beat=0 bstr=0.28 | onset=1 bass=0 ostr=0.00
[1781463082.680] [VP] profile=candidate fix=111011 chroma_seq=31457 chroma_flatness=0.0357 chroma_norm_max=0.4650 chroma_norm_mean=0.4293 chroma_final_max=0.0000 chroma_final_mean=0.0000 agc_gain=0.3821 bloom_alpha=0.9900 bloom_shift=1.0000 wave_idle=0.9850 wave_raw_margin=1.1000 wave_peak_floor=0.0800 wave_vu_floor=0.0200 wave_shift=120.0000 render_us=519 render_avg=608 render_max=1629
[1781463083.216] [AP] SSL=354 DC=-1124 max_raw=276 follower=1131 peak_scaled=0.149 silent_scale=1.000 silence=0 cal_source=config cal_valid=1 cal_reason=none | bpm=80.0 conf=0.77 lock=1 phase=0.77 beat=0 bstr=0.18 | onset=0 bass=0 ostr=0.00
[1781463083.681] [VP] profile=candidate fix=111011 chroma_seq=31658 chroma_flatness=0.1649 chroma_norm_max=1.0044 chroma_norm_mean=0.8395 chroma_final_max=0.3838 chroma_final_mean=0.3138 agc_gain=0.2871 bloom_alpha=0.9900 bloom_shift=1.0000 wave_idle=0.9850 wave_raw_margin=1.1000 wave_peak_floor=0.0800 wave_vu_floor=0.0200 wave_shift=120.0000 render_us=673 render_avg=666 render_max=1629
[1781463084.222] [AP] SSL=354 DC=-1124 max_raw=586 follower=930 peak_scaled=0.225 silent_scale=1.000 silence=0 cal_source=config cal_valid=1 cal_reason=none | bpm=106.0 conf=0.43 lock=0 phase=0.37 beat=0 bstr=0.16 | onset=0 bass=0 ostr=0.00
[1781463084.681] [VP] profile=candidate fix=111011 chroma_seq=31859 chroma_flatness=0.2211 chroma_norm_max=1.1594 chroma_norm_mean=0.9382 chroma_final_max=0.7476 chroma_final_mean=0.5915 agc_gain=0.4235 bloom_alpha=0.9900 bloom_shift=1.0000 wave_idle=0.9850 wave_raw_margin=1.1000 wave_peak_floor=0.0800 wave_vu_floor=0.0200 wave_shift=120.0000 render_us=686 render_avg=664 render_max=1629
[1781463085.227] [AP] SSL=354 DC=-1124 max_raw=490 follower=739 peak_scaled=0.452 silent_scale=1.000 silence=0 cal_source=config cal_valid=1 cal_reason=none | bpm=101.0 conf=0.41 lock=0 phase=0.14 beat=0 bstr=0.38 | onset=1 bass=0 ostr=0.00
[1781463085.682] [VP] profile=candidate fix=111011 chroma_seq=32061 chroma_flatness=0.3483 chroma_norm_max=0.9370 chroma_norm_mean=0.5887 chroma_final_max=0.8370 chroma_final_mean=0.4887 agc_gain=0.4668 bloom_alpha=0.9900 bloom_shift=1.0000 wave_idle=0.9850 wave_raw_margin=1.1000 wave_peak_floor=0.0800 wave_vu_floor=0.0200 wave_shift=120.0000 render_us=665 render_avg=694 render_max=1629
[1781463086.232] [AP] SSL=354 DC=-1124 max_raw=720 follower=998 peak_scaled=0.351 silent_scale=1.000 silence=0 cal_source=config cal_valid=1 cal_reason=none | bpm=101.0 conf=0.52 lock=0 phase=0.81 beat=0 bstr=0.78 | onset=1 bass=0 ostr=0.00
[1781463086.686] [VP] profile=candidate fix=111011 chroma_seq=32262 chroma_flatness=0.0910 chroma_norm_max=0.5591 chroma_norm_mean=0.4681 chroma_final_max=0.0252 chroma_final_mean=0.0318 agc_gain=0.3793 bloom_alpha=0.9900 bloom_shift=1.0000 wave_idle=0.9850 wave_raw_margin=1.1000 wave_peak_floor=0.0800 wave_vu_floor=0.0200 wave_shift=120.0000 render_us=632 render_avg=670 render_max=1629
[1781463086.955] >>> :smart_status
[1781463086.960] sbr{{
[1781463086.960] SMART_ASSIST: off
[1781463086.960] SMART_SWITCHING: off
[1781463086.960] SMART_DIRECTOR_AUTONOMY: off
[1781463086.960] SMART_HOOKS: off
[1781463086.960] SMART_CONFIDENCE_FLOOR: 0.080
[1781463086.960] SMART_APPLIED_MODE: 3
[1781463086.960] SMART_LAST_REQUESTED_MODE: 3
[1781463086.960] SMART_SWITCHES_IN_WINDOW: 0
[1781463086.960] SMART_MANUAL_OWNER_ACTIVE: 0
[1781463086.960] SMART_LAST_REASON: 0
[1781463086.960] SMART_STATE: 0
[1781463086.960] SMART_INTENT_MODE: 3
[1781463086.960] SMART_INTENT_CONFIDENCE: 0.000
[1781463086.961] SMART_INTENT_WANTS_SWITCH: 0
[1781463086.961] SMART_SCALAR_PHOTONS: 1.000
[1781463086.961] SMART_SCALAR_CHROMA: 1.000
[1781463086.961] SMART_SCALAR_MOOD: 1.000
[1781463086.961] SMART_SCALAR_SATURATION: 1.000
[1781463086.961] SMART_PALETTE_OVERLAY: 0
[1781463086.961] SMART_PALETTE_INDEX: 0
[1781463086.961] SMART_AUTO_COLOUR_SHIFT: 0
[1781463086.961] SMART_MIN_DWELL_MS: 8000
[1781463086.961] SMART_COOLDOWN_MS: 20000
[1781463086.961] SMART_SWITCH_WINDOW_MS: 60000
[1781463086.961] SMART_MAX_SWITCHES: 2
[1781463086.961] SMART_AUDIO_NOVELTY: 0.0521
[1781463086.962] SMART_AUDIO_ENERGY: 0.1368
[1781463086.962] SMART_EVENT_ID: 1663
[1781463086.962] SMART_EVENT_AGE_MS: 25
[1781463086.962] SMART_ONSET: 1
[1781463086.962] SMART_BASS_ONSET: 0
[1781463086.962] SMART_BEAT_CONFIDENCE: 0.000
[1781463086.962] SMART_TRANSIENT: 0
[1781463086.963] SMART_KICK: 0
[1781463086.963] SMART_SNARE: 1
[1781463086.963] SMART_HIHAT: 1
[1781463086.963] SMART_TRANSIENT_LEVEL: 0.145
[1781463086.963] SMART_KICK_LEVEL: 0.000
[1781463086.963] SMART_SNARE_LEVEL: 0.022
[1781463086.964] SMART_HIHAT_LEVEL: 0.036
[1781463086.964] SMART_SNARE_EVENT_ID: 673
[1781463086.964] SMART_HIHAT_EVENT_ID: 844
[1781463086.964] }}
[1781463087.236] [AP] SSL=354 DC=-1124 max_raw=1062 follower=641 peak_scaled=0.874 silent_scale=1.000 silence=0 cal_source=config cal_valid=1 cal_reason=none | bpm=101.0 conf=0.72 lock=1 phase=0.50 beat=0 bstr=0.90 | onset=0 bass=1 ostr=0.06
[1781463087.670] >>> :dump
[1781463087.679] sbr{{
[1781463087.679] FIRMWARE_VERSION: 40103
[1781463087.680] CHIP ID: B489A500
[1781463087.680] noise_button.pressed: 0
[1781463087.680] noise_button.last_down: 0
[1781463087.680] noise_button.last_up: 0
[1781463087.680] noise_button.pin: 255
[1781463087.680] mode_button.pressed: 0
[1781463087.680] mode_button.last_down: 0
[1781463087.680] mode_button.last_up: 0
[1781463087.680] mode_button.pin: 255
[1781463087.680] CONFIG.PHOTONS: 0.480000
[1781463087.681] CONFIG.CHROMA: 0.400000
[1781463087.681] CONFIG.MOOD: 0.100000
[1781463087.681] CONFIG.LIGHTSHOW_MODE: 8
[1781463087.681] CONFIG.MIRROR_ENABLED: 1
[1781463087.681] CONFIG.CHROMAGRAM_RANGE: 60
[1781463087.681] CONFIG.SAMPLE_RATE: 12800
[1781463087.682] CONFIG.NOTE_OFFSET: 12
[1781463087.682] CONFIG.SQUARE_ITER: 0.00
[1781463087.682] CONFIG.LED_TYPE: 0
[1781463087.682] CONFIG.LED_COUNT: 160
[1781463087.682] CONFIG.LED_COLOR_ORDER: 66
[1781463087.682] CONFIG.SAMPLES_PER_CHUNK: 96
[1781463087.682] CONFIG.SENSITIVITY: 2.300000
[1781463087.683] CONFIG.BOOT_ANIMATION: 1
[1781463087.683] CONFIG.SWEET_SPOT_MIN_LEVEL: 354
[1781463087.683] CONFIG.SWEET_SPOT_MAX_LEVEL: 30000
[1781463087.683] CONFIG.DC_OFFSET: -1124
[1781463087.683] CAL_SOURCE: config
[1781463087.683] CAL_VALID: 1
[1781463087.683] CAL_PROFILE_LOADED: 0
[1781463087.683] NOISE_CAL_REASON: none
[1781463087.683] NOISE_CAL_DC_SAMPLES: 0
[1781463087.683] NOISE_CAL_SSL_P50: 0.0
[1781463087.683] NOISE_CAL_SSL_P90: 0.0
[1781463087.683] CONFIG.STANDBY_DIMMING: 0
[1781463087.684] CONFIG.REVERSE_ORDER: 0
[1781463087.684] CONFIG.MAX_CURRENT_MA: 1500
[1781463087.684] CONFIG.TEMPORAL_DITHERING: 1
[1781463087.684] CONFIG.AUTO_COLOR_SHIFT: 1
[1781463087.684] CONFIG.INCANDESCENT_FILTER: 0.00
[1781463087.684] CONFIG.INCANDESCENT_MODE: 0
[1781463087.684] CONFIG.BULB_OPACITY: 0.00
[1781463087.684] CONFIG.SATURATION: 1.00
[1781463087.684] CONFIG.PRISM_COUNT: 1.00
[1781463087.684] CONFIG.BASE_COAT: 1
[1781463087.684] CONFIG.BASE_COAT_INTENSITY: 0.000
[1781463087.685] MASTER_BRIGHTNESS: 1.00
[1781463087.685] stream_audio: 0
[1781463087.685] stream_fps: 0
[1781463087.685] stream_max_mags: 0
[1781463087.685] stream_max_mags_followers: 0
[1781463087.685] stream_magnitudes: 0
[1781463087.685] stream_spectrogram: 0
[1781463087.685] stream_chromagram: 0
[1781463087.685] debug_mode: 0
[1781463087.685] noise_complete: 1
[1781463087.685] noise_iterations: 0
[1781463087.685] next_save_time: 43747
[1781463087.685] settings_updated: 0
[1781463087.686] I2S_PORT: 0
[1781463087.686] SAMPLE_HISTORY_LENGTH: 4096
[1781463087.686] silence: 0
[1781463087.686] mode_destination: -1
[1781463087.686] SYSTEM_FPS: 166.37
[1781463087.686] LED_FPS: 202.68
[1781463087.686] }}
[1781463087.693] [VP] profile=candidate fix=111011 chroma_seq=32465 chroma_flatness=0.1892 chroma_norm_max=1.1082 chroma_norm_mean=0.9191 chroma_final_max=0.5422 chroma_final_mean=0.4398 agc_gain=0.6363 bloom_alpha=0.9900 bloom_shift=1.0000 wave_idle=0.9850 wave_raw_margin=1.1000 wave_peak_floor=0.0800 wave_vu_floor=0.0200 wave_shift=120.0000 render_us=669 render_avg=688 render_max=1629
[1781463088.242] [AP] SSL=354 DC=-1124 max_raw=692 follower=950 peak_scaled=0.905 silent_scale=1.000 silence=0 cal_source=config cal_valid=1 cal_reason=none | bpm=101.0 conf=0.72 lock=1 phase=0.25 beat=0 bstr=0.96 | onset=1 bass=0 ostr=0.00
[1781463088.381] >>> :vp_perf=stop
[1781463088.400] sbr{{
[1781463088.400] VP_PERF: disabled (compile with ENABLE_VP_PERF_AUDIT=1)
[1781463088.400] }}
[1781463088.686] [VP] profile=candidate fix=111011 chroma_seq=32666 chroma_flatness=0.0370 chroma_norm_max=0.3904 chroma_norm_mean=0.3534 chroma_final_max=0.0000 chroma_final_mean=0.0000 agc_gain=0.3022 bloom_alpha=0.9900 bloom_shift=1.0000 wave_idle=0.9850 wave_raw_margin=1.1000 wave_peak_floor=0.0800 wave_vu_floor=0.0200 wave_shift=120.0000 render_us=639 render_avg=624 render_max=1629
[1781463089.093] >>> :ap_stream=off
[1781463089.096] sbr{{
[1781463089.096] AP_STREAM: off
[1781463089.096] }}
[1781463089.687] [VP] profile=candidate fix=111011 chroma_seq=32867 chroma_flatness=0.1070 chroma_norm_max=1.0231 chroma_norm_mean=0.9161 chroma_final_max=0.1248 chroma_final_mean=0.1103 agc_gain=0.3324 bloom_alpha=0.9900 bloom_shift=1.0000 wave_idle=0.9850 wave_raw_margin=1.1000 wave_peak_floor=0.0800 wave_vu_floor=0.0200 wave_shift=120.0000 render_us=666 render_avg=639 render_max=1629
[1781463089.810] >>> :vp_stream=off
[1781463089.816] sbr{{
[1781463089.816] VP_STREAM: off
[1781463089.816] }}
[1781463090.822] >>> :ap_stream=off
[1781463090.829] sbr{{
[1781463090.829] AP_STREAM: off
[1781463090.829] }}
[1781463090.981] >>> :vp_stream=off
[1781463090.985] sbr{{
[1781463090.986] VP_STREAM: off
[1781463090.986] }}
[1781463091.135] >>> :vp_perf=stop
[1781463091.145] sbr{{
[1781463091.146] VP_PERF: disabled (compile with ENABLE_VP_PERF_AUDIT=1)
[1781463091.146] }}
[1781463091.293] >>> :stop
[1781463091.300] SBOK
