[1781491837.429] #DEVICE role=main-k1 name=main-1401 port=/dev/cu.usbmodem12201 expected_chip_id=F887A500 env=k1_hardware
[1781491837.430] >>> :version
[1781491837.430] ilence=0 cal_source=config cal_valid=1 cal_reason=none | bpm=105.0 conf=0.31 lock=0 phase=0.09 beat=0 bstr=0.07 | onset=0 bass=1 ostr=0.02
[1781491837.430] [AP] SSL=176 DC=-4698 max_raw=570 follower=1070 peak_scaled=1.040 response_gain=3.000 silent_scale=1.000 silence=0 cal_source=config cal_valid=1 cal_reason=none | bpm=128.0 conf=0.31 lock=0 phase=0.13 beat=0 bstr=0.24 | onset=0 bass=1 ostr=0.02
[1781491837.431] [AP] SSL=176 DC=-4698 max_raw=330 follower=1156 peak_scaled=0.568 response_gain=3.000 silent_scale=1.000 silence=0 cal_source=config cal_valid=1 cal_reason=none | bpm=128.0 conf=0.39 lock=0 phase=0.30 beat=0 bstr=0.20 | onset=0 bass=0 ostr=0.00
[1781491837.431] [AP] SSL=176 DC=-4698 max_raw=409 follower=972 peak_scaled=0.712 response_gain=3.000 silent_scale=1.000 silence=0 cal_source=config cal_valid=1 cal_reason=none | bpm=99.0 conf=0.17 lock=0 phase=0.12 beat=0 bstr=0.19 | onset=0 bass=1 ostr=0.04
[1781491837.431] [AP] SSL=176 DC=-4698 max_raw=243 follower=984 peak_scaled=0.523 response_gain=3.000 silent_scale=1.000 silence=0 cal_source=config cal_valid=1 cal_reason=none | bpm=80.0 conf=0.23 lock=0 phase=0.64 beat=0 bstr=0.15 | onset=0 bass=0 ostr=0.00
[1781491837.432] [AP] SSL=176 DC=-4698 max_raw=459 follower=778 peak_scaled=0.913 response_gain=3.000 silent_scale=1.000 silence=0 cal_source=config cal_valid=1 cal_reason=none | bpm=80.0 conf=0.07 lock=0 phase=1.00 beat=0 bstr=0.12 | onset=0 bass=0 ostr=0.00
[1781491837.432] [AP] SSL=176 DC=-4698 max_raw=253 follower=856 peak_scaled=0.677 response_gain=3.000 silent_scale=1.000 silence=0 cal_source=config cal_valid=1 cal_reason=none | bpm=100.0 conf=0.07 lock=0 phase=0.30 beat=0 bstr=0.07 | onset=0 bass=0 ostr=0.00
[1781491837.432] [AP] SSL=176 DC=-4698 max_raw=349 follower=820 peak_scaled=0.838 response_gain=3.000 silent_scale=1.000 silence=0 cal_source=config cal_valid=1 cal_reason=none | bpm=100.0 conf=0.04 lock=0 phase=0.97 beat=0 bstr=0.13 | onset=0 bass=1 ostr=0.08
[1781491837.433] [AP] SSL=176 DC=-4698 max_raw=354 follower=845 peak_scaled=0.577 response_gain=3.000 silent_scale=1.000 silence=0 cal_source=config cal_valid=1 cal_reason=none | bpm=100.0 conf=0.15 lock=0 phase=0.65 beat=0 bstr=0.12 | onset=0 bass=1 ostr=0.03
[1781491837.433] [AP] SSL=176 DC=-4698 max_raw=344 follower=1194 peak_scaled=0.609 response_gain=3.000 silent_scale=1.000 silence=0 cal_source=config cal_valid=1 cal_reason=none | bpm=92.0 conf=0.41 lock=0 phase=0.28 beat=0 bstr=0.04 | onset=0 bass=1 ostr=0.07
[1781491837.434] [AP] SSL=176 DC=-4698 max_raw=222 follower=943 peak_scaled=0.312 response_gain=3.000 silent_scale=1.000 silence=0 cal_source=config cal_valid=1 cal_reason=none | bpm=92.0 conf=0.62 lock=1 phase=0.75 beat=0 bstr=0.03 | onset=0 bass=0 ostr=0.00
[1781491837.434] [AP] SSL=176 DC=-4698 max_raw=222 follower=671 peak_scaled=0.274 response_gain=3.000 silent_scale=1.000 silence=0 cal_source=config cal_valid=1 cal_reason=none | bpm=91.0 conf=0.70 lock=1 phase=0.22 beat=0 bstr=0.01 | onset=0 bass=0 ostr=0.00
[1781491837.434] [AP] SSL=176 DC=-4698 max_raw=198 follower=468 peak_scaled=0.691 response_gain=3.000 silent_scale=1.000 silence=0 cal_source=config cal_valid=1 cal_reason=none | bpm=91.0 conf=0.43 lock=0 phase=0.67 beat=0 bstr=0.01 | onset=0 bass=1 ostr=0.02
[1781491837.435] [AP] SSL=176 DC=-4698 max_raw=193 follower=483 peak_scaled=0.435 response_gain=3.000 silent_scale=1.000 silence=0 cal_source=config cal_valid=1 cal_reason=none | bpm=91.0 conf=0.19 lock=0 phase=0.21 beat=0 bstr=0.01 | onset=0 bass=0 ostr=0.00
[1781491837.435] [AP] SSL=176 DC=-4698 max_raw=248 follower=395 peak_scaled=0.502 response_gain=3.000 silent_scale=1.000 silence=0 cal_source=config cal_valid=1 cal_reason=none | bpm=91.0 conf=0.03 lock=0 phase=0.75 beat=0 bstr=0.01 | onset=1 bass=0 ostr=0.00
[1781491837.438] sbr{{
[1781491837.438] VERSION: 40103
[1781491837.438] }}
[1781491837.814] [AP] SSL=176 DC=-4698 max_raw=178 follower=452 peak_scaled=0.244 response_gain=3.000 silent_scale=1.000 silence=0 cal_source=config cal_valid=1 cal_reason=none | bpm=91.0 conf=0.67 lock=0 phase=0.25 beat=0 bstr=0.06 | onset=0 bass=0 ostr=0.00
[1781491838.230] >>> :chip_id
[1781491838.248] sbr{{
[1781491838.248] F887A500
[1781491838.248] }}
[1781491838.819] [AP] SSL=176 DC=-4698 max_raw=162 follower=735 peak_scaled=0.417 response_gain=3.000 silent_scale=1.000 silence=0 cal_source=config cal_valid=1 cal_reason=none | bpm=91.0 conf=0.37 lock=0 phase=0.78 beat=0 bstr=0.05 | onset=0 bass=1 ostr=0.11
[1781491839.825] [AP] SSL=176 DC=-4698 max_raw=160 follower=528 peak_scaled=0.243 response_gain=3.000 silent_scale=1.000 silence=0 cal_source=config cal_valid=1 cal_reason=none | bpm=76.0 conf=0.46 lock=0 phase=0.09 beat=0 bstr=0.05 | onset=0 bass=0 ostr=0.00
[1781491840.830] [AP] SSL=176 DC=-4698 max_raw=193 follower=863 peak_scaled=0.170 response_gain=3.000 silent_scale=1.000 silence=0 cal_source=config cal_valid=1 cal_reason=none | bpm=75.0 conf=0.61 lock=1 phase=0.34 beat=0 bstr=0.04 | onset=1 bass=0 ostr=0.00
[1781491841.835] [AP] SSL=176 DC=-4698 max_raw=207 follower=587 peak_scaled=0.275 response_gain=3.000 silent_scale=1.000 silence=0 cal_source=config cal_valid=1 cal_reason=none | bpm=82.0 conf=0.71 lock=1 phase=0.47 beat=0 bstr=0.17 | onset=0 bass=0 ostr=0.00
[1781491842.651] >>> :stop
[1781491842.658] SBOK
[1781491843.554] >>> :vp_stream=off
[1781491843.558] sbr{{
[1781491843.558] VP_STREAM: off
[1781491843.558] }}
[1781491844.461] >>> :ap_stream=off
[1781491844.482] sbr{{
[1781491844.482] AP_STREAM: off
[1781491844.482] }}
[1781491845.370] >>> :dump
[1781491845.383] sbr{{
[1781491845.383] FIRMWARE_VERSION: 40103
[1781491845.384] CHIP ID: F887A500
[1781491845.384] noise_button.pressed: 0
[1781491845.384] noise_button.last_down: 0
[1781491845.384] noise_button.last_up: 0
[1781491845.384] noise_button.pin: 255
[1781491845.384] mode_button.pressed: 0
[1781491845.384] mode_button.last_down: 0
[1781491845.384] mode_button.last_up: 0
[1781491845.384] mode_button.pin: 255
[1781491845.384] CONFIG.PHOTONS: 0.650000
[1781491845.384] CONFIG.CHROMA: 0.000000
[1781491845.385] CONFIG.MOOD: 0.150000
[1781491845.385] CONFIG.LIGHTSHOW_MODE: 8
[1781491845.385] CONFIG.MIRROR_ENABLED: 1
[1781491845.385] CONFIG.CHROMAGRAM_RANGE: 60
[1781491845.385] CONFIG.SAMPLE_RATE: 12800
[1781491845.385] CONFIG.NOTE_OFFSET: 12
[1781491845.385] CONFIG.SQUARE_ITER: 1.00
[1781491845.385] CONFIG.LED_TYPE: 0
[1781491845.385] CONFIG.LED_COUNT: 160
[1781491845.385] CONFIG.LED_COLOR_ORDER: 66
[1781491845.385] CONFIG.SAMPLES_PER_CHUNK: 96
[1781491845.386] CONFIG.SENSITIVITY: 2.400000
[1781491845.386] AUDIO_RESPONSE_GAIN: 3.000000
[1781491845.386] CONFIG.BOOT_ANIMATION: 1
[1781491845.386] CONFIG.SWEET_SPOT_MIN_LEVEL: 176
[1781491845.386] CONFIG.SWEET_SPOT_MAX_LEVEL: 30000
[1781491845.386] CONFIG.DC_OFFSET: -4698
[1781491845.386] CAL_SOURCE: config
[1781491845.386] CAL_VALID: 1
[1781491845.386] CAL_PROFILE_LOADED: 0
[1781491845.387] NOISE_CAL_REASON: none
[1781491845.387] NOISE_CAL_DC_SAMPLES: 0
[1781491845.387] NOISE_CAL_SSL_P50: 0.0
[1781491845.387] NOISE_CAL_SSL_P90: 0.0
[1781491845.387] CONFIG.STANDBY_DIMMING: 0
[1781491845.387] CONFIG.REVERSE_ORDER: 0
[1781491845.387] CONFIG.MAX_CURRENT_MA: 1500
[1781491845.387] CONFIG.TEMPORAL_DITHERING: 1
[1781491845.387] CONFIG.AUTO_COLOR_SHIFT: 0
[1781491845.387] CONFIG.INCANDESCENT_FILTER: 0.00
[1781491845.388] CONFIG.INCANDESCENT_MODE: 0
[1781491845.388] CONFIG.BULB_OPACITY: 0.00
[1781491845.388] CONFIG.SATURATION: 1.00
[1781491845.388] CONFIG.PRISM_COUNT: 1.00
[1781491845.388] CONFIG.BASE_COAT: 0
[1781491845.388] CONFIG.BASE_COAT_INTENSITY: 0.000
[1781491845.388] MASTER_BRIGHTNESS: 1.00
[1781491845.389] stream_audio: 0
[1781491845.389] stream_fps: 0
[1781491845.389] stream_max_mags: 0
[1781491845.389] stream_max_mags_followers: 0
[1781491845.389] stream_magnitudes: 0
[1781491845.389] stream_spectrogram: 0
[1781491845.389] stream_chromagram: 0
[1781491845.389] debug_mode: 0
[1781491845.389] noise_complete: 1
[1781491845.389] noise_iterations: 0
[1781491845.389] next_save_time: 0
[1781491845.389] settings_updated: 0
[1781491845.389] I2S_PORT: 0
[1781491845.389] SAMPLE_HISTORY_LENGTH: 4096
[1781491845.389] silence: 0
[1781491845.390] mode_destination: -1
[1781491845.390] SYSTEM_FPS: 166.94
[1781491845.390] LED_FPS: 201.24
[1781491845.390] }}
[1781491846.278] >>> :smart_status
[1781491846.283] sbr{{
[1781491846.283] SMART_ASSIST: off
[1781491846.283] SMART_SWITCHING: off
[1781491846.283] SMART_DIRECTOR_AUTONOMY: off
[1781491846.283] SMART_HOOKS: off
[1781491846.283] SMART_CONFIDENCE_FLOOR: 0.080
[1781491846.283] SMART_APPLIED_MODE: 3
[1781491846.283] SMART_LAST_REQUESTED_MODE: 3
[1781491846.283] SMART_SWITCHES_IN_WINDOW: 0
[1781491846.283] SMART_MANUAL_OWNER_ACTIVE: 0
[1781491846.284] SMART_LAST_REASON: 0
[1781491846.284] SMART_STATE: 0
[1781491846.284] SMART_INTENT_MODE: 3
[1781491846.284] SMART_INTENT_CONFIDENCE: 0.000
[1781491846.284] SMART_INTENT_WANTS_SWITCH: 0
[1781491846.284] SMART_SCALAR_PHOTONS: 1.000
[1781491846.284] SMART_SCALAR_CHROMA: 1.000
[1781491846.284] SMART_SCALAR_MOOD: 1.000
[1781491846.285] SMART_SCALAR_SATURATION: 1.000
[1781491846.285] SMART_PALETTE_OVERLAY: 0
[1781491846.285] SMART_PALETTE_INDEX: 0
[1781491846.285] SMART_AUTO_COLOUR_SHIFT: 0
[1781491846.285] SMART_MIN_DWELL_MS: 8000
[1781491846.285] SMART_COOLDOWN_MS: 20000
[1781491846.285] SMART_SWITCH_WINDOW_MS: 60000
[1781491846.285] SMART_MAX_SWITCHES: 2
[1781491846.285] SMART_AUDIO_NOVELTY: 0.0381
[1781491846.285] SMART_AUDIO_ENERGY: 0.2070
[1781491846.286] SMART_EVENT_ID: 360
[1781491846.286] SMART_EVENT_AGE_MS: 100
[1781491846.286] SMART_ONSET: 0
[1781491846.286] SMART_BASS_ONSET: 0
[1781491846.286] SMART_BEAT_CONFIDENCE: 0.000
[1781491846.286] SMART_TRANSIENT: 0
[1781491846.286] SMART_KICK: 0
[1781491846.286] SMART_SNARE: 0
[1781491846.286] SMART_HIHAT: 0
[1781491846.286] SMART_TRANSIENT_LEVEL: 0.003
[1781491846.286] SMART_KICK_LEVEL: 0.006
[1781491846.287] SMART_SNARE_LEVEL: 0.004
[1781491846.287] SMART_HIHAT_LEVEL: 0.033
[1781491846.287] SMART_SNARE_EVENT_ID: 154
[1781491846.287] SMART_HIHAT_EVENT_ID: 391
[1781491846.287] }}
[1781491847.186] >>> :vp_status
[1781491847.202] sbr{{
[1781491847.202] VP_PROFILE: candidate
[1781491847.203] VP_FIXES: agc_soft=on chroma_gate=on prism_off=on bloom_decay=off hsv_source_sat=on secondary_clean=on
[1781491847.203] VP_STREAM: off
[1781491847.203] AP_STREAM: off
[1781491847.203] VP_BLOOM: alpha=0.9900 shift=1.0000 force_sat=on
[1781491847.204] VP_WAVEFORM: idle_fade=0.9850 raw_margin=1.1000 peak_floor=0.0800 active_fade=0.0400 blend_gain=2.0000 fallback=1.0000 vu_floor=0.0200 shift_rate=120.0000
[1781491847.206] VP_CHROMA: seq=6931 range=60 profile=0 gate_gain=0.4612 pre_max=0.4525 pre_mean=0.3871 norm_max=1.1911 norm_mean=1.0189 flatness=0.1676 final_max=0.4713 final_mean=0.3979
[1781491847.206] VP_AGC: gain=0.7183 envelope=0.4037 floor=0.0010 gated=false
[1781491847.206] VP_RENDER_US: last=731 avg=671 max=970
[1781491847.206] }}
[1781491848.096] >>> :vp_perf=status
[1781491848.103] sbr{{
[1781491848.103] VP_PERF: disabled (compile with ENABLE_VP_PERF_AUDIT=1)
[1781491848.103] }}
[1781491849.002] >>> :ap_stream=on
[1781491849.003] sbr{{
[1781491849.003] AP_STREAM: on
[1781491849.003] }}
[1781491849.005] [AP] SSL=176 DC=-4698 max_raw=229 follower=490 peak_scaled=0.233 response_gain=3.000 silent_scale=1.000 silence=0 cal_source=config cal_valid=1 cal_reason=none | bpm=94.0 conf=0.95 lock=1 phase=0.35 beat=0 bstr=0.76 | onset=0 bass=1 ostr=0.02
[1781491849.712] >>> :vp_stream=on
[1781491849.723] sbr{{
[1781491849.723] VP_STREAM: on
[1781491849.723] }}
[1781491849.730] [VP] profile=candidate fix=111011 chroma_seq=7437 chroma_flatness=0.1544 chroma_norm_max=0.8794 chroma_norm_mean=0.7251 chroma_final_max=0.2899 chroma_final_mean=0.2325 agc_gain=0.7896 bloom_alpha=0.9900 bloom_shift=1.0000 wave_idle=0.9850 wave_raw_margin=1.1000 wave_peak_floor=0.0800 wave_vu_floor=0.0200 wave_shift=120.0000 render_us=682 render_avg=620 render_max=970
[1781491850.010] [AP] SSL=176 DC=-4698 max_raw=142 follower=622 peak_scaled=0.136 response_gain=3.000 silent_scale=1.000 silence=0 cal_source=config cal_valid=1 cal_reason=none | bpm=94.0 conf=0.95 lock=1 phase=0.73 beat=0 bstr=0.71 | onset=0 bass=0 ostr=0.00
[1781491850.418] >>> :smart_status
[1781491850.423] sbr{{
[1781491850.423] SMART_ASSIST: off
[1781491850.423] SMART_SWITCHING: off
[1781491850.423] SMART_DIRECTOR_AUTONOMY: off
[1781491850.423] SMART_HOOKS: off
[1781491850.423] SMART_CONFIDENCE_FLOOR: 0.080
[1781491850.423] SMART_APPLIED_MODE: 3
[1781491850.423] SMART_LAST_REQUESTED_MODE: 3
[1781491850.423] SMART_SWITCHES_IN_WINDOW: 0
[1781491850.423] SMART_MANUAL_OWNER_ACTIVE: 0
[1781491850.423] SMART_LAST_REASON: 0
[1781491850.423] SMART_STATE: 0
[1781491850.423] SMART_INTENT_MODE: 3
[1781491850.424] SMART_INTENT_CONFIDENCE: 0.000
[1781491850.424] SMART_INTENT_WANTS_SWITCH: 0
[1781491850.424] SMART_SCALAR_PHOTONS: 1.000
[1781491850.424] SMART_SCALAR_CHROMA: 1.000
[1781491850.424] SMART_SCALAR_MOOD: 1.000
[1781491850.424] SMART_SCALAR_SATURATION: 1.000
[1781491850.424] SMART_PALETTE_OVERLAY: 0
[1781491850.424] SMART_PALETTE_INDEX: 0
[1781491850.424] SMART_AUTO_COLOUR_SHIFT: 0
[1781491850.424] SMART_MIN_DWELL_MS: 8000
[1781491850.424] SMART_COOLDOWN_MS: 20000
[1781491850.425] SMART_SWITCH_WINDOW_MS: 60000
[1781491850.425] SMART_MAX_SWITCHES: 2
[1781491850.425] SMART_AUDIO_NOVELTY: 0.0247
[1781491850.425] SMART_AUDIO_ENERGY: 0.1697
[1781491850.425] SMART_EVENT_ID: 404
[1781491850.425] SMART_EVENT_AGE_MS: 269
[1781491850.425] SMART_ONSET: 0
[1781491850.425] SMART_BASS_ONSET: 0
[1781491850.425] SMART_BEAT_CONFIDENCE: 0.000
[1781491850.425] SMART_TRANSIENT: 0
[1781491850.426] SMART_KICK: 0
[1781491850.426] SMART_SNARE: 0
[1781491850.426] SMART_HIHAT: 0
[1781491850.426] SMART_TRANSIENT_LEVEL: 0.002
[1781491850.426] SMART_KICK_LEVEL: 0.000
[1781491850.426] SMART_SNARE_LEVEL: 0.000
[1781491850.426] SMART_HIHAT_LEVEL: 0.030
[1781491850.427] SMART_SNARE_EVENT_ID: 175
[1781491850.427] SMART_HIHAT_EVENT_ID: 440
[1781491850.427] }}
[1781491850.734] [VP] profile=candidate fix=111011 chroma_seq=7639 chroma_flatness=0.0782 chroma_norm_max=0.6152 chroma_norm_mean=0.5370 chroma_final_max=0.0000 chroma_final_mean=0.0000 agc_gain=0.5830 bloom_alpha=0.9900 bloom_shift=1.0000 wave_idle=0.9850 wave_raw_margin=1.1000 wave_peak_floor=0.0800 wave_vu_floor=0.0200 wave_shift=120.0000 render_us=544 render_avg=655 render_max=970
[1781491851.016] [AP] SSL=176 DC=-4698 max_raw=188 follower=455 peak_scaled=0.462 response_gain=3.000 silent_scale=1.000 silence=0 cal_source=config cal_valid=1 cal_reason=none | bpm=94.0 conf=0.82 lock=0 phase=0.36 beat=0 bstr=0.69 | onset=0 bass=0 ostr=0.00
[1781491851.734] [VP] profile=candidate fix=111011 chroma_seq=7840 chroma_flatness=0.1201 chroma_norm_max=0.9521 chroma_norm_mean=0.8319 chroma_final_max=0.1711 chroma_final_mean=0.1470 agc_gain=0.7650 bloom_alpha=0.9900 bloom_shift=1.0000 wave_idle=0.9850 wave_raw_margin=1.1000 wave_peak_floor=0.0800 wave_vu_floor=0.0200 wave_shift=120.0000 render_us=661 render_avg=709 render_max=1025
[1781491852.021] [AP] SSL=176 DC=-4698 max_raw=78 follower=258 peak_scaled=0.079 response_gain=3.000 silent_scale=1.000 silence=0 cal_source=config cal_valid=1 cal_reason=none | bpm=94.0 conf=0.73 lock=0 phase=0.95 beat=0 bstr=0.88 | onset=1 bass=0 ostr=0.00
[1781491852.735] [VP] profile=candidate fix=111011 chroma_seq=8041 chroma_flatness=0.1034 chroma_norm_max=0.7961 chroma_norm_mean=0.6926 chroma_final_max=0.0815 chroma_final_mean=0.0694 agc_gain=0.6443 bloom_alpha=0.9900 bloom_shift=1.0000 wave_idle=0.9850 wave_raw_margin=1.1000 wave_peak_floor=0.0800 wave_vu_floor=0.0200 wave_shift=120.0000 render_us=650 render_avg=678 render_max=1025
[1781491853.026] [AP] SSL=176 DC=-4698 max_raw=306 follower=651 peak_scaled=1.300 response_gain=3.000 silent_scale=1.000 silence=0 cal_source=config cal_valid=1 cal_reason=none | bpm=94.0 conf=0.57 lock=0 phase=0.50 beat=0 bstr=0.96 | onset=1 bass=0 ostr=0.00
[1781491853.739] [VP] profile=candidate fix=111011 chroma_seq=8243 chroma_flatness=0.1223 chroma_norm_max=0.8868 chroma_norm_mean=0.7645 chroma_final_max=0.1665 chroma_final_mean=0.1406 agc_gain=0.5152 bloom_alpha=0.9900 bloom_shift=1.0000 wave_idle=0.9850 wave_raw_margin=1.1000 wave_peak_floor=0.0800 wave_vu_floor=0.0200 wave_shift=120.0000 render_us=665 render_avg=654 render_max=1025
[1781491854.030] [AP] SSL=176 DC=-4698 max_raw=123 follower=568 peak_scaled=0.106 response_gain=3.000 silent_scale=1.000 silence=0 cal_source=config cal_valid=1 cal_reason=none | bpm=94.0 conf=0.63 lock=1 phase=0.09 beat=0 bstr=0.99 | onset=0 bass=0 ostr=0.00
[1781491854.749] [VP] profile=candidate fix=111011 chroma_seq=8446 chroma_flatness=0.1031 chroma_norm_max=0.8270 chroma_norm_mean=0.7239 chroma_final_max=0.0839 chroma_final_mean=0.0720 agc_gain=0.6933 bloom_alpha=0.9900 bloom_shift=1.0000 wave_idle=0.9850 wave_raw_margin=1.1000 wave_peak_floor=0.0800 wave_vu_floor=0.0200 wave_shift=120.0000 render_us=656 render_avg=711 render_max=1025
[1781491855.035] [AP] SSL=176 DC=-4698 max_raw=155 follower=333 peak_scaled=0.349 response_gain=3.000 silent_scale=1.000 silence=0 cal_source=config cal_valid=1 cal_reason=none | bpm=94.0 conf=0.67 lock=1 phase=0.91 beat=0 bstr=0.93 | onset=0 bass=1 ostr=0.03
[1781491855.749] [VP] profile=candidate fix=111011 chroma_seq=8646 chroma_flatness=0.0495 chroma_norm_max=0.3031 chroma_norm_mean=0.2535 chroma_final_max=0.0000 chroma_final_mean=0.0000 agc_gain=0.4162 bloom_alpha=0.9900 bloom_shift=1.0000 wave_idle=0.9850 wave_raw_margin=1.1000 wave_peak_floor=0.0800 wave_vu_floor=0.0200 wave_shift=120.0000 render_us=604 render_avg=637 render_max=1025
[1781491856.040] [AP] SSL=176 DC=-4698 max_raw=128 follower=656 peak_scaled=0.122 response_gain=3.000 silent_scale=1.000 silence=0 cal_source=config cal_valid=1 cal_reason=none | bpm=80.0 conf=0.72 lock=1 phase=0.30 beat=0 bstr=0.05 | onset=0 bass=1 ostr=0.02
[1781491856.750] [VP] profile=candidate fix=111011 chroma_seq=8847 chroma_flatness=0.0790 chroma_norm_max=0.6332 chroma_norm_mean=0.5543 chroma_final_max=0.0000 chroma_final_mean=0.0000 agc_gain=0.6547 bloom_alpha=0.9900 bloom_shift=1.0000 wave_idle=0.9850 wave_raw_margin=1.1000 wave_peak_floor=0.0800 wave_vu_floor=0.0200 wave_shift=120.0000 render_us=577 render_avg=627 render_max=1025
[1781491857.045] [AP] SSL=176 DC=-4698 max_raw=174 follower=873 peak_scaled=0.179 response_gain=3.000 silent_scale=1.000 silence=0 cal_source=config cal_valid=1 cal_reason=none | bpm=80.0 conf=0.59 lock=1 phase=0.65 beat=0 bstr=0.53 | onset=1 bass=0 ostr=0.00
[1781491857.754] [VP] profile=candidate fix=111011 chroma_seq=9049 chroma_flatness=0.0887 chroma_norm_max=0.7642 chroma_norm_mean=0.6755 chroma_final_max=0.0290 chroma_final_mean=0.0251 agc_gain=0.4361 bloom_alpha=0.9900 bloom_shift=1.0000 wave_idle=0.9850 wave_raw_margin=1.1000 wave_peak_floor=0.0800 wave_vu_floor=0.0200 wave_shift=120.0000 render_us=597 render_avg=657 render_max=1025
[1781491858.051] [AP] SSL=176 DC=-4698 max_raw=251 follower=834 peak_scaled=0.413 response_gain=3.000 silent_scale=1.000 silence=0 cal_source=config cal_valid=1 cal_reason=none | bpm=79.0 conf=0.38 lock=0 phase=0.17 beat=0 bstr=0.49 | onset=1 bass=0 ostr=0.00
[1781491858.755] [VP] profile=candidate fix=111011 chroma_seq=9250 chroma_flatness=0.1846 chroma_norm_max=1.0871 chroma_norm_mean=0.9026 chroma_final_max=0.5161 chroma_final_mean=0.4196 agc_gain=0.4701 bloom_alpha=0.9900 bloom_shift=1.0000 wave_idle=0.9850 wave_raw_margin=1.1000 wave_peak_floor=0.0800 wave_vu_floor=0.0200 wave_shift=120.0000 render_us=766 render_avg=749 render_max=1025
[1781491859.055] [AP] SSL=176 DC=-4698 max_raw=165 follower=854 peak_scaled=0.203 response_gain=3.000 silent_scale=1.000 silence=0 cal_source=config cal_valid=1 cal_reason=none | bpm=79.0 conf=0.41 lock=0 phase=0.48 beat=0 bstr=0.52 | onset=1 bass=0 ostr=0.00
[1781491859.765] [VP] profile=candidate fix=111011 chroma_seq=9452 chroma_flatness=0.2197 chroma_norm_max=0.7216 chroma_norm_mean=0.5019 chroma_final_max=0.4342 chroma_final_mean=0.2807 agc_gain=0.4636 bloom_alpha=0.9900 bloom_shift=1.0000 wave_idle=0.9850 wave_raw_margin=1.1000 wave_peak_floor=0.0800 wave_vu_floor=0.0200 wave_shift=120.0000 render_us=723 render_avg=678 render_max=1025
[1781491860.061] [AP] SSL=176 DC=-4698 max_raw=189 follower=688 peak_scaled=0.550 response_gain=3.000 silent_scale=1.000 silence=0 cal_source=config cal_valid=1 cal_reason=none | bpm=79.0 conf=0.29 lock=0 phase=0.81 beat=0 bstr=0.32 | onset=1 bass=0 ostr=0.00
[1781491860.779] [VP] profile=candidate fix=111011 chroma_seq=9657 chroma_flatness=0.2331 chroma_norm_max=0.9115 chroma_norm_mean=0.6784 chroma_final_max=0.6210 chroma_final_mean=0.4427 agc_gain=0.4694 bloom_alpha=0.9900 bloom_shift=1.0000 wave_idle=0.9850 wave_raw_margin=1.1000 wave_peak_floor=0.0800 wave_vu_floor=0.0200 wave_shift=120.0000 render_us=684 render_avg=697 render_max=1025
[1781491861.065] [AP] SSL=176 DC=-4698 max_raw=174 follower=644 peak_scaled=0.200 response_gain=3.000 silent_scale=1.000 silence=0 cal_source=config cal_valid=1 cal_reason=none | bpm=108.0 conf=0.58 lock=0 phase=0.18 beat=0 bstr=0.01 | onset=0 bass=1 ostr=0.04
[1781491861.779] [VP] profile=candidate fix=111011 chroma_seq=9859 chroma_flatness=0.2666 chroma_norm_max=1.0018 chroma_norm_mean=0.7352 chroma_final_max=0.8416 chroma_final_mean=0.5928 agc_gain=0.6075 bloom_alpha=0.9900 bloom_shift=1.0000 wave_idle=0.9850 wave_raw_margin=1.1000 wave_peak_floor=0.0800 wave_vu_floor=0.0200 wave_shift=120.0000 render_us=686 render_avg=711 render_max=1025
[1781491862.071] [AP] SSL=176 DC=-4698 max_raw=142 follower=350 peak_scaled=0.181 response_gain=3.000 silent_scale=1.000 silence=0 cal_source=config cal_valid=1 cal_reason=none | bpm=108.0 conf=0.91 lock=1 phase=0.75 beat=0 bstr=0.01 | onset=0 bass=0 ostr=0.00
[1781491862.780] [VP] profile=candidate fix=111011 chroma_seq=10060 chroma_flatness=0.1711 chroma_norm_max=0.9987 chroma_norm_mean=0.8275 chroma_final_max=0.4095 chroma_final_mean=0.3315 agc_gain=0.4543 bloom_alpha=0.9900 bloom_shift=1.0000 wave_idle=0.9850 wave_raw_margin=1.1000 wave_peak_floor=0.0800 wave_vu_floor=0.0200 wave_shift=120.0000 render_us=686 render_avg=695 render_max=1025
[1781491863.075] [AP] SSL=176 DC=-4698 max_raw=166 follower=701 peak_scaled=0.074 response_gain=3.000 silent_scale=1.000 silence=0 cal_source=config cal_valid=1 cal_reason=none | bpm=108.0 conf=0.93 lock=1 phase=0.65 beat=0 bstr=0.02 | onset=1 bass=0 ostr=0.00
[1781491863.795] [VP] profile=candidate fix=111011 chroma_seq=10264 chroma_flatness=0.2070 chroma_norm_max=0.8817 chroma_norm_mean=0.6747 chroma_final_max=0.4964 chroma_final_mean=0.3649 agc_gain=0.6732 bloom_alpha=0.9900 bloom_shift=1.0000 wave_idle=0.9850 wave_raw_margin=1.1000 wave_peak_floor=0.0800 wave_vu_floor=0.0200 wave_shift=120.0000 render_us=734 render_avg=702 render_max=1025
[1781491864.081] [AP] SSL=176 DC=-4698 max_raw=133 follower=384 peak_scaled=0.082 response_gain=3.000 silent_scale=1.000 silence=0 cal_source=config cal_valid=1 cal_reason=none | bpm=106.0 conf=0.95 lock=1 phase=0.44 beat=0 bstr=0.18 | onset=0 bass=0 ostr=0.00
[1781491864.795] [VP] profile=candidate fix=111011 chroma_seq=10466 chroma_flatness=0.1608 chroma_norm_max=0.5572 chroma_norm_mean=0.3963 chroma_final_max=0.1847 chroma_final_mean=0.1198 agc_gain=0.4137 bloom_alpha=0.9900 bloom_shift=1.0000 wave_idle=0.9850 wave_raw_margin=1.1000 wave_peak_floor=0.0800 wave_vu_floor=0.0200 wave_shift=120.0000 render_us=660 render_avg=664 render_max=1025
[1781491865.086] [AP] SSL=176 DC=-4698 max_raw=178 follower=749 peak_scaled=0.090 response_gain=3.000 silent_scale=1.000 silence=0 cal_source=config cal_valid=1 cal_reason=none | bpm=106.0 conf=0.95 lock=1 phase=0.21 beat=0 bstr=0.38 | onset=0 bass=0 ostr=0.00
[1781491865.795] [VP] profile=candidate fix=111011 chroma_seq=10667 chroma_flatness=0.1692 chroma_norm_max=0.7194 chroma_norm_mean=0.5502 chroma_final_max=0.2762 chroma_final_mean=0.2007 agc_gain=0.5530 bloom_alpha=0.9900 bloom_shift=1.0000 wave_idle=0.9850 wave_raw_margin=1.1000 wave_peak_floor=0.0800 wave_vu_floor=0.0200 wave_shift=120.0000 render_us=685 render_avg=685 render_max=1025
[1781491866.091] [AP] SSL=176 DC=-4698 max_raw=217 follower=446 peak_scaled=0.423 response_gain=3.000 silent_scale=1.000 silence=0 cal_source=config cal_valid=1 cal_reason=none | bpm=75.0 conf=0.64 lock=1 phase=0.82 beat=0 bstr=0.11 | onset=1 bass=0 ostr=0.00
[1781491866.800] [VP] profile=candidate fix=111011 chroma_seq=10869 chroma_flatness=0.1774 chroma_norm_max=0.5649 chroma_norm_mean=0.3874 chroma_final_max=0.2265 chroma_final_mean=0.1400 agc_gain=0.3708 bloom_alpha=0.9900 bloom_shift=1.0000 wave_idle=0.9850 wave_raw_margin=1.1000 wave_peak_floor=0.0800 wave_vu_floor=0.0200 wave_shift=120.0000 render_us=663 render_avg=700 render_max=1025
[1781491867.095] [AP] SSL=176 DC=-4698 max_raw=308 follower=649 peak_scaled=0.439 response_gain=3.000 silent_scale=1.000 silence=0 cal_source=config cal_valid=1 cal_reason=none | bpm=100.0 conf=0.59 lock=1 phase=0.32 beat=0 bstr=0.22 | onset=0 bass=0 ostr=0.00
[1781491867.799] [VP] profile=candidate fix=111011 chroma_seq=11071 chroma_flatness=0.2545 chroma_norm_max=1.0524 chroma_norm_mean=0.7979 chroma_final_max=0.8309 chroma_final_mean=0.6088 agc_gain=0.4827 bloom_alpha=0.9900 bloom_shift=1.0000 wave_idle=0.9850 wave_raw_margin=1.1000 wave_peak_floor=0.0800 wave_vu_floor=0.0200 wave_shift=120.0000 render_us=719 render_avg=708 render_max=1025
[1781491868.100] [AP] SSL=176 DC=-4698 max_raw=124 follower=749 peak_scaled=0.055 response_gain=3.000 silent_scale=1.000 silence=0 cal_source=config cal_valid=1 cal_reason=none | bpm=100.0 conf=0.43 lock=1 phase=0.97 beat=0 bstr=0.74 | onset=0 bass=1 ostr=0.02
[1781491868.800] [VP] profile=candidate fix=111011 chroma_seq=11272 chroma_flatness=0.1809 chroma_norm_max=0.7884 chroma_norm_mean=0.6075 chroma_final_max=0.3473 chroma_final_mean=0.2560 agc_gain=0.5898 bloom_alpha=0.9900 bloom_shift=1.0000 wave_idle=0.9850 wave_raw_margin=1.1000 wave_peak_floor=0.0800 wave_vu_floor=0.0200 wave_shift=120.0000 render_us=698 render_avg=743 render_max=1025
[1781491869.107] [AP] SSL=176 DC=-4698 max_raw=116 follower=400 peak_scaled=0.512 response_gain=3.000 silent_scale=1.000 silence=0 cal_source=config cal_valid=1 cal_reason=none | bpm=100.0 conf=0.31 lock=0 phase=0.66 beat=0 bstr=0.92 | onset=0 bass=0 ostr=0.00
[1781491869.800] [VP] profile=candidate fix=111011 chroma_seq=11473 chroma_flatness=0.2386 chroma_norm_max=0.9809 chroma_norm_mean=0.7423 chroma_final_max=0.6988 chroma_final_mean=0.5095 agc_gain=0.6142 bloom_alpha=0.9900 bloom_shift=1.0000 wave_idle=0.9850 wave_raw_margin=1.1000 wave_peak_floor=0.0800 wave_vu_floor=0.0200 wave_shift=120.0000 render_us=732 render_avg=696 render_max=1025
[1781491870.112] [AP] SSL=176 DC=-4698 max_raw=1148 follower=1942 peak_scaled=1.869 response_gain=3.000 silent_scale=1.000 silence=0 cal_source=config cal_valid=1 cal_reason=none | bpm=100.0 conf=0.37 lock=0 phase=0.35 beat=0 bstr=0.59 | onset=1 bass=0 ostr=0.00
[1781491870.814] [VP] profile=candidate fix=111011 chroma_seq=11677 chroma_flatness=0.0995 chroma_norm_max=0.3074 chroma_norm_mean=0.2079 chroma_final_max=0.0202 chroma_final_mean=0.0105 agc_gain=0.3182 bloom_alpha=0.9900 bloom_shift=1.0000 wave_idle=0.9850 wave_raw_margin=1.1000 wave_peak_floor=0.0800 wave_vu_floor=0.0200 wave_shift=120.0000 render_us=657 render_avg=650 render_max=1025
[1781491871.115] [AP] SSL=176 DC=-4698 max_raw=83 follower=2118 peak_scaled=0.041 response_gain=3.000 silent_scale=1.000 silence=0 cal_source=config cal_valid=1 cal_reason=none | bpm=75.0 conf=0.76 lock=1 phase=0.04 beat=0 bstr=0.03 | onset=0 bass=0 ostr=0.00
[1781491871.814] [VP] profile=candidate fix=111011 chroma_seq=11878 chroma_flatness=0.1853 chroma_norm_max=0.5653 chroma_norm_mean=0.3799 chroma_final_max=0.2451 chroma_final_mean=0.1475 agc_gain=0.4340 bloom_alpha=0.9900 bloom_shift=1.0000 wave_idle=0.9850 wave_raw_margin=1.1000 wave_peak_floor=0.0800 wave_vu_floor=0.0200 wave_shift=120.0000 render_us=693 render_avg=665 render_max=1025
[1781491872.121] [AP] SSL=176 DC=-4698 max_raw=146 follower=1098 peak_scaled=0.049 response_gain=3.000 silent_scale=1.000 silence=0 cal_source=config cal_valid=1 cal_reason=none | bpm=75.0 conf=0.98 lock=1 phase=0.30 beat=0 bstr=0.20 | onset=1 bass=0 ostr=0.00
[1781491872.817] [VP] profile=candidate fix=111011 chroma_seq=12080 chroma_flatness=0.2597 chroma_norm_max=0.9543 chroma_norm_mean=0.6946 chroma_final_max=0.7677 chroma_final_mean=0.5343 agc_gain=0.6470 bloom_alpha=0.9900 bloom_shift=1.0000 wave_idle=0.9850 wave_raw_margin=1.1000 wave_peak_floor=0.0800 wave_vu_floor=0.0200 wave_shift=120.0000 render_us=731 render_avg=726 render_max=1025
[1781491873.127] [AP] SSL=176 DC=-4698 max_raw=133 follower=591 peak_scaled=0.125 response_gain=3.000 silent_scale=1.000 silence=0 cal_source=config cal_valid=1 cal_reason=none | bpm=75.0 conf=0.97 lock=1 phase=0.46 beat=0 bstr=0.13 | onset=1 bass=0 ostr=0.00
[1781491873.830] [VP] profile=candidate fix=111011 chroma_seq=12284 chroma_flatness=0.2545 chroma_norm_max=1.0624 chroma_norm_mean=0.8079 chroma_final_max=0.8396 chroma_final_mean=0.6176 agc_gain=0.6984 bloom_alpha=0.9900 bloom_shift=1.0000 wave_idle=0.9850 wave_raw_margin=1.1000 wave_peak_floor=0.0800 wave_vu_floor=0.0200 wave_shift=120.0000 render_us=735 render_avg=703 render_max=1025
[1781491874.130] [AP] SSL=176 DC=-4698 max_raw=129 follower=326 peak_scaled=0.427 response_gain=3.000 silent_scale=1.000 silence=0 cal_source=config cal_valid=1 cal_reason=none | bpm=75.0 conf=0.79 lock=0 phase=0.52 beat=0 bstr=0.65 | onset=0 bass=1 ostr=0.01
[1781491874.829] [VP] profile=candidate fix=111011 chroma_seq=12486 chroma_flatness=0.1980 chroma_norm_max=0.6057 chroma_norm_mean=0.4077 chroma_final_max=0.2983 chroma_final_mean=0.1815 agc_gain=0.4181 bloom_alpha=0.9900 bloom_shift=1.0000 wave_idle=0.9850 wave_raw_margin=1.1000 wave_peak_floor=0.0800 wave_vu_floor=0.0200 wave_shift=120.0000 render_us=695 render_avg=711 render_max=1025
[1781491875.137] [AP] SSL=176 DC=-4698 max_raw=106 follower=614 peak_scaled=0.068 response_gain=3.000 silent_scale=1.000 silence=0 cal_source=config cal_valid=1 cal_reason=none | bpm=75.0 conf=0.97 lock=1 phase=0.78 beat=0 bstr=0.70 | onset=1 bass=0 ostr=0.00
[1781491875.830] [VP] profile=candidate fix=111011 chroma_seq=12687 chroma_flatness=0.3589 chroma_norm_max=1.1089 chroma_norm_mean=0.7500 chroma_final_max=1.0000 chroma_final_mean=0.6493 agc_gain=0.5623 bloom_alpha=0.9900 bloom_shift=1.0000 wave_idle=0.9850 wave_raw_margin=1.1000 wave_peak_floor=0.0800 wave_vu_floor=0.0200 wave_shift=120.0000 render_us=720 render_avg=688 render_max=1025
[1781491876.141] [AP] SSL=176 DC=-4698 max_raw=234 follower=445 peak_scaled=0.576 response_gain=3.000 silent_scale=1.000 silence=0 cal_source=config cal_valid=1 cal_reason=none | bpm=75.0 conf=0.95 lock=1 phase=0.01 beat=1 bstr=0.34 | onset=1 bass=1 ostr=0.02
[1781491876.844] [VP] profile=candidate fix=111011 chroma_seq=12891 chroma_flatness=0.3202 chroma_norm_max=1.0282 chroma_norm_mean=0.7079 chroma_final_max=0.9282 chroma_final_mean=0.6079 agc_gain=0.5172 bloom_alpha=0.9900 bloom_shift=1.0000 wave_idle=0.9850 wave_raw_margin=1.1000 wave_peak_floor=0.0800 wave_vu_floor=0.0200 wave_shift=120.0000 render_us=706 render_avg=676 render_max=1025
[1781491877.146] [AP] SSL=176 DC=-4698 max_raw=206 follower=371 peak_scaled=0.286 response_gain=3.000 silent_scale=1.000 silence=0 cal_source=config cal_valid=1 cal_reason=none | bpm=75.0 conf=0.94 lock=1 phase=0.21 beat=0 bstr=0.43 | onset=0 bass=0 ostr=0.00
[1781491877.845] [VP] profile=candidate fix=111011 chroma_seq=13092 chroma_flatness=0.2269 chroma_norm_max=0.8526 chroma_norm_mean=0.6257 chroma_final_max=0.5526 chroma_final_mean=0.3860 agc_gain=0.5535 bloom_alpha=0.9900 bloom_shift=1.0000 wave_idle=0.9850 wave_raw_margin=1.1000 wave_peak_floor=0.0800 wave_vu_floor=0.0200 wave_shift=120.0000 render_us=729 render_avg=706 render_max=1025
[1781491878.152] [AP] SSL=176 DC=-4698 max_raw=147 follower=269 peak_scaled=0.347 response_gain=3.000 silent_scale=1.000 silence=0 cal_source=config cal_valid=1 cal_reason=none | bpm=75.0 conf=0.65 lock=0 phase=0.22 beat=0 bstr=0.52 | onset=0 bass=1 ostr=0.01
[1781491878.846] [VP] profile=candidate fix=111011 chroma_seq=13294 chroma_flatness=0.2484 chroma_norm_max=1.0393 chroma_norm_mean=0.7909 chroma_final_max=0.7910 chroma_final_mean=0.5818 agc_gain=0.6725 bloom_alpha=0.9900 bloom_shift=1.0000 wave_idle=0.9850 wave_raw_margin=1.1000 wave_peak_floor=0.0800 wave_vu_floor=0.0200 wave_shift=120.0000 render_us=683 render_avg=696 render_max=1025
[1781491879.157] [AP] SSL=176 DC=-4698 max_raw=210 follower=187 peak_scaled=0.673 response_gain=3.000 silent_scale=1.000 silence=0 cal_source=config cal_valid=1 cal_reason=none | bpm=75.0 conf=0.47 lock=0 phase=0.49 beat=0 bstr=0.37 | onset=1 bass=0 ostr=0.00
[1781491879.861] [VP] profile=candidate fix=111011 chroma_seq=13498 chroma_flatness=0.2144 chroma_norm_max=0.9599 chroma_norm_mean=0.7455 chroma_final_max=0.5777 chroma_final_mean=0.4336 agc_gain=0.6153 bloom_alpha=0.9900 bloom_shift=1.0000 wave_idle=0.9850 wave_raw_margin=1.1000 wave_peak_floor=0.0800 wave_vu_floor=0.0200 wave_shift=120.0000 render_us=743 render_avg=713 render_max=1025
[1781491880.160] [AP] SSL=176 DC=-4698 max_raw=243 follower=269 peak_scaled=0.664 response_gain=3.000 silent_scale=1.000 silence=0 cal_source=config cal_valid=1 cal_reason=none | bpm=75.0 conf=0.50 lock=0 phase=0.72 beat=0 bstr=0.31 | onset=0 bass=0 ostr=0.00
[1781491880.870] [VP] profile=candidate fix=111011 chroma_seq=13701 chroma_flatness=0.2289 chroma_norm_max=0.8426 chroma_norm_mean=0.6137 chroma_final_max=0.5642 chroma_final_mean=0.3850 agc_gain=0.3473 bloom_alpha=0.9900 bloom_shift=1.0000 wave_idle=0.9850 wave_raw_margin=1.1000 wave_peak_floor=0.0800 wave_vu_floor=0.0200 wave_shift=120.0000 render_us=720 render_avg=734 render_max=1025
[1781491881.165] [AP] SSL=176 DC=-4698 max_raw=229 follower=804 peak_scaled=0.298 response_gain=3.000 silent_scale=1.000 silence=0 cal_source=config cal_valid=1 cal_reason=none | bpm=75.0 conf=0.64 lock=0 phase=0.99 beat=0 bstr=0.35 | onset=0 bass=1 ostr=0.08
[1781491881.875] [VP] profile=candidate fix=111011 chroma_seq=13904 chroma_flatness=0.1845 chroma_norm_max=0.7955 chroma_norm_mean=0.6110 chroma_final_max=0.3636 chroma_final_mean=0.2671 agc_gain=0.4552 bloom_alpha=0.9900 bloom_shift=1.0000 wave_idle=0.9850 wave_raw_margin=1.1000 wave_peak_floor=0.0800 wave_vu_floor=0.0200 wave_shift=120.0000 render_us=650 render_avg=695 render_max=1025
[1781491882.172] [AP] SSL=176 DC=-4698 max_raw=162 follower=462 peak_scaled=0.129 response_gain=3.000 silent_scale=1.000 silence=0 cal_source=config cal_valid=1 cal_reason=none | bpm=120.0 conf=0.42 lock=0 phase=0.56 beat=0 bstr=0.01 | onset=0 bass=1 ostr=0.02
[1781491882.876] [VP] profile=candidate fix=111011 chroma_seq=14105 chroma_flatness=0.2324 chroma_norm_max=0.9651 chroma_norm_mean=0.7327 chroma_final_max=0.6593 chroma_final_mean=0.4822 agc_gain=0.5801 bloom_alpha=0.9900 bloom_shift=1.0000 wave_idle=0.9850 wave_raw_margin=1.1000 wave_peak_floor=0.0800 wave_vu_floor=0.0200 wave_shift=120.0000 render_us=737 render_avg=727 render_max=1025
[1781491883.175] [AP] SSL=176 DC=-4698 max_raw=184 follower=1014 peak_scaled=0.265 response_gain=3.000 silent_scale=1.000 silence=0 cal_source=config cal_valid=1 cal_reason=none | bpm=105.0 conf=0.41 lock=0 phase=0.53 beat=0 bstr=0.06 | onset=1 bass=0 ostr=0.00
[1781491883.885] [VP] profile=candidate fix=111011 chroma_seq=14308 chroma_flatness=0.2136 chroma_norm_max=0.6957 chroma_norm_mean=0.4821 chroma_final_max=0.3980 chroma_final_mean=0.2553 agc_gain=0.4846 bloom_alpha=0.9900 bloom_shift=1.0000 wave_idle=0.9850 wave_raw_margin=1.1000 wave_peak_floor=0.0800 wave_vu_floor=0.0200 wave_shift=120.0000 render_us=701 render_avg=693 render_max=1025
[1781491884.183] [AP] SSL=176 DC=-4698 max_raw=321 follower=730 peak_scaled=0.422 response_gain=3.000 silent_scale=1.000 silence=0 cal_source=config cal_valid=1 cal_reason=none | bpm=64.0 conf=0.64 lock=1 phase=0.13 beat=0 bstr=0.20 | onset=1 bass=0 ostr=0.00
[1781491884.890] [VP] profile=candidate fix=111011 chroma_seq=14510 chroma_flatness=0.1533 chroma_norm_max=1.0279 chroma_norm_mean=0.8746 chroma_final_max=0.3401 chroma_final_mean=0.2839 agc_gain=0.4482 bloom_alpha=0.9900 bloom_shift=1.0000 wave_idle=0.9850 wave_raw_margin=1.1000 wave_peak_floor=0.0800 wave_vu_floor=0.0200 wave_shift=120.0000 render_us=763 render_avg=707 render_max=1025
[1781491885.186] [AP] SSL=176 DC=-4698 max_raw=141 follower=877 peak_scaled=0.208 response_gain=3.000 silent_scale=1.000 silence=0 cal_source=config cal_valid=1 cal_reason=none | bpm=64.0 conf=0.91 lock=1 phase=0.33 beat=0 bstr=0.57 | onset=1 bass=0 ostr=0.00
[1781491885.890] [VP] profile=candidate fix=111011 chroma_seq=14711 chroma_flatness=0.1554 chroma_norm_max=0.8666 chroma_norm_mean=0.7112 chroma_final_max=0.2891 chroma_final_mean=0.2305 agc_gain=0.3555 bloom_alpha=0.9900 bloom_shift=1.0000 wave_idle=0.9850 wave_raw_margin=1.1000 wave_peak_floor=0.0800 wave_vu_floor=0.0200 wave_shift=120.0000 render_us=682 render_avg=674 render_max=1025
[1781491886.191] [AP] SSL=176 DC=-4698 max_raw=253 follower=784 peak_scaled=0.255 response_gain=3.000 silent_scale=1.000 silence=0 cal_source=config cal_valid=1 cal_reason=none | bpm=64.0 conf=0.82 lock=1 phase=0.32 beat=0 bstr=0.50 | onset=1 bass=0 ostr=0.00
[1781491886.891] [VP] profile=candidate fix=111011 chroma_seq=14913 chroma_flatness=0.1913 chroma_norm_max=1.0195 chroma_norm_mean=0.8283 chroma_final_max=0.5117 chroma_final_mean=0.4052 agc_gain=0.3427 bloom_alpha=0.9900 bloom_shift=1.0000 wave_idle=0.9850 wave_raw_margin=1.1000 wave_peak_floor=0.0800 wave_vu_floor=0.0200 wave_shift=120.0000 render_us=768 render_avg=747 render_max=1025
[1781491887.196] [AP] SSL=176 DC=-4698 max_raw=472 follower=1598 peak_scaled=1.131 response_gain=3.000 silent_scale=1.000 silence=0 cal_source=config cal_valid=1 cal_reason=none | bpm=64.0 conf=0.94 lock=1 phase=0.42 beat=0 bstr=0.23 | onset=0 bass=1 ostr=0.04
[1781491887.896] [VP] profile=candidate fix=111011 chroma_seq=15114 chroma_flatness=0.2171 chroma_norm_max=0.6547 chroma_norm_mean=0.4205 chroma_final_max=0.3631 chroma_final_mean=0.2171 agc_gain=0.1855 bloom_alpha=0.9900 bloom_shift=1.0000 wave_idle=0.9850 wave_raw_margin=1.1000 wave_peak_floor=0.0800 wave_vu_floor=0.0200 wave_shift=120.0000 render_us=716 render_avg=743 render_max=1025
[1781491888.201] [AP] SSL=176 DC=-4698 max_raw=150 follower=2136 peak_scaled=0.068 response_gain=3.000 silent_scale=1.000 silence=0 cal_source=config cal_valid=1 cal_reason=none | bpm=64.0 conf=0.88 lock=1 phase=0.52 beat=0 bstr=0.14 | onset=0 bass=0 ostr=0.00
[1781491888.906] [VP] profile=candidate fix=111011 chroma_seq=15318 chroma_flatness=0.2467 chroma_norm_max=0.8740 chroma_norm_mean=0.6272 chroma_final_max=0.6452 chroma_final_mean=0.4395 agc_gain=0.3699 bloom_alpha=0.9900 bloom_shift=1.0000 wave_idle=0.9850 wave_raw_margin=1.1000 wave_peak_floor=0.0800 wave_vu_floor=0.0200 wave_shift=120.0000 render_us=690 render_avg=709 render_max=1025
[1781491889.206] [AP] SSL=176 DC=-4698 max_raw=478 follower=1237 peak_scaled=0.635 response_gain=3.000 silent_scale=1.000 silence=0 cal_source=config cal_valid=1 cal_reason=none | bpm=64.0 conf=0.91 lock=1 phase=0.66 beat=0 bstr=0.27 | onset=0 bass=1 ostr=0.06
[1781491889.915] [VP] profile=candidate fix=111011 chroma_seq=15521 chroma_flatness=0.1688 chroma_norm_max=0.6842 chroma_norm_mean=0.5154 chroma_final_max=0.2595 chroma_final_mean=0.1845 agc_gain=0.2783 bloom_alpha=0.9900 bloom_shift=1.0000 wave_idle=0.9850 wave_raw_margin=1.1000 wave_peak_floor=0.0800 wave_vu_floor=0.0200 wave_shift=120.0000 render_us=724 render_avg=694 render_max=1025
[1781491890.212] [AP] SSL=176 DC=-4698 max_raw=198 follower=1476 peak_scaled=0.486 response_gain=3.000 silent_scale=1.000 silence=0 cal_source=config cal_valid=1 cal_reason=none | bpm=64.0 conf=0.92 lock=1 phase=0.41 beat=0 bstr=0.34 | onset=0 bass=0 ostr=0.00
[1781491890.920] [VP] profile=candidate fix=111011 chroma_seq=15723 chroma_flatness=0.2006 chroma_norm_max=0.8698 chroma_norm_mean=0.6692 chroma_final_max=0.4641 chroma_final_mean=0.3432 agc_gain=0.2657 bloom_alpha=0.9900 bloom_shift=1.0000 wave_idle=0.9850 wave_raw_margin=1.1000 wave_peak_floor=0.0800 wave_vu_floor=0.0200 wave_shift=120.0000 render_us=636 render_avg=683 render_max=1025
[1781491891.216] [AP] SSL=176 DC=-4698 max_raw=354 follower=1258 peak_scaled=0.672 response_gain=3.000 silent_scale=1.000 silence=0 cal_source=config cal_valid=1 cal_reason=none | bpm=64.0 conf=0.86 lock=1 phase=0.53 beat=0 bstr=0.38 | onset=1 bass=0 ostr=0.00
[1781491891.920] [VP] profile=candidate fix=111011 chroma_seq=15924 chroma_flatness=0.1200 chroma_norm_max=0.7148 chroma_norm_mean=0.5947 chroma_final_max=0.1231 chroma_final_mean=0.0990 agc_gain=0.2357 bloom_alpha=0.9900 bloom_shift=1.0000 wave_idle=0.9850 wave_raw_margin=1.1000 wave_peak_floor=0.0800 wave_vu_floor=0.0200 wave_shift=120.0000 render_us=691 render_avg=672 render_max=1025
[1781491892.221] [AP] SSL=176 DC=-4698 max_raw=306 follower=1394 peak_scaled=0.218 response_gain=3.000 silent_scale=1.000 silence=0 cal_source=config cal_valid=1 cal_reason=none | bpm=64.0 conf=0.81 lock=1 phase=0.70 beat=0 bstr=0.57 | onset=1 bass=0 ostr=0.00
[1781491892.920] [VP] profile=candidate fix=111011 chroma_seq=16125 chroma_flatness=0.2221 chroma_norm_max=0.9680 chroma_norm_mean=0.7459 chroma_final_max=0.6169 chroma_final_mean=0.4590 agc_gain=0.3002 bloom_alpha=0.9900 bloom_shift=1.0000 wave_idle=0.9850 wave_raw_margin=1.1000 wave_peak_floor=0.0800 wave_vu_floor=0.0200 wave_shift=120.0000 render_us=734 render_avg=704 render_max=1025
[1781491893.227] [AP] SSL=176 DC=-4698 max_raw=321 follower=1655 peak_scaled=0.239 response_gain=3.000 silent_scale=1.000 silence=0 cal_source=config cal_valid=1 cal_reason=none | bpm=63.0 conf=0.93 lock=1 phase=0.46 beat=0 bstr=0.34 | onset=1 bass=0 ostr=0.00
[1781491893.922] [VP] profile=candidate fix=111011 chroma_seq=16327 chroma_flatness=0.2055 chroma_norm_max=0.9156 chroma_norm_mean=0.7102 chroma_final_max=0.5118 chroma_final_mean=0.3829 agc_gain=0.2764 bloom_alpha=0.9900 bloom_shift=1.0000 wave_idle=0.9850 wave_raw_margin=1.1000 wave_peak_floor=0.0800 wave_vu_floor=0.0200 wave_shift=120.0000 render_us=670 render_avg=735 render_max=1025
[1781491894.231] [AP] SSL=176 DC=-4698 max_raw=114 follower=1112 peak_scaled=0.069 response_gain=3.000 silent_scale=1.000 silence=0 cal_source=config cal_valid=1 cal_reason=none | bpm=63.0 conf=0.93 lock=1 phase=0.60 beat=0 bstr=0.22 | onset=0 bass=0 ostr=0.00
[1781491894.935] [VP] profile=candidate fix=111011 chroma_seq=16530 chroma_flatness=0.2526 chroma_norm_max=0.9897 chroma_norm_mean=0.7371 chroma_final_max=0.7678 chroma_final_mean=0.5498 agc_gain=0.3486 bloom_alpha=0.9900 bloom_shift=1.0000 wave_idle=0.9850 wave_raw_margin=1.1000 wave_peak_floor=0.0800 wave_vu_floor=0.0200 wave_shift=120.0000 render_us=725 render_avg=743 render_max=1025
[1781491895.236] [AP] SSL=176 DC=-4698 max_raw=371 follower=975 peak_scaled=0.407 response_gain=3.000 silent_scale=1.000 silence=0 cal_source=config cal_valid=1 cal_reason=none | bpm=62.0 conf=0.96 lock=1 phase=0.63 beat=0 bstr=0.37 | onset=0 bass=0 ostr=0.00
[1781491895.936] [VP] profile=candidate fix=111011 chroma_seq=16732 chroma_flatness=0.2235 chroma_norm_max=0.9070 chroma_norm_mean=0.6835 chroma_final_max=0.5791 chroma_final_mean=0.4187 agc_gain=0.4400 bloom_alpha=0.9900 bloom_shift=1.0000 wave_idle=0.9850 wave_raw_margin=1.1000 wave_peak_floor=0.0800 wave_vu_floor=0.0200 wave_shift=120.0000 render_us=693 render_avg=705 render_max=1025
[1781491896.242] [AP] SSL=176 DC=-4698 max_raw=258 follower=802 peak_scaled=0.602 response_gain=3.000 silent_scale=1.000 silence=0 cal_source=config cal_valid=1 cal_reason=none | bpm=62.0 conf=0.83 lock=1 phase=0.74 beat=0 bstr=0.27 | onset=0 bass=1 ostr=0.04
[1781491896.940] [VP] profile=candidate fix=111011 chroma_seq=16934 chroma_flatness=0.1311 chroma_norm_max=0.5858 chroma_norm_mean=0.4546 chroma_final_max=0.1242 chroma_final_mean=0.0907 agc_gain=0.2955 bloom_alpha=0.9900 bloom_shift=1.0000 wave_idle=0.9850 wave_raw_margin=1.1000 wave_peak_floor=0.0800 wave_vu_floor=0.0200 wave_shift=120.0000 render_us=663 render_avg=652 render_max=1025
[1781491897.247] [AP] SSL=176 DC=-4698 max_raw=162 follower=986 peak_scaled=0.072 response_gain=3.000 silent_scale=1.000 silence=0 cal_source=config cal_valid=1 cal_reason=none | bpm=62.0 conf=0.67 lock=1 phase=0.80 beat=0 bstr=0.20 | onset=0 bass=0 ostr=0.00
[1781491897.951] [VP] profile=candidate fix=111011 chroma_seq=17137 chroma_flatness=0.2195 chroma_norm_max=0.9470 chroma_norm_mean=0.7275 chroma_final_max=0.5906 chroma_final_mean=0.4376 agc_gain=0.2589 bloom_alpha=0.9900 bloom_shift=1.0000 wave_idle=0.9850 wave_raw_margin=1.1000 wave_peak_floor=0.0800 wave_vu_floor=0.0200 wave_shift=120.0000 render_us=692 render_avg=702 render_max=1025
[1781491898.252] [AP] SSL=176 DC=-4698 max_raw=513 follower=1606 peak_scaled=0.596 response_gain=3.000 silent_scale=1.000 silence=0 cal_source=config cal_valid=1 cal_reason=none | bpm=62.0 conf=0.72 lock=1 phase=0.72 beat=0 bstr=0.27 | onset=0 bass=1 ostr=0.02
[1781491898.961] [VP] profile=candidate fix=111011 chroma_seq=17340 chroma_flatness=0.2150 chroma_norm_max=0.9973 chroma_norm_mean=0.7823 chroma_final_max=0.6057 chroma_final_mean=0.4606 agc_gain=0.2566 bloom_alpha=0.9900 bloom_shift=1.0000 wave_idle=0.9850 wave_raw_margin=1.1000 wave_peak_floor=0.0800 wave_vu_floor=0.0200 wave_shift=120.0000 render_us=685 render_avg=687 render_max=1025
[1781491899.257] [AP] SSL=176 DC=-4698 max_raw=853 follower=1670 peak_scaled=1.035 response_gain=3.000 silent_scale=1.000 silence=0 cal_source=config cal_valid=1 cal_reason=none | bpm=62.0 conf=0.79 lock=1 phase=0.68 beat=0 bstr=0.39 | onset=1 bass=0 ostr=0.00
[1781491899.965] [VP] profile=candidate fix=111011 chroma_seq=17542 chroma_flatness=0.3422 chroma_norm_max=1.0411 chroma_norm_mean=0.6989 chroma_final_max=0.9359 chroma_final_mean=0.6006 agc_gain=0.3160 bloom_alpha=0.9900 bloom_shift=1.0000 wave_idle=0.9850 wave_raw_margin=1.1000 wave_peak_floor=0.0800 wave_vu_floor=0.0200 wave_shift=120.0000 render_us=677 render_avg=739 render_max=1025
[1781491900.261] [AP] SSL=176 DC=-4698 max_raw=486 follower=1448 peak_scaled=0.878 response_gain=3.000 silent_scale=1.000 silence=0 cal_source=config cal_valid=1 cal_reason=none | bpm=84.0 conf=0.72 lock=0 phase=0.35 beat=0 bstr=0.11 | onset=0 bass=1 ostr=0.06
[1781491900.966] [VP] profile=candidate fix=111011 chroma_seq=17744 chroma_flatness=0.2280 chroma_norm_max=0.8752 chroma_norm_mean=0.6472 chroma_final_max=0.5738 chroma_final_mean=0.4050 agc_gain=0.3329 bloom_alpha=0.9900 bloom_shift=1.0000 wave_idle=0.9850 wave_raw_margin=1.1000 wave_peak_floor=0.0800 wave_vu_floor=0.0200 wave_shift=120.0000 render_us=686 render_avg=693 render_max=1025
[1781491901.267] [AP] SSL=176 DC=-4698 max_raw=345 follower=1154 peak_scaled=0.435 response_gain=3.000 silent_scale=1.000 silence=0 cal_source=config cal_valid=1 cal_reason=none | bpm=84.0 conf=0.64 lock=0 phase=0.73 beat=0 bstr=0.08 | onset=0 bass=0 ostr=0.00
[1781491901.976] [VP] profile=candidate fix=111011 chroma_seq=17947 chroma_flatness=0.1503 chroma_norm_max=0.9755 chroma_norm_mean=0.8252 chroma_final_max=0.3078 chroma_final_mean=0.2549 agc_gain=0.2525 bloom_alpha=0.9900 bloom_shift=1.0000 wave_idle=0.9850 wave_raw_margin=1.1000 wave_peak_floor=0.0800 wave_vu_floor=0.0200 wave_shift=120.0000 render_us=685 render_avg=685 render_max=1025
[1781491902.271] [AP] SSL=176 DC=-4698 max_raw=189 follower=1303 peak_scaled=0.446 response_gain=3.000 silent_scale=1.000 silence=0 cal_source=config cal_valid=1 cal_reason=none | bpm=84.0 conf=0.80 lock=0 phase=0.96 beat=0 bstr=0.04 | onset=0 bass=0 ostr=0.00
[1781491902.991] [VP] profile=candidate fix=111011 chroma_seq=18151 chroma_flatness=0.2372 chroma_norm_max=1.0447 chroma_norm_mean=0.8076 chroma_final_max=0.7424 chroma_final_mean=0.5560 agc_gain=0.2558 bloom_alpha=0.9900 bloom_shift=1.0000 wave_idle=0.9850 wave_raw_margin=1.1000 wave_peak_floor=0.0800 wave_vu_floor=0.0200 wave_shift=120.0000 render_us=773 render_avg=697 render_max=1025
[1781491903.277] [AP] SSL=176 DC=-4698 max_raw=253 follower=2033 peak_scaled=0.459 response_gain=3.000 silent_scale=1.000 silence=0 cal_source=config cal_valid=1 cal_reason=none | bpm=84.0 conf=0.93 lock=1 phase=0.37 beat=0 bstr=0.03 | onset=1 bass=0 ostr=0.00
[1781491904.001] [VP] profile=candidate fix=111011 chroma_seq=18354 chroma_flatness=0.1571 chroma_norm_max=0.6363 chroma_norm_mean=0.4793 chroma_final_max=0.2066 chroma_final_mean=0.1461 agc_gain=0.2218 bloom_alpha=0.9900 bloom_shift=1.0000 wave_idle=0.9850 wave_raw_margin=1.1000 wave_peak_floor=0.0800 wave_vu_floor=0.0200 wave_shift=120.0000 render_us=742 render_avg=675 render_max=1025
[1781491904.281] [AP] SSL=176 DC=-4698 max_raw=262 follower=1804 peak_scaled=0.295 response_gain=3.000 silent_scale=1.000 silence=0 cal_source=config cal_valid=1 cal_reason=none | bpm=84.0 conf=0.94 lock=1 phase=0.94 beat=0 bstr=0.02 | onset=1 bass=0 ostr=0.00
[1781491905.006] [VP] profile=candidate fix=111011 chroma_seq=18557 chroma_flatness=0.1582 chroma_norm_max=0.7108 chroma_norm_mean=0.5526 chroma_final_max=0.2389 chroma_final_mean=0.1770 agc_gain=0.3624 bloom_alpha=0.9900 bloom_shift=1.0000 wave_idle=0.9850 wave_raw_margin=1.1000 wave_peak_floor=0.0800 wave_vu_floor=0.0200 wave_shift=120.0000 render_us=688 render_avg=721 render_max=1025
[1781491905.286] [AP] SSL=176 DC=-4698 max_raw=212 follower=1068 peak_scaled=0.253 response_gain=3.000 silent_scale=1.000 silence=0 cal_source=config cal_valid=1 cal_reason=none | bpm=84.0 conf=0.67 lock=1 phase=0.26 beat=0 bstr=0.05 | onset=1 bass=0 ostr=0.00
[1781491906.006] [VP] profile=candidate fix=111011 chroma_seq=18757 chroma_flatness=0.1929 chroma_norm_max=1.0865 chroma_norm_mean=0.8934 chroma_final_max=0.5578 chroma_final_mean=0.4486 agc_gain=0.2900 bloom_alpha=0.9900 bloom_shift=1.0000 wave_idle=0.9850 wave_raw_margin=1.1000 wave_peak_floor=0.0800 wave_vu_floor=0.0200 wave_shift=120.0000 render_us=728 render_avg=728 render_max=1025
[1781491906.292] [AP] SSL=176 DC=-4698 max_raw=436 follower=1556 peak_scaled=0.599 response_gain=3.000 silent_scale=1.000 silence=0 cal_source=config cal_valid=1 cal_reason=none | bpm=84.0 conf=0.19 lock=0 phase=0.78 beat=0 bstr=0.04 | onset=1 bass=0 ostr=0.00
[1781491907.016] [VP] profile=candidate fix=111011 chroma_seq=18960 chroma_flatness=0.1582 chroma_norm_max=0.7691 chroma_norm_mean=0.6109 chroma_final_max=0.2618 chroma_final_mean=0.1999 agc_gain=0.3182 bloom_alpha=0.9900 bloom_shift=1.0000 wave_idle=0.9850 wave_raw_margin=1.1000 wave_peak_floor=0.0800 wave_vu_floor=0.0200 wave_shift=120.0000 render_us=724 render_avg=644 render_max=1025
[1781491907.297] [AP] SSL=176 DC=-4698 max_raw=798 follower=1474 peak_scaled=1.226 response_gain=3.000 silent_scale=1.000 silence=0 cal_source=config cal_valid=1 cal_reason=none | bpm=127.0 conf=0.51 lock=0 phase=0.75 beat=0 bstr=0.03 | onset=0 bass=1 ostr=0.04
[1781491908.020] [VP] profile=candidate fix=111011 chroma_seq=19162 chroma_flatness=0.1350 chroma_norm_max=0.5475 chroma_norm_mean=0.4125 chroma_final_max=0.1230 chroma_final_mean=0.0859 agc_gain=0.2464 bloom_alpha=0.9900 bloom_shift=1.0000 wave_idle=0.9850 wave_raw_margin=1.1000 wave_peak_floor=0.0800 wave_vu_floor=0.0200 wave_shift=120.0000 render_us=681 render_avg=654 render_max=1025
[1781491908.302] [AP] SSL=176 DC=-4698 max_raw=225 follower=1605 peak_scaled=0.640 response_gain=3.000 silent_scale=1.000 silence=0 cal_source=config cal_valid=1 cal_reason=none | bpm=106.0 conf=0.42 lock=0 phase=0.82 beat=0 bstr=0.07 | onset=1 bass=0 ostr=0.00
[1781491909.021] [VP] profile=candidate fix=111011 chroma_seq=19363 chroma_flatness=0.1718 chroma_norm_max=0.8273 chroma_norm_mean=0.6555 chroma_final_max=0.3340 chroma_final_mean=0.2551 agc_gain=0.2585 bloom_alpha=0.9900 bloom_shift=1.0000 wave_idle=0.9850 wave_raw_margin=1.1000 wave_peak_floor=0.0800 wave_vu_floor=0.0200 wave_shift=120.0000 render_us=687 render_avg=692 render_max=1025
[1781491909.307] [AP] SSL=176 DC=-4698 max_raw=184 follower=2126 peak_scaled=0.245 response_gain=3.000 silent_scale=1.000 silence=0 cal_source=config cal_valid=1 cal_reason=none | bpm=106.0 conf=0.46 lock=0 phase=0.61 beat=0 bstr=0.06 | onset=0 bass=1 ostr=0.03
[1781491910.031] [VP] profile=candidate fix=111011 chroma_seq=19566 chroma_flatness=0.0610 chroma_norm_max=0.5805 chroma_norm_mean=0.5195 chroma_final_max=0.0000 chroma_final_mean=0.0000 agc_gain=0.4060 bloom_alpha=0.9900 bloom_shift=1.0000 wave_idle=0.9850 wave_raw_margin=1.1000 wave_peak_floor=0.0800 wave_vu_floor=0.0200 wave_shift=120.0000 render_us=660 render_avg=667 render_max=1025
[1781491910.311] [AP] SSL=176 DC=-4698 max_raw=290 follower=1195 peak_scaled=0.227 response_gain=3.000 silent_scale=1.000 silence=0 cal_source=config cal_valid=1 cal_reason=none | bpm=106.0 conf=0.45 lock=0 phase=0.36 beat=0 bstr=0.06 | onset=0 bass=0 ostr=0.00
[1781491911.036] [VP] profile=candidate fix=111011 chroma_seq=19769 chroma_flatness=0.1571 chroma_norm_max=0.9320 chroma_norm_mean=0.7749 chroma_final_max=0.3206 chroma_final_mean=0.2601 agc_gain=0.4726 bloom_alpha=0.9900 bloom_shift=1.0000 wave_idle=0.9850 wave_raw_margin=1.1000 wave_peak_floor=0.0800 wave_vu_floor=0.0200 wave_shift=120.0000 render_us=688 render_avg=705 render_max=1025
[1781491911.318] [AP] SSL=176 DC=-4698 max_raw=490 follower=1631 peak_scaled=0.801 response_gain=3.000 silent_scale=1.000 silence=0 cal_source=config cal_valid=1 cal_reason=none | bpm=106.0 conf=0.49 lock=0 phase=0.15 beat=0 bstr=0.03 | onset=0 bass=0 ostr=0.00
[1781491912.035] [VP] profile=candidate fix=111011 chroma_seq=19969 chroma_flatness=0.1305 chroma_norm_max=0.6000 chroma_norm_mean=0.4695 chroma_final_max=0.1263 chroma_final_mean=0.0933 agc_gain=0.2912 bloom_alpha=0.9900 bloom_shift=1.0000 wave_idle=0.9850 wave_raw_margin=1.1000 wave_peak_floor=0.0800 wave_vu_floor=0.0200 wave_shift=120.0000 render_us=649 render_avg=671 render_max=1062
[1781491912.322] [AP] SSL=176 DC=-4698 max_raw=390 follower=1261 peak_scaled=1.028 response_gain=3.000 silent_scale=1.000 silence=0 cal_source=config cal_valid=1 cal_reason=none | bpm=106.0 conf=0.50 lock=0 phase=0.94 beat=0 bstr=0.02 | onset=1 bass=0 ostr=0.00
[1781491913.036] [VP] profile=candidate fix=111011 chroma_seq=20170 chroma_flatness=0.1545 chroma_norm_max=0.9425 chroma_norm_mean=0.7881 chroma_final_max=0.3137 chroma_final_mean=0.2562 agc_gain=0.3564 bloom_alpha=0.9900 bloom_shift=1.0000 wave_idle=0.9850 wave_raw_margin=1.1000 wave_peak_floor=0.0800 wave_vu_floor=0.0200 wave_shift=120.0000 render_us=730 render_avg=704 render_max=1062
[1781491913.326] [AP] SSL=176 DC=-4698 max_raw=358 follower=1052 peak_scaled=0.531 response_gain=3.000 silent_scale=1.000 silence=0 cal_source=config cal_valid=1 cal_reason=none | bpm=106.0 conf=0.53 lock=0 phase=0.69 beat=0 bstr=0.01 | onset=0 bass=1 ostr=0.04
[1781491914.037] [VP] profile=candidate fix=111011 chroma_seq=20372 chroma_flatness=0.1991 chroma_norm_max=0.8111 chroma_norm_mean=0.6120 chroma_final_max=0.4234 chroma_final_mean=0.3049 agc_gain=0.2898 bloom_alpha=0.9900 bloom_shift=1.0000 wave_idle=0.9850 wave_raw_margin=1.1000 wave_peak_floor=0.0800 wave_vu_floor=0.0200 wave_shift=120.0000 render_us=761 render_avg=747 render_max=1062
[1781491914.331] [AP] SSL=176 DC=-4698 max_raw=976 follower=2068 peak_scaled=1.008 response_gain=3.000 silent_scale=1.000 silence=0 cal_source=config cal_valid=1 cal_reason=none | bpm=106.0 conf=0.61 lock=0 phase=0.40 beat=0 bstr=0.04 | onset=1 bass=0 ostr=0.00
[1781491915.051] [VP] profile=candidate fix=111011 chroma_seq=20575 chroma_flatness=0.1829 chroma_norm_max=0.8788 chroma_norm_mean=0.7053 chroma_final_max=0.4182 chroma_final_mean=0.3200 agc_gain=0.2620 bloom_alpha=0.9900 bloom_shift=1.0000 wave_idle=0.9850 wave_raw_margin=1.1000 wave_peak_floor=0.0800 wave_vu_floor=0.0200 wave_shift=120.0000 render_us=716 render_avg=691 render_max=1062
[1781491915.337] [AP] SSL=176 DC=-4698 max_raw=646 follower=2196 peak_scaled=0.629 response_gain=3.000 silent_scale=1.000 silence=0 cal_source=config cal_valid=1 cal_reason=none | bpm=110.0 conf=0.64 lock=1 phase=0.32 beat=0 bstr=0.28 | onset=0 bass=1 ostr=0.03
[1781491916.052] [VP] profile=candidate fix=111011 chroma_seq=20776 chroma_flatness=0.3129 chroma_norm_max=0.9596 chroma_norm_mean=0.6467 chroma_final_max=0.8596 chroma_final_mean=0.5467 agc_gain=0.2229 bloom_alpha=0.9900 bloom_shift=1.0000 wave_idle=0.9850 wave_raw_margin=1.1000 wave_peak_floor=0.0800 wave_vu_floor=0.0200 wave_shift=120.0000 render_us=720 render_avg=693 render_max=1062
[1781491916.341] [AP] SSL=176 DC=-4698 max_raw=395 follower=1644 peak_scaled=0.456 response_gain=3.000 silent_scale=1.000 silence=0 cal_source=config cal_valid=1 cal_reason=none | bpm=110.0 conf=0.58 lock=1 phase=0.04 beat=0 bstr=0.16 | onset=0 bass=1 ostr=0.02
[1781491917.052] [VP] profile=candidate fix=111011 chroma_seq=20977 chroma_flatness=0.2604 chroma_norm_max=0.8908 chroma_norm_mean=0.6304 chroma_final_max=0.7134 chroma_final_mean=0.4531 agc_gain=0.2543 bloom_alpha=0.9900 bloom_shift=1.0000 wave_idle=0.9850 wave_raw_margin=1.1000 wave_peak_floor=0.0800 wave_vu_floor=0.0200 wave_shift=120.0000 render_us=726 render_avg=711 render_max=1062
[1781491917.347] [AP] SSL=176 DC=-4698 max_raw=441 follower=2356 peak_scaled=0.567 response_gain=3.000 silent_scale=1.000 silence=0 cal_source=config cal_valid=1 cal_reason=none | bpm=109.0 conf=0.58 lock=1 phase=0.66 beat=0 bstr=0.22 | onset=0 bass=1 ostr=0.03
[1781491918.056] [VP] profile=candidate fix=111011 chroma_seq=21179 chroma_flatness=0.2430 chroma_norm_max=0.8642 chroma_norm_mean=0.6213 chroma_final_max=0.6227 chroma_final_mean=0.4247 agc_gain=0.1662 bloom_alpha=0.9900 bloom_shift=1.0000 wave_idle=0.9850 wave_raw_margin=1.1000 wave_peak_floor=0.0800 wave_vu_floor=0.0200 wave_shift=120.0000 render_us=725 render_avg=711 render_max=1062
[1781491918.353] [AP] SSL=176 DC=-4698 max_raw=546 follower=2526 peak_scaled=0.560 response_gain=3.000 silent_scale=1.000 silence=0 cal_source=config cal_valid=1 cal_reason=none | bpm=81.0 conf=0.69 lock=1 phase=0.26 beat=0 bstr=0.02 | onset=0 bass=1 ostr=0.02
[1781491919.056] [VP] profile=candidate fix=111011 chroma_seq=21380 chroma_flatness=0.1015 chroma_norm_max=0.9212 chroma_norm_mean=0.8197 chroma_final_max=0.0884 chroma_final_mean=0.0775 agc_gain=0.2958 bloom_alpha=0.9900 bloom_shift=1.0000 wave_idle=0.9850 wave_raw_margin=1.1000 wave_peak_floor=0.0800 wave_vu_floor=0.0200 wave_shift=120.0000 render_us=677 render_avg=688 render_max=1062
[1781491919.357] [AP] SSL=176 DC=-4698 max_raw=376 follower=2092 peak_scaled=0.598 response_gain=3.000 silent_scale=1.000 silence=0 cal_source=config cal_valid=1 cal_reason=none | bpm=81.0 conf=0.70 lock=1 phase=0.42 beat=0 bstr=0.04 | onset=0 bass=0 ostr=0.00
[1781491920.066] [VP] profile=candidate fix=111011 chroma_seq=21583 chroma_flatness=0.1068 chroma_norm_max=0.4770 chroma_norm_mean=0.3701 chroma_final_max=0.0506 chroma_final_mean=0.0363 agc_gain=0.2091 bloom_alpha=0.9900 bloom_shift=1.0000 wave_idle=0.9850 wave_raw_margin=1.1000 wave_peak_floor=0.0800 wave_vu_floor=0.0200 wave_shift=120.0000 render_us=668 render_avg=659 render_max=1062
[1781491920.362] [AP] SSL=176 DC=-4698 max_raw=266 follower=1343 peak_scaled=0.184 response_gain=3.000 silent_scale=1.000 silence=0 cal_source=config cal_valid=1 cal_reason=none | bpm=83.0 conf=0.70 lock=1 phase=0.94 beat=0 bstr=0.01 | onset=0 bass=0 ostr=0.00
[1781491921.071] [VP] profile=candidate fix=111011 chroma_seq=21785 chroma_flatness=0.0859 chroma_norm_max=0.7868 chroma_norm_mean=0.7009 chroma_final_max=0.0204 chroma_final_mean=0.0178 agc_gain=0.5047 bloom_alpha=0.9900 bloom_shift=1.0000 wave_idle=0.9850 wave_raw_margin=1.1000 wave_peak_floor=0.0800 wave_vu_floor=0.0200 wave_shift=120.0000 render_us=742 render_avg=668 render_max=1062
[1781491921.366] [AP] SSL=176 DC=-4698 max_raw=220 follower=788 peak_scaled=0.451 response_gain=3.000 silent_scale=1.000 silence=0 cal_source=config cal_valid=1 cal_reason=none | bpm=83.0 conf=0.93 lock=1 phase=0.06 beat=0 bstr=0.01 | onset=0 bass=1 ostr=0.02
[1781491922.072] [VP] profile=candidate fix=111011 chroma_seq=21986 chroma_flatness=0.1698 chroma_norm_max=0.9677 chroma_norm_mean=0.7979 chroma_final_max=0.3894 chroma_final_mean=0.3132 agc_gain=0.3824 bloom_alpha=0.9900 bloom_shift=1.0000 wave_idle=0.9850 wave_raw_margin=1.1000 wave_peak_floor=0.0800 wave_vu_floor=0.0200 wave_shift=120.0000 render_us=731 render_avg=729 render_max=1062
[1781491922.371] [AP] SSL=176 DC=-4698 max_raw=335 follower=1184 peak_scaled=0.419 response_gain=3.000 silent_scale=1.000 silence=0 cal_source=config cal_valid=1 cal_reason=none | bpm=83.0 conf=0.84 lock=1 phase=0.27 beat=0 bstr=0.01 | onset=0 bass=1 ostr=0.02
[1781491923.072] [VP] profile=candidate fix=111011 chroma_seq=22187 chroma_flatness=0.1729 chroma_norm_max=0.7322 chroma_norm_mean=0.5593 chroma_final_max=0.2936 chroma_final_mean=0.2133 agc_gain=0.2855 bloom_alpha=0.9900 bloom_shift=1.0000 wave_idle=0.9850 wave_raw_margin=1.1000 wave_peak_floor=0.0800 wave_vu_floor=0.0200 wave_shift=120.0000 render_us=754 render_avg=737 render_max=1062
[1781491923.376] [AP] SSL=176 DC=-4698 max_raw=238 follower=1153 peak_scaled=0.420 response_gain=3.000 silent_scale=1.000 silence=0 cal_source=config cal_valid=1 cal_reason=none | bpm=82.0 conf=0.87 lock=1 phase=0.81 beat=0 bstr=0.10 | onset=1 bass=0 ostr=0.00
[1781491924.073] [VP] profile=candidate fix=111011 chroma_seq=22388 chroma_flatness=0.1546 chroma_norm_max=1.0184 chroma_norm_mean=0.8638 chroma_final_max=0.3427 chroma_final_mean=0.2850 agc_gain=0.3464 bloom_alpha=0.9900 bloom_shift=1.0000 wave_idle=0.9850 wave_raw_margin=1.1000 wave_peak_floor=0.0800 wave_vu_floor=0.0200 wave_shift=120.0000 render_us=729 render_avg=725 render_max=1062
[1781491924.382] [AP] SSL=176 DC=-4698 max_raw=207 follower=1644 peak_scaled=0.196 response_gain=3.000 silent_scale=1.000 silence=0 cal_source=config cal_valid=1 cal_reason=none | bpm=79.0 conf=0.82 lock=1 phase=0.22 beat=0 bstr=0.61 | onset=1 bass=0 ostr=0.00
[1781491925.086] [VP] profile=candidate fix=111011 chroma_seq=22591 chroma_flatness=0.0973 chroma_norm_max=0.5961 chroma_norm_mean=0.4987 chroma_final_max=0.0430 chroma_final_mean=0.0216 agc_gain=0.3729 bloom_alpha=0.9900 bloom_shift=1.0000 wave_idle=0.9850 wave_raw_margin=1.1000 wave_peak_floor=0.0800 wave_vu_floor=0.0200 wave_shift=120.0000 render_us=675 render_avg=699 render_max=1062
[1781491925.387] [AP] SSL=176 DC=-4698 max_raw=638 follower=1143 peak_scaled=1.006 response_gain=3.000 silent_scale=1.000 silence=0 cal_source=config cal_valid=1 cal_reason=none | bpm=89.0 conf=0.73 lock=1 phase=0.38 beat=0 bstr=0.03 | onset=0 bass=1 ostr=0.06
[1781491926.087] [VP] profile=candidate fix=111011 chroma_seq=22793 chroma_flatness=0.1721 chroma_norm_max=0.8536 chroma_norm_mean=0.6816 chroma_final_max=0.3470 chroma_final_mean=0.2677 agc_gain=0.2814 bloom_alpha=0.9900 bloom_shift=1.0000 wave_idle=0.9850 wave_raw_margin=1.1000 wave_peak_floor=0.0800 wave_vu_floor=0.0200 wave_shift=120.0000 render_us=766 render_avg=732 render_max=1062
[1781491926.167] >>> :smart_status
[1781491926.171] sbr{{
[1781491926.171] SMART_ASSIST: off
[1781491926.171] SMART_SWITCHING: off
[1781491926.171] SMART_DIRECTOR_AUTONOMY: off
[1781491926.171] SMART_HOOKS: off
[1781491926.172] SMART_CONFIDENCE_FLOOR: 0.080
[1781491926.172] SMART_APPLIED_MODE: 3
[1781491926.172] SMART_LAST_REQUESTED_MODE: 3
[1781491926.172] SMART_SWITCHES_IN_WINDOW: 0
[1781491926.172] SMART_MANUAL_OWNER_ACTIVE: 0
[1781491926.172] SMART_LAST_REASON: 0
[1781491926.172] SMART_STATE: 0
[1781491926.172] SMART_INTENT_MODE: 3
[1781491926.172] SMART_INTENT_CONFIDENCE: 0.000
[1781491926.172] SMART_INTENT_WANTS_SWITCH: 0
[1781491926.172] SMART_SCALAR_PHOTONS: 1.000
[1781491926.172] SMART_SCALAR_CHROMA: 1.000
[1781491926.173] SMART_SCALAR_MOOD: 1.000
[1781491926.173] SMART_SCALAR_SATURATION: 1.000
[1781491926.173] SMART_PALETTE_OVERLAY: 0
[1781491926.173] SMART_PALETTE_INDEX: 0
[1781491926.173] SMART_AUTO_COLOUR_SHIFT: 0
[1781491926.173] SMART_MIN_DWELL_MS: 8000
[1781491926.173] SMART_COOLDOWN_MS: 20000
[1781491926.173] SMART_SWITCH_WINDOW_MS: 60000
[1781491926.173] SMART_MAX_SWITCHES: 2
[1781491926.173] SMART_AUDIO_NOVELTY: 0.0396
[1781491926.174] SMART_AUDIO_ENERGY: 0.2035
[1781491926.174] SMART_EVENT_ID: 1407
[1781491926.174] SMART_EVENT_AGE_MS: 19
[1781491926.174] SMART_ONSET: 1
[1781491926.174] SMART_BASS_ONSET: 0
[1781491926.174] SMART_BEAT_CONFIDENCE: 0.000
[1781491926.174] SMART_TRANSIENT: 0
[1781491926.174] SMART_KICK: 0
[1781491926.174] SMART_SNARE: 1
[1781491926.174] SMART_HIHAT: 0
[1781491926.175] SMART_TRANSIENT_LEVEL: 0.200
[1781491926.175] SMART_KICK_LEVEL: 0.005
[1781491926.175] SMART_SNARE_LEVEL: 0.035
[1781491926.175] SMART_HIHAT_LEVEL: 0.067
[1781491926.175] SMART_SNARE_EVENT_ID: 621
[1781491926.175] SMART_HIHAT_EVENT_ID: 1252
[1781491926.175] }}
[1781491926.392] [AP] SSL=176 DC=-4698 max_raw=152 follower=1249 peak_scaled=0.403 response_gain=3.000 silent_scale=1.000 silence=0 cal_source=config cal_valid=1 cal_reason=none | bpm=89.0 conf=0.88 lock=1 phase=0.82 beat=0 bstr=0.06 | onset=0 bass=0 ostr=0.00
[1781491926.874] >>> :dump
[1781491926.880] sbr{{
[1781491926.880] FIRMWARE_VERSION: 40103
[1781491926.880] CHIP ID: F887A500
[1781491926.880] noise_button.pressed: 0
[1781491926.880] noise_button.last_down: 0
[1781491926.881] noise_button.last_up: 0
[1781491926.881] noise_button.pin: 255
[1781491926.881] mode_button.pressed: 0
[1781491926.881] mode_button.last_down: 0
[1781491926.881] mode_button.last_up: 0
[1781491926.881] mode_button.pin: 255
[1781491926.881] CONFIG.PHOTONS: 0.650000
[1781491926.881] CONFIG.CHROMA: 0.000000
[1781491926.882] CONFIG.MOOD: 0.150000
[1781491926.882] CONFIG.LIGHTSHOW_MODE: 8
[1781491926.882] CONFIG.MIRROR_ENABLED: 1
[1781491926.882] CONFIG.CHROMAGRAM_RANGE: 60
[1781491926.882] CONFIG.SAMPLE_RATE: 12800
[1781491926.882] CONFIG.NOTE_OFFSET: 12
[1781491926.882] CONFIG.SQUARE_ITER: 1.00
[1781491926.882] CONFIG.LED_TYPE: 0
[1781491926.882] CONFIG.LED_COUNT: 160
[1781491926.882] CONFIG.LED_COLOR_ORDER: 66
[1781491926.882] CONFIG.SAMPLES_PER_CHUNK: 96
[1781491926.883] CONFIG.SENSITIVITY: 2.400000
[1781491926.883] AUDIO_RESPONSE_GAIN: 3.000000
[1781491926.883] CONFIG.BOOT_ANIMATION: 1
[1781491926.883] CONFIG.SWEET_SPOT_MIN_LEVEL: 176
[1781491926.883] CONFIG.SWEET_SPOT_MAX_LEVEL: 30000
[1781491926.883] CONFIG.DC_OFFSET: -4698
[1781491926.883] CAL_SOURCE: config
[1781491926.883] CAL_VALID: 1
[1781491926.883] CAL_PROFILE_LOADED: 0
[1781491926.884] NOISE_CAL_REASON: none
[1781491926.884] NOISE_CAL_DC_SAMPLES: 0
[1781491926.884] NOISE_CAL_SSL_P50: 0.0
[1781491926.884] NOISE_CAL_SSL_P90: 0.0
[1781491926.884] CONFIG.STANDBY_DIMMING: 0
[1781491926.884] CONFIG.REVERSE_ORDER: 0
[1781491926.884] CONFIG.MAX_CURRENT_MA: 1500
[1781491926.884] CONFIG.TEMPORAL_DITHERING: 1
[1781491926.884] CONFIG.AUTO_COLOR_SHIFT: 0
[1781491926.884] CONFIG.INCANDESCENT_FILTER: 0.00
[1781491926.884] CONFIG.INCANDESCENT_MODE: 0
[1781491926.884] CONFIG.BULB_OPACITY: 0.00
[1781491926.884] CONFIG.SATURATION: 1.00
[1781491926.884] CONFIG.PRISM_COUNT: 1.00
[1781491926.885] CONFIG.BASE_COAT: 0
[1781491926.885] CONFIG.BASE_COAT_INTENSITY: 0.000
[1781491926.885] MASTER_BRIGHTNESS: 1.00
[1781491926.885] stream_audio: 0
[1781491926.885] stream_fps: 0
[1781491926.885] stream_max_mags: 0
[1781491926.885] stream_max_mags_followers: 0
[1781491926.885] stream_magnitudes: 0
[1781491926.885] stream_spectrogram: 0
[1781491926.885] stream_chromagram: 0
[1781491926.885] debug_mode: 0
[1781491926.885] noise_complete: 1
[1781491926.886] noise_iterations: 0
[1781491926.886] next_save_time: 0
[1781491926.886] settings_updated: 0
[1781491926.886] I2S_PORT: 0
[1781491926.886] SAMPLE_HISTORY_LENGTH: 4096
[1781491926.886] silence: 0
[1781491926.886] mode_destination: -1
[1781491926.886] SYSTEM_FPS: 167.22
[1781491926.886] LED_FPS: 201.17
[1781491926.886] }}
[1781491927.087] [VP] profile=candidate fix=111011 chroma_seq=22993 chroma_flatness=0.2018 chroma_norm_max=1.0043 chroma_norm_mean=0.8116 chroma_final_max=0.5096 chroma_final_mean=0.4010 agc_gain=0.3550 bloom_alpha=0.9900 bloom_shift=1.0000 wave_idle=0.9850 wave_raw_margin=1.1000 wave_peak_floor=0.0800 wave_vu_floor=0.0200 wave_shift=120.0000 render_us=756 render_avg=726 render_max=1062
[1781491927.397] [AP] SSL=176 DC=-4698 max_raw=183 follower=1190 peak_scaled=0.711 response_gain=3.000 silent_scale=1.000 silence=0 cal_source=config cal_valid=1 cal_reason=none | bpm=89.0 conf=0.88 lock=1 phase=0.35 beat=0 bstr=0.07 | onset=0 bass=1 ostr=0.03
[1781491927.580] >>> :ap_stream=off
[1781491927.600] sbr{{
[1781491927.600] AP_STREAM: off
[1781491927.600] }}
[1781491928.101] [VP] profile=candidate fix=111011 chroma_seq=23197 chroma_flatness=0.2179 chroma_norm_max=0.9809 chroma_norm_mean=0.7630 chroma_final_max=0.6074 chroma_final_mean=0.4572 agc_gain=0.2927 bloom_alpha=0.9900 bloom_shift=1.0000 wave_idle=0.9850 wave_raw_margin=1.1000 wave_peak_floor=0.0800 wave_vu_floor=0.0200 wave_shift=120.0000 render_us=730 render_avg=699 render_max=1062
[1781491928.285] >>> :vp_stream=off
[1781491928.296] sbr{{
[1781491928.296] VP_STREAM: off
[1781491928.296] }}
[1781491928.994] >>> :ap_stream=off
[1781491928.995] sbr{{
[1781491928.995] AP_STREAM: off
[1781491928.995] }}
[1781491929.147] >>> :vp_stream=off
[1781491929.152] sbr{{
[1781491929.152] VP_STREAM: off
[1781491929.152] }}
[1781491929.301] >>> :vp_perf=stop
[1781491929.310] sbr{{
[1781491929.310] VP_PERF: disabled (compile with ENABLE_VP_PERF_AUDIT=1)
[1781491929.310] }}
[1781491929.456] >>> :stop
[1781491929.465] SBOK
