# session_pin=session target verified: 2nd bench K1 chip B489A500 env k1_bench_im73d HEAD f2257ef6 source e045533d8f89
# track=/Users/spectrasynq/Downloads/MartinGarrix-Animals.mp3
# track_sha256=174025b5ff4d326675cfb3b31b820e8448242d1b51d1a3b00e236e66373cc61a
# mode=35 expected_name=SHOCKWAVE
[1784118933.011] 0 beat=0 bstr=0.87 | onset=0 bass=0 ostr=0.00 | raw_i16_abs_peak=13 raw_i16_rms=7.4 raw_i16_near_pct=0.000 | k1_loud=1 input_trim=0.998 gdft_trim=1.000 agc_gain=0.664 agc_env=0.000 clip_pct=0.000 near_pct=0.000 peak_pin=0.000 spec_pin=0.000 spec_sat=0.000 mode=2
[1784118933.012] [AP] SSL=468 DC=3 max_raw=501 follower=468 peak_scaled=0.062 response_gain=1.000 silent_scale=1.000 silence=0 cal_source=persisted_profile cal_valid=1 cal_reason=none | bpm=127.0 conf=0.13 lock=0 phase=0.40 beat=0 bstr=0.63 | onset=0 bass=0 ostr=0.00 | raw_i16_abs_peak=13 raw_i16_rms=9.4 raw_i16_near_pct=0.000 | k1_loud=1 input_trim=0.999 gdft_trim=1.000 agc_gain=0.656 agc_env=0.000 clip_pct=0.000 near_pct=0.000 peak_pin=0.000 spec_pin=0.000 spec_sat=0.000 mode=2
[1784118933.013] [AP] SSL=468 DC=3 max_raw=687 follower=477 peak_scaled=0.705 response_gain=1.000 silent_scale=1.000 silence=0 cal_source=persisted_profile cal_valid=1 cal_reason=none | bpm=117.0 conf=0.12 lock=0 phase=0.51 beat=0 bstr=0.04 | onset=0 bass=0 ostr=0.00 | raw_i16_abs_peak=18 raw_i16_rms=10.9 raw_i16_near_pct=0.000 | k1_loud=1 input_trim=0.999 gdft_trim=1.000 agc_gain=0.587 agc_env=0.000 clip_pct=0.000 near_pct=0.000 peak_pin=0.000 spec_pin=0.000 spec_sat=0.000 mode=2
[1784118933.013] [AP] SSL=468 DC=3 max_raw=463 follower=481 peak_scaled=0.542 response_gain=1.000 silent_scale=1.000 silence=0 cal_source=persisted_profile cal_valid=1 cal_reason=none | bpm=117.0 conf=0.02 lock=0 phase=0.49 beat=0 bstr=0.02 | onset=0 bass=1 ostr=0.02 | raw_i16_abs_peak=12 raw_i16_rms=5.2 raw_i16_near_pct=0.000 | k1_loud=1 input_trim=1.000 gdft_trim=1.000 agc_gain=0.467 agc_env=0.000 clip_pct=0.000 near_pct=0.000 peak_pin=0.013 spec_pin=0.000 spec_sat=0.000 mode=2
[1784118933.014] [AP] SSL=468 DC=3 max_raw=194 follower=468 peak_scaled=0.106 response_gain=1.000 silent_scale=1.000 silence=0 cal_source=persisted_profile cal_valid=1 cal_reason=none | bpm=117.0 conf=0.00 lock=0 phase=0.42 beat=0 bstr=0.14 | onset=0 bass=1 ostr=0.02 | raw_i16_abs_peak=5 raw_i16_rms=3.0 raw_i16_near_pct=0.000 | k1_loud=1 input_trim=1.000 gdft_trim=1.000 agc_gain=0.431 agc_env=0.000 clip_pct=0.000 near_pct=0.000 peak_pin=0.002 spec_pin=0.000 spec_sat=0.000 mode=2
[1784118933.015] [AP] SSL=468 DC=3 max_raw=310 follower=515 peak_scaled=0.229 response_gain=1.000 silent_scale=1.000 silence=0 cal_source=persisted_profile cal_valid=1 cal_reason=none | bpm=117.0 conf=0.06 lock=0 phase=0.40 beat=0 bstr=0.23 | onset=0 bass=0 ostr=0.00 | raw_i16_abs_peak=8 raw_i16_rms=5.1 raw_i16_near_pct=0.000 | k1_loud=1 input_trim=1.000 gdft_trim=1.000 agc_gain=0.426 agc_env=0.000 clip_pct=0.000 near_pct=0.000 peak_pin=0.024 spec_pin=0.000 spec_sat=0.000 mode=2
[1784118933.015] [AP] SSL=468 DC=3 max_raw=348 follower=468 peak_scaled=0.028 response_gain=1.000 silent_scale=1.000 silence=0 cal_source=persisted_profile cal_valid=1 cal_reason=none | bpm=117.0 conf=0.19 lock=0 phase=0.38 beat=0 bstr=0.39 | onset=1 bass=0 ostr=0.00 | raw_i16_abs_peak=9 raw_i16_rms=5.6 raw_i16_near_pct=0.000 | k1_loud=1 input_trim=1.000 gdft_trim=1.000 agc_gain=0.438 agc_env=0.000 clip_pct=0.000 near_pct=0.000 peak_pin=0.011 spec_pin=0.000 spec_sat=0.000 mode=2
[1784118933.708] [AP] SSL=468 DC=3 max_raw=310 follower=468 peak_scaled=0.395 response_gain=1.000 silent_scale=1.000 silence=0 cal_source=persisted_profile cal_valid=1 cal_reason=none | bpm=93.0 conf=0.14 lock=0 phase=0.35 beat=0 bstr=0.03 | onset=1 bass=0 ostr=0.00 | raw_i16_abs_peak=8 raw_i16_rms=3.1 raw_i16_near_pct=0.000 | k1_loud=1 input_trim=1.000 gdft_trim=1.000 agc_gain=0.565 agc_env=0.000 clip_pct=0.000 near_pct=0.000 peak_pin=0.018 spec_pin=0.000 spec_sat=0.000 mode=2
[1784118934.714] [AP] SSL=468 DC=3 max_raw=271 follower=468 peak_scaled=0.006 response_gain=1.000 silent_scale=1.000 silence=0 cal_source=persisted_profile cal_valid=1 cal_reason=none | bpm=93.0 conf=0.10 lock=0 phase=0.93 beat=0 bstr=0.02 | onset=0 bass=1 ostr=0.03 | raw_i16_abs_peak=7 raw_i16_rms=5.2 raw_i16_near_pct=0.000 | k1_loud=1 input_trim=1.000 gdft_trim=1.000 agc_gain=0.620 agc_env=0.000 clip_pct=0.000 near_pct=0.000 peak_pin=0.008 spec_pin=0.000 spec_sat=0.000 mode=2
[1784118935.718] [AP] SSL=468 DC=3 max_raw=419 follower=468 peak_scaled=0.218 response_gain=1.000 silent_scale=1.000 silence=0 cal_source=persisted_profile cal_valid=1 cal_reason=none | bpm=93.0 conf=0.06 lock=0 phase=0.47 beat=0 bstr=0.02 | onset=0 bass=1 ostr=0.03 | raw_i16_abs_peak=11 raw_i16_rms=8.7 raw_i16_near_pct=0.000 | k1_loud=1 input_trim=1.000 gdft_trim=1.000 agc_gain=0.618 agc_env=0.000 clip_pct=0.000 near_pct=0.000 peak_pin=0.001 spec_pin=0.000 spec_sat=0.000 mode=2
[1784118936.725] [AP] SSL=468 DC=3 max_raw=188 follower=468 peak_scaled=0.005 response_gain=1.000 silent_scale=1.000 silence=0 cal_source=persisted_profile cal_valid=1 cal_reason=none | bpm=107.0 conf=0.05 lock=0 phase=0.25 beat=0 bstr=0.06 | onset=0 bass=0 ostr=0.00 | raw_i16_abs_peak=5 raw_i16_rms=3.2 raw_i16_near_pct=0.000 | k1_loud=1 input_trim=1.000 gdft_trim=1.000 agc_gain=0.600 agc_env=0.000 clip_pct=0.000 near_pct=0.000 peak_pin=0.000 spec_pin=0.000 spec_sat=0.000 mode=2
[1784118937.728] [AP] SSL=468 DC=3 max_raw=271 follower=468 peak_scaled=0.238 response_gain=1.000 silent_scale=1.000 silence=0 cal_source=persisted_profile cal_valid=1 cal_reason=none | bpm=107.0 conf=0.20 lock=0 phase=0.06 beat=0 bstr=0.06 | onset=1 bass=0 ostr=0.00 | raw_i16_abs_peak=7 raw_i16_rms=4.0 raw_i16_near_pct=0.000 | k1_loud=1 input_trim=1.000 gdft_trim=1.000 agc_gain=0.498 agc_env=0.000 clip_pct=0.000 near_pct=0.000 peak_pin=0.013 spec_pin=0.000 spec_sat=0.000 mode=2
[1784118938.044] >>> :get_mode
[1784118938.045] sbr{{
[1784118938.045] MODE: 18
[1784118938.045] }}
[1784118938.733] [AP] SSL=468 DC=3 max_raw=342 follower=468 peak_scaled=0.001 response_gain=1.000 silent_scale=1.000 silence=0 cal_source=persisted_profile cal_valid=1 cal_reason=none | bpm=64.0 conf=0.53 lock=0 phase=0.78 beat=0 bstr=0.05 | onset=0 bass=0 ostr=0.00 | raw_i16_abs_peak=9 raw_i16_rms=4.7 raw_i16_near_pct=0.000 | k1_loud=1 input_trim=1.000 gdft_trim=1.000 agc_gain=0.496 agc_env=0.000 clip_pct=0.000 near_pct=0.000 peak_pin=0.002 spec_pin=0.000 spec_sat=0.000 mode=2
[1784118938.892] >>> :build
[1784118938.901] sbr{{
[1784118938.901] BUILD: version=40103 git=f2257ef epoch=1784118604 env=k1_bench_im73d
[1784118938.901] }}
[1784118939.738] [AP] SSL=468 DC=3 max_raw=611 follower=469 peak_scaled=0.508 response_gain=1.000 silent_scale=1.000 silence=0 cal_source=persisted_profile cal_valid=1 cal_reason=none | bpm=129.0 conf=0.45 lock=0 phase=0.73 beat=0 bstr=0.25 | onset=1 bass=0 ostr=0.00 | raw_i16_abs_peak=16 raw_i16_rms=13.6 raw_i16_near_pct=0.000 | k1_loud=1 input_trim=1.000 gdft_trim=1.000 agc_gain=0.601 agc_env=0.000 clip_pct=0.000 near_pct=0.000 peak_pin=0.049 spec_pin=0.000 spec_sat=0.000 mode=2
[1784118940.115] >>> :chip_id
[1784118940.132] sbr{{
[1784118940.132] B489A500
[1784118940.132] }}
[1784118940.743] [AP] SSL=468 DC=3 max_raw=348 follower=468 peak_scaled=0.134 response_gain=1.000 silent_scale=1.000 silence=0 cal_source=persisted_profile cal_valid=1 cal_reason=none | bpm=129.0 conf=0.48 lock=0 phase=0.90 beat=0 bstr=0.31 | onset=1 bass=0 ostr=0.00 | raw_i16_abs_peak=9 raw_i16_rms=6.8 raw_i16_near_pct=0.000 | k1_loud=1 input_trim=1.000 gdft_trim=1.000 agc_gain=0.578 agc_env=0.000 clip_pct=0.000 near_pct=0.000 peak_pin=0.016 spec_pin=0.000 spec_sat=0.000 mode=2
[1784118941.331] >>> :get_mode
[1784118941.347] sbr{{
[1784118941.347] MODE: 18
[1784118941.347] }}
[1784118941.748] [AP] SSL=468 DC=3 max_raw=233 follower=468 peak_scaled=0.094 response_gain=1.000 silent_scale=1.000 silence=0 cal_source=persisted_profile cal_valid=1 cal_reason=none | bpm=73.0 conf=0.16 lock=0 phase=0.62 beat=0 bstr=0.20 | onset=1 bass=0 ostr=0.00 | raw_i16_abs_peak=6 raw_i16_rms=2.7 raw_i16_near_pct=0.000 | k1_loud=1 input_trim=1.000 gdft_trim=1.000 agc_gain=0.759 agc_env=0.000 clip_pct=0.000 near_pct=0.000 peak_pin=0.003 spec_pin=0.000 spec_sat=0.000 mode=2
[1784118942.537] >>> :set_mode=35
[1784118942.545] sbr{{
[1784118942.546] CONFIG.LIGHTSHOW_MODE: 35
[1784118942.546] }}
[1784118942.752] [AP] SSL=468 DC=3 max_raw=233 follower=468 peak_scaled=0.000 response_gain=1.000 silent_scale=1.000 silence=0 cal_source=persisted_profile cal_valid=1 cal_reason=none | bpm=73.0 conf=0.15 lock=0 phase=0.85 beat=0 bstr=0.25 | onset=0 bass=0 ostr=0.00 | raw_i16_abs_peak=6 raw_i16_rms=3.1 raw_i16_near_pct=0.000 | k1_loud=1 input_trim=1.000 gdft_trim=1.000 agc_gain=0.858 agc_env=0.000 clip_pct=0.000 near_pct=0.000 peak_pin=0.000 spec_pin=0.000 spec_sat=0.000 mode=2
[1784118945.059] >>> :get_mode
[1784118945.060] [AP] SSL=468 DC=3 max_raw=425 follower=468 peak_scaled=0.118 response_gain=1.000 silent_scale=1.000 silence=0 cal_source=persisted_profile cal_valid=1 cal_reason=none | bpm=73.0 conf=0.15 lock=0 phase=0.08 beat=0 bstr=0.17 | onset=0 bass=1 ostr=0.04 | raw_i16_abs_peak=11 raw_i16_rms=5.5 raw_i16_near_pct=0.000 | k1_loud=1 input_trim=1.000 gdft_trim=1.000 agc_gain=0.799 agc_env=0.000 clip_pct=0.000 near_pct=0.000 peak_pin=0.009 spec_pin=0.000 spec_sat=0.000 mode=2
[1784118945.061] [AP] SSL=468 DC=3 max_raw=617 follower=468 peak_scaled=0.361 response_gain=1.000 silent_scale=1.000 silence=0 cal_source=persisted_profile cal_valid=1 cal_reason=none | bpm=73.0 conf=0.16 lock=0 phase=0.29 beat=0 bstr=0.14 | onset=1 bass=0 ostr=0.00 | raw_i16_abs_peak=16 raw_i16_rms=11.0 raw_i16_near_pct=0.000 | k1_loud=1 input_trim=1.000 gdft_trim=1.000 agc_gain=0.757 agc_env=0.000 clip_pct=0.000 near_pct=0.000 peak_pin=0.001 spec_pin=0.000 spec_sat=0.000 mode=2
[1784118945.065] sbr{{
[1784118945.065] MODE: 35
[1784118945.065] }}
[1784118945.769] [AP] SSL=468 DC=3 max_raw=457 follower=468 peak_scaled=0.115 response_gain=1.000 silent_scale=1.000 silence=0 cal_source=persisted_profile cal_valid=1 cal_reason=none | bpm=73.0 conf=0.13 lock=0 phase=0.52 beat=0 bstr=0.24 | onset=0 bass=1 ostr=0.04 | raw_i16_abs_peak=12 raw_i16_rms=7.5 raw_i16_near_pct=0.000 | k1_loud=1 input_trim=1.000 gdft_trim=1.000 agc_gain=0.775 agc_env=0.000 clip_pct=0.000 near_pct=0.000 peak_pin=0.000 spec_pin=0.000 spec_sat=0.000 mode=2
[1784118946.311] >>> :get_mode_name=35
[1784118946.326] sbr{{
[1784118946.326] MODE_NAME: SHOCKWAVE
[1784118946.326] }}
[1784118946.774] [AP] SSL=468 DC=3 max_raw=386 follower=468 peak_scaled=0.447 response_gain=1.000 silent_scale=1.000 silence=0 cal_source=persisted_profile cal_valid=1 cal_reason=none | bpm=104.0 conf=0.16 lock=0 phase=0.07 beat=0 bstr=0.02 | onset=0 bass=1 ostr=0.03 | raw_i16_abs_peak=10 raw_i16_rms=6.9 raw_i16_near_pct=0.000 | k1_loud=1 input_trim=1.000 gdft_trim=1.000 agc_gain=0.713 agc_env=0.000 clip_pct=0.000 near_pct=0.000 peak_pin=0.000 spec_pin=0.000 spec_sat=0.000 mode=2
[1784118952.530] EYES_ON_START mode=35 name=SHOCKWAVE
[1784118952.533] [AP] SSL=468 DC=3 max_raw=304 follower=468 peak_scaled=0.022 response_gain=1.000 silent_scale=1.000 silence=0 cal_source=persisted_profile cal_valid=1 cal_reason=none | bpm=104.0 conf=0.21 lock=0 phase=0.80 beat=0 bstr=0.01 | onset=0 bass=0 ostr=0.00 | raw_i16_abs_peak=8 raw_i16_rms=5.1 raw_i16_near_pct=0.000 | k1_loud=1 input_trim=1.000 gdft_trim=1.000 agc_gain=0.844 agc_env=0.000 clip_pct=0.000 near_pct=0.000 peak_pin=0.000 spec_pin=0.000 spec_sat=0.000 mode=2
[1784118952.533] [AP] SSL=468 DC=3 max_raw=118 follower=468 peak_scaled=0.058 response_gain=1.000 silent_scale=1.000 silence=0 cal_source=persisted_profile cal_valid=1 cal_reason=none | bpm=104.0 conf=0.18 lock=0 phase=0.55 beat=0 bstr=0.01 | onset=0 bass=1 ostr=0.03 | raw_i16_abs_peak=3 raw_i16_rms=1.7 raw_i16_near_pct=0.000 | k1_loud=1 input_trim=1.000 gdft_trim=1.000 agc_gain=0.792 agc_env=0.000 clip_pct=0.000 near_pct=0.000 peak_pin=0.000 spec_pin=0.000 spec_sat=0.000 mode=2
[1784118952.534] [AP] SSL=468 DC=3 max_raw=112 follower=468 peak_scaled=0.023 response_gain=1.000 silent_scale=1.000 silence=0 cal_source=persisted_profile cal_valid=1 cal_reason=none | bpm=104.0 conf=0.15 lock=0 phase=0.27 beat=0 bstr=0.02 | onset=0 bass=1 ostr=0.03 | raw_i16_abs_peak=3 raw_i16_rms=1.5 raw_i16_near_pct=0.000 | k1_loud=1 input_trim=1.000 gdft_trim=1.000 agc_gain=0.946 agc_env=0.000 clip_pct=0.000 near_pct=0.000 peak_pin=0.000 spec_pin=0.000 spec_sat=0.000 mode=2
[1784118952.535] [AP] SSL=468 DC=3 max_raw=419 follower=468 peak_scaled=0.180 response_gain=1.000 silent_scale=1.000 silence=0 cal_source=persisted_profile cal_valid=1 cal_reason=none | bpm=104.0 conf=0.16 lock=0 phase=0.02 beat=0 bstr=0.04 | onset=0 bass=1 ostr=0.05 | raw_i16_abs_peak=11 raw_i16_rms=8.4 raw_i16_near_pct=0.000 | k1_loud=1 input_trim=1.000 gdft_trim=1.000 agc_gain=0.813 agc_env=0.000 clip_pct=0.000 near_pct=0.000 peak_pin=0.009 spec_pin=0.000 spec_sat=0.000 mode=2
[1784118952.536] [AP] SSL=468 DC=3 max_raw=150 follower=468 peak_scaled=0.000 response_gain=1.000 silent_scale=1.000 silence=0 cal_source=persisted_profile cal_valid=1 cal_reason=none | bpm=85.0 conf=0.16 lock=0 phase=0.52 beat=0 bstr=0.01 | onset=0 bass=1 ostr=0.04 | raw_i16_abs_peak=4 raw_i16_rms=1.8 raw_i16_near_pct=0.000 | k1_loud=1 input_trim=1.000 gdft_trim=1.000 agc_gain=0.656 agc_env=0.000 clip_pct=0.000 near_pct=0.000 peak_pin=0.001 spec_pin=0.000 spec_sat=0.000 mode=2
[1784118952.804] [AP] SSL=468 DC=3 max_raw=310 follower=468 peak_scaled=0.001 response_gain=1.000 silent_scale=1.000 silence=0 cal_source=persisted_profile cal_valid=1 cal_reason=none | bpm=104.0 conf=0.19 lock=0 phase=0.03 beat=0 bstr=0.08 | onset=0 bass=0 ostr=0.00 | raw_i16_abs_peak=8 raw_i16_rms=4.9 raw_i16_near_pct=0.000 | k1_loud=1 input_trim=1.000 gdft_trim=1.000 agc_gain=0.892 agc_env=0.000 clip_pct=0.000 near_pct=0.000 peak_pin=0.000 spec_pin=0.000 spec_sat=0.000 mode=2
[1784118953.809] [AP] SSL=468 DC=3 max_raw=342 follower=468 peak_scaled=0.173 response_gain=1.000 silent_scale=1.000 silence=0 cal_source=persisted_profile cal_valid=1 cal_reason=none | bpm=104.0 conf=0.03 lock=0 phase=0.78 beat=0 bstr=0.11 | onset=0 bass=1 ostr=0.03 | raw_i16_abs_peak=9 raw_i16_rms=3.4 raw_i16_near_pct=0.000 | k1_loud=1 input_trim=1.000 gdft_trim=1.000 agc_gain=0.856 agc_env=0.000 clip_pct=0.000 near_pct=0.000 peak_pin=0.000 spec_pin=0.000 spec_sat=0.000 mode=2
[1784118954.813] [AP] SSL=468 DC=3 max_raw=1878 follower=1349 peak_scaled=1.005 response_gain=1.000 silent_scale=1.000 silence=0 cal_source=persisted_profile cal_valid=1 cal_reason=none | bpm=104.0 conf=0.12 lock=0 phase=0.54 beat=0 bstr=0.10 | onset=1 bass=0 ostr=0.00 | raw_i16_abs_peak=49 raw_i16_rms=20.5 raw_i16_near_pct=0.000 | k1_loud=1 input_trim=1.000 gdft_trim=0.834 agc_gain=0.503 agc_env=0.000 clip_pct=0.000 near_pct=0.000 peak_pin=0.346 spec_pin=0.000 spec_sat=0.000 mode=2
[1784118955.818] [AP] SSL=468 DC=3 max_raw=4342 follower=4015 peak_scaled=1.148 response_gain=1.000 silent_scale=1.000 silence=0 cal_source=persisted_profile cal_valid=1 cal_reason=none | bpm=127.0 conf=0.17 lock=0 phase=0.42 beat=0 bstr=0.09 | onset=0 bass=1 ostr=0.05 | raw_i16_abs_peak=113 raw_i16_rms=62.0 raw_i16_near_pct=0.000 | k1_loud=1 input_trim=1.000 gdft_trim=0.697 agc_gain=0.075 agc_env=0.000 clip_pct=0.000 near_pct=0.000 peak_pin=0.601 spec_pin=0.000 spec_sat=0.000 mode=2
[1784118956.824] [AP] SSL=468 DC=3 max_raw=4150 follower=12249 peak_scaled=0.348 response_gain=1.000 silent_scale=1.000 silence=0 cal_source=persisted_profile cal_valid=1 cal_reason=none | bpm=127.0 conf=0.56 lock=0 phase=0.56 beat=0 bstr=0.31 | onset=1 bass=0 ostr=0.00 | raw_i16_abs_peak=108 raw_i16_rms=48.9 raw_i16_near_pct=0.000 | k1_loud=1 input_trim=1.000 gdft_trim=0.572 agc_gain=0.045 agc_env=0.000 clip_pct=0.000 near_pct=0.000 peak_pin=0.260 spec_pin=0.000 spec_sat=0.000 mode=2
[1784118957.830] [AP] SSL=468 DC=3 max_raw=6870 follower=16546 peak_scaled=0.498 response_gain=1.000 silent_scale=1.000 silence=0 cal_source=persisted_profile cal_valid=1 cal_reason=none | bpm=123.0 conf=0.72 lock=1 phase=0.69 beat=0 bstr=0.46 | onset=1 bass=0 ostr=0.00 | raw_i16_abs_peak=179 raw_i16_rms=106.8 raw_i16_near_pct=0.000 | k1_loud=1 input_trim=1.000 gdft_trim=0.771 agc_gain=0.071 agc_env=0.000 clip_pct=0.000 near_pct=0.000 peak_pin=0.127 spec_pin=0.000 spec_sat=0.000 mode=2
[1784118958.841] [AP] SSL=468 DC=3 max_raw=2723 follower=14479 peak_scaled=0.291 response_gain=1.000 silent_scale=1.000 silence=0 cal_source=persisted_profile cal_valid=1 cal_reason=none | bpm=127.0 conf=0.95 lock=1 phase=0.85 beat=0 bstr=0.10 | onset=0 bass=1 ostr=0.02 | raw_i16_abs_peak=71 raw_i16_rms=40.9 raw_i16_near_pct=0.000 | k1_loud=1 input_trim=1.000 gdft_trim=0.900 agc_gain=0.086 agc_env=0.000 clip_pct=0.000 near_pct=0.000 peak_pin=0.068 spec_pin=0.000 spec_sat=0.000 mode=2
[1784118959.846] [AP] SSL=468 DC=3 max_raw=5878 follower=11124 peak_scaled=0.804 response_gain=1.000 silent_scale=1.000 silence=0 cal_source=persisted_profile cal_valid=1 cal_reason=none | bpm=127.0 conf=0.95 lock=1 phase=1.00 beat=0 bstr=0.25 | onset=0 bass=1 ostr=0.24 | raw_i16_abs_peak=153 raw_i16_rms=96.9 raw_i16_near_pct=0.000 | k1_loud=1 input_trim=1.000 gdft_trim=0.972 agc_gain=0.096 agc_env=0.000 clip_pct=0.000 near_pct=0.000 peak_pin=0.076 spec_pin=0.000 spec_sat=0.000 mode=2
[1784118960.851] [AP] SSL=468 DC=3 max_raw=2224 follower=8895 peak_scaled=0.369 response_gain=1.000 silent_scale=1.000 silence=0 cal_source=persisted_profile cal_valid=1 cal_reason=none | bpm=127.0 conf=0.95 lock=1 phase=0.16 beat=0 bstr=0.55 | onset=0 bass=0 ostr=0.00 | raw_i16_abs_peak=58 raw_i16_rms=17.7 raw_i16_near_pct=0.000 | k1_loud=1 input_trim=1.000 gdft_trim=0.992 agc_gain=0.099 agc_env=0.000 clip_pct=0.000 near_pct=0.000 peak_pin=0.091 spec_pin=0.000 spec_sat=0.000 mode=2
[1784118961.857] [AP] SSL=468 DC=3 max_raw=1116 follower=9091 peak_scaled=0.208 response_gain=1.000 silent_scale=1.000 silence=0 cal_source=persisted_profile cal_valid=1 cal_reason=none | bpm=127.0 conf=0.95 lock=1 phase=0.32 beat=0 bstr=0.73 | onset=1 bass=0 ostr=0.00 | raw_i16_abs_peak=29 raw_i16_rms=12.2 raw_i16_near_pct=0.000 | k1_loud=1 input_trim=1.000 gdft_trim=0.932 agc_gain=0.093 agc_env=0.000 clip_pct=0.000 near_pct=0.000 peak_pin=0.110 spec_pin=0.000 spec_sat=0.000 mode=2
[1784118962.862] [AP] SSL=468 DC=3 max_raw=3842 follower=9034 peak_scaled=0.454 response_gain=1.000 silent_scale=1.000 silence=0 cal_source=persisted_profile cal_valid=1 cal_reason=none | bpm=127.0 conf=0.95 lock=1 phase=0.49 beat=0 bstr=0.81 | onset=1 bass=0 ostr=0.00 | raw_i16_abs_peak=100 raw_i16_rms=45.3 raw_i16_near_pct=0.000 | k1_loud=1 input_trim=1.000 gdft_trim=0.973 agc_gain=0.096 agc_env=0.000 clip_pct=0.000 near_pct=0.000 peak_pin=0.074 spec_pin=0.000 spec_sat=0.000 mode=2
[1784118963.867] [AP] SSL=468 DC=3 max_raw=1916 follower=8913 peak_scaled=0.231 response_gain=1.000 silent_scale=1.000 silence=0 cal_source=persisted_profile cal_valid=1 cal_reason=none | bpm=127.0 conf=0.95 lock=1 phase=0.72 beat=0 bstr=0.90 | onset=0 bass=0 ostr=0.00 | raw_i16_abs_peak=50 raw_i16_rms=22.3 raw_i16_near_pct=0.000 | k1_loud=1 input_trim=1.000 gdft_trim=0.964 agc_gain=0.095 agc_env=0.000 clip_pct=0.000 near_pct=0.000 peak_pin=0.076 spec_pin=0.000 spec_sat=0.000 mode=2
[1784118964.872] [AP] SSL=468 DC=3 max_raw=1999 follower=8789 peak_scaled=0.394 response_gain=1.000 silent_scale=1.000 silence=0 cal_source=persisted_profile cal_valid=1 cal_reason=none | bpm=127.0 conf=0.95 lock=1 phase=0.82 beat=0 bstr=0.97 | onset=1 bass=0 ostr=0.00 | raw_i16_abs_peak=52 raw_i16_rms=21.4 raw_i16_near_pct=0.000 | k1_loud=1 input_trim=1.000 gdft_trim=0.978 agc_gain=0.097 agc_env=0.000 clip_pct=0.000 near_pct=0.000 peak_pin=0.062 spec_pin=0.000 spec_sat=0.000 mode=2
[1784118965.878] [AP] SSL=468 DC=3 max_raw=12976 follower=9368 peak_scaled=0.969 response_gain=1.000 silent_scale=1.000 silence=0 cal_source=persisted_profile cal_valid=1 cal_reason=none | bpm=127.0 conf=0.95 lock=1 phase=0.96 beat=0 bstr=0.97 | onset=0 bass=1 ostr=0.04 | raw_i16_abs_peak=338 raw_i16_rms=108.2 raw_i16_near_pct=0.000 | k1_loud=1 input_trim=1.000 gdft_trim=0.983 agc_gain=0.097 agc_env=0.000 clip_pct=0.000 near_pct=0.000 peak_pin=0.056 spec_pin=0.000 spec_sat=0.000 mode=2
[1784118966.882] [AP] SSL=468 DC=3 max_raw=5334 follower=10246 peak_scaled=0.792 response_gain=1.000 silent_scale=1.000 silence=0 cal_source=persisted_profile cal_valid=1 cal_reason=none | bpm=127.0 conf=0.95 lock=1 phase=0.08 beat=0 bstr=0.90 | onset=0 bass=1 ostr=0.10 | raw_i16_abs_peak=139 raw_i16_rms=84.4 raw_i16_near_pct=0.000 | k1_loud=1 input_trim=1.000 gdft_trim=0.988 agc_gain=0.098 agc_env=0.000 clip_pct=0.000 near_pct=0.000 peak_pin=0.110 spec_pin=0.000 spec_sat=0.000 mode=2
[1784118967.887] [AP] SSL=468 DC=3 max_raw=4720 follower=10452 peak_scaled=0.452 response_gain=1.000 silent_scale=1.000 silence=0 cal_source=persisted_profile cal_valid=1 cal_reason=none | bpm=127.0 conf=0.95 lock=1 phase=0.22 beat=0 bstr=0.75 | onset=0 bass=0 ostr=0.00 | raw_i16_abs_peak=123 raw_i16_rms=46.5 raw_i16_near_pct=0.000 | k1_loud=1 input_trim=1.000 gdft_trim=0.980 agc_gain=0.099 agc_env=0.000 clip_pct=0.000 near_pct=0.000 peak_pin=0.108 spec_pin=0.000 spec_sat=0.000 mode=2
[1784118968.891] [AP] SSL=468 DC=3 max_raw=3068 follower=10081 peak_scaled=0.366 response_gain=1.000 silent_scale=1.000 silence=0 cal_source=persisted_profile cal_valid=1 cal_reason=none | bpm=127.0 conf=0.89 lock=0 phase=0.46 beat=0 bstr=0.73 | onset=1 bass=0 ostr=0.00 | raw_i16_abs_peak=80 raw_i16_rms=30.3 raw_i16_near_pct=0.000 | k1_loud=1 input_trim=1.000 gdft_trim=0.920 agc_gain=0.094 agc_env=0.000 clip_pct=0.000 near_pct=0.000 peak_pin=0.125 spec_pin=0.000 spec_sat=0.000 mode=2
[1784118969.897] [AP] SSL=468 DC=3 max_raw=4566 follower=7682 peak_scaled=0.721 response_gain=1.000 silent_scale=1.000 silence=0 cal_source=persisted_profile cal_valid=1 cal_reason=none | bpm=127.0 conf=0.86 lock=0 phase=0.60 beat=0 bstr=0.74 | onset=0 bass=1 ostr=0.02 | raw_i16_abs_peak=119 raw_i16_rms=57.5 raw_i16_near_pct=0.000 | k1_loud=1 input_trim=1.000 gdft_trim=0.976 agc_gain=0.096 agc_env=0.000 clip_pct=0.000 near_pct=0.000 peak_pin=0.031 spec_pin=0.000 spec_sat=0.000 mode=2
[1784118970.902] [AP] SSL=468 DC=3 max_raw=5609 follower=8501 peak_scaled=0.761 response_gain=1.000 silent_scale=1.000 silence=0 cal_source=persisted_profile cal_valid=1 cal_reason=none | bpm=127.0 conf=0.86 lock=0 phase=0.74 beat=0 bstr=0.60 | onset=0 bass=0 ostr=0.00 | raw_i16_abs_peak=146 raw_i16_rms=65.8 raw_i16_near_pct=0.000 | k1_loud=1 input_trim=1.000 gdft_trim=0.884 agc_gain=0.089 agc_env=0.000 clip_pct=0.000 near_pct=0.000 peak_pin=0.185 spec_pin=0.000 spec_sat=0.000 mode=2
[1784118971.907] [AP] SSL=468 DC=3 max_raw=16431 follower=24275 peak_scaled=0.709 response_gain=1.000 silent_scale=1.000 silence=0 cal_source=persisted_profile cal_valid=1 cal_reason=none | bpm=127.0 conf=0.95 lock=1 phase=0.92 beat=0 bstr=0.61 | onset=0 bass=1 ostr=0.01 | raw_i16_abs_peak=472 raw_i16_rms=287.7 raw_i16_near_pct=0.000 | k1_loud=1 input_trim=0.907 gdft_trim=0.796 agc_gain=0.075 agc_env=0.000 clip_pct=0.000 near_pct=0.003 peak_pin=0.191 spec_pin=0.000 spec_sat=0.000 mode=2
[1784118972.912] [AP] SSL=468 DC=3 max_raw=18033 follower=22286 peak_scaled=0.754 response_gain=1.000 silent_scale=1.000 silence=0 cal_source=persisted_profile cal_valid=1 cal_reason=none | bpm=127.0 conf=0.95 lock=1 phase=0.12 beat=0 bstr=0.52 | onset=0 bass=1 ostr=0.01 | raw_i16_abs_peak=560 raw_i16_rms=304.0 raw_i16_near_pct=0.000 | k1_loud=1 input_trim=0.838 gdft_trim=0.849 agc_gain=0.080 agc_env=0.000 clip_pct=0.000 near_pct=0.003 peak_pin=0.104 spec_pin=0.000 spec_sat=0.000 mode=2
[1784118973.918] [AP] SSL=468 DC=3 max_raw=21263 follower=27189 peak_scaled=0.989 response_gain=1.000 silent_scale=1.000 silence=0 cal_source=persisted_profile cal_valid=1 cal_reason=none | bpm=127.0 conf=0.95 lock=1 phase=0.22 beat=0 bstr=0.38 | onset=0 bass=1 ostr=0.01 | raw_i16_abs_peak=733 raw_i16_rms=499.1 raw_i16_near_pct=0.000 | k1_loud=1 input_trim=0.756 gdft_trim=0.863 agc_gain=0.083 agc_env=0.000 clip_pct=0.001 near_pct=0.009 peak_pin=0.167 spec_pin=0.000 spec_sat=0.000 mode=2
[1784118974.923] [AP] SSL=468 DC=3 max_raw=3990 follower=25784 peak_scaled=0.422 response_gain=1.000 silent_scale=1.000 silence=0 cal_source=persisted_profile cal_valid=1 cal_reason=none | bpm=127.0 conf=0.95 lock=1 phase=0.31 beat=0 bstr=0.36 | onset=0 bass=0 ostr=0.00 | raw_i16_abs_peak=137 raw_i16_rms=68.9 raw_i16_near_pct=0.000 | k1_loud=1 input_trim=0.758 gdft_trim=0.888 agc_gain=0.087 agc_env=0.000 clip_pct=0.001 near_pct=0.007 peak_pin=0.152 spec_pin=0.000 spec_sat=0.000 mode=2
[1784118975.928] [AP] SSL=468 DC=3 max_raw=9324 follower=24152 peak_scaled=0.390 response_gain=1.000 silent_scale=1.000 silence=0 cal_source=persisted_profile cal_valid=1 cal_reason=none | bpm=127.0 conf=0.94 lock=1 phase=0.47 beat=0 bstr=0.39 | onset=0 bass=0 ostr=0.00 | raw_i16_abs_peak=294 raw_i16_rms=163.3 raw_i16_near_pct=0.000 | k1_loud=1 input_trim=0.826 gdft_trim=0.878 agc_gain=0.087 agc_env=0.000 clip_pct=0.000 near_pct=0.002 peak_pin=0.169 spec_pin=0.000 spec_sat=0.000 mode=2
[1784118976.933] [AP] SSL=468 DC=3 max_raw=13203 follower=24578 peak_scaled=0.500 response_gain=1.000 silent_scale=1.000 silence=0 cal_source=persisted_profile cal_valid=1 cal_reason=none | bpm=127.0 conf=0.87 lock=1 phase=0.67 beat=0 bstr=0.41 | onset=1 bass=0 ostr=0.00 | raw_i16_abs_peak=422 raw_i16_rms=190.7 raw_i16_near_pct=0.000 | k1_loud=1 input_trim=0.815 gdft_trim=0.858 agc_gain=0.084 agc_env=0.000 clip_pct=0.002 near_pct=0.005 peak_pin=0.161 spec_pin=0.000 spec_sat=0.000 mode=2
[1784118977.938] [AP] SSL=468 DC=3 max_raw=13247 follower=24094 peak_scaled=0.611 response_gain=1.000 silent_scale=1.000 silence=0 cal_source=persisted_profile cal_valid=1 cal_reason=none | bpm=127.0 conf=0.84 lock=1 phase=0.71 beat=0 bstr=0.48 | onset=1 bass=0 ostr=0.00 | raw_i16_abs_peak=438 raw_i16_rms=247.8 raw_i16_near_pct=0.000 | k1_loud=1 input_trim=0.788 gdft_trim=0.871 agc_gain=0.084 agc_env=0.000 clip_pct=0.001 near_pct=0.005 peak_pin=0.106 spec_pin=0.000 spec_sat=0.000 mode=2
[1784118978.942] [AP] SSL=468 DC=3 max_raw=13408 follower=23080 peak_scaled=0.559 response_gain=1.000 silent_scale=1.000 silence=0 cal_source=persisted_profile cal_valid=1 cal_reason=none | bpm=127.0 conf=0.80 lock=1 phase=0.98 beat=0 bstr=0.61 | onset=0 bass=1 ostr=0.01 | raw_i16_abs_peak=441 raw_i16_rms=234.6 raw_i16_near_pct=0.000 | k1_loud=1 input_trim=0.792 gdft_trim=0.899 agc_gain=0.087 agc_env=0.000 clip_pct=0.001 near_pct=0.004 peak_pin=0.091 spec_pin=0.000 spec_sat=0.000 mode=2
[1784118979.948] [AP] SSL=468 DC=3 max_raw=24234 follower=22757 peak_scaled=0.943 response_gain=1.000 silent_scale=1.000 silence=0 cal_source=persisted_profile cal_valid=1 cal_reason=none | bpm=127.0 conf=0.76 lock=1 phase=0.18 beat=0 bstr=0.70 | onset=1 bass=0 ostr=0.00 | raw_i16_abs_peak=755 raw_i16_rms=279.2 raw_i16_near_pct=0.000 | k1_loud=1 input_trim=0.836 gdft_trim=0.869 agc_gain=0.084 agc_env=0.000 clip_pct=0.000 near_pct=0.002 peak_pin=0.110 spec_pin=0.000 spec_sat=0.000 mode=2
[1784118980.953] [AP] SSL=468 DC=3 max_raw=20950 follower=26663 peak_scaled=0.916 response_gain=1.000 silent_scale=1.000 silence=0 cal_source=persisted_profile cal_valid=1 cal_reason=none | bpm=127.0 conf=0.73 lock=1 phase=0.28 beat=0 bstr=0.75 | onset=0 bass=1 ostr=0.01 | raw_i16_abs_peak=690 raw_i16_rms=483.1 raw_i16_near_pct=0.000 | k1_loud=1 input_trim=0.791 gdft_trim=0.856 agc_gain=0.083 agc_env=0.000 clip_pct=0.000 near_pct=0.007 peak_pin=0.239 spec_pin=0.000 spec_sat=0.000 mode=2
[1784118981.959] [AP] SSL=468 DC=3 max_raw=11162 follower=25186 peak_scaled=0.483 response_gain=1.000 silent_scale=1.000 silence=0 cal_source=persisted_profile cal_valid=1 cal_reason=none | bpm=127.0 conf=0.72 lock=1 phase=0.36 beat=0 bstr=0.75 | onset=0 bass=0 ostr=0.00 | raw_i16_abs_peak=369 raw_i16_rms=164.1 raw_i16_near_pct=0.000 | k1_loud=1 input_trim=0.788 gdft_trim=0.862 agc_gain=0.083 agc_env=0.000 clip_pct=0.001 near_pct=0.007 peak_pin=0.166 spec_pin=0.000 spec_sat=0.000 mode=2
[1784118982.543] >>> :get_mode
[1784118982.545] sbr{{
[1784118982.545] MODE: 35
[1784118982.545] }}
[1784118982.963] [AP] SSL=468 DC=3 max_raw=259 follower=19797 peak_scaled=0.010 response_gain=1.000 silent_scale=1.000 silence=0 cal_source=persisted_profile cal_valid=1 cal_reason=none | bpm=127.0 conf=0.71 lock=1 phase=0.53 beat=0 bstr=0.76 | onset=0 bass=0 ostr=0.00 | raw_i16_abs_peak=8 raw_i16_rms=5.1 raw_i16_near_pct=0.000 | k1_loud=1 input_trim=0.835 gdft_trim=0.914 agc_gain=0.088 agc_env=0.000 clip_pct=0.001 near_pct=0.003 peak_pin=0.062 spec_pin=0.000 spec_sat=0.000 mode=2
[1784118983.767] >>> :set_mode=18
[1784118983.775] sbr{{
[1784118983.775] CONFIG.LIGHTSHOW_MODE: 18
[1784118983.775] }}
[1784118983.968] [AP] SSL=468 DC=3 max_raw=142 follower=10122 peak_scaled=0.009 response_gain=1.000 silent_scale=1.000 silence=0 cal_source=persisted_profile cal_valid=1 cal_reason=none | bpm=127.0 conf=0.71 lock=1 phase=0.52 beat=0 bstr=0.74 | onset=0 bass=0 ostr=0.00 | raw_i16_abs_peak=4 raw_i16_rms=1.9 raw_i16_near_pct=0.000 | k1_loud=1 input_trim=0.906 gdft_trim=0.976 agc_gain=0.096 agc_env=0.000 clip_pct=0.000 near_pct=0.000 peak_pin=0.010 spec_pin=0.000 spec_sat=0.000 mode=2
[1784118986.821] >>> :get_mode
[1784118986.822] [AP] SSL=468 DC=3 max_raw=620 follower=5175 peak_scaled=0.020 response_gain=1.000 silent_scale=1.000 silence=0 cal_source=persisted_profile cal_valid=1 cal_reason=none | bpm=127.0 conf=0.70 lock=1 phase=0.53 beat=0 bstr=0.75 | onset=0 bass=0 ostr=0.00 | raw_i16_abs_peak=17 raw_i16_rms=13.8 raw_i16_near_pct=0.000 | k1_loud=1 input_trim=0.946 gdft_trim=0.993 agc_gain=0.472 agc_env=0.000 clip_pct=0.000 near_pct=0.000 peak_pin=0.002 spec_pin=0.000 spec_sat=0.000 mode=2
[1784118986.823] [AP] SSL=468 DC=3 max_raw=220 follower=2654 peak_scaled=0.000 response_gain=1.000 silent_scale=1.000 silence=0 cal_source=persisted_profile cal_valid=1 cal_reason=none | bpm=127.0 conf=0.61 lock=0 phase=0.57 beat=0 bstr=0.82 | onset=0 bass=0 ostr=0.00 | raw_i16_abs_peak=6 raw_i16_rms=4.1 raw_i16_near_pct=0.000 | k1_loud=1 input_trim=0.969 gdft_trim=0.998 agc_gain=0.714 agc_env=0.000 clip_pct=0.000 near_pct=0.000 peak_pin=0.000 spec_pin=0.000 spec_sat=0.000 mode=2
[1784118986.835] sbr{{
[1784118986.835] MODE: 18
[1784118986.835] }}
[1784118986.982] [AP] SSL=468 DC=3 max_raw=380 follower=1361 peak_scaled=0.010 response_gain=1.000 silent_scale=1.000 silence=0 cal_source=persisted_profile cal_valid=1 cal_reason=none | bpm=127.0 conf=0.46 lock=0 phase=0.67 beat=0 bstr=0.87 | onset=1 bass=0 ostr=0.00 | raw_i16_abs_peak=10 raw_i16_rms=4.1 raw_i16_near_pct=0.000 | k1_loud=1 input_trim=0.982 gdft_trim=0.999 agc_gain=0.761 agc_env=0.000 clip_pct=0.000 near_pct=0.000 peak_pin=0.000 spec_pin=0.000 spec_sat=0.000 mode=2
[1784118987.988] [AP] SSL=468 DC=3 max_raw=187 follower=705 peak_scaled=0.091 response_gain=1.000 silent_scale=1.000 silence=0 cal_source=persisted_profile cal_valid=1 cal_reason=none | bpm=127.0 conf=0.28 lock=0 phase=0.81 beat=0 bstr=0.75 | onset=0 bass=1 ostr=0.04 | raw_i16_abs_peak=5 raw_i16_rms=2.0 raw_i16_near_pct=0.000 | k1_loud=1 input_trim=0.990 gdft_trim=1.000 agc_gain=0.755 agc_env=0.000 clip_pct=0.000 near_pct=0.000 peak_pin=0.000 spec_pin=0.000 spec_sat=0.000 mode=2
