# capture_start=2026-06-15T17:28:59+0800
# port=/dev/cu.usbmodem12401 baud=115200 duration_ms=120000
# track=/Users/spectrasynq/SensoryBridge-main 9/build/k1-real-music-rendered/20260615T-bench-targeted-subset-k1-real-music-corpus/martingarrix-animals-128bpm/martingarrix-animals-128bpm.chorus-body-120s.steady_phase.all_musical.k1-real-music.48k-mono-s16.wav
# track_sha256=875db49955d8cb8d53f2757738433365bdf633ab4fa8ed063dad5d4eaa10aaad
# player=ffplay start_ms=0 playback_gain_db=0.0
# non_actions=no calibration,no tempo tuning,no production DSP change
# serial_identity={"description": "USB JTAG/serial debug unit", "device": "/dev/cu.usbmodem12401", "hwid": "USB VID:PID=303A:1001 SER=B4:3A:45:A5:89:B4 LOCATION=0-1.2.4", "location": "0-1.2.4", "manufacturer": "Espressif", "pid": 4097, "product": "USB JTAG/serial debug unit", "serial_number": "B4:3A:45:A5:89:B4", "vid": 12346}
SBOK
sbr{{
VERSION: 40103
}}
sbr{{
APCAD_ABORT: stopped
}}
sbr{{
APCAD_CAPTURE: active=off count=0 capacity=2304 dropped=0 start_ms=0 end_ms=0 alloc=none
}}
sbr{{
AP_FRONTEND_DEBUG: off
}}
sbr{{
TEMPO_STREAM: off
}}
sbr{{
AP_STREAM: off
}}
sbr{{
APCAD_SOAK: armed 120000 ms compact=1
}}
# playback_cmd=ffplay -nodisp -autoexit -loglevel error -ss 0.000 -t 120.000 -i /Users/spectrasynq/SensoryBridge-main 9/build/k1-real-music-rendered/20260615T-bench-targeted-subset-k1-real-music-corpus/martingarrix-animals-128bpm/martingarrix-animals-128bpm.chorus-body-120s.steady_phase.all_musical.k1-real-music.48k-mono-s16.wav
APCAD_SOAK_DONE,ver=1,active=0,rows=12534,emitted=4178,start_ms=548075,end_ms=668075,sample_rate=16000,samples_per_chunk=120,tempo_decim=3,meas_ap_hz=104.446,meas_nov_hz=34.815,i2s_not_ok=0,bytes_mismatch=0,frame_gap=0,timestamp_regression=0,core_bad=12534,active_over_7500=10530,emitted_active_over_7500=4123,active_p95_us=10368,active_max_us=11571,worst_count=16
APCAD_SOAK_WORST,ver=1,rank=0,frame=59949,t=577197,active_us=11149,total_us=11186,i2s_us=37,gdft_us=7534,novelty_us=23,tempo_acf_us=116,tempo_update_us=864,tempo_emit_us=1115,emitted=1,acf_spread=1,acf_lag_cursor=32,acf_pub=425,win_bpm=81.00000,top1_bpm=81.00000
APCAD_SOAK_WORST,ver=1,rank=1,frame=66621,t=641111,active_us=11090,total_us=11122,i2s_us=32,gdft_us=7499,novelty_us=16,tempo_acf_us=103,tempo_update_us=880,tempo_emit_us=1111,emitted=1,acf_spread=1,acf_lag_cursor=92,acf_pub=472,win_bpm=81.00000,top1_bpm=81.00000
APCAD_SOAK_WORST,ver=1,rank=2,frame=63216,t=608492,active_us=11120,total_us=11152,i2s_us=32,gdft_us=7477,novelty_us=24,tempo_acf_us=536,tempo_update_us=480,tempo_emit_us=1149,emitted=1,acf_spread=1,acf_lag_cursor=64,acf_pub=448,win_bpm=81.00000,top1_bpm=82.00000
APCAD_SOAK_WORST,ver=1,rank=3,frame=67131,t=646006,active_us=11307,total_us=11337,i2s_us=30,gdft_us=6952,novelty_us=39,tempo_acf_us=1169,tempo_update_us=264,tempo_emit_us=1586,emitted=1,acf_spread=1,acf_lag_cursor=20,acf_pub=476,win_bpm=81.00000,top1_bpm=81.00000
APCAD_SOAK_WORST,ver=1,rank=4,frame=57534,t=554104,active_us=11064,total_us=11096,i2s_us=32,gdft_us=7484,novelty_us=22,tempo_acf_us=121,tempo_update_us=848,tempo_emit_us=1112,emitted=1,acf_spread=1,acf_lag_cursor=8,acf_pub=408,win_bpm=116.00000,top1_bpm=116.00000
APCAD_SOAK_WORST,ver=1,rank=5,frame=59940,t=577109,active_us=11080,total_us=11110,i2s_us=30,gdft_us=7447,novelty_us=21,tempo_acf_us=539,tempo_update_us=490,tempo_emit_us=1161,emitted=1,acf_spread=1,acf_lag_cursor=20,acf_pub=425,win_bpm=81.00000,top1_bpm=81.00000
APCAD_SOAK_WORST,ver=1,rank=6,frame=68256,t=656767,active_us=11557,total_us=11589,i2s_us=32,gdft_us=6688,novelty_us=30,tempo_acf_us=214,tempo_update_us=522,tempo_emit_us=940,emitted=1,acf_spread=1,acf_lag_cursor=16,acf_pub=484,win_bpm=81.00000,top1_bpm=82.00000
APCAD_SOAK_WORST,ver=1,rank=7,frame=66555,t=640469,active_us=11155,total_us=11187,i2s_us=32,gdft_us=7468,novelty_us=29,tempo_acf_us=567,tempo_update_us=487,tempo_emit_us=1194,emitted=1,acf_spread=1,acf_lag_cursor=4,acf_pub=472,win_bpm=81.00000,top1_bpm=81.00000
APCAD_SOAK_WORST,ver=1,rank=8,frame=59928,t=576992,active_us=11571,total_us=11603,i2s_us=32,gdft_us=6636,novelty_us=32,tempo_acf_us=303,tempo_update_us=525,tempo_emit_us=1018,emitted=1,acf_spread=1,acf_lag_cursor=4,acf_pub=425,win_bpm=81.00000,top1_bpm=81.00000
APCAD_SOAK_WORST,ver=1,rank=9,frame=64998,t=625594,active_us=11431,total_us=11461,i2s_us=30,gdft_us=6721,novelty_us=31,tempo_acf_us=56,tempo_update_us=515,tempo_emit_us=768,emitted=1,acf_spread=0,acf_lag_cursor=181,acf_pub=460,win_bpm=73.00000,top1_bpm=73.00000
APCAD_SOAK_WORST,ver=1,rank=10,frame=61527,t=592292,active_us=11330,total_us=11369,i2s_us=39,gdft_us=6995,novelty_us=28,tempo_acf_us=1132,tempo_update_us=270,tempo_emit_us=1559,emitted=1,acf_spread=1,acf_lag_cursor=68,acf_pub=436,win_bpm=81.00000,top1_bpm=81.00000
APCAD_SOAK_WORST,ver=1,rank=11,frame=64440,t=620239,active_us=11172,total_us=11204,i2s_us=32,gdft_us=7543,novelty_us=24,tempo_acf_us=164,tempo_update_us=843,tempo_emit_us=1137,emitted=1,acf_spread=1,acf_lag_cursor=4,acf_pub=457,win_bpm=81.00000,top1_bpm=81.00000
APCAD_SOAK_WORST,ver=1,rank=12,frame=67569,t=650197,active_us=11511,total_us=11542,i2s_us=31,gdft_us=6688,novelty_us=31,tempo_acf_us=206,tempo_update_us=486,tempo_emit_us=901,emitted=1,acf_spread=1,acf_lag_cursor=40,acf_pub=479,win_bpm=81.00000,top1_bpm=82.00000
APCAD_SOAK_WORST,ver=1,rank=13,frame=63366,t=609946,active_us=11086,total_us=11124,i2s_us=38,gdft_us=7504,novelty_us=17,tempo_acf_us=525,tempo_update_us=488,tempo_emit_us=1140,emitted=1,acf_spread=1,acf_lag_cursor=76,acf_pub=449,win_bpm=81.00000,top1_bpm=82.00000
APCAD_SOAK_WORST,ver=1,rank=14,frame=57759,t=556270,active_us=11074,total_us=11106,i2s_us=32,gdft_us=7459,novelty_us=17,tempo_acf_us=97,tempo_update_us=914,tempo_emit_us=1137,emitted=1,acf_spread=1,acf_lag_cursor=120,acf_pub=409,win_bpm=116.00000,top1_bpm=115.00000
APCAD_SOAK_WORST,ver=1,rank=15,frame=61674,t=593703,active_us=11428,total_us=11467,i2s_us=39,gdft_us=7173,novelty_us=32,tempo_acf_us=107,tempo_update_us=278,tempo_emit_us=1505,emitted=1,acf_spread=1,acf_lag_cursor=76,acf_pub=437,win_bpm=81.00000,top1_bpm=81.00000
# apcad_soak_status_done=True
sbr{{
APCAD_ABORT: stopped
}}
SBOK
