# capture_start=2026-06-15T17:26:47+0800
# port=/dev/cu.usbmodem12401 baud=115200 duration_ms=120000
# track=/Users/spectrasynq/SensoryBridge-main 9/build/k1-real-music-rendered/20260615T-bench-targeted-subset-k1-real-music-corpus/deadmau5-ghosts-n-stuff-129bpm/deadmau5-ghosts-n-stuff-129bpm.early-verse-120s.steady_phase.all_musical.k1-real-music.48k-mono-s16.wav
# track_sha256=81bc558be4322bae849604db71881e798ed6f0212fdf9d116f890573edd643b6
# player=ffplay start_ms=0 playback_gain_db=0.0
# non_actions=no calibration,no tempo tuning,no production DSP change
# serial_identity={"description": "USB JTAG/serial debug unit", "device": "/dev/cu.usbmodem12401", "hwid": "USB VID:PID=303A:1001 SER=B4:3A:45:A5:89:B4 LOCATION=0-1.2.4", "location": "0-1.2.4", "manufacturer": "Espressif", "pid": 4097, "product": "USB JTAG/serial debug unit", "serial_number": "B4:3A:45:A5:89:B4", "vid": 12346}
SBOK
sbr{{
VERSION: 40103
}}
sbr{{
APCAD_ABORT: stopped
}}
sbr{{
APCAD_CAPTURE: active=off count=0 capacity=2304 dropped=0 start_ms=0 end_ms=0 alloc=none
}}
sbr{{
AP_FRONTEND_DEBUG: off
}}
sbr{{
TEMPO_STREAM: off
}}
sbr{{
AP_STREAM: off
}}
sbr{{
APCAD_SOAK: armed 120000 ms compact=1
}}
# playback_cmd=ffplay -nodisp -autoexit -loglevel error -ss 0.000 -t 120.000 -i /Users/spectrasynq/SensoryBridge-main 9/build/k1-real-music-rendered/20260615T-bench-targeted-subset-k1-real-music-corpus/deadmau5-ghosts-n-stuff-129bpm/deadmau5-ghosts-n-stuff-129bpm.early-verse-120s.steady_phase.all_musical.k1-real-music.48k-mono-s16.wav
APCAD_SOAK_DONE,ver=1,active=0,rows=12471,emitted=4157,start_ms=415782,end_ms=535782,sample_rate=16000,samples_per_chunk=120,tempo_decim=3,meas_ap_hz=103.924,meas_nov_hz=34.641,i2s_not_ok=0,bytes_mismatch=0,frame_gap=0,timestamp_regression=0,core_bad=12471,active_over_7500=10497,emitted_active_over_7500=4117,active_p95_us=10624,active_max_us=11573,worst_count=16
APCAD_SOAK_WORST,ver=1,rank=0,frame=44712,t=430863,active_us=11547,total_us=11578,i2s_us=31,gdft_us=6692,novelty_us=29,tempo_acf_us=206,tempo_update_us=511,tempo_emit_us=909,emitted=1,acf_spread=1,acf_lag_cursor=20,acf_pub=317,win_bpm=83.00000,top1_bpm=82.00000
APCAD_SOAK_WORST,ver=1,rank=1,frame=46272,t=445872,active_us=11525,total_us=11557,i2s_us=32,gdft_us=6674,novelty_us=30,tempo_acf_us=213,tempo_update_us=523,tempo_emit_us=939,emitted=1,acf_spread=1,acf_lag_cursor=32,acf_pub=328,win_bpm=83.00000,top1_bpm=83.00000
APCAD_SOAK_WORST,ver=1,rank=2,frame=51084,t=492235,active_us=11573,total_us=11611,i2s_us=38,gdft_us=6722,novelty_us=29,tempo_acf_us=188,tempo_update_us=524,tempo_emit_us=917,emitted=1,acf_spread=1,acf_lag_cursor=56,acf_pub=362,win_bpm=83.00000,top1_bpm=83.00000
APCAD_SOAK_WORST,ver=1,rank=3,frame=47592,t=458596,active_us=11511,total_us=11543,i2s_us=32,gdft_us=6676,novelty_us=30,tempo_acf_us=178,tempo_update_us=487,tempo_emit_us=881,emitted=1,acf_spread=1,acf_lag_cursor=100,acf_pub=337,win_bpm=83.00000,top1_bpm=82.00000
APCAD_SOAK_WORST,ver=1,rank=4,frame=45735,t=440716,active_us=11568,total_us=11598,i2s_us=30,gdft_us=6718,novelty_us=33,tempo_acf_us=197,tempo_update_us=546,tempo_emit_us=928,emitted=1,acf_spread=1,acf_lag_cursor=68,acf_pub=324,win_bpm=83.00000,top1_bpm=82.00000
APCAD_SOAK_WORST,ver=1,rank=5,frame=50493,t=486543,active_us=11533,total_us=11564,i2s_us=31,gdft_us=6713,novelty_us=30,tempo_acf_us=206,tempo_update_us=517,tempo_emit_us=937,emitted=1,acf_spread=1,acf_lag_cursor=20,acf_pub=358,win_bpm=83.00000,top1_bpm=83.00000
APCAD_SOAK_WORST,ver=1,rank=6,frame=51357,t=494869,active_us=11507,total_us=11536,i2s_us=29,gdft_us=6676,novelty_us=29,tempo_acf_us=201,tempo_update_us=519,tempo_emit_us=919,emitted=1,acf_spread=1,acf_lag_cursor=44,acf_pub=364,win_bpm=83.00000,top1_bpm=83.00000
APCAD_SOAK_WORST,ver=1,rank=7,frame=48969,t=471886,active_us=11554,total_us=11586,i2s_us=32,gdft_us=6649,novelty_us=28,tempo_acf_us=203,tempo_update_us=522,tempo_emit_us=930,emitted=1,acf_spread=1,acf_lag_cursor=56,acf_pub=347,win_bpm=83.00000,top1_bpm=83.00000
APCAD_SOAK_WORST,ver=1,rank=8,frame=50310,t=484774,active_us=11526,total_us=11557,i2s_us=31,gdft_us=6677,novelty_us=35,tempo_acf_us=162,tempo_update_us=441,tempo_emit_us=892,emitted=1,acf_spread=1,acf_lag_cursor=152,acf_pub=356,win_bpm=83.00000,top1_bpm=83.00000
APCAD_SOAK_WORST,ver=1,rank=9,frame=46806,t=451000,active_us=11508,total_us=11546,i2s_us=38,gdft_us=6709,novelty_us=32,tempo_acf_us=151,tempo_update_us=509,tempo_emit_us=847,emitted=1,acf_spread=1,acf_lag_cursor=180,acf_pub=331,win_bpm=83.00000,top1_bpm=83.00000
APCAD_SOAK_WORST,ver=1,rank=10,frame=48033,t=462849,active_us=11521,total_us=11559,i2s_us=38,gdft_us=6731,novelty_us=29,tempo_acf_us=172,tempo_update_us=513,tempo_emit_us=869,emitted=1,acf_spread=1,acf_lag_cursor=124,acf_pub=340,win_bpm=90.00000,top1_bpm=90.00000
APCAD_SOAK_WORST,ver=1,rank=11,frame=49302,t=475066,active_us=11530,total_us=11559,i2s_us=29,gdft_us=6723,novelty_us=29,tempo_acf_us=172,tempo_update_us=517,tempo_emit_us=880,emitted=1,acf_spread=1,acf_lag_cursor=124,acf_pub=349,win_bpm=83.00000,top1_bpm=83.00000
APCAD_SOAK_WORST,ver=1,rank=12,frame=45369,t=437178,active_us=11563,total_us=11595,i2s_us=32,gdft_us=6768,novelty_us=31,tempo_acf_us=167,tempo_update_us=490,tempo_emit_us=861,emitted=1,acf_spread=1,acf_lag_cursor=144,acf_pub=321,win_bpm=83.00000,top1_bpm=83.00000
APCAD_SOAK_WORST,ver=1,rank=13,frame=43209,t=416432,active_us=11569,total_us=11599,i2s_us=30,gdft_us=6708,novelty_us=30,tempo_acf_us=181,tempo_update_us=527,tempo_emit_us=913,emitted=1,acf_spread=1,acf_lag_cursor=84,acf_pub=306,win_bpm=103.00000,top1_bpm=103.00000
APCAD_SOAK_WORST,ver=1,rank=14,frame=50484,t=486455,active_us=11527,total_us=11559,i2s_us=32,gdft_us=6681,novelty_us=30,tempo_acf_us=228,tempo_update_us=498,tempo_emit_us=926,emitted=1,acf_spread=1,acf_lag_cursor=8,acf_pub=358,win_bpm=83.00000,top1_bpm=83.00000
APCAD_SOAK_WORST,ver=1,rank=15,frame=45282,t=436332,active_us=11522,total_us=11551,i2s_us=29,gdft_us=6706,novelty_us=30,tempo_acf_us=205,tempo_update_us=513,tempo_emit_us=917,emitted=1,acf_spread=1,acf_lag_cursor=28,acf_pub=321,win_bpm=83.00000,top1_bpm=83.00000
# apcad_soak_status_done=True
sbr{{
APCAD_ABORT: stopped
}}
SBOK
