# capture_start=2026-06-15T17:20:10+0800
# port=/dev/cu.usbmodem12401 baud=115200 duration_ms=120000
# track=/Users/spectrasynq/SensoryBridge-main 9/build/k1-real-music-rendered/20260615T-bench-targeted-subset-k1-real-music-corpus/ziggyx-summer-rave-155bpm/ziggyx-summer-rave-155bpm.steady-drums-120s.steady_phase.all_musical.k1-real-music.48k-mono-s16.wav
# track_sha256=30924e12d5423e2d22522052f191513ff2b2590564164f799b6009b2de8c12a7
# player=ffplay start_ms=0 playback_gain_db=0.0
# non_actions=no calibration,no tempo tuning,no production DSP change
# serial_identity={"description": "USB JTAG/serial debug unit", "device": "/dev/cu.usbmodem12401", "hwid": "USB VID:PID=303A:1001 SER=B4:3A:45:A5:89:B4 LOCATION=0-1.2.4", "location": "0-1.2.4", "manufacturer": "Espressif", "pid": 4097, "product": "USB JTAG/serial debug unit", "serial_number": "B4:3A:45:A5:89:B4", "vid": 12346}
SBOK
sbr{{
VERSION: 40103
}}
sbr{{
APCAD_ABORT: stopped
}}
sbr{{
APCAD_CAPTURE: active=off count=0 capacity=2304 dropped=0 start_ms=0 end_ms=0 alloc=none
}}
sbr{{
AP_FRONTEND_DEBUG: off
}}
sbr{{
TEMPO_STREAM: off
}}
sbr{{
AP_STREAM: off
}}
sbr{{
APCAD_SOAK: armed 120000 ms compact=1
}}
# playback_cmd=ffplay -nodisp -autoexit -loglevel error -ss 0.000 -t 120.000 -i /Users/spectrasynq/SensoryBridge-main 9/build/k1-real-music-rendered/20260615T-bench-targeted-subset-k1-real-music-corpus/ziggyx-summer-rave-155bpm/ziggyx-summer-rave-155bpm.steady-drums-120s.steady_phase.all_musical.k1-real-music.48k-mono-s16.wav
APCAD_SOAK_DONE,ver=1,active=0,rows=12504,emitted=4168,start_ms=18886,end_ms=138886,sample_rate=16000,samples_per_chunk=120,tempo_decim=3,meas_ap_hz=104.193,meas_nov_hz=34.731,i2s_not_ok=0,bytes_mismatch=0,frame_gap=0,timestamp_regression=0,core_bad=12504,active_over_7500=10435,emitted_active_over_7500=4120,active_p95_us=10496,active_max_us=13009,worst_count=16
APCAD_SOAK_WORST,ver=1,rank=0,frame=6897,t=67603,active_us=11494,total_us=11523,i2s_us=29,gdft_us=6724,novelty_us=37,tempo_acf_us=149,tempo_update_us=535,tempo_emit_us=869,emitted=1,acf_spread=1,acf_lag_cursor=172,acf_pub=48,win_bpm=99.00000,top1_bpm=99.00000
APCAD_SOAK_WORST,ver=1,rank=1,frame=6402,t=62846,active_us=11425,total_us=11456,i2s_us=31,gdft_us=6674,novelty_us=30,tempo_acf_us=190,tempo_update_us=469,tempo_emit_us=855,emitted=1,acf_spread=1,acf_lag_cursor=76,acf_pub=45,win_bpm=99.00000,top1_bpm=99.00000
APCAD_SOAK_WORST,ver=1,rank=2,frame=6813,t=66800,active_us=11520,total_us=11550,i2s_us=30,gdft_us=6686,novelty_us=31,tempo_acf_us=217,tempo_update_us=490,tempo_emit_us=892,emitted=1,acf_spread=1,acf_lag_cursor=60,acf_pub=48,win_bpm=99.00000,top1_bpm=99.00000
APCAD_SOAK_WORST,ver=1,rank=3,frame=5682,t=55902,active_us=11507,total_us=11540,i2s_us=33,gdft_us=6713,novelty_us=32,tempo_acf_us=191,tempo_update_us=515,tempo_emit_us=886,emitted=1,acf_spread=1,acf_lag_cursor=56,acf_pub=40,win_bpm=99.00000,top1_bpm=99.00000
APCAD_SOAK_WORST,ver=1,rank=4,frame=5442,t=53591,active_us=11515,total_us=11548,i2s_us=33,gdft_us=6703,novelty_us=30,tempo_acf_us=174,tempo_update_us=533,tempo_emit_us=892,emitted=1,acf_spread=1,acf_lag_cursor=112,acf_pub=38,win_bpm=99.00000,top1_bpm=99.00000
APCAD_SOAK_WORST,ver=1,rank=5,frame=12168,t=118083,active_us=11453,total_us=11485,i2s_us=32,gdft_us=6642,novelty_us=31,tempo_acf_us=201,tempo_update_us=465,tempo_emit_us=858,emitted=1,acf_spread=1,acf_lag_cursor=56,acf_pub=86,win_bpm=99.00000,top1_bpm=99.00000
APCAD_SOAK_WORST,ver=1,rank=6,frame=11508,t=111772,active_us=11499,total_us=11529,i2s_us=30,gdft_us=6707,novelty_us=28,tempo_acf_us=175,tempo_update_us=516,tempo_emit_us=889,emitted=1,acf_spread=1,acf_lag_cursor=116,acf_pub=81,win_bpm=99.00000,top1_bpm=99.00000
APCAD_SOAK_WORST,ver=1,rank=7,frame=14064,t=136197,active_us=11400,total_us=11433,i2s_us=33,gdft_us=6647,novelty_us=30,tempo_acf_us=164,tempo_update_us=488,tempo_emit_us=854,emitted=1,acf_spread=1,acf_lag_cursor=140,acf_pub=99,win_bpm=99.00000,top1_bpm=99.00000
APCAD_SOAK_WORST,ver=1,rank=8,frame=12468,t=120951,active_us=11407,total_us=11441,i2s_us=34,gdft_us=7155,novelty_us=37,tempo_acf_us=105,tempo_update_us=274,tempo_emit_us=1516,emitted=1,acf_spread=1,acf_lag_cursor=80,acf_pub=88,win_bpm=99.00000,top1_bpm=99.00000
APCAD_SOAK_WORST,ver=1,rank=9,frame=7053,t=69112,active_us=13009,total_us=13039,i2s_us=30,gdft_us=8188,novelty_us=33,tempo_acf_us=1317,tempo_update_us=446,tempo_emit_us=1950,emitted=1,acf_spread=1,acf_lag_cursor=4,acf_pub=50,win_bpm=99.00000,top1_bpm=99.00000
APCAD_SOAK_WORST,ver=1,rank=10,frame=4731,t=46766,active_us=11480,total_us=11513,i2s_us=33,gdft_us=6662,novelty_us=30,tempo_acf_us=185,tempo_update_us=513,tempo_emit_us=891,emitted=1,acf_spread=1,acf_lag_cursor=104,acf_pub=33,win_bpm=99.00000,top1_bpm=99.00000
APCAD_SOAK_WORST,ver=1,rank=11,frame=5118,t=50477,active_us=11479,total_us=11521,i2s_us=42,gdft_us=6702,novelty_us=29,tempo_acf_us=200,tempo_update_us=515,tempo_emit_us=898,emitted=1,acf_spread=1,acf_lag_cursor=56,acf_pub=36,win_bpm=99.00000,top1_bpm=99.00000
APCAD_SOAK_WORST,ver=1,rank=12,frame=6081,t=59746,active_us=11382,total_us=11421,i2s_us=39,gdft_us=7016,novelty_us=32,tempo_acf_us=117,tempo_update_us=274,tempo_emit_us=1555,emitted=1,acf_spread=1,acf_lag_cursor=24,acf_pub=43,win_bpm=99.00000,top1_bpm=99.00000
APCAD_SOAK_WORST,ver=1,rank=13,frame=2145,t=21846,active_us=11491,total_us=11521,i2s_us=30,gdft_us=6653,novelty_us=38,tempo_acf_us=202,tempo_update_us=531,tempo_emit_us=917,emitted=1,acf_spread=1,acf_lag_cursor=40,acf_pub=15,win_bpm=95.00000,top1_bpm=96.00000
APCAD_SOAK_WORST,ver=1,rank=14,frame=2829,t=28410,active_us=11519,total_us=11550,i2s_us=31,gdft_us=6684,novelty_us=30,tempo_acf_us=209,tempo_update_us=515,tempo_emit_us=930,emitted=1,acf_spread=1,acf_lag_cursor=12,acf_pub=20,win_bpm=76.00000,top1_bpm=75.00000
APCAD_SOAK_WORST,ver=1,rank=15,frame=5334,t=52556,active_us=11462,total_us=11492,i2s_us=30,gdft_us=6683,novelty_us=30,tempo_acf_us=168,tempo_update_us=519,tempo_emit_us=878,emitted=1,acf_spread=1,acf_lag_cursor=156,acf_pub=37,win_bpm=99.00000,top1_bpm=99.00000
# apcad_soak_status_done=True
sbr{{
APCAD_ABORT: stopped
}}
SBOK
