>>> :stream_agc on
in=0.000 spec_sat=0.000 | mas_state=1 mas_reason=1 mas_window_age_sec=35.2 mas_applied_scale=1.000
[AP] SSL=272 DC=-6 max_raw=247 follower=272 peak_scaled=0.056 response_gain=1.000 silent_scale=1.000 silence=0 cal_source=persisted_profile cal_valid=1 cal_reason=none | bpm=63.0 conf=0.96 lock=1 phase=0.61 beat=0 bstr=0.90 | onset=0 bass=1 ostr=0.03 | raw_i16_abs_peak=11 raw_i16_rms=5.6 raw_i16_near_pct=0.000 | k1_loud=1 input_trim=1.000 gdft_trim=0.951 agc_gain=1.298 agc_env=0.000 clip_pct=0.000 near_pct=0.000 peak_pin=0.003 spec_pin=0.000 spec_sat=0.000 | mas_state=1 mas_reason=1 mas_window_age_sec=36.2 mas_applied_scale=1.000
[AP] SSL=272 DC=-6 max_raw=181 follower=476 peak_scaled=0.106 response_gain=1.000 silent_scale=1.000 silence=0 cal_source=persisted_profile cal_valid=1 cal_reason=none | bpm=63.0 conf=0.94 lock=1 phase=0.52 beat=0 bstr=0.89 | onset=1 bass=0 ostr=0.0ESP-ROM:esp32s3-20210327
Build:Mar 27 2021
rst:0x15 (USB_UART_CHIP_RESET),boot:0x8 (SPI_FAST_FLASH_BOOT)
Saved PC:0x420268c1
SPIWP:0xee
mode:DIO, clock div:1
load:0x3fce2820,len:0x118c
load:0x403c8700,len:0x4
load:0x403c8704,len:0xc20
load:0x403cb700,len:0x30e0
entry 0x403c88b8
---------------------------
SENSORY BRIDGE | VER: 40103
---------------------------

INIT_SERIAL: PASS
INIT FILESYSTEM: PASS
INIT_LEDS: PASS
INIT I2S (channel): PASS
I2S PDM RX INIT: PASS
I2S ENABLE: PASS
GENERATING A-WEIGHTS: DONE IN 0.554 MS
GENERATING HANN WINDOW LOOKUP TABLE: DONE IN 4.933 MS
INITIALIZING COCHLEAR AGC: DONE IN 0.075 MS
SYSTEM INIT COMPLETE!
BOOT_LOOP_GUARD: reset_reason=11 fail_count=0 safe_mode=0
WAVEFORM_HISTORY: OK @ 0x3C0A09D8
INIT_SECONDARY_LEDS: PASS
RUNTIME_TIMING_GUARD: timing_ok=1 sample_rate=12800 samples_per_chunk=96 tempo_decim=3 declared_ap_hz=133.333 declared_nov_hz=44.444 response_gain=1.000 dma_desc=3 ap_core=0 vp_core=1 core_ok=1 vp_task_created=1
STREAM_AGC_DEBUG: ON
[AP] SSL=272 DC=-6 max_raw=334 follower=272 peak_scaled=0.148 response_gain=1.000 silent_scale=1.000 silence=0 cal_source=persisted_profile cal_valid=1 cal_reason=none | bpm=0.0 conf=0.00 lock=0 phase=0.00 beat=0 bstr=0.00 | onset=0 bass=0 ostr=0.00 | raw_i16_abs_peak=15 raw_i16_rms=5.4 raw_i16_near_pct=0.000 | k1_loud=1 input_trim=1.000 gdft_trim=1.000 agc_gain=1.000 agc_env=0.000 clip_pct=0.000 near_pct=0.000 peak_pin=0.000 spec_pin=0.000 spec_sat=0.000 | mas_state=1 mas_reason=1 mas_window_age_sec=0.0 mas_applied_scale=1.000
sbs((agc_debug=energy:0.19,0.24,0.25,0.32;gain:1.53,1.18,1.11,0.86;threshold:0.10,0.15,0.20,0.25;floor:32768.00,32768.00,32768.00,32768.00;active_floor:0.00,0.00,0.00,0.00))
[AP] SSL=272 DC=-6 max_raw=191 follower=452 peak_scaled=0.028 response_gain=1.000 silent_scale=1.000 silence=0 cal_source=persisted_profile cal_valid=1 cal_reason=none | bpm=139.0 conf=0.25 lock=0 phase=0.46 beat=0 bstr=0.00 | onset=1 bass=0 ostr=0.00 | raw_i16_abs_peak=9 raw_i16_rms=6.3 raw_i16_near_pct=0.000 | k1_loud=1 input_trim=1.000 gdft_trim=1.000 agc_gain=1.426 agc_env=0.000 clip_pct=0.000 near_pct=0.000 peak_pin=0.024 spec_pin=0.000 spec_sat=0.000 | mas_state=1 mas_reason=1 mas_window_age_sec=1.0 mas_applied_scale=1.000
[AP] SSL=272 DC=-6 max_raw=203 follower=281 peak_scaled=0.171 response_gain=1.000 silent_scale=1.000 silence=0 cal_source=persisted_profile cal_valid=1 cal_reason=none | bpm=116.0 conf=0.35 lock=0 phase=0.47 beat=0 bstr=0.07 | onset=0 bass=1 ostr=0.06 | raw_i16_abs_peak=9 raw_i16_rms=6.7 raw_i16_near_pct=0.000 | k1_loud=1 input_trim=1.000 gdft_trim=1.000 agc_gain=1.218 agc_env=0.000 clip_pct=0.000 near_pct=0.000 peak_pin=0.006 spec_pin=0.000 spec_sat=0.000 | mas_state=1 mas_reason=1 mas_window_age_sec=2.0 mas_applied_scale=1.000
sbs((agc_debug=energy:0.22,0.20,0.16,0.20;gain:1.11,1.29,1.59,1.24;threshold:0.10,0.15,0.20,0.25;floor:32768.00,32768.00,32768.00,32768.00;active_floor:0.00,0.00,0.00,0.00))
[AP] SSL=272 DC=-6 max_raw=2351 follower=6176 peak_scaled=0.698 response_gain=1.000 silent_scale=1.000 silence=0 cal_source=persisted_profile cal_valid=1 cal_reason=none | bpm=116.0 conf=0.34 lock=0 phase=0.43 beat=0 bstr=0.08 | onset=0 bass=0 ostr=0.00 | raw_i16_abs_peak=107 raw_i16_rms=35.7 raw_i16_near_pct=0.000 | k1_loud=1 input_trim=1.000 gdft_trim=0.940 agc_gain=0.804 agc_env=0.000 clip_pct=0.000 near_pct=0.000 peak_pin=0.264 spec_pin=0.030 spec_sat=0.000 | mas_state=2 mas_reason=5 mas_window_age_sec=3.0 mas_applied_scale=1.000
sbs((agc_debug=energy:0.97,2.10,3.60,2.17;gain:0.35,0.19,0.18,0.17;threshold:0.10,0.15,0.20,0.25;floor:32768.00,32768.00,32768.00,32768.00;active_floor:0.00,0.00,0.00,0.00))
[AP] SSL=272 DC=-6 max_raw=2570 follower=13263 peak_scaled=1.010 response_gain=1.000 silent_scale=1.000 silence=0 cal_source=persisted_profile cal_valid=1 cal_reason=none | bpm=116.0 conf=0.31 lock=0 phase=0.39 beat=0 bstr=0.14 | onset=0 bass=1 ostr=0.55 | raw_i16_abs_peak=117 raw_i16_rms=45.3 raw_i16_near_pct=0.000 | k1_loud=1 input_trim=1.000 gdft_trim=0.883 agc_gain=0.203 agc_env=0.000 clip_pct=0.000 near_pct=0.000 peak_pin=0.124 spec_pin=0.005 spec_sat=0.000 | mas_state=1 mas_reason=1 mas_window_age_sec=4.0 mas_applied_scale=1.000
sbs((agc_debug=energy:1.24,5.02,4.42,5.97;gain:0.20,0.13,0.09,0.10;threshold:0.10,0.15,0.20,0.25;floor:32768.00,32768.00,32768.00,32768.00;active_floor:0.00,0.00,0.00,0.00))
[AP] SSL=272 DC=-6 max_raw=213 follower=7037 peak_scaled=0.011 response_gain=1.000 silent_scale=1.000 silence=0 cal_source=persisted_profile cal_valid=1 cal_reason=none | bpm=102.0 conf=0.26 lock=0 phase=0.18 beat=0 bstr=0.10 | onset=0 bass=0 ostr=0.00 | raw_i16_abs_peak=10 raw_i16_rms=3.5 raw_i16_near_pct=0.000 | k1_loud=1 input_trim=1.000 gdft_trim=0.913 agc_gain=0.525 agc_env=0.000 clip_pct=0.000 near_pct=0.000 peak_pin=0.025 spec_pin=0.001 spec_sat=0.000 | mas_state=1 mas_reason=1 mas_window_age_sec=5.0 mas_applied_scale=1.000
sbs((agc_debug=energy:0.20,0.21,0.19,0.24;gain:1.09,1.00,1.08,0.87;threshold:0.10,0.15,0.20,0.25;floor:32768.00,32768.00,32768.00,32768.00;active_floor:0.00,0.00,0.00,0.00))
[AP] SSL=272 DC=-6 max_raw=235 follower=3645 peak_scaled=0.045 response_gain=1.000 silent_scale=1.000 silence=0 cal_source=persisted_profile cal_valid=1 cal_reason=none | bpm=102.0 conf=0.26 lock=0 phase=0.91 beat=0 bstr=0.16 | onset=0 bass=0 ostr=0.00 | raw_i16_abs_peak=11 raw_i16_rms=5.8 raw_i16_near_pct=0.000 | k1_loud=1 input_trim=1.000 gdft_trim=0.945 agc_gain=1.111 agc_env=0.000 clip_pct=0.000 near_pct=0.000 peak_pin=0.004 spec_pin=0.000 spec_sat=0.000 | mas_state=1 mas_reason=1 mas_window_age_sec=6.0 mas_applied_scale=1.000
sbs((agc_debug=energy:0.31,0.18,0.20,0.23;gain:0.93,1.43,1.32,0.99;threshold:0.10,0.15,0.20,0.25;floor:32768.00,32768.00,32768.00,32768.00;active_floor:0.00,0.00,0.00,0.00))
[AP] SSL=272 DC=-6 max_raw=81 follower=1885 peak_scaled=0.083 response_gain=1.000 silent_scale=1.000 silence=0 cal_source=persisted_profile cal_valid=1 cal_reason=none | bpm=102.0 conf=0.25 lock=0 phase=0.63 beat=0 bstr=0.21 | onset=1 bass=0 ostr=0.00 | raw_i16_abs_peak=4 raw_i16_rms=1.6 raw_i16_near_pct=0.000 | k1_loud=1 input_trim=1.000 gdft_trim=0.965 agc_gain=0.851 agc_env=0.000 clip_pct=0.000 near_pct=0.000 peak_pin=0.001 spec_pin=0.000 spec_sat=0.000 | mas_state=1 mas_reason=1 mas_window_age_sec=7.0 mas_applied_scale=1.000
sbs((agc_debug=energy:0.76,0.27,0.29,0.26;gain:0.26,0.78,0.72,0.84;threshold:0.10,0.15,0.20,0.25;floor:32768.00,32768.00,32768.00,32768.00;active_floor:0.00,0.00,0.00,0.00))
[AP] SSL=272 DC=-6 max_raw=247 follower=1159 peak_scaled=0.005 response_gain=1.000 silent_scale=1.000 silence=0 cal_source=persisted_profile cal_valid=1 cal_reason=none | bpm=102.0 conf=0.20 lock=0 phase=0.31 beat=0 bstr=0.15 | onset=0 bass=0 ostr=0.00 | raw_i16_abs_peak=11 raw_i16_rms=8.8 raw_i16_near_pct=0.000 | k1_loud=1 input_trim=1.000 gdft_trim=0.978 agc_gain=0.455 agc_env=0.000 clip_pct=0.000 near_pct=0.000 peak_pin=0.005 spec_pin=0.000 spec_sat=0.000 | mas_state=1 mas_reason=1 mas_window_age_sec=8.0 mas_applied_scale=1.000
sbs((agc_debug=energy:0.64,0.33,0.40,0.42;gain:0.37,0.83,0.68,0.58;threshold:0.10,0.15,0.20,0.25;floor:32768.00,32768.00,32768.00,32768.00;active_floor:0.00,0.00,0.00,0.00))
BOOT_LOOP_GUARD: stable_clear=1
[AP] SSL=272 DC=-6 max_raw=147 follower=929 peak_scaled=0.034 response_gain=1.000 silent_scale=1.000 silence=0 cal_source=persisted_profile cal_valid=1 cal_reason=none | bpm=102.0 conf=0.21 lock=0 phase=0.03 beat=0 bstr=0.07 | onset=0 bass=1 ostr=0.03 | raw_i16_abs_peak=7 raw_i16_rms=3.7 raw_i16_near_pct=0.000 | k1_loud=1 input_trim=1.000 gdft_trim=0.986 agc_gain=0.351 agc_env=0.000 clip_pct=0.000 near_pct=0.000 peak_pin=0.015 spec_pin=0.000 spec_sat=0.000 | mas_state=1 mas_reason=1 mas_window_age_sec=9.0 mas_applied_scale=1.000
sbs((agc_debug=energy:0.32,0.18,0.17,0.20;gain:0.63,1.25,1.28,1.17;threshold:0.10,0.15,0.20,0.25;floor:32768.00,32768.00,32768.00,32768.00;active_floor:0.00,0.00,0.00,0.00))
[AP] SSL=272 DC=-6 max_raw=356 follower=479 peak_scaled=0.207 response_gain=1.000 silent_scale=1.000 silence=0 cal_source=persisted_profile cal_valid=1 cal_reason=none | bpm=102.0 conf=0.16 lock=0 phase=0.76 beat=0 bstr=0.06 | onset=0 bass=1 ostr=0.03 | raw_i16_abs_peak=16 raw_i16_rms=7.8 raw_i16_near_pct=0.000 | k1_loud=1 input_trim=1.000 gdft_trim=0.991 agc_gain=1.127 agc_env=0.000 clip_pct=0.000 near_pct=0.000 peak_pin=0.002 spec_pin=0.000 spec_sat=0.000 | mas_state=1 mas_reason=1 mas_window_age_sec=10.0 mas_applied_scale=1.000
sbs((agc_debug=energy:0.19,0.16,0.16,0.19;gain:1.30,1.57,1.64,1.28;threshold:0.10,0.15,0.20,0.25;floor:32768.00,32768.00,32768.00,32768.00;active_floor:0.00,0.00,0.00,0.00))
[AP] SSL=272 DC=-6 max_raw=510 follower=272 peak_scaled=0.693 response_gain=1.000 silent_scale=1.000 silence=0 cal_source=persisted_profile cal_valid=1 cal_reason=none | bpm=102.0 conf=0.15 lock=0 phase=0.44 beat=0 bstr=0.09 | onset=0 bass=1 ostr=0.07 | raw_i16_abs_peak=23 raw_i16_rms=15.9 raw_i16_near_pct=0.000 | k1_loud=1 input_trim=1.000 gdft_trim=0.994 agc_gain=1.277 agc_env=0.000 clip_pct=0.000 near_pct=0.000 peak_pin=0.000 spec_pin=0.000 spec_sat=0.000 | mas_state=1 mas_reason=1 mas_window_age_sec=11.0 mas_applied_scale=1.000
[AP] SSL=272 DC=-6 max_raw=290 follower=778 peak_scaled=0.209 response_gain=1.000 silent_scale=1.000 silence=0 cal_source=persisted_profile cal_valid=1 cal_reason=none | bpm=102.0 conf=0.16 lock=0 phase=0.16 beat=0 bstr=0.12 | onset=1 bass=0 ostr=0.00 | raw_i16_abs_peak=13 raw_i16_rms=5.2 raw_i16_near_pct=0.000 | k1_loud=1 input_trim=1.000 gdft_trim=0.945 agc_gain=0.470 agc_env=0.000 clip_pct=0.000 near_pct=0.000 peak_pin=0.089 spec_pin=0.000 spec_sat=0.000 | mas_state=1 mas_reason=1 mas_window_age_sec=12.1 mas_applied_scale=1.000
sbs((agc_debug=energy:0.72,0.23,0.20,0.45;gain:0.44,1.08,1.12,0.58;threshold:0.10,0.15,0.20,0.25;floor:32768.00,32768.00,32768.00,32768.00;active_floor:0.00,0.00,0.00,0.00))
[AP] SSL=272 DC=-6 max_raw=532 follower=1091 peak_scaled=0.735 response_gain=1.000 silent_scale=1.000 silence=0 cal_source=persisted_profile cal_valid=1 cal_reason=none | bpm=76.0 conf=0.39 lock=0 phase=0.46 beat=0 bstr=0.05 | onset=1 bass=0 ostr=0.00 | raw_i16_abs_peak=24 raw_i16_rms=10.7 raw_i16_near_pct=0.000 | k1_loud=1 input_trim=1.000 gdft_trim=0.965 agc_gain=0.258 agc_env=0.000 clip_pct=0.000 near_pct=0.000 peak_pin=0.111 spec_pin=0.000 spec_sat=0.000 | mas_state=1 mas_reason=1 mas_window_age_sec=13.1 mas_applied_scale=1.000
sbs((agc_debug=energy:1.17,0.31,0.27,0.62;gain:0.23,0.83,0.92,0.40;threshold:0.10,0.15,0.20,0.25;floor:32768.00,32768.00,32768.00,32768.00;active_floor:0.00,0.00,0.00,0.00))
[AP] SSL=272 DC=-6 max_raw=554 follower=1092 peak_scaled=0.207 response_gain=1.000 silent_scale=1.000 silence=0 cal_source=persisted_profile cal_valid=1 cal_reason=none | bpm=76.0 conf=0.32 lock=0 phase=0.71 beat=0 bstr=0.03 | onset=1 bass=0 ostr=0.00 | raw_i16_abs_peak=25 raw_i16_rms=15.8 raw_i16_near_pct=0.000 | k1_loud=1 input_trim=1.000 gdft_trim=0.954 agc_gain=0.326 agc_env=0.000 clip_pct=0.000 near_pct=0.000 peak_pin=0.035 spec_pin=0.000 spec_sat=0.000 | mas_state=1 mas_reason=1 mas_window_age_sec=14.1 mas_applied_scale=1.000
sbs((agc_debug=energy:0.96,0.35,0.26,0.73;gain:0.33,0.79,1.04,0.38;threshold:0.10,0.15,0.20,0.25;floor:32768.00,32768.00,32768.00,32768.00;active_floor:0.00,0.00,0.00,0.00))
[AP] SSL=272 DC=-6 max_raw=751 follower=998 peak_scaled=0.453 response_gain=1.000 silent_scale=1.000 silence=0 cal_source=persisted_profile cal_valid=1 cal_reason=none | bpm=76.0 conf=0.50 lock=0 phase=1.00 beat=0 bstr=0.02 | onset=1 bass=0 ostr=0.00 | raw_i16_abs_peak=34 raw_i16_rms=11.2 raw_i16_near_pct=0.000 | k1_loud=1 input_trim=1.000 gdft_trim=0.971 agc_gain=0.273 agc_env=0.000 clip_pct=0.000 near_pct=0.000 peak_pin=0.049 spec_pin=0.000 spec_sat=0.000 | mas_state=1 mas_reason=1 mas_window_age_sec=15.1 mas_applied_scale=1.000
[AP] SSL=272 DC=-6 max_raw=1090 follower=1097 peak_scaled=0.823 response_gain=1.000 silent_scale=1.000 silence=0 cal_source=persisted_profile cal_valid=1 cal_reason=none | bpm=76.0 conf=0.32 lock=0 phase=0.28 beat=0 bstr=0.07 | onset=1 bass=0 ostr=0.00 | raw_i16_abs_peak=50 raw_i16_rms=27.2 raw_i16_near_pct=0.000 | k1_loud=1 input_trim=1.000 gdft_trim=0.982 agc_gain=0.199 agc_env=0.000 clip_pct=0.000 near_pct=0.000 peak_pin=0.084 spec_pin=0.000 spec_sat=0.000 | mas_state=1 mas_reason=1 mas_window_age_sec=16.1 mas_applied_scale=1.000
sbs((agc_debug=energy:1.05,0.46,0.47,0.71;gain:0.25,0.62,0.74,0.35;threshold:0.10,0.15,0.20,0.25;floor:32768.00,32768.00,32768.00,32768.00;active_floor:0.00,0.00,0.00,0.00))
[AP] SSL=272 DC=-6 max_raw=388 follower=1550 peak_scaled=0.235 response_gain=1.000 silent_scale=1.000 silence=0 cal_source=persisted_profile cal_valid=1 cal_reason=none | bpm=80.0 conf=0.34 lock=0 phase=0.58 beat=0 bstr=0.02 | onset=1 bass=0 ostr=0.00 | raw_i16_abs_peak=18 raw_i16_rms=8.9 raw_i16_near_pct=0.000 | k1_loud=1 input_trim=1.000 gdft_trim=0.984 agc_gain=0.219 agc_env=0.000 clip_pct=0.000 near_pct=0.000 peak_pin=0.065 spec_pin=0.000 spec_sat=0.000 | mas_state=1 mas_reason=1 mas_window_age_sec=17.1 mas_applied_scale=1.000
sbs((agc_debug=energy:1.21,0.38,0.28,0.65;gain:0.18,0.58,0.81,0.35;threshold:0.10,0.15,0.20,0.25;floor:32768.00,32768.00,32768.00,32768.00;active_floor:0.00,0.00,0.00,0.00))
>>> :stream_agc off
STREAM_AGC_DEBUG: OFF
[AP] SSL=272 DC=-6 max_raw=269 follower=1040 peak_scaled=0.169 response_gain=1.000 silent_scale=1.000 silence=0 cal_source=persisted_profile cal_valid=1 cal_reason=none | bpm=80.0 conf=0.41 lock=0 phase=0.93 beat=0 bstr=0.02 | onset=0 bass=1 ostr=0.03 | raw_i16_abs_peak=12 raw_i16_rms=8.1 raw_i16_near_pct=0.000 | k1_loud=1 input_trim=1.000 gdft_trim=0.990 agc_gain=0.291 agc_env=0.000 clip_pct=0.000 near_pct=0.000 peak_pin=0.013 spec_pin=0.000 spec_sat=0.000 | mas_state=1 mas_reason=1 mas_window_age_sec=18.1 mas_applied_scale=1.000
[AP] SSL=272 DC=-6 max_raw=1002 follower=1332 peak_scaled=0.979 response_gain=1.000 silent_scale=1.000 silence=0 cal_source=persisted_profile cal_valid=1 cal_reason=none | bpm=121.0 conf=0.54 lock=0 phase=0.67 beat=0 bstr=0.02 | onset=1 bass=0 ostr=0.00 | raw_i16_abs_peak=46 raw_i16_rms=21.4 raw_i16_near_pct=0.000 | k1_loud=1 input_trim=1.000 gdft_trim=0.994 agc_gain=0.328 agc_env=0.000 clip_pct=0.000 near_pct=0.000 peak_pin=0.114 spec_pin=0.000 spec_sat=0.000 | mas_state=1 mas_reason=1 mas_window_age_sec=19.1 mas_applied_scale=1.000
