Processing k1_ap_frontend_probe (platform: https://github.com/pioarduino/platform-espressif32/releases/download/54.03.20/platform-espressif32.zip; board: esp32-s3-devkitc1-n16r8; framework: arduino)
--------------------------------------------------------------------------------
Verbose mode can be enabled via `-v, --verbose` option
[k1-build-provenance] env=k1_ap_frontend_probe git=6be1240 epoch=1783933310
CONFIGURATION: https://docs.platformio.org/page/boards/espressif32/esp32-s3-devkitc1-n16r8.html
PLATFORM: Espressif 32 (54.3.20) > Espressif ESP32-S3-DevKitC-1-N16R8V (16 MB Flash Quad, 8 MB PSRAM Octal)
HARDWARE: ESP32S3 240MHz, 320KB RAM, 16MB Flash
DEBUG: Current (esp-builtin) On-board (esp-builtin) External (cmsis-dap, esp-bridge, esp-prog, iot-bus-jtag, jlink, minimodule, olimex-arm-usb-ocd, olimex-arm-usb-ocd-h, olimex-arm-usb-tiny-h, olimex-jtag-tiny, tumpa)
PACKAGES: 
 - framework-arduinoespressif32 @ 3.2.0 
 - framework-arduinoespressif32-libs @ 5.4.0+sha.2f7dcd862a 
 - tool-esptoolpy @ 4.8.9 
 - tool-mkfatfs @ 2.0.1 
 - tool-mklittlefs @ 3.2.0 
 - tool-mkspiffs @ 2.230.0 (2.30) 
 - tool-riscv32-esp-elf-gdb @ 14.2.0+20240403 
 - tool-xtensa-esp-elf-gdb @ 14.2.0+20240403 
 - toolchain-riscv32-esp @ 14.2.0+20241119 
 - toolchain-xtensa-esp-elf @ 14.2.0+20241119
Converting SPECTRASYNQ_K1_FIRMWARE.ino
LDF: Library Dependency Finder -> https://bit.ly/configure-pio-ldf
LDF Modes: Finder ~ chain, Compatibility ~ soft
Found 44 compatible libraries
Scanning dependencies...
Dependency Graph
|-- FastLED @ 3.10.3
|-- FixedPoints @ 1.1.2
|-- M5ROTATE8 @ 0.4.1
|-- FS @ 3.2.0
|-- LittleFS @ 3.2.0
|-- Ticker @ 3.2.0
|-- Wire @ 3.2.0
Building in release mode
Compiling .pio/build/k1_ap_frontend_probe/src/SPECTRASYNQ_K1_FIRMWARE.ino.cpp.o
Compiling .pio/build/k1_ap_frontend_probe/src/audio/k1_audio_snapshot.cpp.o
Compiling .pio/build/k1_ap_frontend_probe/src/audio/k1_chord_detect.cpp.o
Compiling .pio/build/k1_ap_frontend_probe/src/audio/k1_gdft_core.cpp.o
Compiling .pio/build/k1_ap_frontend_probe/src/audio/k1_musical_saliency.cpp.o
Compiling .pio/build/k1_ap_frontend_probe/src/audio/k1_onset_beat.cpp.o
Compiling .pio/build/k1_ap_frontend_probe/src/audio/k1_semantic_state.cpp.o
Compiling .pio/build/k1_ap_frontend_probe/src/audio/k1_stm.cpp.o
Compiling .pio/build/k1_ap_frontend_probe/src/audio/k1_tempo.cpp.o
Compiling .pio/build/k1_ap_frontend_probe/src/control/k1_control_facade.cpp.o
Compiling .pio/build/k1_ap_frontend_probe/src/control/k1_effect_queue.cpp.o
Compiling .pio/build/k1_ap_frontend_probe/src/control/k1_noise_cal_arm.cpp.o
Compiling .pio/build/k1_ap_frontend_probe/src/control/k1_wireless_control.cpp.o
Compiling .pio/build/k1_ap_frontend_probe/src/diag/diagnostic_capture.cpp.o
Compiling .pio/build/k1_ap_frontend_probe/src/diag/k1_pin_evidence.cpp.o
Compiling .pio/build/k1_ap_frontend_probe/src/diag/vpab_capture.cpp.o
Compiling .pio/build/k1_ap_frontend_probe/src/director/k1_edgemixer.cpp.o
Compiling .pio/build/k1_ap_frontend_probe/src/director/k1_mode_selection.cpp.o
Compiling .pio/build/k1_ap_frontend_probe/src/director/k1_smart_director.cpp.o
SPECTRASYNQ_K1_FIRMWARE/audio/k1_gdft_core.cpp:81:29: warning: ignoring attribute 'section (".iram1.3")' because it conflicts with previous 'section (".iram1.2")' [-Wattributes]
   81 | void IRAM_ATTR process_GDFT() {
      |                             ^
In file included from SPECTRASYNQ_K1_FIRMWARE/audio/k1_gdft_core.cpp:30:
SPECTRASYNQ_K1_FIRMWARE/audio/k1_gdft_core.h:28:16: note: previous declaration here
   28 | void IRAM_ATTR process_GDFT();
      |                ^~~~~~~~~~~~
Compiling .pio/build/k1_ap_frontend_probe/src/director/k1_visual_hooks.cpp.o
Compiling .pio/build/k1_ap_frontend_probe/src/effects/light_mode_aurora.cpp.o
Compiling .pio/build/k1_ap_frontend_probe/src/effects/light_mode_beat_pulse.cpp.o
Compiling .pio/build/k1_ap_frontend_probe/src/effects/light_mode_bloom.cpp.o
Compiling .pio/build/k1_ap_frontend_probe/src/effects/light_mode_bloom_bt.cpp.o
Compiling .pio/build/k1_ap_frontend_probe/src/effects/light_mode_cannonade.cpp.o
Compiling .pio/build/k1_ap_frontend_probe/src/effects/light_mode_chroma_constellation.cpp.o
Compiling .pio/build/k1_ap_frontend_probe/src/effects/light_mode_chromagram_dots.cpp.o
Compiling .pio/build/k1_ap_frontend_probe/src/effects/light_mode_chromagram_gradient.cpp.o
Compiling .pio/build/k1_ap_frontend_probe/src/effects/light_mode_comet.cpp.o
Compiling .pio/build/k1_ap_frontend_probe/src/effects/light_mode_dense_forge.cpp.o
In file included from /Users/spectrasynq/SpectraSynq_K1_Firmware/SPECTRASYNQ_K1_FIRMWARE/SPECTRASYNQ_K1_FIRMWARE.ino:45:
SPECTRASYNQ_K1_FIRMWARE/system/system.h: In function 'void check_current_function()':
SPECTRASYNQ_K1_FIRMWARE/system/system.h:49:28: warning: '++' expression of 'volatile'-qualified type is deprecated [-Wvolatile]
   49 |   function_hits[function_id]++;
      |   ~~~~~~~~~~~~~~~~~~~~~~~~~^
In file included from /Users/spectrasynq/SpectraSynq_K1_Firmware/SPECTRASYNQ_K1_FIRMWARE/SPECTRASYNQ_K1_FIRMWARE.ino:68:
SPECTRASYNQ_K1_FIRMWARE/diag/gdft_harness.h: At global scope:
SPECTRASYNQ_K1_FIRMWARE/diag/gdft_harness.h:97:29: warning: ignoring attribute 'section (".iram1.3")' because it conflicts with previous 'section (".iram1.2")' [-Wattributes]
   97 | void IRAM_ATTR process_GDFT();
      |                             ^
In file included from SPECTRASYNQ_K1_FIRMWARE/audio/GDFT.h:71,
                 from /Users/spectrasynq/SpectraSynq_K1_Firmware/SPECTRASYNQ_K1_FIRMWARE/SPECTRASYNQ_K1_FIRMWARE.ino:46:
SPECTRASYNQ_K1_FIRMWARE/audio/k1_gdft_core.h:28:16: note: previous declaration here
   28 | void IRAM_ATTR process_GDFT();
      |                ^~~~~~~~~~~~
Compiling .pio/build/k1_ap_frontend_probe/src/effects/light_mode_dense_forge_chord.cpp.o
Compiling .pio/build/k1_ap_frontend_probe/src/effects/light_mode_ember.cpp.o
Compiling .pio/build/k1_ap_frontend_probe/src/effects/light_mode_ember_v2.cpp.o
Compiling .pio/build/k1_ap_frontend_probe/src/effects/light_mode_gdft.cpp.o
Compiling .pio/build/k1_ap_frontend_probe/src/effects/light_mode_iris.cpp.o
Compiling .pio/build/k1_ap_frontend_probe/src/effects/light_mode_kaleidoscope.cpp.o
Compiling .pio/build/k1_ap_frontend_probe/src/effects/light_mode_moire_cathedral.cpp.o
Compiling .pio/build/k1_ap_frontend_probe/src/effects/light_mode_percussion_burst.cpp.o
Compiling .pio/build/k1_ap_frontend_probe/src/effects/light_mode_pulse_prism.cpp.o
Compiling .pio/build/k1_ap_frontend_probe/src/effects/light_mode_quantum_collapse.cpp.o
Compiling .pio/build/k1_ap_frontend_probe/src/effects/light_mode_river_surge.cpp.o
Compiling .pio/build/k1_ap_frontend_probe/src/effects/light_mode_shockwave.cpp.o
Compiling .pio/build/k1_ap_frontend_probe/src/effects/light_mode_snapwave.cpp.o
Compiling .pio/build/k1_ap_frontend_probe/src/effects/light_mode_spectrum_river.cpp.o
Compiling .pio/build/k1_ap_frontend_probe/src/effects/light_mode_spectrum_river_v2.cpp.o
Compiling .pio/build/k1_ap_frontend_probe/src/effects/light_mode_tempo_comet.cpp.o
Compiling .pio/build/k1_ap_frontend_probe/src/effects/light_mode_tempo_comet_anticipate.cpp.o
Compiling .pio/build/k1_ap_frontend_probe/src/effects/light_mode_tempo_river.cpp.o
Compiling .pio/build/k1_ap_frontend_probe/src/effects/light_mode_tempo_river_walk.cpp.o
Compiling .pio/build/k1_ap_frontend_probe/src/effects/light_mode_vu.cpp.o
Compiling .pio/build/k1_ap_frontend_probe/src/effects/light_mode_vu_dot.cpp.o
Compiling .pio/build/k1_ap_frontend_probe/src/effects/light_mode_waveform.cpp.o
Compiling .pio/build/k1_ap_frontend_probe/src/effects/light_mode_waveform_fast.cpp.o
Compiling .pio/build/k1_ap_frontend_probe/src/effects/light_mode_waveform_hybrid.cpp.o
Compiling .pio/build/k1_ap_frontend_probe/src/effects/light_mode_waveform_hybrid_k1.cpp.o
Compiling .pio/build/k1_ap_frontend_probe/src/effects/light_mode_waveform_tempo.cpp.o
Compiling .pio/build/k1_ap_frontend_probe/src/serial/k1_ap_capture_telemetry.cpp.o
Compiling .pio/build/k1_ap_frontend_probe/src/serial/serial_cmd_handlers.cpp.o
Compiling .pio/build/k1_ap_frontend_probe/src/serial/serial_parse_helpers.cpp.o
Compiling .pio/build/k1_ap_frontend_probe/src/serial/serial_tx.cpp.o
Compiling .pio/build/k1_ap_frontend_probe/src/system/globals.cpp.o
Compiling .pio/build/k1_ap_frontend_probe/src/system/globals_config.cpp.o
Compiling .pio/build/k1_ap_frontend_probe/src/visual/Palettes.cpp.o
Compiling .pio/build/k1_ap_frontend_probe/src/visual/render_params.cpp.o
Compiling .pio/build/k1_ap_frontend_probe/lib0c0/SPI/SPI.cpp.o
Compiling .pio/build/k1_ap_frontend_probe/libda8/FS/FS.cpp.o
Compiling .pio/build/k1_ap_frontend_probe/libda8/FS/vfs_api.cpp.o
Compiling .pio/build/k1_ap_frontend_probe/libd0c/SD/SD.cpp.o
Compiling .pio/build/k1_ap_frontend_probe/libd0c/SD/sd_diskio.cpp.o
Compiling .pio/build/k1_ap_frontend_probe/libd0c/SD/sd_diskio_crc.c.o
Compiling .pio/build/k1_ap_frontend_probe/lib5ab/FastLED/FastLED.cpp.o
Compiling .pio/build/k1_ap_frontend_probe/lib5ab/FastLED/bitswap.cpp.o
Compiling .pio/build/k1_ap_frontend_probe/lib5ab/FastLED/cled_controller.cpp.o
Compiling .pio/build/k1_ap_frontend_probe/lib5ab/FastLED/colorpalettes.cpp.o
Compiling .pio/build/k1_ap_frontend_probe/lib5ab/FastLED/crgb.cpp.o
Compiling .pio/build/k1_ap_frontend_probe/lib5ab/FastLED/fl/allocator.cpp.o
Compiling .pio/build/k1_ap_frontend_probe/lib5ab/FastLED/fl/async.cpp.o
Compiling .pio/build/k1_ap_frontend_probe/lib5ab/FastLED/fl/audio.cpp.o
Compiling .pio/build/k1_ap_frontend_probe/lib5ab/FastLED/fl/audio_input.cpp.o
Compiling .pio/build/k1_ap_frontend_probe/lib5ab/FastLED/fl/audio_reactive.cpp.o
Compiling .pio/build/k1_ap_frontend_probe/lib5ab/FastLED/fl/bitset.cpp.o
Compiling .pio/build/k1_ap_frontend_probe/lib5ab/FastLED/fl/blur.cpp.o
Compiling .pio/build/k1_ap_frontend_probe/lib5ab/FastLED/fl/bytestreammemory.cpp.o
Compiling .pio/build/k1_ap_frontend_probe/lib5ab/FastLED/fl/colorutils.cpp.o
Compiling .pio/build/k1_ap_frontend_probe/lib5ab/FastLED/fl/corkscrew.cpp.o
Compiling .pio/build/k1_ap_frontend_probe/lib5ab/FastLED/fl/crgb_hsv16.cpp.o
Compiling .pio/build/k1_ap_frontend_probe/lib5ab/FastLED/fl/downscale.cpp.o
Compiling .pio/build/k1_ap_frontend_probe/lib5ab/FastLED/fl/ease.cpp.o
Compiling .pio/build/k1_ap_frontend_probe/lib5ab/FastLED/fl/engine_events.cpp.o
Compiling .pio/build/k1_ap_frontend_probe/lib5ab/FastLED/fl/fetch.cpp.o
Compiling .pio/build/k1_ap_frontend_probe/lib5ab/FastLED/fl/fft.cpp.o
Compiling .pio/build/k1_ap_frontend_probe/lib5ab/FastLED/fl/fft_impl.cpp.o
Compiling .pio/build/k1_ap_frontend_probe/lib5ab/FastLED/fl/file_system.cpp.o
Compiling .pio/build/k1_ap_frontend_probe/lib5ab/FastLED/fl/fill.cpp.o
Compiling .pio/build/k1_ap_frontend_probe/lib5ab/FastLED/fl/gamma.cpp.o
Compiling .pio/build/k1_ap_frontend_probe/lib5ab/FastLED/fl/gradient.cpp.o
Compiling .pio/build/k1_ap_frontend_probe/lib5ab/FastLED/fl/hsv16.cpp.o
Compiling .pio/build/k1_ap_frontend_probe/lib5ab/FastLED/fl/id_tracker.cpp.o
Compiling .pio/build/k1_ap_frontend_probe/lib5ab/FastLED/fl/io.cpp.o
Compiling .pio/build/k1_ap_frontend_probe/lib5ab/FastLED/fl/istream.cpp.o
Compiling .pio/build/k1_ap_frontend_probe/lib5ab/FastLED/fl/json.cpp.o
Compiling .pio/build/k1_ap_frontend_probe/lib5ab/FastLED/fl/leds.cpp.o
Compiling .pio/build/k1_ap_frontend_probe/lib5ab/FastLED/fl/line_simplification.cpp.o
Compiling .pio/build/k1_ap_frontend_probe/lib5ab/FastLED/fl/noise_woryley.cpp.o
Compiling .pio/build/k1_ap_frontend_probe/lib5ab/FastLED/fl/ostream.cpp.o
Compiling .pio/build/k1_ap_frontend_probe/lib5ab/FastLED/fl/ptr.cpp.o
Compiling .pio/build/k1_ap_frontend_probe/lib5ab/FastLED/fl/random.cpp.o
Compiling .pio/build/k1_ap_frontend_probe/lib5ab/FastLED/fl/raster_sparse.cpp.o
Compiling .pio/build/k1_ap_frontend_probe/lib5ab/FastLED/fl/rectangular_draw_buffer.cpp.o
Compiling .pio/build/k1_ap_frontend_probe/lib5ab/FastLED/fl/referent.cpp.o
Compiling .pio/build/k1_ap_frontend_probe/lib5ab/FastLED/fl/rgbw.cpp.o
Compiling .pio/build/k1_ap_frontend_probe/lib5ab/FastLED/fl/screenmap.cpp.o
Compiling .pio/build/k1_ap_frontend_probe/lib5ab/FastLED/fl/sin32.cpp.o
Compiling .pio/build/k1_ap_frontend_probe/lib5ab/FastLED/fl/splat.cpp.o
Compiling .pio/build/k1_ap_frontend_probe/lib5ab/FastLED/fl/str.cpp.o
Compiling .pio/build/k1_ap_frontend_probe/lib5ab/FastLED/fl/str_ui.cpp.o
Compiling .pio/build/k1_ap_frontend_probe/lib5ab/FastLED/fl/strstream.cpp.o
Compiling .pio/build/k1_ap_frontend_probe/lib5ab/FastLED/fl/stub_main.cpp.o
Compiling .pio/build/k1_ap_frontend_probe/lib5ab/FastLED/fl/task.cpp.o
Compiling .pio/build/k1_ap_frontend_probe/lib5ab/FastLED/fl/tile2x2.cpp.o
Compiling .pio/build/k1_ap_frontend_probe/lib5ab/FastLED/fl/time.cpp.o
Compiling .pio/build/k1_ap_frontend_probe/lib5ab/FastLED/fl/time_alpha.cpp.o
Compiling .pio/build/k1_ap_frontend_probe/lib5ab/FastLED/fl/transform.cpp.o
Compiling .pio/build/k1_ap_frontend_probe/lib5ab/FastLED/fl/type_traits.cpp.o
Compiling .pio/build/k1_ap_frontend_probe/lib5ab/FastLED/fl/ui.cpp.o
Compiling .pio/build/k1_ap_frontend_probe/lib5ab/FastLED/fl/upscale.cpp.o
Compiling .pio/build/k1_ap_frontend_probe/lib5ab/FastLED/fl/wave_simulation.cpp.o
Compiling .pio/build/k1_ap_frontend_probe/lib5ab/FastLED/fl/wave_simulation_real.cpp.o
Compiling .pio/build/k1_ap_frontend_probe/lib5ab/FastLED/fl/xmap.cpp.o
Compiling .pio/build/k1_ap_frontend_probe/lib5ab/FastLED/fl/xymap.cpp.o
Compiling .pio/build/k1_ap_frontend_probe/lib5ab/FastLED/fl/xypath.cpp.o
Compiling .pio/build/k1_ap_frontend_probe/lib5ab/FastLED/fl/xypath_impls.cpp.o
Compiling .pio/build/k1_ap_frontend_probe/lib5ab/FastLED/fl/xypath_renderer.cpp.o
Compiling .pio/build/k1_ap_frontend_probe/lib5ab/FastLED/fx/2d/blend.cpp.o
Compiling .pio/build/k1_ap_frontend_probe/lib5ab/FastLED/fx/2d/luminova.cpp.o
Compiling .pio/build/k1_ap_frontend_probe/lib5ab/FastLED/fx/2d/noisepalette.cpp.o
Compiling .pio/build/k1_ap_frontend_probe/lib5ab/FastLED/fx/2d/scale_up.cpp.o
Compiling .pio/build/k1_ap_frontend_probe/lib5ab/FastLED/fx/2d/wave.cpp.o
Compiling .pio/build/k1_ap_frontend_probe/lib5ab/FastLED/fx/detail/fx_layer.cpp.o
Compiling .pio/build/k1_ap_frontend_probe/lib5ab/FastLED/fx/frame.cpp.o
Compiling .pio/build/k1_ap_frontend_probe/lib5ab/FastLED/fx/fx_engine.cpp.o
Compiling .pio/build/k1_ap_frontend_probe/lib5ab/FastLED/fx/time.cpp.o
Compiling .pio/build/k1_ap_frontend_probe/lib5ab/FastLED/fx/video.cpp.o
Compiling .pio/build/k1_ap_frontend_probe/lib5ab/FastLED/fx/video/frame_interpolator.cpp.o
Compiling .pio/build/k1_ap_frontend_probe/lib5ab/FastLED/fx/video/frame_tracker.cpp.o
Compiling .pio/build/k1_ap_frontend_probe/lib5ab/FastLED/fx/video/pixel_stream.cpp.o
Compiling .pio/build/k1_ap_frontend_probe/lib5ab/FastLED/fx/video/video_impl.cpp.o
Compiling .pio/build/k1_ap_frontend_probe/lib5ab/FastLED/hsv2rgb.cpp.o
Compiling .pio/build/k1_ap_frontend_probe/lib5ab/FastLED/lib8tion.cpp.o
Compiling .pio/build/k1_ap_frontend_probe/lib5ab/FastLED/noise.cpp.o
Compiling .pio/build/k1_ap_frontend_probe/lib5ab/FastLED/platforms.cpp.o
Compiling .pio/build/k1_ap_frontend_probe/lib5ab/FastLED/platforms/adafruit/clockless.cpp.o
Compiling .pio/build/k1_ap_frontend_probe/lib5ab/FastLED/platforms/arm/k20/clockless_objectfled.cpp.o
Compiling .pio/build/k1_ap_frontend_probe/lib5ab/FastLED/platforms/arm/mgm240/fastpin_arm_mgm240.cpp.o
Compiling .pio/build/k1_ap_frontend_probe/lib5ab/FastLED/platforms/compile_test.cpp.o
Compiling .pio/build/k1_ap_frontend_probe/lib5ab/FastLED/platforms/esp/32/audio/audio.cpp.o
Compiling .pio/build/k1_ap_frontend_probe/lib5ab/FastLED/platforms/esp/32/audio/sound_util.cpp.o
Compiling .pio/build/k1_ap_frontend_probe/lib5ab/FastLED/platforms/esp/32/clockless_i2s_esp32s3.cpp.o
Compiling .pio/build/k1_ap_frontend_probe/lib5ab/FastLED/platforms/esp/32/i2s/i2s_esp32dev.cpp.o
Compiling .pio/build/k1_ap_frontend_probe/lib5ab/FastLED/platforms/esp/32/rmt_4/idf4_rmt.cpp.o
Compiling .pio/build/k1_ap_frontend_probe/lib5ab/FastLED/platforms/esp/32/rmt_4/idf4_rmt_impl.cpp.o
Compiling .pio/build/k1_ap_frontend_probe/lib5ab/FastLED/platforms/esp/32/rmt_5/idf5_rmt.cpp.o
Compiling .pio/build/k1_ap_frontend_probe/lib5ab/FastLED/platforms/esp/32/rmt_5/strip_rmt.cpp.o
Compiling .pio/build/k1_ap_frontend_probe/lib5ab/FastLED/platforms/esp/32/spi_ws2812/strip_spi.cpp.o
Compiling .pio/build/k1_ap_frontend_probe/lib5ab/FastLED/platforms/stub/Arduino.cpp.o
Compiling .pio/build/k1_ap_frontend_probe/lib5ab/FastLED/platforms/stub/led_sysdefs_stub.cpp.o
Compiling .pio/build/k1_ap_frontend_probe/lib5ab/FastLED/platforms/stub/time_stub.cpp.o
Compiling .pio/build/k1_ap_frontend_probe/lib5ab/FastLED/platforms/wasm/active_strip_data.cpp.o
Compiling .pio/build/k1_ap_frontend_probe/lib5ab/FastLED/platforms/wasm/engine_listener.cpp.o
Compiling .pio/build/k1_ap_frontend_probe/lib5ab/FastLED/platforms/wasm/entry_point.cpp.o
Compiling .pio/build/k1_ap_frontend_probe/lib5ab/FastLED/platforms/wasm/fastspi_wasm.cpp.o
Compiling .pio/build/k1_ap_frontend_probe/lib5ab/FastLED/platforms/wasm/fs_wasm.cpp.o
Compiling .pio/build/k1_ap_frontend_probe/lib5ab/FastLED/platforms/wasm/js.cpp.o
Compiling .pio/build/k1_ap_frontend_probe/lib5ab/FastLED/platforms/wasm/js_bindings.cpp.o
Compiling .pio/build/k1_ap_frontend_probe/lib5ab/FastLED/platforms/wasm/js_fetch.cpp.o
Compiling .pio/build/k1_ap_frontend_probe/lib5ab/FastLED/platforms/wasm/timer.cpp.o
Compiling .pio/build/k1_ap_frontend_probe/lib5ab/FastLED/platforms/wasm/ui.cpp.o
Compiling .pio/build/k1_ap_frontend_probe/lib5ab/FastLED/power_mgt.cpp.o
Compiling .pio/build/k1_ap_frontend_probe/lib5ab/FastLED/sensors/button.cpp.o
Compiling .pio/build/k1_ap_frontend_probe/lib5ab/FastLED/sensors/digital_pin.cpp.o
Compiling .pio/build/k1_ap_frontend_probe/lib5ab/FastLED/sensors/pir.cpp.o
Compiling .pio/build/k1_ap_frontend_probe/lib5ab/FastLED/simplex.cpp.o
Compiling .pio/build/k1_ap_frontend_probe/lib5ab/FastLED/third_party/cq_kernel/cq_kernel.cpp.o
Compiling .pio/build/k1_ap_frontend_probe/lib5ab/FastLED/third_party/cq_kernel/kiss_fft.cpp.o
Compiling .pio/build/k1_ap_frontend_probe/lib5ab/FastLED/third_party/cq_kernel/kiss_fftr.cpp.o
Compiling .pio/build/k1_ap_frontend_probe/lib5ab/FastLED/third_party/espressif/led_strip/src/led_strip_api.c.o
Compiling .pio/build/k1_ap_frontend_probe/lib5ab/FastLED/third_party/espressif/led_strip/src/led_strip_rmt_dev.c.o
Compiling .pio/build/k1_ap_frontend_probe/lib5ab/FastLED/third_party/espressif/led_strip/src/led_strip_rmt_encoder.c.o
Compiling .pio/build/k1_ap_frontend_probe/lib5ab/FastLED/third_party/espressif/led_strip/src/led_strip_spi_dev.c.o
Compiling .pio/build/k1_ap_frontend_probe/lib5ab/FastLED/third_party/object_fled/src/OjectFLED.cpp.o
Compiling .pio/build/k1_ap_frontend_probe/lib5ab/FastLED/transpose8x1_noinline.cpp.o
Compiling .pio/build/k1_ap_frontend_probe/lib5ab/FastLED/wiring.cpp.o
Compiling .pio/build/k1_ap_frontend_probe/lib6b4/Wire/Wire.cpp.o
Compiling .pio/build/k1_ap_frontend_probe/lib823/M5ROTATE8/m5rotate8.cpp.o
Compiling .pio/build/k1_ap_frontend_probe/lib69c/LittleFS/LittleFS.cpp.o
Compiling .pio/build/k1_ap_frontend_probe/libe38/Ticker/Ticker.cpp.o
Compiling .pio/build/k1_ap_frontend_probe/FrameworkArduino/ColorFormat.c.o
Compiling .pio/build/k1_ap_frontend_probe/FrameworkArduino/Esp.cpp.o
Compiling .pio/build/k1_ap_frontend_probe/FrameworkArduino/FirmwareMSC.cpp.o
Compiling .pio/build/k1_ap_frontend_probe/FrameworkArduino/FunctionalInterrupt.cpp.o
Compiling .pio/build/k1_ap_frontend_probe/FrameworkArduino/HEXBuilder.cpp.o
Compiling .pio/build/k1_ap_frontend_probe/FrameworkArduino/HWCDC.cpp.o
Compiling .pio/build/k1_ap_frontend_probe/FrameworkArduino/HardwareSerial.cpp.o
Compiling .pio/build/k1_ap_frontend_probe/FrameworkArduino/IPAddress.cpp.o
Compiling .pio/build/k1_ap_frontend_probe/FrameworkArduino/MD5Builder.cpp.o
Compiling .pio/build/k1_ap_frontend_probe/FrameworkArduino/MacAddress.cpp.o
Compiling .pio/build/k1_ap_frontend_probe/FrameworkArduino/Print.cpp.o
Compiling .pio/build/k1_ap_frontend_probe/FrameworkArduino/SHA1Builder.cpp.o
Compiling .pio/build/k1_ap_frontend_probe/FrameworkArduino/Stream.cpp.o
Compiling .pio/build/k1_ap_frontend_probe/FrameworkArduino/StreamString.cpp.o
Compiling .pio/build/k1_ap_frontend_probe/FrameworkArduino/Tone.cpp.o
Compiling .pio/build/k1_ap_frontend_probe/FrameworkArduino/USB.cpp.o
Compiling .pio/build/k1_ap_frontend_probe/FrameworkArduino/USBCDC.cpp.o
Compiling .pio/build/k1_ap_frontend_probe/FrameworkArduino/USBMSC.cpp.o
Compiling .pio/build/k1_ap_frontend_probe/FrameworkArduino/WMath.cpp.o
Compiling .pio/build/k1_ap_frontend_probe/FrameworkArduino/WString.cpp.o
Compiling .pio/build/k1_ap_frontend_probe/FrameworkArduino/base64.cpp.o
Compiling .pio/build/k1_ap_frontend_probe/FrameworkArduino/cbuf.cpp.o
Compiling .pio/build/k1_ap_frontend_probe/FrameworkArduino/chip-debug-report.cpp.o
Compiling .pio/build/k1_ap_frontend_probe/FrameworkArduino/esp32-hal-adc.c.o
Compiling .pio/build/k1_ap_frontend_probe/FrameworkArduino/esp32-hal-bt.c.o
Compiling .pio/build/k1_ap_frontend_probe/FrameworkArduino/esp32-hal-cpu.c.o
Compiling .pio/build/k1_ap_frontend_probe/FrameworkArduino/esp32-hal-dac.c.o
Compiling .pio/build/k1_ap_frontend_probe/FrameworkArduino/esp32-hal-gpio.c.o
Compiling .pio/build/k1_ap_frontend_probe/FrameworkArduino/esp32-hal-i2c-ng.c.o
Compiling .pio/build/k1_ap_frontend_probe/FrameworkArduino/esp32-hal-i2c-slave.c.o
Compiling .pio/build/k1_ap_frontend_probe/FrameworkArduino/esp32-hal-i2c.c.o
Compiling .pio/build/k1_ap_frontend_probe/FrameworkArduino/esp32-hal-ledc.c.o
Compiling .pio/build/k1_ap_frontend_probe/FrameworkArduino/esp32-hal-matrix.c.o
Compiling .pio/build/k1_ap_frontend_probe/FrameworkArduino/esp32-hal-misc.c.o
Compiling .pio/build/k1_ap_frontend_probe/FrameworkArduino/esp32-hal-periman.c.o
Compiling .pio/build/k1_ap_frontend_probe/FrameworkArduino/esp32-hal-psram.c.o
Compiling .pio/build/k1_ap_frontend_probe/FrameworkArduino/esp32-hal-rgb-led.c.o
Compiling .pio/build/k1_ap_frontend_probe/FrameworkArduino/esp32-hal-rmt.c.o
Compiling .pio/build/k1_ap_frontend_probe/FrameworkArduino/esp32-hal-sigmadelta.c.o
Compiling .pio/build/k1_ap_frontend_probe/FrameworkArduino/esp32-hal-spi.c.o
Compiling .pio/build/k1_ap_frontend_probe/FrameworkArduino/esp32-hal-time.c.o
Compiling .pio/build/k1_ap_frontend_probe/FrameworkArduino/esp32-hal-timer.c.o
Compiling .pio/build/k1_ap_frontend_probe/FrameworkArduino/esp32-hal-tinyusb.c.o
Compiling .pio/build/k1_ap_frontend_probe/FrameworkArduino/esp32-hal-touch-ng.c.o
Compiling .pio/build/k1_ap_frontend_probe/FrameworkArduino/esp32-hal-touch.c.o
Compiling .pio/build/k1_ap_frontend_probe/FrameworkArduino/esp32-hal-uart.c.o
Compiling .pio/build/k1_ap_frontend_probe/FrameworkArduino/firmware_msc_fat.c.o
Compiling .pio/build/k1_ap_frontend_probe/FrameworkArduino/freertos_stats.cpp.o
Compiling .pio/build/k1_ap_frontend_probe/FrameworkArduino/libb64/cdecode.c.o
Compiling .pio/build/k1_ap_frontend_probe/FrameworkArduino/libb64/cencode.c.o
Compiling .pio/build/k1_ap_frontend_probe/FrameworkArduino/main.cpp.o
Compiling .pio/build/k1_ap_frontend_probe/FrameworkArduino/stdlib_noniso.c.o
Compiling .pio/build/k1_ap_frontend_probe/FrameworkArduino/wiring_pulse.c.o
Compiling .pio/build/k1_ap_frontend_probe/FrameworkArduino/wiring_shift.c.o
Archiving .pio/build/k1_ap_frontend_probe/libFrameworkArduino.a
Indexing .pio/build/k1_ap_frontend_probe/libFrameworkArduino.a
Linking .pio/build/k1_ap_frontend_probe/firmware.elf
Retrieving maximum program size .pio/build/k1_ap_frontend_probe/firmware.elf
Checking size .pio/build/k1_ap_frontend_probe/firmware.elf
Advanced Memory Usage is available via "PlatformIO Home > Project Inspect"
RAM:   [========  ]  83.9% (used 274856 bytes from 327680 bytes)
Flash: [=         ]  11.3% (used 742134 bytes from 6553600 bytes)
Building .pio/build/k1_ap_frontend_probe/firmware.bin
esptool.py v4.8.9
Creating esp32s3 image...
Merged 2 ELF sections
Successfully created esp32s3 image.
Configuring upload protocol...
AVAILABLE: cmsis-dap, esp-bridge, esp-builtin, esp-prog, espota, esptool, iot-bus-jtag, jlink, minimodule, olimex-arm-usb-ocd, olimex-arm-usb-ocd-h, olimex-arm-usb-tiny-h, olimex-jtag-tiny, tumpa
CURRENT: upload_protocol = esptool
_guard_upload_action(["upload"], [".pio/build/k1_ap_frontend_probe/firmware.bin"])
[k1-upload-guard] k1_ap_frontend_probe: /dev/tty.usbmodem12401 verified as main K1 (B4:3A:45:A5:87:F8, chip F887A500, default K1 hardware GPIO assignment)
Looking for upload port...
Using manually specified: /dev/tty.usbmodem12401
Uploading .pio/build/k1_ap_frontend_probe/firmware.bin
esptool.py v4.8.9
Serial port /dev/tty.usbmodem12401
Connecting.....
Chip is ESP32-S3 (QFN56) (revision v0.2)
Features: WiFi, BLE, Embedded PSRAM 8MB (AP_3v3)
Crystal is 40MHz
USB mode: USB-Serial/JTAG
MAC: b4:3a:45:a5:87:f8
Uploading stub...
Running stub...
Stub running...
Changing baud rate to 921600
Changed.
Configuring flash size...
Auto-detected Flash size: 16MB
Flash will be erased from 0x00000000 to 0x00004fff...
Flash will be erased from 0x00008000 to 0x00008fff...
Flash will be erased from 0x0000e000 to 0x0000ffff...
Flash will be erased from 0x00010000 to 0x000c5fff...
SHA digest in image updated
Compressed 20208 bytes to 13058...
Writing at 0x00000000... (100 %)
Wrote 20208 bytes (13058 compressed) at 0x00000000 in 0.5 seconds (effective 321.3 kbit/s)...
Hash of data verified.
Compressed 3072 bytes to 146...
Writing at 0x00008000... (100 %)
Wrote 3072 bytes (146 compressed) at 0x00008000 in 0.1 seconds (effective 296.7 kbit/s)...
Hash of data verified.
Compressed 8192 bytes to 47...
Writing at 0x0000e000... (100 %)
Wrote 8192 bytes (47 compressed) at 0x0000e000 in 0.1 seconds (effective 474.1 kbit/s)...
Hash of data verified.
Compressed 742528 bytes to 416739...
Writing at 0x00010000... (3 %)
Writing at 0x0001b7b3... (7 %)
Writing at 0x000284d8... (11 %)
Writing at 0x000344b9... (15 %)
Writing at 0x00043d55... (19 %)
Writing at 0x00049687... (23 %)
Writing at 0x0004f662... (26 %)
Writing at 0x000558b2... (30 %)
Writing at 0x0005b264... (34 %)
Writing at 0x00060ba1... (38 %)
Writing at 0x00066dd8... (42 %)
Writing at 0x0006d019... (46 %)
Writing at 0x00072c70... (50 %)
Writing at 0x00078c45... (53 %)
Writing at 0x0007e25c... (57 %)
Writing at 0x0008391d... (61 %)
Writing at 0x000895d9... (65 %)
Writing at 0x0008edf2... (69 %)
Writing at 0x000941a9... (73 %)
Writing at 0x00099f1f... (76 %)
Writing at 0x000a0269... (80 %)
Writing at 0x000a8040... (84 %)
Writing at 0x000b0f10... (88 %)
Writing at 0x000b7105... (92 %)
Writing at 0x000bc9f1... (96 %)
Writing at 0x000c293e... (100 %)
Wrote 742528 bytes (416739 compressed) at 0x00010000 in 5.9 seconds (effective 1003.3 kbit/s)...
Hash of data verified.
Hard resetting via RTS pin...
========================= [SUCCESS] Took 33.76 seconds =========================

Environment           Status    Duration
--------------------  --------  ------------
k1_ap_frontend_probe  SUCCESS   00:00:33.755
========================= 1 succeeded in 00:00:33.755 =========================
