gain=0.312 agc_env=0.000 clip_pct=0.000 near_pct=0.000 peak_pin=0.120 spec_pin=0.000 spec_sat=0.000 mode=2
[AP] SSL=215 DC=-4545 max_raw=799 follower=1142 peak_scaled=0.499 response_gain=1.000 silent_scale=1.000 silence=0 cal_source=config cal_valid=1 cal_reason=none | bpm=113.0 conf=0.00 lock=0 phase=0.18 beat=0 bstr=0.29 | onset=0 bass=0 ostr=0.00 | k1_loud=1 input_trim=1.000 gdft_trim=0.871 agc_gain=0.289 agc_env=0.000 clip_pct=0.000 near_pct=0.000 peak_pin=0.193 spec_pin=0.000 spec_sat=0.000 mode=2
[AP] SSL=215 DC=-4545 max_raw=653 follower=1003 peak_scaled=0.745 response_gain=1.000 silent_scale=1.000 silence=0 cal_source=config cal_valid=1 cal_reason=none | bpm=113.0 conf=0.00 lock=0 phase=0.05 beat=0 bstr=0.41 | onset=0 bass=0 ostr=0.00 | k1_loud=1 input_trim=1.000 gdft_trim=0.897 agc_gain=0.323 agc_env=0.000 clip_pct=0.000 near_pct=0.000 peak_pin=0.147 spec_pin=0.000 spec_sat=0.000 mode=2
[AP] SSL=215 DC=-4545 max_raw=970 follower=1045 peak_scaled=0.722 response_gain=1.000 silent_scale=1.000 silence=0 cal_source=config cal_valid=1 cal_reason=none | bpm=113.0 conf=0.00 lock=0 phase=0.95 beat=0 bstr=0.73 | onset=1 bass=0 ostr=0.00 | k1_loud=1 input_trim=1.000 gdft_trim=0.855 agc_gain=0.269 agc_env=0.000 clip_pct=0.000 near_pct=0.000 peak_pin=0.223 spec_pin=0.000 spec_sat=0.000 mode=2
 | k1_loud=1 input_trim=1.000 gdft_trim=0.858 agc_gain=0.252 agc_env=0.000 clip_pct=0.000 near_pct=0.000 peak_pin=0.111 spec_pin=0.000 spec_sat=0.000 mode=2
[AP] SSL=215 DC=-4545 max_raw=382 follower=834 peak_scaled=0.509 response_gain=1.000 silent_scale=1.000 silence=0 cal_source=config cal_valid=1 cal_reason=none | bpm=113.0 conf=0.00 lock=0 phase=0.73 beat=0 bstr=0.55 | onset=1 bass=0 ostr=0.00 | k1_loud=1 input_trim=1.000 gdft_trim=0.959 agc_gain=0.229 agc_env=0.000 clip_pct=0.000 near_pct=0.000 peak_pin=0.044 spec_pin=0.000 spec_sat=0.000 mode=2
[AP] SSL=215 DC=-4545 max_raw=689 follower=681 peak_scaled=0.637 response_gain=1.000 silent_scale=1.000 silence=0 cal_source=config cal_valid=1 cal_reason=none | bpm=113.0 conf=0.00 lock=0 phase=0.63 beat=0 bstr=0.33 | onset=0 bass=0 ostr=0.00 | k1_loud=1 input_trim=1.000 gdft_trim=0.988 agc_gain=0.258 agc_env=0.000 clip_pct=0.000 near_pct=0.000 peak_pin=0.023 spec_pin=0.000 spec_sat=0.000 mode=2
[AP] SSL=215 DC=-4545 max_raw=576 follower=626 peak_scaled=0.686 response_gain=1.000 silent_scale=1.000 silence=0 cal_source=config cal_valid=1 cal_reason=none | bpm=113.0 conf=0.00 lock=0 phase=0.54 beat=0 bstr=0.16 | onset=0 bass=1 ostr=0.03 | k1_loud=1 input_trim=1.000 gdft_trim=0.990 agc_gain=0.329 agc_env=0.000 clip_pct=0.000 near_pct=0.000 peak_pin=0.037 spec_pin=0.000 spec_sat=0.000 mode=2
[AP] SSL=215 DC=-4545 max_raw=576 follower=640 peak_scaled=0.836 response_gain=1.000 silent_scale=1.000 silence=0 cal_source=config cal_valid=1 cal_reason=none | bpm=113.0 conf=0.00 lock=0 phase=0.41 beat=0 bstr=0.08 | onset=1 bass=0 ostr=0.00 | k1_loud=1 input_trim=1.000 gdft_trim=0.970 agc_gain=0.323 agc_env=0.000 clip_pct=0.000 near_pct=0.000 peak_pin=0.112 spec_pin=0.000 spec_sat=0.000 mode=2
[AP] SSL=215 DC=-4545 max_raw=718 follower=9915 peak_scaled=0.194 response_gain=1.000 silent_scale=1.000 silence=0 cal_source=config cal_valid=1 cal_reason=none | bpm=113.0 conf=0.25 lock=0 phase=0.31 beat=0 bstr=0.06 | onset=0 bass=0 ostr=0.00 | k1_loud=1 input_trim=1.000 gdft_trim=0.756 agc_gain=0.272 agc_env=0.000 clip_pct=0.000 near_pct=0.000 peak_pin=0.373 spec_pin=0.000 spec_sat=0.000 mode=2
[AP] SSL=215 DC=-4545 max_raw=492 follower=5519 peak_scaled=0.085 response_gain=1.000 silent_scale=1.000 silence=0 cal_source=config cal_valid=1 cal_reason=none | bpm=107.0 conf=0.26 lock=0 phase=0.19 beat=0 bstr=0.02 | onset=0 bass=0 ostr=0.00 | k1_loud=1 input_trim=1.000 gdft_trim=0.870 agc_gain=0.335 agc_env=0.000 clip_pct=0.000 near_pct=0.000 peak_pin=0.060 spec_pin=0.000 spec_sat=0.000 mode=2
[AP] SSL=215 DC=-4545 max_raw=905 follower=3812 peak_scaled=0.173 response_gain=1.000 silent_scale=1.000 silence=0 cal_source=config cal_valid=1 cal_reason=none | bpm=82.0 conf=0.24 lock=0 phase=0.75 beat=0 bstr=0.27 | onset=0 bass=0 ostr=0.00 | k1_loud=1 input_trim=1.000 gdft_trim=0.963 agc_gain=0.403 agc_env=0.000 clip_pct=0.000 near_pct=0.000 peak_pin=0.014 spec_pin=0.000 spec_sat=0.000 mode=2
[AP] SSL=215 DC=-4545 max_raw=850 follower=2170 peak_scaled=0.280 response_gain=1.000 silent_scale=1.000 silence=0 cal_source=config cal_valid=1 cal_reason=none | bpm=97.0 conf=0.23 lock=0 phase=0.36 beat=0 bstr=0.03 | onset=0 bass=0 ostr=0.00 | k1_loud=1 input_trim=1.000 gdft_trim=0.990 agc_gain=0.180 agc_env=0.000 clip_pct=0.000 near_pct=0.000 peak_pin=0.002 spec_pin=0.000 spec_sat=0.000 mode=2
sberr[[
Bad command: stop_streams
]]
sbr{{
BUILD: version=40103 git=6be1240 epoch=1783933099 env=k1_hardware
}}
[AP] SSL=215 DC=-4545 max_raw=444 follower=1293 peak_scaled=0.388 response_gain=1.000 silent_scale=1.000 silence=0 cal_source=config cal_valid=1 cal_reason=none | bpm=97.0 conf=0.14 lock=0 phase=1.00 beat=0 bstr=0.06 | onset=1 bass=0 ostr=0.00 | k1_loud=1 input_trim=1.000 gdft_trim=0.997 agc_gain=0.344 agc_env=0.000 clip_pct=0.000 near_pct=0.000 peak_pin=0.000 spec_pin=0.000 spec_sat=0.000 mode=2
[AP] SSL=215 DC=-4545 max_raw=631 follower=853 peak_scaled=0.679 response_gain=1.000 silent_scale=1.000 silence=0 cal_source=config cal_valid=1 cal_reason=none | bpm=97.0 conf=0.12 lock=0 phase=0.60 beat=0 bstr=0.09 | onset=0 bass=0 ostr=0.00 | k1_loud=1 input_trim=1.000 gdft_trim=0.999 agc_gain=0.324 agc_env=0.000 clip_pct=0.000 near_pct=0.000 peak_pin=0.000 spec_pin=0.000 spec_sat=0.000 mode=2
[AP] SSL=215 DC=-4545 max_raw=598 follower=700 peak_scaled=0.627 response_gain=1.000 silent_scale=1.000 silence=0 cal_source=config cal_valid=1 cal_reason=none | bpm=97.0 conf=0.11 lock=0 phase=0.23 beat=0 bstr=0.04 | onset=0 bass=0 ostr=0.00 | k1_loud=1 input_trim=1.000 gdft_trim=1.000 agc_gain=0.404 agc_env=0.000 clip_pct=0.000 near_pct=0.000 peak_pin=0.019 spec_pin=0.000 spec_sat=0.000 mode=2
[AP] SSL=215 DC=-4545 max_raw=552 follower=765 peak_scaled=0.639 response_gain=1.000 silent_scale=1.000 silence=0 cal_source=config cal_valid=1 cal_reason=none | bpm=97.0 conf=0.09 lock=0 phase=0.87 beat=0 bstr=0.03 | onset=0 bass=0 ostr=0.00 | k1_loud=1 input_trim=1.000 gdft_trim=0.993 agc_gain=0.469 agc_env=0.000 clip_pct=0.000 near_pct=0.000 peak_pin=0.068 spec_pin=0.000 spec_sat=0.000 mode=2
[AP] SSL=215 DC=-4545 max_raw=622 follower=621 peak_scaled=0.711 response_gain=1.000 silent_scale=1.000 silence=0 cal_source=config cal_valid=1 cal_reason=none | bpm=97.0 conf=0.09 lock=0 phase=0.47 beat=0 bstr=0.13 | onset=0 bass=0 ostr=0.00 | k1_loud=1 input_trim=1.000 gdft_trim=0.998 agc_gain=0.467 agc_env=0.000 clip_pct=0.000 near_pct=0.000 peak_pin=0.039 spec_pin=0.000 spec_sat=0.000 mode=2
[AP] SSL=215 DC=-4545 max_raw=636 follower=718 peak_scaled=0.637 response_gain=1.000 silent_scale=1.000 silence=0 cal_source=config cal_valid=1 cal_reason=none | bpm=97.0 conf=0.04 lock=0 phase=0.11 beat=0 bstr=0.30 | onset=0 bass=0 ostr=0.00 | k1_loud=1 input_trim=1.000 gdft_trim=0.999 agc_gain=0.472 agc_env=0.000 clip_pct=0.000 near_pct=0.000 peak_pin=0.090 spec_pin=0.000 spec_sat=0.000 mode=2
